histdata EURUSD 2022-01: ok 1405943
histdata EURUSD 2022-02: ok 1738863
histdata EURUSD 2022-03: ok 2703982
histdata EURUSD 2022-04: ok 2072552
histdata EURUSD 2022-05: ok 2644082
histdata EURUSD 2022-06: ok 2535438
histdata EURUSD 2022-07: ok 2993113
histdata EURUSD 2022-08: ok 3539349
histdata EURUSD 2022-09: ok 4494304
histdata EURUSD 2022-10: ok 4890316
histdata EURUSD 2022-11: ok 4438606
histdata EURUSD 2022-12: ok 3493032
histdata EURUSD 2023-01: ok 2977382
histdata EURUSD 2023-02: ok 2401122
histdata EURUSD 2023-04: ok 1303430
histdata EURUSD 2023-03: ok 2269166
histdata EURUSD 2023-05: ok 1566300
histdata EURUSD 2023-06: ok 1413820
histdata EURUSD 2023-07: ok 1535263
histdata EURUSD 2023-08: ok 2237719
histdata EURUSD 2023-09: ok 1721099
histdata EURUSD 2023-10: ok 2212747
histdata EURUSD 2023-11: ok 1940836
histdata EURUSD 2023-12: ok 2102540
histdata EURUSD 2024-03: cached
histdata EURUSD 2024-01: ok 2176113
histdata EURUSD 2024-02: ok 1702058
histdata EURUSD 2024-04: ok 1560509
histdata EURUSD 2024-05: ok 1240628
histdata EURUSD 2024-06: ok 1344506
histdata EURUSD 2024-07: ok 1463751
histdata EURUSD 2024-08: ok 1840228
histdata EURUSD 2024-09: ok 1805004
histdata EURUSD 2024-10: ok 1772075
histdata EURUSD 2024-12: ok 1979900
histdata EURUSD 2024-11: ok 2312773
histdata EURUSD 2025-01: ok 2283239
histdata EURUSD 2025-02: ok 2053257
histdata EURUSD 2025-03: ok 2353340
histdata EURUSD 2025-04: ok 3916978
histdata EURUSD 2025-06: ok 2044343
histdata EURUSD 2025-05: ok 2412228
histdata EURUSD 2025-07: ok 1555775
histdata EURUSD 2025-08: ok 1338471
histdata EURUSD 2025-09: ok 1493622
histdata EURUSD 2025-11: ok 1242212
histdata EURUSD 2025-10: ok 1483175
histdata EURUSD 2025-12: ok 1283104
histdata EURUSD 2026-02: ok 1330124
histdata EURUSD 2026-01: ok 1506296
histdata EURUSD 2026-03: ok 2639808
histdata EURUSD 2026-05: ok 1443885
histdata EURUSD 2026-04: ok 1913533
histdata EURUSD 2026-06: ok 1420993
histdata EURUSD 2026-07: ok 1380788
histdata EURUSD 2026-08: ok 1052845
histdata USDJPY 2022-01: ok 1471188
histdata USDJPY 2022-02: ok 1643783
histdata USDJPY 2022-03: ok 2176050
histdata USDJPY 2022-04: ok 2670711
histdata USDJPY 2022-05: ok 2998335
histdata USDJPY 2022-06: ok 3382448
histdata USDJPY 2022-07: ok 3112941
histdata USDJPY 2022-08: ok 3523268
histdata USDJPY 2022-09: ok 4667504
histdata USDJPY 2022-10: ok 4256317
histdata USDJPY 2022-11: ok 5087406
histdata USDJPY 2022-12: ok 4599123
histdata USDJPY 2023-01: ok 4708874
histdata USDJPY 2023-02: ok 3699387
histdata USDJPY 2023-03: ok 3929823
histdata USDJPY 2023-04: ok 2593062
histdata USDJPY 2023-05: ok 2900534
histdata USDJPY 2023-06: ok 2359994
histdata USDJPY 2023-07: ok 2508474
histdata USDJPY 2023-09: ok 2540598
histdata USDJPY 2023-10: ok 2463383
histdata USDJPY 2023-08: ok 3486327
histdata USDJPY 2023-11: ok 2492773
histdata USDJPY 2024-01: ok 3758424
histdata USDJPY 2023-12: ok 3807556
histdata USDJPY 2024-02: ok 3129182
histdata USDJPY 2024-04: ok 2371006
histdata USDJPY 2024-03: ok 2721622
histdata USDJPY 2024-05: ok 2199453
histdata USDJPY 2024-06: ok 2232517
histdata USDJPY 2024-07: ok 3457023
histdata USDJPY 2024-08: ok 4990001
histdata USDJPY 2024-10: ok 3511977
histdata USDJPY 2024-09: ok 4580404
histdata USDJPY 2024-11: ok 4379881
histdata USDJPY 2024-12: ok 3519331
histdata USDJPY 2025-01: ok 3467097
histdata USDJPY 2025-02: ok 3260155
histdata USDJPY 2025-03: ok 3915365
histdata USDJPY 2025-04: ok 5539888
histdata USDJPY 2025-05: ok 3132356
histdata USDJPY 2025-06: ok 2433957
histdata USDJPY 2025-07: ok 2171870
histdata USDJPY 2025-08: ok 1801595
histdata USDJPY 2025-09: ok 2032079
histdata USDJPY 2025-11: ok 2025470
histdata USDJPY 2025-10: ok 2373554
histdata USDJPY 2025-12: ok 1891720
histdata USDJPY 2026-01: ok 2201188
histdata USDJPY 2026-02: ok 1994068
histdata USDJPY 2026-05: ok 1509937
histdata USDJPY 2026-04: ok 1963455
histdata USDJPY 2026-03: ok 2711717
histdata USDJPY 2026-06: ok 1335286
histdata USDJPY 2026-07: ok 2155282
histdata USDJPY 2026-08: ok 2079298
histdata XAUUSD 2022-01: ok 4071079
histdata XAUUSD 2022-02: ok 4944462
histdata XAUUSD 2022-03: ok 6141461
histdata XAUUSD 2022-04: ok 4674912
histdata XAUUSD 2022-05: ok 4648847
histdata XAUUSD 2022-06: ok 4145722
histdata XAUUSD 2022-07: ok 4398649
histdata XAUUSD 2022-08: ok 4284107
histdata XAUUSD 2022-10: ok 4520484
histdata XAUUSD 2022-11: ok 3655014
histdata XAUUSD 2022-09: ok 5006241
histdata XAUUSD 2022-12: ok 3359348
histdata XAUUSD 2023-02: ok 2907855
histdata XAUUSD 2023-01: ok 3609301
histdata XAUUSD 2023-04: ok 2067972
histdata XAUUSD 2023-03: ok 2956910
histdata XAUUSD 2023-05: ok 2667169
histdata XAUUSD 2023-06: ok 2110542
histdata XAUUSD 2023-07: ok 1955173
histdata XAUUSD 2023-08: ok 2370472
histdata XAUUSD 2023-09: ok 1880797
histdata XAUUSD 2023-10: ok 2861448
histdata XAUUSD 2023-11: ok 2493176
histdata XAUUSD 2023-12: ok 2748304
histdata XAUUSD 2024-02: ok 2114915
histdata XAUUSD 2024-01: ok 3062220
histdata XAUUSD 2024-03: ok 2749880
histdata XAUUSD 2024-04: ok 5235623
histdata XAUUSD 2024-05: ok 5040823
histdata XAUUSD 2024-06: ok 4666550
histdata XAUUSD 2024-07: ok 5682739
histdata XAUUSD 2024-08: ok 5929004
histdata XAUUSD 2024-09: ok 5141002
histdata XAUUSD 2024-10: ok 5595679
histdata XAUUSD 2024-12: ok 5090073
histdata XAUUSD 2024-11: ok 5892375
histdata XAUUSD 2025-01: ok 5798226
histdata XAUUSD 2025-02: ok 5815784
histdata XAUUSD 2025-03: ok 5435239
histdata XAUUSD 2025-04: ok 6158030
histdata XAUUSD 2025-06: ok 4777986
histdata XAUUSD 2025-05: ok 5285296
histdata XAUUSD 2025-07: ok 4194911
histdata XAUUSD 2025-08: ok 4370645
histdata XAUUSD 2025-09: ok 5797064
histdata XAUUSD 2025-11: ok 6633800
histdata XAUUSD 2025-10: ok 9259985
histdata XAUUSD 2025-12: ok 7784838
histdata XAUUSD 2026-02: ok 7538339
histdata XAUUSD 2026-01: ok 9135062
histdata XAUUSD 2026-03: ok 9471352
histdata XAUUSD 2026-04: ok 7440738
histdata XAUUSD 2026-05: ok 8350260
histdata XAUUSD 2026-06: ok 8214093
histdata XAUUSD 2026-08: ok 5213048
histdata XAUUSD 2026-07: ok 7351807
histdata SPXUSD 2022-01: ok 3179366
histdata SPXUSD 2022-04: ok 2305688
histdata SPXUSD 2022-03: ok 3632608
histdata SPXUSD 2022-02: ok 3503609
histdata SPXUSD 2022-07: ok 2344267
histdata SPXUSD 2022-06: ok 3110043
histdata SPXUSD 2022-05: ok 3857303
histdata SPXUSD 2022-08: ok 1960853
histdata SPXUSD 2022-11: ok 1409127
histdata SPXUSD 2022-10: ok 2025091
histdata SPXUSD 2022-09: ok 2869566
histdata SPXUSD 2022-12: ok 1260326
histdata SPXUSD 2023-02: ok 944641
histdata SPXUSD 2023-01: ok 1109577
histdata SPXUSD 2023-04: ok 355873
histdata SPXUSD 2023-05: ok 452303
histdata SPXUSD 2023-03: ok 918497
histdata SPXUSD 2023-06: ok 419982
histdata SPXUSD 2023-07: ok 312287
histdata SPXUSD 2023-08: ok 856391
histdata SPXUSD 2023-09: ok 678424
histdata SPXUSD 2023-12: ok 479340
histdata SPXUSD 2023-11: ok 738094
histdata SPXUSD 2023-10: ok 1269939
histdata SPXUSD 2024-02: ok 556690
histdata SPXUSD 2024-01: ok 651943
histdata SPXUSD 2024-03: ok 643405
histdata SPXUSD 2024-05: ok 615282
histdata SPXUSD 2024-04: ok 989396
histdata SPXUSD 2024-06: ok 732585
histdata SPXUSD 2024-07: ok 1095020
histdata SPXUSD 2024-09: ok 1197536
histdata SPXUSD 2024-08: ok 1807483
histdata SPXUSD 2024-10: ok 1017585
histdata SPXUSD 2024-11: ok 1055615
histdata SPXUSD 2024-12: ok 950502
histdata SPXUSD 2025-02: ok 1241054
histdata SPXUSD 2025-01: ok 1530450
histdata SPXUSD 2025-03: ok 2412521
histdata SPXUSD 2025-05: ok 1820595
histdata SPXUSD 2025-07: ok 924842
histdata SPXUSD 2025-06: ok 1386634
histdata SPXUSD 2025-04: ok 3712154
histdata SPXUSD 2025-08: ok 1134821
histdata SPXUSD 2025-09: ok 900434
histdata SPXUSD 2025-10: ok 1252174
histdata SPXUSD 2025-12: ok 999164
histdata SPXUSD 2025-11: ok 1755651
histdata SPXUSD 2026-01: ok 1113484
histdata SPXUSD 2026-02: ok 1758378
histdata SPXUSD 2026-04: ok 1767254
histdata SPXUSD 2026-05: ok 1556010
histdata SPXUSD 2026-03: ok 3184673
histdata SPXUSD 2026-08: ok 1537094
histdata SPXUSD 2026-06: ok 3050561
histdata SPXUSD 2026-07: ok 3064593
