{"dataset": "lob_aapl", "method": "MSX-auto (ours)", "key": "MSX-auto", "ll_per_event": 3.340440991643561, "val_ll": 2.325921032911752, "seconds": 143.50626277923584, "gap": 4.891806747764349e-05, "R": 4, "l1": 0.0}
{"dataset": "lob_aapl", "method": "MSX (ours, R=2)", "key": "MSX", "ll_per_event": 3.304397184490257, "val_ll": 2.287334338492915, "seconds": 8.154274463653564, "gap": 0.00012448590132407844}
{"dataset": "lob_aapl", "method": "tick-ExpKern(MLE, best decay)", "key": "ExpKern", "ll_per_event": 1.961073172523558, "val_ll": 1.2499174485105335, "seconds": 11.687888383865356, "decay": 299.30774837324145}
{"dataset": "lob_aapl", "key": "SumExp", "error": "RuntimeError('The sum of the influence on someone cannot be negative. Maybe did you forget to add a positive constraint to your proximal operator\\n')"}
{"dataset": "lob_aapl", "method": "tick-EM(nonparam)", "key": "EM", "ll_per_event": 3.369951166968729, "val_ll": 2.430032624549897, "seconds": 8.677361726760864}
{"dataset": "lob_aapl", "method": "tick-ADM4", "key": "ADM4", "ll_per_event": 1.9610701255985405, "val_ll": 1.2499150428912391, "seconds": 8.074375629425049, "decay": 299.30774837324145}
Exception in thread Thread-3 (_worker):
Traceback (most recent call last):
  File "C:\Users\E87321\AppData\Local\Programs\Python\Python311\Lib\threading.py", line 1045, in _bootstrap_inner
Exception in thread Thread-4 (_worker):
Traceback (most recent call last):
  File "C:\Users\E87321\AppData\Local\Programs\Python\Python311\Lib\threading.py", line 1045, in _bootstrap_inner
    self.run()
  File "C:\Users\E87321\AppData\Local\Programs\Python\Python311\Lib\threading.py", line 982, in run
    self._target(*self._args, **self._kwargs)    
self.run()  File "D:\Quant\.venv\Lib\site-packages\tick\base\threadpool.py", line 26, in _worker

  File "C:\Users\E87321\AppData\Local\Programs\Python\Python311\Lib\threading.py", line 982, in run
    work['callable'](*work['args'], **work['kwargs'])
    self._target(*self._args, **self._kwargs)
  File "D:\Quant\.venv\Lib\site-packages\tick\hawkes\inference\hawkes_conditional_law.py", line 664, in _PointProcessCondLaw
  File "D:\Quant\.venv\Lib\site-packages\tick\base\threadpool.py", line 26, in _worker
    work['callable'](*work['args'], **work['kwargs'])
  File "D:\Quant\.venv\Lib\site-packages\tick\hawkes\inference\hawkes_conditional_law.py", line 663, in _PointProcessCondLaw
        claw_Y = np.zeros(len(self._lags) - 1)claw_X = np.zeros(len(self._lags) - 1)

                         ^^^^ ^^^^^^^^^^^^^^^^^^^^^^^^^^^^^^^^^^^^^^^^^^^^^^
^numpy._core._exceptions^^.^_ArrayMemoryError^^: ^Unable to allocate 4.50 GiB for an array with shape (603498978,) and data type float64^

numpy._core._exceptions._ArrayMemoryError: Unable to allocate 4.50 GiB for an array with shape (603498978,) and data type float64
