{'scenario': 'S1-exp', 'seed': 0, 'method': 'MSX-auto (ours)', 'key': 'MSX-auto', 'n_train': 75675, 'G_err': 0.1044, 'rho_err': 0.0487, 'kern_L1': 0.1445, 'seconds': 66.4679, 'dLL': 0.0004, 'cert_gap': 0.0001, 'R': 2, 'l1': 0.0}
{'scenario': 'S1-exp', 'seed': 0, 'method': 'MSX (ours)', 'key': 'MSX', 'n_train': 75675, 'G_err': 0.1044, 'rho_err': 0.0487, 'kern_L1': 0.1445, 'seconds': 3.6178, 'dLL': 0.0004, 'cert_gap': 0.0001}
{'scenario': 'S1-exp', 'seed': 0, 'method': 'MSX-R4 (ours, fixed Erlang-4)', 'key': 'MSX-R4', 'n_train': 75675, 'G_err': 0.1136, 'rho_err': 0.0529, 'kern_L1': 0.1592, 'seconds': 15.1181, 'dLL': 0.0005, 'cert_gap': 0.0002}
{'scenario': 'S1-exp', 'seed': 1, 'method': 'MSX-auto (ours)', 'key': 'MSX-auto', 'n_train': 74236, 'G_err': 0.0323, 'rho_err': 0.0009, 'kern_L1': 0.0721, 'seconds': 58.4202, 'dLL': 0.0002, 'cert_gap': 0.0002, 'R': 2, 'l1': 0.0}
{'scenario': 'S1-exp', 'seed': 1, 'method': 'MSX (ours)', 'key': 'MSX', 'n_train': 74236, 'G_err': 0.0323, 'rho_err': 0.0009, 'kern_L1': 0.0721, 'seconds': 4.0507, 'dLL': 0.0002, 'cert_gap': 0.0002}
{'scenario': 'S1-exp', 'seed': 1, 'method': 'MSX-R4 (ours, fixed Erlang-4)', 'key': 'MSX-R4', 'n_train': 74236, 'G_err': 0.0378, 'rho_err': 0.0063, 'kern_L1': 0.0949, 'seconds': 9.2084, 'dLL': 0.0001, 'cert_gap': 0.0002}
{'scenario': 'S1-exp', 'seed': 2, 'method': 'MSX-auto (ours)', 'key': 'MSX-auto', 'n_train': 74734, 'G_err': 0.0216, 'rho_err': 0.0105, 'kern_L1': 0.0516, 'seconds': 69.5797, 'dLL': 0.0002, 'cert_gap': 0.0001, 'R': 2, 'l1': 0.0}
{'scenario': 'S1-exp', 'seed': 2, 'method': 'MSX (ours)', 'key': 'MSX', 'n_train': 74734, 'G_err': 0.0216, 'rho_err': 0.0105, 'kern_L1': 0.0516, 'seconds': 2.6515, 'dLL': 0.0002, 'cert_gap': 0.0001}
{'scenario': 'S1-exp', 'seed': 2, 'method': 'MSX-R4 (ours, fixed Erlang-4)', 'key': 'MSX-R4', 'n_train': 74734, 'G_err': 0.0242, 'rho_err': 0.0116, 'kern_L1': 0.0672, 'seconds': 10.6235, 'dLL': 0.0004, 'cert_gap': 0.0002}
{'scenario': 'S1-exp', 'seed': 3, 'method': 'MSX-auto (ours)', 'key': 'MSX-auto', 'n_train': 74648, 'G_err': 0.0484, 'rho_err': 0.0174, 'kern_L1': 0.0983, 'seconds': 27.1689, 'dLL': 0.0002, 'cert_gap': 0.0003, 'R': 3, 'l1': 0.0}
{'scenario': 'S1-exp', 'seed': 3, 'method': 'MSX (ours)', 'key': 'MSX', 'n_train': 74648, 'G_err': 0.0537, 'rho_err': 0.015, 'kern_L1': 0.0971, 'seconds': 1.9751, 'dLL': 0.0002, 'cert_gap': 0.0002}
{'scenario': 'S1-exp', 'seed': 3, 'method': 'MSX-R4 (ours, fixed Erlang-4)', 'key': 'MSX-R4', 'n_train': 74648, 'G_err': 0.0435, 'rho_err': 0.0211, 'kern_L1': 0.103, 'seconds': 4.3812, 'dLL': 0.0003, 'cert_gap': 0.0002}
{'scenario': 'S1-exp', 'seed': 4, 'method': 'MSX-auto (ours)', 'key': 'MSX-auto', 'n_train': 75039, 'G_err': 0.0614, 'rho_err': 0.021, 'kern_L1': 0.1008, 'seconds': 28.9457, 'dLL': 0.0001, 'cert_gap': 0.0003, 'R': 4, 'l1': 0.0}
{'scenario': 'S1-exp', 'seed': 4, 'method': 'MSX (ours)', 'key': 'MSX', 'n_train': 75039, 'G_err': 0.0666, 'rho_err': 0.0213, 'kern_L1': 0.0927, 'seconds': 1.4101, 'dLL': 0.0001, 'cert_gap': 0.0001}
{'scenario': 'S1-exp', 'seed': 4, 'method': 'MSX-R4 (ours, fixed Erlang-4)', 'key': 'MSX-R4', 'n_train': 75039, 'G_err': 0.0614, 'rho_err': 0.021, 'kern_L1': 0.1008, 'seconds': 4.8852, 'dLL': 0.0001, 'cert_gap': 0.0003}
{'scenario': 'S2-powerlaw', 'seed': 0, 'method': 'MSX-auto (ours)', 'key': 'MSX-auto', 'n_train': 69874, 'G_err': 0.0622, 'rho_err': 0.0295, 'kern_L1': 0.0817, 'seconds': 28.157, 'dLL': 0.0002, 'cert_gap': 0.0003, 'R': 1, 'l1': 0.0}
{'scenario': 'S2-powerlaw', 'seed': 0, 'method': 'MSX (ours)', 'key': 'MSX', 'n_train': 69874, 'G_err': 0.0673, 'rho_err': 0.0302, 'kern_L1': 0.099, 'seconds': 2.4357, 'dLL': 0.0003, 'cert_gap': 0.0001}
{'scenario': 'S2-powerlaw', 'seed': 0, 'method': 'MSX-R4 (ours, fixed Erlang-4)', 'key': 'MSX-R4', 'n_train': 69874, 'G_err': 0.0666, 'rho_err': 0.0263, 'kern_L1': 0.1077, 'seconds': 6.0148, 'dLL': 0.0004, 'cert_gap': 0.0002}
{'scenario': 'S2-powerlaw', 'seed': 1, 'method': 'MSX-auto (ours)', 'key': 'MSX-auto', 'n_train': 68474, 'G_err': 0.1005, 'rho_err': 0.0751, 'kern_L1': 0.1099, 'seconds': 27.2687, 'dLL': 0.0004, 'cert_gap': 0.0001, 'R': 1, 'l1': 0.01}
{'scenario': 'S2-powerlaw', 'seed': 1, 'method': 'MSX (ours)', 'key': 'MSX', 'n_train': 68474, 'G_err': 0.0743, 'rho_err': 0.0193, 'kern_L1': 0.1106, 'seconds': 2.0898, 'dLL': 0.0002, 'cert_gap': 0.0001}
{'scenario': 'S2-powerlaw', 'seed': 1, 'method': 'MSX-R4 (ours, fixed Erlang-4)', 'key': 'MSX-R4', 'n_train': 68474, 'G_err': 0.0735, 'rho_err': 0.0164, 'kern_L1': 0.1317, 'seconds': 5.4891, 'dLL': 0.0004, 'cert_gap': 0.0001}
{'scenario': 'S2-powerlaw', 'seed': 2, 'method': 'MSX-auto (ours)', 'key': 'MSX-auto', 'n_train': 69173, 'G_err': 0.0694, 'rho_err': 0.0129, 'kern_L1': 0.1388, 'seconds': 28.9696, 'dLL': 0.0005, 'cert_gap': 0.0002, 'R': 2, 'l1': 0.0}
{'scenario': 'S2-powerlaw', 'seed': 2, 'method': 'MSX (ours)', 'key': 'MSX', 'n_train': 69173, 'G_err': 0.0694, 'rho_err': 0.0129, 'kern_L1': 0.1388, 'seconds': 2.4335, 'dLL': 0.0005, 'cert_gap': 0.0002}
{'scenario': 'S2-powerlaw', 'seed': 2, 'method': 'MSX-R4 (ours, fixed Erlang-4)', 'key': 'MSX-R4', 'n_train': 69173, 'G_err': 0.0626, 'rho_err': 0.0101, 'kern_L1': 0.1476, 'seconds': 5.6545, 'dLL': 0.0006, 'cert_gap': 0.0003}
{'scenario': 'S2-powerlaw', 'seed': 3, 'method': 'MSX-auto (ours)', 'key': 'MSX-auto', 'n_train': 70363, 'G_err': 0.0205, 'rho_err': 0.0078, 'kern_L1': 0.0925, 'seconds': 28.4037, 'dLL': 0.0002, 'cert_gap': 0.0, 'R': 1, 'l1': 0.0}
{'scenario': 'S2-powerlaw', 'seed': 3, 'method': 'MSX (ours)', 'key': 'MSX', 'n_train': 70363, 'G_err': 0.0227, 'rho_err': 0.0053, 'kern_L1': 0.1067, 'seconds': 2.1032, 'dLL': 0.0004, 'cert_gap': 0.0001}
{'scenario': 'S2-powerlaw', 'seed': 3, 'method': 'MSX-R4 (ours, fixed Erlang-4)', 'key': 'MSX-R4', 'n_train': 70363, 'G_err': 0.0685, 'rho_err': 0.0142, 'kern_L1': 0.1458, 'seconds': 5.0171, 'dLL': 0.0004, 'cert_gap': 0.0001}
S2-powerlaw seed=3 SumExp: FAILED RuntimeError('The sum of the influence on someone cannot be negative. Maybe did you forget to add a positive constraint to your proximal operator\n')
{'scenario': 'S2-powerlaw', 'seed': 4, 'method': 'MSX-auto (ours)', 'key': 'MSX-auto', 'n_train': 71443, 'G_err': 0.0694, 'rho_err': 0.0576, 'kern_L1': 0.1178, 'seconds': 29.4111, 'dLL': 0.0004, 'cert_gap': 0.0003, 'R': 3, 'l1': 0.01}
{'scenario': 'S2-powerlaw', 'seed': 4, 'method': 'MSX (ours)', 'key': 'MSX', 'n_train': 71443, 'G_err': 0.0512, 'rho_err': 0.0076, 'kern_L1': 0.1145, 'seconds': 1.6309, 'dLL': 0.0003, 'cert_gap': 0.0001}
{'scenario': 'S2-powerlaw', 'seed': 4, 'method': 'MSX-R4 (ours, fixed Erlang-4)', 'key': 'MSX-R4', 'n_train': 71443, 'G_err': 0.0379, 'rho_err': 0.0154, 'kern_L1': 0.1233, 'seconds': 5.1876, 'dLL': 0.0004, 'cert_gap': 0.0002}
{'scenario': 'S3-hump', 'seed': 0, 'method': 'MSX-auto (ours)', 'key': 'MSX-auto', 'n_train': 68756, 'G_err': 0.0088, 'rho_err': 0.0027, 'kern_L1': 0.0627, 'seconds': 21.3601, 'dLL': 0.0003, 'cert_gap': 0.0001, 'R': 3, 'l1': 0.0}
{'scenario': 'S3-hump', 'seed': 0, 'method': 'MSX (ours)', 'key': 'MSX', 'n_train': 68756, 'G_err': 0.0599, 'rho_err': 0.0294, 'kern_L1': 0.3358, 'seconds': 1.4134, 'dLL': 0.0063, 'cert_gap': 0.0001}
{'scenario': 'S3-hump', 'seed': 0, 'method': 'MSX-R4 (ours, fixed Erlang-4)', 'key': 'MSX-R4', 'n_train': 68756, 'G_err': 0.0251, 'rho_err': 0.0079, 'kern_L1': 0.0607, 'seconds': 4.2207, 'dLL': 0.0004, 'cert_gap': 0.0001}
{'scenario': 'S3-hump', 'seed': 1, 'method': 'MSX-auto (ours)', 'key': 'MSX-auto', 'n_train': 68618, 'G_err': 0.0426, 'rho_err': 0.0201, 'kern_L1': 0.0751, 'seconds': 26.7636, 'dLL': 0.0004, 'cert_gap': 0.0001, 'R': 4, 'l1': 0.0}
{'scenario': 'S3-hump', 'seed': 1, 'method': 'MSX (ours)', 'key': 'MSX', 'n_train': 68618, 'G_err': 0.0826, 'rho_err': 0.0397, 'kern_L1': 0.3472, 'seconds': 1.5625, 'dLL': 0.006, 'cert_gap': 0.0002}
{'scenario': 'S3-hump', 'seed': 1, 'method': 'MSX-R4 (ours, fixed Erlang-4)', 'key': 'MSX-R4', 'n_train': 68618, 'G_err': 0.0426, 'rho_err': 0.0201, 'kern_L1': 0.0751, 'seconds': 4.2517, 'dLL': 0.0004, 'cert_gap': 0.0001}
{'scenario': 'S3-hump', 'seed': 2, 'method': 'MSX-auto (ours)', 'key': 'MSX-auto', 'n_train': 67986, 'G_err': 0.0288, 'rho_err': 0.0186, 'kern_L1': 0.0996, 'seconds': 19.4341, 'dLL': 0.0002, 'cert_gap': 0.0001, 'R': 3, 'l1': 0.0}
{'scenario': 'S3-hump', 'seed': 2, 'method': 'MSX (ours)', 'key': 'MSX', 'n_train': 67986, 'G_err': 0.0693, 'rho_err': 0.0369, 'kern_L1': 0.3538, 'seconds': 1.8428, 'dLL': 0.0057, 'cert_gap': 0.0001}
{'scenario': 'S3-hump', 'seed': 2, 'method': 'MSX-R4 (ours, fixed Erlang-4)', 'key': 'MSX-R4', 'n_train': 67986, 'G_err': 0.0315, 'rho_err': 0.0195, 'kern_L1': 0.0859, 'seconds': 3.6403, 'dLL': 0.0003, 'cert_gap': 0.0001}
{'scenario': 'S3-hump', 'seed': 3, 'method': 'MSX-auto (ours)', 'key': 'MSX-auto', 'n_train': 68194, 'G_err': 0.0508, 'rho_err': 0.0204, 'kern_L1': 0.0806, 'seconds': 19.8903, 'dLL': 0.0004, 'cert_gap': 0.0001, 'R': 4, 'l1': 0.0}
{'scenario': 'S3-hump', 'seed': 3, 'method': 'MSX (ours)', 'key': 'MSX', 'n_train': 68194, 'G_err': 0.0653, 'rho_err': 0.037, 'kern_L1': 0.344, 'seconds': 1.3269, 'dLL': 0.0061, 'cert_gap': 0.0002}
{'scenario': 'S3-hump', 'seed': 3, 'method': 'MSX-R4 (ours, fixed Erlang-4)', 'key': 'MSX-R4', 'n_train': 68194, 'G_err': 0.0508, 'rho_err': 0.0204, 'kern_L1': 0.0806, 'seconds': 3.6656, 'dLL': 0.0004, 'cert_gap': 0.0001}
{'scenario': 'S3-hump', 'seed': 4, 'method': 'MSX-auto (ours)', 'key': 'MSX-auto', 'n_train': 69115, 'G_err': 0.0307, 'rho_err': 0.0157, 'kern_L1': 0.0818, 'seconds': 18.1758, 'dLL': 0.0001, 'cert_gap': 0.0001, 'R': 3, 'l1': 0.0}
{'scenario': 'S3-hump', 'seed': 4, 'method': 'MSX (ours)', 'key': 'MSX', 'n_train': 69115, 'G_err': 0.0659, 'rho_err': 0.041, 'kern_L1': 0.3529, 'seconds': 1.481, 'dLL': 0.0054, 'cert_gap': 0.0}
{'scenario': 'S3-hump', 'seed': 4, 'method': 'MSX-R4 (ours, fixed Erlang-4)', 'key': 'MSX-R4', 'n_train': 69115, 'G_err': 0.0419, 'rho_err': 0.0186, 'kern_L1': 0.0664, 'seconds': 4.1033, 'dLL': 0.0001, 'cert_gap': 0.0001}
{'scenario': 'S4-multiscale', 'seed': 0, 'method': 'MSX-auto (ours)', 'key': 'MSX-auto', 'n_train': 88451, 'G_err': 0.0679, 'rho_err': 0.0156, 'kern_L1': 0.1021, 'seconds': 73.6694, 'AUC': 1.0, 'AP': 1.0, 'dLL': 0.0003, 'cert_gap': 0.0001, 'R': 1, 'l1': 0.0}
{'scenario': 'S4-multiscale', 'seed': 0, 'method': 'MSX (ours)', 'key': 'MSX', 'n_train': 88451, 'G_err': 0.0782, 'rho_err': 0.0204, 'kern_L1': 0.1581, 'seconds': 6.8026, 'AUC': 1.0, 'AP': 1.0, 'dLL': 0.0006, 'cert_gap': 0.0001}
{'scenario': 'S4-multiscale', 'seed': 0, 'method': 'MSX-R4 (ours, fixed Erlang-4)', 'key': 'MSX-R4', 'n_train': 88451, 'G_err': 0.1005, 'rho_err': 0.0343, 'kern_L1': 0.2039, 'seconds': 21.2533, 'AUC': 1.0, 'AP': 1.0, 'dLL': 0.0008, 'cert_gap': 0.0001}
S4-multiscale seed=0 SumExp: FAILED RuntimeError('The sum of the influence on someone cannot be negative. Maybe did you forget to add a positive constraint to your proximal operator\n')
{'scenario': 'S4-multiscale', 'seed': 1, 'method': 'MSX-auto (ours)', 'key': 'MSX-auto', 'n_train': 87630, 'G_err': 0.0752, 'rho_err': 0.0234, 'kern_L1': 0.0981, 'seconds': 97.7869, 'AUC': 1.0, 'AP': 1.0, 'dLL': 0.0003, 'cert_gap': 0.0001, 'R': 1, 'l1': 0.0}
{'scenario': 'S4-multiscale', 'seed': 1, 'method': 'MSX (ours)', 'key': 'MSX', 'n_train': 87630, 'G_err': 0.08, 'rho_err': 0.0266, 'kern_L1': 0.1388, 'seconds': 5.5054, 'AUC': 1.0, 'AP': 1.0, 'dLL': 0.0005, 'cert_gap': 0.0002}
{'scenario': 'S4-multiscale', 'seed': 1, 'method': 'MSX-R4 (ours, fixed Erlang-4)', 'key': 'MSX-R4', 'n_train': 87630, 'G_err': 0.0749, 'rho_err': 0.0203, 'kern_L1': 0.1527, 'seconds': 19.6507, 'AUC': 1.0, 'AP': 1.0, 'dLL': 0.0006, 'cert_gap': 0.0001}
S4-multiscale seed=1 SumExp: FAILED RuntimeError('The sum of the influence on someone cannot be negative. Maybe did you forget to add a positive constraint to your proximal operator\n')
{'scenario': 'S4-multiscale', 'seed': 2, 'method': 'MSX-auto (ours)', 'key': 'MSX-auto', 'n_train': 88176, 'G_err': 0.0791, 'rho_err': 0.0085, 'kern_L1': 0.1449, 'seconds': 91.9777, 'AUC': 1.0, 'AP': 1.0, 'dLL': 0.0004, 'cert_gap': 0.0002, 'R': 1, 'l1': 0.0}
{'scenario': 'S4-multiscale', 'seed': 2, 'method': 'MSX (ours)', 'key': 'MSX', 'n_train': 88176, 'G_err': 0.111, 'rho_err': 0.0152, 'kern_L1': 0.1994, 'seconds': 6.2783, 'AUC': 1.0, 'AP': 1.0, 'dLL': 0.0007, 'cert_gap': 0.0001}
{'scenario': 'S4-multiscale', 'seed': 2, 'method': 'MSX-R4 (ours, fixed Erlang-4)', 'key': 'MSX-R4', 'n_train': 88176, 'G_err': 0.1276, 'rho_err': 0.025, 'kern_L1': 0.2467, 'seconds': 22.6324, 'AUC': 1.0, 'AP': 1.0, 'dLL': 0.0009, 'cert_gap': 0.0001}
S4-multiscale seed=2 SumExp: FAILED RuntimeError('The sum of the influence on someone cannot be negative. Maybe did you forget to add a positive constraint to your proximal operator\n')
{'scenario': 'S4-multiscale', 'seed': 3, 'method': 'MSX-auto (ours)', 'key': 'MSX-auto', 'n_train': 89139, 'G_err': 0.1032, 'rho_err': 0.0198, 'kern_L1': 0.1393, 'seconds': 78.9403, 'AUC': 1.0, 'AP': 1.0, 'dLL': 0.0002, 'cert_gap': 0.0001, 'R': 1, 'l1': 0.0}
{'scenario': 'S4-multiscale', 'seed': 3, 'method': 'MSX (ours)', 'key': 'MSX', 'n_train': 89139, 'G_err': 0.107, 'rho_err': 0.0246, 'kern_L1': 0.1825, 'seconds': 5.4672, 'AUC': 1.0, 'AP': 1.0, 'dLL': 0.0003, 'cert_gap': 0.0001}
{'scenario': 'S4-multiscale', 'seed': 3, 'method': 'MSX-R4 (ours, fixed Erlang-4)', 'key': 'MSX-R4', 'n_train': 89139, 'G_err': 0.1094, 'rho_err': 0.0335, 'kern_L1': 0.2256, 'seconds': 19.1166, 'AUC': 1.0, 'AP': 1.0, 'dLL': 0.0006, 'cert_gap': 0.0002}
S4-multiscale seed=3 SumExp: FAILED RuntimeError('The sum of the influence on someone cannot be negative. Maybe did you forget to add a positive constraint to your proximal operator\n')
{'scenario': 'S4-multiscale', 'seed': 4, 'method': 'MSX-auto (ours)', 'key': 'MSX-auto', 'n_train': 88305, 'G_err': 0.0945, 'rho_err': 0.0116, 'kern_L1': 0.1565, 'seconds': 91.0547, 'AUC': 1.0, 'AP': 1.0, 'dLL': 0.0003, 'cert_gap': 0.0001, 'R': 1, 'l1': 0.0}
{'scenario': 'S4-multiscale', 'seed': 4, 'method': 'MSX (ours)', 'key': 'MSX', 'n_train': 88305, 'G_err': 0.0908, 'rho_err': 0.0182, 'kern_L1': 0.186, 'seconds': 6.1487, 'AUC': 1.0, 'AP': 1.0, 'dLL': 0.0006, 'cert_gap': 0.0002}
{'scenario': 'S4-multiscale', 'seed': 4, 'method': 'MSX-R4 (ours, fixed Erlang-4)', 'key': 'MSX-R4', 'n_train': 88305, 'G_err': 0.0934, 'rho_err': 0.0199, 'kern_L1': 0.2045, 'seconds': 19.6287, 'AUC': 1.0, 'AP': 1.0, 'dLL': 0.0006, 'cert_gap': 0.0002}
{'scenario': 'S4-multiscale', 'seed': 4, 'method': 'MSX-exp (ablation: no Erlang)', 'key': 'MSX-exp', 'n_train': 88305, 'G_err': 0.0945, 'rho_err': 0.0116, 'kern_L1': 0.1565, 'seconds': 2.8884, 'AUC': 1.0, 'AP': 1.0, 'dLL': 0.0003, 'cert_gap': 0.0001}
S4-multiscale seed=4 SumExp: FAILED RuntimeError('The sum of the influence on someone cannot be negative. Maybe did you forget to add a positive constraint to your proximal operator\n')
{'scenario': 'S4-multiscale', 'seed': 4, 'method': 'NPHC(cumulants)', 'key': 'NPHC', 'n_train': 88305, 'G_err': 1.4771, 'rho_err': 0.4547, 'kern_L1': nan, 'seconds': 2.6592, 'AUC': 0.5312, 'AP': 0.4333}
{'scenario': 'S5-network10', 'seed': 0, 'method': 'MSX-auto (ours)', 'key': 'MSX-auto', 'n_train': 179115, 'G_err': 0.0429, 'rho_err': 0.0106, 'kern_L1': 0.0732, 'seconds': 583.5492, 'AUC': 1.0, 'AP': 1.0, 'dLL': 0.0007, 'cert_gap': 0.0002, 'R': 1, 'l1': 0.01}
{'scenario': 'S5-network10', 'seed': 0, 'method': 'MSX (ours)', 'key': 'MSX', 'n_train': 179115, 'G_err': 0.0977, 'rho_err': 0.0365, 'kern_L1': 0.1582, 'seconds': 41.8619, 'AUC': 1.0, 'AP': 1.0, 'dLL': 0.0012, 'cert_gap': 0.0001}
{'scenario': 'S5-network10', 'seed': 0, 'method': 'MSX-R4 (ours, fixed Erlang-4)', 'key': 'MSX-R4', 'n_train': 179115, 'G_err': 0.1121, 'rho_err': 0.0451, 'kern_L1': 0.1962, 'seconds': 142.856, 'AUC': 1.0, 'AP': 1.0, 'dLL': 0.0016, 'cert_gap': 0.0002}
{'scenario': 'S5-network10', 'seed': 0, 'method': 'MSX-exp (ablation: no Erlang)', 'key': 'MSX-exp', 'n_train': 179115, 'G_err': 0.0793, 'rho_err': 0.03, 'kern_L1': 0.1186, 'seconds': 13.3982, 'AUC': 1.0, 'AP': 1.0, 'dLL': 0.0007, 'cert_gap': 0.0001}
S5-network10 seed=0 SumExp: FAILED RuntimeError('The sum of the influence on someone cannot be negative. Maybe did you forget to add a positive constraint to your proximal operator\n')
{'scenario': 'S5-network10', 'seed': 0, 'method': 'NPHC(cumulants)', 'key': 'NPHC', 'n_train': 179115, 'G_err': 0.6473, 'rho_err': 0.0119, 'kern_L1': nan, 'seconds': 0.7694, 'AUC': 0.6582, 'AP': 0.4248}
{'scenario': 'S5-network10', 'seed': 1, 'method': 'MSX-auto (ours)', 'key': 'MSX-auto', 'n_train': 174790, 'G_err': 0.0495, 'rho_err': 0.0163, 'kern_L1': 0.087, 'seconds': 622.9999, 'AUC': 1.0, 'AP': 1.0, 'dLL': 0.0009, 'cert_gap': 0.0001, 'R': 1, 'l1': 0.01}
{'scenario': 'S5-network10', 'seed': 1, 'method': 'MSX (ours)', 'key': 'MSX', 'n_train': 174790, 'G_err': 0.1174, 'rho_err': 0.046, 'kern_L1': 0.2011, 'seconds': 38.694, 'AUC': 1.0, 'AP': 1.0, 'dLL': 0.0013, 'cert_gap': 0.0001}
{'scenario': 'S5-network10', 'seed': 1, 'method': 'MSX-R4 (ours, fixed Erlang-4)', 'key': 'MSX-R4', 'n_train': 174790, 'G_err': 0.126, 'rho_err': 0.0587, 'kern_L1': 0.2378, 'seconds': 136.7988, 'AUC': 1.0, 'AP': 1.0, 'dLL': 0.0017, 'cert_gap': 0.0001}
{'scenario': 'S5-network10', 'seed': 1, 'method': 'MSX-exp (ablation: no Erlang)', 'key': 'MSX-exp', 'n_train': 174790, 'G_err': 0.1073, 'rho_err': 0.0379, 'kern_L1': 0.1658, 'seconds': 13.1185, 'AUC': 1.0, 'AP': 1.0, 'dLL': 0.0009, 'cert_gap': 0.0002}
S5-network10 seed=1 SumExp: FAILED RuntimeError('The sum of the influence on someone cannot be negative. Maybe did you forget to add a positive constraint to your proximal operator\n')
{'scenario': 'S5-network10', 'seed': 1, 'method': 'NPHC(cumulants)', 'key': 'NPHC', 'n_train': 174790, 'G_err': 1.7948, 'rho_err': 0.943, 'kern_L1': nan, 'seconds': 1.3344, 'AUC': 0.6381, 'AP': 0.3347}
{'scenario': 'S5-network10', 'seed': 2, 'method': 'MSX-auto (ours)', 'key': 'MSX-auto', 'n_train': 177284, 'G_err': 0.0417, 'rho_err': 0.0169, 'kern_L1': 0.0787, 'seconds': 629.2969, 'AUC': 1.0, 'AP': 1.0, 'dLL': 0.0007, 'cert_gap': 0.0001, 'R': 1, 'l1': 0.01}
{'scenario': 'S5-network10', 'seed': 2, 'method': 'MSX (ours)', 'key': 'MSX', 'n_train': 177284, 'G_err': 0.1007, 'rho_err': 0.0363, 'kern_L1': 0.1696, 'seconds': 45.8208, 'AUC': 1.0, 'AP': 1.0, 'dLL': 0.0012, 'cert_gap': 0.0002}
{'scenario': 'S5-network10', 'seed': 2, 'method': 'MSX-R4 (ours, fixed Erlang-4)', 'key': 'MSX-R4', 'n_train': 177284, 'G_err': 0.12, 'rho_err': 0.0462, 'kern_L1': 0.2147, 'seconds': 132.4148, 'AUC': 1.0, 'AP': 1.0, 'dLL': 0.0015, 'cert_gap': 0.0001}
{'scenario': 'S5-network10', 'seed': 2, 'method': 'MSX-exp (ablation: no Erlang)', 'key': 'MSX-exp', 'n_train': 177284, 'G_err': 0.1053, 'rho_err': 0.0274, 'kern_L1': 0.1439, 'seconds': 12.1556, 'AUC': 1.0, 'AP': 1.0, 'dLL': 0.0008, 'cert_gap': 0.0002}
S5-network10 seed=2 SumExp: FAILED RuntimeError('The sum of the influence on someone cannot be negative. Maybe did you forget to add a positive constraint to your proximal operator\n')
{'scenario': 'S5-network10', 'seed': 2, 'method': 'NPHC(cumulants)', 'key': 'NPHC', 'n_train': 177284, 'G_err': 1.2159, 'rho_err': 0.4245, 'kern_L1': nan, 'seconds': 1.2208, 'AUC': 0.7369, 'AP': 0.441}
{'scenario': 'S5-network10', 'seed': 3, 'method': 'MSX-auto (ours)', 'key': 'MSX-auto', 'n_train': 178220, 'G_err': 0.0435, 'rho_err': 0.021, 'kern_L1': 0.0762, 'seconds': 626.5483, 'AUC': 1.0, 'AP': 1.0, 'dLL': 0.0008, 'cert_gap': 0.0002, 'R': 1, 'l1': 0.01}
{'scenario': 'S5-network10', 'seed': 3, 'method': 'MSX (ours)', 'key': 'MSX', 'n_train': 178220, 'G_err': 0.1084, 'rho_err': 0.0222, 'kern_L1': 0.1815, 'seconds': 45.5348, 'AUC': 1.0, 'AP': 1.0, 'dLL': 0.0012, 'cert_gap': 0.0002}
{'scenario': 'S5-network10', 'seed': 3, 'method': 'MSX-R4 (ours, fixed Erlang-4)', 'key': 'MSX-R4', 'n_train': 178220, 'G_err': 0.1176, 'rho_err': 0.0353, 'kern_L1': 0.2189, 'seconds': 121.6396, 'AUC': 1.0, 'AP': 1.0, 'dLL': 0.0017, 'cert_gap': 0.0002}
{'scenario': 'S5-network10', 'seed': 3, 'method': 'MSX-exp (ablation: no Erlang)', 'key': 'MSX-exp', 'n_train': 178220, 'G_err': 0.091, 'rho_err': 0.0095, 'kern_L1': 0.1436, 'seconds': 14.2512, 'AUC': 1.0, 'AP': 1.0, 'dLL': 0.0008, 'cert_gap': 0.0002}
S5-network10 seed=3 SumExp: FAILED RuntimeError('The sum of the influence on someone cannot be negative. Maybe did you forget to add a positive constraint to your proximal operator\n')
{'scenario': 'S5-network10', 'seed': 3, 'method': 'NPHC(cumulants)', 'key': 'NPHC', 'n_train': 178220, 'G_err': 1.2919, 'rho_err': 0.3969, 'kern_L1': nan, 'seconds': 1.1172, 'AUC': 0.6389, 'AP': 0.3571}
{'scenario': 'S5-network10', 'seed': 4, 'method': 'MSX-auto (ours)', 'key': 'MSX-auto', 'n_train': 180600, 'G_err': 0.0499, 'rho_err': 0.0079, 'kern_L1': 0.0792, 'seconds': 678.8548, 'AUC': 1.0, 'AP': 1.0, 'dLL': 0.0006, 'cert_gap': 0.0002, 'R': 1, 'l1': 0.01}
{'scenario': 'S5-network10', 'seed': 4, 'method': 'MSX (ours)', 'key': 'MSX', 'n_train': 180600, 'G_err': 0.1308, 'rho_err': 0.0584, 'kern_L1': 0.1914, 'seconds': 45.7778, 'AUC': 1.0, 'AP': 1.0, 'dLL': 0.0011, 'cert_gap': 0.0002}
{'scenario': 'S5-network10', 'seed': 4, 'method': 'MSX-R4 (ours, fixed Erlang-4)', 'key': 'MSX-R4', 'n_train': 180600, 'G_err': 0.1327, 'rho_err': 0.0686, 'kern_L1': 0.224, 'seconds': 143.3586, 'AUC': 1.0, 'AP': 1.0, 'dLL': 0.0016, 'cert_gap': 0.0002}
{'scenario': 'S5-network10', 'seed': 4, 'method': 'MSX-exp (ablation: no Erlang)', 'key': 'MSX-exp', 'n_train': 180600, 'G_err': 0.1142, 'rho_err': 0.0468, 'kern_L1': 0.152, 'seconds': 13.4936, 'AUC': 1.0, 'AP': 1.0, 'dLL': 0.0008, 'cert_gap': 0.0001}
{'scenario': 'S5-network10', 'seed': 4, 'method': 'tick-ExpKern(MLE, best decay)', 'key': 'ExpKern', 'n_train': 180600, 'G_err': 0.4401, 'rho_err': 0.0914, 'kern_L1': 1.9834, 'seconds': 7.1712, 'AUC': 0.9977, 'AP': 0.9921, 'dLL': 0.6531, 'decay': np.float64(0.1)}
S5-network10 seed=4 SumExp: FAILED RuntimeError('The sum of the influence on someone cannot be negative. Maybe did you forget to add a positive constraint to your proximal operator\n')
{'scenario': 'S5-network10', 'seed': 4, 'method': 'tick-ADM4', 'key': 'ADM4', 'n_train': 180600, 'G_err': 0.1633, 'rho_err': 0.0927, 'kern_L1': 0.3198, 'seconds': 57.8495, 'AUC': 1.0, 'AP': 1.0, 'dLL': 0.0263, 'decay': np.float64(10.0)}
{'scenario': 'S5-network10', 'seed': 4, 'method': 'tick-EM(nonparam)', 'key': 'EM', 'n_train': 180600, 'G_err': 0.0916, 'rho_err': 0.0447, 'kern_L1': 0.2782, 'seconds': 42.8641, 'AUC': 1.0, 'AP': 1.0, 'dLL': 0.005}
{'scenario': 'S5-network10', 'seed': 4, 'method': 'NPHC(cumulants)', 'key': 'NPHC', 'n_train': 180600, 'G_err': 1.7919, 'rho_err': 0.8227, 'kern_L1': nan, 'seconds': 1.883, 'AUC': 0.689, 'AP': 0.3676}
{'scenario': 'S5-network10', 'seed': 4, 'method': 'tick-ConditionalLaw', 'key': 'CondLaw', 'n_train': 180600, 'G_err': 0.4389, 'rho_err': 0.0128, 'kern_L1': 0.6215, 'seconds': 403.1178, 'AUC': 0.9514, 'AP': 0.9398, 'dLL': 0.0762}
