
=== Mon Sep 28 17:48:39 2026 attempt 1: D:\Quant\.venv\Scripts\python.exe -u -m infodiff.baselines.easytpp_runner RMTPP lob_msft 6 2019 100 64
[31;1m2026-09-28 17:48:41,120 - config.py[pid:19900;line:33:build_from_yaml_file] - CRITICAL: Load pipeline config class RunnerConfig[0m
[31;1m2026-09-28 17:48:41,122 - runner_config.py[pid:19900;line:205:update_config] - CRITICAL: train model RMTPP using GPU with torch backend[0m
[38;20m2026-09-28 17:48:41,124 - runner_config.py[pid:19900;line:45:__init__] - INFO: Save the config to D:\Quant\results\easytpp\checkpoints/lob_msft/RMTPP/train_2026_09_28_17_48_41\RMTPP_train_output.yaml[0m
[38;20m2026-09-28 17:48:41,126 - base_runner.py[pid:19900;line:193:save_log] - INFO: Save the log to D:\Quant\results\easytpp\checkpoints/lob_msft/RMTPP/train_2026_09_28_17_48_41\log[0m
0.057202864041665524 0.2894569117098711
min_dt: 7.275957614183426e-12
max_dt: 12.213735631004965
[38;20m2026-09-28 17:48:45,063 - tpp_runner.py[pid:19900;line:62:_init_model] - INFO: Num of model parameters 34962[0m
[38;20m2026-09-28 17:48:45,765 - base_runner.py[pid:19900;line:103:train] - INFO: Data 'lob_msft' loaded...[0m
[38;20m2026-09-28 17:48:45,765 - base_runner.py[pid:19900;line:108:train] - INFO: Start RMTPP training...[0m
[38;20m2026-09-28 17:48:46,764 - tpp_runner.py[pid:19900;line:104:_train_model] - INFO: [ Epoch 0 (train) ]: train loglike is 0.26107261219602146, num_events is 242824, mark_ll is -1.6265287765328489, time_ll is 1.887601359822984[0m
[38;20m2026-09-28 17:48:46,843 - tpp_runner.py[pid:19900;line:116:_train_model] - INFO: [ Epoch 0 (valid) ]:  valid loglike is 0.6377515405859367, num_events is 52959, mark_ll is -1.4856263365292017, time_ll is 2.123377854065173[0m
[38;20m2026-09-28 17:48:47,015 - tpp_runner.py[pid:19900;line:136:_train_model] - INFO: [ Epoch 0 (test) ]: test loglike is 1.3755502498319638, num_events is 112141, mark_ll is -1.4360735992383473, time_ll is 2.811623818591104[0m
[31;1m2026-09-28 17:48:47,015 - tpp_runner.py[pid:19900;line:140:_train_model] - CRITICAL: current best loglike on valid set is 0.6378 (updated at epoch-0), best updated at this epoch[0m
[38;20m2026-09-28 17:48:47,578 - tpp_runner.py[pid:19900;line:104:_train_model] - INFO: [ Epoch 1 (train) ]: train loglike is 1.4987604763780171, num_events is 242824, mark_ll is -1.3817687632361813, time_ll is 2.880529266760596[0m
[38;20m2026-09-28 17:48:47,655 - tpp_runner.py[pid:19900;line:116:_train_model] - INFO: [ Epoch 1 (valid) ]:  valid loglike is 1.5770225616381894, num_events is 52959, mark_ll is -1.4202176890377463, time_ll is 2.997240218405984[0m
[38;20m2026-09-28 17:48:47,820 - tpp_runner.py[pid:19900;line:136:_train_model] - INFO: [ Epoch 1 (test) ]: test loglike is 2.230632510424934, num_events is 112141, mark_ll is -1.3852922360298643, time_ll is 3.615924737746453[0m
[31;1m2026-09-28 17:48:47,820 - tpp_runner.py[pid:19900;line:140:_train_model] - CRITICAL: current best loglike on valid set is 1.5770 (updated at epoch-1), best updated at this epoch[0m
[38;20m2026-09-28 17:48:48,400 - tpp_runner.py[pid:19900;line:104:_train_model] - INFO: [ Epoch 2 (train) ]: train loglike is 1.9964535071328025, num_events is 242824, mark_ll is -1.330168488319987, time_ll is 3.326621942165416[0m
[38;20m2026-09-28 17:48:48,476 - tpp_runner.py[pid:19900;line:116:_train_model] - INFO: [ Epoch 2 (valid) ]:  valid loglike is 1.552122721114447, num_events is 52959, mark_ll is -1.4332731895192508, time_ll is 2.985395910633698[0m
[38;20m2026-09-28 17:48:48,655 - tpp_runner.py[pid:19900;line:136:_train_model] - INFO: [ Epoch 2 (test) ]: test loglike is 2.0429431997162055, num_events is 112141, mark_ll is -1.3689166724954522, time_ll is 3.4118598983366923[0m
[31;1m2026-09-28 17:48:48,655 - tpp_runner.py[pid:19900;line:140:_train_model] - CRITICAL: current best loglike on valid set is 1.5770 (updated at epoch-1)[0m
[38;20m2026-09-28 17:48:49,222 - tpp_runner.py[pid:19900;line:104:_train_model] - INFO: [ Epoch 3 (train) ]: train loglike is 2.047867138499747, num_events is 242824, mark_ll is -1.3315806318632528, time_ll is 3.379447730146114[0m
[38;20m2026-09-28 17:48:49,300 - tpp_runner.py[pid:19900;line:116:_train_model] - INFO: [ Epoch 3 (valid) ]:  valid loglike is 1.5408472403917417, num_events is 52959, mark_ll is -1.3669849092428812, time_ll is 2.9078322602744575[0m
[38;20m2026-09-28 17:48:49,468 - tpp_runner.py[pid:19900;line:136:_train_model] - INFO: [ Epoch 3 (test) ]: test loglike is 2.1605593614602654, num_events is 112141, mark_ll is -1.3451241506925433, time_ll is 3.5056834577256533[0m
[31;1m2026-09-28 17:48:49,468 - tpp_runner.py[pid:19900;line:140:_train_model] - CRITICAL: current best loglike on valid set is 1.5770 (updated at epoch-1)[0m
[38;20m2026-09-28 17:48:50,074 - tpp_runner.py[pid:19900;line:104:_train_model] - INFO: [ Epoch 4 (train) ]: train loglike is 2.047365384593111, num_events is 242824, mark_ll is -1.3225032263594207, time_ll is 3.369868576768179[0m
[38;20m2026-09-28 17:48:50,155 - tpp_runner.py[pid:19900;line:116:_train_model] - INFO: [ Epoch 4 (valid) ]:  valid loglike is 1.6060462899365546, num_events is 52959, mark_ll is -1.2974935504352423, time_ll is 2.903539803491852[0m
[38;20m2026-09-28 17:48:50,322 - tpp_runner.py[pid:19900;line:136:_train_model] - INFO: [ Epoch 4 (test) ]: test loglike is 2.2740154728477986, num_events is 112141, mark_ll is -1.2854073899571745, time_ll is 3.559422854096628[0m
[31;1m2026-09-28 17:48:50,322 - tpp_runner.py[pid:19900;line:140:_train_model] - CRITICAL: current best loglike on valid set is 1.6060 (updated at epoch-4), best updated at this epoch[0m
[38;20m2026-09-28 17:48:50,966 - tpp_runner.py[pid:19900;line:104:_train_model] - INFO: [ Epoch 5 (train) ]: train loglike is 2.219305515839147, num_events is 242824, mark_ll is -1.3058770792773264, time_ll is 3.5251825830514076[0m
[38;20m2026-09-28 17:48:51,049 - tpp_runner.py[pid:19900;line:116:_train_model] - INFO: [ Epoch 5 (valid) ]:  valid loglike is 1.9927045752669519, num_events is 52959, mark_ll is -1.3585632263136342, time_ll is 3.3512677923606[0m
[38;20m2026-09-28 17:48:51,223 - tpp_runner.py[pid:19900;line:136:_train_model] - INFO: [ Epoch 5 (test) ]: test loglike is 2.5690674897074333, num_events is 112141, mark_ll is -1.3672740783645143, time_ll is 3.9363415811344646[0m
[31;1m2026-09-28 17:48:51,223 - tpp_runner.py[pid:19900;line:140:_train_model] - CRITICAL: current best loglike on valid set is 1.9927 (updated at epoch-5), best updated at this epoch[0m
[38;20m2026-09-28 17:48:51,866 - tpp_runner.py[pid:19900;line:104:_train_model] - INFO: [ Epoch 6 (train) ]: train loglike is 2.2248525896312117, num_events is 242824, mark_ll is -1.3186895033478465, time_ll is 3.5435421382230547[0m
[38;20m2026-09-28 17:48:51,949 - tpp_runner.py[pid:19900;line:116:_train_model] - INFO: [ Epoch 6 (valid) ]:  valid loglike is 1.9968495860299948, num_events is 52959, mark_ll is -1.3116493087518175, time_ll is 3.3084988947818124[0m
[38;20m2026-09-28 17:48:52,415 - tpp_runner.py[pid:19900;line:136:_train_model] - INFO: [ Epoch 6 (test) ]: test loglike is 2.477938549111721, num_events is 112141, mark_ll is -1.2893232365532008, time_ll is 3.7672616985814735[0m
[31;1m2026-09-28 17:48:52,415 - tpp_runner.py[pid:19900;line:140:_train_model] - CRITICAL: current best loglike on valid set is 1.9968 (updated at epoch-6), best updated at this epoch[0m
[38;20m2026-09-28 17:48:53,098 - tpp_runner.py[pid:19900;line:104:_train_model] - INFO: [ Epoch 7 (train) ]: train loglike is 2.299645724227604, num_events is 242824, mark_ll is -1.320612172100472, time_ll is 3.6202579063822973[0m
[38;20m2026-09-28 17:48:53,186 - tpp_runner.py[pid:19900;line:116:_train_model] - INFO: [ Epoch 7 (valid) ]:  valid loglike is 2.0164573434756132, num_events is 52959, mark_ll is -1.3601381566990502, time_ll is 3.3765954632947186[0m
[38;20m2026-09-28 17:48:53,368 - tpp_runner.py[pid:19900;line:136:_train_model] - INFO: [ Epoch 7 (test) ]: test loglike is 2.561089095738011, num_events is 112141, mark_ll is -1.3444314889430493, time_ll is 3.905520571618543[0m
[31;1m2026-09-28 17:48:53,369 - tpp_runner.py[pid:19900;line:140:_train_model] - CRITICAL: current best loglike on valid set is 2.0165 (updated at epoch-7), best updated at this epoch[0m
[38;20m2026-09-28 17:48:54,052 - tpp_runner.py[pid:19900;line:104:_train_model] - INFO: [ Epoch 8 (train) ]: train loglike is 2.3275551649387776, num_events is 242824, mark_ll is -1.3080470738322818, time_ll is 3.635602276977101[0m
[38;20m2026-09-28 17:48:54,137 - tpp_runner.py[pid:19900;line:116:_train_model] - INFO: [ Epoch 8 (valid) ]:  valid loglike is 2.1988087740929303, num_events is 52959, mark_ll is -1.306479266021238, time_ll is 3.505288067774127[0m
[38;20m2026-09-28 17:48:54,319 - tpp_runner.py[pid:19900;line:136:_train_model] - INFO: [ Epoch 8 (test) ]: test loglike is 2.673748225935987, num_events is 112141, mark_ll is -1.2920457089874577, time_ll is 3.9657939523401344[0m
[31;1m2026-09-28 17:48:54,319 - tpp_runner.py[pid:19900;line:140:_train_model] - CRITICAL: current best loglike on valid set is 2.1988 (updated at epoch-8), best updated at this epoch[0m
[38;20m2026-09-28 17:48:55,038 - tpp_runner.py[pid:19900;line:104:_train_model] - INFO: [ Epoch 9 (train) ]: train loglike is 2.419883530210538, num_events is 242824, mark_ll is -1.2820648745336127, time_ll is 3.701948382624864[0m
[38;20m2026-09-28 17:48:55,119 - tpp_runner.py[pid:19900;line:116:_train_model] - INFO: [ Epoch 9 (valid) ]:  valid loglike is 2.1165924052096905, num_events is 52959, mark_ll is -1.2984994048314498, time_ll is 3.4150918192611264[0m
[38;20m2026-09-28 17:48:55,309 - tpp_runner.py[pid:19900;line:136:_train_model] - INFO: [ Epoch 9 (test) ]: test loglike is 2.6195106251560536, num_events is 112141, mark_ll is -1.2991783136715163, time_ll is 3.9186889475359146[0m
[31;1m2026-09-28 17:48:55,309 - tpp_runner.py[pid:19900;line:140:_train_model] - CRITICAL: current best loglike on valid set is 2.1988 (updated at epoch-8)[0m
[38;20m2026-09-28 17:48:56,054 - tpp_runner.py[pid:19900;line:104:_train_model] - INFO: [ Epoch 10 (train) ]: train loglike is 2.4667478103997134, num_events is 242824, mark_ll is -1.2932179861043904, time_ll is 3.759965828677612[0m
[38;20m2026-09-28 17:48:56,141 - tpp_runner.py[pid:19900;line:116:_train_model] - INFO: [ Epoch 10 (valid) ]:  valid loglike is 2.2963467869896994, num_events is 52959, mark_ll is -1.2928060356832645, time_ll is 3.5891528042329917[0m
[38;20m2026-09-28 17:48:56,323 - tpp_runner.py[pid:19900;line:136:_train_model] - INFO: [ Epoch 10 (test) ]: test loglike is 2.801356331677308, num_events is 112141, mark_ll is -1.2854937680297571, time_ll is 4.086850204207203[0m
[31;1m2026-09-28 17:48:56,323 - tpp_runner.py[pid:19900;line:140:_train_model] - CRITICAL: current best loglike on valid set is 2.2963 (updated at epoch-10), best updated at this epoch[0m
[38;20m2026-09-28 17:48:57,052 - tpp_runner.py[pid:19900;line:104:_train_model] - INFO: [ Epoch 11 (train) ]: train loglike is 2.523473544383612, num_events is 242824, mark_ll is -1.305781415371833, time_ll is 3.8292549899181094[0m
[38;20m2026-09-28 17:48:57,136 - tpp_runner.py[pid:19900;line:116:_train_model] - INFO: [ Epoch 11 (valid) ]:  valid loglike is 2.2228809410640777, num_events is 52959, mark_ll is -1.3183141325276393, time_ll is 3.541195156571593[0m
[38;20m2026-09-28 17:48:57,320 - tpp_runner.py[pid:19900;line:136:_train_model] - INFO: [ Epoch 11 (test) ]: test loglike is 2.754584133688281, num_events is 112141, mark_ll is -1.3024412956540203, time_ll is 4.057025446758991[0m
[31;1m2026-09-28 17:48:57,320 - tpp_runner.py[pid:19900;line:140:_train_model] - CRITICAL: current best loglike on valid set is 2.2963 (updated at epoch-10)[0m
[38;20m2026-09-28 17:48:58,050 - tpp_runner.py[pid:19900;line:104:_train_model] - INFO: [ Epoch 12 (train) ]: train loglike is 2.506564969196118, num_events is 242824, mark_ll is -1.287127931070961, time_ll is 3.7936929354568534[0m
[38;20m2026-09-28 17:48:58,136 - tpp_runner.py[pid:19900;line:116:_train_model] - INFO: [ Epoch 12 (valid) ]:  valid loglike is 2.228437218237221, num_events is 52959, mark_ll is -1.337857764969127, time_ll is 3.5662949094464587[0m
[38;20m2026-09-28 17:48:58,319 - tpp_runner.py[pid:19900;line:136:_train_model] - INFO: [ Epoch 12 (test) ]: test loglike is 2.76022296114657, num_events is 112141, mark_ll is -1.3182353507526239, time_ll is 4.07845823352409[0m
[31;1m2026-09-28 17:48:58,319 - tpp_runner.py[pid:19900;line:140:_train_model] - CRITICAL: current best loglike on valid set is 2.2963 (updated at epoch-10)[0m
[38;20m2026-09-28 17:48:59,071 - tpp_runner.py[pid:19900;line:104:_train_model] - INFO: [ Epoch 13 (train) ]: train loglike is 2.4009268196419398, num_events is 242824, mark_ll is -1.316689039051947, time_ll is 3.717615843612555[0m
[38;20m2026-09-28 17:48:59,157 - tpp_runner.py[pid:19900;line:116:_train_model] - INFO: [ Epoch 13 (valid) ]:  valid loglike is 2.120340292726449, num_events is 52959, mark_ll is -1.3603699194925556, time_ll is 3.480710239878963[0m
[38;20m2026-09-28 17:48:59,342 - tpp_runner.py[pid:19900;line:136:_train_model] - INFO: [ Epoch 13 (test) ]: test loglike is 2.6752106531202906, num_events is 112141, mark_ll is -1.3408112645296992, time_ll is 4.016021874108265[0m
[31;1m2026-09-28 17:48:59,342 - tpp_runner.py[pid:19900;line:140:_train_model] - CRITICAL: current best loglike on valid set is 2.2963 (updated at epoch-10)[0m
[38;20m2026-09-28 17:49:00,087 - tpp_runner.py[pid:19900;line:104:_train_model] - INFO: [ Epoch 14 (train) ]: train loglike is 2.3878461419073074, num_events is 242824, mark_ll is -1.3179934254722556, time_ll is 3.7058396156398254[0m
[38;20m2026-09-28 17:49:00,182 - tpp_runner.py[pid:19900;line:116:_train_model] - INFO: [ Epoch 14 (valid) ]:  valid loglike is 1.9564882481318095, num_events is 52959, mark_ll is -1.3519551976529014, time_ll is 3.3084434273447383[0m
[38;20m2026-09-28 17:49:00,380 - tpp_runner.py[pid:19900;line:136:_train_model] - INFO: [ Epoch 14 (test) ]: test loglike is 2.4218159661302514, num_events is 112141, mark_ll is -1.3333391998549817, time_ll is 3.755155183401923[0m
[31;1m2026-09-28 17:49:00,380 - tpp_runner.py[pid:19900;line:140:_train_model] - CRITICAL: current best loglike on valid set is 2.2963 (updated at epoch-10)[0m
[38;20m2026-09-28 17:49:01,118 - tpp_runner.py[pid:19900;line:104:_train_model] - INFO: [ Epoch 15 (train) ]: train loglike is 2.345657092752879, num_events is 242824, mark_ll is -1.341579289584483, time_ll is 3.687236394402427[0m
[38;20m2026-09-28 17:49:01,203 - tpp_runner.py[pid:19900;line:116:_train_model] - INFO: [ Epoch 15 (valid) ]:  valid loglike is 2.1040914868990632, num_events is 52959, mark_ll is -1.3753566475067978, time_ll is 3.4794480606459715[0m
[38;20m2026-09-28 17:49:01,391 - tpp_runner.py[pid:19900;line:136:_train_model] - INFO: [ Epoch 15 (test) ]: test loglike is 2.4763415692911157, num_events is 112141, mark_ll is -1.3513872968099312, time_ll is 3.827728752892564[0m
[31;1m2026-09-28 17:49:01,391 - tpp_runner.py[pid:19900;line:140:_train_model] - CRITICAL: current best loglike on valid set is 2.2963 (updated at epoch-10)[0m
[38;20m2026-09-28 17:49:02,170 - tpp_runner.py[pid:19900;line:104:_train_model] - INFO: [ Epoch 16 (train) ]: train loglike is 2.3873262381202536, num_events is 242824, mark_ll is -1.3479095158363157, time_ll is 3.735235794173455[0m
[38;20m2026-09-28 17:49:02,274 - tpp_runner.py[pid:19900;line:116:_train_model] - INFO: [ Epoch 16 (valid) ]:  valid loglike is 2.032776424037935, num_events is 52959, mark_ll is -1.4102088039214298, time_ll is 3.44298526483931[0m
[38;20m2026-09-28 17:49:02,486 - tpp_runner.py[pid:19900;line:136:_train_model] - INFO: [ Epoch 16 (test) ]: test loglike is 2.5115400199302664, num_events is 112141, mark_ll is -1.3818750205516939, time_ll is 3.8934150143569255[0m
[31;1m2026-09-28 17:49:02,486 - tpp_runner.py[pid:19900;line:140:_train_model] - CRITICAL: current best loglike on valid set is 2.2963 (updated at epoch-10)[0m
[38;20m2026-09-28 17:49:03,216 - tpp_runner.py[pid:19900;line:104:_train_model] - INFO: [ Epoch 17 (train) ]: train loglike is 2.4138705206754687, num_events is 242824, mark_ll is -1.3761171446448868, time_ll is 3.789987657276978[0m
[38;20m2026-09-28 17:49:03,307 - tpp_runner.py[pid:19900;line:116:_train_model] - INFO: [ Epoch 17 (valid) ]:  valid loglike is 2.1633551426575277, num_events is 52959, mark_ll is -1.3998818292806698, time_ll is 3.563237082578032[0m
[38;20m2026-09-28 17:49:03,490 - tpp_runner.py[pid:19900;line:136:_train_model] - INFO: [ Epoch 17 (test) ]: test loglike is 2.6593967517037704, num_events is 112141, mark_ll is -1.355264870230335, time_ll is 4.0146616306424505[0m
[31;1m2026-09-28 17:49:03,490 - tpp_runner.py[pid:19900;line:140:_train_model] - CRITICAL: current best loglike on valid set is 2.2963 (updated at epoch-10)[0m
[38;20m2026-09-28 17:49:04,220 - tpp_runner.py[pid:19900;line:104:_train_model] - INFO: [ Epoch 18 (train) ]: train loglike is 2.524035545195543, num_events is 242824, mark_ll is -1.3441783942858305, time_ll is 3.8682138912211106[0m
[38;20m2026-09-28 17:49:04,323 - tpp_runner.py[pid:19900;line:116:_train_model] - INFO: [ Epoch 18 (valid) ]:  valid loglike is 2.2320356128974774, num_events is 52959, mark_ll is -1.364098970577475, time_ll is 3.5961345465950076[0m
[38;20m2026-09-28 17:49:04,507 - tpp_runner.py[pid:19900;line:136:_train_model] - INFO: [ Epoch 18 (test) ]: test loglike is 2.7788849702885208, num_events is 112141, mark_ll is -1.327082602412922, time_ll is 4.105967598826477[0m
[31;1m2026-09-28 17:49:04,507 - tpp_runner.py[pid:19900;line:140:_train_model] - CRITICAL: current best loglike on valid set is 2.2963 (updated at epoch-10)[0m
[38;20m2026-09-28 17:49:05,230 - tpp_runner.py[pid:19900;line:104:_train_model] - INFO: [ Epoch 19 (train) ]: train loglike is 2.5560903252909, num_events is 242824, mark_ll is -1.3385021750256874, time_ll is 3.8945924600997017[0m
[38;20m2026-09-28 17:49:05,319 - tpp_runner.py[pid:19900;line:116:_train_model] - INFO: [ Epoch 19 (valid) ]:  valid loglike is 2.206795476512491, num_events is 52959, mark_ll is -1.3696262416739837, time_ll is 3.5764217735063917[0m
[38;20m2026-09-28 17:49:05,502 - tpp_runner.py[pid:19900;line:136:_train_model] - INFO: [ Epoch 19 (test) ]: test loglike is 2.718551275570487, num_events is 112141, mark_ll is -1.3307029922848244, time_ll is 4.049254328813726[0m
[31;1m2026-09-28 17:49:05,502 - tpp_runner.py[pid:19900;line:140:_train_model] - CRITICAL: current best loglike on valid set is 2.2963 (updated at epoch-10)[0m
[38;20m2026-09-28 17:49:06,218 - tpp_runner.py[pid:19900;line:104:_train_model] - INFO: [ Epoch 20 (train) ]: train loglike is 2.618875881264568, num_events is 242824, mark_ll is -1.3432005931057576, time_ll is 3.962076393936555[0m
[38;20m2026-09-28 17:49:06,300 - tpp_runner.py[pid:19900;line:116:_train_model] - INFO: [ Epoch 20 (valid) ]:  valid loglike is 2.1835680262384582, num_events is 52959, mark_ll is -1.3723764068223767, time_ll is 3.5559443685209313[0m
[38;20m2026-09-28 17:49:06,496 - tpp_runner.py[pid:19900;line:136:_train_model] - INFO: [ Epoch 20 (test) ]: test loglike is 2.7244201121871683, num_events is 112141, mark_ll is -1.3402800903271328, time_ll is 4.064700232993508[0m
[31;1m2026-09-28 17:49:06,496 - tpp_runner.py[pid:19900;line:140:_train_model] - CRITICAL: current best loglike on valid set is 2.2963 (updated at epoch-10)[0m
[38;20m2026-09-28 17:49:07,207 - tpp_runner.py[pid:19900;line:104:_train_model] - INFO: [ Epoch 21 (train) ]: train loglike is 2.4691493657378905, num_events is 242824, mark_ll is -1.3228333185120704, time_ll is 3.791982664141518[0m
[38;20m2026-09-28 17:49:07,301 - tpp_runner.py[pid:19900;line:116:_train_model] - INFO: [ Epoch 21 (valid) ]:  valid loglike is 2.210331396546149, num_events is 52959, mark_ll is -1.4125255928377376, time_ll is 3.6228569432839555[0m
[38;20m2026-09-28 17:49:07,488 - tpp_runner.py[pid:19900;line:136:_train_model] - INFO: [ Epoch 21 (test) ]: test loglike is 2.6046503920009183, num_events is 112141, mark_ll is -1.3702074494943866, time_ll is 3.9748578763286844[0m
[31;1m2026-09-28 17:49:07,488 - tpp_runner.py[pid:19900;line:140:_train_model] - CRITICAL: current best loglike on valid set is 2.2963 (updated at epoch-10)[0m
[38;20m2026-09-28 17:49:08,209 - tpp_runner.py[pid:19900;line:104:_train_model] - INFO: [ Epoch 22 (train) ]: train loglike is 2.581806542174064, num_events is 242824, mark_ll is -1.3682727164595037, time_ll is 3.950079246568502[0m
[38;20m2026-09-28 17:49:08,304 - tpp_runner.py[pid:19900;line:116:_train_model] - INFO: [ Epoch 22 (valid) ]:  valid loglike is 2.2899660955290884, num_events is 52959, mark_ll is -1.3744154067739902, time_ll is 3.6643813640032854[0m
[38;20m2026-09-28 17:49:08,483 - tpp_runner.py[pid:19900;line:136:_train_model] - INFO: [ Epoch 22 (test) ]: test loglike is 2.831295943485768, num_events is 112141, mark_ll is -1.3336907470282948, time_ll is 4.164986716639097[0m
[31;1m2026-09-28 17:49:08,483 - tpp_runner.py[pid:19900;line:140:_train_model] - CRITICAL: current best loglike on valid set is 2.2963 (updated at epoch-10)[0m
[38;20m2026-09-28 17:49:09,228 - tpp_runner.py[pid:19900;line:104:_train_model] - INFO: [ Epoch 23 (train) ]: train loglike is 2.611444331690597, num_events is 242824, mark_ll is -1.3607465848142586, time_ll is 3.9721909084614784[0m
[38;20m2026-09-28 17:49:09,323 - tpp_runner.py[pid:19900;line:116:_train_model] - INFO: [ Epoch 23 (valid) ]:  valid loglike is 2.229536240594139, num_events is 52959, mark_ll is -1.3677222038805963, time_ll is 3.5972584260347626[0m
[38;20m2026-09-28 17:49:09,513 - tpp_runner.py[pid:19900;line:136:_train_model] - INFO: [ Epoch 23 (test) ]: test loglike is 2.705057947764979, num_events is 112141, mark_ll is -1.3623723165061172, time_ll is 4.067430229437717[0m
[31;1m2026-09-28 17:49:09,513 - tpp_runner.py[pid:19900;line:140:_train_model] - CRITICAL: current best loglike on valid set is 2.2963 (updated at epoch-10)[0m
[38;20m2026-09-28 17:49:10,263 - tpp_runner.py[pid:19900;line:104:_train_model] - INFO: [ Epoch 24 (train) ]: train loglike is 2.6719736238682645, num_events is 242824, mark_ll is -1.3421814047288365, time_ll is 4.014154992401904[0m
[38;20m2026-09-28 17:49:10,342 - tpp_runner.py[pid:19900;line:116:_train_model] - INFO: [ Epoch 24 (valid) ]:  valid loglike is 1.7769993835148417, num_events is 52959, mark_ll is -1.4040471240133876, time_ll is 3.1810465259682017[0m
[38;20m2026-09-28 17:49:10,531 - tpp_runner.py[pid:19900;line:136:_train_model] - INFO: [ Epoch 24 (test) ]: test loglike is 2.382427961262217, num_events is 112141, mark_ll is -1.3684375480700637, time_ll is 3.750865487561418[0m
[31;1m2026-09-28 17:49:10,531 - tpp_runner.py[pid:19900;line:140:_train_model] - CRITICAL: current best loglike on valid set is 2.2963 (updated at epoch-10)[0m
[38;20m2026-09-28 17:49:11,298 - tpp_runner.py[pid:19900;line:104:_train_model] - INFO: [ Epoch 25 (train) ]: train loglike is 2.3527703377433347, num_events is 242824, mark_ll is -1.380348383274769, time_ll is 3.7331187250397924[0m
[38;20m2026-09-28 17:49:11,376 - tpp_runner.py[pid:19900;line:116:_train_model] - INFO: [ Epoch 25 (valid) ]:  valid loglike is 2.172288977381087, num_events is 52959, mark_ll is -1.4215737830503314, time_ll is 3.593862778871391[0m
[38;20m2026-09-28 17:49:11,565 - tpp_runner.py[pid:19900;line:136:_train_model] - INFO: [ Epoch 25 (test) ]: test loglike is 2.7112192976852243, num_events is 112141, mark_ll is -1.3843747944830616, time_ll is 4.095594079105768[0m
[31;1m2026-09-28 17:49:11,565 - tpp_runner.py[pid:19900;line:140:_train_model] - CRITICAL: current best loglike on valid set is 2.2963 (updated at epoch-10)[0m
[38;20m2026-09-28 17:49:12,317 - tpp_runner.py[pid:19900;line:104:_train_model] - INFO: [ Epoch 26 (train) ]: train loglike is 2.6134879808781255, num_events is 242824, mark_ll is -1.3691080855179574, time_ll is 3.9825961428081658[0m
[38;20m2026-09-28 17:49:12,410 - tpp_runner.py[pid:19900;line:116:_train_model] - INFO: [ Epoch 26 (valid) ]:  valid loglike is 2.2809243869668046, num_events is 52959, mark_ll is -1.3452791531538548, time_ll is 3.626203429480825[0m
[38;20m2026-09-28 17:49:12,586 - tpp_runner.py[pid:19900;line:136:_train_model] - INFO: [ Epoch 26 (test) ]: test loglike is 2.7680991278557796, num_events is 112141, mark_ll is -1.3257501472755282, time_ll is 4.093849222881238[0m
[31;1m2026-09-28 17:49:12,586 - tpp_runner.py[pid:19900;line:140:_train_model] - CRITICAL: current best loglike on valid set is 2.2963 (updated at epoch-10)[0m
[38;20m2026-09-28 17:49:13,337 - tpp_runner.py[pid:19900;line:104:_train_model] - INFO: [ Epoch 27 (train) ]: train loglike is 2.5961295969187046, num_events is 242824, mark_ll is -1.3610443425909815, time_ll is 3.9571739515747515[0m
[38;20m2026-09-28 17:49:13,440 - tpp_runner.py[pid:19900;line:116:_train_model] - INFO: [ Epoch 27 (valid) ]:  valid loglike is 2.2068087532926413, num_events is 52959, mark_ll is -1.3980210885425517, time_ll is 3.604829841835193[0m
[38;20m2026-09-28 17:49:13,614 - tpp_runner.py[pid:19900;line:136:_train_model] - INFO: [ Epoch 27 (test) ]: test loglike is 2.8249379025345323, num_events is 112141, mark_ll is -1.3534332701827387, time_ll is 4.178371129175547[0m
[31;1m2026-09-28 17:49:13,614 - tpp_runner.py[pid:19900;line:140:_train_model] - CRITICAL: current best loglike on valid set is 2.2963 (updated at epoch-10)[0m
[38;20m2026-09-28 17:49:14,377 - tpp_runner.py[pid:19900;line:104:_train_model] - INFO: [ Epoch 28 (train) ]: train loglike is 2.5747528262174972, num_events is 242824, mark_ll is -1.3600574443514128, time_ll is 3.934810238395402[0m
[38;20m2026-09-28 17:49:14,466 - tpp_runner.py[pid:19900;line:116:_train_model] - INFO: [ Epoch 28 (valid) ]:  valid loglike is 2.197433594708879, num_events is 52959, mark_ll is -1.3688630112150437, time_ll is 3.566296495284088[0m
[38;20m2026-09-28 17:49:14,638 - tpp_runner.py[pid:19900;line:136:_train_model] - INFO: [ Epoch 28 (test) ]: test loglike is 2.7683830721480103, num_events is 112141, mark_ll is -1.330709593210222, time_ll is 4.0990925869831285[0m
[31;1m2026-09-28 17:49:14,638 - tpp_runner.py[pid:19900;line:140:_train_model] - CRITICAL: current best loglike on valid set is 2.2963 (updated at epoch-10)[0m
[38;20m2026-09-28 17:49:15,399 - tpp_runner.py[pid:19900;line:104:_train_model] - INFO: [ Epoch 29 (train) ]: train loglike is 2.706315984648346, num_events is 242824, mark_ll is -1.3125616203119337, time_ll is 4.0188776130036565[0m
[38;20m2026-09-28 17:49:15,510 - tpp_runner.py[pid:19900;line:116:_train_model] - INFO: [ Epoch 29 (valid) ]:  valid loglike is 2.1182068063560964, num_events is 52959, mark_ll is -1.4580554060688458, time_ll is 3.5762622308649146[0m
[38;20m2026-09-28 17:49:15,703 - tpp_runner.py[pid:19900;line:136:_train_model] - INFO: [ Epoch 29 (test) ]: test loglike is 2.739071993837557, num_events is 112141, mark_ll is -1.3722360410108703, time_ll is 4.111308095806842[0m
[31;1m2026-09-28 17:49:15,703 - tpp_runner.py[pid:19900;line:140:_train_model] - CRITICAL: current best loglike on valid set is 2.2963 (updated at epoch-10)[0m
[38;20m2026-09-28 17:49:16,463 - tpp_runner.py[pid:19900;line:104:_train_model] - INFO: [ Epoch 30 (train) ]: train loglike is 2.655277185713727, num_events is 242824, mark_ll is -1.362720582377823, time_ll is 4.01799773993973[0m
[38;20m2026-09-28 17:49:16,551 - tpp_runner.py[pid:19900;line:116:_train_model] - INFO: [ Epoch 30 (valid) ]:  valid loglike is 2.26945450283474, num_events is 52959, mark_ll is -1.4201498022792396, time_ll is 3.6896042958939934[0m
[38;20m2026-09-28 17:49:16,731 - tpp_runner.py[pid:19900;line:136:_train_model] - INFO: [ Epoch 30 (test) ]: test loglike is 2.782179563562836, num_events is 112141, mark_ll is -1.3899402715526659, time_ll is 4.172119948323985[0m
[31;1m2026-09-28 17:49:16,731 - tpp_runner.py[pid:19900;line:140:_train_model] - CRITICAL: current best loglike on valid set is 2.2963 (updated at epoch-10)[0m
[38;20m2026-09-28 17:49:17,498 - tpp_runner.py[pid:19900;line:104:_train_model] - INFO: [ Epoch 31 (train) ]: train loglike is 2.6978441167458223, num_events is 242824, mark_ll is -1.337768892509338, time_ll is 4.03561300925516[0m
[38;20m2026-09-28 17:49:17,585 - tpp_runner.py[pid:19900;line:116:_train_model] - INFO: [ Epoch 31 (valid) ]:  valid loglike is 2.3415987559361957, num_events is 52959, mark_ll is -1.3742703763908164, time_ll is 3.715869159986971[0m
[38;20m2026-09-28 17:49:17,789 - tpp_runner.py[pid:19900;line:136:_train_model] - INFO: [ Epoch 31 (test) ]: test loglike is 2.9000301430648694, num_events is 112141, mark_ll is -1.3513579148544022, time_ll is 4.2513881450027196[0m
[31;1m2026-09-28 17:49:17,789 - tpp_runner.py[pid:19900;line:140:_train_model] - CRITICAL: current best loglike on valid set is 2.3416 (updated at epoch-31), best updated at this epoch[0m
[38;20m2026-09-28 17:49:18,543 - tpp_runner.py[pid:19900;line:104:_train_model] - INFO: [ Epoch 32 (train) ]: train loglike is 2.7580797009871345, num_events is 242824, mark_ll is -1.3429149727850727, time_ll is 4.100994701924027[0m
[38;20m2026-09-28 17:49:18,634 - tpp_runner.py[pid:19900;line:116:_train_model] - INFO: [ Epoch 32 (valid) ]:  valid loglike is 2.2497806196479826, num_events is 52959, mark_ll is -1.3999141637723287, time_ll is 3.64969473732038[0m
[38;20m2026-09-28 17:49:18,832 - tpp_runner.py[pid:19900;line:136:_train_model] - INFO: [ Epoch 32 (test) ]: test loglike is 2.7169926734256427, num_events is 112141, mark_ll is -1.3698196407731116, time_ll is 4.08681225324034[0m
[31;1m2026-09-28 17:49:18,832 - tpp_runner.py[pid:19900;line:140:_train_model] - CRITICAL: current best loglike on valid set is 2.3416 (updated at epoch-31)[0m
[38;20m2026-09-28 17:49:19,618 - tpp_runner.py[pid:19900;line:104:_train_model] - INFO: [ Epoch 33 (train) ]: train loglike is 2.68126283562117, num_events is 242824, mark_ll is -1.350165067793443, time_ll is 4.031427895371236[0m
[38;20m2026-09-28 17:49:19,702 - tpp_runner.py[pid:19900;line:116:_train_model] - INFO: [ Epoch 33 (valid) ]:  valid loglike is 2.139188452387696, num_events is 52959, mark_ll is -1.402768828244491, time_ll is 3.5419572068722975[0m
[38;20m2026-09-28 17:49:19,896 - tpp_runner.py[pid:19900;line:136:_train_model] - INFO: [ Epoch 33 (test) ]: test loglike is 2.8454276190939307, num_events is 112141, mark_ll is -1.3631716380633532, time_ll is 4.208599170073835[0m
[31;1m2026-09-28 17:49:19,896 - tpp_runner.py[pid:19900;line:140:_train_model] - CRITICAL: current best loglike on valid set is 2.3416 (updated at epoch-31)[0m
[38;20m2026-09-28 17:49:20,680 - tpp_runner.py[pid:19900;line:104:_train_model] - INFO: [ Epoch 34 (train) ]: train loglike is 2.7685332358132846, num_events is 242824, mark_ll is -1.3415583647389673, time_ll is 4.110091592508875[0m
[38;20m2026-09-28 17:49:20,772 - tpp_runner.py[pid:19900;line:116:_train_model] - INFO: [ Epoch 34 (valid) ]:  valid loglike is 2.220732426116194, num_events is 52959, mark_ll is -1.443148477035301, time_ll is 3.663880829391605[0m
[38;20m2026-09-28 17:49:20,941 - tpp_runner.py[pid:19900;line:136:_train_model] - INFO: [ Epoch 34 (test) ]: test loglike is 2.749805020158773, num_events is 112141, mark_ll is -1.4048706939673046, time_ll is 4.154675757667802[0m
[31;1m2026-09-28 17:49:20,957 - tpp_runner.py[pid:19900;line:140:_train_model] - CRITICAL: current best loglike on valid set is 2.3416 (updated at epoch-31)[0m
[38;20m2026-09-28 17:49:21,695 - tpp_runner.py[pid:19900;line:104:_train_model] - INFO: [ Epoch 35 (train) ]: train loglike is 2.7198808787112787, num_events is 242824, mark_ll is -1.398737473727113, time_ll is 4.1186183846119[0m
[38;20m2026-09-28 17:49:21,787 - tpp_runner.py[pid:19900;line:116:_train_model] - INFO: [ Epoch 35 (valid) ]:  valid loglike is 2.448337909396892, num_events is 52959, mark_ll is -1.4129774182622405, time_ll is 3.861315438298967[0m
[38;20m2026-09-28 17:49:21,976 - tpp_runner.py[pid:19900;line:136:_train_model] - INFO: [ Epoch 35 (test) ]: test loglike is 2.918283504416315, num_events is 112141, mark_ll is -1.3793677922771332, time_ll is 4.29765120961[0m
[31;1m2026-09-28 17:49:21,976 - tpp_runner.py[pid:19900;line:140:_train_model] - CRITICAL: current best loglike on valid set is 2.4483 (updated at epoch-35), best updated at this epoch[0m
[38;20m2026-09-28 17:49:22,746 - tpp_runner.py[pid:19900;line:104:_train_model] - INFO: [ Epoch 36 (train) ]: train loglike is 2.6082986594071222, num_events is 242824, mark_ll is -1.390160933336748, time_ll is 3.998459628939067[0m
[38;20m2026-09-28 17:49:22,838 - tpp_runner.py[pid:19900;line:116:_train_model] - INFO: [ Epoch 36 (valid) ]:  valid loglike is 2.3747071547978154, num_events is 52959, mark_ll is -1.4054024251071584, time_ll is 3.780109635224891[0m
[38;20m2026-09-28 17:49:23,026 - tpp_runner.py[pid:19900;line:136:_train_model] - INFO: [ Epoch 36 (test) ]: test loglike is 2.8920454355454295, num_events is 112141, mark_ll is -1.3616186963426624, time_ll is 4.2536641057630575[0m
[31;1m2026-09-28 17:49:23,026 - tpp_runner.py[pid:19900;line:140:_train_model] - CRITICAL: current best loglike on valid set is 2.4483 (updated at epoch-35)[0m
[38;20m2026-09-28 17:49:23,770 - tpp_runner.py[pid:19900;line:104:_train_model] - INFO: [ Epoch 37 (train) ]: train loglike is 2.7644305343710878, num_events is 242824, mark_ll is -1.3394494676764344, time_ll is 4.103880030199342[0m
[38;20m2026-09-28 17:49:23,870 - tpp_runner.py[pid:19900;line:116:_train_model] - INFO: [ Epoch 37 (valid) ]:  valid loglike is 2.2209913048891594, num_events is 52959, mark_ll is -1.3867537859476198, time_ll is 3.6077450539568345[0m
[38;20m2026-09-28 17:49:24,078 - tpp_runner.py[pid:19900;line:136:_train_model] - INFO: [ Epoch 37 (test) ]: test loglike is 2.830582821480045, num_events is 112141, mark_ll is -1.3447682928885287, time_ll is 4.17535116226447[0m
[31;1m2026-09-28 17:49:24,078 - tpp_runner.py[pid:19900;line:140:_train_model] - CRITICAL: current best loglike on valid set is 2.4483 (updated at epoch-35)[0m
[38;20m2026-09-28 17:49:24,855 - tpp_runner.py[pid:19900;line:104:_train_model] - INFO: [ Epoch 38 (train) ]: train loglike is 2.814593304976032, num_events is 242824, mark_ll is -1.3277039573608354, time_ll is 4.142297274401933[0m
[38;20m2026-09-28 17:49:24,948 - tpp_runner.py[pid:19900;line:116:_train_model] - INFO: [ Epoch 38 (valid) ]:  valid loglike is 2.3987216599751693, num_events is 52959, mark_ll is -1.3575641117273505, time_ll is 3.7562857440425614[0m
[38;20m2026-09-28 17:49:25,127 - tpp_runner.py[pid:19900;line:136:_train_model] - INFO: [ Epoch 38 (test) ]: test loglike is 2.9523270630695952, num_events is 112141, mark_ll is -1.327962023326103, time_ll is 4.280289173479146[0m
[31;1m2026-09-28 17:49:25,127 - tpp_runner.py[pid:19900;line:140:_train_model] - CRITICAL: current best loglike on valid set is 2.4483 (updated at epoch-35)[0m
[38;20m2026-09-28 17:49:25,856 - tpp_runner.py[pid:19900;line:104:_train_model] - INFO: [ Epoch 39 (train) ]: train loglike is 2.8033422411589775, num_events is 242824, mark_ll is -1.3309328142502388, time_ll is 4.134275123777922[0m
[38;20m2026-09-28 17:49:25,954 - tpp_runner.py[pid:19900;line:116:_train_model] - INFO: [ Epoch 39 (valid) ]:  valid loglike is 2.2701819781871353, num_events is 52959, mark_ll is -1.3995594985625672, time_ll is 3.6697414583097303[0m
[38;20m2026-09-28 17:49:26,132 - tpp_runner.py[pid:19900;line:136:_train_model] - INFO: [ Epoch 39 (test) ]: test loglike is 2.8146616811508505, num_events is 112141, mark_ll is -1.363835092024215, time_ll is 4.178496790591755[0m
[31;1m2026-09-28 17:49:26,132 - tpp_runner.py[pid:19900;line:140:_train_model] - CRITICAL: current best loglike on valid set is 2.4483 (updated at epoch-35)[0m
[38;20m2026-09-28 17:49:26,935 - tpp_runner.py[pid:19900;line:104:_train_model] - INFO: [ Epoch 40 (train) ]: train loglike is 2.692878453440043, num_events is 242824, mark_ll is -1.342852230422034, time_ll is 4.0357306758187[0m
[38;20m2026-09-28 17:49:27,026 - tpp_runner.py[pid:19900;line:116:_train_model] - INFO: [ Epoch 40 (valid) ]:  valid loglike is 2.278532943822108, num_events is 52959, mark_ll is -1.3953862377617592, time_ll is 3.6739192922237014[0m
[38;20m2026-09-28 17:49:27,214 - tpp_runner.py[pid:19900;line:136:_train_model] - INFO: [ Epoch 40 (test) ]: test loglike is 2.8186565821014393, num_events is 112141, mark_ll is -1.363168494350862, time_ll is 4.181824963243818[0m
[31;1m2026-09-28 17:49:27,214 - tpp_runner.py[pid:19900;line:140:_train_model] - CRITICAL: current best loglike on valid set is 2.4483 (updated at epoch-35)[0m
[38;20m2026-09-28 17:49:27,982 - tpp_runner.py[pid:19900;line:104:_train_model] - INFO: [ Epoch 41 (train) ]: train loglike is 2.674983801442866, num_events is 242824, mark_ll is -1.3585840424481825, time_ll is 4.033567803674163[0m
[38;20m2026-09-28 17:49:28,071 - tpp_runner.py[pid:19900;line:116:_train_model] - INFO: [ Epoch 41 (valid) ]:  valid loglike is 2.136808718625493, num_events is 52959, mark_ll is -1.3470405946404294, time_ll is 3.4838494239057574[0m
[38;20m2026-09-28 17:49:28,248 - tpp_runner.py[pid:19900;line:136:_train_model] - INFO: [ Epoch 41 (test) ]: test loglike is 2.7163463226540694, num_events is 112141, mark_ll is -1.3407765269420864, time_ll is 4.057122771221052[0m
[31;1m2026-09-28 17:49:28,248 - tpp_runner.py[pid:19900;line:140:_train_model] - CRITICAL: current best loglike on valid set is 2.4483 (updated at epoch-35)[0m
[38;20m2026-09-28 17:49:29,017 - tpp_runner.py[pid:19900;line:104:_train_model] - INFO: [ Epoch 42 (train) ]: train loglike is 2.760484155962755, num_events is 242824, mark_ll is -1.3112866485216659, time_ll is 4.0717707803542895[0m
[38;20m2026-09-28 17:49:29,112 - tpp_runner.py[pid:19900;line:116:_train_model] - INFO: [ Epoch 42 (valid) ]:  valid loglike is 2.385057935442984, num_events is 52959, mark_ll is -1.3788936923787742, time_ll is 3.7639516831416757[0m
[38;20m2026-09-28 17:49:29,299 - tpp_runner.py[pid:19900;line:136:_train_model] - INFO: [ Epoch 42 (test) ]: test loglike is 2.8045368108006885, num_events is 112141, mark_ll is -1.356667087918335, time_ll is 4.161203950969092[0m
[31;1m2026-09-28 17:49:29,299 - tpp_runner.py[pid:19900;line:140:_train_model] - CRITICAL: current best loglike on valid set is 2.4483 (updated at epoch-35)[0m
[38;20m2026-09-28 17:49:30,037 - tpp_runner.py[pid:19900;line:104:_train_model] - INFO: [ Epoch 43 (train) ]: train loglike is 2.737116424215687, num_events is 242824, mark_ll is -1.3542440292081404, time_ll is 4.0913604654888935[0m
[38;20m2026-09-28 17:49:30,132 - tpp_runner.py[pid:19900;line:116:_train_model] - INFO: [ Epoch 43 (valid) ]:  valid loglike is 2.3853999969315884, num_events is 52959, mark_ll is -1.3868307728325213, time_ll is 3.772230861963972[0m
[38;20m2026-09-28 17:49:30,317 - tpp_runner.py[pid:19900;line:136:_train_model] - INFO: [ Epoch 43 (test) ]: test loglike is 2.9238479277761926, num_events is 112141, mark_ll is -1.3595219184859908, time_ll is 4.28336975047039[0m
[31;1m2026-09-28 17:49:30,317 - tpp_runner.py[pid:19900;line:140:_train_model] - CRITICAL: current best loglike on valid set is 2.4483 (updated at epoch-35)[0m
[38;20m2026-09-28 17:49:31,062 - tpp_runner.py[pid:19900;line:104:_train_model] - INFO: [ Epoch 44 (train) ]: train loglike is 2.828813291886562, num_events is 242824, mark_ll is -1.320580863255125, time_ll is 4.149394114924801[0m
[38;20m2026-09-28 17:49:31,165 - tpp_runner.py[pid:19900;line:116:_train_model] - INFO: [ Epoch 44 (valid) ]:  valid loglike is 2.4199172465669196, num_events is 52959, mark_ll is -1.3332978732663476, time_ll is 3.7532150829533224[0m
[38;20m2026-09-28 17:49:31,353 - tpp_runner.py[pid:19900;line:136:_train_model] - INFO: [ Epoch 44 (test) ]: test loglike is 2.92483841491961, num_events is 112141, mark_ll is -1.331584477075735, time_ll is 4.256422926828725[0m
[31;1m2026-09-28 17:49:31,353 - tpp_runner.py[pid:19900;line:140:_train_model] - CRITICAL: current best loglike on valid set is 2.4483 (updated at epoch-35)[0m
[38;20m2026-09-28 17:49:32,091 - tpp_runner.py[pid:19900;line:104:_train_model] - INFO: [ Epoch 45 (train) ]: train loglike is 2.8799978448575407, num_events is 242824, mark_ll is -1.330099616903601, time_ll is 4.210097449696076[0m
[38;20m2026-09-28 17:49:32,185 - tpp_runner.py[pid:19900;line:116:_train_model] - INFO: [ Epoch 45 (valid) ]:  valid loglike is 2.4847216899216846, num_events is 52959, mark_ll is -1.3883300716710096, time_ll is 3.873051706272777[0m
[38;20m2026-09-28 17:49:32,435 - tpp_runner.py[pid:19900;line:136:_train_model] - INFO: [ Epoch 45 (test) ]: test loglike is 2.9400931796382457, num_events is 112141, mark_ll is -1.3519949128636048, time_ll is 4.29208809250185[0m
[31;1m2026-09-28 17:49:32,435 - tpp_runner.py[pid:19900;line:140:_train_model] - CRITICAL: current best loglike on valid set is 2.4847 (updated at epoch-45), best updated at this epoch[0m
[38;20m2026-09-28 17:49:33,187 - tpp_runner.py[pid:19900;line:104:_train_model] - INFO: [ Epoch 46 (train) ]: train loglike is 2.6444743431070448, num_events is 242824, mark_ll is -1.370060614407194, time_ll is 4.014534945449173[0m
[38;20m2026-09-28 17:49:33,281 - tpp_runner.py[pid:19900;line:116:_train_model] - INFO: [ Epoch 46 (valid) ]:  valid loglike is 2.3135039827390056, num_events is 52959, mark_ll is -1.407620661590806, time_ll is 3.7211245521299494[0m
[38;20m2026-09-28 17:49:33,533 - tpp_runner.py[pid:19900;line:136:_train_model] - INFO: [ Epoch 46 (test) ]: test loglike is 2.9292797056272906, num_events is 112141, mark_ll is -1.361635729865192, time_ll is 4.290915479034207[0m
[31;1m2026-09-28 17:49:33,533 - tpp_runner.py[pid:19900;line:140:_train_model] - CRITICAL: current best loglike on valid set is 2.4847 (updated at epoch-45)[0m
[38;20m2026-09-28 17:49:34,285 - tpp_runner.py[pid:19900;line:104:_train_model] - INFO: [ Epoch 47 (train) ]: train loglike is 2.7920778876721153, num_events is 242824, mark_ll is -1.336849454073475, time_ll is 4.128927291474484[0m
[38;20m2026-09-28 17:49:34,380 - tpp_runner.py[pid:19900;line:116:_train_model] - INFO: [ Epoch 47 (valid) ]:  valid loglike is 2.4196604515108384, num_events is 52959, mark_ll is -1.3462541205962395, time_ll is 3.7659145444471194[0m
[38;20m2026-09-28 17:49:34,567 - tpp_runner.py[pid:19900;line:136:_train_model] - INFO: [ Epoch 47 (test) ]: test loglike is 2.967623532051725, num_events is 112141, mark_ll is -1.3343289816224664, time_ll is 4.301952452715778[0m
[31;1m2026-09-28 17:49:34,567 - tpp_runner.py[pid:19900;line:140:_train_model] - CRITICAL: current best loglike on valid set is 2.4847 (updated at epoch-45)[0m
[38;20m2026-09-28 17:49:35,306 - tpp_runner.py[pid:19900;line:104:_train_model] - INFO: [ Epoch 48 (train) ]: train loglike is 2.8602498499749305, num_events is 242824, mark_ll is -1.3319530321794284, time_ll is 4.192202858024228[0m
[38;20m2026-09-28 17:49:35,400 - tpp_runner.py[pid:19900;line:116:_train_model] - INFO: [ Epoch 48 (valid) ]:  valid loglike is 2.4095407052802638, num_events is 52959, mark_ll is -1.4011666527998075, time_ll is 3.8107074133999888[0m
[38;20m2026-09-28 17:49:35,601 - tpp_runner.py[pid:19900;line:136:_train_model] - INFO: [ Epoch 48 (test) ]: test loglike is 2.9907642777842183, num_events is 112141, mark_ll is -1.3684862277177838, time_ll is 4.359250575168761[0m
[31;1m2026-09-28 17:49:35,601 - tpp_runner.py[pid:19900;line:140:_train_model] - CRITICAL: current best loglike on valid set is 2.4847 (updated at epoch-45)[0m
[38;20m2026-09-28 17:49:36,358 - tpp_runner.py[pid:19900;line:104:_train_model] - INFO: [ Epoch 49 (train) ]: train loglike is 2.943072435565471, num_events is 242824, mark_ll is -1.3334280990617176, time_ll is 4.276500538648877[0m
[38;20m2026-09-28 17:49:36,452 - tpp_runner.py[pid:19900;line:116:_train_model] - INFO: [ Epoch 49 (valid) ]:  valid loglike is 2.3790467072700108, num_events is 52959, mark_ll is -1.373240208890958, time_ll is 3.7522870729007347[0m
[38;20m2026-09-28 17:49:36,637 - tpp_runner.py[pid:19900;line:136:_train_model] - INFO: [ Epoch 49 (test) ]: test loglike is 3.035232578642624, num_events is 112141, mark_ll is -1.3385654433508931, time_ll is 4.373797987160137[0m
[31;1m2026-09-28 17:49:36,637 - tpp_runner.py[pid:19900;line:140:_train_model] - CRITICAL: current best loglike on valid set is 2.4847 (updated at epoch-45)[0m
[38;20m2026-09-28 17:49:37,400 - tpp_runner.py[pid:19900;line:104:_train_model] - INFO: [ Epoch 50 (train) ]: train loglike is 2.8778021718212057, num_events is 242824, mark_ll is -1.3188286859451186, time_ll is 4.196630817549439[0m
[38;20m2026-09-28 17:49:37,486 - tpp_runner.py[pid:19900;line:116:_train_model] - INFO: [ Epoch 50 (valid) ]:  valid loglike is 2.388191495278187, num_events is 52959, mark_ll is -1.3908126267194905, time_ll is 3.779004232637512[0m
[38;20m2026-09-28 17:49:37,687 - tpp_runner.py[pid:19900;line:136:_train_model] - INFO: [ Epoch 50 (test) ]: test loglike is 2.8897648767790103, num_events is 112141, mark_ll is -1.3693961278379452, time_ll is 4.259161126533783[0m
[31;1m2026-09-28 17:49:37,687 - tpp_runner.py[pid:19900;line:140:_train_model] - CRITICAL: current best loglike on valid set is 2.4847 (updated at epoch-45)[0m
[38;20m2026-09-28 17:49:38,487 - tpp_runner.py[pid:19900;line:104:_train_model] - INFO: [ Epoch 51 (train) ]: train loglike is 2.8266756357292215, num_events is 242824, mark_ll is -1.367922974336608, time_ll is 4.194598682456223[0m
[38;20m2026-09-28 17:49:38,570 - tpp_runner.py[pid:19900;line:116:_train_model] - INFO: [ Epoch 51 (valid) ]:  valid loglike is 2.455192139349544, num_events is 52959, mark_ll is -1.4015548142194905, time_ll is 3.8567470457688966[0m
[38;20m2026-09-28 17:49:38,754 - tpp_runner.py[pid:19900;line:136:_train_model] - INFO: [ Epoch 51 (test) ]: test loglike is 2.931836466967367, num_events is 112141, mark_ll is -1.3748252496438635, time_ll is 4.306661664361162[0m
[31;1m2026-09-28 17:49:38,754 - tpp_runner.py[pid:19900;line:140:_train_model] - CRITICAL: current best loglike on valid set is 2.4847 (updated at epoch-45)[0m
[38;20m2026-09-28 17:49:39,516 - tpp_runner.py[pid:19900;line:104:_train_model] - INFO: [ Epoch 52 (train) ]: train loglike is 2.874583035353023, num_events is 242824, mark_ll is -1.3457475928102762, time_ll is 4.220330676423562[0m
[38;20m2026-09-28 17:49:39,601 - tpp_runner.py[pid:19900;line:116:_train_model] - INFO: [ Epoch 52 (valid) ]:  valid loglike is 2.349610186358787, num_events is 52959, mark_ll is -1.389620574701656, time_ll is 3.7392306135406637[0m
[38;20m2026-09-28 17:49:39,787 - tpp_runner.py[pid:19900;line:136:_train_model] - INFO: [ Epoch 52 (test) ]: test loglike is 2.9046901786868764, num_events is 112141, mark_ll is -1.3621501579206088, time_ll is 4.266840423690934[0m
[31;1m2026-09-28 17:49:39,788 - tpp_runner.py[pid:19900;line:140:_train_model] - CRITICAL: current best loglike on valid set is 2.4847 (updated at epoch-45)[0m
[38;20m2026-09-28 17:49:40,558 - tpp_runner.py[pid:19900;line:104:_train_model] - INFO: [ Epoch 53 (train) ]: train loglike is 2.868166676597556, num_events is 242824, mark_ll is -1.3519576550299806, time_ll is 4.220124347714291[0m
[38;20m2026-09-28 17:49:40,637 - tpp_runner.py[pid:19900;line:116:_train_model] - INFO: [ Epoch 53 (valid) ]:  valid loglike is 2.4637466638401877, num_events is 52959, mark_ll is -1.395452086903312, time_ll is 3.8591987876234444[0m
[38;20m2026-09-28 17:49:40,837 - tpp_runner.py[pid:19900;line:136:_train_model] - INFO: [ Epoch 53 (test) ]: test loglike is 2.957810551072422, num_events is 112141, mark_ll is -1.3670035710483899, time_ll is 4.32481422662095[0m
[31;1m2026-09-28 17:49:40,837 - tpp_runner.py[pid:19900;line:140:_train_model] - CRITICAL: current best loglike on valid set is 2.4847 (updated at epoch-45)[0m
[38;20m2026-09-28 17:49:41,594 - tpp_runner.py[pid:19900;line:104:_train_model] - INFO: [ Epoch 54 (train) ]: train loglike is 2.896660750172965, num_events is 242824, mark_ll is -1.3497754868237901, time_ll is 4.246436269170263[0m
[38;20m2026-09-28 17:49:41,689 - tpp_runner.py[pid:19900;line:116:_train_model] - INFO: [ Epoch 54 (valid) ]:  valid loglike is 2.4790029381514476, num_events is 52959, mark_ll is -1.3699095810703799, time_ll is 3.8489125284418133[0m
[38;20m2026-09-28 17:49:41,874 - tpp_runner.py[pid:19900;line:136:_train_model] - INFO: [ Epoch 54 (test) ]: test loglike is 3.01463170876954, num_events is 112141, mark_ll is -1.3471032962269598, time_ll is 4.361734856954637[0m
[31;1m2026-09-28 17:49:41,874 - tpp_runner.py[pid:19900;line:140:_train_model] - CRITICAL: current best loglike on valid set is 2.4847 (updated at epoch-45)[0m
[38;20m2026-09-28 17:49:42,643 - tpp_runner.py[pid:19900;line:104:_train_model] - INFO: [ Epoch 55 (train) ]: train loglike is 2.8404206451354685, num_events is 242824, mark_ll is -1.3275421165702834, time_ll is 4.167962813987703[0m
[38;20m2026-09-28 17:49:42,737 - tpp_runner.py[pid:19900;line:116:_train_model] - INFO: [ Epoch 55 (valid) ]:  valid loglike is 2.4938017905065712, num_events is 52959, mark_ll is -1.3741008024043364, time_ll is 3.867902712770728[0m
[38;20m2026-09-28 17:49:42,948 - tpp_runner.py[pid:19900;line:136:_train_model] - INFO: [ Epoch 55 (test) ]: test loglike is 2.9062414658220455, num_events is 112141, mark_ll is -1.3532810396063883, time_ll is 4.259522383511606[0m
[31;1m2026-09-28 17:49:42,948 - tpp_runner.py[pid:19900;line:140:_train_model] - CRITICAL: current best loglike on valid set is 2.4938 (updated at epoch-55), best updated at this epoch[0m
[38;20m2026-09-28 17:49:43,699 - tpp_runner.py[pid:19900;line:104:_train_model] - INFO: [ Epoch 56 (train) ]: train loglike is 2.8714404034660905, num_events is 242824, mark_ll is -1.3421706989939215, time_ll is 4.213611118546766[0m
[38;20m2026-09-28 17:49:43,777 - tpp_runner.py[pid:19900;line:116:_train_model] - INFO: [ Epoch 56 (valid) ]:  valid loglike is 2.3559725300468286, num_events is 52959, mark_ll is -1.363528640670141, time_ll is 3.7195012075969145[0m
[38;20m2026-09-28 17:49:44,006 - tpp_runner.py[pid:19900;line:136:_train_model] - INFO: [ Epoch 56 (test) ]: test loglike is 2.85319030736138, num_events is 112141, mark_ll is -1.3480379280464996, time_ll is 4.201228305074638[0m
[31;1m2026-09-28 17:49:44,006 - tpp_runner.py[pid:19900;line:140:_train_model] - CRITICAL: current best loglike on valid set is 2.4938 (updated at epoch-55)[0m
[38;20m2026-09-28 17:49:44,809 - tpp_runner.py[pid:19900;line:104:_train_model] - INFO: [ Epoch 57 (train) ]: train loglike is 2.8703673566361334, num_events is 242824, mark_ll is -1.324981065085978, time_ll is 4.195348373461849[0m
[38;20m2026-09-28 17:49:44,888 - tpp_runner.py[pid:19900;line:116:_train_model] - INFO: [ Epoch 57 (valid) ]:  valid loglike is 2.481878504332361, num_events is 52959, mark_ll is -1.3535550312210862, time_ll is 3.8354336093133368[0m
[38;20m2026-09-28 17:49:45,085 - tpp_runner.py[pid:19900;line:136:_train_model] - INFO: [ Epoch 57 (test) ]: test loglike is 2.9040870909725256, num_events is 112141, mark_ll is -1.3405675179573038, time_ll is 4.24465460892983[0m
[31;1m2026-09-28 17:49:45,086 - tpp_runner.py[pid:19900;line:140:_train_model] - CRITICAL: current best loglike on valid set is 2.4938 (updated at epoch-55)[0m
[38;20m2026-09-28 17:49:45,873 - tpp_runner.py[pid:19900;line:104:_train_model] - INFO: [ Epoch 58 (train) ]: train loglike is 2.949009300460416, num_events is 242824, mark_ll is -1.320590225746065, time_ll is 4.269599554358301[0m
[38;20m2026-09-28 17:49:45,968 - tpp_runner.py[pid:19900;line:116:_train_model] - INFO: [ Epoch 58 (valid) ]:  valid loglike is 2.3984326134073055, num_events is 52959, mark_ll is -1.3711160347066835, time_ll is 3.76954869421392[0m
[38;20m2026-09-28 17:49:46,328 - tpp_runner.py[pid:19900;line:136:_train_model] - INFO: [ Epoch 58 (test) ]: test loglike is 2.9006237996417457, num_events is 112141, mark_ll is -1.3351433773246404, time_ll is 4.235767290174869[0m
[31;1m2026-09-28 17:49:46,328 - tpp_runner.py[pid:19900;line:140:_train_model] - CRITICAL: current best loglike on valid set is 2.4938 (updated at epoch-55)[0m
[38;20m2026-09-28 17:49:47,111 - tpp_runner.py[pid:19900;line:104:_train_model] - INFO: [ Epoch 59 (train) ]: train loglike is 2.834101132661928, num_events is 242824, mark_ll is -1.3346593068372052, time_ll is 4.168760443520822[0m
[38;20m2026-09-28 17:49:47,205 - tpp_runner.py[pid:19900;line:116:_train_model] - INFO: [ Epoch 59 (valid) ]:  valid loglike is 2.5446142593798977, num_events is 52959, mark_ll is -1.3899886642113475, time_ll is 3.934603043451066[0m
[38;20m2026-09-28 17:49:47,394 - tpp_runner.py[pid:19900;line:136:_train_model] - INFO: [ Epoch 59 (test) ]: test loglike is 3.04611991683461, num_events is 112141, mark_ll is -1.340029908287892, time_ll is 4.386149746747399[0m
[31;1m2026-09-28 17:49:47,394 - tpp_runner.py[pid:19900;line:140:_train_model] - CRITICAL: current best loglike on valid set is 2.5446 (updated at epoch-59), best updated at this epoch[0m
[38;20m2026-09-28 17:49:48,256 - tpp_runner.py[pid:19900;line:104:_train_model] - INFO: [ Epoch 60 (train) ]: train loglike is 2.9311415897548225, num_events is 242824, mark_ll is -1.3129840866288442, time_ll is 4.24412564018847[0m
[38;20m2026-09-28 17:49:48,342 - tpp_runner.py[pid:19900;line:116:_train_model] - INFO: [ Epoch 60 (valid) ]:  valid loglike is 2.4565165903694366, num_events is 52959, mark_ll is -1.3575524023448564, time_ll is 3.8140689097344174[0m
[38;20m2026-09-28 17:49:48,541 - tpp_runner.py[pid:19900;line:136:_train_model] - INFO: [ Epoch 60 (test) ]: test loglike is 2.98785238143275, num_events is 112141, mark_ll is -1.3249260069354651, time_ll is 4.312778423201594[0m
[31;1m2026-09-28 17:49:48,541 - tpp_runner.py[pid:19900;line:140:_train_model] - CRITICAL: current best loglike on valid set is 2.5446 (updated at epoch-59)[0m
[38;20m2026-09-28 17:49:49,354 - tpp_runner.py[pid:19900;line:104:_train_model] - INFO: [ Epoch 61 (train) ]: train loglike is 3.008039785728295, num_events is 242824, mark_ll is -1.3070005781901193, time_ll is 4.315040355875037[0m
[38;20m2026-09-28 17:49:49,437 - tpp_runner.py[pid:19900;line:116:_train_model] - INFO: [ Epoch 61 (valid) ]:  valid loglike is 2.4558700111760987, num_events is 52959, mark_ll is -1.3422436847520016, time_ll is 3.7981137973479484[0m
[38;20m2026-09-28 17:49:49,642 - tpp_runner.py[pid:19900;line:136:_train_model] - INFO: [ Epoch 61 (test) ]: test loglike is 3.0030110931076726, num_events is 112141, mark_ll is -1.322833670334668, time_ll is 4.325844789567375[0m
[31;1m2026-09-28 17:49:49,642 - tpp_runner.py[pid:19900;line:140:_train_model] - CRITICAL: current best loglike on valid set is 2.5446 (updated at epoch-59)[0m
[38;20m2026-09-28 17:49:50,392 - tpp_runner.py[pid:19900;line:104:_train_model] - INFO: [ Epoch 62 (train) ]: train loglike is 3.0217487085231998, num_events is 242824, mark_ll is -1.3101795540764607, time_ll is 4.331928230426152[0m
[38;20m2026-09-28 17:49:50,484 - tpp_runner.py[pid:19900;line:116:_train_model] - INFO: [ Epoch 62 (valid) ]:  valid loglike is 2.596194697785079, num_events is 52959, mark_ll is -1.340689508555557, time_ll is 3.936884252440567[0m
[38;20m2026-09-28 17:49:50,660 - tpp_runner.py[pid:19900;line:136:_train_model] - INFO: [ Epoch 62 (test) ]: test loglike is 3.1575760893373075, num_events is 112141, mark_ll is -1.3159978025014267, time_ll is 4.47357384829701[0m
[31;1m2026-09-28 17:49:50,660 - tpp_runner.py[pid:19900;line:140:_train_model] - CRITICAL: current best loglike on valid set is 2.5962 (updated at epoch-62), best updated at this epoch[0m
[38;20m2026-09-28 17:49:51,434 - tpp_runner.py[pid:19900;line:104:_train_model] - INFO: [ Epoch 63 (train) ]: train loglike is 3.0088068544501367, num_events is 242824, mark_ll is -1.314655536584625, time_ll is 4.323462391034762[0m
[38;20m2026-09-28 17:49:51,522 - tpp_runner.py[pid:19900;line:116:_train_model] - INFO: [ Epoch 63 (valid) ]:  valid loglike is 2.608590139453398, num_events is 52959, mark_ll is -1.345768550022187, time_ll is 3.954358818555392[0m
[38;20m2026-09-28 17:49:51,710 - tpp_runner.py[pid:19900;line:136:_train_model] - INFO: [ Epoch 63 (test) ]: test loglike is 3.0945076956688453, num_events is 112141, mark_ll is -1.3201709719794723, time_ll is 4.414678667648317[0m
[31;1m2026-09-28 17:49:51,710 - tpp_runner.py[pid:19900;line:140:_train_model] - CRITICAL: current best loglike on valid set is 2.6086 (updated at epoch-63), best updated at this epoch[0m
[38;20m2026-09-28 17:49:52,446 - tpp_runner.py[pid:19900;line:104:_train_model] - INFO: [ Epoch 64 (train) ]: train loglike is 3.011569565463309, num_events is 242824, mark_ll is -1.3172452265130814, time_ll is 4.328814824149899[0m
[38;20m2026-09-28 17:49:52,537 - tpp_runner.py[pid:19900;line:116:_train_model] - INFO: [ Epoch 64 (valid) ]:  valid loglike is 2.523807959046149, num_events is 52959, mark_ll is -1.356511807040588, time_ll is 3.880319600126985[0m
[38;20m2026-09-28 17:49:52,710 - tpp_runner.py[pid:19900;line:136:_train_model] - INFO: [ Epoch 64 (test) ]: test loglike is 3.1041997961132637, num_events is 112141, mark_ll is -1.3221669507444869, time_ll is 4.426366851357889[0m
[31;1m2026-09-28 17:49:52,710 - tpp_runner.py[pid:19900;line:140:_train_model] - CRITICAL: current best loglike on valid set is 2.6086 (updated at epoch-63)[0m
[38;20m2026-09-28 17:49:53,496 - tpp_runner.py[pid:19900;line:104:_train_model] - INFO: [ Epoch 65 (train) ]: train loglike is 3.009282354773931, num_events is 242824, mark_ll is -1.3170244358117917, time_ll is 4.326306818737542[0m
[38;20m2026-09-28 17:49:53,595 - tpp_runner.py[pid:19900;line:116:_train_model] - INFO: [ Epoch 65 (valid) ]:  valid loglike is 2.510580063262382, num_events is 52959, mark_ll is -1.3466132667193018, time_ll is 3.8571933668616287[0m
[38;20m2026-09-28 17:49:53,797 - tpp_runner.py[pid:19900;line:136:_train_model] - INFO: [ Epoch 65 (test) ]: test loglike is 3.029394138503647, num_events is 112141, mark_ll is -1.3190340627257202, time_ll is 4.348428105437574[0m
[31;1m2026-09-28 17:49:53,797 - tpp_runner.py[pid:19900;line:140:_train_model] - CRITICAL: current best loglike on valid set is 2.6086 (updated at epoch-63)[0m
[38;20m2026-09-28 17:49:54,547 - tpp_runner.py[pid:19900;line:104:_train_model] - INFO: [ Epoch 66 (train) ]: train loglike is 3.0272169863769642, num_events is 242824, mark_ll is -1.3307250578415333, time_ll is 4.357942104543826[0m
[38;20m2026-09-28 17:49:54,655 - tpp_runner.py[pid:19900;line:116:_train_model] - INFO: [ Epoch 66 (valid) ]:  valid loglike is 2.597920476364971, num_events is 52959, mark_ll is -1.3620086706225571, time_ll is 3.95992923918739[0m
[38;20m2026-09-28 17:49:54,844 - tpp_runner.py[pid:19900;line:136:_train_model] - INFO: [ Epoch 66 (test) ]: test loglike is 3.1106768453052407, num_events is 112141, mark_ll is -1.336422929267061, time_ll is 4.447099800697337[0m
[31;1m2026-09-28 17:49:54,844 - tpp_runner.py[pid:19900;line:140:_train_model] - CRITICAL: current best loglike on valid set is 2.6086 (updated at epoch-63)[0m
[38;20m2026-09-28 17:49:55,580 - tpp_runner.py[pid:19900;line:104:_train_model] - INFO: [ Epoch 67 (train) ]: train loglike is 3.0574470379009075, num_events is 242824, mark_ll is -1.310122160559191, time_ll is 4.367569174329967[0m
[38;20m2026-09-28 17:49:55,685 - tpp_runner.py[pid:19900;line:116:_train_model] - INFO: [ Epoch 67 (valid) ]:  valid loglike is 2.6071439846154574, num_events is 52959, mark_ll is -1.3492968635672171, time_ll is 3.956440838962688[0m
[38;20m2026-09-28 17:49:55,885 - tpp_runner.py[pid:19900;line:136:_train_model] - INFO: [ Epoch 67 (test) ]: test loglike is 3.142457906299324, num_events is 112141, mark_ll is -1.328603976383526, time_ll is 4.471061891391195[0m
[31;1m2026-09-28 17:49:55,885 - tpp_runner.py[pid:19900;line:140:_train_model] - CRITICAL: current best loglike on valid set is 2.6086 (updated at epoch-63)[0m
[38;20m2026-09-28 17:49:56,647 - tpp_runner.py[pid:19900;line:104:_train_model] - INFO: [ Epoch 68 (train) ]: train loglike is 3.024875092788398, num_events is 242824, mark_ll is -1.315226777225995, time_ll is 4.340101757407114[0m
[38;20m2026-09-28 17:49:56,736 - tpp_runner.py[pid:19900;line:116:_train_model] - INFO: [ Epoch 68 (valid) ]:  valid loglike is 2.4188504757217846, num_events is 52959, mark_ll is -1.3411716400747513, time_ll is 3.760022198776412[0m
[38;20m2026-09-28 17:49:56,911 - tpp_runner.py[pid:19900;line:136:_train_model] - INFO: [ Epoch 68 (test) ]: test loglike is 3.0238158253337315, num_events is 112141, mark_ll is -1.3196484538716884, time_ll is 4.34346427920542[0m
[31;1m2026-09-28 17:49:56,911 - tpp_runner.py[pid:19900;line:140:_train_model] - CRITICAL: current best loglike on valid set is 2.6086 (updated at epoch-63)[0m
[38;20m2026-09-28 17:49:57,636 - tpp_runner.py[pid:19900;line:104:_train_model] - INFO: [ Epoch 69 (train) ]: train loglike is 3.0695546680913313, num_events is 242824, mark_ll is -1.2955069100330898, time_ll is 4.365061623368417[0m
[38;20m2026-09-28 17:49:57,729 - tpp_runner.py[pid:19900;line:116:_train_model] - INFO: [ Epoch 69 (valid) ]:  valid loglike is 2.7141264719523592, num_events is 52959, mark_ll is -1.3257693672817652, time_ll is 4.03989587611407[0m
[38;20m2026-09-28 17:49:57,916 - tpp_runner.py[pid:19900;line:136:_train_model] - INFO: [ Epoch 69 (test) ]: test loglike is 3.20716120463022, num_events is 112141, mark_ll is -1.3076182847514513, time_ll is 4.514779489381671[0m
[31;1m2026-09-28 17:49:57,916 - tpp_runner.py[pid:19900;line:140:_train_model] - CRITICAL: current best loglike on valid set is 2.7141 (updated at epoch-69), best updated at this epoch[0m
[38;20m2026-09-28 17:49:58,689 - tpp_runner.py[pid:19900;line:104:_train_model] - INFO: [ Epoch 70 (train) ]: train loglike is 3.1454728962000256, num_events is 242824, mark_ll is -1.2859850154458579, time_ll is 4.431457903602507[0m
[38;20m2026-09-28 17:49:58,774 - tpp_runner.py[pid:19900;line:116:_train_model] - INFO: [ Epoch 70 (valid) ]:  valid loglike is 2.516583915446383, num_events is 52959, mark_ll is -1.3257828837815575, time_ll is 3.8423667070280785[0m
[38;20m2026-09-28 17:49:58,963 - tpp_runner.py[pid:19900;line:136:_train_model] - INFO: [ Epoch 70 (test) ]: test loglike is 3.0812900392279587, num_events is 112141, mark_ll is -1.309099025584978, time_ll is 4.390389090937971[0m
[31;1m2026-09-28 17:49:58,963 - tpp_runner.py[pid:19900;line:140:_train_model] - CRITICAL: current best loglike on valid set is 2.7141 (updated at epoch-69)[0m
[38;20m2026-09-28 17:49:59,705 - tpp_runner.py[pid:19900;line:104:_train_model] - INFO: [ Epoch 71 (train) ]: train loglike is 3.108825631311799, num_events is 242824, mark_ll is -1.2854260892148222, time_ll is 4.394251702429023[0m
[38;20m2026-09-28 17:49:59,800 - tpp_runner.py[pid:19900;line:116:_train_model] - INFO: [ Epoch 71 (valid) ]:  valid loglike is 2.646774011646982, num_events is 52959, mark_ll is -1.317170420897534, time_ll is 3.9639443956645706[0m
[38;20m2026-09-28 17:50:00,001 - tpp_runner.py[pid:19900;line:136:_train_model] - INFO: [ Epoch 71 (test) ]: test loglike is 3.1164208869860266, num_events is 112141, mark_ll is -1.3049766431741068, time_ll is 4.421397556285168[0m
[31;1m2026-09-28 17:50:00,001 - tpp_runner.py[pid:19900;line:140:_train_model] - CRITICAL: current best loglike on valid set is 2.7141 (updated at epoch-69)[0m
[38;20m2026-09-28 17:50:00,772 - tpp_runner.py[pid:19900;line:104:_train_model] - INFO: [ Epoch 72 (train) ]: train loglike is 3.1156326186867855, num_events is 242824, mark_ll is -1.2832348360142016, time_ll is 4.39886741850579[0m
[38;20m2026-09-28 17:50:00,851 - tpp_runner.py[pid:19900;line:116:_train_model] - INFO: [ Epoch 72 (valid) ]:  valid loglike is 2.639032081421477, num_events is 52959, mark_ll is -1.3150526730436516, time_ll is 3.954084911204894[0m
[38;20m2026-09-28 17:50:01,047 - tpp_runner.py[pid:19900;line:136:_train_model] - INFO: [ Epoch 72 (test) ]: test loglike is 3.1565853409435443, num_events is 112141, mark_ll is -1.3003883817303663, time_ll is 4.4569737400906[0m
[31;1m2026-09-28 17:50:01,047 - tpp_runner.py[pid:19900;line:140:_train_model] - CRITICAL: current best loglike on valid set is 2.7141 (updated at epoch-69)[0m
[38;20m2026-09-28 17:50:01,805 - tpp_runner.py[pid:19900;line:104:_train_model] - INFO: [ Epoch 73 (train) ]: train loglike is 3.1073160764393655, num_events is 242824, mark_ll is -1.2857667584083534, time_ll is 4.393082935389932[0m
[38;20m2026-09-28 17:50:01,883 - tpp_runner.py[pid:19900;line:116:_train_model] - INFO: [ Epoch 73 (valid) ]:  valid loglike is 2.4977816528765175, num_events is 52959, mark_ll is -1.3328835916257151, time_ll is 3.830665290602164[0m
[38;20m2026-09-28 17:50:02,070 - tpp_runner.py[pid:19900;line:136:_train_model] - INFO: [ Epoch 73 (test) ]: test loglike is 3.057621689714288, num_events is 112141, mark_ll is -1.319300215869419, time_ll is 4.376921966542121[0m
[31;1m2026-09-28 17:50:02,070 - tpp_runner.py[pid:19900;line:140:_train_model] - CRITICAL: current best loglike on valid set is 2.7141 (updated at epoch-69)[0m
[38;20m2026-09-28 17:50:02,841 - tpp_runner.py[pid:19900;line:104:_train_model] - INFO: [ Epoch 74 (train) ]: train loglike is 3.077069244419955, num_events is 242824, mark_ll is -1.2950734805931972, time_ll is 4.372142678763734[0m
[38;20m2026-09-28 17:50:02,933 - tpp_runner.py[pid:19900;line:116:_train_model] - INFO: [ Epoch 74 (valid) ]:  valid loglike is 2.5328791900042957, num_events is 52959, mark_ll is -1.3251518033850478, time_ll is 3.8580310210493023[0m
[38;20m2026-09-28 17:50:03,117 - tpp_runner.py[pid:19900;line:136:_train_model] - INFO: [ Epoch 74 (test) ]: test loglike is 3.1167001461887267, num_events is 112141, mark_ll is -1.309719286155376, time_ll is 4.426419310427274[0m
[31;1m2026-09-28 17:50:03,117 - tpp_runner.py[pid:19900;line:140:_train_model] - CRITICAL: current best loglike on valid set is 2.7141 (updated at epoch-69)[0m
[38;20m2026-09-28 17:50:03,875 - tpp_runner.py[pid:19900;line:104:_train_model] - INFO: [ Epoch 75 (train) ]: train loglike is 3.1338554284044204, num_events is 242824, mark_ll is -1.2850152375344386, time_ll is 4.418870694090679[0m
[38;20m2026-09-28 17:50:03,973 - tpp_runner.py[pid:19900;line:116:_train_model] - INFO: [ Epoch 75 (valid) ]:  valid loglike is 2.553584218009451, num_events is 52959, mark_ll is -1.319832931636974, time_ll is 3.8734171127664796[0m
[38;20m2026-09-28 17:50:04,156 - tpp_runner.py[pid:19900;line:136:_train_model] - INFO: [ Epoch 75 (test) ]: test loglike is 3.1688072329840336, num_events is 112141, mark_ll is -1.3003737517110157, time_ll is 4.469180958570014[0m
[31;1m2026-09-28 17:50:04,156 - tpp_runner.py[pid:19900;line:140:_train_model] - CRITICAL: current best loglike on valid set is 2.7141 (updated at epoch-69)[0m
[38;20m2026-09-28 17:50:04,925 - tpp_runner.py[pid:19900;line:104:_train_model] - INFO: [ Epoch 76 (train) ]: train loglike is 3.135354874762688, num_events is 242824, mark_ll is -1.2776401484459938, time_ll is 4.412994974948419[0m
[38;20m2026-09-28 17:50:05,020 - tpp_runner.py[pid:19900;line:116:_train_model] - INFO: [ Epoch 76 (valid) ]:  valid loglike is 2.595251935754546, num_events is 52959, mark_ll is -1.320340750037765, time_ll is 3.915592685792311[0m
[38;20m2026-09-28 17:50:05,211 - tpp_runner.py[pid:19900;line:136:_train_model] - INFO: [ Epoch 76 (test) ]: test loglike is 3.130767554211885, num_events is 112141, mark_ll is -1.3054538169302485, time_ll is 4.436221458225582[0m
[31;1m2026-09-28 17:50:05,211 - tpp_runner.py[pid:19900;line:140:_train_model] - CRITICAL: current best loglike on valid set is 2.7141 (updated at epoch-69)[0m
[38;20m2026-09-28 17:50:05,967 - tpp_runner.py[pid:19900;line:104:_train_model] - INFO: [ Epoch 77 (train) ]: train loglike is 3.115710008039516, num_events is 242824, mark_ll is -1.2766504028509331, time_ll is 4.392360398825383[0m
[38;20m2026-09-28 17:50:06,054 - tpp_runner.py[pid:19900;line:116:_train_model] - INFO: [ Epoch 77 (valid) ]:  valid loglike is 2.6815934555505203, num_events is 52959, mark_ll is -1.3108881620097623, time_ll is 3.9924816175602826[0m
[38;20m2026-09-28 17:50:06,243 - tpp_runner.py[pid:19900;line:136:_train_model] - INFO: [ Epoch 77 (test) ]: test loglike is 3.210988443817382, num_events is 112141, mark_ll is -1.2984791206633837, time_ll is 4.5094675383557306[0m
[31;1m2026-09-28 17:50:06,243 - tpp_runner.py[pid:19900;line:140:_train_model] - CRITICAL: current best loglike on valid set is 2.7141 (updated at epoch-69)[0m
[38;20m2026-09-28 17:50:07,014 - tpp_runner.py[pid:19900;line:104:_train_model] - INFO: [ Epoch 78 (train) ]: train loglike is 3.183415436373155, num_events is 242824, mark_ll is -1.274756931557167, time_ll is 4.458172355865257[0m
[38;20m2026-09-28 17:50:07,105 - tpp_runner.py[pid:19900;line:116:_train_model] - INFO: [ Epoch 78 (valid) ]:  valid loglike is 2.6054182982354273, num_events is 52959, mark_ll is -1.3133623084308144, time_ll is 3.918780698866104[0m
[38;20m2026-09-28 17:50:07,279 - tpp_runner.py[pid:19900;line:136:_train_model] - INFO: [ Epoch 78 (test) ]: test loglike is 3.167171152695045, num_events is 112141, mark_ll is -1.297686234572993, time_ll is 4.464857439518107[0m
[31;1m2026-09-28 17:50:07,279 - tpp_runner.py[pid:19900;line:140:_train_model] - CRITICAL: current best loglike on valid set is 2.7141 (updated at epoch-69)[0m
[38;20m2026-09-28 17:50:08,045 - tpp_runner.py[pid:19900;line:104:_train_model] - INFO: [ Epoch 79 (train) ]: train loglike is 3.181794804473868, num_events is 242824, mark_ll is -1.2722864002387018, time_ll is 4.454081172539061[0m
[38;20m2026-09-28 17:50:08,135 - tpp_runner.py[pid:19900;line:116:_train_model] - INFO: [ Epoch 79 (valid) ]:  valid loglike is 2.677896941796956, num_events is 52959, mark_ll is -1.308417039744189, time_ll is 3.9863139262212277[0m
[38;20m2026-09-28 17:50:08,318 - tpp_runner.py[pid:19900;line:136:_train_model] - INFO: [ Epoch 79 (test) ]: test loglike is 3.1942310803196423, num_events is 112141, mark_ll is -1.2946868106474216, time_ll is 4.488917934508788[0m
[31;1m2026-09-28 17:50:08,318 - tpp_runner.py[pid:19900;line:140:_train_model] - CRITICAL: current best loglike on valid set is 2.7141 (updated at epoch-69)[0m
[38;20m2026-09-28 17:50:09,079 - tpp_runner.py[pid:19900;line:104:_train_model] - INFO: [ Epoch 80 (train) ]: train loglike is 3.203258105825876, num_events is 242824, mark_ll is -1.273516924327136, time_ll is 4.476775062326521[0m
[38;20m2026-09-28 17:50:09,174 - tpp_runner.py[pid:19900;line:116:_train_model] - INFO: [ Epoch 80 (valid) ]:  valid loglike is 2.635171341273438, num_events is 52959, mark_ll is -1.317788611753314, time_ll is 3.952960036006628[0m
[38;20m2026-09-28 17:50:09,378 - tpp_runner.py[pid:19900;line:136:_train_model] - INFO: [ Epoch 80 (test) ]: test loglike is 3.229741585788204, num_events is 112141, mark_ll is -1.298970097146115, time_ll is 4.528711726476043[0m
[31;1m2026-09-28 17:50:09,378 - tpp_runner.py[pid:19900;line:140:_train_model] - CRITICAL: current best loglike on valid set is 2.7141 (updated at epoch-69)[0m
[38;20m2026-09-28 17:50:10,145 - tpp_runner.py[pid:19900;line:104:_train_model] - INFO: [ Epoch 81 (train) ]: train loglike is 3.1973786505349553, num_events is 242824, mark_ll is -1.2749149477219097, time_ll is 4.472293590213488[0m
[38;20m2026-09-28 17:50:10,225 - tpp_runner.py[pid:19900;line:116:_train_model] - INFO: [ Epoch 81 (valid) ]:  valid loglike is 2.660674874224636, num_events is 52959, mark_ll is -1.306663914685181, time_ll is 3.967338788909817[0m
[38;20m2026-09-28 17:50:10,414 - tpp_runner.py[pid:19900;line:136:_train_model] - INFO: [ Epoch 81 (test) ]: test loglike is 3.1968045616818337, num_events is 112141, mark_ll is -1.2950346219407933, time_ll is 4.491839201039316[0m
[31;1m2026-09-28 17:50:10,414 - tpp_runner.py[pid:19900;line:140:_train_model] - CRITICAL: current best loglike on valid set is 2.7141 (updated at epoch-69)[0m
[38;20m2026-09-28 17:50:11,154 - tpp_runner.py[pid:19900;line:104:_train_model] - INFO: [ Epoch 82 (train) ]: train loglike is 3.2143316885056152, num_events is 242824, mark_ll is -1.2701073649278902, time_ll is 4.484439065498571[0m
[38;20m2026-09-28 17:50:11,245 - tpp_runner.py[pid:19900;line:116:_train_model] - INFO: [ Epoch 82 (valid) ]:  valid loglike is 2.670117375587719, num_events is 52959, mark_ll is -1.2993271659739138, time_ll is 3.96944452312166[0m
[38;20m2026-09-28 17:50:11,483 - tpp_runner.py[pid:19900;line:136:_train_model] - INFO: [ Epoch 82 (test) ]: test loglike is 3.2532398352018888, num_events is 112141, mark_ll is -1.289699828926307, time_ll is 4.542939681544885[0m
[31;1m2026-09-28 17:50:11,483 - tpp_runner.py[pid:19900;line:140:_train_model] - CRITICAL: current best loglike on valid set is 2.7141 (updated at epoch-69)[0m
[38;20m2026-09-28 17:50:12,263 - tpp_runner.py[pid:19900;line:104:_train_model] - INFO: [ Epoch 83 (train) ]: train loglike is 3.2233664118288865, num_events is 242824, mark_ll is -1.267814495722725, time_ll is 4.491180919616677[0m
[38;20m2026-09-28 17:50:12,343 - tpp_runner.py[pid:19900;line:116:_train_model] - INFO: [ Epoch 83 (valid) ]:  valid loglike is 2.707995844957892, num_events is 52959, mark_ll is -1.3012315541267774, time_ll is 4.009227399084669[0m
[38;20m2026-09-28 17:50:12,531 - tpp_runner.py[pid:19900;line:136:_train_model] - INFO: [ Epoch 83 (test) ]: test loglike is 3.2463460655837295, num_events is 112141, mark_ll is -1.2904793651240403, time_ll is 4.53682544812446[0m
[31;1m2026-09-28 17:50:12,531 - tpp_runner.py[pid:19900;line:140:_train_model] - CRITICAL: current best loglike on valid set is 2.7141 (updated at epoch-69)[0m
[38;20m2026-09-28 17:50:13,283 - tpp_runner.py[pid:19900;line:104:_train_model] - INFO: [ Epoch 84 (train) ]: train loglike is 3.193430249217283, num_events is 242824, mark_ll is -1.2670759649028205, time_ll is 4.460506181946595[0m
[38;20m2026-09-28 17:50:13,378 - tpp_runner.py[pid:19900;line:116:_train_model] - INFO: [ Epoch 84 (valid) ]:  valid loglike is 2.7825818085688927, num_events is 52959, mark_ll is -1.2972621841011442, time_ll is 4.079844047989955[0m
[38;20m2026-09-28 17:50:13,572 - tpp_runner.py[pid:19900;line:136:_train_model] - INFO: [ Epoch 84 (test) ]: test loglike is 3.2922505292583666, num_events is 112141, mark_ll is -1.286866307678503, time_ll is 4.579116845645214[0m
[31;1m2026-09-28 17:50:13,572 - tpp_runner.py[pid:19900;line:140:_train_model] - CRITICAL: current best loglike on valid set is 2.7826 (updated at epoch-84), best updated at this epoch[0m
[38;20m2026-09-28 17:50:14,333 - tpp_runner.py[pid:19900;line:104:_train_model] - INFO: [ Epoch 85 (train) ]: train loglike is 3.2513380077365706, num_events is 242824, mark_ll is -1.2658684247644385, time_ll is 4.5172063681539925[0m
[38;20m2026-09-28 17:50:14,412 - tpp_runner.py[pid:19900;line:116:_train_model] - INFO: [ Epoch 85 (valid) ]:  valid loglike is 2.7563608500502745, num_events is 52959, mark_ll is -1.2998929596480295, time_ll is 4.056253717498442[0m
[38;20m2026-09-28 17:50:14,634 - tpp_runner.py[pid:19900;line:136:_train_model] - INFO: [ Epoch 85 (test) ]: test loglike is 3.2690976876348747, num_events is 112141, mark_ll is -1.2903265685052747, time_ll is 4.559424230015115[0m
[31;1m2026-09-28 17:50:14,634 - tpp_runner.py[pid:19900;line:140:_train_model] - CRITICAL: current best loglike on valid set is 2.7826 (updated at epoch-84)[0m
[38;20m2026-09-28 17:50:15,399 - tpp_runner.py[pid:19900;line:104:_train_model] - INFO: [ Epoch 86 (train) ]: train loglike is 3.2410221111792903, num_events is 242824, mark_ll is -1.2670828620986805, time_ll is 4.508104844583937[0m
[38;20m2026-09-28 17:50:15,497 - tpp_runner.py[pid:19900;line:116:_train_model] - INFO: [ Epoch 86 (valid) ]:  valid loglike is 2.826906486621726, num_events is 52959, mark_ll is -1.297027175872491, time_ll is 4.123933763914065[0m
[38;20m2026-09-28 17:50:15,683 - tpp_runner.py[pid:19900;line:136:_train_model] - INFO: [ Epoch 86 (test) ]: test loglike is 3.288695991890232, num_events is 112141, mark_ll is -1.2864378745284955, time_ll is 4.575133718376865[0m
[31;1m2026-09-28 17:50:15,683 - tpp_runner.py[pid:19900;line:140:_train_model] - CRITICAL: current best loglike on valid set is 2.8269 (updated at epoch-86), best updated at this epoch[0m
[38;20m2026-09-28 17:50:16,450 - tpp_runner.py[pid:19900;line:104:_train_model] - INFO: [ Epoch 87 (train) ]: train loglike is 3.2425610223672803, num_events is 242824, mark_ll is -1.2655301323888393, time_ll is 4.508091122582611[0m
[38;20m2026-09-28 17:50:16,544 - tpp_runner.py[pid:19900;line:116:_train_model] - INFO: [ Epoch 87 (valid) ]:  valid loglike is 2.80113396979267, num_events is 52959, mark_ll is -1.2978265763373553, time_ll is 4.098960546130025[0m
[38;20m2026-09-28 17:50:16,727 - tpp_runner.py[pid:19900;line:136:_train_model] - INFO: [ Epoch 87 (test) ]: test loglike is 3.287989353247251, num_events is 112141, mark_ll is -1.2868478459874175, time_ll is 4.574837216651359[0m
[31;1m2026-09-28 17:50:16,727 - tpp_runner.py[pid:19900;line:140:_train_model] - CRITICAL: current best loglike on valid set is 2.8269 (updated at epoch-86)[0m
[38;20m2026-09-28 17:50:17,468 - tpp_runner.py[pid:19900;line:104:_train_model] - INFO: [ Epoch 88 (train) ]: train loglike is 3.2483058918509395, num_events is 242824, mark_ll is -1.266449084200388, time_ll is 4.514755012246524[0m
[38;20m2026-09-28 17:50:17,563 - tpp_runner.py[pid:19900;line:116:_train_model] - INFO: [ Epoch 88 (valid) ]:  valid loglike is 2.832883766805453, num_events is 52959, mark_ll is -1.2961169050733823, time_ll is 4.129000736418739[0m
[38;20m2026-09-28 17:50:17,768 - tpp_runner.py[pid:19900;line:136:_train_model] - INFO: [ Epoch 88 (test) ]: test loglike is 3.2850402896799564, num_events is 112141, mark_ll is -1.285510435801803, time_ll is 4.570550760315139[0m
[31;1m2026-09-28 17:50:17,768 - tpp_runner.py[pid:19900;line:140:_train_model] - CRITICAL: current best loglike on valid set is 2.8329 (updated at epoch-88), best updated at this epoch[0m
[38;20m2026-09-28 17:50:18,570 - tpp_runner.py[pid:19900;line:104:_train_model] - INFO: [ Epoch 89 (train) ]: train loglike is 3.239120660855445, num_events is 242824, mark_ll is -1.2661409022069483, time_ll is 4.505261502737064[0m
[38;20m2026-09-28 17:50:18,649 - tpp_runner.py[pid:19900;line:116:_train_model] - INFO: [ Epoch 89 (valid) ]:  valid loglike is 2.7912569304792387, num_events is 52959, mark_ll is -1.2982034524939103, time_ll is 4.089460382973149[0m
[38;20m2026-09-28 17:50:18,850 - tpp_runner.py[pid:19900;line:136:_train_model] - INFO: [ Epoch 89 (test) ]: test loglike is 3.296024029249449, num_events is 112141, mark_ll is -1.2870765009981853, time_ll is 4.583100477997566[0m
[31;1m2026-09-28 17:50:18,850 - tpp_runner.py[pid:19900;line:140:_train_model] - CRITICAL: current best loglike on valid set is 2.8329 (updated at epoch-88)[0m
[38;20m2026-09-28 17:50:19,600 - tpp_runner.py[pid:19900;line:104:_train_model] - INFO: [ Epoch 90 (train) ]: train loglike is 3.2613683603852484, num_events is 242824, mark_ll is -1.2650227963784983, time_ll is 4.526391213067386[0m
[38;20m2026-09-28 17:50:19,681 - tpp_runner.py[pid:19900;line:116:_train_model] - INFO: [ Epoch 90 (valid) ]:  valid loglike is 2.7926340829403404, num_events is 52959, mark_ll is -1.2978236628217112, time_ll is 4.09045765356219[0m
[38;20m2026-09-28 17:50:19,918 - tpp_runner.py[pid:19900;line:136:_train_model] - INFO: [ Epoch 90 (test) ]: test loglike is 3.295018894669991, num_events is 112141, mark_ll is -1.2869001308899064, time_ll is 4.5819189471847945[0m
[31;1m2026-09-28 17:50:19,918 - tpp_runner.py[pid:19900;line:140:_train_model] - CRITICAL: current best loglike on valid set is 2.8329 (updated at epoch-88)[0m
[38;20m2026-09-28 17:50:20,683 - tpp_runner.py[pid:19900;line:104:_train_model] - INFO: [ Epoch 91 (train) ]: train loglike is 3.2541615105938355, num_events is 242824, mark_ll is -1.2638659335375106, time_ll is 4.518027484348232[0m
[38;20m2026-09-28 17:50:20,778 - tpp_runner.py[pid:19900;line:116:_train_model] - INFO: [ Epoch 91 (valid) ]:  valid loglike is 2.7946586075135955, num_events is 52959, mark_ll is -1.2961277108972271, time_ll is 4.090786364510754[0m
[38;20m2026-09-28 17:50:20,967 - tpp_runner.py[pid:19900;line:136:_train_model] - INFO: [ Epoch 91 (test) ]: test loglike is 3.2888502689276224, num_events is 112141, mark_ll is -1.286182502315723, time_ll is 4.575032684159897[0m
[31;1m2026-09-28 17:50:20,967 - tpp_runner.py[pid:19900;line:140:_train_model] - CRITICAL: current best loglike on valid set is 2.8329 (updated at epoch-88)[0m
[38;20m2026-09-28 17:50:21,719 - tpp_runner.py[pid:19900;line:104:_train_model] - INFO: [ Epoch 92 (train) ]: train loglike is 3.2575191701023685, num_events is 242824, mark_ll is -1.2639628280796997, time_ll is 4.521481953943494[0m
[38;20m2026-09-28 17:50:21,802 - tpp_runner.py[pid:19900;line:116:_train_model] - INFO: [ Epoch 92 (valid) ]:  valid loglike is 2.7792898493705036, num_events is 52959, mark_ll is -1.2965687120579128, time_ll is 4.075858653628279[0m
[38;20m2026-09-28 17:50:21,991 - tpp_runner.py[pid:19900;line:136:_train_model] - INFO: [ Epoch 92 (test) ]: test loglike is 3.2974377854943775, num_events is 112141, mark_ll is -1.286297548259557, time_ll is 4.5837352815038654[0m
[31;1m2026-09-28 17:50:21,991 - tpp_runner.py[pid:19900;line:140:_train_model] - CRITICAL: current best loglike on valid set is 2.8329 (updated at epoch-88)[0m
[38;20m2026-09-28 17:50:22,769 - tpp_runner.py[pid:19900;line:104:_train_model] - INFO: [ Epoch 93 (train) ]: train loglike is 3.265135383549402, num_events is 242824, mark_ll is -1.263178244904231, time_ll is 4.528313596280125[0m
[38;20m2026-09-28 17:50:22,863 - tpp_runner.py[pid:19900;line:116:_train_model] - INFO: [ Epoch 93 (valid) ]:  valid loglike is 2.7589089960806943, num_events is 52959, mark_ll is -1.296582357637512, time_ll is 4.055491261518345[0m
[38;20m2026-09-28 17:50:23,036 - tpp_runner.py[pid:19900;line:136:_train_model] - INFO: [ Epoch 93 (test) ]: test loglike is 3.2966068526453305, num_events is 112141, mark_ll is -1.2856156064825754, time_ll is 4.582222363336113[0m
[31;1m2026-09-28 17:50:23,036 - tpp_runner.py[pid:19900;line:140:_train_model] - CRITICAL: current best loglike on valid set is 2.8329 (updated at epoch-88)[0m
[38;20m2026-09-28 17:50:23,825 - tpp_runner.py[pid:19900;line:104:_train_model] - INFO: [ Epoch 94 (train) ]: train loglike is 3.2703545419277438, num_events is 242824, mark_ll is -1.2631328802574087, time_ll is 4.533487377946579[0m
[38;20m2026-09-28 17:50:23,914 - tpp_runner.py[pid:19900;line:116:_train_model] - INFO: [ Epoch 94 (valid) ]:  valid loglike is 2.758795184570847, num_events is 52959, mark_ll is -1.296026899567944, time_ll is 4.054822074918805[0m
[38;20m2026-09-28 17:50:24,096 - tpp_runner.py[pid:19900;line:136:_train_model] - INFO: [ Epoch 94 (test) ]: test loglike is 3.298624201688611, num_events is 112141, mark_ll is -1.2852914122204413, time_ll is 4.583915666159121[0m
[31;1m2026-09-28 17:50:24,096 - tpp_runner.py[pid:19900;line:140:_train_model] - CRITICAL: current best loglike on valid set is 2.8329 (updated at epoch-88)[0m
[38;20m2026-09-28 17:50:24,863 - tpp_runner.py[pid:19900;line:104:_train_model] - INFO: [ Epoch 95 (train) ]: train loglike is 3.270402464368483, num_events is 242824, mark_ll is -1.2632931726978696, time_ll is 4.533695620979598[0m
[38;20m2026-09-28 17:50:24,964 - tpp_runner.py[pid:19900;line:116:_train_model] - INFO: [ Epoch 95 (valid) ]:  valid loglike is 2.745800093439028, num_events is 52959, mark_ll is -1.2959687675548537, time_ll is 4.041768713474102[0m
[38;20m2026-09-28 17:50:25,152 - tpp_runner.py[pid:19900;line:136:_train_model] - INFO: [ Epoch 95 (test) ]: test loglike is 3.301364674271676, num_events is 112141, mark_ll is -1.2850367192585674, time_ll is 4.586401341280174[0m
[31;1m2026-09-28 17:50:25,152 - tpp_runner.py[pid:19900;line:140:_train_model] - CRITICAL: current best loglike on valid set is 2.8329 (updated at epoch-88)[0m
[38;20m2026-09-28 17:50:25,889 - tpp_runner.py[pid:19900;line:104:_train_model] - INFO: [ Epoch 96 (train) ]: train loglike is 3.273797988074696, num_events is 242824, mark_ll is -1.2631198298780701, time_ll is 4.536917797844324[0m
[38;20m2026-09-28 17:50:25,984 - tpp_runner.py[pid:19900;line:116:_train_model] - INFO: [ Epoch 96 (valid) ]:  valid loglike is 2.7587169990877376, num_events is 52959, mark_ll is -1.2958722342991749, time_ll is 4.05458921494694[0m
[38;20m2026-09-28 17:50:26,172 - tpp_runner.py[pid:19900;line:136:_train_model] - INFO: [ Epoch 96 (test) ]: test loglike is 3.3010757836395697, num_events is 112141, mark_ll is -1.2849595110731133, time_ll is 4.586035137962476[0m
[31;1m2026-09-28 17:50:26,172 - tpp_runner.py[pid:19900;line:140:_train_model] - CRITICAL: current best loglike on valid set is 2.8329 (updated at epoch-88)[0m
[38;20m2026-09-28 17:50:26,937 - tpp_runner.py[pid:19900;line:104:_train_model] - INFO: [ Epoch 97 (train) ]: train loglike is 3.2782505362036907, num_events is 242824, mark_ll is -1.2632367644942941, time_ll is 4.541487344936559[0m
[38;20m2026-09-28 17:50:27,026 - tpp_runner.py[pid:19900;line:116:_train_model] - INFO: [ Epoch 97 (valid) ]:  valid loglike is 2.754881429502068, num_events is 52959, mark_ll is -1.2958417161448006, time_ll is 4.0507230534470064[0m
[38;20m2026-09-28 17:50:27,227 - tpp_runner.py[pid:19900;line:136:_train_model] - INFO: [ Epoch 97 (test) ]: test loglike is 3.2993965447934968, num_events is 112141, mark_ll is -1.2848885119375384, time_ll is 4.5842851089811045[0m
[31;1m2026-09-28 17:50:27,227 - tpp_runner.py[pid:19900;line:140:_train_model] - CRITICAL: current best loglike on valid set is 2.8329 (updated at epoch-88)[0m
[38;20m2026-09-28 17:50:27,985 - tpp_runner.py[pid:19900;line:104:_train_model] - INFO: [ Epoch 98 (train) ]: train loglike is 3.279040870393783, num_events is 242824, mark_ll is -1.2631375695462557, time_ll is 4.542178456026793[0m
[38;20m2026-09-28 17:50:28,068 - tpp_runner.py[pid:19900;line:116:_train_model] - INFO: [ Epoch 98 (valid) ]:  valid loglike is 2.7719815719766707, num_events is 52959, mark_ll is -1.2958012219653412, time_ll is 4.067782646422232[0m
[38;20m2026-09-28 17:50:28,242 - tpp_runner.py[pid:19900;line:136:_train_model] - INFO: [ Epoch 98 (test) ]: test loglike is 3.3035775517819084, num_events is 112141, mark_ll is -1.284846180673215, time_ll is 4.5884237150384335[0m
[31;1m2026-09-28 17:50:28,242 - tpp_runner.py[pid:19900;line:140:_train_model] - CRITICAL: current best loglike on valid set is 2.8329 (updated at epoch-88)[0m
[38;20m2026-09-28 17:50:29,002 - tpp_runner.py[pid:19900;line:104:_train_model] - INFO: [ Epoch 99 (train) ]: train loglike is 3.2731297523489236, num_events is 242824, mark_ll is -1.263138180842915, time_ll is 4.536267933191839[0m
[38;20m2026-09-28 17:50:29,088 - tpp_runner.py[pid:19900;line:116:_train_model] - INFO: [ Epoch 99 (valid) ]:  valid loglike is 2.780712032244283, num_events is 52959, mark_ll is -1.2957944360554863, time_ll is 4.076506412979852[0m
[38;20m2026-09-28 17:50:29,277 - tpp_runner.py[pid:19900;line:136:_train_model] - INFO: [ Epoch 99 (test) ]: test loglike is 3.3114028269238056, num_events is 112141, mark_ll is -1.2848341805740096, time_ll is 4.596237085872919[0m
[31;1m2026-09-28 17:50:29,277 - tpp_runner.py[pid:19900;line:140:_train_model] - CRITICAL: current best loglike on valid set is 2.8329 (updated at epoch-88)[0m
[38;20m2026-09-28 17:50:29,277 - base_runner.py[pid:19900;line:118:train] - INFO: End RMTPP train! Cost time: 1.725m[0m
RESULT {"model": "RMTPP", "dataset": "lob_msft", "seed": 2019, "ll_per_event": 3.2850402896799564, "mark_ll": -1.285510435801803, "time_ll": 4.570550760315139, "val_ll": 2.832883766805453, "best_epoch": 88, "n_params": 34962, "seconds": 104.21345114707947, "max_epoch": 100, "batch_size": 64}
