
=== Mon Sep 28 13:46:15 2026 attempt 1: D:\Quant\.venv\Scripts\python.exe -u -m infodiff.baselines.easytpp_runner AttNHP lob_intc 6 2019 100 64
[31;1m2026-09-28 13:46:16,745 - config.py[pid:18276;line:33:build_from_yaml_file] - CRITICAL: Load pipeline config class RunnerConfig[0m
[31;1m2026-09-28 13:46:16,760 - runner_config.py[pid:18276;line:205:update_config] - CRITICAL: train model AttNHP using GPU with torch backend[0m
[38;20m2026-09-28 13:46:16,771 - runner_config.py[pid:18276;line:45:__init__] - INFO: Save the config to D:\Quant\results\easytpp\checkpoints/lob_intc/AttNHP/train_2026_09_28_13_46_16\AttNHP_train_output.yaml[0m
[38;20m2026-09-28 13:46:16,771 - base_runner.py[pid:18276;line:193:save_log] - INFO: Save the log to D:\Quant\results\easytpp\checkpoints/lob_intc/AttNHP/train_2026_09_28_13_46_16\log[0m
0.05594760211174467 0.25143732741296776
min_dt: 7.275957614183426e-12
max_dt: 9.741414969998004
[38;20m2026-09-28 13:46:20,990 - tpp_runner.py[pid:18276;line:62:_init_model] - INFO: Num of model parameters 20044[0m
[38;20m2026-09-28 13:46:21,707 - base_runner.py[pid:18276;line:103:train] - INFO: Data 'lob_intc' loaded...[0m
[38;20m2026-09-28 13:46:21,707 - base_runner.py[pid:18276;line:108:train] - INFO: Start AttNHP training...[0m
[38;20m2026-09-28 13:46:44,886 - tpp_runner.py[pid:18276;line:104:_train_model] - INFO: [ Epoch 0 (train) ]: train loglike is 0.0044964847321654, num_events is 248539, mark_ll is -1.648159893291395, time_ll is 1.6526563817071969[0m
[38;20m2026-09-28 13:46:46,099 - tpp_runner.py[pid:18276;line:116:_train_model] - INFO: [ Epoch 0 (valid) ]:  valid loglike is 0.14565014734438134, num_events is 48260, mark_ll is -1.5885941708972233, time_ll is 1.7342443397417633[0m
[38;20m2026-09-28 13:46:49,011 - tpp_runner.py[pid:18276;line:136:_train_model] - INFO: [ Epoch 0 (test) ]: test loglike is 0.6262489319211741, num_events is 104775, mark_ll is -1.638474484013362, time_ll is 2.2647234587508946[0m
[31;1m2026-09-28 13:46:49,011 - tpp_runner.py[pid:18276;line:140:_train_model] - CRITICAL: current best loglike on valid set is 0.1457 (updated at epoch-0), best updated at this epoch[0m
[38;20m2026-09-28 13:47:11,803 - tpp_runner.py[pid:18276;line:104:_train_model] - INFO: [ Epoch 1 (train) ]: train loglike is 0.9222537031313339, num_events is 248539, mark_ll is -1.5581753674725094, time_ll is 2.4804290924600867[0m
[38;20m2026-09-28 13:47:13,009 - tpp_runner.py[pid:18276;line:116:_train_model] - INFO: [ Epoch 1 (valid) ]:  valid loglike is 0.5791642847863461, num_events is 48260, mark_ll is -1.5477084979149398, time_ll is 2.1268727902895774[0m
[38;20m2026-09-28 13:47:15,621 - tpp_runner.py[pid:18276;line:136:_train_model] - INFO: [ Epoch 1 (test) ]: test loglike is 1.174209625164042, num_events is 104775, mark_ll is -1.5816767608416846, time_ll is 2.755886348723455[0m
[31;1m2026-09-28 13:47:15,621 - tpp_runner.py[pid:18276;line:140:_train_model] - CRITICAL: current best loglike on valid set is 0.5792 (updated at epoch-1), best updated at this epoch[0m
[38;20m2026-09-28 13:47:38,417 - tpp_runner.py[pid:18276;line:104:_train_model] - INFO: [ Epoch 2 (train) ]: train loglike is 1.3072795375156792, num_events is 248539, mark_ll is -1.531781856214593, time_ll is 2.8390613809603322[0m
[38;20m2026-09-28 13:47:39,610 - tpp_runner.py[pid:18276;line:116:_train_model] - INFO: [ Epoch 2 (valid) ]:  valid loglike is 0.8435087378668281, num_events is 48260, mark_ll is -1.5244067170340343, time_ll is 2.3679154903128885[0m
[38;20m2026-09-28 13:47:42,225 - tpp_runner.py[pid:18276;line:136:_train_model] - INFO: [ Epoch 2 (test) ]: test loglike is 1.4142036087374732, num_events is 104775, mark_ll is -1.5673770710301838, time_ll is 2.981580675107373[0m
[31;1m2026-09-28 13:47:42,225 - tpp_runner.py[pid:18276;line:140:_train_model] - CRITICAL: current best loglike on valid set is 0.8435 (updated at epoch-2), best updated at this epoch[0m
[38;20m2026-09-28 13:48:05,076 - tpp_runner.py[pid:18276;line:104:_train_model] - INFO: [ Epoch 3 (train) ]: train loglike is 1.5899755907900772, num_events is 248539, mark_ll is -1.5307607934204994, time_ll is 3.1207363724229396[0m
[38;20m2026-09-28 13:48:06,283 - tpp_runner.py[pid:18276;line:116:_train_model] - INFO: [ Epoch 3 (valid) ]:  valid loglike is 1.179455672642328, num_events is 48260, mark_ll is -1.517413165665147, time_ll is 2.69686880795431[0m
[38;20m2026-09-28 13:48:08,930 - tpp_runner.py[pid:18276;line:136:_train_model] - INFO: [ Epoch 3 (test) ]: test loglike is 1.7216235590402051, num_events is 104775, mark_ll is -1.5673480561023623, time_ll is 3.288971661745407[0m
[31;1m2026-09-28 13:48:08,930 - tpp_runner.py[pid:18276;line:140:_train_model] - CRITICAL: current best loglike on valid set is 1.1795 (updated at epoch-3), best updated at this epoch[0m
[38;20m2026-09-28 13:48:31,959 - tpp_runner.py[pid:18276;line:104:_train_model] - INFO: [ Epoch 4 (train) ]: train loglike is 1.79435378948324, num_events is 248539, mark_ll is -1.5242869878444631, time_ll is 3.318640777327703[0m
[38;20m2026-09-28 13:48:33,194 - tpp_runner.py[pid:18276;line:116:_train_model] - INFO: [ Epoch 4 (valid) ]:  valid loglike is 1.2706608228055067, num_events is 48260, mark_ll is -1.5114145910497825, time_ll is 2.7820753227957935[0m
[38;20m2026-09-28 13:48:35,808 - tpp_runner.py[pid:18276;line:136:_train_model] - INFO: [ Epoch 4 (test) ]: test loglike is 1.7922820758023146, num_events is 104775, mark_ll is -1.5623816567495825, time_ll is 3.3546637698341684[0m
[31;1m2026-09-28 13:48:35,808 - tpp_runner.py[pid:18276;line:140:_train_model] - CRITICAL: current best loglike on valid set is 1.2707 (updated at epoch-4), best updated at this epoch[0m
[38;20m2026-09-28 13:48:58,771 - tpp_runner.py[pid:18276;line:104:_train_model] - INFO: [ Epoch 5 (train) ]: train loglike is 1.937523095909998, num_events is 248539, mark_ll is -1.5165775903756553, time_ll is 3.4541006744980165[0m
[38;20m2026-09-28 13:48:59,977 - tpp_runner.py[pid:18276;line:116:_train_model] - INFO: [ Epoch 5 (valid) ]:  valid loglike is 1.4470683091911003, num_events is 48260, mark_ll is -1.5129799037764193, time_ll is 2.9600481522611894[0m
[38;20m2026-09-28 13:49:02,608 - tpp_runner.py[pid:18276;line:136:_train_model] - INFO: [ Epoch 5 (test) ]: test loglike is 1.9864078624582437, num_events is 104775, mark_ll is -1.5629016885140778, time_ll is 3.5493094950489144[0m
[31;1m2026-09-28 13:49:02,609 - tpp_runner.py[pid:18276;line:140:_train_model] - CRITICAL: current best loglike on valid set is 1.4471 (updated at epoch-5), best updated at this epoch[0m
[38;20m2026-09-28 13:49:25,892 - tpp_runner.py[pid:18276;line:104:_train_model] - INFO: [ Epoch 6 (train) ]: train loglike is 2.1439925628497942, num_events is 248539, mark_ll is -1.5171842175360306, time_ll is 3.6611768000318863[0m
[38;20m2026-09-28 13:49:27,101 - tpp_runner.py[pid:18276;line:116:_train_model] - INFO: [ Epoch 6 (valid) ]:  valid loglike is 1.59279065786236, num_events is 48260, mark_ll is -1.5060725756319933, time_ll is 3.098863253729797[0m
[38;20m2026-09-28 13:49:29,736 - tpp_runner.py[pid:18276;line:136:_train_model] - INFO: [ Epoch 6 (test) ]: test loglike is 2.1319498161984014, num_events is 104775, mark_ll is -1.5595403468742544, time_ll is 3.6914901910343594[0m
[31;1m2026-09-28 13:49:29,736 - tpp_runner.py[pid:18276;line:140:_train_model] - CRITICAL: current best loglike on valid set is 1.5928 (updated at epoch-6), best updated at this epoch[0m
[38;20m2026-09-28 13:49:52,723 - tpp_runner.py[pid:18276;line:104:_train_model] - INFO: [ Epoch 7 (train) ]: train loglike is 2.25180011361396, num_events is 248539, mark_ll is -1.5154354037180784, time_ll is 3.7672355684117984[0m
[38;20m2026-09-28 13:49:53,936 - tpp_runner.py[pid:18276;line:116:_train_model] - INFO: [ Epoch 7 (valid) ]:  valid loglike is 1.650848937558278, num_events is 48260, mark_ll is -1.5136332050676025, time_ll is 3.1644820616841067[0m
[38;20m2026-09-28 13:49:56,538 - tpp_runner.py[pid:18276;line:136:_train_model] - INFO: [ Epoch 7 (test) ]: test loglike is 2.1945920480643046, num_events is 104775, mark_ll is -1.5652194714119543, time_ll is 3.759811575399666[0m
[31;1m2026-09-28 13:49:56,538 - tpp_runner.py[pid:18276;line:140:_train_model] - CRITICAL: current best loglike on valid set is 1.6508 (updated at epoch-7), best updated at this epoch[0m
[38;20m2026-09-28 13:50:19,516 - tpp_runner.py[pid:18276;line:104:_train_model] - INFO: [ Epoch 8 (train) ]: train loglike is 2.375947615992862, num_events is 248539, mark_ll is -1.5135101525502537, time_ll is 3.8894577410386297[0m
[38;20m2026-09-28 13:50:20,724 - tpp_runner.py[pid:18276;line:116:_train_model] - INFO: [ Epoch 8 (valid) ]:  valid loglike is 1.775640026840292, num_events is 48260, mark_ll is -1.5052660920340344, time_ll is 3.2809061593452133[0m
[38;20m2026-09-28 13:50:23,324 - tpp_runner.py[pid:18276;line:136:_train_model] - INFO: [ Epoch 8 (test) ]: test loglike is 2.3258937212926507, num_events is 104775, mark_ll is -1.5579393529288952, time_ll is 3.8838330462598427[0m
[31;1m2026-09-28 13:50:23,324 - tpp_runner.py[pid:18276;line:140:_train_model] - CRITICAL: current best loglike on valid set is 1.7756 (updated at epoch-8), best updated at this epoch[0m
[38;20m2026-09-28 13:50:46,626 - tpp_runner.py[pid:18276;line:104:_train_model] - INFO: [ Epoch 9 (train) ]: train loglike is 2.4444736838961894, num_events is 248539, mark_ll is -1.5117626137616984, time_ll is 3.9562362681887953[0m
[38;20m2026-09-28 13:50:47,858 - tpp_runner.py[pid:18276;line:116:_train_model] - INFO: [ Epoch 9 (valid) ]:  valid loglike is 1.83129263607931, num_events is 48260, mark_ll is -1.5023689026561853, time_ll is 3.3336614982646084[0m
[38;20m2026-09-28 13:50:50,569 - tpp_runner.py[pid:18276;line:136:_train_model] - INFO: [ Epoch 9 (test) ]: test loglike is 2.360815046379146, num_events is 104775, mark_ll is -1.5531063402230971, time_ll is 3.9139214238845144[0m
[31;1m2026-09-28 13:50:50,569 - tpp_runner.py[pid:18276;line:140:_train_model] - CRITICAL: current best loglike on valid set is 1.8313 (updated at epoch-9), best updated at this epoch[0m
[38;20m2026-09-28 13:51:13,631 - tpp_runner.py[pid:18276;line:104:_train_model] - INFO: [ Epoch 10 (train) ]: train loglike is 2.492741149590708, num_events is 248539, mark_ll is -1.5088238262059728, time_ll is 4.001564997407349[0m
[38;20m2026-09-28 13:51:14,831 - tpp_runner.py[pid:18276;line:116:_train_model] - INFO: [ Epoch 10 (valid) ]:  valid loglike is 1.9020548890450166, num_events is 48260, mark_ll is -1.5085089230211355, time_ll is 3.4105638323015954[0m
[38;20m2026-09-28 13:51:17,459 - tpp_runner.py[pid:18276;line:136:_train_model] - INFO: [ Epoch 10 (test) ]: test loglike is 2.4322744049749465, num_events is 104775, mark_ll is -1.55997023010618, time_ll is 3.9922447096456692[0m
[31;1m2026-09-28 13:51:17,459 - tpp_runner.py[pid:18276;line:140:_train_model] - CRITICAL: current best loglike on valid set is 1.9021 (updated at epoch-10), best updated at this epoch[0m
[38;20m2026-09-28 13:51:40,689 - tpp_runner.py[pid:18276;line:104:_train_model] - INFO: [ Epoch 11 (train) ]: train loglike is 2.5939875051677, num_events is 248539, mark_ll is -1.5095663039175944, time_ll is 4.103553816943719[0m
[38;20m2026-09-28 13:51:41,883 - tpp_runner.py[pid:18276;line:116:_train_model] - INFO: [ Epoch 11 (valid) ]:  valid loglike is 1.9667711557513987, num_events is 48260, mark_ll is -1.5029899081796518, time_ll is 3.4697612865209284[0m
[38;20m2026-09-28 13:51:44,485 - tpp_runner.py[pid:18276;line:136:_train_model] - INFO: [ Epoch 11 (test) ]: test loglike is 2.4968506360355525, num_events is 104775, mark_ll is -1.555800385125865, time_ll is 4.052650955917442[0m
[31;1m2026-09-28 13:51:44,485 - tpp_runner.py[pid:18276;line:140:_train_model] - CRITICAL: current best loglike on valid set is 1.9668 (updated at epoch-11), best updated at this epoch[0m
[38;20m2026-09-28 13:52:07,468 - tpp_runner.py[pid:18276;line:104:_train_model] - INFO: [ Epoch 12 (train) ]: train loglike is 2.6411726536127125, num_events is 248539, mark_ll is -1.5090861030927238, time_ll is 4.150258792068348[0m
[38;20m2026-09-28 13:52:08,683 - tpp_runner.py[pid:18276;line:116:_train_model] - INFO: [ Epoch 12 (valid) ]:  valid loglike is 1.9006330253768648, num_events is 48260, mark_ll is -1.494826039939909, time_ll is 3.395459085552217[0m
[38;20m2026-09-28 13:52:11,288 - tpp_runner.py[pid:18276;line:136:_train_model] - INFO: [ Epoch 12 (test) ]: test loglike is 2.3991057101527082, num_events is 104775, mark_ll is -1.5394145098872585, time_ll is 3.938520285283942[0m
[31;1m2026-09-28 13:52:11,288 - tpp_runner.py[pid:18276;line:140:_train_model] - CRITICAL: current best loglike on valid set is 1.9668 (updated at epoch-11)[0m
[38;20m2026-09-28 13:52:34,535 - tpp_runner.py[pid:18276;line:104:_train_model] - INFO: [ Epoch 13 (train) ]: train loglike is 2.68825545786451, num_events is 248539, mark_ll is -1.508845348466438, time_ll is 4.197100841693859[0m
[38;20m2026-09-28 13:52:35,735 - tpp_runner.py[pid:18276;line:116:_train_model] - INFO: [ Epoch 13 (valid) ]:  valid loglike is 2.0316069734575737, num_events is 48260, mark_ll is -1.5028337107918048, time_ll is 3.534440846132926[0m
[38;20m2026-09-28 13:52:38,347 - tpp_runner.py[pid:18276;line:136:_train_model] - INFO: [ Epoch 13 (test) ]: test loglike is 2.559032897876402, num_events is 104775, mark_ll is -1.5521678429223336, time_ll is 4.111200731478167[0m
[31;1m2026-09-28 13:52:38,347 - tpp_runner.py[pid:18276;line:140:_train_model] - CRITICAL: current best loglike on valid set is 2.0316 (updated at epoch-13), best updated at this epoch[0m
[38;20m2026-09-28 13:53:01,078 - tpp_runner.py[pid:18276;line:104:_train_model] - INFO: [ Epoch 14 (train) ]: train loglike is 2.7081022354011846, num_events is 248539, mark_ll is -1.5108864033442688, time_ll is 4.218988636780847[0m
[38;20m2026-09-28 13:53:02,267 - tpp_runner.py[pid:18276;line:116:_train_model] - INFO: [ Epoch 14 (valid) ]:  valid loglike is 2.063180963142354, num_events is 48260, mark_ll is -1.5098346885684315, time_ll is 3.5730157528880024[0m
[38;20m2026-09-28 13:53:04,891 - tpp_runner.py[pid:18276;line:136:_train_model] - INFO: [ Epoch 14 (test) ]: test loglike is 2.602911987741589, num_events is 104775, mark_ll is -1.5630257079903365, time_ll is 4.16593763048795[0m
[31;1m2026-09-28 13:53:04,891 - tpp_runner.py[pid:18276;line:140:_train_model] - CRITICAL: current best loglike on valid set is 2.0632 (updated at epoch-14), best updated at this epoch[0m
[38;20m2026-09-28 13:53:27,693 - tpp_runner.py[pid:18276;line:104:_train_model] - INFO: [ Epoch 15 (train) ]: train loglike is 2.7793297467902423, num_events is 248539, mark_ll is -1.5148167001236477, time_ll is 4.294146405657161[0m
[38;20m2026-09-28 13:53:28,892 - tpp_runner.py[pid:18276;line:116:_train_model] - INFO: [ Epoch 15 (valid) ]:  valid loglike is 2.1110772459723375, num_events is 48260, mark_ll is -1.509396854278906, time_ll is 3.6204740597803564[0m
[38;20m2026-09-28 13:53:31,502 - tpp_runner.py[pid:18276;line:136:_train_model] - INFO: [ Epoch 15 (test) ]: test loglike is 2.6478467996898116, num_events is 104775, mark_ll is -1.5640167732939632, time_ll is 4.211863610266047[0m
[31;1m2026-09-28 13:53:31,502 - tpp_runner.py[pid:18276;line:140:_train_model] - CRITICAL: current best loglike on valid set is 2.1111 (updated at epoch-15), best updated at this epoch[0m
[38;20m2026-09-28 13:53:54,454 - tpp_runner.py[pid:18276;line:104:_train_model] - INFO: [ Epoch 16 (train) ]: train loglike is 2.80771053379701, num_events is 248539, mark_ll is -1.5165053812763036, time_ll is 4.324215897391858[0m
[38;20m2026-09-28 13:53:55,654 - tpp_runner.py[pid:18276;line:116:_train_model] - INFO: [ Epoch 16 (valid) ]:  valid loglike is 2.081879322290717, num_events is 48260, mark_ll is -1.5149494194855988, time_ll is 3.596828863188976[0m
[38;20m2026-09-28 13:53:58,271 - tpp_runner.py[pid:18276;line:136:_train_model] - INFO: [ Epoch 16 (test) ]: test loglike is 2.611107917263183, num_events is 104775, mark_ll is -1.5670604513391793, time_ll is 4.178168415205201[0m
[31;1m2026-09-28 13:53:58,271 - tpp_runner.py[pid:18276;line:140:_train_model] - CRITICAL: current best loglike on valid set is 2.1111 (updated at epoch-15)[0m
[38;20m2026-09-28 13:54:21,480 - tpp_runner.py[pid:18276;line:104:_train_model] - INFO: [ Epoch 17 (train) ]: train loglike is 2.8389811543032484, num_events is 248539, mark_ll is -1.5180730682294832, time_ll is 4.357054147877697[0m
[38;20m2026-09-28 13:54:22,684 - tpp_runner.py[pid:18276;line:116:_train_model] - INFO: [ Epoch 17 (valid) ]:  valid loglike is 2.149843600257719, num_events is 48260, mark_ll is -1.5079643670029528, time_ll is 3.6578078863188974[0m
[38;20m2026-09-28 13:54:25,295 - tpp_runner.py[pid:18276;line:136:_train_model] - INFO: [ Epoch 17 (test) ]: test loglike is 2.655636613427583, num_events is 104775, mark_ll is -1.5544397313439513, time_ll is 4.2100764100155095[0m
[31;1m2026-09-28 13:54:25,295 - tpp_runner.py[pid:18276;line:140:_train_model] - CRITICAL: current best loglike on valid set is 2.1498 (updated at epoch-17), best updated at this epoch[0m
[38;20m2026-09-28 13:54:48,411 - tpp_runner.py[pid:18276;line:104:_train_model] - INFO: [ Epoch 18 (train) ]: train loglike is 2.882415460953814, num_events is 248539, mark_ll is -1.514967843169231, time_ll is 4.397383284476984[0m
[38;20m2026-09-28 13:54:49,616 - tpp_runner.py[pid:18276;line:116:_train_model] - INFO: [ Epoch 18 (valid) ]:  valid loglike is 2.1772982809586097, num_events is 48260, mark_ll is -1.5099742321863345, time_ll is 3.6872724322031702[0m
[38;20m2026-09-28 13:54:52,225 - tpp_runner.py[pid:18276;line:136:_train_model] - INFO: [ Epoch 18 (test) ]: test loglike is 2.7150628765509426, num_events is 104775, mark_ll is -1.5606243102779767, time_ll is 4.2756872241111905[0m
[31;1m2026-09-28 13:54:52,225 - tpp_runner.py[pid:18276;line:140:_train_model] - CRITICAL: current best loglike on valid set is 2.1773 (updated at epoch-18), best updated at this epoch[0m
[38;20m2026-09-28 13:55:15,335 - tpp_runner.py[pid:18276;line:104:_train_model] - INFO: [ Epoch 19 (train) ]: train loglike is 2.8978736580325424, num_events is 248539, mark_ll is -1.5146013812532944, time_ll is 4.412474948913953[0m
[38;20m2026-09-28 13:55:16,553 - tpp_runner.py[pid:18276;line:116:_train_model] - INFO: [ Epoch 19 (valid) ]:  valid loglike is 2.154123376308019, num_events is 48260, mark_ll is -1.5283693025085474, time_ll is 3.6824927799937837[0m
[38;20m2026-09-28 13:55:19,179 - tpp_runner.py[pid:18276;line:136:_train_model] - INFO: [ Epoch 19 (test) ]: test loglike is 2.6919510744750657, num_events is 104775, mark_ll is -1.5803914452099737, time_ll is 4.272342482402768[0m
[31;1m2026-09-28 13:55:19,179 - tpp_runner.py[pid:18276;line:140:_train_model] - CRITICAL: current best loglike on valid set is 2.1773 (updated at epoch-18)[0m
[38;20m2026-09-28 13:55:42,311 - tpp_runner.py[pid:18276;line:104:_train_model] - INFO: [ Epoch 20 (train) ]: train loglike is 2.9384738552727137, num_events is 248539, mark_ll is -1.5158596368427089, time_ll is 4.454333531407546[0m
[38;20m2026-09-28 13:55:43,511 - tpp_runner.py[pid:18276;line:116:_train_model] - INFO: [ Epoch 20 (valid) ]:  valid loglike is 2.26833667083247, num_events is 48260, mark_ll is -1.510406299374482, time_ll is 3.7787429499715084[0m
[38;20m2026-09-28 13:55:46,130 - tpp_runner.py[pid:18276;line:136:_train_model] - INFO: [ Epoch 20 (test) ]: test loglike is 2.8091339887556668, num_events is 104775, mark_ll is -1.5627928802046052, time_ll is 4.3719269342042475[0m
[31;1m2026-09-28 13:55:46,130 - tpp_runner.py[pid:18276;line:140:_train_model] - CRITICAL: current best loglike on valid set is 2.2683 (updated at epoch-20), best updated at this epoch[0m
[38;20m2026-09-28 13:56:09,108 - tpp_runner.py[pid:18276;line:104:_train_model] - INFO: [ Epoch 21 (train) ]: train loglike is 2.980361470716115, num_events is 248539, mark_ll is -1.5133206820031262, time_ll is 4.493682164506878[0m
[38;20m2026-09-28 13:56:10,315 - tpp_runner.py[pid:18276;line:116:_train_model] - INFO: [ Epoch 21 (valid) ]:  valid loglike is 2.2849785018648983, num_events is 48260, mark_ll is -1.5128442858345421, time_ll is 3.7978227472285537[0m
[38;20m2026-09-28 13:56:12,941 - tpp_runner.py[pid:18276;line:136:_train_model] - INFO: [ Epoch 21 (test) ]: test loglike is 2.8153135625447385, num_events is 104775, mark_ll is -1.5664639909180387, time_ll is 4.381777637347889[0m
[31;1m2026-09-28 13:56:12,941 - tpp_runner.py[pid:18276;line:140:_train_model] - CRITICAL: current best loglike on valid set is 2.2850 (updated at epoch-21), best updated at this epoch[0m
[38;20m2026-09-28 13:56:35,896 - tpp_runner.py[pid:18276;line:104:_train_model] - INFO: [ Epoch 22 (train) ]: train loglike is 3.02569359477411, num_events is 248539, mark_ll is -1.516082544986652, time_ll is 4.5417761240439125[0m
[38;20m2026-09-28 13:56:37,093 - tpp_runner.py[pid:18276;line:116:_train_model] - INFO: [ Epoch 22 (valid) ]:  valid loglike is 2.3392537654113137, num_events is 48260, mark_ll is -1.5067080494975136, time_ll is 3.8459617744379404[0m
[38;20m2026-09-28 13:56:39,728 - tpp_runner.py[pid:18276;line:136:_train_model] - INFO: [ Epoch 22 (test) ]: test loglike is 2.857295637228585, num_events is 104775, mark_ll is -1.5566664522936053, time_ll is 4.413962061560487[0m
[31;1m2026-09-28 13:56:39,728 - tpp_runner.py[pid:18276;line:140:_train_model] - CRITICAL: current best loglike on valid set is 2.3393 (updated at epoch-22), best updated at this epoch[0m
[38;20m2026-09-28 13:57:02,599 - tpp_runner.py[pid:18276;line:104:_train_model] - INFO: [ Epoch 23 (train) ]: train loglike is 3.0230751716154205, num_events is 248539, mark_ll is -1.514430790571349, time_ll is 4.537505973974406[0m
[38;20m2026-09-28 13:57:03,804 - tpp_runner.py[pid:18276;line:116:_train_model] - INFO: [ Epoch 23 (valid) ]:  valid loglike is 2.32824394393649, num_events is 48260, mark_ll is -1.5148835126463427, time_ll is 3.843127517289163[0m
[38;20m2026-09-28 13:57:06,398 - tpp_runner.py[pid:18276;line:136:_train_model] - INFO: [ Epoch 23 (test) ]: test loglike is 2.837151336196612, num_events is 104775, mark_ll is -1.5656302288385826, time_ll is 4.402781443867812[0m
[31;1m2026-09-28 13:57:06,398 - tpp_runner.py[pid:18276;line:140:_train_model] - CRITICAL: current best loglike on valid set is 2.3393 (updated at epoch-22)[0m
[38;20m2026-09-28 13:57:29,252 - tpp_runner.py[pid:18276;line:104:_train_model] - INFO: [ Epoch 24 (train) ]: train loglike is 3.077632575395612, num_events is 248539, mark_ll is -1.5138786006830165, time_ll is 4.591511174114022[0m
[38;20m2026-09-28 13:57:30,452 - tpp_runner.py[pid:18276;line:116:_train_model] - INFO: [ Epoch 24 (valid) ]:  valid loglike is 2.3817206157078843, num_events is 48260, mark_ll is -1.5069089874507875, time_ll is 3.8886296233941153[0m
[38;20m2026-09-28 13:57:33,070 - tpp_runner.py[pid:18276;line:136:_train_model] - INFO: [ Epoch 24 (test) ]: test loglike is 2.911380077845383, num_events is 104775, mark_ll is -1.5588250305714626, time_ll is 4.470205201622525[0m
[31;1m2026-09-28 13:57:33,070 - tpp_runner.py[pid:18276;line:140:_train_model] - CRITICAL: current best loglike on valid set is 2.3817 (updated at epoch-24), best updated at this epoch[0m
[38;20m2026-09-28 13:57:56,463 - tpp_runner.py[pid:18276;line:104:_train_model] - INFO: [ Epoch 25 (train) ]: train loglike is 3.0999401046591277, num_events is 248539, mark_ll is -1.5176403774753409, time_ll is 4.617580436948527[0m
[38;20m2026-09-28 13:57:57,712 - tpp_runner.py[pid:18276;line:116:_train_model] - INFO: [ Epoch 25 (valid) ]:  valid loglike is 2.4137621453131475, num_events is 48260, mark_ll is -1.5138581017858992, time_ll is 3.927620166157273[0m
[38;20m2026-09-28 13:58:00,367 - tpp_runner.py[pid:18276;line:136:_train_model] - INFO: [ Epoch 25 (test) ]: test loglike is 2.9421401328740155, num_events is 104775, mark_ll is -1.567193176225841, time_ll is 4.509333374343832[0m
[31;1m2026-09-28 13:58:00,367 - tpp_runner.py[pid:18276;line:140:_train_model] - CRITICAL: current best loglike on valid set is 2.4138 (updated at epoch-25), best updated at this epoch[0m
[38;20m2026-09-28 13:58:23,814 - tpp_runner.py[pid:18276;line:104:_train_model] - INFO: [ Epoch 26 (train) ]: train loglike is 3.12579807803051, num_events is 248539, mark_ll is -1.5143249729544457, time_ll is 4.640123043126532[0m
[38;20m2026-09-28 13:58:25,012 - tpp_runner.py[pid:18276;line:116:_train_model] - INFO: [ Epoch 26 (valid) ]:  valid loglike is 2.4405756255180275, num_events is 48260, mark_ll is -1.5114190833182242, time_ll is 3.9519948100134688[0m
[38;20m2026-09-28 13:58:27,622 - tpp_runner.py[pid:18276;line:136:_train_model] - INFO: [ Epoch 26 (test) ]: test loglike is 2.957238259812694, num_events is 104775, mark_ll is -1.5633708113367932, time_ll is 4.520609155034598[0m
[31;1m2026-09-28 13:58:27,622 - tpp_runner.py[pid:18276;line:140:_train_model] - CRITICAL: current best loglike on valid set is 2.4406 (updated at epoch-26), best updated at this epoch[0m
[38;20m2026-09-28 13:58:51,232 - tpp_runner.py[pid:18276;line:104:_train_model] - INFO: [ Epoch 27 (train) ]: train loglike is 3.1541952812863374, num_events is 248539, mark_ll is -1.5191966029161923, time_ll is 4.673391911707016[0m
[38;20m2026-09-28 13:58:52,489 - tpp_runner.py[pid:18276;line:116:_train_model] - INFO: [ Epoch 27 (valid) ]:  valid loglike is 2.36008955397845, num_events is 48260, mark_ll is -1.5068913219086717, time_ll is 3.866980734239018[0m
[38;20m2026-09-28 13:58:55,171 - tpp_runner.py[pid:18276;line:136:_train_model] - INFO: [ Epoch 27 (test) ]: test loglike is 2.8973202435277976, num_events is 104775, mark_ll is -1.5631624966445956, time_ll is 4.460482674928418[0m
[31;1m2026-09-28 13:58:55,171 - tpp_runner.py[pid:18276;line:140:_train_model] - CRITICAL: current best loglike on valid set is 2.4406 (updated at epoch-26)[0m
[38;20m2026-09-28 13:59:18,219 - tpp_runner.py[pid:18276;line:104:_train_model] - INFO: [ Epoch 28 (train) ]: train loglike is 3.169241708701904, num_events is 248539, mark_ll is -1.5143131244147046, time_ll is 4.683554850798064[0m
[38;20m2026-09-28 13:59:19,425 - tpp_runner.py[pid:18276;line:116:_train_model] - INFO: [ Epoch 28 (valid) ]:  valid loglike is 2.4721657023803356, num_events is 48260, mark_ll is -1.5138709715279217, time_ll is 3.9860366941437007[0m
[38;20m2026-09-28 13:59:22,077 - tpp_runner.py[pid:18276;line:136:_train_model] - INFO: [ Epoch 28 (test) ]: test loglike is 3.001944960182534, num_events is 104775, mark_ll is -1.56979764115068, time_ll is 4.571742480165832[0m
[31;1m2026-09-28 13:59:22,077 - tpp_runner.py[pid:18276;line:140:_train_model] - CRITICAL: current best loglike on valid set is 2.4722 (updated at epoch-28), best updated at this epoch[0m
[38;20m2026-09-28 13:59:44,874 - tpp_runner.py[pid:18276;line:104:_train_model] - INFO: [ Epoch 29 (train) ]: train loglike is 3.209469440189719, num_events is 248539, mark_ll is -1.512215156861071, time_ll is 4.721684610803033[0m
[38;20m2026-09-28 13:59:46,080 - tpp_runner.py[pid:18276;line:116:_train_model] - INFO: [ Epoch 29 (valid) ]:  valid loglike is 2.5060513284163903, num_events is 48260, mark_ll is -1.510332237651523, time_ll is 4.016383505361583[0m
[38;20m2026-09-28 13:59:48,672 - tpp_runner.py[pid:18276;line:136:_train_model] - INFO: [ Epoch 29 (test) ]: test loglike is 3.03563398502744, num_events is 104775, mark_ll is -1.5642577192943212, time_ll is 4.59989162043665[0m
[31;1m2026-09-28 13:59:48,672 - tpp_runner.py[pid:18276;line:140:_train_model] - CRITICAL: current best loglike on valid set is 2.5061 (updated at epoch-29), best updated at this epoch[0m
[38;20m2026-09-28 14:00:11,589 - tpp_runner.py[pid:18276;line:104:_train_model] - INFO: [ Epoch 30 (train) ]: train loglike is 3.222897102856594, num_events is 248539, mark_ll is -1.5166145013961592, time_ll is 4.739511682837[0m
[38;20m2026-09-28 14:00:12,798 - tpp_runner.py[pid:18276;line:116:_train_model] - INFO: [ Epoch 30 (valid) ]:  valid loglike is 2.4240990168812164, num_events is 48260, mark_ll is -1.509085268920949, time_ll is 3.9331843869793826[0m
[38;20m2026-09-28 14:00:15,413 - tpp_runner.py[pid:18276;line:136:_train_model] - INFO: [ Epoch 30 (test) ]: test loglike is 2.948419250328084, num_events is 104775, mark_ll is -1.5565756140390121, time_ll is 4.504994929611072[0m
[31;1m2026-09-28 14:00:15,413 - tpp_runner.py[pid:18276;line:140:_train_model] - CRITICAL: current best loglike on valid set is 2.5061 (updated at epoch-29)[0m
[38;20m2026-09-28 14:00:38,377 - tpp_runner.py[pid:18276;line:104:_train_model] - INFO: [ Epoch 31 (train) ]: train loglike is 3.2307581954253157, num_events is 248539, mark_ll is -1.518397310759076, time_ll is 4.749155431529357[0m
[38;20m2026-09-28 14:00:39,576 - tpp_runner.py[pid:18276;line:116:_train_model] - INFO: [ Epoch 31 (valid) ]:  valid loglike is 2.5020147419252488, num_events is 48260, mark_ll is -1.517085290775228, time_ll is 4.01910011364225[0m
[38;20m2026-09-28 14:00:42,183 - tpp_runner.py[pid:18276;line:136:_train_model] - INFO: [ Epoch 31 (test) ]: test loglike is 3.0538915421438797, num_events is 104775, mark_ll is -1.5704106269386782, time_ll is 4.624302038594608[0m
[31;1m2026-09-28 14:00:42,183 - tpp_runner.py[pid:18276;line:140:_train_model] - CRITICAL: current best loglike on valid set is 2.5061 (updated at epoch-29)[0m
[38;20m2026-09-28 14:01:05,635 - tpp_runner.py[pid:18276;line:104:_train_model] - INFO: [ Epoch 32 (train) ]: train loglike is 3.2514557338712438, num_events is 248539, mark_ll is -1.5209685440778409, time_ll is 4.772424234727749[0m
[38;20m2026-09-28 14:01:06,887 - tpp_runner.py[pid:18276;line:116:_train_model] - INFO: [ Epoch 32 (valid) ]:  valid loglike is 2.5266030113577496, num_events is 48260, mark_ll is -1.5177680144011603, time_ll is 4.044371066229797[0m
[38;20m2026-09-28 14:01:09,609 - tpp_runner.py[pid:18276;line:136:_train_model] - INFO: [ Epoch 32 (test) ]: test loglike is 3.062802732044858, num_events is 104775, mark_ll is -1.575739055789191, time_ll is 4.638541778513481[0m
[31;1m2026-09-28 14:01:09,609 - tpp_runner.py[pid:18276;line:140:_train_model] - CRITICAL: current best loglike on valid set is 2.5266 (updated at epoch-32), best updated at this epoch[0m
[38;20m2026-09-28 14:01:33,520 - tpp_runner.py[pid:18276;line:104:_train_model] - INFO: [ Epoch 33 (train) ]: train loglike is 3.284066553689763, num_events is 248539, mark_ll is -1.519777375859523, time_ll is 4.803843890257163[0m
[38;20m2026-09-28 14:01:34,742 - tpp_runner.py[pid:18276;line:116:_train_model] - INFO: [ Epoch 33 (valid) ]:  valid loglike is 2.5602963197394324, num_events is 48260, mark_ll is -1.517319961212702, time_ll is 4.077616280952134[0m
[38;20m2026-09-28 14:01:37,434 - tpp_runner.py[pid:18276;line:136:_train_model] - INFO: [ Epoch 33 (test) ]: test loglike is 3.106730698968027, num_events is 104775, mark_ll is -1.5725815083661416, time_ll is 4.6793121980136005[0m
[31;1m2026-09-28 14:01:37,434 - tpp_runner.py[pid:18276;line:140:_train_model] - CRITICAL: current best loglike on valid set is 2.5603 (updated at epoch-33), best updated at this epoch[0m
[38;20m2026-09-28 14:02:01,098 - tpp_runner.py[pid:18276;line:104:_train_model] - INFO: [ Epoch 34 (train) ]: train loglike is 3.299363503753435, num_events is 248539, mark_ll is -1.517212812378666, time_ll is 4.816576251300098[0m
[38;20m2026-09-28 14:02:02,286 - tpp_runner.py[pid:18276;line:116:_train_model] - INFO: [ Epoch 34 (valid) ]:  valid loglike is 2.564572696235236, num_events is 48260, mark_ll is -1.507558605891266, time_ll is 4.072131342597389[0m
[38;20m2026-09-28 14:02:04,913 - tpp_runner.py[pid:18276;line:136:_train_model] - INFO: [ Epoch 34 (test) ]: test loglike is 3.082071123389406, num_events is 104775, mark_ll is -1.5584034612860893, time_ll is 4.640474528752088[0m
[31;1m2026-09-28 14:02:04,913 - tpp_runner.py[pid:18276;line:140:_train_model] - CRITICAL: current best loglike on valid set is 2.5646 (updated at epoch-34), best updated at this epoch[0m
[38;20m2026-09-28 14:02:27,983 - tpp_runner.py[pid:18276;line:104:_train_model] - INFO: [ Epoch 35 (train) ]: train loglike is 3.333182069137037, num_events is 248539, mark_ll is -1.516536828727081, time_ll is 4.849718882147268[0m
[38;20m2026-09-28 14:02:29,202 - tpp_runner.py[pid:18276;line:116:_train_model] - INFO: [ Epoch 35 (valid) ]:  valid loglike is 2.6214335030952136, num_events is 48260, mark_ll is -1.5103040294433796, time_ll is 4.131737593244924[0m
[38;20m2026-09-28 14:02:31,814 - tpp_runner.py[pid:18276;line:136:_train_model] - INFO: [ Epoch 35 (test) ]: test loglike is 3.1381502587389645, num_events is 104775, mark_ll is -1.5624028051181102, time_ll is 4.7005530638570745[0m
[31;1m2026-09-28 14:02:31,814 - tpp_runner.py[pid:18276;line:140:_train_model] - CRITICAL: current best loglike on valid set is 2.6214 (updated at epoch-35), best updated at this epoch[0m
[38;20m2026-09-28 14:02:55,785 - tpp_runner.py[pid:18276;line:104:_train_model] - INFO: [ Epoch 36 (train) ]: train loglike is 3.3312104336178123, num_events is 248539, mark_ll is -1.5130186218416677, time_ll is 4.844229049565662[0m
[38;20m2026-09-28 14:02:57,023 - tpp_runner.py[pid:18276;line:116:_train_model] - INFO: [ Epoch 36 (valid) ]:  valid loglike is 2.6276872466522483, num_events is 48260, mark_ll is -1.5125604027986428, time_ll is 4.140247649450891[0m
[38;20m2026-09-28 14:02:59,766 - tpp_runner.py[pid:18276;line:136:_train_model] - INFO: [ Epoch 36 (test) ]: test loglike is 3.14672980419351, num_events is 104775, mark_ll is -1.566238787356836, time_ll is 4.712968600870914[0m
[31;1m2026-09-28 14:02:59,766 - tpp_runner.py[pid:18276;line:140:_train_model] - CRITICAL: current best loglike on valid set is 2.6277 (updated at epoch-36), best updated at this epoch[0m
[38;20m2026-09-28 14:03:22,688 - tpp_runner.py[pid:18276;line:104:_train_model] - INFO: [ Epoch 37 (train) ]: train loglike is 3.3717076108402506, num_events is 248539, mark_ll is -1.5149200993103697, time_ll is 4.886627741584319[0m
[38;20m2026-09-28 14:03:23,901 - tpp_runner.py[pid:18276;line:116:_train_model] - INFO: [ Epoch 37 (valid) ]:  valid loglike is 2.641829292180377, num_events is 48260, mark_ll is -1.5173643577755906, time_ll is 4.159193569014194[0m
[38;20m2026-09-28 14:03:26,565 - tpp_runner.py[pid:18276;line:136:_train_model] - INFO: [ Epoch 37 (test) ]: test loglike is 3.170089085987831, num_events is 104775, mark_ll is -1.572938085331663, time_ll is 4.743027134037223[0m
[31;1m2026-09-28 14:03:26,565 - tpp_runner.py[pid:18276;line:140:_train_model] - CRITICAL: current best loglike on valid set is 2.6418 (updated at epoch-37), best updated at this epoch[0m
[38;20m2026-09-28 14:03:49,667 - tpp_runner.py[pid:18276;line:104:_train_model] - INFO: [ Epoch 38 (train) ]: train loglike is 3.379746284159629, num_events is 248539, mark_ll is -1.516196150302367, time_ll is 4.895942418745147[0m
[38;20m2026-09-28 14:03:50,878 - tpp_runner.py[pid:18276;line:116:_train_model] - INFO: [ Epoch 38 (valid) ]:  valid loglike is 2.673917282363759, num_events is 48260, mark_ll is -1.5095231032104746, time_ll is 4.183440446280564[0m
[38;20m2026-09-28 14:03:53,497 - tpp_runner.py[pid:18276;line:136:_train_model] - INFO: [ Epoch 38 (test) ]: test loglike is 3.1862773465461705, num_events is 104775, mark_ll is -1.5640160276485326, time_ll is 4.750293374194703[0m
[31;1m2026-09-28 14:03:53,498 - tpp_runner.py[pid:18276;line:140:_train_model] - CRITICAL: current best loglike on valid set is 2.6739 (updated at epoch-38), best updated at this epoch[0m
[38;20m2026-09-28 14:04:16,429 - tpp_runner.py[pid:18276;line:104:_train_model] - INFO: [ Epoch 39 (train) ]: train loglike is 3.386944927248591, num_events is 248539, mark_ll is -1.5128372277904574, time_ll is 4.899782139322199[0m
[38;20m2026-09-28 14:04:17,638 - tpp_runner.py[pid:18276;line:116:_train_model] - INFO: [ Epoch 39 (valid) ]:  valid loglike is 2.665674576836407, num_events is 48260, mark_ll is -1.5044778000997203, time_ll is 4.17015227575891[0m
[38;20m2026-09-28 14:04:20,239 - tpp_runner.py[pid:18276;line:136:_train_model] - INFO: [ Epoch 39 (test) ]: test loglike is 3.1848599118647103, num_events is 104775, mark_ll is -1.556614042740396, time_ll is 4.741474047810785[0m
[31;1m2026-09-28 14:04:20,239 - tpp_runner.py[pid:18276;line:140:_train_model] - CRITICAL: current best loglike on valid set is 2.6739 (updated at epoch-38)[0m
[38;20m2026-09-28 14:04:43,571 - tpp_runner.py[pid:18276;line:104:_train_model] - INFO: [ Epoch 40 (train) ]: train loglike is 3.4007162270370546, num_events is 248539, mark_ll is -1.5140080033968513, time_ll is 4.914724234363118[0m
[38;20m2026-09-28 14:04:44,803 - tpp_runner.py[pid:18276;line:116:_train_model] - INFO: [ Epoch 40 (valid) ]:  valid loglike is 2.6985571319415667, num_events is 48260, mark_ll is -1.5095159600989432, time_ll is 4.208073172982283[0m
[38;20m2026-09-28 14:04:47,467 - tpp_runner.py[pid:18276;line:136:_train_model] - INFO: [ Epoch 40 (test) ]: test loglike is 3.2127913050286327, num_events is 104775, mark_ll is -1.5625735486011691, time_ll is 4.775364807026962[0m
[31;1m2026-09-28 14:04:47,467 - tpp_runner.py[pid:18276;line:140:_train_model] - CRITICAL: current best loglike on valid set is 2.6986 (updated at epoch-40), best updated at this epoch[0m
[38;20m2026-09-28 14:05:10,621 - tpp_runner.py[pid:18276;line:104:_train_model] - INFO: [ Epoch 41 (train) ]: train loglike is 3.4274445366534527, num_events is 248539, mark_ll is -1.5156045563083158, time_ll is 4.9430491086786175[0m
[38;20m2026-09-28 14:05:11,824 - tpp_runner.py[pid:18276;line:116:_train_model] - INFO: [ Epoch 41 (valid) ]:  valid loglike is 2.693386247668877, num_events is 48260, mark_ll is -1.5123573401238086, time_ll is 4.205743547321799[0m
[38;20m2026-09-28 14:05:14,428 - tpp_runner.py[pid:18276;line:136:_train_model] - INFO: [ Epoch 41 (test) ]: test loglike is 3.2270198229837748, num_events is 104775, mark_ll is -1.561046765017299, time_ll is 4.788066615962777[0m
[31;1m2026-09-28 14:05:14,428 - tpp_runner.py[pid:18276;line:140:_train_model] - CRITICAL: current best loglike on valid set is 2.6986 (updated at epoch-40)[0m
[38;20m2026-09-28 14:05:37,213 - tpp_runner.py[pid:18276;line:104:_train_model] - INFO: [ Epoch 42 (train) ]: train loglike is 3.4283093484259513, num_events is 248539, mark_ll is -1.5162053623406437, time_ll is 4.9445146577222285[0m
[38;20m2026-09-28 14:05:38,407 - tpp_runner.py[pid:18276;line:116:_train_model] - INFO: [ Epoch 42 (valid) ]:  valid loglike is 2.676129663865002, num_events is 48260, mark_ll is -1.5131409374352467, time_ll is 4.189270763183796[0m
[38;20m2026-09-28 14:05:41,018 - tpp_runner.py[pid:18276;line:136:_train_model] - INFO: [ Epoch 42 (test) ]: test loglike is 3.2142030355225484, num_events is 104775, mark_ll is -1.569724875477213, time_ll is 4.783927799152947[0m
[31;1m2026-09-28 14:05:41,019 - tpp_runner.py[pid:18276;line:140:_train_model] - CRITICAL: current best loglike on valid set is 2.6986 (updated at epoch-40)[0m
[38;20m2026-09-28 14:06:04,151 - tpp_runner.py[pid:18276;line:104:_train_model] - INFO: [ Epoch 43 (train) ]: train loglike is 3.4366425201376845, num_events is 248539, mark_ll is -1.5192705428335693, time_ll is 4.955913051183617[0m
[38;20m2026-09-28 14:06:05,349 - tpp_runner.py[pid:18276;line:116:_train_model] - INFO: [ Epoch 43 (valid) ]:  valid loglike is 2.6806311596689807, num_events is 48260, mark_ll is -1.5183268971132926, time_ll is 4.19895803654683[0m
[38;20m2026-09-28 14:06:07,965 - tpp_runner.py[pid:18276;line:136:_train_model] - INFO: [ Epoch 43 (test) ]: test loglike is 3.2314200630816035, num_events is 104775, mark_ll is -1.5661999671916012, time_ll is 4.797620011632069[0m
[31;1m2026-09-28 14:06:07,965 - tpp_runner.py[pid:18276;line:140:_train_model] - CRITICAL: current best loglike on valid set is 2.6986 (updated at epoch-40)[0m
[38;20m2026-09-28 14:06:31,072 - tpp_runner.py[pid:18276;line:104:_train_model] - INFO: [ Epoch 44 (train) ]: train loglike is 3.426250570835965, num_events is 248539, mark_ll is -1.5244934090135251, time_ll is 4.950744085938223[0m
[38;20m2026-09-28 14:06:32,282 - tpp_runner.py[pid:18276;line:116:_train_model] - INFO: [ Epoch 44 (valid) ]:  valid loglike is 2.6924401597466847, num_events is 48260, mark_ll is -1.5260333026833817, time_ll is 4.2184735838427265[0m
[38;20m2026-09-28 14:06:34,902 - tpp_runner.py[pid:18276;line:136:_train_model] - INFO: [ Epoch 44 (test) ]: test loglike is 3.228728693181818, num_events is 104775, mark_ll is -1.5797351467430207, time_ll is 4.808463765360296[0m
[31;1m2026-09-28 14:06:34,902 - tpp_runner.py[pid:18276;line:140:_train_model] - CRITICAL: current best loglike on valid set is 2.6986 (updated at epoch-40)[0m
[38;20m2026-09-28 14:06:57,898 - tpp_runner.py[pid:18276;line:104:_train_model] - INFO: [ Epoch 45 (train) ]: train loglike is 3.4532675636104897, num_events is 248539, mark_ll is -1.5282104949449584, time_ll is 4.981478054626236[0m
[38;20m2026-09-28 14:06:59,111 - tpp_runner.py[pid:18276;line:116:_train_model] - INFO: [ Epoch 45 (valid) ]:  valid loglike is 2.7219653714903647, num_events is 48260, mark_ll is -1.518679317596094, time_ll is 4.240644709321902[0m
[38;20m2026-09-28 14:07:01,724 - tpp_runner.py[pid:18276;line:136:_train_model] - INFO: [ Epoch 45 (test) ]: test loglike is 3.2458900769506083, num_events is 104775, mark_ll is -1.5718516426568838, time_ll is 4.8177416450429495[0m
[31;1m2026-09-28 14:07:01,724 - tpp_runner.py[pid:18276;line:140:_train_model] - CRITICAL: current best loglike on valid set is 2.7220 (updated at epoch-45), best updated at this epoch[0m
[38;20m2026-09-28 14:07:24,998 - tpp_runner.py[pid:18276;line:104:_train_model] - INFO: [ Epoch 46 (train) ]: train loglike is 3.4816254158049644, num_events is 248539, mark_ll is -1.5223362478763394, time_ll is 5.003961722619488[0m
[38;20m2026-09-28 14:07:26,191 - tpp_runner.py[pid:18276;line:116:_train_model] - INFO: [ Epoch 46 (valid) ]:  valid loglike is 2.740778910782739, num_events is 48260, mark_ll is -1.5185836444195504, time_ll is 4.259362656379507[0m
[38;20m2026-09-28 14:07:28,824 - tpp_runner.py[pid:18276;line:136:_train_model] - INFO: [ Epoch 46 (test) ]: test loglike is 3.280730751163207, num_events is 104775, mark_ll is -1.5731434360832737, time_ll is 4.853874224528752[0m
[31;1m2026-09-28 14:07:28,824 - tpp_runner.py[pid:18276;line:140:_train_model] - CRITICAL: current best loglike on valid set is 2.7408 (updated at epoch-46), best updated at this epoch[0m
[38;20m2026-09-28 14:07:51,682 - tpp_runner.py[pid:18276;line:104:_train_model] - INFO: [ Epoch 47 (train) ]: train loglike is 3.4788540166231456, num_events is 248539, mark_ll is -1.5213960188026325, time_ll is 5.000250039354991[0m
[38;20m2026-09-28 14:07:52,880 - tpp_runner.py[pid:18276;line:116:_train_model] - INFO: [ Epoch 47 (valid) ]:  valid loglike is 2.7248540619819726, num_events is 48260, mark_ll is -1.512358210247876, time_ll is 4.237212292465292[0m
[38;20m2026-09-28 14:07:55,501 - tpp_runner.py[pid:18276;line:136:_train_model] - INFO: [ Epoch 47 (test) ]: test loglike is 3.2450710972918158, num_events is 104775, mark_ll is -1.5671367401873062, time_ll is 4.812207967967073[0m
[31;1m2026-09-28 14:07:55,501 - tpp_runner.py[pid:18276;line:140:_train_model] - CRITICAL: current best loglike on valid set is 2.7408 (updated at epoch-46)[0m
[38;20m2026-09-28 14:08:18,421 - tpp_runner.py[pid:18276;line:104:_train_model] - INFO: [ Epoch 48 (train) ]: train loglike is 3.4924795897852046, num_events is 248539, mark_ll is -1.5164755860593055, time_ll is 5.008955177809116[0m
[38;20m2026-09-28 14:08:19,626 - tpp_runner.py[pid:18276;line:116:_train_model] - INFO: [ Epoch 48 (valid) ]:  valid loglike is 2.749280103864484, num_events is 48260, mark_ll is -1.5054215002395877, time_ll is 4.254701583868628[0m
[38;20m2026-09-28 14:08:22,253 - tpp_runner.py[pid:18276;line:136:_train_model] - INFO: [ Epoch 48 (test) ]: test loglike is 3.2830077845382966, num_events is 104775, mark_ll is -1.557490968369721, time_ll is 4.840498799510857[0m
[31;1m2026-09-28 14:08:22,254 - tpp_runner.py[pid:18276;line:140:_train_model] - CRITICAL: current best loglike on valid set is 2.7493 (updated at epoch-48), best updated at this epoch[0m
[38;20m2026-09-28 14:08:45,199 - tpp_runner.py[pid:18276;line:104:_train_model] - INFO: [ Epoch 49 (train) ]: train loglike is 3.5082811646575083, num_events is 248539, mark_ll is -1.5138928735467572, time_ll is 5.022174085354814[0m
[38;20m2026-09-28 14:08:46,404 - tpp_runner.py[pid:18276;line:116:_train_model] - INFO: [ Epoch 49 (valid) ]:  valid loglike is 2.7507330087028596, num_events is 48260, mark_ll is -1.509989732536003, time_ll is 4.260722721003419[0m
[38;20m2026-09-28 14:08:49,035 - tpp_runner.py[pid:18276;line:136:_train_model] - INFO: [ Epoch 49 (test) ]: test loglike is 3.287246573759246, num_events is 104775, mark_ll is -1.565842803030303, time_ll is 4.853089395430684[0m
[31;1m2026-09-28 14:08:49,035 - tpp_runner.py[pid:18276;line:140:_train_model] - CRITICAL: current best loglike on valid set is 2.7507 (updated at epoch-49), best updated at this epoch[0m
[38;20m2026-09-28 14:09:11,778 - tpp_runner.py[pid:18276;line:104:_train_model] - INFO: [ Epoch 50 (train) ]: train loglike is 3.5316999576776684, num_events is 248539, mark_ll is -1.5146677299324753, time_ll is 5.04636771511463[0m
[38;20m2026-09-28 14:09:12,985 - tpp_runner.py[pid:18276;line:116:_train_model] - INFO: [ Epoch 50 (valid) ]:  valid loglike is 2.7638923603916288, num_events is 48260, mark_ll is -1.504829107633133, time_ll is 4.268721468024761[0m
[38;20m2026-09-28 14:09:15,660 - tpp_runner.py[pid:18276;line:136:_train_model] - INFO: [ Epoch 50 (test) ]: test loglike is 3.2986335488248626, num_events is 104775, mark_ll is -1.5563365973962062, time_ll is 4.854970136900501[0m
[31;1m2026-09-28 14:09:15,662 - tpp_runner.py[pid:18276;line:140:_train_model] - CRITICAL: current best loglike on valid set is 2.7639 (updated at epoch-50), best updated at this epoch[0m
[38;20m2026-09-28 14:09:38,426 - tpp_runner.py[pid:18276;line:104:_train_model] - INFO: [ Epoch 51 (train) ]: train loglike is 3.5395507517809075, num_events is 248539, mark_ll is -1.5122536100974093, time_ll is 5.051804377595166[0m
[38;20m2026-09-28 14:09:39,643 - tpp_runner.py[pid:18276;line:116:_train_model] - INFO: [ Epoch 51 (valid) ]:  valid loglike is 2.7860309068068796, num_events is 48260, mark_ll is -1.5006432645112413, time_ll is 4.286674151082678[0m
[38;20m2026-09-28 14:09:42,260 - tpp_runner.py[pid:18276;line:136:_train_model] - INFO: [ Epoch 51 (test) ]: test loglike is 3.3110135931162015, num_events is 104775, mark_ll is -1.5523359207229779, time_ll is 4.863349476556908[0m
[31;1m2026-09-28 14:09:42,260 - tpp_runner.py[pid:18276;line:140:_train_model] - CRITICAL: current best loglike on valid set is 2.7860 (updated at epoch-51), best updated at this epoch[0m
[38;20m2026-09-28 14:10:05,006 - tpp_runner.py[pid:18276;line:104:_train_model] - INFO: [ Epoch 52 (train) ]: train loglike is 3.5309366060256138, num_events is 248539, mark_ll is -1.5120750156099747, time_ll is 5.043011633423225[0m
[38;20m2026-09-28 14:10:06,228 - tpp_runner.py[pid:18276;line:116:_train_model] - INFO: [ Epoch 52 (valid) ]:  valid loglike is 2.791980329530149, num_events is 48260, mark_ll is -1.5051356746011189, time_ll is 4.2971159636603815[0m
[38;20m2026-09-28 14:10:08,846 - tpp_runner.py[pid:18276;line:136:_train_model] - INFO: [ Epoch 52 (test) ]: test loglike is 3.3023835488248627, num_events is 104775, mark_ll is -1.5606696828024338, time_ll is 4.863053380756383[0m
[31;1m2026-09-28 14:10:08,846 - tpp_runner.py[pid:18276;line:140:_train_model] - CRITICAL: current best loglike on valid set is 2.7920 (updated at epoch-52), best updated at this epoch[0m
[38;20m2026-09-28 14:10:32,026 - tpp_runner.py[pid:18276;line:104:_train_model] - INFO: [ Epoch 53 (train) ]: train loglike is 3.5428769557418556, num_events is 248539, mark_ll is -1.511383034170442, time_ll is 5.054259907398839[0m
[38;20m2026-09-28 14:10:33,237 - tpp_runner.py[pid:18276;line:116:_train_model] - INFO: [ Epoch 53 (valid) ]:  valid loglike is 2.805850026225135, num_events is 48260, mark_ll is -1.505361846152352, time_ll is 4.311211973554704[0m
[38;20m2026-09-28 14:10:35,869 - tpp_runner.py[pid:18276;line:136:_train_model] - INFO: [ Epoch 53 (test) ]: test loglike is 3.3410107037401575, num_events is 104775, mark_ll is -1.5602488312007874, time_ll is 4.901259506979241[0m
[31;1m2026-09-28 14:10:35,869 - tpp_runner.py[pid:18276;line:140:_train_model] - CRITICAL: current best loglike on valid set is 2.8059 (updated at epoch-53), best updated at this epoch[0m
[38;20m2026-09-28 14:10:58,717 - tpp_runner.py[pid:18276;line:104:_train_model] - INFO: [ Epoch 54 (train) ]: train loglike is 3.566973478948475, num_events is 248539, mark_ll is -1.5111004137869208, time_ll is 5.07807386523091[0m
[38;20m2026-09-28 14:10:59,920 - tpp_runner.py[pid:18276;line:116:_train_model] - INFO: [ Epoch 54 (valid) ]:  valid loglike is 2.8090185324285124, num_events is 48260, mark_ll is -1.5078599521148466, time_ll is 4.316878545249689[0m
[38;20m2026-09-28 14:11:02,542 - tpp_runner.py[pid:18276;line:136:_train_model] - INFO: [ Epoch 54 (test) ]: test loglike is 3.33671923466953, num_events is 104775, mark_ll is -1.560343304476855, time_ll is 4.8970625671080885[0m
[31;1m2026-09-28 14:11:02,542 - tpp_runner.py[pid:18276;line:140:_train_model] - CRITICAL: current best loglike on valid set is 2.8090 (updated at epoch-54), best updated at this epoch[0m
[38;20m2026-09-28 14:11:25,337 - tpp_runner.py[pid:18276;line:104:_train_model] - INFO: [ Epoch 55 (train) ]: train loglike is 3.5758883705437072, num_events is 248539, mark_ll is -1.5126639298812259, time_ll is 5.088552296495721[0m
[38;20m2026-09-28 14:11:26,546 - tpp_runner.py[pid:18276;line:116:_train_model] - INFO: [ Epoch 55 (valid) ]:  valid loglike is 2.8253015890489017, num_events is 48260, mark_ll is -1.5075346066553563, time_ll is 4.332836175468815[0m
[38;20m2026-09-28 14:11:29,188 - tpp_runner.py[pid:18276;line:136:_train_model] - INFO: [ Epoch 55 (test) ]: test loglike is 3.3540114978525413, num_events is 104775, mark_ll is -1.559322096456693, time_ll is 4.913333557026963[0m
[31;1m2026-09-28 14:11:29,188 - tpp_runner.py[pid:18276;line:140:_train_model] - CRITICAL: current best loglike on valid set is 2.8253 (updated at epoch-55), best updated at this epoch[0m
[38;20m2026-09-28 14:11:52,190 - tpp_runner.py[pid:18276;line:104:_train_model] - INFO: [ Epoch 56 (train) ]: train loglike is 3.599869901422664, num_events is 248539, mark_ll is -1.5116255844467568, time_ll is 5.111495485869421[0m
[38;20m2026-09-28 14:11:53,395 - tpp_runner.py[pid:18276;line:116:_train_model] - INFO: [ Epoch 56 (valid) ]:  valid loglike is 2.8447981150279733, num_events is 48260, mark_ll is -1.5064315928693535, time_ll is 4.35122966742644[0m
[38;20m2026-09-28 14:11:56,011 - tpp_runner.py[pid:18276;line:136:_train_model] - INFO: [ Epoch 56 (test) ]: test loglike is 3.3661944866976854, num_events is 104775, mark_ll is -1.5606204142806013, time_ll is 4.926814938260558[0m
[31;1m2026-09-28 14:11:56,011 - tpp_runner.py[pid:18276;line:140:_train_model] - CRITICAL: current best loglike on valid set is 2.8448 (updated at epoch-56), best updated at this epoch[0m
[38;20m2026-09-28 14:12:19,095 - tpp_runner.py[pid:18276;line:104:_train_model] - INFO: [ Epoch 57 (train) ]: train loglike is 3.6012321711205284, num_events is 248539, mark_ll is -1.5126742401343451, time_ll is 5.113906450546996[0m
[38;20m2026-09-28 14:12:20,296 - tpp_runner.py[pid:18276;line:116:_train_model] - INFO: [ Epoch 57 (valid) ]:  valid loglike is 2.843151395112412, num_events is 48260, mark_ll is -1.5044999579102776, time_ll is 4.347651393493576[0m
[38;20m2026-09-28 14:12:22,916 - tpp_runner.py[pid:18276;line:136:_train_model] - INFO: [ Epoch 57 (test) ]: test loglike is 3.374869605255309, num_events is 104775, mark_ll is -1.556070374015748, time_ll is 4.930939997912192[0m
[31;1m2026-09-28 14:12:22,916 - tpp_runner.py[pid:18276;line:140:_train_model] - CRITICAL: current best loglike on valid set is 2.8448 (updated at epoch-56)[0m
[38;20m2026-09-28 14:12:45,780 - tpp_runner.py[pid:18276;line:104:_train_model] - INFO: [ Epoch 58 (train) ]: train loglike is 3.606572897953138, num_events is 248539, mark_ll is -1.512073854527735, time_ll is 5.118646785879178[0m
[38;20m2026-09-28 14:12:46,975 - tpp_runner.py[pid:18276;line:116:_train_model] - INFO: [ Epoch 58 (valid) ]:  valid loglike is 2.8529446212572522, num_events is 48260, mark_ll is -1.5051066165043514, time_ll is 4.358051197290717[0m
[38;20m2026-09-28 14:12:49,593 - tpp_runner.py[pid:18276;line:136:_train_model] - INFO: [ Epoch 58 (test) ]: test loglike is 3.381493397309711, num_events is 104775, mark_ll is -1.5561638033882128, time_ll is 4.937657144774517[0m
[31;1m2026-09-28 14:12:49,593 - tpp_runner.py[pid:18276;line:140:_train_model] - CRITICAL: current best loglike on valid set is 2.8529 (updated at epoch-58), best updated at this epoch[0m
[38;20m2026-09-28 14:13:12,667 - tpp_runner.py[pid:18276;line:104:_train_model] - INFO: [ Epoch 59 (train) ]: train loglike is 3.612550066809183, num_events is 248539, mark_ll is -1.5112721478696503, time_ll is 5.123822163599073[0m
[38;20m2026-09-28 14:13:13,867 - tpp_runner.py[pid:18276;line:116:_train_model] - INFO: [ Epoch 59 (valid) ]:  valid loglike is 2.856436449375777, num_events is 48260, mark_ll is -1.5017958956045379, time_ll is 4.358232344980315[0m
[38;20m2026-09-28 14:13:16,482 - tpp_runner.py[pid:18276;line:136:_train_model] - INFO: [ Epoch 59 (test) ]: test loglike is 3.3860897421558103, num_events is 104775, mark_ll is -1.5526897667621093, time_ll is 4.938779564841327[0m
[31;1m2026-09-28 14:13:16,482 - tpp_runner.py[pid:18276;line:140:_train_model] - CRITICAL: current best loglike on valid set is 2.8564 (updated at epoch-59), best updated at this epoch[0m
[38;20m2026-09-28 14:13:39,533 - tpp_runner.py[pid:18276;line:104:_train_model] - INFO: [ Epoch 60 (train) ]: train loglike is 3.6191903452526564, num_events is 248539, mark_ll is -1.5104335026865754, time_ll is 5.129623794894866[0m
[38;20m2026-09-28 14:13:40,752 - tpp_runner.py[pid:18276;line:116:_train_model] - INFO: [ Epoch 60 (valid) ]:  valid loglike is 2.8764724118058433, num_events is 48260, mark_ll is -1.502652947575632, time_ll is 4.379125440323249[0m
[38;20m2026-09-28 14:13:43,359 - tpp_runner.py[pid:18276;line:136:_train_model] - INFO: [ Epoch 60 (test) ]: test loglike is 3.395602351020043, num_events is 104775, mark_ll is -1.5550023021802672, time_ll is 4.950604532032927[0m
[31;1m2026-09-28 14:13:43,359 - tpp_runner.py[pid:18276;line:140:_train_model] - CRITICAL: current best loglike on valid set is 2.8765 (updated at epoch-60), best updated at this epoch[0m
[38;20m2026-09-28 14:14:06,135 - tpp_runner.py[pid:18276;line:104:_train_model] - INFO: [ Epoch 61 (train) ]: train loglike is 3.6345690465077913, num_events is 248539, mark_ll is -1.510756588063141, time_ll is 5.145325603137234[0m
[38;20m2026-09-28 14:14:07,333 - tpp_runner.py[pid:18276;line:116:_train_model] - INFO: [ Epoch 61 (valid) ]:  valid loglike is 2.8763096378988813, num_events is 48260, mark_ll is -1.5059787843516887, time_ll is 4.38228836154424[0m
[38;20m2026-09-28 14:14:09,949 - tpp_runner.py[pid:18276;line:136:_train_model] - INFO: [ Epoch 61 (test) ]: test loglike is 3.4030981194822236, num_events is 104775, mark_ll is -1.5597513086077308, time_ll is 4.962849409448819[0m
[31;1m2026-09-28 14:14:09,949 - tpp_runner.py[pid:18276;line:140:_train_model] - CRITICAL: current best loglike on valid set is 2.8765 (updated at epoch-60)[0m
[38;20m2026-09-28 14:14:32,781 - tpp_runner.py[pid:18276;line:104:_train_model] - INFO: [ Epoch 62 (train) ]: train loglike is 3.6363153534882855, num_events is 248539, mark_ll is -1.5109070376027505, time_ll is 5.147222391091036[0m
[38;20m2026-09-28 14:14:33,979 - tpp_runner.py[pid:18276;line:116:_train_model] - INFO: [ Epoch 62 (valid) ]:  valid loglike is 2.8941199848477, num_events is 48260, mark_ll is -1.5061373088155305, time_ll is 4.400257556723995[0m
[38;20m2026-09-28 14:14:36,591 - tpp_runner.py[pid:18276;line:136:_train_model] - INFO: [ Epoch 62 (test) ]: test loglike is 3.412666502624672, num_events is 104775, mark_ll is -1.5591002482999283, time_ll is 4.971766806848008[0m
[31;1m2026-09-28 14:14:36,591 - tpp_runner.py[pid:18276;line:140:_train_model] - CRITICAL: current best loglike on valid set is 2.8941 (updated at epoch-62), best updated at this epoch[0m
[38;20m2026-09-28 14:14:59,371 - tpp_runner.py[pid:18276;line:104:_train_model] - INFO: [ Epoch 63 (train) ]: train loglike is 3.6512192880191843, num_events is 248539, mark_ll is -1.5101564833952117, time_ll is 5.161375783202033[0m
[38;20m2026-09-28 14:15:00,566 - tpp_runner.py[pid:18276;line:116:_train_model] - INFO: [ Epoch 63 (valid) ]:  valid loglike is 2.896974639323456, num_events is 48260, mark_ll is -1.5051957738681103, time_ll is 4.40217037272068[0m
[38;20m2026-09-28 14:15:03,186 - tpp_runner.py[pid:18276;line:136:_train_model] - INFO: [ Epoch 63 (test) ]: test loglike is 3.4232557302851347, num_events is 104775, mark_ll is -1.5579151660552375, time_ll is 4.981170887019804[0m
[31;1m2026-09-28 14:15:03,186 - tpp_runner.py[pid:18276;line:140:_train_model] - CRITICAL: current best loglike on valid set is 2.8970 (updated at epoch-63), best updated at this epoch[0m
[38;20m2026-09-28 14:15:25,936 - tpp_runner.py[pid:18276;line:104:_train_model] - INFO: [ Epoch 64 (train) ]: train loglike is 3.663462006340051, num_events is 248539, mark_ll is -1.5103650440203802, time_ll is 5.173827079829524[0m
[38;20m2026-09-28 14:15:27,140 - tpp_runner.py[pid:18276;line:116:_train_model] - INFO: [ Epoch 64 (valid) ]:  valid loglike is 2.898320013015437, num_events is 48260, mark_ll is -1.5069002659746684, time_ll is 4.405220096871115[0m
[38;20m2026-09-28 14:15:29,752 - tpp_runner.py[pid:18276;line:136:_train_model] - INFO: [ Epoch 64 (test) ]: test loglike is 3.413637277052016, num_events is 104775, mark_ll is -1.5600530340312575, time_ll is 4.973690348365545[0m
[31;1m2026-09-28 14:15:29,752 - tpp_runner.py[pid:18276;line:140:_train_model] - CRITICAL: current best loglike on valid set is 2.8983 (updated at epoch-64), best updated at this epoch[0m
[38;20m2026-09-28 14:15:52,538 - tpp_runner.py[pid:18276;line:104:_train_model] - INFO: [ Epoch 65 (train) ]: train loglike is 3.671129934902068, num_events is 248539, mark_ll is -1.5104043341789417, time_ll is 5.181534229788887[0m
[38;20m2026-09-28 14:15:53,728 - tpp_runner.py[pid:18276;line:116:_train_model] - INFO: [ Epoch 65 (valid) ]:  valid loglike is 2.902808112955864, num_events is 48260, mark_ll is -1.5015670327393287, time_ll is 4.40437518616608[0m
[38;20m2026-09-28 14:15:56,358 - tpp_runner.py[pid:18276;line:136:_train_model] - INFO: [ Epoch 65 (test) ]: test loglike is 3.422826760468862, num_events is 104775, mark_ll is -1.5529572857015033, time_ll is 4.975784083452637[0m
[31;1m2026-09-28 14:15:56,358 - tpp_runner.py[pid:18276;line:140:_train_model] - CRITICAL: current best loglike on valid set is 2.9028 (updated at epoch-65), best updated at this epoch[0m
[38;20m2026-09-28 14:16:19,583 - tpp_runner.py[pid:18276;line:104:_train_model] - INFO: [ Epoch 66 (train) ]: train loglike is 3.6564920001865904, num_events is 248539, mark_ll is -1.5098469675533819, time_ll is 5.166338975598397[0m
[38;20m2026-09-28 14:16:20,785 - tpp_runner.py[pid:18276;line:116:_train_model] - INFO: [ Epoch 66 (valid) ]:  valid loglike is 2.9134490018260464, num_events is 48260, mark_ll is -1.503568014563044, time_ll is 4.417017036624534[0m
[38;20m2026-09-28 14:16:23,409 - tpp_runner.py[pid:18276;line:136:_train_model] - INFO: [ Epoch 66 (test) ]: test loglike is 3.4269463396265807, num_events is 104775, mark_ll is -1.5546688215819613, time_ll is 4.9816151425674065[0m
[31;1m2026-09-28 14:16:23,410 - tpp_runner.py[pid:18276;line:140:_train_model] - CRITICAL: current best loglike on valid set is 2.9134 (updated at epoch-66), best updated at this epoch[0m
[38;20m2026-09-28 14:16:46,186 - tpp_runner.py[pid:18276;line:104:_train_model] - INFO: [ Epoch 67 (train) ]: train loglike is 3.668390425207412, num_events is 248539, mark_ll is -1.5091807715696781, time_ll is 5.177571108369813[0m
[38;20m2026-09-28 14:16:47,409 - tpp_runner.py[pid:18276;line:116:_train_model] - INFO: [ Epoch 67 (valid) ]:  valid loglike is 2.910108089644633, num_events is 48260, mark_ll is -1.5049004173357854, time_ll is 4.415008547451305[0m
[38;20m2026-09-28 14:16:50,029 - tpp_runner.py[pid:18276;line:136:_train_model] - INFO: [ Epoch 67 (test) ]: test loglike is 3.4387613151694105, num_events is 104775, mark_ll is -1.5573458657689097, time_ll is 4.996107059770938[0m
[31;1m2026-09-28 14:16:50,029 - tpp_runner.py[pid:18276;line:140:_train_model] - CRITICAL: current best loglike on valid set is 2.9134 (updated at epoch-66)[0m
[38;20m2026-09-28 14:17:12,909 - tpp_runner.py[pid:18276;line:104:_train_model] - INFO: [ Epoch 68 (train) ]: train loglike is 3.6743085812236713, num_events is 248539, mark_ll is -1.509544282647165, time_ll is 5.183852842260168[0m
[38;20m2026-09-28 14:17:14,142 - tpp_runner.py[pid:18276;line:116:_train_model] - INFO: [ Epoch 68 (valid) ]:  valid loglike is 2.917769026173332, num_events is 48260, mark_ll is -1.5022556448792996, time_ll is 4.420024711523518[0m
[38;20m2026-09-28 14:17:16,838 - tpp_runner.py[pid:18276;line:136:_train_model] - INFO: [ Epoch 68 (test) ]: test loglike is 3.440302005040563, num_events is 104775, mark_ll is -1.5524005588612504, time_ll is 4.992702517298974[0m
[31;1m2026-09-28 14:17:16,838 - tpp_runner.py[pid:18276;line:140:_train_model] - CRITICAL: current best loglike on valid set is 2.9178 (updated at epoch-68), best updated at this epoch[0m
[38;20m2026-09-28 14:17:40,472 - tpp_runner.py[pid:18276;line:104:_train_model] - INFO: [ Epoch 69 (train) ]: train loglike is 3.6811383223558476, num_events is 248539, mark_ll is -1.5100293340846407, time_ll is 5.191167715378673[0m
[38;20m2026-09-28 14:17:41,702 - tpp_runner.py[pid:18276;line:116:_train_model] - INFO: [ Epoch 69 (valid) ]:  valid loglike is 2.923510104771032, num_events is 48260, mark_ll is -1.5039058857620182, time_ll is 4.42741586912039[0m
[38;20m2026-09-28 14:17:44,408 - tpp_runner.py[pid:18276;line:136:_train_model] - INFO: [ Epoch 69 (test) ]: test loglike is 3.4438069300286327, num_events is 104775, mark_ll is -1.556394878907182, time_ll is 5.000201808935815[0m
[31;1m2026-09-28 14:17:44,409 - tpp_runner.py[pid:18276;line:140:_train_model] - CRITICAL: current best loglike on valid set is 2.9235 (updated at epoch-69), best updated at this epoch[0m
[38;20m2026-09-28 14:18:08,130 - tpp_runner.py[pid:18276;line:104:_train_model] - INFO: [ Epoch 70 (train) ]: train loglike is 3.6844281575275915, num_events is 248539, mark_ll is -1.511157485595822, time_ll is 5.195585564539167[0m
[38;20m2026-09-28 14:18:09,369 - tpp_runner.py[pid:18276;line:116:_train_model] - INFO: [ Epoch 70 (valid) ]:  valid loglike is 2.901768658697679, num_events is 48260, mark_ll is -1.5071015276950372, time_ll is 4.40887020662816[0m
[38;20m2026-09-28 14:18:12,089 - tpp_runner.py[pid:18276;line:136:_train_model] - INFO: [ Epoch 70 (test) ]: test loglike is 3.4308835898353616, num_events is 104775, mark_ll is -1.5586495242782152, time_ll is 4.9895331513958485[0m
[31;1m2026-09-28 14:18:12,090 - tpp_runner.py[pid:18276;line:140:_train_model] - CRITICAL: current best loglike on valid set is 2.9235 (updated at epoch-69)[0m
[38;20m2026-09-28 14:18:35,941 - tpp_runner.py[pid:18276;line:104:_train_model] - INFO: [ Epoch 71 (train) ]: train loglike is 3.685811232404673, num_events is 248539, mark_ll is -1.5088025829195821, time_ll is 5.194613846757954[0m
[38;20m2026-09-28 14:18:37,159 - tpp_runner.py[pid:18276;line:116:_train_model] - INFO: [ Epoch 71 (valid) ]:  valid loglike is 2.921676166532843, num_events is 48260, mark_ll is -1.5045413596275383, time_ll is 4.426217566631268[0m
[38;20m2026-09-28 14:18:39,867 - tpp_runner.py[pid:18276;line:136:_train_model] - INFO: [ Epoch 71 (test) ]: test loglike is 3.4469125991708425, num_events is 104775, mark_ll is -1.5565999220800526, time_ll is 5.00351236280124[0m
[31;1m2026-09-28 14:18:39,869 - tpp_runner.py[pid:18276;line:140:_train_model] - CRITICAL: current best loglike on valid set is 2.9235 (updated at epoch-69)[0m
[38;20m2026-09-28 14:19:02,840 - tpp_runner.py[pid:18276;line:104:_train_model] - INFO: [ Epoch 72 (train) ]: train loglike is 3.6982824344217606, num_events is 248539, mark_ll is -1.5083622046615421, time_ll is 5.206644615508029[0m
[38;20m2026-09-28 14:19:04,044 - tpp_runner.py[pid:18276;line:116:_train_model] - INFO: [ Epoch 72 (valid) ]:  valid loglike is 2.936741413696643, num_events is 48260, mark_ll is -1.504997122519944, time_ll is 4.441738596922917[0m
[38;20m2026-09-28 14:19:06,695 - tpp_runner.py[pid:18276;line:136:_train_model] - INFO: [ Epoch 72 (test) ]: test loglike is 3.4533263056251493, num_events is 104775, mark_ll is -1.5574881628787878, time_ll is 5.010814431221665[0m
[31;1m2026-09-28 14:19:06,695 - tpp_runner.py[pid:18276;line:140:_train_model] - CRITICAL: current best loglike on valid set is 2.9367 (updated at epoch-72), best updated at this epoch[0m
[38;20m2026-09-28 14:19:29,985 - tpp_runner.py[pid:18276;line:104:_train_model] - INFO: [ Epoch 73 (train) ]: train loglike is 3.707346734315339, num_events is 248539, mark_ll is -1.5095088745503724, time_ll is 5.216855624582561[0m
[38;20m2026-09-28 14:19:31,193 - tpp_runner.py[pid:18276;line:116:_train_model] - INFO: [ Epoch 73 (valid) ]:  valid loglike is 2.9362496114794863, num_events is 48260, mark_ll is -1.5036670670586407, time_ll is 4.43991663806724[0m
[38;20m2026-09-28 14:19:33,808 - tpp_runner.py[pid:18276;line:136:_train_model] - INFO: [ Epoch 73 (test) ]: test loglike is 3.4648892530124074, num_events is 104775, mark_ll is -1.556827595591744, time_ll is 5.021716774039609[0m
[31;1m2026-09-28 14:19:33,808 - tpp_runner.py[pid:18276;line:140:_train_model] - CRITICAL: current best loglike on valid set is 2.9367 (updated at epoch-72)[0m
[38;20m2026-09-28 14:19:56,812 - tpp_runner.py[pid:18276;line:104:_train_model] - INFO: [ Epoch 74 (train) ]: train loglike is 3.708410804302846, num_events is 248539, mark_ll is -1.5102034217655478, time_ll is 5.218614222139181[0m
[38;20m2026-09-28 14:19:58,014 - tpp_runner.py[pid:18276;line:116:_train_model] - INFO: [ Epoch 74 (valid) ]:  valid loglike is 2.9362879374093453, num_events is 48260, mark_ll is -1.5025244929807293, time_ll is 4.438812430390074[0m
[38;20m2026-09-28 14:20:00,618 - tpp_runner.py[pid:18276;line:136:_train_model] - INFO: [ Epoch 74 (test) ]: test loglike is 3.4544881144118347, num_events is 104775, mark_ll is -1.553916661074326, time_ll is 5.008404878012407[0m
[31;1m2026-09-28 14:20:00,618 - tpp_runner.py[pid:18276;line:140:_train_model] - CRITICAL: current best loglike on valid set is 2.9367 (updated at epoch-72)[0m
[38;20m2026-09-28 14:20:23,737 - tpp_runner.py[pid:18276;line:104:_train_model] - INFO: [ Epoch 75 (train) ]: train loglike is 3.709289580495918, num_events is 248539, mark_ll is -1.5086695024630188, time_ll is 5.217959120286454[0m
[38;20m2026-09-28 14:20:24,944 - tpp_runner.py[pid:18276;line:116:_train_model] - INFO: [ Epoch 75 (valid) ]:  valid loglike is 2.9339863176025696, num_events is 48260, mark_ll is -1.5018275236026213, time_ll is 4.435813740027974[0m
[38;20m2026-09-28 14:20:27,559 - tpp_runner.py[pid:18276;line:136:_train_model] - INFO: [ Epoch 75 (test) ]: test loglike is 3.4651229196492483, num_events is 104775, mark_ll is -1.5517847769028872, time_ll is 5.016907733834407[0m
[31;1m2026-09-28 14:20:27,561 - tpp_runner.py[pid:18276;line:140:_train_model] - CRITICAL: current best loglike on valid set is 2.9367 (updated at epoch-72)[0m
[38;20m2026-09-28 14:20:50,294 - tpp_runner.py[pid:18276;line:104:_train_model] - INFO: [ Epoch 76 (train) ]: train loglike is 3.713427056782336, num_events is 248539, mark_ll is -1.508278355270702, time_ll is 5.221705435628312[0m
[38;20m2026-09-28 14:20:51,492 - tpp_runner.py[pid:18276;line:116:_train_model] - INFO: [ Epoch 76 (valid) ]:  valid loglike is 2.94957015871063, num_events is 48260, mark_ll is -1.5022742817227, time_ll is 4.451844420197887[0m
[38;20m2026-09-28 14:20:54,129 - tpp_runner.py[pid:18276;line:136:_train_model] - INFO: [ Epoch 76 (test) ]: test loglike is 3.4696570403841567, num_events is 104775, mark_ll is -1.5523373933727034, time_ll is 5.021994452397996[0m
[31;1m2026-09-28 14:20:54,129 - tpp_runner.py[pid:18276;line:140:_train_model] - CRITICAL: current best loglike on valid set is 2.9496 (updated at epoch-76), best updated at this epoch[0m
[38;20m2026-09-28 14:21:16,839 - tpp_runner.py[pid:18276;line:104:_train_model] - INFO: [ Epoch 77 (train) ]: train loglike is 3.711823985307638, num_events is 248539, mark_ll is -1.5083730905442656, time_ll is 5.220197160329969[0m
[38;20m2026-09-28 14:21:18,040 - tpp_runner.py[pid:18276;line:116:_train_model] - INFO: [ Epoch 77 (valid) ]:  valid loglike is 2.9451199799911936, num_events is 48260, mark_ll is -1.5040523499015748, time_ll is 4.449172329892768[0m
[38;20m2026-09-28 14:21:20,650 - tpp_runner.py[pid:18276;line:136:_train_model] - INFO: [ Epoch 77 (test) ]: test loglike is 3.4723675547303747, num_events is 104775, mark_ll is -1.5555464555744452, time_ll is 5.027914131472202[0m
[31;1m2026-09-28 14:21:20,650 - tpp_runner.py[pid:18276;line:140:_train_model] - CRITICAL: current best loglike on valid set is 2.9496 (updated at epoch-76)[0m
[38;20m2026-09-28 14:21:43,405 - tpp_runner.py[pid:18276;line:104:_train_model] - INFO: [ Epoch 78 (train) ]: train loglike is 3.7244245134189202, num_events is 248539, mark_ll is -1.5086695417551421, time_ll is 5.23309407678473[0m
[38;20m2026-09-28 14:21:44,589 - tpp_runner.py[pid:18276;line:116:_train_model] - INFO: [ Epoch 78 (valid) ]:  valid loglike is 2.9424121943638624, num_events is 48260, mark_ll is -1.5045655814533256, time_ll is 4.446977836523518[0m
[38;20m2026-09-28 14:21:47,211 - tpp_runner.py[pid:18276;line:136:_train_model] - INFO: [ Epoch 78 (test) ]: test loglike is 3.4776575921617754, num_events is 104775, mark_ll is -1.5560035735057265, time_ll is 5.033661156346934[0m
[31;1m2026-09-28 14:21:47,211 - tpp_runner.py[pid:18276;line:140:_train_model] - CRITICAL: current best loglike on valid set is 2.9496 (updated at epoch-76)[0m
[38;20m2026-09-28 14:22:10,158 - tpp_runner.py[pid:18276;line:104:_train_model] - INFO: [ Epoch 79 (train) ]: train loglike is 3.7242428502166662, num_events is 248539, mark_ll is -1.5083392109110643, time_ll is 5.232582100419854[0m
[38;20m2026-09-28 14:22:11,369 - tpp_runner.py[pid:18276;line:116:_train_model] - INFO: [ Epoch 79 (valid) ]:  valid loglike is 2.9511300685738706, num_events is 48260, mark_ll is -1.5013458593426232, time_ll is 4.452475927916494[0m
[38;20m2026-09-28 14:22:13,971 - tpp_runner.py[pid:18276;line:136:_train_model] - INFO: [ Epoch 79 (test) ]: test loglike is 3.4797281003937006, num_events is 104775, mark_ll is -1.5520022350721785, time_ll is 5.03173041935099[0m
[31;1m2026-09-28 14:22:13,971 - tpp_runner.py[pid:18276;line:140:_train_model] - CRITICAL: current best loglike on valid set is 2.9511 (updated at epoch-79), best updated at this epoch[0m
[38;20m2026-09-28 14:22:37,152 - tpp_runner.py[pid:18276;line:104:_train_model] - INFO: [ Epoch 80 (train) ]: train loglike is 3.7263659450830655, num_events is 248539, mark_ll is -1.5087162188328593, time_ll is 5.235082195349623[0m
[38;20m2026-09-28 14:22:38,356 - tpp_runner.py[pid:18276;line:116:_train_model] - INFO: [ Epoch 80 (valid) ]:  valid loglike is 2.947346445361065, num_events is 48260, mark_ll is -1.5050289124015748, time_ll is 4.452375398233527[0m
[38;20m2026-09-28 14:22:40,960 - tpp_runner.py[pid:18276;line:136:_train_model] - INFO: [ Epoch 80 (test) ]: test loglike is 3.4756963023443093, num_events is 104775, mark_ll is -1.5578398558667383, time_ll is 5.033536223455022[0m
[31;1m2026-09-28 14:22:40,960 - tpp_runner.py[pid:18276;line:140:_train_model] - CRITICAL: current best loglike on valid set is 2.9511 (updated at epoch-79)[0m
[38;20m2026-09-28 14:23:03,724 - tpp_runner.py[pid:18276;line:104:_train_model] - INFO: [ Epoch 81 (train) ]: train loglike is 3.727741821643183, num_events is 248539, mark_ll is -1.5093162134828437, time_ll is 5.237057929037294[0m
[38;20m2026-09-28 14:23:04,940 - tpp_runner.py[pid:18276;line:116:_train_model] - INFO: [ Epoch 81 (valid) ]:  valid loglike is 2.960565936787712, num_events is 48260, mark_ll is -1.5012945422580812, time_ll is 4.461860357633133[0m
[38;20m2026-09-28 14:23:07,550 - tpp_runner.py[pid:18276;line:136:_train_model] - INFO: [ Epoch 81 (test) ]: test loglike is 3.4749168605344787, num_events is 104775, mark_ll is -1.551404339283584, time_ll is 5.026321246420902[0m
[31;1m2026-09-28 14:23:07,552 - tpp_runner.py[pid:18276;line:140:_train_model] - CRITICAL: current best loglike on valid set is 2.9606 (updated at epoch-81), best updated at this epoch[0m
[38;20m2026-09-28 14:23:30,949 - tpp_runner.py[pid:18276;line:104:_train_model] - INFO: [ Epoch 82 (train) ]: train loglike is 3.7323289019781605, num_events is 248539, mark_ll is -1.508670072198805, time_ll is 5.24099900757527[0m
[38;20m2026-09-28 14:23:32,195 - tpp_runner.py[pid:18276;line:116:_train_model] - INFO: [ Epoch 82 (valid) ]:  valid loglike is 2.964970019167012, num_events is 48260, mark_ll is -1.5024486100678616, time_ll is 4.467418710176648[0m
[38;20m2026-09-28 14:23:34,944 - tpp_runner.py[pid:18276;line:136:_train_model] - INFO: [ Epoch 82 (test) ]: test loglike is 3.48419615694345, num_events is 104775, mark_ll is -1.5532847824952278, time_ll is 5.03748106060606[0m
[31;1m2026-09-28 14:23:34,944 - tpp_runner.py[pid:18276;line:140:_train_model] - CRITICAL: current best loglike on valid set is 2.9650 (updated at epoch-82), best updated at this epoch[0m
[38;20m2026-09-28 14:23:58,376 - tpp_runner.py[pid:18276;line:104:_train_model] - INFO: [ Epoch 83 (train) ]: train loglike is 3.732195740972745, num_events is 248539, mark_ll is -1.508521852487185, time_ll is 5.240717550238594[0m
[38;20m2026-09-28 14:23:59,578 - tpp_runner.py[pid:18276;line:116:_train_model] - INFO: [ Epoch 83 (valid) ]:  valid loglike is 2.955174243356299, num_events is 48260, mark_ll is -1.5006770577017716, time_ll is 4.4558513212935145[0m
[38;20m2026-09-28 14:24:02,180 - tpp_runner.py[pid:18276;line:136:_train_model] - INFO: [ Epoch 83 (test) ]: test loglike is 3.4829258567465997, num_events is 104775, mark_ll is -1.55042215648115, time_ll is 5.033348097112861[0m
[31;1m2026-09-28 14:24:02,180 - tpp_runner.py[pid:18276;line:140:_train_model] - CRITICAL: current best loglike on valid set is 2.9650 (updated at epoch-82)[0m
[38;20m2026-09-28 14:24:25,501 - tpp_runner.py[pid:18276;line:104:_train_model] - INFO: [ Epoch 84 (train) ]: train loglike is 3.7346755611669598, num_events is 248539, mark_ll is -1.5077244620688302, time_ll is 5.242400054669488[0m
[38;20m2026-09-28 14:24:26,704 - tpp_runner.py[pid:18276;line:116:_train_model] - INFO: [ Epoch 84 (valid) ]:  valid loglike is 2.9507778909163904, num_events is 48260, mark_ll is -1.5045695071293514, time_ll is 4.4553474587520725[0m
[38;20m2026-09-28 14:24:29,295 - tpp_runner.py[pid:18276;line:136:_train_model] - INFO: [ Epoch 84 (test) ]: test loglike is 3.4859278438916728, num_events is 104775, mark_ll is -1.5554308432504176, time_ll is 5.041358677821522[0m
[31;1m2026-09-28 14:24:29,295 - tpp_runner.py[pid:18276;line:140:_train_model] - CRITICAL: current best loglike on valid set is 2.9650 (updated at epoch-82)[0m
[38;20m2026-09-28 14:24:52,306 - tpp_runner.py[pid:18276;line:104:_train_model] - INFO: [ Epoch 85 (train) ]: train loglike is 3.7374210039722136, num_events is 248539, mark_ll is -1.508191515749289, time_ll is 5.2456124450664685[0m
[38;20m2026-09-28 14:24:53,508 - tpp_runner.py[pid:18276;line:116:_train_model] - INFO: [ Epoch 85 (valid) ]:  valid loglike is 2.9693367873886243, num_events is 48260, mark_ll is -1.5038710403284294, time_ll is 4.473207787246166[0m
[38;20m2026-09-28 14:24:56,116 - tpp_runner.py[pid:18276;line:136:_train_model] - INFO: [ Epoch 85 (test) ]: test loglike is 3.4879705581901694, num_events is 104775, mark_ll is -1.555235335018492, time_ll is 5.0432058279646865[0m
[31;1m2026-09-28 14:24:56,116 - tpp_runner.py[pid:18276;line:140:_train_model] - CRITICAL: current best loglike on valid set is 2.9693 (updated at epoch-85), best updated at this epoch[0m
[38;20m2026-09-28 14:25:19,269 - tpp_runner.py[pid:18276;line:104:_train_model] - INFO: [ Epoch 86 (train) ]: train loglike is 3.738883197468506, num_events is 248539, mark_ll is -1.5084757981896202, time_ll is 5.247358940649153[0m
[38;20m2026-09-28 14:25:20,475 - tpp_runner.py[pid:18276;line:116:_train_model] - INFO: [ Epoch 86 (valid) ]:  valid loglike is 2.9717024726093038, num_events is 48260, mark_ll is -1.5022913806723994, time_ll is 4.473994015165251[0m
[38;20m2026-09-28 14:25:23,110 - tpp_runner.py[pid:18276;line:136:_train_model] - INFO: [ Epoch 86 (test) ]: test loglike is 3.492836919887855, num_events is 104775, mark_ll is -1.5528250268432355, time_ll is 5.045661872166547[0m
[31;1m2026-09-28 14:25:23,110 - tpp_runner.py[pid:18276;line:140:_train_model] - CRITICAL: current best loglike on valid set is 2.9717 (updated at epoch-86), best updated at this epoch[0m
[38;20m2026-09-28 14:25:45,921 - tpp_runner.py[pid:18276;line:104:_train_model] - INFO: [ Epoch 87 (train) ]: train loglike is 3.74063228633132, num_events is 248539, mark_ll is -1.5078857169423108, time_ll is 5.248518011132056[0m
[38;20m2026-09-28 14:25:47,120 - tpp_runner.py[pid:18276;line:116:_train_model] - INFO: [ Epoch 87 (valid) ]:  valid loglike is 2.9717214129843557, num_events is 48260, mark_ll is -1.5026610012821178, time_ll is 4.474382495208247[0m
[38;20m2026-09-28 14:25:49,737 - tpp_runner.py[pid:18276;line:136:_train_model] - INFO: [ Epoch 87 (test) ]: test loglike is 3.489346646832498, num_events is 104775, mark_ll is -1.5534493278006443, time_ll is 5.042795946671439[0m
[31;1m2026-09-28 14:25:49,737 - tpp_runner.py[pid:18276;line:140:_train_model] - CRITICAL: current best loglike on valid set is 2.9717 (updated at epoch-87), best updated at this epoch[0m
[38;20m2026-09-28 14:26:12,722 - tpp_runner.py[pid:18276;line:104:_train_model] - INFO: [ Epoch 88 (train) ]: train loglike is 3.745556524516776, num_events is 248539, mark_ll is -1.5081267996578254, time_ll is 5.253683322209995[0m
[38;20m2026-09-28 14:26:13,928 - tpp_runner.py[pid:18276;line:116:_train_model] - INFO: [ Epoch 88 (valid) ]:  valid loglike is 2.9684718840654787, num_events is 48260, mark_ll is -1.5027980964113654, time_ll is 4.471270000712288[0m
[38;20m2026-09-28 14:26:16,535 - tpp_runner.py[pid:18276;line:136:_train_model] - INFO: [ Epoch 88 (test) ]: test loglike is 3.4895633127535195, num_events is 104775, mark_ll is -1.553731666442973, time_ll is 5.043295044440468[0m
[31;1m2026-09-28 14:26:16,535 - tpp_runner.py[pid:18276;line:140:_train_model] - CRITICAL: current best loglike on valid set is 2.9717 (updated at epoch-87)[0m
[38;20m2026-09-28 14:26:39,324 - tpp_runner.py[pid:18276;line:104:_train_model] - INFO: [ Epoch 89 (train) ]: train loglike is 3.744470820286253, num_events is 248539, mark_ll is -1.5081793803770485, time_ll is 5.252650237990818[0m
[38;20m2026-09-28 14:26:40,522 - tpp_runner.py[pid:18276;line:116:_train_model] - INFO: [ Epoch 89 (valid) ]:  valid loglike is 2.962217310855263, num_events is 48260, mark_ll is -1.5031652685324286, time_ll is 4.465382700800352[0m
[38;20m2026-09-28 14:26:43,127 - tpp_runner.py[pid:18276;line:136:_train_model] - INFO: [ Epoch 89 (test) ]: test loglike is 3.490862338940587, num_events is 104775, mark_ll is -1.5543274091803865, time_ll is 5.0451896176330235[0m
[31;1m2026-09-28 14:26:43,127 - tpp_runner.py[pid:18276;line:140:_train_model] - CRITICAL: current best loglike on valid set is 2.9717 (updated at epoch-87)[0m
[38;20m2026-09-28 14:27:05,865 - tpp_runner.py[pid:18276;line:104:_train_model] - INFO: [ Epoch 90 (train) ]: train loglike is 3.740798130524787, num_events is 248539, mark_ll is -1.5080885585989523, time_ll is 5.248886602681068[0m
[38;20m2026-09-28 14:27:07,067 - tpp_runner.py[pid:18276;line:116:_train_model] - INFO: [ Epoch 90 (valid) ]:  valid loglike is 2.9647198686153127, num_events is 48260, mark_ll is -1.5030178533270306, time_ll is 4.4677377826486735[0m
[38;20m2026-09-28 14:27:09,675 - tpp_runner.py[pid:18276;line:136:_train_model] - INFO: [ Epoch 90 (test) ]: test loglike is 3.4925202069911716, num_events is 104775, mark_ll is -1.5538775240097829, time_ll is 5.04639774964209[0m
[31;1m2026-09-28 14:27:09,675 - tpp_runner.py[pid:18276;line:140:_train_model] - CRITICAL: current best loglike on valid set is 2.9717 (updated at epoch-87)[0m
[38;20m2026-09-28 14:27:32,394 - tpp_runner.py[pid:18276;line:104:_train_model] - INFO: [ Epoch 91 (train) ]: train loglike is 3.7457907212877055, num_events is 248539, mark_ll is -1.5080794074634665, time_ll is 5.253870195547782[0m
[38;20m2026-09-28 14:27:33,610 - tpp_runner.py[pid:18276;line:116:_train_model] - INFO: [ Epoch 91 (valid) ]:  valid loglike is 2.9729828905278697, num_events is 48260, mark_ll is -1.503284900473995, time_ll is 4.476267831472752[0m
[38;20m2026-09-28 14:27:36,230 - tpp_runner.py[pid:18276;line:136:_train_model] - INFO: [ Epoch 91 (test) ]: test loglike is 3.495285992304939, num_events is 104775, mark_ll is -1.554328490366261, time_ll is 5.049614389465521[0m
[31;1m2026-09-28 14:27:36,230 - tpp_runner.py[pid:18276;line:140:_train_model] - CRITICAL: current best loglike on valid set is 2.9730 (updated at epoch-91), best updated at this epoch[0m
[38;20m2026-09-28 14:27:58,993 - tpp_runner.py[pid:18276;line:104:_train_model] - INFO: [ Epoch 92 (train) ]: train loglike is 3.746426640725902, num_events is 248539, mark_ll is -1.5080428127445542, time_ll is 5.254469416142939[0m
[38;20m2026-09-28 14:28:00,195 - tpp_runner.py[pid:18276;line:116:_train_model] - INFO: [ Epoch 92 (valid) ]:  valid loglike is 2.969962872008392, num_events is 48260, mark_ll is -1.5033013721249482, time_ll is 4.473264041778906[0m
[38;20m2026-09-28 14:28:02,810 - tpp_runner.py[pid:18276;line:136:_train_model] - INFO: [ Epoch 92 (test) ]: test loglike is 3.500424906048676, num_events is 104775, mark_ll is -1.5543512511930326, time_ll is 5.0547761199594365[0m
[31;1m2026-09-28 14:28:02,810 - tpp_runner.py[pid:18276;line:140:_train_model] - CRITICAL: current best loglike on valid set is 2.9730 (updated at epoch-91)[0m
[38;20m2026-09-28 14:28:25,926 - tpp_runner.py[pid:18276;line:104:_train_model] - INFO: [ Epoch 93 (train) ]: train loglike is 3.7442783831838264, num_events is 248539, mark_ll is -1.508167205712685, time_ll is 5.252445636047059[0m
[38;20m2026-09-28 14:28:27,128 - tpp_runner.py[pid:18276;line:116:_train_model] - INFO: [ Epoch 93 (valid) ]:  valid loglike is 2.9741335587831537, num_events is 48260, mark_ll is -1.5034079522055015, time_ll is 4.477541490753212[0m
[38;20m2026-09-28 14:28:29,757 - tpp_runner.py[pid:18276;line:136:_train_model] - INFO: [ Epoch 93 (test) ]: test loglike is 3.4978142336256264, num_events is 104775, mark_ll is -1.5545269998210451, time_ll is 5.052341252087807[0m
[31;1m2026-09-28 14:28:29,757 - tpp_runner.py[pid:18276;line:140:_train_model] - CRITICAL: current best loglike on valid set is 2.9741 (updated at epoch-93), best updated at this epoch[0m
[38;20m2026-09-28 14:28:52,512 - tpp_runner.py[pid:18276;line:104:_train_model] - INFO: [ Epoch 94 (train) ]: train loglike is 3.7489400006764533, num_events is 248539, mark_ll is -1.5080457792998534, time_ll is 5.25698569156903[0m
[38;20m2026-09-28 14:28:53,715 - tpp_runner.py[pid:18276;line:116:_train_model] - INFO: [ Epoch 94 (valid) ]:  valid loglike is 2.958116112593245, num_events is 48260, mark_ll is -1.5035187614937318, time_ll is 4.4616348133806465[0m
[38;20m2026-09-28 14:28:56,327 - tpp_runner.py[pid:18276;line:136:_train_model] - INFO: [ Epoch 94 (test) ]: test loglike is 3.497895919082558, num_events is 104775, mark_ll is -1.5547691947774993, time_ll is 5.0526650858983535[0m
[31;1m2026-09-28 14:28:56,327 - tpp_runner.py[pid:18276;line:140:_train_model] - CRITICAL: current best loglike on valid set is 2.9741 (updated at epoch-93)[0m
[38;20m2026-09-28 14:29:19,053 - tpp_runner.py[pid:18276;line:104:_train_model] - INFO: [ Epoch 95 (train) ]: train loglike is 3.749294172016263, num_events is 248539, mark_ll is -1.5082812766400595, time_ll is 5.25757541918723[0m
[38;20m2026-09-28 14:29:20,252 - tpp_runner.py[pid:18276;line:116:_train_model] - INFO: [ Epoch 95 (valid) ]:  valid loglike is 2.9732888909034396, num_events is 48260, mark_ll is -1.503340993123187, time_ll is 4.476629884026627[0m
[38;20m2026-09-28 14:29:22,876 - tpp_runner.py[pid:18276;line:136:_train_model] - INFO: [ Epoch 95 (test) ]: test loglike is 3.4986970591744213, num_events is 104775, mark_ll is -1.5544724558577905, time_ll is 5.053169589596755[0m
[31;1m2026-09-28 14:29:22,876 - tpp_runner.py[pid:18276;line:140:_train_model] - CRITICAL: current best loglike on valid set is 2.9741 (updated at epoch-93)[0m
[38;20m2026-09-28 14:29:45,625 - tpp_runner.py[pid:18276;line:104:_train_model] - INFO: [ Epoch 96 (train) ]: train loglike is 3.7465747327381216, num_events is 248539, mark_ll is -1.5083049756841482, time_ll is 5.2548797044930575[0m
[38;20m2026-09-28 14:29:46,813 - tpp_runner.py[pid:18276;line:116:_train_model] - INFO: [ Epoch 96 (valid) ]:  valid loglike is 2.95987153731092, num_events is 48260, mark_ll is -1.503316791532843, time_ll is 4.463188328843763[0m
[38;20m2026-09-28 14:29:49,418 - tpp_runner.py[pid:18276;line:136:_train_model] - INFO: [ Epoch 96 (test) ]: test loglike is 3.4941390777857313, num_events is 104775, mark_ll is -1.5544144446432833, time_ll is 5.048553485146743[0m
[31;1m2026-09-28 14:29:49,433 - tpp_runner.py[pid:18276;line:140:_train_model] - CRITICAL: current best loglike on valid set is 2.9741 (updated at epoch-93)[0m
[38;20m2026-09-28 14:30:12,657 - tpp_runner.py[pid:18276;line:104:_train_model] - INFO: [ Epoch 97 (train) ]: train loglike is 3.752447867839655, num_events is 248539, mark_ll is -1.5082511631568638, time_ll is 5.26069912726222[0m
[38;20m2026-09-28 14:30:13,909 - tpp_runner.py[pid:18276;line:116:_train_model] - INFO: [ Epoch 97 (valid) ]:  valid loglike is 2.9798929706926027, num_events is 48260, mark_ll is -1.5034273377603087, time_ll is 4.483320288217468[0m
[38;20m2026-09-28 14:30:16,613 - tpp_runner.py[pid:18276;line:136:_train_model] - INFO: [ Epoch 97 (test) ]: test loglike is 3.4967600960391314, num_events is 104775, mark_ll is -1.554600800077547, time_ll is 5.051360877475543[0m
[31;1m2026-09-28 14:30:16,615 - tpp_runner.py[pid:18276;line:140:_train_model] - CRITICAL: current best loglike on valid set is 2.9799 (updated at epoch-97), best updated at this epoch[0m
[38;20m2026-09-28 14:30:40,231 - tpp_runner.py[pid:18276;line:104:_train_model] - INFO: [ Epoch 98 (train) ]: train loglike is 3.7495010214694675, num_events is 248539, mark_ll is -1.5083555525050898, time_ll is 5.257856538611646[0m
[38;20m2026-09-28 14:30:41,455 - tpp_runner.py[pid:18276;line:116:_train_model] - INFO: [ Epoch 98 (valid) ]:  valid loglike is 2.9661423798176543, num_events is 48260, mark_ll is -1.5033459103359408, time_ll is 4.469488350859925[0m
[38;20m2026-09-28 14:30:44,172 - tpp_runner.py[pid:18276;line:136:_train_model] - INFO: [ Epoch 98 (test) ]: test loglike is 3.4997100371331427, num_events is 104775, mark_ll is -1.5544409989411836, time_ll is 5.054151045394894[0m
[31;1m2026-09-28 14:30:44,172 - tpp_runner.py[pid:18276;line:140:_train_model] - CRITICAL: current best loglike on valid set is 2.9799 (updated at epoch-97)[0m
[38;20m2026-09-28 14:31:08,014 - tpp_runner.py[pid:18276;line:104:_train_model] - INFO: [ Epoch 99 (train) ]: train loglike is 3.7507945574562744, num_events is 248539, mark_ll is -1.50826322387407, time_ll is 5.259057785259557[0m
[38;20m2026-09-28 14:31:09,281 - tpp_runner.py[pid:18276;line:116:_train_model] - INFO: [ Epoch 99 (valid) ]:  valid loglike is 2.967466222997824, num_events is 48260, mark_ll is -1.5033188960189598, time_ll is 4.470785119016784[0m
[38;20m2026-09-28 14:31:11,977 - tpp_runner.py[pid:18276;line:136:_train_model] - INFO: [ Epoch 99 (test) ]: test loglike is 3.5013641769565735, num_events is 104775, mark_ll is -1.554397826070747, time_ll is 5.055762086912432[0m
[31;1m2026-09-28 14:31:11,977 - tpp_runner.py[pid:18276;line:140:_train_model] - CRITICAL: current best loglike on valid set is 2.9799 (updated at epoch-97)[0m
[38;20m2026-09-28 14:31:11,977 - base_runner.py[pid:18276;line:118:train] - INFO: End AttNHP train! Cost time: 44.838m[0m
RESULT {"model": "AttNHP", "dataset": "lob_intc", "seed": 2019, "ll_per_event": 3.4967600960391314, "mark_ll": -1.554600800077547, "time_ll": 5.051360877475543, "val_ll": 2.9798929706926027, "best_epoch": 97, "n_params": 20044, "seconds": 2690.990436553955, "max_epoch": 100, "batch_size": 64}
