
=== Mon Sep 28 07:49:43 2026 attempt 1: D:\Quant\.venv\Scripts\python.exe -u -m infodiff.baselines.easytpp_runner AttNHP lob_aapl 6 2019 100 64
[31;1m2026-09-28 07:49:45,243 - config.py[pid:636;line:33:build_from_yaml_file] - CRITICAL: Load pipeline config class RunnerConfig[0m
[31;1m2026-09-28 07:49:45,282 - runner_config.py[pid:636;line:205:update_config] - CRITICAL: train model AttNHP using GPU with torch backend[0m
[38;20m2026-09-28 07:49:45,284 - runner_config.py[pid:636;line:45:__init__] - INFO: Save the config to D:\Quant\results\easytpp\checkpoints/lob_aapl/AttNHP/train_2026_09_28_07_49_45\AttNHP_train_output.yaml[0m
[38;20m2026-09-28 07:49:45,284 - base_runner.py[pid:636;line:193:save_log] - INFO: Save the log to D:\Quant\results\easytpp\checkpoints/lob_aapl/AttNHP/train_2026_09_28_07_49_45\log[0m
0.20842144932044016 0.6263620563223178
min_dt: 7.275957614183426e-12
max_dt: 17.26781208600005
[38;20m2026-09-28 07:49:49,314 - tpp_runner.py[pid:636;line:62:_init_model] - INFO: Num of model parameters 20044[0m
[38;20m2026-09-28 07:49:50,028 - base_runner.py[pid:636;line:103:train] - INFO: Data 'lob_aapl' loaded...[0m
[38;20m2026-09-28 07:49:50,028 - base_runner.py[pid:636;line:108:train] - INFO: Start AttNHP training...[0m
[38;20m2026-09-28 07:49:56,671 - tpp_runner.py[pid:636;line:104:_train_model] - INFO: [ Epoch 0 (train) ]: train loglike is -1.256978368426603, num_events is 66675, mark_ll is -1.7725988792416574, time_ll is 0.5156205163075319[0m
[38;20m2026-09-28 07:49:57,119 - tpp_runner.py[pid:636;line:116:_train_model] - INFO: [ Epoch 0 (valid) ]:  valid loglike is -1.4794407067952866, num_events is 17018, mark_ll is -1.7841757566896081, time_ll is 0.30473499788998687[0m
[38;20m2026-09-28 07:49:57,983 - tpp_runner.py[pid:636;line:136:_train_model] - INFO: [ Epoch 0 (test) ]: test loglike is -0.9136905292153377, num_events is 33655, mark_ll is -1.804279660746453, time_ll is 0.8905891496666543[0m
[31;1m2026-09-28 07:49:57,983 - tpp_runner.py[pid:636;line:140:_train_model] - CRITICAL: current best loglike on valid set is -1.4794 (updated at epoch-0), best updated at this epoch[0m
[38;20m2026-09-28 07:50:04,381 - tpp_runner.py[pid:636;line:104:_train_model] - INFO: [ Epoch 1 (train) ]: train loglike is -1.1835166246309055, num_events is 66675, mark_ll is -1.756726747047244, time_ll is 0.5732101386649179[0m
[38;20m2026-09-28 07:50:04,807 - tpp_runner.py[pid:636;line:116:_train_model] - INFO: [ Epoch 1 (valid) ]:  valid loglike is -1.4207485717673016, num_events is 17018, mark_ll is -1.7385952270665619, time_ll is 0.31784675392817074[0m
[38;20m2026-09-28 07:50:05,690 - tpp_runner.py[pid:636;line:136:_train_model] - INFO: [ Epoch 1 (test) ]: test loglike is -0.780417341187811, num_events is 33655, mark_ll is -1.7166474454134786, time_ll is 0.9362300552597125[0m
[31;1m2026-09-28 07:50:05,690 - tpp_runner.py[pid:636;line:140:_train_model] - CRITICAL: current best loglike on valid set is -1.4207 (updated at epoch-1), best updated at this epoch[0m
[38;20m2026-09-28 07:50:11,926 - tpp_runner.py[pid:636;line:104:_train_model] - INFO: [ Epoch 2 (train) ]: train loglike is -1.121938244047619, num_events is 66675, mark_ll is -1.722391673697038, time_ll is 0.6004534309081115[0m
[38;20m2026-09-28 07:50:12,335 - tpp_runner.py[pid:636;line:116:_train_model] - INFO: [ Epoch 2 (valid) ]:  valid loglike is -1.4246457479075465, num_events is 17018, mark_ll is -1.7515225434558261, time_ll is 0.326876790168521[0m
[38;20m2026-09-28 07:50:13,187 - tpp_runner.py[pid:636;line:136:_train_model] - INFO: [ Epoch 2 (test) ]: test loglike is -0.7524862345818902, num_events is 33655, mark_ll is -1.7447941282638166, time_ll is 0.9923078764531644[0m
[31;1m2026-09-28 07:50:13,187 - tpp_runner.py[pid:636;line:140:_train_model] - CRITICAL: current best loglike on valid set is -1.4207 (updated at epoch-1)[0m
[38;20m2026-09-28 07:50:19,426 - tpp_runner.py[pid:636;line:104:_train_model] - INFO: [ Epoch 3 (train) ]: train loglike is -1.068317683434102, num_events is 66675, mark_ll is -1.6960038125117174, time_ll is 0.6276861345128795[0m
[38;20m2026-09-28 07:50:19,860 - tpp_runner.py[pid:636;line:116:_train_model] - INFO: [ Epoch 3 (valid) ]:  valid loglike is -1.3674700736214964, num_events is 17018, mark_ll is -1.7067089809319544, time_ll is 0.33923888579142303[0m
[38;20m2026-09-28 07:50:20,723 - tpp_runner.py[pid:636;line:136:_train_model] - INFO: [ Epoch 3 (test) ]: test loglike is -0.6632746033249842, num_events is 33655, mark_ll is -1.6861602080450993, time_ll is 1.0228856645673934[0m
[31;1m2026-09-28 07:50:20,723 - tpp_runner.py[pid:636;line:140:_train_model] - CRITICAL: current best loglike on valid set is -1.3675 (updated at epoch-3), best updated at this epoch[0m
[38;20m2026-09-28 07:50:27,031 - tpp_runner.py[pid:636;line:104:_train_model] - INFO: [ Epoch 4 (train) ]: train loglike is -1.0195720261529808, num_events is 66675, mark_ll is -1.6725463711567303, time_ll is 0.6529743742397496[0m
[38;20m2026-09-28 07:50:27,466 - tpp_runner.py[pid:636;line:116:_train_model] - INFO: [ Epoch 4 (valid) ]:  valid loglike is -1.3143979358482563, num_events is 17018, mark_ll is -1.685394434156114, time_ll is 0.3709964355440058[0m
[38;20m2026-09-28 07:50:28,307 - tpp_runner.py[pid:636;line:136:_train_model] - INFO: [ Epoch 4 (test) ]: test loglike is -0.5681783043387173, num_events is 33655, mark_ll is -1.6723516164713639, time_ll is 1.1041733175733082[0m
[31;1m2026-09-28 07:50:28,307 - tpp_runner.py[pid:636;line:140:_train_model] - CRITICAL: current best loglike on valid set is -1.3144 (updated at epoch-4), best updated at this epoch[0m
[38;20m2026-09-28 07:50:34,633 - tpp_runner.py[pid:636;line:104:_train_model] - INFO: [ Epoch 5 (train) ]: train loglike is -0.9409775438226472, num_events is 66675, mark_ll is -1.6508239338735002, time_ll is 0.7098463905085595[0m
[38;20m2026-09-28 07:50:35,069 - tpp_runner.py[pid:636;line:116:_train_model] - INFO: [ Epoch 5 (valid) ]:  valid loglike is -1.2448666306160665, num_events is 17018, mark_ll is -1.6714802333030652, time_ll is 0.42661371386867947[0m
[38;20m2026-09-28 07:50:35,925 - tpp_runner.py[pid:636;line:136:_train_model] - INFO: [ Epoch 5 (test) ]: test loglike is -0.5037456498282782, num_events is 33655, mark_ll is -1.6465480488771636, time_ll is 1.1428023963285545[0m
[31;1m2026-09-28 07:50:35,927 - tpp_runner.py[pid:636;line:140:_train_model] - CRITICAL: current best loglike on valid set is -1.2449 (updated at epoch-5), best updated at this epoch[0m
[38;20m2026-09-28 07:50:42,231 - tpp_runner.py[pid:636;line:104:_train_model] - INFO: [ Epoch 6 (train) ]: train loglike is -0.8671312863235846, num_events is 66675, mark_ll is -1.619496065189117, time_ll is 0.7523647083787378[0m
[38;20m2026-09-28 07:50:42,681 - tpp_runner.py[pid:636;line:116:_train_model] - INFO: [ Epoch 6 (valid) ]:  valid loglike is -1.1365186731856527, num_events is 17018, mark_ll is -1.637042654514705, time_ll is 0.5005240674051923[0m
[38;20m2026-09-28 07:50:43,527 - tpp_runner.py[pid:636;line:136:_train_model] - INFO: [ Epoch 6 (test) ]: test loglike is -0.44085827471685346, num_events is 33655, mark_ll is -1.6237074003444882, time_ll is 1.1828492135849986[0m
[31;1m2026-09-28 07:50:43,843 - tpp_runner.py[pid:636;line:140:_train_model] - CRITICAL: current best loglike on valid set is -1.1365 (updated at epoch-6), best updated at this epoch[0m
[38;20m2026-09-28 07:50:50,103 - tpp_runner.py[pid:636;line:104:_train_model] - INFO: [ Epoch 7 (train) ]: train loglike is -0.7780597640138732, num_events is 66675, mark_ll is -1.6065040966558868, time_ll is 0.828444338134491[0m
[38;20m2026-09-28 07:50:50,531 - tpp_runner.py[pid:636;line:116:_train_model] - INFO: [ Epoch 7 (valid) ]:  valid loglike is -1.00311736217718, num_events is 17018, mark_ll is -1.6339389856167919, time_ll is 0.6308215624690126[0m
[38;20m2026-09-28 07:50:51,381 - tpp_runner.py[pid:636;line:136:_train_model] - INFO: [ Epoch 7 (test) ]: test loglike is -0.3038224601830616, num_events is 33655, mark_ll is -1.596514806434315, time_ll is 1.2926923607596847[0m
[31;1m2026-09-28 07:50:51,381 - tpp_runner.py[pid:636;line:140:_train_model] - CRITICAL: current best loglike on valid set is -1.0031 (updated at epoch-7), best updated at this epoch[0m
[38;20m2026-09-28 07:50:57,632 - tpp_runner.py[pid:636;line:104:_train_model] - INFO: [ Epoch 8 (train) ]: train loglike is -0.6317164248511905, num_events is 66675, mark_ll is -1.6112958804954067, time_ll is 0.9795794684599972[0m
[38;20m2026-09-28 07:50:58,059 - tpp_runner.py[pid:636;line:116:_train_model] - INFO: [ Epoch 8 (valid) ]:  valid loglike is -0.8776327391631288, num_events is 17018, mark_ll is -1.6063471713544115, time_ll is 0.7287143999127302[0m
[38;20m2026-09-28 07:50:58,913 - tpp_runner.py[pid:636;line:136:_train_model] - INFO: [ Epoch 8 (test) ]: test loglike is -0.15703211778553752, num_events is 33655, mark_ll is -1.5935602950086354, time_ll is 1.4365281454859047[0m
[31;1m2026-09-28 07:50:58,913 - tpp_runner.py[pid:636;line:140:_train_model] - CRITICAL: current best loglike on valid set is -0.8776 (updated at epoch-8), best updated at this epoch[0m
[38;20m2026-09-28 07:51:05,154 - tpp_runner.py[pid:636;line:104:_train_model] - INFO: [ Epoch 9 (train) ]: train loglike is -0.5015154486914721, num_events is 66675, mark_ll is -1.5965390654293212, time_ll is 1.0950236359615204[0m
[38;20m2026-09-28 07:51:05,579 - tpp_runner.py[pid:636;line:116:_train_model] - INFO: [ Epoch 9 (valid) ]:  valid loglike is -0.7744581047916177, num_events is 17018, mark_ll is -1.5966948512466579, time_ll is 0.8222367751470869[0m
[38;20m2026-09-28 07:51:06,448 - tpp_runner.py[pid:636;line:136:_train_model] - INFO: [ Epoch 9 (test) ]: test loglike is -0.13241599477819802, num_events is 33655, mark_ll is -1.5886261190352937, time_ll is 1.456210109068582[0m
[31;1m2026-09-28 07:51:06,448 - tpp_runner.py[pid:636;line:140:_train_model] - CRITICAL: current best loglike on valid set is -0.7745 (updated at epoch-9), best updated at this epoch[0m
[38;20m2026-09-28 07:51:12,713 - tpp_runner.py[pid:636;line:104:_train_model] - INFO: [ Epoch 10 (train) ]: train loglike is -0.43584729749967777, num_events is 66675, mark_ll is -1.5858200268911697, time_ll is 1.1499727152025918[0m
[38;20m2026-09-28 07:51:13,142 - tpp_runner.py[pid:636;line:116:_train_model] - INFO: [ Epoch 10 (valid) ]:  valid loglike is -0.5975140289044826, num_events is 17018, mark_ll is -1.5827986905179443, time_ll is 0.9852846024361155[0m
[38;20m2026-09-28 07:51:14,002 - tpp_runner.py[pid:636;line:136:_train_model] - INFO: [ Epoch 10 (test) ]: test loglike is 0.072065001507426, num_events is 33655, mark_ll is -1.5611189605753695, time_ll is 1.6331839158371713[0m
[31;1m2026-09-28 07:51:14,002 - tpp_runner.py[pid:636;line:140:_train_model] - CRITICAL: current best loglike on valid set is -0.5975 (updated at epoch-10), best updated at this epoch[0m
[38;20m2026-09-28 07:51:20,276 - tpp_runner.py[pid:636;line:104:_train_model] - INFO: [ Epoch 11 (train) ]: train loglike is -0.30256328157954865, num_events is 66675, mark_ll is -1.5848901431266404, time_ll is 1.2823268752782855[0m
[38;20m2026-09-28 07:51:20,720 - tpp_runner.py[pid:636;line:116:_train_model] - INFO: [ Epoch 11 (valid) ]:  valid loglike is -0.49511004676688836, num_events is 17018, mark_ll is -1.5785903204396632, time_ll is 1.0834803274703622[0m
[38;20m2026-09-28 07:51:21,571 - tpp_runner.py[pid:636;line:136:_train_model] - INFO: [ Epoch 11 (test) ]: test loglike is 0.1566282225583181, num_events is 33655, mark_ll is -1.5851658328187677, time_ll is 1.741794060364359[0m
[31;1m2026-09-28 07:51:21,571 - tpp_runner.py[pid:636;line:140:_train_model] - CRITICAL: current best loglike on valid set is -0.4951 (updated at epoch-11), best updated at this epoch[0m
[38;20m2026-09-28 07:51:27,828 - tpp_runner.py[pid:636;line:104:_train_model] - INFO: [ Epoch 12 (train) ]: train loglike is -0.20746116635322928, num_events is 66675, mark_ll is -1.5683844426673228, time_ll is 1.360923259836661[0m
[38;20m2026-09-28 07:51:28,259 - tpp_runner.py[pid:636;line:116:_train_model] - INFO: [ Epoch 12 (valid) ]:  valid loglike is -0.375904721201678, num_events is 17018, mark_ll is -1.565777212742115, time_ll is 1.1898725668570593[0m
[38;20m2026-09-28 07:51:29,127 - tpp_runner.py[pid:636;line:136:_train_model] - INFO: [ Epoch 12 (test) ]: test loglike is 0.2372603225311293, num_events is 33655, mark_ll is -1.5568192709397286, time_ll is 1.7940795952844117[0m
[31;1m2026-09-28 07:51:29,127 - tpp_runner.py[pid:636;line:140:_train_model] - CRITICAL: current best loglike on valid set is -0.3759 (updated at epoch-12), best updated at this epoch[0m
[38;20m2026-09-28 07:51:35,397 - tpp_runner.py[pid:636;line:104:_train_model] - INFO: [ Epoch 13 (train) ]: train loglike is -0.13721121285620547, num_events is 66675, mark_ll is -1.565829613095238, time_ll is 1.4286183819307743[0m
[38;20m2026-09-28 07:51:35,842 - tpp_runner.py[pid:636;line:116:_train_model] - INFO: [ Epoch 13 (valid) ]:  valid loglike is -0.2842733096482401, num_events is 17018, mark_ll is -1.5643807349662857, time_ll is 1.2801074289045515[0m
[38;20m2026-09-28 07:51:36,696 - tpp_runner.py[pid:636;line:136:_train_model] - INFO: [ Epoch 13 (test) ]: test loglike is 0.3173281537992358, num_events is 33655, mark_ll is -1.5560566388839883, time_ll is 1.8733848053781013[0m
[31;1m2026-09-28 07:51:36,696 - tpp_runner.py[pid:636;line:140:_train_model] - CRITICAL: current best loglike on valid set is -0.2843 (updated at epoch-13), best updated at this epoch[0m
[38;20m2026-09-28 07:51:42,968 - tpp_runner.py[pid:636;line:104:_train_model] - INFO: [ Epoch 14 (train) ]: train loglike is -0.08126653121301732, num_events is 66675, mark_ll is -1.56023413333099, time_ll is 1.4789676339285713[0m
[38;20m2026-09-28 07:51:43,400 - tpp_runner.py[pid:636;line:116:_train_model] - INFO: [ Epoch 14 (valid) ]:  valid loglike is -0.21919747129676345, num_events is 17018, mark_ll is -1.5575824988155924, time_ll is 1.3383850606940078[0m
[38;20m2026-09-28 07:51:44,262 - tpp_runner.py[pid:636;line:136:_train_model] - INFO: [ Epoch 14 (test) ]: test loglike is 0.36457695264622175, num_events is 33655, mark_ll is -1.5452440854929617, time_ll is 1.9098209819190128[0m
[31;1m2026-09-28 07:51:44,262 - tpp_runner.py[pid:636;line:140:_train_model] - CRITICAL: current best loglike on valid set is -0.2192 (updated at epoch-14), best updated at this epoch[0m
[38;20m2026-09-28 07:51:50,528 - tpp_runner.py[pid:636;line:104:_train_model] - INFO: [ Epoch 15 (train) ]: train loglike is -0.040944775701865395, num_events is 66675, mark_ll is -1.5557149704431477, time_ll is 1.514770176433024[0m
[38;20m2026-09-28 07:51:50,964 - tpp_runner.py[pid:636;line:116:_train_model] - INFO: [ Epoch 15 (valid) ]:  valid loglike is -0.18473976683092672, num_events is 17018, mark_ll is -1.5515637610154505, time_ll is 1.3668240434989791[0m
[38;20m2026-09-28 07:51:51,817 - tpp_runner.py[pid:636;line:136:_train_model] - INFO: [ Epoch 15 (test) ]: test loglike is 0.3853158499967501, num_events is 33655, mark_ll is -1.5436047560958623, time_ll is 1.928920548058888[0m
[31;1m2026-09-28 07:51:51,817 - tpp_runner.py[pid:636;line:140:_train_model] - CRITICAL: current best loglike on valid set is -0.1847 (updated at epoch-15), best updated at this epoch[0m
[38;20m2026-09-28 07:51:58,123 - tpp_runner.py[pid:636;line:104:_train_model] - INFO: [ Epoch 16 (train) ]: train loglike is -0.008092199382059665, num_events is 66675, mark_ll is -1.5502277986736033, time_ll is 1.542135612565031[0m
[38;20m2026-09-28 07:51:58,548 - tpp_runner.py[pid:636;line:116:_train_model] - INFO: [ Epoch 16 (valid) ]:  valid loglike is -0.19470979128142812, num_events is 17018, mark_ll is -1.5444389017786315, time_ll is 1.349729243197919[0m
[38;20m2026-09-28 07:51:59,385 - tpp_runner.py[pid:636;line:136:_train_model] - INFO: [ Epoch 16 (test) ]: test loglike is 0.3830218185767113, num_events is 33655, mark_ll is -1.5378335597132204, time_ll is 1.9208553909848092[0m
[31;1m2026-09-28 07:51:59,385 - tpp_runner.py[pid:636;line:140:_train_model] - CRITICAL: current best loglike on valid set is -0.1847 (updated at epoch-15)[0m
[38;20m2026-09-28 07:52:05,707 - tpp_runner.py[pid:636;line:104:_train_model] - INFO: [ Epoch 17 (train) ]: train loglike is 0.020285319330811187, num_events is 66675, mark_ll is -1.54439106366587, time_ll is 1.5646763905488377[0m
[38;20m2026-09-28 07:52:06,147 - tpp_runner.py[pid:636;line:116:_train_model] - INFO: [ Epoch 17 (valid) ]:  valid loglike is -0.13482262982032123, num_events is 17018, mark_ll is -1.5402763170338025, time_ll is 1.405453702456131[0m
[38;20m2026-09-28 07:52:06,997 - tpp_runner.py[pid:636;line:136:_train_model] - INFO: [ Epoch 17 (test) ]: test loglike is 0.44158366453663556, num_events is 33655, mark_ll is -1.5291044496777968, time_ll is 1.9706880942653395[0m
[31;1m2026-09-28 07:52:06,997 - tpp_runner.py[pid:636;line:140:_train_model] - CRITICAL: current best loglike on valid set is -0.1348 (updated at epoch-17), best updated at this epoch[0m
[38;20m2026-09-28 07:52:13,280 - tpp_runner.py[pid:636;line:104:_train_model] - INFO: [ Epoch 18 (train) ]: train loglike is 0.04538257874931161, num_events is 66675, mark_ll is -1.541091351618157, time_ll is 1.5864739392927447[0m
[38;20m2026-09-28 07:52:13,715 - tpp_runner.py[pid:636;line:116:_train_model] - INFO: [ Epoch 18 (valid) ]:  valid loglike is -0.06837350493635186, num_events is 17018, mark_ll is -1.5397491580605829, time_ll is 1.471375752649768[0m
[38;20m2026-09-28 07:52:14,560 - tpp_runner.py[pid:636;line:136:_train_model] - INFO: [ Epoch 18 (test) ]: test loglike is 0.4890179573028478, num_events is 33655, mark_ll is -1.5290225423297987, time_ll is 2.018040457920907[0m
[31;1m2026-09-28 07:52:14,560 - tpp_runner.py[pid:636;line:140:_train_model] - CRITICAL: current best loglike on valid set is -0.0684 (updated at epoch-18), best updated at this epoch[0m
[38;20m2026-09-28 07:52:20,755 - tpp_runner.py[pid:636;line:104:_train_model] - INFO: [ Epoch 19 (train) ]: train loglike is 0.0759499196359, num_events is 66675, mark_ll is -1.5354599986525121, time_ll is 1.611409962914792[0m
[38;20m2026-09-28 07:52:21,181 - tpp_runner.py[pid:636;line:116:_train_model] - INFO: [ Epoch 19 (valid) ]:  valid loglike is -0.039891284113695795, num_events is 17018, mark_ll is -1.539280071789796, time_ll is 1.499388730292007[0m
[38;20m2026-09-28 07:52:22,049 - tpp_runner.py[pid:636;line:136:_train_model] - INFO: [ Epoch 19 (test) ]: test loglike is 0.5258085893249285, num_events is 33655, mark_ll is -1.5287561022461373, time_ll is 2.0545646716219728[0m
[31;1m2026-09-28 07:52:22,049 - tpp_runner.py[pid:636;line:140:_train_model] - CRITICAL: current best loglike on valid set is -0.0399 (updated at epoch-19), best updated at this epoch[0m
[38;20m2026-09-28 07:52:28,291 - tpp_runner.py[pid:636;line:104:_train_model] - INFO: [ Epoch 20 (train) ]: train loglike is 0.1012450444121731, num_events is 66675, mark_ll is -1.5388967626605268, time_ll is 1.6401418084458192[0m
[38;20m2026-09-28 07:52:28,722 - tpp_runner.py[pid:636;line:116:_train_model] - INFO: [ Epoch 20 (valid) ]:  valid loglike is 0.009595520614891218, num_events is 17018, mark_ll is -1.545671275393609, time_ll is 1.555266735037901[0m
[38;20m2026-09-28 07:52:29,592 - tpp_runner.py[pid:636;line:136:_train_model] - INFO: [ Epoch 20 (test) ]: test loglike is 0.5532613126046058, num_events is 33655, mark_ll is -1.5507298393742572, time_ll is 2.1039911823558906[0m
[31;1m2026-09-28 07:52:29,592 - tpp_runner.py[pid:636;line:140:_train_model] - CRITICAL: current best loglike on valid set is 0.0096 (updated at epoch-20), best updated at this epoch[0m
[38;20m2026-09-28 07:52:35,840 - tpp_runner.py[pid:636;line:104:_train_model] - INFO: [ Epoch 21 (train) ]: train loglike is 0.14571901645381485, num_events is 66675, mark_ll is -1.537463090551181, time_ll is 1.6831820814878609[0m
[38;20m2026-09-28 07:52:36,283 - tpp_runner.py[pid:636;line:116:_train_model] - INFO: [ Epoch 21 (valid) ]:  valid loglike is 0.037313362002330715, num_events is 17018, mark_ll is -1.5479278403060364, time_ll is 1.5852411870657173[0m
[38;20m2026-09-28 07:52:37,133 - tpp_runner.py[pid:636;line:136:_train_model] - INFO: [ Epoch 21 (test) ]: test loglike is 0.5900826004882957, num_events is 33655, mark_ll is -1.5470300262138335, time_ll is 2.137112646651222[0m
[31;1m2026-09-28 07:52:37,133 - tpp_runner.py[pid:636;line:140:_train_model] - CRITICAL: current best loglike on valid set is 0.0373 (updated at epoch-21), best updated at this epoch[0m
[38;20m2026-09-28 07:52:43,377 - tpp_runner.py[pid:636;line:104:_train_model] - INFO: [ Epoch 22 (train) ]: train loglike is 0.1881881779662491, num_events is 66675, mark_ll is -1.5325981469113237, time_ll is 1.720786310402606[0m
[38;20m2026-09-28 07:52:43,823 - tpp_runner.py[pid:636;line:116:_train_model] - INFO: [ Epoch 22 (valid) ]:  valid loglike is 0.04962501655889743, num_events is 17018, mark_ll is -1.5396331991540206, time_ll is 1.5892582314038812[0m
[38;20m2026-09-28 07:52:44,691 - tpp_runner.py[pid:636;line:136:_train_model] - INFO: [ Epoch 22 (test) ]: test loglike is 0.617263068070367, num_events is 33655, mark_ll is -1.5290085997274736, time_ll is 2.1462717249247882[0m
[31;1m2026-09-28 07:52:44,691 - tpp_runner.py[pid:636;line:140:_train_model] - CRITICAL: current best loglike on valid set is 0.0496 (updated at epoch-22), best updated at this epoch[0m
[38;20m2026-09-28 07:52:50,963 - tpp_runner.py[pid:636;line:104:_train_model] - INFO: [ Epoch 23 (train) ]: train loglike is 0.21554292030177136, num_events is 66675, mark_ll is -1.529875621016123, time_ll is 1.745418552417276[0m
[38;20m2026-09-28 07:52:51,403 - tpp_runner.py[pid:636;line:116:_train_model] - INFO: [ Epoch 23 (valid) ]:  valid loglike is 0.08728841951302768, num_events is 17018, mark_ll is -1.5349559293032562, time_ll is 1.6222442867249016[0m
[38;20m2026-09-28 07:52:52,260 - tpp_runner.py[pid:636;line:136:_train_model] - INFO: [ Epoch 23 (test) ]: test loglike is 0.6310802114574822, num_events is 33655, mark_ll is -1.5320987359674454, time_ll is 2.163179023594191[0m
[31;1m2026-09-28 07:52:52,260 - tpp_runner.py[pid:636;line:140:_train_model] - CRITICAL: current best loglike on valid set is 0.0873 (updated at epoch-23), best updated at this epoch[0m
[38;20m2026-09-28 07:52:58,519 - tpp_runner.py[pid:636;line:104:_train_model] - INFO: [ Epoch 24 (train) ]: train loglike is 0.22609341450116588, num_events is 66675, mark_ll is -1.5257904407456881, time_ll is 1.7518838685203413[0m
[38;20m2026-09-28 07:52:58,951 - tpp_runner.py[pid:636;line:116:_train_model] - INFO: [ Epoch 24 (valid) ]:  valid loglike is 0.10150817766188454, num_events is 17018, mark_ll is -1.5329403560637083, time_ll is 1.6344485276733642[0m
[38;20m2026-09-28 07:52:59,835 - tpp_runner.py[pid:636;line:136:_train_model] - INFO: [ Epoch 24 (test) ]: test loglike is 0.6523871392768765, num_events is 33655, mark_ll is -1.5333100448832826, time_ll is 2.1856972113634674[0m
[31;1m2026-09-28 07:52:59,835 - tpp_runner.py[pid:636;line:140:_train_model] - CRITICAL: current best loglike on valid set is 0.1015 (updated at epoch-24), best updated at this epoch[0m
[38;20m2026-09-28 07:53:06,096 - tpp_runner.py[pid:636;line:104:_train_model] - INFO: [ Epoch 25 (train) ]: train loglike is 0.24784319448167125, num_events is 66675, mark_ll is -1.523991954618954, time_ll is 1.771835142921588[0m
[38;20m2026-09-28 07:53:06,518 - tpp_runner.py[pid:636;line:116:_train_model] - INFO: [ Epoch 25 (valid) ]:  valid loglike is 0.12812765656970113, num_events is 17018, mark_ll is -1.5285958422240422, time_ll is 1.6567235765760886[0m
[38;20m2026-09-28 07:53:07,400 - tpp_runner.py[pid:636;line:136:_train_model] - INFO: [ Epoch 25 (test) ]: test loglike is 0.6910214864061803, num_events is 33655, mark_ll is -1.5179793484089474, time_ll is 2.2090009218657145[0m
[31;1m2026-09-28 07:53:07,400 - tpp_runner.py[pid:636;line:140:_train_model] - CRITICAL: current best loglike on valid set is 0.1281 (updated at epoch-25), best updated at this epoch[0m
[38;20m2026-09-28 07:53:13,673 - tpp_runner.py[pid:636;line:104:_train_model] - INFO: [ Epoch 26 (train) ]: train loglike is 0.2830804818678671, num_events is 66675, mark_ll is -1.524497068481674, time_ll is 1.8075775354740813[0m
[38;20m2026-09-28 07:53:14,099 - tpp_runner.py[pid:636;line:116:_train_model] - INFO: [ Epoch 26 (valid) ]:  valid loglike is 0.17397716090491158, num_events is 17018, mark_ll is -1.5268172652898768, time_ll is 1.7007944454722572[0m
[38;20m2026-09-28 07:53:14,967 - tpp_runner.py[pid:636;line:136:_train_model] - INFO: [ Epoch 26 (test) ]: test loglike is 0.7138238290535396, num_events is 33655, mark_ll is -1.5233428832663238, time_ll is 2.237166770353588[0m
[31;1m2026-09-28 07:53:14,967 - tpp_runner.py[pid:636;line:140:_train_model] - CRITICAL: current best loglike on valid set is 0.1740 (updated at epoch-26), best updated at this epoch[0m
[38;20m2026-09-28 07:53:21,121 - tpp_runner.py[pid:636;line:104:_train_model] - INFO: [ Epoch 27 (train) ]: train loglike is 0.3051678638436797, num_events is 66675, mark_ll is -1.5251145071709786, time_ll is 1.8302823060203413[0m
[38;20m2026-09-28 07:53:21,548 - tpp_runner.py[pid:636;line:116:_train_model] - INFO: [ Epoch 27 (valid) ]:  valid loglike is 0.17818200074067084, num_events is 17018, mark_ll is -1.5306120036505464, time_ll is 1.7087940176164576[0m
[38;20m2026-09-28 07:53:22,404 - tpp_runner.py[pid:636;line:136:_train_model] - INFO: [ Epoch 27 (test) ]: test loglike is 0.7262566713393487, num_events is 33655, mark_ll is -1.532156406981225, time_ll is 2.2584131417949598[0m
[31;1m2026-09-28 07:53:22,404 - tpp_runner.py[pid:636;line:140:_train_model] - CRITICAL: current best loglike on valid set is 0.1782 (updated at epoch-27), best updated at this epoch[0m
[38;20m2026-09-28 07:53:28,552 - tpp_runner.py[pid:636;line:104:_train_model] - INFO: [ Epoch 28 (train) ]: train loglike is 0.3332657378704127, num_events is 66675, mark_ll is -1.5188659388767811, time_ll is 1.8521316891052682[0m
[38;20m2026-09-28 07:53:28,995 - tpp_runner.py[pid:636;line:116:_train_model] - INFO: [ Epoch 28 (valid) ]:  valid loglike is 0.21164369734435598, num_events is 17018, mark_ll is -1.5204373878714816, time_ll is 1.7320810421777677[0m
[38;20m2026-09-28 07:53:29,835 - tpp_runner.py[pid:636;line:136:_train_model] - INFO: [ Epoch 28 (test) ]: test loglike is 0.75727882912318, num_events is 33655, mark_ll is -1.5180570338034838, time_ll is 2.2753357976387236[0m
[31;1m2026-09-28 07:53:29,835 - tpp_runner.py[pid:636;line:140:_train_model] - CRITICAL: current best loglike on valid set is 0.2116 (updated at epoch-28), best updated at this epoch[0m
[38;20m2026-09-28 07:53:35,995 - tpp_runner.py[pid:636;line:104:_train_model] - INFO: [ Epoch 29 (train) ]: train loglike is 0.3613140491532797, num_events is 66675, mark_ll is -1.5128314929872047, time_ll is 1.8741455316132358[0m
[38;20m2026-09-28 07:53:36,430 - tpp_runner.py[pid:636;line:116:_train_model] - INFO: [ Epoch 29 (valid) ]:  valid loglike is 0.2526666455409518, num_events is 17018, mark_ll is -1.5165116846638487, time_ll is 1.7691784239022652[0m
[38;20m2026-09-28 07:53:37,275 - tpp_runner.py[pid:636;line:136:_train_model] - INFO: [ Epoch 29 (test) ]: test loglike is 0.7858006673588156, num_events is 33655, mark_ll is -1.5159870687804096, time_ll is 2.301787786918734[0m
[31;1m2026-09-28 07:53:37,275 - tpp_runner.py[pid:636;line:140:_train_model] - CRITICAL: current best loglike on valid set is 0.2527 (updated at epoch-29), best updated at this epoch[0m
[38;20m2026-09-28 07:53:43,431 - tpp_runner.py[pid:636;line:104:_train_model] - INFO: [ Epoch 30 (train) ]: train loglike is 0.38706722755846923, num_events is 66675, mark_ll is -1.5068601117243157, time_ll is 1.8939273447752625[0m
[38;20m2026-09-28 07:53:43,862 - tpp_runner.py[pid:636;line:116:_train_model] - INFO: [ Epoch 30 (valid) ]:  valid loglike is 0.26415784609193094, num_events is 17018, mark_ll is -1.515762980052371, time_ll is 1.7799207835545452[0m
[38;20m2026-09-28 07:53:44,710 - tpp_runner.py[pid:636;line:136:_train_model] - INFO: [ Epoch 30 (test) ]: test loglike is 0.8060930459783789, num_events is 33655, mark_ll is -1.5103578410235756, time_ll is 2.316450834408892[0m
[31;1m2026-09-28 07:53:44,710 - tpp_runner.py[pid:636;line:140:_train_model] - CRITICAL: current best loglike on valid set is 0.2642 (updated at epoch-30), best updated at this epoch[0m
[38;20m2026-09-28 07:53:50,960 - tpp_runner.py[pid:636;line:104:_train_model] - INFO: [ Epoch 31 (train) ]: train loglike is 0.40672658089979963, num_events is 66675, mark_ll is -1.5077892558352082, time_ll is 1.9145158454314304[0m
[38;20m2026-09-28 07:53:51,401 - tpp_runner.py[pid:636;line:116:_train_model] - INFO: [ Epoch 31 (valid) ]:  valid loglike is 0.28304454024746717, num_events is 17018, mark_ll is -1.5162352296213017, time_ll is 1.7992797665064197[0m
[38;20m2026-09-28 07:53:52,504 - tpp_runner.py[pid:636;line:136:_train_model] - INFO: [ Epoch 31 (test) ]: test loglike is 0.8222582003103643, num_events is 33655, mark_ll is -1.5148772136964233, time_ll is 2.3371353813628177[0m
[31;1m2026-09-28 07:53:52,504 - tpp_runner.py[pid:636;line:140:_train_model] - CRITICAL: current best loglike on valid set is 0.2830 (updated at epoch-31), best updated at this epoch[0m
[38;20m2026-09-28 07:53:58,781 - tpp_runner.py[pid:636;line:104:_train_model] - INFO: [ Epoch 32 (train) ]: train loglike is 0.42235739148329116, num_events is 66675, mark_ll is -1.505022369030043, time_ll is 1.9273797733291151[0m
[38;20m2026-09-28 07:53:59,207 - tpp_runner.py[pid:636;line:116:_train_model] - INFO: [ Epoch 32 (valid) ]:  valid loglike is 0.2956566612789698, num_events is 17018, mark_ll is -1.5187878175520955, time_ll is 1.8144444815209448[0m
[38;20m2026-09-28 07:54:00,061 - tpp_runner.py[pid:636;line:136:_train_model] - INFO: [ Epoch 32 (test) ]: test loglike is 0.8385738324630209, num_events is 33655, mark_ll is -1.5091877360521746, time_ll is 2.3477615231763482[0m
[31;1m2026-09-28 07:54:00,061 - tpp_runner.py[pid:636;line:140:_train_model] - CRITICAL: current best loglike on valid set is 0.2957 (updated at epoch-32), best updated at this epoch[0m
[38;20m2026-09-28 07:54:06,332 - tpp_runner.py[pid:636;line:104:_train_model] - INFO: [ Epoch 33 (train) ]: train loglike is 0.44878410508134725, num_events is 66675, mark_ll is -1.5037183779761905, time_ll is 1.9525024313367079[0m
[38;20m2026-09-28 07:54:06,755 - tpp_runner.py[pid:636;line:116:_train_model] - INFO: [ Epoch 33 (valid) ]:  valid loglike is 0.3075545774193765, num_events is 17018, mark_ll is -1.5100746670345369, time_ll is 1.817629327391861[0m
[38;20m2026-09-28 07:54:08,135 - tpp_runner.py[pid:636;line:136:_train_model] - INFO: [ Epoch 33 (test) ]: test loglike is 0.862526285650117, num_events is 33655, mark_ll is -1.5105268025855185, time_ll is 2.373053062845881[0m
[31;1m2026-09-28 07:54:08,135 - tpp_runner.py[pid:636;line:140:_train_model] - CRITICAL: current best loglike on valid set is 0.3076 (updated at epoch-33), best updated at this epoch[0m
[38;20m2026-09-28 07:54:14,410 - tpp_runner.py[pid:636;line:104:_train_model] - INFO: [ Epoch 34 (train) ]: train loglike is 0.4602341681166807, num_events is 66675, mark_ll is -1.5021925311093927, time_ll is 1.9624266571170792[0m
[38;20m2026-09-28 07:54:14,850 - tpp_runner.py[pid:636;line:116:_train_model] - INFO: [ Epoch 34 (valid) ]:  valid loglike is 0.34218911321032325, num_events is 17018, mark_ll is -1.5129111340749501, time_ll is 1.8551003297749074[0m
[38;20m2026-09-28 07:54:15,706 - tpp_runner.py[pid:636;line:136:_train_model] - INFO: [ Epoch 34 (test) ]: test loglike is 0.8738332936285934, num_events is 33655, mark_ll is -1.5142775004410562, time_ll is 2.388110804950973[0m
[31;1m2026-09-28 07:54:15,706 - tpp_runner.py[pid:636;line:140:_train_model] - CRITICAL: current best loglike on valid set is 0.3422 (updated at epoch-34), best updated at this epoch[0m
[38;20m2026-09-28 07:54:21,926 - tpp_runner.py[pid:636;line:104:_train_model] - INFO: [ Epoch 35 (train) ]: train loglike is 0.4810096638310836, num_events is 66675, mark_ll is -1.4988185278109767, time_ll is 1.979828184318757[0m
[38;20m2026-09-28 07:54:22,353 - tpp_runner.py[pid:636;line:116:_train_model] - INFO: [ Epoch 35 (valid) ]:  valid loglike is 0.34806543445037974, num_events is 17018, mark_ll is -1.5096137938621055, time_ll is 1.8576792856965787[0m
[38;20m2026-09-28 07:54:23,220 - tpp_runner.py[pid:636;line:136:_train_model] - INFO: [ Epoch 35 (test) ]: test loglike is 0.8966446623336753, num_events is 33655, mark_ll is -1.5154539347155418, time_ll is 2.4120986097440946[0m
[31;1m2026-09-28 07:54:23,220 - tpp_runner.py[pid:636;line:140:_train_model] - CRITICAL: current best loglike on valid set is 0.3481 (updated at epoch-35), best updated at this epoch[0m
[38;20m2026-09-28 07:54:29,463 - tpp_runner.py[pid:636;line:104:_train_model] - INFO: [ Epoch 36 (train) ]: train loglike is 0.5045212005969957, num_events is 66675, mark_ll is -1.4984103415295744, time_ll is 2.0029315622656543[0m
[38;20m2026-09-28 07:54:29,888 - tpp_runner.py[pid:636;line:116:_train_model] - INFO: [ Epoch 36 (valid) ]:  valid loglike is 0.3806536386794497, num_events is 17018, mark_ll is -1.502448966604294, time_ll is 1.8831024905155571[0m
[38;20m2026-09-28 07:54:30,755 - tpp_runner.py[pid:636;line:136:_train_model] - INFO: [ Epoch 36 (test) ]: test loglike is 0.8990127502269118, num_events is 33655, mark_ll is -1.502332672812825, time_ll is 2.4013454973954462[0m
[31;1m2026-09-28 07:54:30,756 - tpp_runner.py[pid:636;line:140:_train_model] - CRITICAL: current best loglike on valid set is 0.3807 (updated at epoch-36), best updated at this epoch[0m
[38;20m2026-09-28 07:54:36,922 - tpp_runner.py[pid:636;line:104:_train_model] - INFO: [ Epoch 37 (train) ]: train loglike is 0.5241017776220356, num_events is 66675, mark_ll is -1.4951746278297244, time_ll is 2.0192764576302964[0m
[38;20m2026-09-28 07:54:37,345 - tpp_runner.py[pid:636;line:116:_train_model] - INFO: [ Epoch 37 (valid) ]:  valid loglike is 0.4099467101900148, num_events is 17018, mark_ll is -1.5094938826261164, time_ll is 1.919440601782396[0m
[38;20m2026-09-28 07:54:38,205 - tpp_runner.py[pid:636;line:136:_train_model] - INFO: [ Epoch 37 (test) ]: test loglike is 0.9288314808001226, num_events is 33655, mark_ll is -1.5062350381803873, time_ll is 2.4350664718281085[0m
[31;1m2026-09-28 07:54:38,205 - tpp_runner.py[pid:636;line:140:_train_model] - CRITICAL: current best loglike on valid set is 0.4099 (updated at epoch-37), best updated at this epoch[0m
[38;20m2026-09-28 07:54:44,371 - tpp_runner.py[pid:636;line:104:_train_model] - INFO: [ Epoch 38 (train) ]: train loglike is 0.5348792341509069, num_events is 66675, mark_ll is -1.4968602142505625, time_ll is 2.0317393907304555[0m
[38;20m2026-09-28 07:54:44,797 - tpp_runner.py[pid:636;line:116:_train_model] - INFO: [ Epoch 38 (valid) ]:  valid loglike is 0.39789053992808165, num_events is 17018, mark_ll is -1.5063199971170231, time_ll is 1.9042105047665523[0m
[38;20m2026-09-28 07:54:45,648 - tpp_runner.py[pid:636;line:136:_train_model] - INFO: [ Epoch 38 (test) ]: test loglike is 0.9377133392256908, num_events is 33655, mark_ll is -1.5105809444234233, time_ll is 2.4482943162930844[0m
[31;1m2026-09-28 07:54:45,670 - tpp_runner.py[pid:636;line:140:_train_model] - CRITICAL: current best loglike on valid set is 0.4099 (updated at epoch-37)[0m
[38;20m2026-09-28 07:54:51,856 - tpp_runner.py[pid:636;line:104:_train_model] - INFO: [ Epoch 39 (train) ]: train loglike is 0.5444971755849854, num_events is 66675, mark_ll is -1.495557006790167, time_ll is 2.0400541997679977[0m
[38;20m2026-09-28 07:54:52,282 - tpp_runner.py[pid:636;line:116:_train_model] - INFO: [ Epoch 39 (valid) ]:  valid loglike is 0.4195374517858848, num_events is 17018, mark_ll is -1.5065218600112749, time_ll is 1.9260593261431829[0m
[38;20m2026-09-28 07:54:53,150 - tpp_runner.py[pid:636;line:136:_train_model] - INFO: [ Epoch 39 (test) ]: test loglike is 0.951557913522206, num_events is 33655, mark_ll is -1.5153285601078499, time_ll is 2.4668865806297355[0m
[31;1m2026-09-28 07:54:53,150 - tpp_runner.py[pid:636;line:140:_train_model] - CRITICAL: current best loglike on valid set is 0.4195 (updated at epoch-39), best updated at this epoch[0m
[38;20m2026-09-28 07:54:59,390 - tpp_runner.py[pid:636;line:104:_train_model] - INFO: [ Epoch 40 (train) ]: train loglike is 0.5651845435824429, num_events is 66675, mark_ll is -1.4915177985564305, time_ll is 2.0567023421388733[0m
[38;20m2026-09-28 07:54:59,821 - tpp_runner.py[pid:636;line:116:_train_model] - INFO: [ Epoch 40 (valid) ]:  valid loglike is 0.42971985297248455, num_events is 17018, mark_ll is -1.5073612027981402, time_ll is 1.9370810530807454[0m
[38;20m2026-09-28 07:55:00,685 - tpp_runner.py[pid:636;line:136:_train_model] - INFO: [ Epoch 40 (test) ]: test loglike is 0.9685418021995942, num_events is 33655, mark_ll is -1.5101752669261161, time_ll is 2.4787170673121564[0m
[31;1m2026-09-28 07:55:00,685 - tpp_runner.py[pid:636;line:140:_train_model] - CRITICAL: current best loglike on valid set is 0.4297 (updated at epoch-40), best updated at this epoch[0m
[38;20m2026-09-28 07:55:06,923 - tpp_runner.py[pid:636;line:104:_train_model] - INFO: [ Epoch 41 (train) ]: train loglike is 0.5762011883524325, num_events is 66675, mark_ll is -1.4912899486197038, time_ll is 2.067491087539839[0m
[38;20m2026-09-28 07:55:07,348 - tpp_runner.py[pid:636;line:116:_train_model] - INFO: [ Epoch 41 (valid) ]:  valid loglike is 0.4517179492049778, num_events is 17018, mark_ll is -1.504368070009971, time_ll is 1.9560859474848322[0m
[38;20m2026-09-28 07:55:08,203 - tpp_runner.py[pid:636;line:136:_train_model] - INFO: [ Epoch 41 (test) ]: test loglike is 0.9964638782139077, num_events is 33655, mark_ll is -1.505069982143023, time_ll is 2.501533932899086[0m
[31;1m2026-09-28 07:55:08,203 - tpp_runner.py[pid:636;line:140:_train_model] - CRITICAL: current best loglike on valid set is 0.4517 (updated at epoch-41), best updated at this epoch[0m
[38;20m2026-09-28 07:55:14,382 - tpp_runner.py[pid:636;line:104:_train_model] - INFO: [ Epoch 42 (train) ]: train loglike is 0.5828798597440945, num_events is 66675, mark_ll is -1.4913259133623922, time_ll is 2.0742057621215317[0m
[38;20m2026-09-28 07:55:14,813 - tpp_runner.py[pid:636;line:116:_train_model] - INFO: [ Epoch 42 (valid) ]:  valid loglike is 0.4568579634875917, num_events is 17018, mark_ll is -1.5050398368983393, time_ll is 1.9618977582444874[0m
[38;20m2026-09-28 07:55:15,662 - tpp_runner.py[pid:636;line:136:_train_model] - INFO: [ Epoch 42 (test) ]: test loglike is 0.9922242244663219, num_events is 33655, mark_ll is -1.5143036555152931, time_ll is 2.506527879981615[0m
[31;1m2026-09-28 07:55:15,664 - tpp_runner.py[pid:636;line:140:_train_model] - CRITICAL: current best loglike on valid set is 0.4569 (updated at epoch-42), best updated at this epoch[0m
[38;20m2026-09-28 07:55:21,851 - tpp_runner.py[pid:636;line:104:_train_model] - INFO: [ Epoch 43 (train) ]: train loglike is 0.6058240968169994, num_events is 66675, mark_ll is -1.4897832631760874, time_ll is 2.0956073435156544[0m
[38;20m2026-09-28 07:55:22,275 - tpp_runner.py[pid:636;line:116:_train_model] - INFO: [ Epoch 43 (valid) ]:  valid loglike is 0.4781476028770548, num_events is 17018, mark_ll is -1.5044925863194485, time_ll is 1.9826402071290326[0m
[38;20m2026-09-28 07:55:23,129 - tpp_runner.py[pid:636;line:136:_train_model] - INFO: [ Epoch 43 (test) ]: test loglike is 1.0250927487731671, num_events is 33655, mark_ll is -1.5093263314677425, time_ll is 2.5344190185800772[0m
[31;1m2026-09-28 07:55:23,129 - tpp_runner.py[pid:636;line:140:_train_model] - CRITICAL: current best loglike on valid set is 0.4781 (updated at epoch-43), best updated at this epoch[0m
[38;20m2026-09-28 07:55:29,369 - tpp_runner.py[pid:636;line:104:_train_model] - INFO: [ Epoch 44 (train) ]: train loglike is 0.6227903048984111, num_events is 66675, mark_ll is -1.4938811237462504, time_ll is 2.116671382874016[0m
[38;20m2026-09-28 07:55:29,794 - tpp_runner.py[pid:636;line:116:_train_model] - INFO: [ Epoch 44 (valid) ]:  valid loglike is 0.4682008503662712, num_events is 17018, mark_ll is -1.5131346307723808, time_ll is 1.9813355725945507[0m
[38;20m2026-09-28 07:55:30,631 - tpp_runner.py[pid:636;line:136:_train_model] - INFO: [ Epoch 44 (test) ]: test loglike is 1.0227320438578267, num_events is 33655, mark_ll is -1.5182198147737613, time_ll is 2.540951874953573[0m
[31;1m2026-09-28 07:55:30,638 - tpp_runner.py[pid:636;line:140:_train_model] - CRITICAL: current best loglike on valid set is 0.4781 (updated at epoch-43)[0m
[38;20m2026-09-28 07:55:36,866 - tpp_runner.py[pid:636;line:104:_train_model] - INFO: [ Epoch 45 (train) ]: train loglike is 0.6238391758647357, num_events is 66675, mark_ll is -1.4939849974807837, time_ll is 2.117824166022216[0m
[38;20m2026-09-28 07:55:37,293 - tpp_runner.py[pid:636;line:116:_train_model] - INFO: [ Epoch 45 (valid) ]:  valid loglike is 0.4971998642636657, num_events is 17018, mark_ll is -1.51032916548838, time_ll is 2.007529036925057[0m
[38;20m2026-09-28 07:55:38,160 - tpp_runner.py[pid:636;line:136:_train_model] - INFO: [ Epoch 45 (test) ]: test loglike is 1.025522152996049, num_events is 33655, mark_ll is -1.5154194663102623, time_ll is 2.540941624746973[0m
[31;1m2026-09-28 07:55:38,160 - tpp_runner.py[pid:636;line:140:_train_model] - CRITICAL: current best loglike on valid set is 0.4972 (updated at epoch-45), best updated at this epoch[0m
[38;20m2026-09-28 07:55:44,370 - tpp_runner.py[pid:636;line:104:_train_model] - INFO: [ Epoch 46 (train) ]: train loglike is 0.6379568423087739, num_events is 66675, mark_ll is -1.4918173070163105, time_ll is 2.1297741053852643[0m
[38;20m2026-09-28 07:55:44,800 - tpp_runner.py[pid:636;line:116:_train_model] - INFO: [ Epoch 46 (valid) ]:  valid loglike is 0.5169916111485128, num_events is 17018, mark_ll is -1.5048705179580077, time_ll is 2.0218621057942325[0m
[38;20m2026-09-28 07:55:45,645 - tpp_runner.py[pid:636;line:136:_train_model] - INFO: [ Epoch 46 (test) ]: test loglike is 1.0514974931607255, num_events is 33655, mark_ll is -1.5137520014380756, time_ll is 2.565249536310541[0m
[31;1m2026-09-28 07:55:45,645 - tpp_runner.py[pid:636;line:140:_train_model] - CRITICAL: current best loglike on valid set is 0.5170 (updated at epoch-46), best updated at this epoch[0m
[38;20m2026-09-28 07:55:51,814 - tpp_runner.py[pid:636;line:104:_train_model] - INFO: [ Epoch 47 (train) ]: train loglike is 0.6418028270147872, num_events is 66675, mark_ll is -1.489966495887233, time_ll is 2.131769332056149[0m
[38;20m2026-09-28 07:55:52,241 - tpp_runner.py[pid:636;line:116:_train_model] - INFO: [ Epoch 47 (valid) ]:  valid loglike is 0.4909723882375922, num_events is 17018, mark_ll is -1.4963578531164612, time_ll is 1.987330209075501[0m
[38;20m2026-09-28 07:55:53,082 - tpp_runner.py[pid:636;line:136:_train_model] - INFO: [ Epoch 47 (test) ]: test loglike is 1.028666374853755, num_events is 33655, mark_ll is -1.5037246298318878, time_ll is 2.5323909430248106[0m
[31;1m2026-09-28 07:55:53,082 - tpp_runner.py[pid:636;line:140:_train_model] - CRITICAL: current best loglike on valid set is 0.5170 (updated at epoch-46)[0m
[38;20m2026-09-28 07:55:59,325 - tpp_runner.py[pid:636;line:104:_train_model] - INFO: [ Epoch 48 (train) ]: train loglike is 0.6414230441653778, num_events is 66675, mark_ll is -1.487648560531496, time_ll is 2.129071577234486[0m
[38;20m2026-09-28 07:55:59,751 - tpp_runner.py[pid:636;line:116:_train_model] - INFO: [ Epoch 48 (valid) ]:  valid loglike is 0.521419473590463, num_events is 17018, mark_ll is -1.5024304028501072, time_ll is 2.023849768845395[0m
[38;20m2026-09-28 07:56:00,603 - tpp_runner.py[pid:636;line:136:_train_model] - INFO: [ Epoch 48 (test) ]: test loglike is 1.0633364926651176, num_events is 33655, mark_ll is -1.5149057916786604, time_ll is 2.578242278903116[0m
[31;1m2026-09-28 07:56:00,603 - tpp_runner.py[pid:636;line:140:_train_model] - CRITICAL: current best loglike on valid set is 0.5214 (updated at epoch-48), best updated at this epoch[0m
[38;20m2026-09-28 07:56:06,887 - tpp_runner.py[pid:636;line:104:_train_model] - INFO: [ Epoch 49 (train) ]: train loglike is 0.666231695403309, num_events is 66675, mark_ll is -1.486995622129265, time_ll is 2.153227328517529[0m
[38;20m2026-09-28 07:56:07,314 - tpp_runner.py[pid:636;line:116:_train_model] - INFO: [ Epoch 49 (valid) ]:  valid loglike is 0.5346054559533472, num_events is 17018, mark_ll is -1.4998876849833631, time_ll is 2.034493169628757[0m
[38;20m2026-09-28 07:56:08,173 - tpp_runner.py[pid:636;line:136:_train_model] - INFO: [ Epoch 49 (test) ]: test loglike is 1.0674876667453992, num_events is 33655, mark_ll is -1.5066307520126097, time_ll is 2.5741184024360235[0m
[31;1m2026-09-28 07:56:08,173 - tpp_runner.py[pid:636;line:140:_train_model] - CRITICAL: current best loglike on valid set is 0.5346 (updated at epoch-49), best updated at this epoch[0m
[38;20m2026-09-28 07:56:14,411 - tpp_runner.py[pid:636;line:104:_train_model] - INFO: [ Epoch 50 (train) ]: train loglike is 0.6841715989114642, num_events is 66675, mark_ll is -1.4839213213582678, time_ll is 2.1680929166080802[0m
[38;20m2026-09-28 07:56:14,838 - tpp_runner.py[pid:636;line:116:_train_model] - INFO: [ Epoch 50 (valid) ]:  valid loglike is 0.5271666322027366, num_events is 17018, mark_ll is -1.497233297671032, time_ll is 2.024399902974975[0m
[38;20m2026-09-28 07:56:15,680 - tpp_runner.py[pid:636;line:136:_train_model] - INFO: [ Epoch 50 (test) ]: test loglike is 1.0700883084678168, num_events is 33655, mark_ll is -1.5005642002430453, time_ll is 2.57065244705003[0m
[31;1m2026-09-28 07:56:15,680 - tpp_runner.py[pid:636;line:140:_train_model] - CRITICAL: current best loglike on valid set is 0.5346 (updated at epoch-49)[0m
[38;20m2026-09-28 07:56:21,934 - tpp_runner.py[pid:636;line:104:_train_model] - INFO: [ Epoch 51 (train) ]: train loglike is 0.6790718481967097, num_events is 66675, mark_ll is -1.4856401665612111, time_ll is 2.164712055036089[0m
[38;20m2026-09-28 07:56:22,374 - tpp_runner.py[pid:636;line:116:_train_model] - INFO: [ Epoch 51 (valid) ]:  valid loglike is 0.5590980091334818, num_events is 17018, mark_ll is -1.4995910163939468, time_ll is 2.058689057805981[0m
[38;20m2026-09-28 07:56:23,227 - tpp_runner.py[pid:636;line:136:_train_model] - INFO: [ Epoch 51 (test) ]: test loglike is 1.086367105527364, num_events is 33655, mark_ll is -1.5077582130777838, time_ll is 2.5941252895882854[0m
[31;1m2026-09-28 07:56:23,227 - tpp_runner.py[pid:636;line:140:_train_model] - CRITICAL: current best loglike on valid set is 0.5591 (updated at epoch-51), best updated at this epoch[0m
[38;20m2026-09-28 07:56:29,527 - tpp_runner.py[pid:636;line:104:_train_model] - INFO: [ Epoch 52 (train) ]: train loglike is 0.6970135907694155, num_events is 66675, mark_ll is -1.4847269542967285, time_ll is 2.181740635692023[0m
[38;20m2026-09-28 07:56:29,956 - tpp_runner.py[pid:636;line:116:_train_model] - INFO: [ Epoch 52 (valid) ]:  valid loglike is 0.5538107912021233, num_events is 17018, mark_ll is -1.5002749200180507, time_ll is 2.05408568432138[0m
[38;20m2026-09-28 07:56:30,821 - tpp_runner.py[pid:636;line:136:_train_model] - INFO: [ Epoch 52 (test) ]: test loglike is 1.1014604730851192, num_events is 33655, mark_ll is -1.5052465642584218, time_ll is 2.6067070373435413[0m
[31;1m2026-09-28 07:56:30,821 - tpp_runner.py[pid:636;line:140:_train_model] - CRITICAL: current best loglike on valid set is 0.5591 (updated at epoch-51)[0m
[38;20m2026-09-28 07:56:37,106 - tpp_runner.py[pid:636;line:104:_train_model] - INFO: [ Epoch 53 (train) ]: train loglike is 0.6974648728601308, num_events is 66675, mark_ll is -1.4837939544666292, time_ll is 2.1812588465504312[0m
[38;20m2026-09-28 07:56:37,531 - tpp_runner.py[pid:636;line:116:_train_model] - INFO: [ Epoch 53 (valid) ]:  valid loglike is 0.5625929120200853, num_events is 17018, mark_ll is -1.5000509714208852, time_ll is 2.062643847575912[0m
[38;20m2026-09-28 07:56:38,398 - tpp_runner.py[pid:636;line:136:_train_model] - INFO: [ Epoch 53 (test) ]: test loglike is 1.1040883163023696, num_events is 33655, mark_ll is -1.507885992457937, time_ll is 2.611974337777169[0m
[31;1m2026-09-28 07:56:38,398 - tpp_runner.py[pid:636;line:140:_train_model] - CRITICAL: current best loglike on valid set is 0.5626 (updated at epoch-53), best updated at this epoch[0m
[38;20m2026-09-28 07:56:44,559 - tpp_runner.py[pid:636;line:104:_train_model] - INFO: [ Epoch 54 (train) ]: train loglike is 0.7030219537987439, num_events is 66675, mark_ll is -1.4819802505155606, time_ll is 2.1850021750210913[0m
[38;20m2026-09-28 07:56:44,995 - tpp_runner.py[pid:636;line:116:_train_model] - INFO: [ Epoch 54 (valid) ]:  valid loglike is 0.5725422019837452, num_events is 17018, mark_ll is -1.4960512355598667, time_ll is 2.0685934662356584[0m
[38;20m2026-09-28 07:56:45,833 - tpp_runner.py[pid:636;line:136:_train_model] - INFO: [ Epoch 54 (test) ]: test loglike is 1.1087918898305182, num_events is 33655, mark_ll is -1.5067652306608417, time_ll is 2.6155571440675605[0m
[31;1m2026-09-28 07:56:45,833 - tpp_runner.py[pid:636;line:140:_train_model] - CRITICAL: current best loglike on valid set is 0.5725 (updated at epoch-54), best updated at this epoch[0m
[38;20m2026-09-28 07:56:52,026 - tpp_runner.py[pid:636;line:104:_train_model] - INFO: [ Epoch 55 (train) ]: train loglike is 0.7057648549546541, num_events is 66675, mark_ll is -1.4822117547806524, time_ll is 2.187976629874391[0m
[38;20m2026-09-28 07:56:52,452 - tpp_runner.py[pid:636;line:116:_train_model] - INFO: [ Epoch 55 (valid) ]:  valid loglike is 0.5653824496316859, num_events is 17018, mark_ll is -1.4981413507366281, time_ll is 2.063523775262773[0m
[38;20m2026-09-28 07:56:53,291 - tpp_runner.py[pid:636;line:136:_train_model] - INFO: [ Epoch 55 (test) ]: test loglike is 1.103341233657703, num_events is 33655, mark_ll is -1.5101237293516008, time_ll is 2.613464926738226[0m
[31;1m2026-09-28 07:56:53,291 - tpp_runner.py[pid:636;line:140:_train_model] - CRITICAL: current best loglike on valid set is 0.5725 (updated at epoch-54)[0m
[38;20m2026-09-28 07:56:59,481 - tpp_runner.py[pid:636;line:104:_train_model] - INFO: [ Epoch 56 (train) ]: train loglike is 0.7136072038236432, num_events is 66675, mark_ll is -1.479274857488517, time_ll is 2.1928820237802307[0m
[38;20m2026-09-28 07:56:59,909 - tpp_runner.py[pid:636;line:116:_train_model] - INFO: [ Epoch 56 (valid) ]:  valid loglike is 0.5657840055841609, num_events is 17018, mark_ll is -1.5009142146826155, time_ll is 2.0666981987477415[0m
[38;20m2026-09-28 07:57:00,765 - tpp_runner.py[pid:636;line:136:_train_model] - INFO: [ Epoch 56 (test) ]: test loglike is 1.1136491348477426, num_events is 33655, mark_ll is -1.5115723454213712, time_ll is 2.6252215437435003[0m
[31;1m2026-09-28 07:57:00,765 - tpp_runner.py[pid:636;line:140:_train_model] - CRITICAL: current best loglike on valid set is 0.5725 (updated at epoch-54)[0m
[38;20m2026-09-28 07:57:06,960 - tpp_runner.py[pid:636;line:104:_train_model] - INFO: [ Epoch 57 (train) ]: train loglike is 0.7285679637335372, num_events is 66675, mark_ll is -1.4820386538596737, time_ll is 2.2106066770950505[0m
[38;20m2026-09-28 07:57:07,390 - tpp_runner.py[pid:636;line:116:_train_model] - INFO: [ Epoch 57 (valid) ]:  valid loglike is 0.5824503726580403, num_events is 17018, mark_ll is -1.4945352841017598, time_ll is 2.0769855670971547[0m
[38;20m2026-09-28 07:57:08,234 - tpp_runner.py[pid:636;line:136:_train_model] - INFO: [ Epoch 57 (test) ]: test loglike is 1.1167338793919923, num_events is 33655, mark_ll is -1.5003651409407035, time_ll is 2.6170990058242647[0m
[31;1m2026-09-28 07:57:08,234 - tpp_runner.py[pid:636;line:140:_train_model] - CRITICAL: current best loglike on valid set is 0.5825 (updated at epoch-57), best updated at this epoch[0m
[38;20m2026-09-28 07:57:14,402 - tpp_runner.py[pid:636;line:104:_train_model] - INFO: [ Epoch 58 (train) ]: train loglike is 0.7376207237400989, num_events is 66675, mark_ll is -1.4799321569178852, time_ll is 2.2175528339719253[0m
[38;20m2026-09-28 07:57:14,829 - tpp_runner.py[pid:636;line:116:_train_model] - INFO: [ Epoch 58 (valid) ]:  valid loglike is 0.5850760715102208, num_events is 17018, mark_ll is -1.4991507441110148, time_ll is 2.084226873005329[0m
[38;20m2026-09-28 07:57:15,674 - tpp_runner.py[pid:636;line:136:_train_model] - INFO: [ Epoch 58 (test) ]: test loglike is 1.115122810605199, num_events is 33655, mark_ll is -1.5028255677439273, time_ll is 2.617948394671111[0m
[31;1m2026-09-28 07:57:15,674 - tpp_runner.py[pid:636;line:140:_train_model] - CRITICAL: current best loglike on valid set is 0.5851 (updated at epoch-58), best updated at this epoch[0m
[38;20m2026-09-28 07:57:21,832 - tpp_runner.py[pid:636;line:104:_train_model] - INFO: [ Epoch 59 (train) ]: train loglike is 0.7372082048093598, num_events is 66675, mark_ll is -1.4795909422455005, time_ll is 2.216799163532293[0m
[38;20m2026-09-28 07:57:22,273 - tpp_runner.py[pid:636;line:116:_train_model] - INFO: [ Epoch 59 (valid) ]:  valid loglike is 0.5865791258933556, num_events is 17018, mark_ll is -1.4996516570345553, time_ll is 2.0862308976960975[0m
[38;20m2026-09-28 07:57:23,124 - tpp_runner.py[pid:636;line:136:_train_model] - INFO: [ Epoch 59 (test) ]: test loglike is 1.1267384908968299, num_events is 33655, mark_ll is -1.510924315463202, time_ll is 2.6376627773431696[0m
[31;1m2026-09-28 07:57:23,124 - tpp_runner.py[pid:636;line:140:_train_model] - CRITICAL: current best loglike on valid set is 0.5866 (updated at epoch-59), best updated at this epoch[0m
[38;20m2026-09-28 07:57:29,268 - tpp_runner.py[pid:636;line:104:_train_model] - INFO: [ Epoch 60 (train) ]: train loglike is 0.7469665660078623, num_events is 66675, mark_ll is -1.4802087544232752, time_ll is 2.227175325008202[0m
[38;20m2026-09-28 07:57:29,694 - tpp_runner.py[pid:636;line:116:_train_model] - INFO: [ Epoch 60 (valid) ]:  valid loglike is 0.5926041472517151, num_events is 17018, mark_ll is -1.4963576164070764, time_ll is 2.0889617134477096[0m
[38;20m2026-09-28 07:57:30,551 - tpp_runner.py[pid:636;line:136:_train_model] - INFO: [ Epoch 60 (test) ]: test loglike is 1.1435070146088295, num_events is 33655, mark_ll is -1.4997851373890396, time_ll is 2.6432921429300995[0m
[31;1m2026-09-28 07:57:30,551 - tpp_runner.py[pid:636;line:140:_train_model] - CRITICAL: current best loglike on valid set is 0.5926 (updated at epoch-60), best updated at this epoch[0m
[38;20m2026-09-28 07:57:36,715 - tpp_runner.py[pid:636;line:104:_train_model] - INFO: [ Epoch 61 (train) ]: train loglike is 0.75645028319214, num_events is 66675, mark_ll is -1.4779777210465879, time_ll is 2.234428028039464[0m
[38;20m2026-09-28 07:57:37,151 - tpp_runner.py[pid:636;line:116:_train_model] - INFO: [ Epoch 61 (valid) ]:  valid loglike is 0.5998712939344095, num_events is 17018, mark_ll is -1.4982981886366642, time_ll is 2.0981694216004745[0m
[38;20m2026-09-28 07:57:37,999 - tpp_runner.py[pid:636;line:136:_train_model] - INFO: [ Epoch 61 (test) ]: test loglike is 1.1465930105052649, num_events is 33655, mark_ll is -1.5071062839787457, time_ll is 2.653699403297244[0m
[31;1m2026-09-28 07:57:37,999 - tpp_runner.py[pid:636;line:140:_train_model] - CRITICAL: current best loglike on valid set is 0.5999 (updated at epoch-61), best updated at this epoch[0m
[38;20m2026-09-28 07:57:44,173 - tpp_runner.py[pid:636;line:104:_train_model] - INFO: [ Epoch 62 (train) ]: train loglike is 0.7517831291596363, num_events is 66675, mark_ll is -1.4780159706599174, time_ll is 2.229799052218082[0m
[38;20m2026-09-28 07:57:44,600 - tpp_runner.py[pid:636;line:116:_train_model] - INFO: [ Epoch 62 (valid) ]:  valid loglike is 0.5735277845459128, num_events is 17018, mark_ll is -1.49301841449816, time_ll is 2.0665462887067187[0m
[38;20m2026-09-28 07:57:45,450 - tpp_runner.py[pid:636;line:136:_train_model] - INFO: [ Epoch 62 (test) ]: test loglike is 1.1434805965692783, num_events is 33655, mark_ll is -1.5004313465391008, time_ll is 2.6439118560577923[0m
[31;1m2026-09-28 07:57:45,450 - tpp_runner.py[pid:636;line:140:_train_model] - CRITICAL: current best loglike on valid set is 0.5999 (updated at epoch-61)[0m
[38;20m2026-09-28 07:57:51,658 - tpp_runner.py[pid:636;line:104:_train_model] - INFO: [ Epoch 63 (train) ]: train loglike is 0.7414087417539604, num_events is 66675, mark_ll is -1.4763765979447883, time_ll is 2.2177853085747095[0m
[38;20m2026-09-28 07:57:52,103 - tpp_runner.py[pid:636;line:116:_train_model] - INFO: [ Epoch 63 (valid) ]:  valid loglike is 0.5973971590254391, num_events is 17018, mark_ll is -1.4992799802621672, time_ll is 2.0966771339078476[0m
[38;20m2026-09-28 07:57:52,951 - tpp_runner.py[pid:636;line:136:_train_model] - INFO: [ Epoch 63 (test) ]: test loglike is 1.1172249172439088, num_events is 33655, mark_ll is -1.5072959345634935, time_ll is 2.6245207284857375[0m
[31;1m2026-09-28 07:57:52,951 - tpp_runner.py[pid:636;line:140:_train_model] - CRITICAL: current best loglike on valid set is 0.5999 (updated at epoch-61)[0m
[38;20m2026-09-28 07:57:59,095 - tpp_runner.py[pid:636;line:104:_train_model] - INFO: [ Epoch 64 (train) ]: train loglike is 0.7425010362474223, num_events is 66675, mark_ll is -1.4748161704396325, time_ll is 2.217317166408886[0m
[38;20m2026-09-28 07:57:59,534 - tpp_runner.py[pid:636;line:116:_train_model] - INFO: [ Epoch 64 (valid) ]:  valid loglike is 0.5807239829702374, num_events is 17018, mark_ll is -1.5000547874630905, time_ll is 2.080778684357188[0m
[38;20m2026-09-28 07:58:00,387 - tpp_runner.py[pid:636;line:136:_train_model] - INFO: [ Epoch 64 (test) ]: test loglike is 1.1496863621762878, num_events is 33655, mark_ll is -1.5092601657675309, time_ll is 2.658946544265804[0m
[31;1m2026-09-28 07:58:00,387 - tpp_runner.py[pid:636;line:140:_train_model] - CRITICAL: current best loglike on valid set is 0.5999 (updated at epoch-61)[0m
[38;20m2026-09-28 07:58:06,620 - tpp_runner.py[pid:636;line:104:_train_model] - INFO: [ Epoch 65 (train) ]: train loglike is 0.7594847653320679, num_events is 66675, mark_ll is -1.476561628526903, time_ll is 2.236046404843926[0m
[38;20m2026-09-28 07:58:07,048 - tpp_runner.py[pid:636;line:116:_train_model] - INFO: [ Epoch 65 (valid) ]:  valid loglike is 0.6273808050609557, num_events is 17018, mark_ll is -1.4941553440199349, time_ll is 2.1215363248196764[0m
[38;20m2026-09-28 07:58:07,901 - tpp_runner.py[pid:636;line:136:_train_model] - INFO: [ Epoch 65 (test) ]: test loglike is 1.1631614303078806, num_events is 33655, mark_ll is -1.5016266780451455, time_ll is 2.664788131929227[0m
[31;1m2026-09-28 07:58:07,901 - tpp_runner.py[pid:636;line:140:_train_model] - CRITICAL: current best loglike on valid set is 0.6274 (updated at epoch-65), best updated at this epoch[0m
[38;20m2026-09-28 07:58:14,184 - tpp_runner.py[pid:636;line:104:_train_model] - INFO: [ Epoch 66 (train) ]: train loglike is 0.7706882605250516, num_events is 66675, mark_ll is -1.4748291473331459, time_ll is 2.2455174279972816[0m
[38;20m2026-09-28 07:58:14,610 - tpp_runner.py[pid:636;line:116:_train_model] - INFO: [ Epoch 66 (valid) ]:  valid loglike is 0.6335427592119832, num_events is 17018, mark_ll is -1.493113299096453, time_ll is 2.1266559399537437[0m
[38;20m2026-09-28 07:58:15,464 - tpp_runner.py[pid:636;line:136:_train_model] - INFO: [ Epoch 66 (test) ]: test loglike is 1.1662233893610254, num_events is 33655, mark_ll is -1.4977394522254772, time_ll is 2.663962885111796[0m
[31;1m2026-09-28 07:58:15,464 - tpp_runner.py[pid:636;line:140:_train_model] - CRITICAL: current best loglike on valid set is 0.6335 (updated at epoch-66), best updated at this epoch[0m
[38;20m2026-09-28 07:58:21,677 - tpp_runner.py[pid:636;line:104:_train_model] - INFO: [ Epoch 67 (train) ]: train loglike is 0.7734668051137162, num_events is 66675, mark_ll is -1.474902764839942, time_ll is 2.2483696532562334[0m
[38;20m2026-09-28 07:58:22,124 - tpp_runner.py[pid:636;line:116:_train_model] - INFO: [ Epoch 67 (valid) ]:  valid loglike is 0.6273966610032392, num_events is 17018, mark_ll is -1.4953532297948313, time_ll is 2.122750027085292[0m
[38;20m2026-09-28 07:58:22,959 - tpp_runner.py[pid:636;line:136:_train_model] - INFO: [ Epoch 67 (test) ]: test loglike is 1.1703424816729497, num_events is 33655, mark_ll is -1.5048216014290223, time_ll is 2.6751641411356966[0m
[31;1m2026-09-28 07:58:22,959 - tpp_runner.py[pid:636;line:140:_train_model] - CRITICAL: current best loglike on valid set is 0.6335 (updated at epoch-66)[0m
[38;20m2026-09-28 07:58:29,196 - tpp_runner.py[pid:636;line:104:_train_model] - INFO: [ Epoch 68 (train) ]: train loglike is 0.7814786957782621, num_events is 66675, mark_ll is -1.4749337717062712, time_ll is 2.2564124015748033[0m
[38;20m2026-09-28 07:58:29,623 - tpp_runner.py[pid:636;line:116:_train_model] - INFO: [ Epoch 68 (valid) ]:  valid loglike is 0.6195541760212303, num_events is 17018, mark_ll is -1.4974372622577015, time_ll is 2.116991432899173[0m
[38;20m2026-09-28 07:58:30,463 - tpp_runner.py[pid:636;line:136:_train_model] - INFO: [ Epoch 68 (test) ]: test loglike is 1.1763405609017512, num_events is 33655, mark_ll is -1.506352226405809, time_ll is 2.6826929070021173[0m
[31;1m2026-09-28 07:58:30,463 - tpp_runner.py[pid:636;line:140:_train_model] - CRITICAL: current best loglike on valid set is 0.6335 (updated at epoch-66)[0m
[38;20m2026-09-28 07:58:36,682 - tpp_runner.py[pid:636;line:104:_train_model] - INFO: [ Epoch 69 (train) ]: train loglike is 0.789693940845285, num_events is 66675, mark_ll is -1.4758564969417884, time_ll is 2.265550522005062[0m
[38;20m2026-09-28 07:58:37,117 - tpp_runner.py[pid:636;line:116:_train_model] - INFO: [ Epoch 69 (valid) ]:  valid loglike is 0.6399882266490352, num_events is 17018, mark_ll is -1.4958089383988644, time_ll is 2.1357970538662188[0m
[38;20m2026-09-28 07:58:37,966 - tpp_runner.py[pid:636;line:136:_train_model] - INFO: [ Epoch 69 (test) ]: test loglike is 1.177072797794254, num_events is 33655, mark_ll is -1.5023525856345639, time_ll is 2.679425448716758[0m
[31;1m2026-09-28 07:58:37,966 - tpp_runner.py[pid:636;line:140:_train_model] - CRITICAL: current best loglike on valid set is 0.6400 (updated at epoch-69), best updated at this epoch[0m
[38;20m2026-09-28 07:58:44,142 - tpp_runner.py[pid:636;line:104:_train_model] - INFO: [ Epoch 70 (train) ]: train loglike is 0.7895528610681477, num_events is 66675, mark_ll is -1.475539837305493, time_ll is 2.265092727666854[0m
[38;20m2026-09-28 07:58:44,568 - tpp_runner.py[pid:636;line:116:_train_model] - INFO: [ Epoch 70 (valid) ]:  valid loglike is 0.645823324591058, num_events is 17018, mark_ll is -1.4968063600167838, time_ll is 2.142629770683982[0m
[38;20m2026-09-28 07:58:45,416 - tpp_runner.py[pid:636;line:136:_train_model] - INFO: [ Epoch 70 (test) ]: test loglike is 1.1820616977563, num_events is 33655, mark_ll is -1.5041381056109326, time_ll is 2.686199834197649[0m
[31;1m2026-09-28 07:58:45,416 - tpp_runner.py[pid:636;line:140:_train_model] - CRITICAL: current best loglike on valid set is 0.6458 (updated at epoch-70), best updated at this epoch[0m
[38;20m2026-09-28 07:58:51,568 - tpp_runner.py[pid:636;line:104:_train_model] - INFO: [ Epoch 71 (train) ]: train loglike is 0.7956043189913761, num_events is 66675, mark_ll is -1.4752315482049119, time_ll is 2.27083589282785[0m
[38;20m2026-09-28 07:58:51,999 - tpp_runner.py[pid:636;line:116:_train_model] - INFO: [ Epoch 71 (valid) ]:  valid loglike is 0.6280253252645177, num_events is 17018, mark_ll is -1.4976280930600137, time_ll is 2.1256533322483913[0m
[38;20m2026-09-28 07:58:52,845 - tpp_runner.py[pid:636;line:136:_train_model] - INFO: [ Epoch 71 (test) ]: test loglike is 1.190730039227896, num_events is 33655, mark_ll is -1.5065509048618333, time_ll is 2.6972810474623015[0m
[31;1m2026-09-28 07:58:52,845 - tpp_runner.py[pid:636;line:140:_train_model] - CRITICAL: current best loglike on valid set is 0.6458 (updated at epoch-70)[0m
[38;20m2026-09-28 07:58:59,004 - tpp_runner.py[pid:636;line:104:_train_model] - INFO: [ Epoch 72 (train) ]: train loglike is 0.7995706933117736, num_events is 66675, mark_ll is -1.4768018768161792, time_ll is 2.276372544496391[0m
[38;20m2026-09-28 07:58:59,430 - tpp_runner.py[pid:636;line:116:_train_model] - INFO: [ Epoch 72 (valid) ]:  valid loglike is 0.6301424127583891, num_events is 17018, mark_ll is -1.4967655312343915, time_ll is 2.126907891988446[0m
[38;20m2026-09-28 07:59:00,276 - tpp_runner.py[pid:636;line:136:_train_model] - INFO: [ Epoch 72 (test) ]: test loglike is 1.1880970074329595, num_events is 33655, mark_ll is -1.5067279911452143, time_ll is 2.694825031222144[0m
[31;1m2026-09-28 07:59:00,276 - tpp_runner.py[pid:636;line:140:_train_model] - CRITICAL: current best loglike on valid set is 0.6458 (updated at epoch-70)[0m
[38;20m2026-09-28 07:59:06,416 - tpp_runner.py[pid:636;line:104:_train_model] - INFO: [ Epoch 73 (train) ]: train loglike is 0.8034851637197694, num_events is 66675, mark_ll is -1.4770828792885264, time_ll is 2.280567962451959[0m
[38;20m2026-09-28 07:59:06,849 - tpp_runner.py[pid:636;line:116:_train_model] - INFO: [ Epoch 73 (valid) ]:  valid loglike is 0.6371416402824169, num_events is 17018, mark_ll is -1.4967200902054993, time_ll is 2.133861581647924[0m
[38;20m2026-09-28 07:59:07,707 - tpp_runner.py[pid:636;line:136:_train_model] - INFO: [ Epoch 73 (test) ]: test loglike is 1.2007379677228032, num_events is 33655, mark_ll is -1.5016394382103329, time_ll is 2.7023773442723034[0m
[31;1m2026-09-28 07:59:07,707 - tpp_runner.py[pid:636;line:140:_train_model] - CRITICAL: current best loglike on valid set is 0.6458 (updated at epoch-70)[0m
[38;20m2026-09-28 07:59:13,914 - tpp_runner.py[pid:636;line:104:_train_model] - INFO: [ Epoch 74 (train) ]: train loglike is 0.8072723221609017, num_events is 66675, mark_ll is -1.4754471792100206, time_ll is 2.282719552634046[0m
[38;20m2026-09-28 07:59:14,342 - tpp_runner.py[pid:636;line:116:_train_model] - INFO: [ Epoch 74 (valid) ]:  valid loglike is 0.6488377558441109, num_events is 17018, mark_ll is -1.4988648780771647, time_ll is 2.147702682339104[0m
[38;20m2026-09-28 07:59:15,186 - tpp_runner.py[pid:636;line:136:_train_model] - INFO: [ Epoch 74 (test) ]: test loglike is 1.200152267798363, num_events is 33655, mark_ll is -1.5075040217371118, time_ll is 2.7076562587050588[0m
[31;1m2026-09-28 07:59:15,186 - tpp_runner.py[pid:636;line:140:_train_model] - CRITICAL: current best loglike on valid set is 0.6488 (updated at epoch-74), best updated at this epoch[0m
[38;20m2026-09-28 07:59:21,335 - tpp_runner.py[pid:636;line:104:_train_model] - INFO: [ Epoch 75 (train) ]: train loglike is 0.8006009795650544, num_events is 66675, mark_ll is -1.475974186088067, time_ll is 2.2765752388861547[0m
[38;20m2026-09-28 07:59:21,764 - tpp_runner.py[pid:636;line:116:_train_model] - INFO: [ Epoch 75 (valid) ]:  valid loglike is 0.6551130740647311, num_events is 17018, mark_ll is -1.497476735340889, time_ll is 2.1525898918952544[0m
[38;20m2026-09-28 07:59:22,614 - tpp_runner.py[pid:636;line:136:_train_model] - INFO: [ Epoch 75 (test) ]: test loglike is 1.203495799228848, num_events is 33655, mark_ll is -1.5063552913118872, time_ll is 2.709851144947352[0m
[31;1m2026-09-28 07:59:22,614 - tpp_runner.py[pid:636;line:140:_train_model] - CRITICAL: current best loglike on valid set is 0.6551 (updated at epoch-75), best updated at this epoch[0m
[38;20m2026-09-28 07:59:28,809 - tpp_runner.py[pid:636;line:104:_train_model] - INFO: [ Epoch 76 (train) ]: train loglike is 0.8099633798216629, num_events is 66675, mark_ll is -1.4756459300009375, time_ll is 2.285609262221129[0m
[38;20m2026-09-28 07:59:29,249 - tpp_runner.py[pid:636;line:116:_train_model] - INFO: [ Epoch 76 (valid) ]:  valid loglike is 0.6346363529837892, num_events is 17018, mark_ll is -1.4956826144904476, time_ll is 2.1303189674742367[0m
[38;20m2026-09-28 07:59:30,103 - tpp_runner.py[pid:636;line:136:_train_model] - INFO: [ Epoch 76 (test) ]: test loglike is 1.1942340919405086, num_events is 33655, mark_ll is -1.5035656790874312, time_ll is 2.697799883468281[0m
[31;1m2026-09-28 07:59:30,103 - tpp_runner.py[pid:636;line:140:_train_model] - CRITICAL: current best loglike on valid set is 0.6551 (updated at epoch-75)[0m
[38;20m2026-09-28 07:59:36,283 - tpp_runner.py[pid:636;line:104:_train_model] - INFO: [ Epoch 77 (train) ]: train loglike is 0.8082989980256374, num_events is 66675, mark_ll is -1.474779059599972, time_ll is 2.2830780576256093[0m
[38;20m2026-09-28 07:59:36,719 - tpp_runner.py[pid:636;line:116:_train_model] - INFO: [ Epoch 77 (valid) ]:  valid loglike is 0.66254379769192, num_events is 17018, mark_ll is -1.4975848326266674, time_ll is 2.1601286912891866[0m
[38;20m2026-09-28 07:59:37,560 - tpp_runner.py[pid:636;line:136:_train_model] - INFO: [ Epoch 77 (test) ]: test loglike is 1.190948367540345, num_events is 33655, mark_ll is -1.5062591584471567, time_ll is 2.697207475207993[0m
[31;1m2026-09-28 07:59:37,560 - tpp_runner.py[pid:636;line:140:_train_model] - CRITICAL: current best loglike on valid set is 0.6625 (updated at epoch-77), best updated at this epoch[0m
[38;20m2026-09-28 07:59:43,746 - tpp_runner.py[pid:636;line:104:_train_model] - INFO: [ Epoch 78 (train) ]: train loglike is 0.8106480812212926, num_events is 66675, mark_ll is -1.4753889186703224, time_ll is 2.2860370017224407[0m
[38;20m2026-09-28 07:59:44,173 - tpp_runner.py[pid:636;line:116:_train_model] - INFO: [ Epoch 78 (valid) ]:  valid loglike is 0.6602157877900651, num_events is 17018, mark_ll is -1.4968826880339017, time_ll is 2.1570985385878187[0m
[38;20m2026-09-28 07:59:45,028 - tpp_runner.py[pid:636;line:136:_train_model] - INFO: [ Epoch 78 (test) ]: test loglike is 1.2116926457052724, num_events is 33655, mark_ll is -1.5038935115974594, time_ll is 2.715586139167193[0m
[31;1m2026-09-28 07:59:45,028 - tpp_runner.py[pid:636;line:140:_train_model] - CRITICAL: current best loglike on valid set is 0.6625 (updated at epoch-77)[0m
[38;20m2026-09-28 07:59:51,200 - tpp_runner.py[pid:636;line:104:_train_model] - INFO: [ Epoch 79 (train) ]: train loglike is 0.8219332642013498, num_events is 66675, mark_ll is -1.4753245358490346, time_ll is 2.2972577414639574[0m
[38;20m2026-09-28 07:59:51,626 - tpp_runner.py[pid:636;line:116:_train_model] - INFO: [ Epoch 79 (valid) ]:  valid loglike is 0.6680609698244597, num_events is 17018, mark_ll is -1.4978431040846456, time_ll is 2.1659041348797046[0m
[38;20m2026-09-28 07:59:52,478 - tpp_runner.py[pid:636;line:136:_train_model] - INFO: [ Epoch 79 (test) ]: test loglike is 1.209730097479247, num_events is 33655, mark_ll is -1.5043035234885698, time_ll is 2.714033620967817[0m
[31;1m2026-09-28 07:59:52,478 - tpp_runner.py[pid:636;line:140:_train_model] - CRITICAL: current best loglike on valid set is 0.6681 (updated at epoch-79), best updated at this epoch[0m
[38;20m2026-09-28 07:59:58,627 - tpp_runner.py[pid:636;line:104:_train_model] - INFO: [ Epoch 80 (train) ]: train loglike is 0.8157640420679837, num_events is 66675, mark_ll is -1.4752834191624484, time_ll is 2.291047474046213[0m
[38;20m2026-09-28 07:59:59,050 - tpp_runner.py[pid:636;line:116:_train_model] - INFO: [ Epoch 80 (valid) ]:  valid loglike is 0.6642011112773974, num_events is 17018, mark_ll is -1.4977239603609047, time_ll is 2.1619250142542086[0m
[38;20m2026-09-28 07:59:59,906 - tpp_runner.py[pid:636;line:136:_train_model] - INFO: [ Epoch 80 (test) ]: test loglike is 1.208857498769685, num_events is 33655, mark_ll is -1.5047558056938048, time_ll is 2.7136133624972145[0m
[31;1m2026-09-28 07:59:59,906 - tpp_runner.py[pid:636;line:140:_train_model] - CRITICAL: current best loglike on valid set is 0.6681 (updated at epoch-79)[0m
[38;20m2026-09-28 08:00:06,075 - tpp_runner.py[pid:636;line:104:_train_model] - INFO: [ Epoch 81 (train) ]: train loglike is 0.8186811646102831, num_events is 66675, mark_ll is -1.474756368344582, time_ll is 2.2934375732330334[0m
[38;20m2026-09-28 08:00:06,518 - tpp_runner.py[pid:636;line:116:_train_model] - INFO: [ Epoch 81 (valid) ]:  valid loglike is 0.6716575609109197, num_events is 17018, mark_ll is -1.4976211137196644, time_ll is 2.169278613659985[0m
[38;20m2026-09-28 08:00:07,369 - tpp_runner.py[pid:636;line:136:_train_model] - INFO: [ Epoch 81 (test) ]: test loglike is 1.207656284094813, num_events is 33655, mark_ll is -1.5049842699589586, time_ll is 2.712640601206173[0m
[31;1m2026-09-28 08:00:07,369 - tpp_runner.py[pid:636;line:140:_train_model] - CRITICAL: current best loglike on valid set is 0.6717 (updated at epoch-81), best updated at this epoch[0m
[38;20m2026-09-28 08:00:13,613 - tpp_runner.py[pid:636;line:104:_train_model] - INFO: [ Epoch 82 (train) ]: train loglike is 0.819500008787964, num_events is 66675, mark_ll is -1.47499997803009, time_ll is 2.294499953863189[0m
[38;20m2026-09-28 08:00:14,061 - tpp_runner.py[pid:636;line:116:_train_model] - INFO: [ Epoch 82 (valid) ]:  valid loglike is 0.6643585301913782, num_events is 17018, mark_ll is -1.497801278253632, time_ll is 2.162159693676824[0m
[38;20m2026-09-28 08:00:14,891 - tpp_runner.py[pid:636;line:136:_train_model] - INFO: [ Epoch 82 (test) ]: test loglike is 1.206808487548284, num_events is 33655, mark_ll is -1.5049235412933164, time_ll is 2.711732068739786[0m
[31;1m2026-09-28 08:00:14,891 - tpp_runner.py[pid:636;line:140:_train_model] - CRITICAL: current best loglike on valid set is 0.6717 (updated at epoch-81)[0m
[38;20m2026-09-28 08:00:21,110 - tpp_runner.py[pid:636;line:104:_train_model] - INFO: [ Epoch 83 (train) ]: train loglike is 0.8235728511231017, num_events is 66675, mark_ll is -1.4750108494738938, time_ll is 2.298583687781215[0m
[38;20m2026-09-28 08:00:21,550 - tpp_runner.py[pid:636;line:116:_train_model] - INFO: [ Epoch 83 (valid) ]:  valid loglike is 0.665295354206759, num_events is 17018, mark_ll is -1.4967585877591008, time_ll is 2.1620539491388713[0m
[38;20m2026-09-28 08:00:22,401 - tpp_runner.py[pid:636;line:136:_train_model] - INFO: [ Epoch 83 (test) ]: test loglike is 1.215858839638891, num_events is 33655, mark_ll is -1.503750171924909, time_ll is 2.7196090804788478[0m
[31;1m2026-09-28 08:00:22,401 - tpp_runner.py[pid:636;line:140:_train_model] - CRITICAL: current best loglike on valid set is 0.6717 (updated at epoch-81)[0m
[38;20m2026-09-28 08:00:28,666 - tpp_runner.py[pid:636;line:104:_train_model] - INFO: [ Epoch 84 (train) ]: train loglike is 0.8242042095812242, num_events is 66675, mark_ll is -1.474470005214192, time_ll is 2.298674170855596[0m
[38;20m2026-09-28 08:00:29,100 - tpp_runner.py[pid:636;line:116:_train_model] - INFO: [ Epoch 84 (valid) ]:  valid loglike is 0.6578668936647502, num_events is 17018, mark_ll is -1.4974747986277397, time_ll is 2.1553416384949022[0m
[38;20m2026-09-28 08:00:29,935 - tpp_runner.py[pid:636;line:136:_train_model] - INFO: [ Epoch 84 (test) ]: test loglike is 1.2128895259863413, num_events is 33655, mark_ll is -1.5044556407619596, time_ll is 2.717345163121193[0m
[31;1m2026-09-28 08:00:29,935 - tpp_runner.py[pid:636;line:140:_train_model] - CRITICAL: current best loglike on valid set is 0.6717 (updated at epoch-81)[0m
[38;20m2026-09-28 08:00:36,206 - tpp_runner.py[pid:636;line:104:_train_model] - INFO: [ Epoch 85 (train) ]: train loglike is 0.8255701960594769, num_events is 66675, mark_ll is -1.474895251130718, time_ll is 2.3004653739571617[0m
[38;20m2026-09-28 08:00:36,628 - tpp_runner.py[pid:636;line:116:_train_model] - INFO: [ Epoch 85 (valid) ]:  valid loglike is 0.6565859838663474, num_events is 17018, mark_ll is -1.4981702794926695, time_ll is 2.1547562705320287[0m
[38;20m2026-09-28 08:00:37,482 - tpp_runner.py[pid:636;line:136:_train_model] - INFO: [ Epoch 85 (test) ]: test loglike is 1.2161973539813455, num_events is 33655, mark_ll is -1.5051051759698597, time_ll is 2.7213026568999776[0m
[31;1m2026-09-28 08:00:37,482 - tpp_runner.py[pid:636;line:140:_train_model] - CRITICAL: current best loglike on valid set is 0.6717 (updated at epoch-81)[0m
[38;20m2026-09-28 08:00:43,694 - tpp_runner.py[pid:636;line:104:_train_model] - INFO: [ Epoch 86 (train) ]: train loglike is 0.8280937002015373, num_events is 66675, mark_ll is -1.474784471521138, time_ll is 2.302878153414417[0m
[38;20m2026-09-28 08:00:44,130 - tpp_runner.py[pid:636;line:116:_train_model] - INFO: [ Epoch 86 (valid) ]:  valid loglike is 0.6693093500149657, num_events is 17018, mark_ll is -1.498085702512138, time_ll is 2.1673949664509635[0m
[38;20m2026-09-28 08:00:45,330 - tpp_runner.py[pid:636;line:136:_train_model] - INFO: [ Epoch 86 (test) ]: test loglike is 1.2117180953070448, num_events is 33655, mark_ll is -1.5049435738096122, time_ll is 2.7166617144555043[0m
[31;1m2026-09-28 08:00:45,330 - tpp_runner.py[pid:636;line:140:_train_model] - CRITICAL: current best loglike on valid set is 0.6717 (updated at epoch-81)[0m
[38;20m2026-09-28 08:00:51,518 - tpp_runner.py[pid:636;line:104:_train_model] - INFO: [ Epoch 87 (train) ]: train loglike is 0.8344816126499812, num_events is 66675, mark_ll is -1.474781963289745, time_ll is 2.309263612556243[0m
[38;20m2026-09-28 08:00:51,943 - tpp_runner.py[pid:636;line:116:_train_model] - INFO: [ Epoch 87 (valid) ]:  valid loglike is 0.6599113884873278, num_events is 17018, mark_ll is -1.497923585275517, time_ll is 2.1578350203874206[0m
[38;20m2026-09-28 08:00:52,801 - tpp_runner.py[pid:636;line:136:_train_model] - INFO: [ Epoch 87 (test) ]: test loglike is 1.2081607966521506, num_events is 33655, mark_ll is -1.504991582208253, time_ll is 2.7131524078772657[0m
[31;1m2026-09-28 08:00:52,801 - tpp_runner.py[pid:636;line:140:_train_model] - CRITICAL: current best loglike on valid set is 0.6717 (updated at epoch-81)[0m
[38;20m2026-09-28 08:00:59,147 - tpp_runner.py[pid:636;line:104:_train_model] - INFO: [ Epoch 88 (train) ]: train loglike is 0.829172583895763, num_events is 66675, mark_ll is -1.4746195983314585, time_ll is 2.3037922261670416[0m
[38;20m2026-09-28 08:00:59,559 - tpp_runner.py[pid:636;line:116:_train_model] - INFO: [ Epoch 88 (valid) ]:  valid loglike is 0.6778788466279271, num_events is 17018, mark_ll is -1.4981312009251233, time_ll is 2.1760099973419686[0m
[38;20m2026-09-28 08:01:00,411 - tpp_runner.py[pid:636;line:136:_train_model] - INFO: [ Epoch 88 (test) ]: test loglike is 1.2168235233608955, num_events is 33655, mark_ll is -1.5046269599439626, time_ll is 2.7214504397795647[0m
[31;1m2026-09-28 08:01:00,411 - tpp_runner.py[pid:636;line:140:_train_model] - CRITICAL: current best loglike on valid set is 0.6779 (updated at epoch-88), best updated at this epoch[0m
[38;20m2026-09-28 08:01:06,684 - tpp_runner.py[pid:636;line:104:_train_model] - INFO: [ Epoch 89 (train) ]: train loglike is 0.8263114205450881, num_events is 66675, mark_ll is -1.4745610485212786, time_ll is 2.30087247638967[0m
[38;20m2026-09-28 08:01:07,106 - tpp_runner.py[pid:636;line:116:_train_model] - INFO: [ Epoch 89 (valid) ]:  valid loglike is 0.6545717717057629, num_events is 17018, mark_ll is -1.498190450001469, time_ll is 2.1527621948084383[0m
[38;20m2026-09-28 08:01:07,946 - tpp_runner.py[pid:636;line:136:_train_model] - INFO: [ Epoch 89 (test) ]: test loglike is 1.213834866342529, num_events is 33655, mark_ll is -1.5043270851807402, time_ll is 2.7181619660317002[0m
[31;1m2026-09-28 08:01:07,946 - tpp_runner.py[pid:636;line:140:_train_model] - CRITICAL: current best loglike on valid set is 0.6779 (updated at epoch-88)[0m
[38;20m2026-09-28 08:01:14,192 - tpp_runner.py[pid:636;line:104:_train_model] - INFO: [ Epoch 90 (train) ]: train loglike is 0.8274689125773341, num_events is 66675, mark_ll is -1.4742647513299119, time_ll is 2.301733656583943[0m
[38;20m2026-09-28 08:01:14,622 - tpp_runner.py[pid:636;line:116:_train_model] - INFO: [ Epoch 90 (valid) ]:  valid loglike is 0.6610723189061306, num_events is 17018, mark_ll is -1.4982100897074053, time_ll is 2.1592823763349838[0m
[38;20m2026-09-28 08:01:15,474 - tpp_runner.py[pid:636;line:136:_train_model] - INFO: [ Epoch 90 (test) ]: test loglike is 1.2211107720168344, num_events is 33655, mark_ll is -1.5050026013617033, time_ll is 2.7261133770056456[0m
[31;1m2026-09-28 08:01:15,805 - tpp_runner.py[pid:636;line:140:_train_model] - CRITICAL: current best loglike on valid set is 0.6779 (updated at epoch-88)[0m
[38;20m2026-09-28 08:01:22,095 - tpp_runner.py[pid:636;line:104:_train_model] - INFO: [ Epoch 91 (train) ]: train loglike is 0.8293479001160011, num_events is 66675, mark_ll is -1.4744569843808586, time_ll is 2.303804961391545[0m
[38;20m2026-09-28 08:01:22,523 - tpp_runner.py[pid:636;line:116:_train_model] - INFO: [ Epoch 91 (valid) ]:  valid loglike is 0.6747523675529219, num_events is 17018, mark_ll is -1.4979961904995813, time_ll is 2.1727485365334682[0m
[38;20m2026-09-28 08:01:23,375 - tpp_runner.py[pid:636;line:136:_train_model] - INFO: [ Epoch 91 (test) ]: test loglike is 1.2126297996791895, num_events is 33655, mark_ll is -1.504770807411603, time_ll is 2.717400549057068[0m
[31;1m2026-09-28 08:01:23,375 - tpp_runner.py[pid:636;line:140:_train_model] - CRITICAL: current best loglike on valid set is 0.6779 (updated at epoch-88)[0m
[38;20m2026-09-28 08:01:29,602 - tpp_runner.py[pid:636;line:104:_train_model] - INFO: [ Epoch 92 (train) ]: train loglike is 0.8282158492395482, num_events is 66675, mark_ll is -1.4745633040987065, time_ll is 2.3027791643232094[0m
[38;20m2026-09-28 08:01:30,031 - tpp_runner.py[pid:636;line:116:_train_model] - INFO: [ Epoch 92 (valid) ]:  valid loglike is 0.684358482706041, num_events is 17018, mark_ll is -1.4983869474829958, time_ll is 2.1827454337755428[0m
[38;20m2026-09-28 08:01:30,886 - tpp_runner.py[pid:636;line:136:_train_model] - INFO: [ Epoch 92 (test) ]: test loglike is 1.2203671877176265, num_events is 33655, mark_ll is -1.5046805504614842, time_ll is 2.725047805280605[0m
[31;1m2026-09-28 08:01:31,677 - tpp_runner.py[pid:636;line:140:_train_model] - CRITICAL: current best loglike on valid set is 0.6844 (updated at epoch-92), best updated at this epoch[0m
[38;20m2026-09-28 08:01:37,913 - tpp_runner.py[pid:636;line:104:_train_model] - INFO: [ Epoch 93 (train) ]: train loglike is 0.8326693184348051, num_events is 66675, mark_ll is -1.4746057975663198, time_ll is 2.307275123324428[0m
[38;20m2026-09-28 08:01:38,340 - tpp_runner.py[pid:636;line:116:_train_model] - INFO: [ Epoch 93 (valid) ]:  valid loglike is 0.6622307029057928, num_events is 17018, mark_ll is -1.498145819522895, time_ll is 2.160376690994462[0m
[38;20m2026-09-28 08:01:39,192 - tpp_runner.py[pid:636;line:136:_train_model] - INFO: [ Epoch 93 (test) ]: test loglike is 1.2161817284010084, num_events is 33655, mark_ll is -1.504519771654704, time_ll is 2.7207015000557124[0m
[31;1m2026-09-28 08:01:39,192 - tpp_runner.py[pid:636;line:140:_train_model] - CRITICAL: current best loglike on valid set is 0.6844 (updated at epoch-92)[0m
[38;20m2026-09-28 08:01:45,380 - tpp_runner.py[pid:636;line:104:_train_model] - INFO: [ Epoch 94 (train) ]: train loglike is 0.8341893908769217, num_events is 66675, mark_ll is -1.474417211520435, time_ll is 2.3086065804274467[0m
[38;20m2026-09-28 08:01:45,810 - tpp_runner.py[pid:636;line:116:_train_model] - INFO: [ Epoch 94 (valid) ]:  valid loglike is 0.6647519770541669, num_events is 17018, mark_ll is -1.4982485083578785, time_ll is 2.1630005427961385[0m
[38;20m2026-09-28 08:01:46,654 - tpp_runner.py[pid:636;line:136:_train_model] - INFO: [ Epoch 94 (test) ]: test loglike is 1.2064443821468531, num_events is 33655, mark_ll is -1.504664888610069, time_ll is 2.7111093015873386[0m
[31;1m2026-09-28 08:01:46,654 - tpp_runner.py[pid:636;line:140:_train_model] - CRITICAL: current best loglike on valid set is 0.6844 (updated at epoch-92)[0m
[38;20m2026-09-28 08:01:52,894 - tpp_runner.py[pid:636;line:104:_train_model] - INFO: [ Epoch 95 (train) ]: train loglike is 0.8356816878603065, num_events is 66675, mark_ll is -1.474480964537636, time_ll is 2.3101626725370266[0m
[38;20m2026-09-28 08:01:53,315 - tpp_runner.py[pid:636;line:116:_train_model] - INFO: [ Epoch 95 (valid) ]:  valid loglike is 0.6638919239893744, num_events is 17018, mark_ll is -1.498352072300285, time_ll is 2.1622438259306325[0m
[38;20m2026-09-28 08:01:54,162 - tpp_runner.py[pid:636;line:136:_train_model] - INFO: [ Epoch 95 (test) ]: test loglike is 1.2138555118400405, num_events is 33655, mark_ll is -1.5048422686891807, time_ll is 2.7186978712069156[0m
[31;1m2026-09-28 08:01:54,162 - tpp_runner.py[pid:636;line:140:_train_model] - CRITICAL: current best loglike on valid set is 0.6844 (updated at epoch-92)[0m
[38;20m2026-09-28 08:02:00,324 - tpp_runner.py[pid:636;line:104:_train_model] - INFO: [ Epoch 96 (train) ]: train loglike is 0.8292938230133343, num_events is 66675, mark_ll is -1.4744856001886484, time_ll is 2.3037795129124485[0m
[38;20m2026-09-28 08:02:00,752 - tpp_runner.py[pid:636;line:116:_train_model] - INFO: [ Epoch 96 (valid) ]:  valid loglike is 0.6660372785289611, num_events is 17018, mark_ll is -1.4983391393602545, time_ll is 2.1643765057586086[0m
[38;20m2026-09-28 08:02:01,603 - tpp_runner.py[pid:636;line:136:_train_model] - INFO: [ Epoch 96 (test) ]: test loglike is 1.2198581176993575, num_events is 33655, mark_ll is -1.5047982029567022, time_ll is 2.7246563097747365[0m
[31;1m2026-09-28 08:02:01,603 - tpp_runner.py[pid:636;line:140:_train_model] - CRITICAL: current best loglike on valid set is 0.6844 (updated at epoch-92)[0m
[38;20m2026-09-28 08:02:07,762 - tpp_runner.py[pid:636;line:104:_train_model] - INFO: [ Epoch 97 (train) ]: train loglike is 0.8296593327445397, num_events is 66675, mark_ll is -1.4744351792451724, time_ll is 2.3040945467754033[0m
[38;20m2026-09-28 08:02:08,192 - tpp_runner.py[pid:636;line:116:_train_model] - INFO: [ Epoch 97 (valid) ]:  valid loglike is 0.6751965383676934, num_events is 17018, mark_ll is -1.4983245351085064, time_ll is 2.1735209336024726[0m
[38;20m2026-09-28 08:02:09,040 - tpp_runner.py[pid:636;line:136:_train_model] - INFO: [ Epoch 97 (test) ]: test loglike is 1.2147190445936944, num_events is 33655, mark_ll is -1.5047723960848127, time_ll is 2.719491409848091[0m
[31;1m2026-09-28 08:02:09,040 - tpp_runner.py[pid:636;line:140:_train_model] - CRITICAL: current best loglike on valid set is 0.6844 (updated at epoch-92)[0m
[38;20m2026-09-28 08:02:15,299 - tpp_runner.py[pid:636;line:104:_train_model] - INFO: [ Epoch 98 (train) ]: train loglike is 0.8306514517716536, num_events is 66675, mark_ll is -1.4744177021817586, time_ll is 2.3050691173368953[0m
[38;20m2026-09-28 08:02:15,727 - tpp_runner.py[pid:636;line:116:_train_model] - INFO: [ Epoch 98 (valid) ]:  valid loglike is 0.6703154545635045, num_events is 17018, mark_ll is -1.498316235934011, time_ll is 2.1686317371220913[0m
[38;20m2026-09-28 08:02:16,582 - tpp_runner.py[pid:636;line:136:_train_model] - INFO: [ Epoch 98 (test) ]: test loglike is 1.2291380584585314, num_events is 33655, mark_ll is -1.5047683010801236, time_ll is 2.733906413945272[0m
[31;1m2026-09-28 08:02:16,582 - tpp_runner.py[pid:636;line:140:_train_model] - CRITICAL: current best loglike on valid set is 0.6844 (updated at epoch-92)[0m
[38;20m2026-09-28 08:02:22,829 - tpp_runner.py[pid:636;line:104:_train_model] - INFO: [ Epoch 99 (train) ]: train loglike is 0.827486422595613, num_events is 66675, mark_ll is -1.474415322108174, time_ll is 2.3019018069518653[0m
[38;20m2026-09-28 08:02:23,259 - tpp_runner.py[pid:636;line:116:_train_model] - INFO: [ Epoch 99 (valid) ]:  valid loglike is 0.6642283328566628, num_events is 17018, mark_ll is -1.4983148730617948, time_ll is 2.162543177226411[0m
[38;20m2026-09-28 08:02:24,106 - tpp_runner.py[pid:636;line:136:_train_model] - INFO: [ Epoch 99 (test) ]: test loglike is 1.215948233337357, num_events is 33655, mark_ll is -1.504767517624842, time_ll is 2.7207158126230313[0m
[31;1m2026-09-28 08:02:24,106 - tpp_runner.py[pid:636;line:140:_train_model] - CRITICAL: current best loglike on valid set is 0.6844 (updated at epoch-92)[0m
[38;20m2026-09-28 08:02:24,106 - base_runner.py[pid:636;line:118:train] - INFO: End AttNHP train! Cost time: 12.568m[0m
RESULT {"model": "AttNHP", "dataset": "lob_aapl", "seed": 2019, "ll_per_event": 1.2203671877176265, "mark_ll": -1.5046805504614842, "time_ll": 2.725047805280605, "val_ll": 0.684358482706041, "best_epoch": 92, "n_params": 20044, "seconds": 754.7918436527252, "max_epoch": 100, "batch_size": 64}
