
=== Mon Sep 28 17:52:56 2026 attempt 1: D:\Quant\.venv\Scripts\python.exe -u -m infodiff.baselines.easytpp_runner AttNHP lob_msft 6 2019 100 64
[31;1m2026-09-28 17:52:57,710 - config.py[pid:21600;line:33:build_from_yaml_file] - CRITICAL: Load pipeline config class RunnerConfig[0m
[31;1m2026-09-28 17:52:57,710 - runner_config.py[pid:21600;line:205:update_config] - CRITICAL: train model AttNHP using GPU with torch backend[0m
[38;20m2026-09-28 17:52:57,714 - runner_config.py[pid:21600;line:45:__init__] - INFO: Save the config to D:\Quant\results\easytpp\checkpoints/lob_msft/AttNHP/train_2026_09_28_17_52_57\AttNHP_train_output.yaml[0m
[38;20m2026-09-28 17:52:57,714 - base_runner.py[pid:21600;line:193:save_log] - INFO: Save the log to D:\Quant\results\easytpp\checkpoints/lob_msft/AttNHP/train_2026_09_28_17_52_57\log[0m
0.057202864041665524 0.2894569117098711
min_dt: 7.275957614183426e-12
max_dt: 12.213735631004965
[38;20m2026-09-28 17:53:01,755 - tpp_runner.py[pid:21600;line:62:_init_model] - INFO: Num of model parameters 20044[0m
[38;20m2026-09-28 17:53:02,544 - base_runner.py[pid:21600;line:103:train] - INFO: Data 'lob_msft' loaded...[0m
[38;20m2026-09-28 17:53:02,544 - base_runner.py[pid:21600;line:108:train] - INFO: Start AttNHP training...[0m
[38;20m2026-09-28 17:53:25,149 - tpp_runner.py[pid:21600;line:104:_train_model] - INFO: [ Epoch 0 (train) ]: train loglike is -0.07096673761039213, num_events is 242824, mark_ll is -1.652873945288048, time_ll is 1.5819072231360214[0m
[38;20m2026-09-28 17:53:26,467 - tpp_runner.py[pid:21600;line:116:_train_model] - INFO: [ Epoch 0 (valid) ]:  valid loglike is 0.08461632380396127, num_events is 52959, mark_ll is -1.5856593514558432, time_ll is 1.670275590551181[0m
[38;20m2026-09-28 17:53:29,288 - tpp_runner.py[pid:21600;line:136:_train_model] - INFO: [ Epoch 0 (test) ]: test loglike is 0.4711989603309551, num_events is 112141, mark_ll is -1.6238995961278657, time_ll is 2.0950985133253[0m
[31;1m2026-09-28 17:53:29,288 - tpp_runner.py[pid:21600;line:140:_train_model] - CRITICAL: current best loglike on valid set is 0.0846 (updated at epoch-0), best updated at this epoch[0m
[38;20m2026-09-28 17:53:52,119 - tpp_runner.py[pid:21600;line:104:_train_model] - INFO: [ Epoch 1 (train) ]: train loglike is 0.8676893826006696, num_events is 242824, mark_ll is -1.5692183191967228, time_ll is 2.4369077259275236[0m
[38;20m2026-09-28 17:53:53,439 - tpp_runner.py[pid:21600;line:116:_train_model] - INFO: [ Epoch 1 (valid) ]:  valid loglike is 0.8887433483331445, num_events is 52959, mark_ll is -1.5431385544861356, time_ll is 2.431881856719349[0m
[38;20m2026-09-28 17:53:56,223 - tpp_runner.py[pid:21600;line:136:_train_model] - INFO: [ Epoch 1 (test) ]: test loglike is 1.3065437490176988, num_events is 112141, mark_ll is -1.5773782507206329, time_ll is 2.883922012800849[0m
[31;1m2026-09-28 17:53:56,223 - tpp_runner.py[pid:21600;line:140:_train_model] - CRITICAL: current best loglike on valid set is 0.8887 (updated at epoch-1), best updated at this epoch[0m
[38;20m2026-09-28 17:54:18,687 - tpp_runner.py[pid:21600;line:104:_train_model] - INFO: [ Epoch 2 (train) ]: train loglike is 1.3961545281703518, num_events is 242824, mark_ll is -1.5464194150778958, time_ll is 2.942573947269936[0m
[38;20m2026-09-28 17:54:20,013 - tpp_runner.py[pid:21600;line:116:_train_model] - INFO: [ Epoch 2 (valid) ]:  valid loglike is 1.3041983428513095, num_events is 52959, mark_ll is -1.5324507556848221, time_ll is 2.8366491354160766[0m
[38;20m2026-09-28 17:54:22,804 - tpp_runner.py[pid:21600;line:136:_train_model] - INFO: [ Epoch 2 (test) ]: test loglike is 1.6644396148737972, num_events is 112141, mark_ll is -1.5658722107519774, time_ll is 3.2303117733757056[0m
[31;1m2026-09-28 17:54:22,804 - tpp_runner.py[pid:21600;line:140:_train_model] - CRITICAL: current best loglike on valid set is 1.3042 (updated at epoch-2), best updated at this epoch[0m
[38;20m2026-09-28 17:54:45,517 - tpp_runner.py[pid:21600;line:104:_train_model] - INFO: [ Epoch 3 (train) ]: train loglike is 1.7371444594065557, num_events is 242824, mark_ll is -1.5306247400380522, time_ll is 3.2677691793361654[0m
[38;20m2026-09-28 17:54:46,829 - tpp_runner.py[pid:21600;line:116:_train_model] - INFO: [ Epoch 3 (valid) ]:  valid loglike is 1.6213338753210031, num_events is 52959, mark_ll is -1.5105347470301318, time_ll is 3.1318686500110933[0m
[38;20m2026-09-28 17:54:49,623 - tpp_runner.py[pid:21600;line:136:_train_model] - INFO: [ Epoch 3 (test) ]: test loglike is 1.933288957930195, num_events is 112141, mark_ll is -1.547755457206218, time_ll is 3.4810443890113785[0m
[31;1m2026-09-28 17:54:49,623 - tpp_runner.py[pid:21600;line:140:_train_model] - CRITICAL: current best loglike on valid set is 1.6213 (updated at epoch-3), best updated at this epoch[0m
[38;20m2026-09-28 17:55:12,078 - tpp_runner.py[pid:21600;line:104:_train_model] - INFO: [ Epoch 4 (train) ]: train loglike is 2.0219672229487715, num_events is 242824, mark_ll is -1.517967758251604, time_ll is 3.539934957070244[0m
[38;20m2026-09-28 17:55:13,394 - tpp_runner.py[pid:21600;line:116:_train_model] - INFO: [ Epoch 4 (valid) ]:  valid loglike is 1.783613543466408, num_events is 52959, mark_ll is -1.4936237710127174, time_ll is 3.2772373697990425[0m
[38;20m2026-09-28 17:55:16,185 - tpp_runner.py[pid:21600;line:136:_train_model] - INFO: [ Epoch 4 (test) ]: test loglike is 2.022647391871617, num_events is 112141, mark_ll is -1.530179448334017, time_ll is 3.5528268750390133[0m
[31;1m2026-09-28 17:55:16,185 - tpp_runner.py[pid:21600;line:140:_train_model] - CRITICAL: current best loglike on valid set is 1.7836 (updated at epoch-4), best updated at this epoch[0m
[38;20m2026-09-28 17:55:38,858 - tpp_runner.py[pid:21600;line:104:_train_model] - INFO: [ Epoch 5 (train) ]: train loglike is 2.2266160407396405, num_events is 242824, mark_ll is -1.5116035286230973, time_ll is 3.7382195894711807[0m
[38;20m2026-09-28 17:55:40,174 - tpp_runner.py[pid:21600;line:116:_train_model] - INFO: [ Epoch 5 (valid) ]:  valid loglike is 2.0468569472669897, num_events is 52959, mark_ll is -1.5011465513858597, time_ll is 3.5480034525529183[0m
[38;20m2026-09-28 17:55:43,037 - tpp_runner.py[pid:21600;line:136:_train_model] - INFO: [ Epoch 5 (test) ]: test loglike is 2.266945193787843, num_events is 112141, mark_ll is -1.5350408034723027, time_ll is 3.801985979843456[0m
[31;1m2026-09-28 17:55:43,037 - tpp_runner.py[pid:21600;line:140:_train_model] - CRITICAL: current best loglike on valid set is 2.0469 (updated at epoch-5), best updated at this epoch[0m
[38;20m2026-09-28 17:56:05,681 - tpp_runner.py[pid:21600;line:104:_train_model] - INFO: [ Epoch 6 (train) ]: train loglike is 2.383116752803728, num_events is 242824, mark_ll is -1.5105301077761053, time_ll is 3.893646856558145[0m
[38;20m2026-09-28 17:56:07,027 - tpp_runner.py[pid:21600;line:116:_train_model] - INFO: [ Epoch 6 (valid) ]:  valid loglike is 2.16156493481396, num_events is 52959, mark_ll is -1.5046961169991173, time_ll is 3.6662610979130084[0m
[38;20m2026-09-28 17:56:09,960 - tpp_runner.py[pid:21600;line:136:_train_model] - INFO: [ Epoch 6 (test) ]: test loglike is 2.3878023467665708, num_events is 112141, mark_ll is -1.5379137909389742, time_ll is 3.9257160941638207[0m
[31;1m2026-09-28 17:56:09,960 - tpp_runner.py[pid:21600;line:140:_train_model] - CRITICAL: current best loglike on valid set is 2.1616 (updated at epoch-6), best updated at this epoch[0m
[38;20m2026-09-28 17:56:33,443 - tpp_runner.py[pid:21600;line:104:_train_model] - INFO: [ Epoch 7 (train) ]: train loglike is 2.500758691544596, num_events is 242824, mark_ll is -1.5111261984310138, time_ll is 4.0118848779105445[0m
[38;20m2026-09-28 17:56:34,820 - tpp_runner.py[pid:21600;line:116:_train_model] - INFO: [ Epoch 7 (valid) ]:  valid loglike is 2.2454819117147227, num_events is 52959, mark_ll is -1.5001892402170782, time_ll is 3.74567110583187[0m
[38;20m2026-09-28 17:56:37,734 - tpp_runner.py[pid:21600;line:136:_train_model] - INFO: [ Epoch 7 (test) ]: test loglike is 2.4652507083716038, num_events is 112141, mark_ll is -1.5336643624850634, time_ll is 3.9989151492317707[0m
[31;1m2026-09-28 17:56:37,734 - tpp_runner.py[pid:21600;line:140:_train_model] - CRITICAL: current best loglike on valid set is 2.2455 (updated at epoch-7), best updated at this epoch[0m
[38;20m2026-09-28 17:57:01,062 - tpp_runner.py[pid:21600;line:104:_train_model] - INFO: [ Epoch 8 (train) ]: train loglike is 2.5854488326678995, num_events is 242824, mark_ll is -1.5095586528205613, time_ll is 4.095007461358329[0m
[38;20m2026-09-28 17:57:02,440 - tpp_runner.py[pid:21600;line:116:_train_model] - INFO: [ Epoch 8 (valid) ]:  valid loglike is 2.3623872616965484, num_events is 52959, mark_ll is -1.5021839473549115, time_ll is 3.8645711998314733[0m
[38;20m2026-09-28 17:57:05,341 - tpp_runner.py[pid:21600;line:136:_train_model] - INFO: [ Epoch 8 (test) ]: test loglike is 2.55058382311387, num_events is 112141, mark_ll is -1.5353513430497097, time_ll is 4.0859351487468905[0m
[31;1m2026-09-28 17:57:05,341 - tpp_runner.py[pid:21600;line:140:_train_model] - CRITICAL: current best loglike on valid set is 2.3624 (updated at epoch-8), best updated at this epoch[0m
[38;20m2026-09-28 17:57:28,529 - tpp_runner.py[pid:21600;line:104:_train_model] - INFO: [ Epoch 9 (train) ]: train loglike is 2.6908721617174374, num_events is 242824, mark_ll is -1.5134057558470848, time_ll is 4.204277929629588[0m
[38;20m2026-09-28 17:57:29,899 - tpp_runner.py[pid:21600;line:116:_train_model] - INFO: [ Epoch 9 (valid) ]:  valid loglike is 2.4544961963500067, num_events is 52959, mark_ll is -1.5055810604960913, time_ll is 3.9600772384061256[0m
[38;20m2026-09-28 17:57:32,829 - tpp_runner.py[pid:21600;line:136:_train_model] - INFO: [ Epoch 9 (test) ]: test loglike is 2.6639382667523477, num_events is 112141, mark_ll is -1.540853466910519, time_ll is 4.20479181203797[0m
[31;1m2026-09-28 17:57:32,829 - tpp_runner.py[pid:21600;line:140:_train_model] - CRITICAL: current best loglike on valid set is 2.4545 (updated at epoch-9), best updated at this epoch[0m
[38;20m2026-09-28 17:57:55,530 - tpp_runner.py[pid:21600;line:104:_train_model] - INFO: [ Epoch 10 (train) ]: train loglike is 2.7805605941057103, num_events is 242824, mark_ll is -1.515405403740209, time_ll is 4.295966025997739[0m
[38;20m2026-09-28 17:57:56,921 - tpp_runner.py[pid:21600;line:116:_train_model] - INFO: [ Epoch 10 (valid) ]:  valid loglike is 2.538624937894173, num_events is 52959, mark_ll is -1.5087144635915284, time_ll is 4.047339466025605[0m
[38;20m2026-09-28 17:57:59,721 - tpp_runner.py[pid:21600;line:136:_train_model] - INFO: [ Epoch 10 (test) ]: test loglike is 2.748090765058052, num_events is 112141, mark_ll is -1.5450897196386693, time_ll is 4.293180571780169[0m
[31;1m2026-09-28 17:57:59,721 - tpp_runner.py[pid:21600;line:140:_train_model] - CRITICAL: current best loglike on valid set is 2.5386 (updated at epoch-10), best updated at this epoch[0m
[38;20m2026-09-28 17:58:22,308 - tpp_runner.py[pid:21600;line:104:_train_model] - INFO: [ Epoch 11 (train) ]: train loglike is 2.81995811684852, num_events is 242824, mark_ll is -1.5173602098060222, time_ll is 4.33731833067623[0m
[38;20m2026-09-28 17:58:23,643 - tpp_runner.py[pid:21600;line:116:_train_model] - INFO: [ Epoch 11 (valid) ]:  valid loglike is 2.5225463883322474, num_events is 52959, mark_ll is -1.5091487341622765, time_ll is 4.031695251574331[0m
[38;20m2026-09-28 17:58:26,438 - tpp_runner.py[pid:21600;line:136:_train_model] - INFO: [ Epoch 11 (test) ]: test loglike is 2.748385864740037, num_events is 112141, mark_ll is -1.546984838353613, time_ll is 4.2953707205103395[0m
[31;1m2026-09-28 17:58:26,438 - tpp_runner.py[pid:21600;line:140:_train_model] - CRITICAL: current best loglike on valid set is 2.5386 (updated at epoch-10)[0m
[38;20m2026-09-28 17:58:49,215 - tpp_runner.py[pid:21600;line:104:_train_model] - INFO: [ Epoch 12 (train) ]: train loglike is 2.8936015884318476, num_events is 242824, mark_ll is -1.5133754323154323, time_ll is 4.406977024768969[0m
[38;20m2026-09-28 17:58:50,539 - tpp_runner.py[pid:21600;line:116:_train_model] - INFO: [ Epoch 12 (valid) ]:  valid loglike is 2.6164329732080476, num_events is 52959, mark_ll is -1.5089551421117042, time_ll is 4.125388235179573[0m
[38;20m2026-09-28 17:58:53,335 - tpp_runner.py[pid:21600;line:136:_train_model] - INFO: [ Epoch 12 (test) ]: test loglike is 2.8359702085432623, num_events is 112141, mark_ll is -1.5476901533281762, time_ll is 4.383660414121508[0m
[31;1m2026-09-28 17:58:53,335 - tpp_runner.py[pid:21600;line:140:_train_model] - CRITICAL: current best loglike on valid set is 2.6164 (updated at epoch-12), best updated at this epoch[0m
[38;20m2026-09-28 17:59:16,148 - tpp_runner.py[pid:21600;line:104:_train_model] - INFO: [ Epoch 13 (train) ]: train loglike is 2.9792074680375498, num_events is 242824, mark_ll is -1.517969885724846, time_ll is 4.497177377892527[0m
[38;20m2026-09-28 17:59:17,508 - tpp_runner.py[pid:21600;line:116:_train_model] - INFO: [ Epoch 13 (valid) ]:  valid loglike is 2.7321917441440546, num_events is 52959, mark_ll is -1.5170652909267075, time_ll is 4.249257053510735[0m
[38;20m2026-09-28 17:59:20,352 - tpp_runner.py[pid:21600;line:136:_train_model] - INFO: [ Epoch 13 (test) ]: test loglike is 2.938471746785297, num_events is 112141, mark_ll is -1.555076823973279, time_ll is 4.493548562050232[0m
[31;1m2026-09-28 17:59:20,352 - tpp_runner.py[pid:21600;line:140:_train_model] - CRITICAL: current best loglike on valid set is 2.7322 (updated at epoch-13), best updated at this epoch[0m
[38;20m2026-09-28 17:59:42,584 - tpp_runner.py[pid:21600;line:104:_train_model] - INFO: [ Epoch 14 (train) ]: train loglike is 3.0481046875772164, num_events is 242824, mark_ll is -1.5187336727488325, time_ll is 4.56683835630436[0m
[38;20m2026-09-28 17:59:43,910 - tpp_runner.py[pid:21600;line:116:_train_model] - INFO: [ Epoch 14 (valid) ]:  valid loglike is 2.7650798959749525, num_events is 52959, mark_ll is -1.5124853549738948, time_ll is 4.277565287828792[0m
[38;20m2026-09-28 17:59:46,705 - tpp_runner.py[pid:21600;line:136:_train_model] - INFO: [ Epoch 14 (test) ]: test loglike is 2.9518996487959357, num_events is 112141, mark_ll is -1.5503609591524286, time_ll is 4.502260686323468[0m
[31;1m2026-09-28 17:59:46,705 - tpp_runner.py[pid:21600;line:140:_train_model] - CRITICAL: current best loglike on valid set is 2.7651 (updated at epoch-14), best updated at this epoch[0m
[38;20m2026-09-28 18:00:09,019 - tpp_runner.py[pid:21600;line:104:_train_model] - INFO: [ Epoch 15 (train) ]: train loglike is 3.1029088567619962, num_events is 242824, mark_ll is -1.5206294886870222, time_ll is 4.623538244906805[0m
[38;20m2026-09-28 18:00:10,354 - tpp_runner.py[pid:21600;line:116:_train_model] - INFO: [ Epoch 15 (valid) ]:  valid loglike is 2.734445090335212, num_events is 52959, mark_ll is -1.5109365632494005, time_ll is 4.245381672024585[0m
[38;20m2026-09-28 18:00:13,191 - tpp_runner.py[pid:21600;line:136:_train_model] - INFO: [ Epoch 15 (test) ]: test loglike is 2.948740052283509, num_events is 112141, mark_ll is -1.5514769248368125, time_ll is 4.500217011953701[0m
[31;1m2026-09-28 18:00:13,191 - tpp_runner.py[pid:21600;line:140:_train_model] - CRITICAL: current best loglike on valid set is 2.7651 (updated at epoch-14)[0m
[38;20m2026-09-28 18:00:35,872 - tpp_runner.py[pid:21600;line:104:_train_model] - INFO: [ Epoch 16 (train) ]: train loglike is 3.1105448770251294, num_events is 242824, mark_ll is -1.5206265166591852, time_ll is 4.631171393684315[0m
[38;20m2026-09-28 18:00:37,218 - tpp_runner.py[pid:21600;line:116:_train_model] - INFO: [ Epoch 16 (valid) ]:  valid loglike is 2.8202854116804983, num_events is 52959, mark_ll is -1.5255646337998499, time_ll is 4.345850091580279[0m
[38;20m2026-09-28 18:00:40,032 - tpp_runner.py[pid:21600;line:136:_train_model] - INFO: [ Epoch 16 (test) ]: test loglike is 3.040415837748348, num_events is 112141, mark_ll is -1.5646989964085392, time_ll is 4.605114738365094[0m
[31;1m2026-09-28 18:00:40,032 - tpp_runner.py[pid:21600;line:140:_train_model] - CRITICAL: current best loglike on valid set is 2.8203 (updated at epoch-16), best updated at this epoch[0m
[38;20m2026-09-28 18:01:02,434 - tpp_runner.py[pid:21600;line:104:_train_model] - INFO: [ Epoch 17 (train) ]: train loglike is 3.139711819311518, num_events is 242824, mark_ll is -1.525950830127994, time_ll is 4.665662673569643[0m
[38;20m2026-09-28 18:01:03,783 - tpp_runner.py[pid:21600;line:116:_train_model] - INFO: [ Epoch 17 (valid) ]:  valid loglike is 2.84436648515833, num_events is 52959, mark_ll is -1.5106381491755414, time_ll is 4.355004579013954[0m
[38;20m2026-09-28 18:01:06,602 - tpp_runner.py[pid:21600;line:136:_train_model] - INFO: [ Epoch 17 (test) ]: test loglike is 3.027946175880142, num_events is 112141, mark_ll is -1.5485244911400602, time_ll is 4.576470780228686[0m
[31;1m2026-09-28 18:01:06,602 - tpp_runner.py[pid:21600;line:140:_train_model] - CRITICAL: current best loglike on valid set is 2.8444 (updated at epoch-17), best updated at this epoch[0m
[38;20m2026-09-28 18:01:29,392 - tpp_runner.py[pid:21600;line:104:_train_model] - INFO: [ Epoch 18 (train) ]: train loglike is 3.2017435097668474, num_events is 242824, mark_ll is -1.5220029033695701, time_ll is 4.723746401071352[0m
[38;20m2026-09-28 18:01:30,741 - tpp_runner.py[pid:21600;line:116:_train_model] - INFO: [ Epoch 18 (valid) ]:  valid loglike is 2.9178755359393587, num_events is 52959, mark_ll is -1.5162569470752139, time_ll is 4.434132492234559[0m
[38;20m2026-09-28 18:01:33,562 - tpp_runner.py[pid:21600;line:136:_train_model] - INFO: [ Epoch 18 (test) ]: test loglike is 3.124834715614717, num_events is 112141, mark_ll is -1.5553519467121748, time_ll is 4.680186679743581[0m
[31;1m2026-09-28 18:01:33,562 - tpp_runner.py[pid:21600;line:140:_train_model] - CRITICAL: current best loglike on valid set is 2.9179 (updated at epoch-18), best updated at this epoch[0m
[38;20m2026-09-28 18:01:55,857 - tpp_runner.py[pid:21600;line:104:_train_model] - INFO: [ Epoch 19 (train) ]: train loglike is 3.217558003687856, num_events is 242824, mark_ll is -1.5206970249028102, time_ll is 4.738255084894306[0m
[38;20m2026-09-28 18:01:57,205 - tpp_runner.py[pid:21600;line:116:_train_model] - INFO: [ Epoch 19 (valid) ]:  valid loglike is 2.914178339906815, num_events is 52959, mark_ll is -1.5113428142820389, time_ll is 4.425521098868936[0m
[38;20m2026-09-28 18:02:00,029 - tpp_runner.py[pid:21600;line:136:_train_model] - INFO: [ Epoch 19 (test) ]: test loglike is 3.1058650406491606, num_events is 112141, mark_ll is -1.5524308891819227, time_ll is 4.6582959037060485[0m
[31;1m2026-09-28 18:02:00,029 - tpp_runner.py[pid:21600;line:140:_train_model] - CRITICAL: current best loglike on valid set is 2.9179 (updated at epoch-18)[0m
[38;20m2026-09-28 18:02:22,720 - tpp_runner.py[pid:21600;line:104:_train_model] - INFO: [ Epoch 20 (train) ]: train loglike is 3.240895765811864, num_events is 242824, mark_ll is -1.527232972588943, time_ll is 4.768128742422495[0m
[38;20m2026-09-28 18:02:24,051 - tpp_runner.py[pid:21600;line:116:_train_model] - INFO: [ Epoch 20 (valid) ]:  valid loglike is 2.969578231361761, num_events is 52959, mark_ll is -1.524212144801875, time_ll is 4.493790597443305[0m
[38;20m2026-09-28 18:02:26,851 - tpp_runner.py[pid:21600;line:136:_train_model] - INFO: [ Epoch 20 (test) ]: test loglike is 3.1366862678737037, num_events is 112141, mark_ll is -1.5656535006710302, time_ll is 4.702339646627906[0m
[31;1m2026-09-28 18:02:26,851 - tpp_runner.py[pid:21600;line:140:_train_model] - CRITICAL: current best loglike on valid set is 2.9696 (updated at epoch-20), best updated at this epoch[0m
[38;20m2026-09-28 18:02:49,360 - tpp_runner.py[pid:21600;line:104:_train_model] - INFO: [ Epoch 21 (train) ]: train loglike is 3.2810378398423343, num_events is 242824, mark_ll is -1.526951020048214, time_ll is 4.807988871955614[0m
[38;20m2026-09-28 18:02:50,682 - tpp_runner.py[pid:21600;line:116:_train_model] - INFO: [ Epoch 21 (valid) ]:  valid loglike is 2.986030024405672, num_events is 52959, mark_ll is -1.5184522626731292, time_ll is 4.504482462258539[0m
[38;20m2026-09-28 18:02:53,497 - tpp_runner.py[pid:21600;line:136:_train_model] - INFO: [ Epoch 21 (test) ]: test loglike is 3.1776470999678974, num_events is 112141, mark_ll is -1.5583051728683086, time_ll is 4.735952325086275[0m
[31;1m2026-09-28 18:02:53,497 - tpp_runner.py[pid:21600;line:140:_train_model] - CRITICAL: current best loglike on valid set is 2.9860 (updated at epoch-21), best updated at this epoch[0m
[38;20m2026-09-28 18:03:15,707 - tpp_runner.py[pid:21600;line:104:_train_model] - INFO: [ Epoch 22 (train) ]: train loglike is 3.326095832912933, num_events is 242824, mark_ll is -1.5232688102738505, time_ll is 4.849364655251849[0m
[38;20m2026-09-28 18:03:17,033 - tpp_runner.py[pid:21600;line:116:_train_model] - INFO: [ Epoch 22 (valid) ]:  valid loglike is 3.0406716826342075, num_events is 52959, mark_ll is -1.516421311769482, time_ll is 4.55709299440369[0m
[38;20m2026-09-28 18:03:19,857 - tpp_runner.py[pid:21600;line:136:_train_model] - INFO: [ Epoch 22 (test) ]: test loglike is 3.2289464529448417, num_events is 112141, mark_ll is -1.556965716221654, time_ll is 4.785912099499737[0m
[31;1m2026-09-28 18:03:19,857 - tpp_runner.py[pid:21600;line:140:_train_model] - CRITICAL: current best loglike on valid set is 3.0407 (updated at epoch-22), best updated at this epoch[0m
[38;20m2026-09-28 18:03:42,125 - tpp_runner.py[pid:21600;line:104:_train_model] - INFO: [ Epoch 23 (train) ]: train loglike is 3.3421920219866035, num_events is 242824, mark_ll is -1.5270679586861267, time_ll is 4.8692599565425985[0m
[38;20m2026-09-28 18:03:43,445 - tpp_runner.py[pid:21600;line:116:_train_model] - INFO: [ Epoch 23 (valid) ]:  valid loglike is 3.0203030919260656, num_events is 52959, mark_ll is -1.517966231099766, time_ll is 4.538269101746162[0m
[38;20m2026-09-28 18:03:46,263 - tpp_runner.py[pid:21600;line:136:_train_model] - INFO: [ Epoch 23 (test) ]: test loglike is 3.2123373925599243, num_events is 112141, mark_ll is -1.557583573288873, time_ll is 4.769920965848797[0m
[31;1m2026-09-28 18:03:46,263 - tpp_runner.py[pid:21600;line:140:_train_model] - CRITICAL: current best loglike on valid set is 3.0407 (updated at epoch-22)[0m
[38;20m2026-09-28 18:04:08,765 - tpp_runner.py[pid:21600;line:104:_train_model] - INFO: [ Epoch 24 (train) ]: train loglike is 3.371164676499234, num_events is 242824, mark_ll is -1.5295821092385844, time_ll is 4.900746793781195[0m
[38;20m2026-09-28 18:04:10,092 - tpp_runner.py[pid:21600;line:116:_train_model] - INFO: [ Epoch 24 (valid) ]:  valid loglike is 3.07240493899172, num_events is 52959, mark_ll is -1.5206042904357617, time_ll is 4.5930093031873716[0m
[38;20m2026-09-28 18:04:12,925 - tpp_runner.py[pid:21600;line:136:_train_model] - INFO: [ Epoch 24 (test) ]: test loglike is 3.2661405601402476, num_events is 112141, mark_ll is -1.5611801632542959, time_ll is 4.82732064501944[0m
[31;1m2026-09-28 18:04:12,927 - tpp_runner.py[pid:21600;line:140:_train_model] - CRITICAL: current best loglike on valid set is 3.0724 (updated at epoch-24), best updated at this epoch[0m
[38;20m2026-09-28 18:04:35,536 - tpp_runner.py[pid:21600;line:104:_train_model] - INFO: [ Epoch 25 (train) ]: train loglike is 3.394582462181971, num_events is 242824, mark_ll is -1.5282997134112568, time_ll is 4.922882143419719[0m
[38;20m2026-09-28 18:04:36,955 - tpp_runner.py[pid:21600;line:116:_train_model] - INFO: [ Epoch 25 (valid) ]:  valid loglike is 3.085057470755679, num_events is 52959, mark_ll is -1.5186974128866197, time_ll is 4.603754865202326[0m
[38;20m2026-09-28 18:04:39,779 - tpp_runner.py[pid:21600;line:136:_train_model] - INFO: [ Epoch 25 (test) ]: test loglike is 3.2961210140860615, num_events is 112141, mark_ll is -1.559344496409654, time_ll is 4.855465475662336[0m
[31;1m2026-09-28 18:04:39,779 - tpp_runner.py[pid:21600;line:140:_train_model] - CRITICAL: current best loglike on valid set is 3.0851 (updated at epoch-25), best updated at this epoch[0m
[38;20m2026-09-28 18:05:02,024 - tpp_runner.py[pid:21600;line:104:_train_model] - INFO: [ Epoch 26 (train) ]: train loglike is 3.413836859142321, num_events is 242824, mark_ll is -1.5238742674413877, time_ll is 4.937711170822283[0m
[38;20m2026-09-28 18:05:03,350 - tpp_runner.py[pid:21600;line:116:_train_model] - INFO: [ Epoch 26 (valid) ]:  valid loglike is 3.101494714661342, num_events is 52959, mark_ll is -1.514175498307063, time_ll is 4.6156701853084465[0m
[38;20m2026-09-28 18:05:06,175 - tpp_runner.py[pid:21600;line:136:_train_model] - INFO: [ Epoch 26 (test) ]: test loglike is 3.2808565831046406, num_events is 112141, mark_ll is -1.5528445791040966, time_ll is 4.833701318958944[0m
[31;1m2026-09-28 18:05:06,175 - tpp_runner.py[pid:21600;line:140:_train_model] - CRITICAL: current best loglike on valid set is 3.1015 (updated at epoch-26), best updated at this epoch[0m
[38;20m2026-09-28 18:05:28,377 - tpp_runner.py[pid:21600;line:104:_train_model] - INFO: [ Epoch 27 (train) ]: train loglike is 3.451935907346988, num_events is 242824, mark_ll is -1.5239308043389965, time_ll is 4.975866747881182[0m
[38;20m2026-09-28 18:05:29,706 - tpp_runner.py[pid:21600;line:116:_train_model] - INFO: [ Epoch 27 (valid) ]:  valid loglike is 3.1487649939103837, num_events is 52959, mark_ll is -1.519355443302838, time_ll is 4.668120326573387[0m
[38;20m2026-09-28 18:05:32,537 - tpp_runner.py[pid:21600;line:136:_train_model] - INFO: [ Epoch 27 (test) ]: test loglike is 3.3281178243238423, num_events is 112141, mark_ll is -1.5588437491639988, time_ll is 4.88696160832122[0m
[31;1m2026-09-28 18:05:32,537 - tpp_runner.py[pid:21600;line:140:_train_model] - CRITICAL: current best loglike on valid set is 3.1488 (updated at epoch-27), best updated at this epoch[0m
[38;20m2026-09-28 18:05:54,819 - tpp_runner.py[pid:21600;line:104:_train_model] - INFO: [ Epoch 28 (train) ]: train loglike is 3.479386787086532, num_events is 242824, mark_ll is -1.526492595813995, time_ll is 5.00587929040169[0m
[38;20m2026-09-28 18:05:56,146 - tpp_runner.py[pid:21600;line:116:_train_model] - INFO: [ Epoch 28 (valid) ]:  valid loglike is 3.169406975649795, num_events is 52959, mark_ll is -1.5203997634815376, time_ll is 4.689806656151457[0m
[38;20m2026-09-28 18:05:59,016 - tpp_runner.py[pid:21600;line:136:_train_model] - INFO: [ Epoch 28 (test) ]: test loglike is 3.355373411040565, num_events is 112141, mark_ll is -1.5608900447455658, time_ll is 4.916263412244406[0m
[31;1m2026-09-28 18:05:59,016 - tpp_runner.py[pid:21600;line:140:_train_model] - CRITICAL: current best loglike on valid set is 3.1694 (updated at epoch-28), best updated at this epoch[0m
[38;20m2026-09-28 18:06:21,524 - tpp_runner.py[pid:21600;line:104:_train_model] - INFO: [ Epoch 29 (train) ]: train loglike is 3.4758816442155633, num_events is 242824, mark_ll is -1.5247847294684114, time_ll is 5.000666313358646[0m
[38;20m2026-09-28 18:06:22,852 - tpp_runner.py[pid:21600;line:116:_train_model] - INFO: [ Epoch 29 (valid) ]:  valid loglike is 3.166808728214279, num_events is 52959, mark_ll is -1.521276132391331, time_ll is 4.688084805285692[0m
[38;20m2026-09-28 18:06:25,659 - tpp_runner.py[pid:21600;line:136:_train_model] - INFO: [ Epoch 29 (test) ]: test loglike is 3.362506033141313, num_events is 112141, mark_ll is -1.5627500775391026, time_ll is 4.925256067138691[0m
[31;1m2026-09-28 18:06:25,659 - tpp_runner.py[pid:21600;line:140:_train_model] - CRITICAL: current best loglike on valid set is 3.1694 (updated at epoch-28)[0m
[38;20m2026-09-28 18:06:48,029 - tpp_runner.py[pid:21600;line:104:_train_model] - INFO: [ Epoch 30 (train) ]: train loglike is 3.4970785247880154, num_events is 242824, mark_ll is -1.5264816527994556, time_ll is 5.023560161500717[0m
[38;20m2026-09-28 18:06:49,355 - tpp_runner.py[pid:21600;line:116:_train_model] - INFO: [ Epoch 30 (valid) ]:  valid loglike is 3.193209679303801, num_events is 52959, mark_ll is -1.5233261041265413, time_ll is 4.71653591251015[0m
[38;20m2026-09-28 18:06:52,166 - tpp_runner.py[pid:21600;line:136:_train_model] - INFO: [ Epoch 30 (test) ]: test loglike is 3.3611337721596026, num_events is 112141, mark_ll is -1.5652778139657886, time_ll is 4.926411525166977[0m
[31;1m2026-09-28 18:06:52,166 - tpp_runner.py[pid:21600;line:140:_train_model] - CRITICAL: current best loglike on valid set is 3.1932 (updated at epoch-30), best updated at this epoch[0m
[38;20m2026-09-28 18:07:14,654 - tpp_runner.py[pid:21600;line:104:_train_model] - INFO: [ Epoch 31 (train) ]: train loglike is 3.5143602593853984, num_events is 242824, mark_ll is -1.5290715679424707, time_ll is 5.043431887653197[0m
[38;20m2026-09-28 18:07:15,986 - tpp_runner.py[pid:21600;line:116:_train_model] - INFO: [ Epoch 31 (valid) ]:  valid loglike is 3.2005870697143073, num_events is 52959, mark_ll is -1.5248915655861137, time_ll is 4.725478450900697[0m
[38;20m2026-09-28 18:07:18,774 - tpp_runner.py[pid:21600;line:136:_train_model] - INFO: [ Epoch 31 (test) ]: test loglike is 3.396538749905253, num_events is 112141, mark_ll is -1.567114508395123, time_ll is 4.96365335409217[0m
[31;1m2026-09-28 18:07:18,774 - tpp_runner.py[pid:21600;line:140:_train_model] - CRITICAL: current best loglike on valid set is 3.2006 (updated at epoch-31), best updated at this epoch[0m
[38;20m2026-09-28 18:07:41,330 - tpp_runner.py[pid:21600;line:104:_train_model] - INFO: [ Epoch 32 (train) ]: train loglike is 3.545787551503352, num_events is 242824, mark_ll is -1.5277918545814047, time_ll is 5.073579381954626[0m
[38;20m2026-09-28 18:07:42,663 - tpp_runner.py[pid:21600;line:116:_train_model] - INFO: [ Epoch 32 (valid) ]:  valid loglike is 3.232122336087823, num_events is 52959, mark_ll is -1.5201898612753497, time_ll is 4.752312225023131[0m
[38;20m2026-09-28 18:07:45,491 - tpp_runner.py[pid:21600;line:136:_train_model] - INFO: [ Epoch 32 (test) ]: test loglike is 3.4228203343753623, num_events is 112141, mark_ll is -1.5639692980683917, time_ll is 4.986789527943616[0m
[31;1m2026-09-28 18:07:45,491 - tpp_runner.py[pid:21600;line:140:_train_model] - CRITICAL: current best loglike on valid set is 3.2321 (updated at epoch-32), best updated at this epoch[0m
[38;20m2026-09-28 18:08:07,728 - tpp_runner.py[pid:21600;line:104:_train_model] - INFO: [ Epoch 33 (train) ]: train loglike is 3.5712202353221882, num_events is 242824, mark_ll is -1.529635195527419, time_ll is 5.10085542280623[0m
[38;20m2026-09-28 18:08:09,078 - tpp_runner.py[pid:21600;line:116:_train_model] - INFO: [ Epoch 33 (valid) ]:  valid loglike is 3.2141824557086616, num_events is 52959, mark_ll is -1.516748778019907, time_ll is 4.730931261388527[0m
[38;20m2026-09-28 18:08:11,915 - tpp_runner.py[pid:21600;line:136:_train_model] - INFO: [ Epoch 33 (test) ]: test loglike is 3.3797123466495305, num_events is 112141, mark_ll is -1.555829747469146, time_ll is 4.935542085410332[0m
[31;1m2026-09-28 18:08:11,915 - tpp_runner.py[pid:21600;line:140:_train_model] - CRITICAL: current best loglike on valid set is 3.2321 (updated at epoch-32)[0m
[38;20m2026-09-28 18:08:34,168 - tpp_runner.py[pid:21600;line:104:_train_model] - INFO: [ Epoch 34 (train) ]: train loglike is 3.58837547172798, num_events is 242824, mark_ll is -1.527912489151093, time_ll is 5.116287944792319[0m
[38;20m2026-09-28 18:08:35,512 - tpp_runner.py[pid:21600;line:116:_train_model] - INFO: [ Epoch 34 (valid) ]:  valid loglike is 3.2687471823722123, num_events is 52959, mark_ll is -1.5234794878172266, time_ll is 4.792226614869522[0m
[38;20m2026-09-28 18:08:38,334 - tpp_runner.py[pid:21600;line:136:_train_model] - INFO: [ Epoch 34 (test) ]: test loglike is 3.455455492415798, num_events is 112141, mark_ll is -1.5662397899881622, time_ll is 5.021695273695616[0m
[31;1m2026-09-28 18:08:38,334 - tpp_runner.py[pid:21600;line:140:_train_model] - CRITICAL: current best loglike on valid set is 3.2687 (updated at epoch-34), best updated at this epoch[0m
[38;20m2026-09-28 18:09:00,621 - tpp_runner.py[pid:21600;line:104:_train_model] - INFO: [ Epoch 35 (train) ]: train loglike is 3.6090530316582177, num_events is 242824, mark_ll is -1.5302064723639859, time_ll is 5.139259588477663[0m
[38;20m2026-09-28 18:09:01,972 - tpp_runner.py[pid:21600;line:116:_train_model] - INFO: [ Epoch 35 (valid) ]:  valid loglike is 3.2421852872033083, num_events is 52959, mark_ll is -1.5206498463876537, time_ll is 4.762835179690893[0m
[38;20m2026-09-28 18:09:04,815 - tpp_runner.py[pid:21600;line:136:_train_model] - INFO: [ Epoch 35 (test) ]: test loglike is 3.417368187705656, num_events is 112141, mark_ll is -1.5608200731946835, time_ll is 4.978188313150409[0m
[31;1m2026-09-28 18:09:04,815 - tpp_runner.py[pid:21600;line:140:_train_model] - CRITICAL: current best loglike on valid set is 3.2687 (updated at epoch-34)[0m
[38;20m2026-09-28 18:09:27,009 - tpp_runner.py[pid:21600;line:104:_train_model] - INFO: [ Epoch 36 (train) ]: train loglike is 3.616597864155211, num_events is 242824, mark_ll is -1.5292334368848426, time_ll is 5.145831301040054[0m
[38;20m2026-09-28 18:09:28,331 - tpp_runner.py[pid:21600;line:116:_train_model] - INFO: [ Epoch 36 (valid) ]:  valid loglike is 3.2902850148522913, num_events is 52959, mark_ll is -1.5211732557851356, time_ll is 4.811458289077399[0m
[38;20m2026-09-28 18:09:31,126 - tpp_runner.py[pid:21600;line:136:_train_model] - INFO: [ Epoch 36 (test) ]: test loglike is 3.461566312165042, num_events is 112141, mark_ll is -1.5615729096071018, time_ll is 5.023139221772144[0m
[31;1m2026-09-28 18:09:31,126 - tpp_runner.py[pid:21600;line:140:_train_model] - CRITICAL: current best loglike on valid set is 3.2903 (updated at epoch-36), best updated at this epoch[0m
[38;20m2026-09-28 18:09:53,389 - tpp_runner.py[pid:21600;line:104:_train_model] - INFO: [ Epoch 37 (train) ]: train loglike is 3.6277935452992702, num_events is 242824, mark_ll is -1.5278292442198362, time_ll is 5.155622793540795[0m
[38;20m2026-09-28 18:09:54,732 - tpp_runner.py[pid:21600;line:116:_train_model] - INFO: [ Epoch 37 (valid) ]:  valid loglike is 3.308939130683642, num_events is 52959, mark_ll is -1.5190139165734342, time_ll is 4.827953028817104[0m
[38;20m2026-09-28 18:09:57,552 - tpp_runner.py[pid:21600;line:136:_train_model] - INFO: [ Epoch 37 (test) ]: test loglike is 3.4902120468038005, num_events is 112141, mark_ll is -1.5600604094399015, time_ll is 5.050272316910185[0m
[31;1m2026-09-28 18:09:57,552 - tpp_runner.py[pid:21600;line:140:_train_model] - CRITICAL: current best loglike on valid set is 3.3089 (updated at epoch-37), best updated at this epoch[0m
[38;20m2026-09-28 18:10:20,075 - tpp_runner.py[pid:21600;line:104:_train_model] - INFO: [ Epoch 38 (train) ]: train loglike is 3.6541258647595583, num_events is 242824, mark_ll is -1.5282590380532814, time_ll is 5.1823849591164795[0m
[38;20m2026-09-28 18:10:21,412 - tpp_runner.py[pid:21600;line:116:_train_model] - INFO: [ Epoch 38 (valid) ]:  valid loglike is 3.337493317353991, num_events is 52959, mark_ll is -1.5216593611183888, time_ll is 4.859152761452256[0m
[38;20m2026-09-28 18:10:24,261 - tpp_runner.py[pid:21600;line:136:_train_model] - INFO: [ Epoch 38 (test) ]: test loglike is 3.502825727279162, num_events is 112141, mark_ll is -1.5626415628539072, time_ll is 5.065467298841414[0m
[31;1m2026-09-28 18:10:24,261 - tpp_runner.py[pid:21600;line:140:_train_model] - CRITICAL: current best loglike on valid set is 3.3375 (updated at epoch-38), best updated at this epoch[0m
[38;20m2026-09-28 18:10:46,622 - tpp_runner.py[pid:21600;line:104:_train_model] - INFO: [ Epoch 39 (train) ]: train loglike is 3.654994324271386, num_events is 242824, mark_ll is -1.529526963845213, time_ll is 5.184521199639451[0m
[38;20m2026-09-28 18:10:47,954 - tpp_runner.py[pid:21600;line:116:_train_model] - INFO: [ Epoch 39 (valid) ]:  valid loglike is 3.3423422003047167, num_events is 52959, mark_ll is -1.520260938149087, time_ll is 4.862603212213694[0m
[38;20m2026-09-28 18:10:50,763 - tpp_runner.py[pid:21600;line:136:_train_model] - INFO: [ Epoch 39 (test) ]: test loglike is 3.5139895205868057, num_events is 112141, mark_ll is -1.5619407936353564, time_ll is 5.075930427430645[0m
[31;1m2026-09-28 18:10:50,763 - tpp_runner.py[pid:21600;line:140:_train_model] - CRITICAL: current best loglike on valid set is 3.3423 (updated at epoch-39), best updated at this epoch[0m
[38;20m2026-09-28 18:11:13,095 - tpp_runner.py[pid:21600;line:104:_train_model] - INFO: [ Epoch 40 (train) ]: train loglike is 3.6707087183644327, num_events is 242824, mark_ll is -1.5297557778151563, time_ll is 5.200464427810884[0m
[38;20m2026-09-28 18:11:14,421 - tpp_runner.py[pid:21600;line:116:_train_model] - INFO: [ Epoch 40 (valid) ]:  valid loglike is 3.369192810121981, num_events is 52959, mark_ll is -1.5241824656662466, time_ll is 4.893375285008214[0m
[38;20m2026-09-28 18:11:17,239 - tpp_runner.py[pid:21600;line:136:_train_model] - INFO: [ Epoch 40 (test) ]: test loglike is 3.5350135376445726, num_events is 112141, mark_ll is -1.5627639325157614, time_ll is 5.097777522410403[0m
[31;1m2026-09-28 18:11:17,239 - tpp_runner.py[pid:21600;line:140:_train_model] - CRITICAL: current best loglike on valid set is 3.3692 (updated at epoch-40), best updated at this epoch[0m
[38;20m2026-09-28 18:11:39,542 - tpp_runner.py[pid:21600;line:104:_train_model] - INFO: [ Epoch 41 (train) ]: train loglike is 3.686021844460906, num_events is 242824, mark_ll is -1.5297231056173917, time_ll is 5.215744978230117[0m
[38;20m2026-09-28 18:11:40,849 - tpp_runner.py[pid:21600;line:116:_train_model] - INFO: [ Epoch 41 (valid) ]:  valid loglike is 3.372079071486905, num_events is 52959, mark_ll is -1.524173347099879, time_ll is 4.896252215747087[0m
[38;20m2026-09-28 18:11:43,667 - tpp_runner.py[pid:21600;line:136:_train_model] - INFO: [ Epoch 41 (test) ]: test loglike is 3.5525870820551804, num_events is 112141, mark_ll is -1.5647430780501779, time_ll is 5.117330125271979[0m
[31;1m2026-09-28 18:11:43,667 - tpp_runner.py[pid:21600;line:140:_train_model] - CRITICAL: current best loglike on valid set is 3.3721 (updated at epoch-41), best updated at this epoch[0m
[38;20m2026-09-28 18:12:05,927 - tpp_runner.py[pid:21600;line:104:_train_model] - INFO: [ Epoch 42 (train) ]: train loglike is 3.699403699412949, num_events is 242824, mark_ll is -1.5305269084424316, time_ll is 5.229930615898758[0m
[38;20m2026-09-28 18:12:07,262 - tpp_runner.py[pid:21600;line:116:_train_model] - INFO: [ Epoch 42 (valid) ]:  valid loglike is 3.340791675222814, num_events is 52959, mark_ll is -1.5238644038017617, time_ll is 4.864655913064824[0m
[38;20m2026-09-28 18:12:10,061 - tpp_runner.py[pid:21600;line:136:_train_model] - INFO: [ Epoch 42 (test) ]: test loglike is 3.523374434166585, num_events is 112141, mark_ll is -1.5649463221106688, time_ll is 5.08832064306877[0m
[31;1m2026-09-28 18:12:10,061 - tpp_runner.py[pid:21600;line:140:_train_model] - CRITICAL: current best loglike on valid set is 3.3721 (updated at epoch-41)[0m
[38;20m2026-09-28 18:12:32,701 - tpp_runner.py[pid:21600;line:104:_train_model] - INFO: [ Epoch 43 (train) ]: train loglike is 3.70724361928547, num_events is 242824, mark_ll is -1.529368859203322, time_ll is 5.236612426206841[0m
[38;20m2026-09-28 18:12:34,022 - tpp_runner.py[pid:21600;line:116:_train_model] - INFO: [ Epoch 43 (valid) ]:  valid loglike is 3.355994510493967, num_events is 52959, mark_ll is -1.521328133113588, time_ll is 4.877322735807417[0m
[38;20m2026-09-28 18:12:36,859 - tpp_runner.py[pid:21600;line:136:_train_model] - INFO: [ Epoch 43 (test) ]: test loglike is 3.539139603685316, num_events is 112141, mark_ll is -1.5620165736522547, time_ll is 5.101156151212536[0m
[31;1m2026-09-28 18:12:36,859 - tpp_runner.py[pid:21600;line:140:_train_model] - CRITICAL: current best loglike on valid set is 3.3721 (updated at epoch-41)[0m
[38;20m2026-09-28 18:12:59,306 - tpp_runner.py[pid:21600;line:104:_train_model] - INFO: [ Epoch 44 (train) ]: train loglike is 3.735863764753484, num_events is 242824, mark_ll is -1.5297202864137194, time_ll is 5.265584043123826[0m
[38;20m2026-09-28 18:13:00,616 - tpp_runner.py[pid:21600;line:116:_train_model] - INFO: [ Epoch 44 (valid) ]:  valid loglike is 3.3920082376520044, num_events is 52959, mark_ll is -1.5230208672628827, time_ll is 4.915029197114749[0m
[38;20m2026-09-28 18:13:03,413 - tpp_runner.py[pid:21600;line:136:_train_model] - INFO: [ Epoch 44 (test) ]: test loglike is 3.5699446595134696, num_events is 112141, mark_ll is -1.5640276091455176, time_ll is 5.133972277367333[0m
[31;1m2026-09-28 18:13:03,413 - tpp_runner.py[pid:21600;line:140:_train_model] - CRITICAL: current best loglike on valid set is 3.3920 (updated at epoch-44), best updated at this epoch[0m
[38;20m2026-09-28 18:13:26,028 - tpp_runner.py[pid:21600;line:104:_train_model] - INFO: [ Epoch 45 (train) ]: train loglike is 3.741962848477704, num_events is 242824, mark_ll is -1.5305693493216794, time_ll is 5.27253223399458[0m
[38;20m2026-09-28 18:13:27,368 - tpp_runner.py[pid:21600;line:116:_train_model] - INFO: [ Epoch 45 (valid) ]:  valid loglike is 3.363536164178893, num_events is 52959, mark_ll is -1.519634154266154, time_ll is 4.8831704198648955[0m
[38;20m2026-09-28 18:13:30,210 - tpp_runner.py[pid:21600;line:136:_train_model] - INFO: [ Epoch 45 (test) ]: test loglike is 3.5345415976036865, num_events is 112141, mark_ll is -1.5604208391249632, time_ll is 5.094962288686787[0m
[31;1m2026-09-28 18:13:30,210 - tpp_runner.py[pid:21600;line:140:_train_model] - CRITICAL: current best loglike on valid set is 3.3920 (updated at epoch-44)[0m
[38;20m2026-09-28 18:13:52,604 - tpp_runner.py[pid:21600;line:104:_train_model] - INFO: [ Epoch 46 (train) ]: train loglike is 3.7552295222697305, num_events is 242824, mark_ll is -1.5305429911749353, time_ll is 5.285772581813371[0m
[38;20m2026-09-28 18:13:53,923 - tpp_runner.py[pid:21600;line:116:_train_model] - INFO: [ Epoch 46 (valid) ]:  valid loglike is 3.4032202940895315, num_events is 52959, mark_ll is -1.523773125938226, time_ll is 4.9269933831478125[0m
[38;20m2026-09-28 18:13:56,769 - tpp_runner.py[pid:21600;line:136:_train_model] - INFO: [ Epoch 46 (test) ]: test loglike is 3.5615379543108676, num_events is 112141, mark_ll is -1.5644920513014866, time_ll is 5.126029988195665[0m
[31;1m2026-09-28 18:13:56,769 - tpp_runner.py[pid:21600;line:140:_train_model] - CRITICAL: current best loglike on valid set is 3.4032 (updated at epoch-46), best updated at this epoch[0m
[38;20m2026-09-28 18:14:19,248 - tpp_runner.py[pid:21600;line:104:_train_model] - INFO: [ Epoch 47 (train) ]: train loglike is 3.7639577285786205, num_events is 242824, mark_ll is -1.5319316199052606, time_ll is 5.2958893323971274[0m
[38;20m2026-09-28 18:14:20,581 - tpp_runner.py[pid:21600;line:116:_train_model] - INFO: [ Epoch 47 (valid) ]:  valid loglike is 3.425195412075851, num_events is 52959, mark_ll is -1.5227997627734426, time_ll is 4.947995110309391[0m
[38;20m2026-09-28 18:14:23,397 - tpp_runner.py[pid:21600;line:136:_train_model] - INFO: [ Epoch 47 (test) ]: test loglike is 3.5758513382427033, num_events is 112141, mark_ll is -1.563173764641166, time_ll is 5.1390250506338[0m
[31;1m2026-09-28 18:14:23,397 - tpp_runner.py[pid:21600;line:140:_train_model] - CRITICAL: current best loglike on valid set is 3.4252 (updated at epoch-47), best updated at this epoch[0m
[38;20m2026-09-28 18:14:45,982 - tpp_runner.py[pid:21600;line:104:_train_model] - INFO: [ Epoch 48 (train) ]: train loglike is 3.7763050282818007, num_events is 242824, mark_ll is -1.5321200802523123, time_ll is 5.308425048208785[0m
[38;20m2026-09-28 18:14:47,323 - tpp_runner.py[pid:21600;line:116:_train_model] - INFO: [ Epoch 48 (valid) ]:  valid loglike is 3.428594820993599, num_events is 52959, mark_ll is -1.5244791740426555, time_ll is 4.953074031916199[0m
[38;20m2026-09-28 18:14:50,148 - tpp_runner.py[pid:21600;line:136:_train_model] - INFO: [ Epoch 48 (test) ]: test loglike is 3.6011993097696204, num_events is 112141, mark_ll is -1.565252803599375, time_ll is 5.166452069827271[0m
[31;1m2026-09-28 18:14:50,148 - tpp_runner.py[pid:21600;line:140:_train_model] - CRITICAL: current best loglike on valid set is 3.4286 (updated at epoch-48), best updated at this epoch[0m
[38;20m2026-09-28 18:15:12,391 - tpp_runner.py[pid:21600;line:104:_train_model] - INFO: [ Epoch 49 (train) ]: train loglike is 3.7457418361652883, num_events is 242824, mark_ll is -1.530861203259614, time_ll is 5.276603051489968[0m
[38;20m2026-09-28 18:15:13,741 - tpp_runner.py[pid:21600;line:116:_train_model] - INFO: [ Epoch 49 (valid) ]:  valid loglike is 3.4472391820795334, num_events is 52959, mark_ll is -1.5240192258102967, time_ll is 4.971258426329802[0m
[38;20m2026-09-28 18:15:16,562 - tpp_runner.py[pid:21600;line:136:_train_model] - INFO: [ Epoch 49 (test) ]: test loglike is 3.604388114070679, num_events is 112141, mark_ll is -1.5636042442522138, time_ll is 5.167992454114686[0m
[31;1m2026-09-28 18:15:16,562 - tpp_runner.py[pid:21600;line:140:_train_model] - CRITICAL: current best loglike on valid set is 3.4472 (updated at epoch-49), best updated at this epoch[0m
[38;20m2026-09-28 18:15:38,846 - tpp_runner.py[pid:21600;line:104:_train_model] - INFO: [ Epoch 50 (train) ]: train loglike is 3.7863528792973513, num_events is 242824, mark_ll is -1.5320593447118591, time_ll is 5.318412236074276[0m
[38;20m2026-09-28 18:15:40,180 - tpp_runner.py[pid:21600;line:116:_train_model] - INFO: [ Epoch 50 (valid) ]:  valid loglike is 3.4392230310239995, num_events is 52959, mark_ll is -1.5224306221853225, time_ll is 4.961653819169074[0m
[38;20m2026-09-28 18:15:42,995 - tpp_runner.py[pid:21600;line:136:_train_model] - INFO: [ Epoch 50 (test) ]: test loglike is 3.604443237893589, num_events is 112141, mark_ll is -1.562546589644956, time_ll is 5.1669898797886145[0m
[31;1m2026-09-28 18:15:42,995 - tpp_runner.py[pid:21600;line:140:_train_model] - CRITICAL: current best loglike on valid set is 3.4472 (updated at epoch-49)[0m
[38;20m2026-09-28 18:16:05,360 - tpp_runner.py[pid:21600;line:104:_train_model] - INFO: [ Epoch 51 (train) ]: train loglike is 3.7843691009872376, num_events is 242824, mark_ll is -1.5316815513113406, time_ll is 5.316050539691299[0m
[38;20m2026-09-28 18:16:06,715 - tpp_runner.py[pid:21600;line:116:_train_model] - INFO: [ Epoch 51 (valid) ]:  valid loglike is 3.469486271219245, num_events is 52959, mark_ll is -1.5242135738997384, time_ll is 4.993699688379218[0m
[38;20m2026-09-28 18:16:09,572 - tpp_runner.py[pid:21600;line:136:_train_model] - INFO: [ Epoch 51 (test) ]: test loglike is 3.631308429510616, num_events is 112141, mark_ll is -1.5645309340612488, time_ll is 5.195839424530279[0m
[31;1m2026-09-28 18:16:09,572 - tpp_runner.py[pid:21600;line:140:_train_model] - CRITICAL: current best loglike on valid set is 3.4695 (updated at epoch-51), best updated at this epoch[0m
[38;20m2026-09-28 18:16:32,065 - tpp_runner.py[pid:21600;line:104:_train_model] - INFO: [ Epoch 52 (train) ]: train loglike is 3.7976678035068607, num_events is 242824, mark_ll is -1.5321478459900484, time_ll is 5.329815701778861[0m
[38;20m2026-09-28 18:16:33,394 - tpp_runner.py[pid:21600;line:116:_train_model] - INFO: [ Epoch 52 (valid) ]:  valid loglike is 3.4783519149247533, num_events is 52959, mark_ll is -1.525817067802451, time_ll is 5.004168761447535[0m
[38;20m2026-09-28 18:16:36,194 - tpp_runner.py[pid:21600;line:136:_train_model] - INFO: [ Epoch 52 (test) ]: test loglike is 3.641928569557521, num_events is 112141, mark_ll is -1.5664175185982379, time_ll is 5.208345983655621[0m
[31;1m2026-09-28 18:16:36,194 - tpp_runner.py[pid:21600;line:140:_train_model] - CRITICAL: current best loglike on valid set is 3.4784 (updated at epoch-52), best updated at this epoch[0m
[38;20m2026-09-28 18:16:58,375 - tpp_runner.py[pid:21600;line:104:_train_model] - INFO: [ Epoch 53 (train) ]: train loglike is 3.8100654949675485, num_events is 242824, mark_ll is -1.5331790592157282, time_ll is 5.34324448983626[0m
[38;20m2026-09-28 18:16:59,726 - tpp_runner.py[pid:21600;line:116:_train_model] - INFO: [ Epoch 53 (valid) ]:  valid loglike is 3.4670675737952945, num_events is 52959, mark_ll is -1.5260510065127033, time_ll is 4.993118755487735[0m
[38;20m2026-09-28 18:17:02,525 - tpp_runner.py[pid:21600;line:136:_train_model] - INFO: [ Epoch 53 (test) ]: test loglike is 3.6210100976393558, num_events is 112141, mark_ll is -1.5657308307733122, time_ll is 5.186740945829357[0m
[31;1m2026-09-28 18:17:02,525 - tpp_runner.py[pid:21600;line:140:_train_model] - CRITICAL: current best loglike on valid set is 3.4784 (updated at epoch-52)[0m
[38;20m2026-09-28 18:17:24,749 - tpp_runner.py[pid:21600;line:104:_train_model] - INFO: [ Epoch 54 (train) ]: train loglike is 3.7974058468015928, num_events is 242824, mark_ll is -1.532905037444816, time_ll is 5.330310884246409[0m
[38;20m2026-09-28 18:17:26,102 - tpp_runner.py[pid:21600;line:116:_train_model] - INFO: [ Epoch 54 (valid) ]:  valid loglike is 3.4565243720378027, num_events is 52959, mark_ll is -1.5242923402419797, time_ll is 4.9808166016399475[0m
[38;20m2026-09-28 18:17:28,904 - tpp_runner.py[pid:21600;line:136:_train_model] - INFO: [ Epoch 54 (test) ]: test loglike is 3.62022072101194, num_events is 112141, mark_ll is -1.5642738114711614, time_ll is 5.184494541191446[0m
[31;1m2026-09-28 18:17:28,904 - tpp_runner.py[pid:21600;line:140:_train_model] - CRITICAL: current best loglike on valid set is 3.4784 (updated at epoch-52)[0m
[38;20m2026-09-28 18:17:51,176 - tpp_runner.py[pid:21600;line:104:_train_model] - INFO: [ Epoch 55 (train) ]: train loglike is 3.8035147514892476, num_events is 242824, mark_ll is -1.5325279558831706, time_ll is 5.336042659112155[0m
[38;20m2026-09-28 18:17:52,501 - tpp_runner.py[pid:21600;line:116:_train_model] - INFO: [ Epoch 55 (valid) ]:  valid loglike is 3.442167894621311, num_events is 52959, mark_ll is -1.5290361798897496, time_ll is 4.97120388089135[0m
[38;20m2026-09-28 18:17:55,321 - tpp_runner.py[pid:21600;line:136:_train_model] - INFO: [ Epoch 55 (test) ]: test loglike is 3.6339361725695776, num_events is 112141, mark_ll is -1.5702480495397535, time_ll is 5.204184143734228[0m
[31;1m2026-09-28 18:17:55,321 - tpp_runner.py[pid:21600;line:140:_train_model] - CRITICAL: current best loglike on valid set is 3.4784 (updated at epoch-52)[0m
[38;20m2026-09-28 18:18:17,675 - tpp_runner.py[pid:21600;line:104:_train_model] - INFO: [ Epoch 56 (train) ]: train loglike is 3.8260224853571927, num_events is 242824, mark_ll is -1.5348705009852814, time_ll is 5.360892962212343[0m
[38;20m2026-09-28 18:18:18,987 - tpp_runner.py[pid:21600;line:116:_train_model] - INFO: [ Epoch 56 (valid) ]:  valid loglike is 3.495715841204989, num_events is 52959, mark_ll is -1.526166173360524, time_ll is 5.021882051445457[0m
[38;20m2026-09-28 18:18:21,810 - tpp_runner.py[pid:21600;line:136:_train_model] - INFO: [ Epoch 56 (test) ]: test loglike is 3.665907049356391, num_events is 112141, mark_ll is -1.5660449407721084, time_ll is 5.231952007545189[0m
[31;1m2026-09-28 18:18:21,810 - tpp_runner.py[pid:21600;line:140:_train_model] - CRITICAL: current best loglike on valid set is 3.4957 (updated at epoch-56), best updated at this epoch[0m
[38;20m2026-09-28 18:18:44,286 - tpp_runner.py[pid:21600;line:104:_train_model] - INFO: [ Epoch 57 (train) ]: train loglike is 3.836967092485195, num_events is 242824, mark_ll is -1.5335340737723104, time_ll is 5.370501146149063[0m
[38;20m2026-09-28 18:18:45,605 - tpp_runner.py[pid:21600;line:116:_train_model] - INFO: [ Epoch 57 (valid) ]:  valid loglike is 3.476258959613805, num_events is 52959, mark_ll is -1.526060567638409, time_ll is 5.002319379732435[0m
[38;20m2026-09-28 18:18:48,438 - tpp_runner.py[pid:21600;line:136:_train_model] - INFO: [ Epoch 57 (test) ]: test loglike is 3.649845761279327, num_events is 112141, mark_ll is -1.5662041989827538, time_ll is 5.2160498731786324[0m
[31;1m2026-09-28 18:18:48,438 - tpp_runner.py[pid:21600;line:140:_train_model] - CRITICAL: current best loglike on valid set is 3.4957 (updated at epoch-56)[0m
[38;20m2026-09-28 18:19:10,838 - tpp_runner.py[pid:21600;line:104:_train_model] - INFO: [ Epoch 58 (train) ]: train loglike is 3.8438240473295475, num_events is 242824, mark_ll is -1.5337724834911293, time_ll is 5.377596546907431[0m
[38;20m2026-09-28 18:19:12,155 - tpp_runner.py[pid:21600;line:116:_train_model] - INFO: [ Epoch 58 (valid) ]:  valid loglike is 3.5003921444537283, num_events is 52959, mark_ll is -1.5293567311505127, time_ll is 5.029748912484186[0m
[38;20m2026-09-28 18:19:14,996 - tpp_runner.py[pid:21600;line:136:_train_model] - INFO: [ Epoch 58 (test) ]: test loglike is 3.661623919607904, num_events is 112141, mark_ll is -1.5698769608405936, time_ll is 5.231500967531947[0m
[31;1m2026-09-28 18:19:14,996 - tpp_runner.py[pid:21600;line:140:_train_model] - CRITICAL: current best loglike on valid set is 3.5004 (updated at epoch-58), best updated at this epoch[0m
[38;20m2026-09-28 18:19:37,554 - tpp_runner.py[pid:21600;line:104:_train_model] - INFO: [ Epoch 59 (train) ]: train loglike is 3.8409319304439635, num_events is 242824, mark_ll is -1.5354339958545078, time_ll is 5.376365974558734[0m
[38;20m2026-09-28 18:19:38,887 - tpp_runner.py[pid:21600;line:116:_train_model] - INFO: [ Epoch 59 (valid) ]:  valid loglike is 3.490211841353689, num_events is 52959, mark_ll is -1.530365102602957, time_ll is 5.020577017716535[0m
[38;20m2026-09-28 18:19:41,774 - tpp_runner.py[pid:21600;line:136:_train_model] - INFO: [ Epoch 59 (test) ]: test loglike is 3.6649215259695382, num_events is 112141, mark_ll is -1.5707461407402288, time_ll is 5.235667718959836[0m
[31;1m2026-09-28 18:19:41,774 - tpp_runner.py[pid:21600;line:140:_train_model] - CRITICAL: current best loglike on valid set is 3.5004 (updated at epoch-58)[0m
[38;20m2026-09-28 18:20:04,009 - tpp_runner.py[pid:21600;line:104:_train_model] - INFO: [ Epoch 60 (train) ]: train loglike is 3.837266177419139, num_events is 242824, mark_ll is -1.5378064623194165, time_ll is 5.375072615608424[0m
[38;20m2026-09-28 18:20:05,326 - tpp_runner.py[pid:21600;line:116:_train_model] - INFO: [ Epoch 60 (valid) ]:  valid loglike is 3.4721917102145055, num_events is 52959, mark_ll is -1.5285347140594612, time_ll is 5.000726608673691[0m
[38;20m2026-09-28 18:20:08,146 - tpp_runner.py[pid:21600;line:136:_train_model] - INFO: [ Epoch 60 (test) ]: test loglike is 3.634114902639311, num_events is 112141, mark_ll is -1.5677872019098724, time_ll is 5.201902087132494[0m
[31;1m2026-09-28 18:20:08,148 - tpp_runner.py[pid:21600;line:140:_train_model] - CRITICAL: current best loglike on valid set is 3.5004 (updated at epoch-58)[0m
[38;20m2026-09-28 18:20:30,777 - tpp_runner.py[pid:21600;line:104:_train_model] - INFO: [ Epoch 61 (train) ]: train loglike is 3.8498492928520247, num_events is 242824, mark_ll is -1.5369155135252281, time_ll is 5.386764822464007[0m
[38;20m2026-09-28 18:20:32,118 - tpp_runner.py[pid:21600;line:116:_train_model] - INFO: [ Epoch 61 (valid) ]:  valid loglike is 3.489319051648445, num_events is 52959, mark_ll is -1.5245289619682207, time_ll is 5.013848050496611[0m
[38;20m2026-09-28 18:20:34,971 - tpp_runner.py[pid:21600;line:136:_train_model] - INFO: [ Epoch 61 (test) ]: test loglike is 3.650998084303466, num_events is 112141, mark_ll is -1.5648231948228124, time_ll is 5.2158211397927605[0m
[31;1m2026-09-28 18:20:34,971 - tpp_runner.py[pid:21600;line:140:_train_model] - CRITICAL: current best loglike on valid set is 3.5004 (updated at epoch-58)[0m
[38;20m2026-09-28 18:20:57,236 - tpp_runner.py[pid:21600;line:104:_train_model] - INFO: [ Epoch 62 (train) ]: train loglike is 3.8626169394422503, num_events is 242824, mark_ll is -1.535562766300129, time_ll is 5.398179709764068[0m
[38;20m2026-09-28 18:20:58,566 - tpp_runner.py[pid:21600;line:116:_train_model] - INFO: [ Epoch 62 (valid) ]:  valid loglike is 3.523579118988274, num_events is 52959, mark_ll is -1.5252314603779575, time_ll is 5.0488106807860795[0m
[38;20m2026-09-28 18:21:01,381 - tpp_runner.py[pid:21600;line:136:_train_model] - INFO: [ Epoch 62 (test) ]: test loglike is 3.6764996362001856, num_events is 112141, mark_ll is -1.564827609953652, time_ll is 5.241327289695562[0m
[31;1m2026-09-28 18:21:01,381 - tpp_runner.py[pid:21600;line:140:_train_model] - CRITICAL: current best loglike on valid set is 3.5236 (updated at epoch-62), best updated at this epoch[0m
[38;20m2026-09-28 18:21:23,581 - tpp_runner.py[pid:21600;line:104:_train_model] - INFO: [ Epoch 63 (train) ]: train loglike is 3.857407075186143, num_events is 242824, mark_ll is -1.534363285625597, time_ll is 5.391770344724986[0m
[38;20m2026-09-28 18:21:24,916 - tpp_runner.py[pid:21600;line:116:_train_model] - INFO: [ Epoch 63 (valid) ]:  valid loglike is 3.527061876581412, num_events is 52959, mark_ll is -1.5282775502039314, time_ll is 5.055339463665288[0m
[38;20m2026-09-28 18:21:27,706 - tpp_runner.py[pid:21600;line:136:_train_model] - INFO: [ Epoch 63 (test) ]: test loglike is 3.682509456565841, num_events is 112141, mark_ll is -1.5687750417164552, time_ll is 5.251284480865607[0m
[31;1m2026-09-28 18:21:27,706 - tpp_runner.py[pid:21600;line:140:_train_model] - CRITICAL: current best loglike on valid set is 3.5271 (updated at epoch-63), best updated at this epoch[0m
[38;20m2026-09-28 18:21:49,917 - tpp_runner.py[pid:21600;line:104:_train_model] - INFO: [ Epoch 64 (train) ]: train loglike is 3.869603231790309, num_events is 242824, mark_ll is -1.5345160816386045, time_ll is 5.4041192772337165[0m
[38;20m2026-09-28 18:21:51,261 - tpp_runner.py[pid:21600;line:116:_train_model] - INFO: [ Epoch 64 (valid) ]:  valid loglike is 3.538516308016579, num_events is 52959, mark_ll is -1.5271806300038708, time_ll is 5.06569686426056[0m
[38;20m2026-09-28 18:21:54,052 - tpp_runner.py[pid:21600;line:136:_train_model] - INFO: [ Epoch 64 (test) ]: test loglike is 3.696028743947352, num_events is 112141, mark_ll is -1.5669005791954995, time_ll is 5.262929384101265[0m
[31;1m2026-09-28 18:21:54,052 - tpp_runner.py[pid:21600;line:140:_train_model] - CRITICAL: current best loglike on valid set is 3.5385 (updated at epoch-64), best updated at this epoch[0m
[38;20m2026-09-28 18:22:16,477 - tpp_runner.py[pid:21600;line:104:_train_model] - INFO: [ Epoch 65 (train) ]: train loglike is 3.8782930309735653, num_events is 242824, mark_ll is -1.534953295487421, time_ll is 5.413246354612806[0m
[38;20m2026-09-28 18:22:17,835 - tpp_runner.py[pid:21600;line:116:_train_model] - INFO: [ Epoch 65 (valid) ]:  valid loglike is 3.5462492579755094, num_events is 52959, mark_ll is -1.52945977371646, time_ll is 5.075708847292245[0m
[38;20m2026-09-28 18:22:20,673 - tpp_runner.py[pid:21600;line:136:_train_model] - INFO: [ Epoch 65 (test) ]: test loglike is 3.7112691311886374, num_events is 112141, mark_ll is -1.5698061968303296, time_ll is 5.281075362852347[0m
[31;1m2026-09-28 18:22:20,673 - tpp_runner.py[pid:21600;line:140:_train_model] - CRITICAL: current best loglike on valid set is 3.5462 (updated at epoch-65), best updated at this epoch[0m
[38;20m2026-09-28 18:22:43,225 - tpp_runner.py[pid:21600;line:104:_train_model] - INFO: [ Epoch 66 (train) ]: train loglike is 3.8756160985554353, num_events is 242824, mark_ll is -1.5362983572657047, time_ll is 5.411914435712697[0m
[38;20m2026-09-28 18:22:44,576 - tpp_runner.py[pid:21600;line:116:_train_model] - INFO: [ Epoch 66 (valid) ]:  valid loglike is 3.548011086701505, num_events is 52959, mark_ll is -1.5291126135754782, time_ll is 5.077123635737079[0m
[38;20m2026-09-28 18:22:47,404 - tpp_runner.py[pid:21600;line:136:_train_model] - INFO: [ Epoch 66 (test) ]: test loglike is 3.7042652184247955, num_events is 112141, mark_ll is -1.56997162054913, time_ll is 5.274236995724133[0m
[31;1m2026-09-28 18:22:47,404 - tpp_runner.py[pid:21600;line:140:_train_model] - CRITICAL: current best loglike on valid set is 3.5480 (updated at epoch-66), best updated at this epoch[0m
[38;20m2026-09-28 18:23:09,742 - tpp_runner.py[pid:21600;line:104:_train_model] - INFO: [ Epoch 67 (train) ]: train loglike is 3.882861677207566, num_events is 242824, mark_ll is -1.537325375870229, time_ll is 5.4201870812296145[0m
[38;20m2026-09-28 18:23:11,072 - tpp_runner.py[pid:21600;line:116:_train_model] - INFO: [ Epoch 67 (valid) ]:  valid loglike is 3.5081489557369854, num_events is 52959, mark_ll is -1.5276203956864036, time_ll is 5.035769415963292[0m
[38;20m2026-09-28 18:23:13,862 - tpp_runner.py[pid:21600;line:136:_train_model] - INFO: [ Epoch 67 (test) ]: test loglike is 3.6755591001228365, num_events is 112141, mark_ll is -1.5672391161016042, time_ll is 5.242798146557682[0m
[31;1m2026-09-28 18:23:13,862 - tpp_runner.py[pid:21600;line:140:_train_model] - CRITICAL: current best loglike on valid set is 3.5480 (updated at epoch-66)[0m
[38;20m2026-09-28 18:23:36,150 - tpp_runner.py[pid:21600;line:104:_train_model] - INFO: [ Epoch 68 (train) ]: train loglike is 3.8904888899727785, num_events is 242824, mark_ll is -1.5365449028604565, time_ll is 5.427033748594662[0m
[38;20m2026-09-28 18:23:37,461 - tpp_runner.py[pid:21600;line:116:_train_model] - INFO: [ Epoch 68 (valid) ]:  valid loglike is 3.5497134649563815, num_events is 52959, mark_ll is -1.529849050754475, time_ll is 5.079562506490871[0m
[38;20m2026-09-28 18:23:40,268 - tpp_runner.py[pid:21600;line:136:_train_model] - INFO: [ Epoch 68 (test) ]: test loglike is 3.7168948787129596, num_events is 112141, mark_ll is -1.5695001768839005, time_ll is 5.286395133971964[0m
[31;1m2026-09-28 18:23:40,268 - tpp_runner.py[pid:21600;line:140:_train_model] - CRITICAL: current best loglike on valid set is 3.5497 (updated at epoch-68), best updated at this epoch[0m
[38;20m2026-09-28 18:24:02,605 - tpp_runner.py[pid:21600;line:104:_train_model] - INFO: [ Epoch 69 (train) ]: train loglike is 3.899241692928829, num_events is 242824, mark_ll is -1.5364015216203402, time_ll is 5.435643170310596[0m
[38;20m2026-09-28 18:24:03,928 - tpp_runner.py[pid:21600;line:116:_train_model] - INFO: [ Epoch 69 (valid) ]:  valid loglike is 3.5492895115502088, num_events is 52959, mark_ll is -1.5298495209737721, time_ll is 5.0791389403241185[0m
[38;20m2026-09-28 18:24:06,757 - tpp_runner.py[pid:21600;line:136:_train_model] - INFO: [ Epoch 69 (test) ]: test loglike is 3.718448848018343, num_events is 112141, mark_ll is -1.56987952109398, time_ll is 5.288328351695633[0m
[31;1m2026-09-28 18:24:06,757 - tpp_runner.py[pid:21600;line:140:_train_model] - CRITICAL: current best loglike on valid set is 3.5497 (updated at epoch-68)[0m
[38;20m2026-09-28 18:24:29,285 - tpp_runner.py[pid:21600;line:104:_train_model] - INFO: [ Epoch 70 (train) ]: train loglike is 3.907246188340115, num_events is 242824, mark_ll is -1.536007975265779, time_ll is 5.443254119367319[0m
[38;20m2026-09-28 18:24:30,620 - tpp_runner.py[pid:21600;line:116:_train_model] - INFO: [ Epoch 70 (valid) ]:  valid loglike is 3.5639678218055475, num_events is 52959, mark_ll is -1.529770164552413, time_ll is 5.09373779273825[0m
[38;20m2026-09-28 18:24:33,477 - tpp_runner.py[pid:21600;line:136:_train_model] - INFO: [ Epoch 70 (test) ]: test loglike is 3.7224972530397, num_events is 112141, mark_ll is -1.5694788153139798, time_ll is 5.291975946436851[0m
[31;1m2026-09-28 18:24:33,477 - tpp_runner.py[pid:21600;line:140:_train_model] - CRITICAL: current best loglike on valid set is 3.5640 (updated at epoch-70), best updated at this epoch[0m
[38;20m2026-09-28 18:24:55,844 - tpp_runner.py[pid:21600;line:104:_train_model] - INFO: [ Epoch 71 (train) ]: train loglike is 3.9046953760748524, num_events is 242824, mark_ll is -1.5352425433711763, time_ll is 5.439937883250832[0m
[38;20m2026-09-28 18:24:57,158 - tpp_runner.py[pid:21600;line:116:_train_model] - INFO: [ Epoch 71 (valid) ]:  valid loglike is 3.558124489581563, num_events is 52959, mark_ll is -1.5258858857795654, time_ll is 5.084010522880908[0m
[38;20m2026-09-28 18:24:59,984 - tpp_runner.py[pid:21600;line:136:_train_model] - INFO: [ Epoch 71 (test) ]: test loglike is 3.716641570377917, num_events is 112141, mark_ll is -1.5654664280069288, time_ll is 5.282108137718364[0m
[31;1m2026-09-28 18:24:59,984 - tpp_runner.py[pid:21600;line:140:_train_model] - CRITICAL: current best loglike on valid set is 3.5640 (updated at epoch-70)[0m
[38;20m2026-09-28 18:25:22,493 - tpp_runner.py[pid:21600;line:104:_train_model] - INFO: [ Epoch 72 (train) ]: train loglike is 3.910899964776443, num_events is 242824, mark_ll is -1.5359186978017, time_ll is 5.446818638448011[0m
[38;20m2026-09-28 18:25:23,857 - tpp_runner.py[pid:21600;line:116:_train_model] - INFO: [ Epoch 72 (valid) ]:  valid loglike is 3.5715969915996335, num_events is 52959, mark_ll is -1.529419436276766, time_ll is 5.101016381776469[0m
[38;20m2026-09-28 18:25:26,690 - tpp_runner.py[pid:21600;line:136:_train_model] - INFO: [ Epoch 72 (test) ]: test loglike is 3.7354181029630107, num_events is 112141, mark_ll is -1.5697997613634844, time_ll is 5.30521785561815[0m
[31;1m2026-09-28 18:25:26,690 - tpp_runner.py[pid:21600;line:140:_train_model] - CRITICAL: current best loglike on valid set is 3.5716 (updated at epoch-72), best updated at this epoch[0m
[38;20m2026-09-28 18:25:49,174 - tpp_runner.py[pid:21600;line:104:_train_model] - INFO: [ Epoch 73 (train) ]: train loglike is 3.9182597996002246, num_events is 242824, mark_ll is -1.5358950985332998, time_ll is 5.454154825743131[0m
[38;20m2026-09-28 18:25:50,513 - tpp_runner.py[pid:21600;line:116:_train_model] - INFO: [ Epoch 73 (valid) ]:  valid loglike is 3.5678337989057574, num_events is 52959, mark_ll is -1.5294691596624275, time_ll is 5.097302866368323[0m
[38;20m2026-09-28 18:25:53,356 - tpp_runner.py[pid:21600;line:136:_train_model] - INFO: [ Epoch 73 (test) ]: test loglike is 3.7369850128688435, num_events is 112141, mark_ll is -1.570088965496005, time_ll is 5.307074039323263[0m
[31;1m2026-09-28 18:25:53,356 - tpp_runner.py[pid:21600;line:140:_train_model] - CRITICAL: current best loglike on valid set is 3.5716 (updated at epoch-72)[0m
[38;20m2026-09-28 18:26:15,785 - tpp_runner.py[pid:21600;line:104:_train_model] - INFO: [ Epoch 74 (train) ]: train loglike is 3.918139205247422, num_events is 242824, mark_ll is -1.535792650039226, time_ll is 5.453931895503533[0m
[38;20m2026-09-28 18:26:17,139 - tpp_runner.py[pid:21600;line:116:_train_model] - INFO: [ Epoch 74 (valid) ]:  valid loglike is 3.5735787354368473, num_events is 52959, mark_ll is -1.5277759921737806, time_ll is 5.101354865910421[0m
[38;20m2026-09-28 18:26:20,011 - tpp_runner.py[pid:21600;line:136:_train_model] - INFO: [ Epoch 74 (test) ]: test loglike is 3.733603144562426, num_events is 112141, mark_ll is -1.567755956368545, time_ll is 5.301359013847522[0m
[31;1m2026-09-28 18:26:20,011 - tpp_runner.py[pid:21600;line:140:_train_model] - CRITICAL: current best loglike on valid set is 3.5736 (updated at epoch-74), best updated at this epoch[0m
[38;20m2026-09-28 18:26:42,616 - tpp_runner.py[pid:21600;line:104:_train_model] - INFO: [ Epoch 75 (train) ]: train loglike is 3.9237819881889764, num_events is 242824, mark_ll is -1.5356567813133175, time_ll is 5.4594387292854085[0m
[38;20m2026-09-28 18:26:43,929 - tpp_runner.py[pid:21600;line:116:_train_model] - INFO: [ Epoch 75 (valid) ]:  valid loglike is 3.5823841726323664, num_events is 52959, mark_ll is -1.5298748390559207, time_ll is 5.1122589010484525[0m
[38;20m2026-09-28 18:26:46,764 - tpp_runner.py[pid:21600;line:136:_train_model] - INFO: [ Epoch 75 (test) ]: test loglike is 3.737735097444289, num_events is 112141, mark_ll is -1.5704117490062734, time_ll is 5.308146942242356[0m
[31;1m2026-09-28 18:26:46,764 - tpp_runner.py[pid:21600;line:140:_train_model] - CRITICAL: current best loglike on valid set is 3.5824 (updated at epoch-75), best updated at this epoch[0m
[38;20m2026-09-28 18:27:09,068 - tpp_runner.py[pid:21600;line:104:_train_model] - INFO: [ Epoch 76 (train) ]: train loglike is 3.925698266478499, num_events is 242824, mark_ll is -1.5364893794283616, time_ll is 5.462187682102058[0m
[38;20m2026-09-28 18:27:10,402 - tpp_runner.py[pid:21600;line:116:_train_model] - INFO: [ Epoch 76 (valid) ]:  valid loglike is 3.5776569566197436, num_events is 52959, mark_ll is -1.530272589261268, time_ll is 5.10792937992126[0m
[38;20m2026-09-28 18:27:13,220 - tpp_runner.py[pid:21600;line:136:_train_model] - INFO: [ Epoch 76 (test) ]: test loglike is 3.747201921715742, num_events is 112141, mark_ll is -1.5706603722517858, time_ll is 5.317862320092562[0m
[31;1m2026-09-28 18:27:13,220 - tpp_runner.py[pid:21600;line:140:_train_model] - CRITICAL: current best loglike on valid set is 3.5824 (updated at epoch-75)[0m
[38;20m2026-09-28 18:27:35,401 - tpp_runner.py[pid:21600;line:104:_train_model] - INFO: [ Epoch 77 (train) ]: train loglike is 3.9314143487155304, num_events is 242824, mark_ll is -1.5358444614527909, time_ll is 5.467258773973125[0m
[38;20m2026-09-28 18:27:36,733 - tpp_runner.py[pid:21600;line:116:_train_model] - INFO: [ Epoch 77 (valid) ]:  valid loglike is 3.583969032942937, num_events is 52959, mark_ll is -1.5284716216937868, time_ll is 5.112440645416737[0m
[38;20m2026-09-28 18:27:39,526 - tpp_runner.py[pid:21600;line:136:_train_model] - INFO: [ Epoch 77 (test) ]: test loglike is 3.742412837131379, num_events is 112141, mark_ll is -1.5688614546224173, time_ll is 5.311274317878831[0m
[31;1m2026-09-28 18:27:39,526 - tpp_runner.py[pid:21600;line:140:_train_model] - CRITICAL: current best loglike on valid set is 3.5840 (updated at epoch-77), best updated at this epoch[0m
[38;20m2026-09-28 18:28:01,750 - tpp_runner.py[pid:21600;line:104:_train_model] - INFO: [ Epoch 78 (train) ]: train loglike is 3.9363019952851652, num_events is 242824, mark_ll is -1.5362607182825834, time_ll is 5.472562753784634[0m
[38;20m2026-09-28 18:28:03,072 - tpp_runner.py[pid:21600;line:116:_train_model] - INFO: [ Epoch 78 (valid) ]:  valid loglike is 3.587763573589947, num_events is 52959, mark_ll is -1.5295103176808946, time_ll is 5.117273799070979[0m
[38;20m2026-09-28 18:28:05,885 - tpp_runner.py[pid:21600;line:136:_train_model] - INFO: [ Epoch 78 (test) ]: test loglike is 3.7542621948874633, num_events is 112141, mark_ll is -1.5701419209410474, time_ll is 5.32440416807858[0m
[31;1m2026-09-28 18:28:05,885 - tpp_runner.py[pid:21600;line:140:_train_model] - CRITICAL: current best loglike on valid set is 3.5878 (updated at epoch-78), best updated at this epoch[0m
[38;20m2026-09-28 18:28:28,431 - tpp_runner.py[pid:21600;line:104:_train_model] - INFO: [ Epoch 79 (train) ]: train loglike is 3.9373761722096043, num_events is 242824, mark_ll is -1.5362452227166075, time_ll is 5.473621439164786[0m
[38;20m2026-09-28 18:28:29,750 - tpp_runner.py[pid:21600;line:116:_train_model] - INFO: [ Epoch 79 (valid) ]:  valid loglike is 3.592634160388225, num_events is 52959, mark_ll is -1.5281142365880918, time_ll is 5.120748332436413[0m
[38;20m2026-09-28 18:28:32,564 - tpp_runner.py[pid:21600;line:136:_train_model] - INFO: [ Epoch 79 (test) ]: test loglike is 3.7487433161711596, num_events is 112141, mark_ll is -1.5684899566310493, time_ll is 5.317233403427382[0m
[31;1m2026-09-28 18:28:32,564 - tpp_runner.py[pid:21600;line:140:_train_model] - CRITICAL: current best loglike on valid set is 3.5926 (updated at epoch-79), best updated at this epoch[0m
[38;20m2026-09-28 18:28:54,913 - tpp_runner.py[pid:21600;line:104:_train_model] - INFO: [ Epoch 80 (train) ]: train loglike is 3.943875840243345, num_events is 242824, mark_ll is -1.5364300233270805, time_ll is 5.4803059359608195[0m
[38;20m2026-09-28 18:28:56,231 - tpp_runner.py[pid:21600;line:116:_train_model] - INFO: [ Epoch 80 (valid) ]:  valid loglike is 3.597376497178242, num_events is 52959, mark_ll is -1.5309640882274496, time_ll is 5.128340548525746[0m
[38;20m2026-09-28 18:28:59,088 - tpp_runner.py[pid:21600;line:136:_train_model] - INFO: [ Epoch 80 (test) ]: test loglike is 3.7610160388205474, num_events is 112141, mark_ll is -1.5715227335174022, time_ll is 5.332538894254777[0m
[31;1m2026-09-28 18:28:59,088 - tpp_runner.py[pid:21600;line:140:_train_model] - CRITICAL: current best loglike on valid set is 3.5974 (updated at epoch-80), best updated at this epoch[0m
[38;20m2026-09-28 18:29:21,308 - tpp_runner.py[pid:21600;line:104:_train_model] - INFO: [ Epoch 81 (train) ]: train loglike is 3.939191988719196, num_events is 242824, mark_ll is -1.535956421240281, time_ll is 5.475148377785969[0m
[38;20m2026-09-28 18:29:22,630 - tpp_runner.py[pid:21600;line:116:_train_model] - INFO: [ Epoch 81 (valid) ]:  valid loglike is 3.5984301940829226, num_events is 52959, mark_ll is -1.5308783607956156, time_ll is 5.129308425798731[0m
[38;20m2026-09-28 18:29:25,454 - tpp_runner.py[pid:21600;line:136:_train_model] - INFO: [ Epoch 81 (test) ]: test loglike is 3.7593148462371033, num_events is 112141, mark_ll is -1.5716096166739864, time_ll is 5.330924471619435[0m
[31;1m2026-09-28 18:29:25,454 - tpp_runner.py[pid:21600;line:140:_train_model] - CRITICAL: current best loglike on valid set is 3.5984 (updated at epoch-81), best updated at this epoch[0m
[38;20m2026-09-28 18:29:47,754 - tpp_runner.py[pid:21600;line:104:_train_model] - INFO: [ Epoch 82 (train) ]: train loglike is 3.9444137571734053, num_events is 242824, mark_ll is -1.536691014827097, time_ll is 5.481104820260765[0m
[38;20m2026-09-28 18:29:49,074 - tpp_runner.py[pid:21600;line:116:_train_model] - INFO: [ Epoch 82 (valid) ]:  valid loglike is 3.593949704901433, num_events is 52959, mark_ll is -1.529567075916039, time_ll is 5.123516799257445[0m
[38;20m2026-09-28 18:29:51,892 - tpp_runner.py[pid:21600;line:136:_train_model] - INFO: [ Epoch 82 (test) ]: test loglike is 3.756571508608582, num_events is 112141, mark_ll is -1.5698056133712246, time_ll is 5.326377182938221[0m
[31;1m2026-09-28 18:29:51,892 - tpp_runner.py[pid:21600;line:140:_train_model] - CRITICAL: current best loglike on valid set is 3.5984 (updated at epoch-81)[0m
[38;20m2026-09-28 18:30:14,266 - tpp_runner.py[pid:21600;line:104:_train_model] - INFO: [ Epoch 83 (train) ]: train loglike is 3.943575251197884, num_events is 242824, mark_ll is -1.5362464412882375, time_ll is 5.479821708572876[0m
[38;20m2026-09-28 18:30:15,633 - tpp_runner.py[pid:21600;line:116:_train_model] - INFO: [ Epoch 83 (valid) ]:  valid loglike is 3.5920386045986046, num_events is 52959, mark_ll is -1.5284116733434119, time_ll is 5.12045034248192[0m
[38;20m2026-09-28 18:30:18,471 - tpp_runner.py[pid:21600;line:136:_train_model] - INFO: [ Epoch 83 (test) ]: test loglike is 3.7507967613038495, num_events is 112141, mark_ll is -1.5685667468159505, time_ll is 5.319363342661248[0m
[31;1m2026-09-28 18:30:18,471 - tpp_runner.py[pid:21600;line:140:_train_model] - CRITICAL: current best loglike on valid set is 3.5984 (updated at epoch-81)[0m
[38;20m2026-09-28 18:30:40,998 - tpp_runner.py[pid:21600;line:104:_train_model] - INFO: [ Epoch 84 (train) ]: train loglike is 3.949194764649499, num_events is 242824, mark_ll is -1.5354791473518372, time_ll is 5.48467395623991[0m
[38;20m2026-09-28 18:30:42,303 - tpp_runner.py[pid:21600;line:116:_train_model] - INFO: [ Epoch 84 (valid) ]:  valid loglike is 3.6024701523230234, num_events is 52959, mark_ll is -1.5290183023364772, time_ll is 5.131488473099473[0m
[38;20m2026-09-28 18:30:45,128 - tpp_runner.py[pid:21600;line:136:_train_model] - INFO: [ Epoch 84 (test) ]: test loglike is 3.770761077293318, num_events is 112141, mark_ll is -1.5693257313198339, time_ll is 5.340086677987979[0m
[31;1m2026-09-28 18:30:45,128 - tpp_runner.py[pid:21600;line:140:_train_model] - CRITICAL: current best loglike on valid set is 3.6025 (updated at epoch-84), best updated at this epoch[0m
[38;20m2026-09-28 18:31:07,492 - tpp_runner.py[pid:21600;line:104:_train_model] - INFO: [ Epoch 85 (train) ]: train loglike is 3.9515532436816376, num_events is 242824, mark_ll is -1.5357252063222746, time_ll is 5.487278466090666[0m
[38;20m2026-09-28 18:31:08,817 - tpp_runner.py[pid:21600;line:116:_train_model] - INFO: [ Epoch 85 (valid) ]:  valid loglike is 3.600901537628165, num_events is 52959, mark_ll is -1.5293617652629865, time_ll is 5.130263321331124[0m
[38;20m2026-09-28 18:31:11,657 - tpp_runner.py[pid:21600;line:136:_train_model] - INFO: [ Epoch 85 (test) ]: test loglike is 3.762338000402395, num_events is 112141, mark_ll is -1.5696516498342488, time_ll is 5.33198962411161[0m
[31;1m2026-09-28 18:31:11,657 - tpp_runner.py[pid:21600;line:140:_train_model] - CRITICAL: current best loglike on valid set is 3.6025 (updated at epoch-84)[0m
[38;20m2026-09-28 18:31:34,265 - tpp_runner.py[pid:21600;line:104:_train_model] - INFO: [ Epoch 86 (train) ]: train loglike is 3.950967790392939, num_events is 242824, mark_ll is -1.535595575235304, time_ll is 5.486563345519801[0m
[38;20m2026-09-28 18:31:35,611 - tpp_runner.py[pid:21600;line:116:_train_model] - INFO: [ Epoch 86 (valid) ]:  valid loglike is 3.5976417008617516, num_events is 52959, mark_ll is -1.5284804083406502, time_ll is 5.126122072322457[0m
[38;20m2026-09-28 18:31:38,440 - tpp_runner.py[pid:21600;line:136:_train_model] - INFO: [ Epoch 86 (test) ]: test loglike is 3.7585783989296955, num_events is 112141, mark_ll is -1.5684648330561526, time_ll is 5.3270432494025375[0m
[31;1m2026-09-28 18:31:38,440 - tpp_runner.py[pid:21600;line:140:_train_model] - CRITICAL: current best loglike on valid set is 3.6025 (updated at epoch-84)[0m
[38;20m2026-09-28 18:32:00,682 - tpp_runner.py[pid:21600;line:104:_train_model] - INFO: [ Epoch 87 (train) ]: train loglike is 3.9559606202048605, num_events is 242824, mark_ll is -1.5355553342196921, time_ll is 5.491515926272733[0m
[38;20m2026-09-28 18:32:02,007 - tpp_runner.py[pid:21600;line:116:_train_model] - INFO: [ Epoch 87 (valid) ]:  valid loglike is 3.609493329303093, num_events is 52959, mark_ll is -1.5290288039007771, time_ll is 5.138522142423856[0m
[38;20m2026-09-28 18:32:04,832 - tpp_runner.py[pid:21600;line:136:_train_model] - INFO: [ Epoch 87 (test) ]: test loglike is 3.7682096715853257, num_events is 112141, mark_ll is -1.5688865520722794, time_ll is 5.33709623236595[0m
[31;1m2026-09-28 18:32:04,832 - tpp_runner.py[pid:21600;line:140:_train_model] - CRITICAL: current best loglike on valid set is 3.6095 (updated at epoch-87), best updated at this epoch[0m
[38;20m2026-09-28 18:32:27,360 - tpp_runner.py[pid:21600;line:104:_train_model] - INFO: [ Epoch 88 (train) ]: train loglike is 3.9624544809203375, num_events is 242824, mark_ll is -1.5359275897550797, time_ll is 5.49838209078386[0m
[38;20m2026-09-28 18:32:28,689 - tpp_runner.py[pid:21600;line:116:_train_model] - INFO: [ Epoch 88 (valid) ]:  valid loglike is 3.599988556153109, num_events is 52959, mark_ll is -1.5288843267167762, time_ll is 5.128872947409788[0m
[38;20m2026-09-28 18:32:31,496 - tpp_runner.py[pid:21600;line:136:_train_model] - INFO: [ Epoch 88 (test) ]: test loglike is 3.765093338130122, num_events is 112141, mark_ll is -1.568506223819232, time_ll is 5.333599448740871[0m
[31;1m2026-09-28 18:32:31,496 - tpp_runner.py[pid:21600;line:140:_train_model] - CRITICAL: current best loglike on valid set is 3.6095 (updated at epoch-87)[0m
[38;20m2026-09-28 18:32:53,767 - tpp_runner.py[pid:21600;line:104:_train_model] - INFO: [ Epoch 89 (train) ]: train loglike is 3.9571072036099193, num_events is 242824, mark_ll is -1.5358046507578533, time_ll is 5.492911773934002[0m
[38;20m2026-09-28 18:32:55,095 - tpp_runner.py[pid:21600;line:116:_train_model] - INFO: [ Epoch 89 (valid) ]:  valid loglike is 3.6006041746327346, num_events is 52959, mark_ll is -1.5289026652693594, time_ll is 5.129506876782039[0m
[38;20m2026-09-28 18:32:57,899 - tpp_runner.py[pid:21600;line:136:_train_model] - INFO: [ Epoch 89 (test) ]: test loglike is 3.767873494640676, num_events is 112141, mark_ll is -1.5688237300725203, time_ll is 5.336697198588161[0m
[31;1m2026-09-28 18:32:57,899 - tpp_runner.py[pid:21600;line:140:_train_model] - CRITICAL: current best loglike on valid set is 3.6095 (updated at epoch-87)[0m
[38;20m2026-09-28 18:33:20,172 - tpp_runner.py[pid:21600;line:104:_train_model] - INFO: [ Epoch 90 (train) ]: train loglike is 3.9548502802569967, num_events is 242824, mark_ll is -1.5355564643141741, time_ll is 5.490406776744679[0m
[38;20m2026-09-28 18:33:21,513 - tpp_runner.py[pid:21600;line:116:_train_model] - INFO: [ Epoch 90 (valid) ]:  valid loglike is 3.6073547166204043, num_events is 52959, mark_ll is -1.5288685328803886, time_ll is 5.1362233417006555[0m
[38;20m2026-09-28 18:33:24,332 - tpp_runner.py[pid:21600;line:136:_train_model] - INFO: [ Epoch 90 (test) ]: test loglike is 3.762875253029668, num_events is 112141, mark_ll is -1.5691463829576158, time_ll is 5.332021705654043[0m
[31;1m2026-09-28 18:33:24,332 - tpp_runner.py[pid:21600;line:140:_train_model] - CRITICAL: current best loglike on valid set is 3.6095 (updated at epoch-87)[0m
[38;20m2026-09-28 18:33:46,512 - tpp_runner.py[pid:21600;line:104:_train_model] - INFO: [ Epoch 91 (train) ]: train loglike is 3.9579320519311314, num_events is 242824, mark_ll is -1.5360918877973346, time_ll is 5.4940239316850885[0m
[38;20m2026-09-28 18:33:47,847 - tpp_runner.py[pid:21600;line:116:_train_model] - INFO: [ Epoch 91 (valid) ]:  valid loglike is 3.5997076969330046, num_events is 52959, mark_ll is -1.5290314315968485, time_ll is 5.128738962570101[0m
[38;20m2026-09-28 18:33:50,644 - tpp_runner.py[pid:21600;line:136:_train_model] - INFO: [ Epoch 91 (test) ]: test loglike is 3.7698495574210145, num_events is 112141, mark_ll is -1.5693404745476676, time_ll is 5.339190136468821[0m
[31;1m2026-09-28 18:33:50,644 - tpp_runner.py[pid:21600;line:140:_train_model] - CRITICAL: current best loglike on valid set is 3.6095 (updated at epoch-87)[0m
[38;20m2026-09-28 18:34:12,991 - tpp_runner.py[pid:21600;line:104:_train_model] - INFO: [ Epoch 92 (train) ]: train loglike is 3.9635585229039347, num_events is 242824, mark_ll is -1.5358996591281133, time_ll is 5.499458214205556[0m
[38;20m2026-09-28 18:34:14,331 - tpp_runner.py[pid:21600;line:116:_train_model] - INFO: [ Epoch 92 (valid) ]:  valid loglike is 3.6004381411209616, num_events is 52959, mark_ll is -1.5292183391574141, time_ll is 5.129656314318624[0m
[38;20m2026-09-28 18:34:17,157 - tpp_runner.py[pid:21600;line:136:_train_model] - INFO: [ Epoch 92 (test) ]: test loglike is 3.7671013431193763, num_events is 112141, mark_ll is -1.5695809119490196, time_ll is 5.336682255068396[0m
[31;1m2026-09-28 18:34:17,157 - tpp_runner.py[pid:21600;line:140:_train_model] - CRITICAL: current best loglike on valid set is 3.6095 (updated at epoch-87)[0m
[38;20m2026-09-28 18:34:39,420 - tpp_runner.py[pid:21600;line:104:_train_model] - INFO: [ Epoch 93 (train) ]: train loglike is 3.95854778049122, num_events is 242824, mark_ll is -1.5359036928817271, time_ll is 5.494451469351259[0m
[38;20m2026-09-28 18:34:40,756 - tpp_runner.py[pid:21600;line:116:_train_model] - INFO: [ Epoch 93 (valid) ]:  valid loglike is 3.6063785413598257, num_events is 52959, mark_ll is -1.5290386600660417, time_ll is 5.135417109226005[0m
[38;20m2026-09-28 18:34:43,568 - tpp_runner.py[pid:21600;line:136:_train_model] - INFO: [ Epoch 93 (test) ]: test loglike is 3.7706709981741735, num_events is 112141, mark_ll is -1.5692456667972685, time_ll is 5.339916604013029[0m
[31;1m2026-09-28 18:34:43,568 - tpp_runner.py[pid:21600;line:140:_train_model] - CRITICAL: current best loglike on valid set is 3.6095 (updated at epoch-87)[0m
[38;20m2026-09-28 18:35:05,702 - tpp_runner.py[pid:21600;line:104:_train_model] - INFO: [ Epoch 94 (train) ]: train loglike is 3.956040104857325, num_events is 242824, mark_ll is -1.5359478791738048, time_ll is 5.491987895553981[0m
[38;20m2026-09-28 18:35:07,040 - tpp_runner.py[pid:21600;line:116:_train_model] - INFO: [ Epoch 94 (valid) ]:  valid loglike is 3.6180919437678205, num_events is 52959, mark_ll is -1.5295605481657981, time_ll is 5.147652584133481[0m
[38;20m2026-09-28 18:35:09,855 - tpp_runner.py[pid:21600;line:136:_train_model] - INFO: [ Epoch 94 (test) ]: test loglike is 3.770851173829153, num_events is 112141, mark_ll is -1.5700667766333232, time_ll is 5.340918063670959[0m
[31;1m2026-09-28 18:35:09,855 - tpp_runner.py[pid:21600;line:140:_train_model] - CRITICAL: current best loglike on valid set is 3.6181 (updated at epoch-94), best updated at this epoch[0m
[38;20m2026-09-28 18:35:32,151 - tpp_runner.py[pid:21600;line:104:_train_model] - INFO: [ Epoch 95 (train) ]: train loglike is 3.959150205305592, num_events is 242824, mark_ll is -1.5360799996859866, time_ll is 5.495230229121709[0m
[38;20m2026-09-28 18:35:33,481 - tpp_runner.py[pid:21600;line:116:_train_model] - INFO: [ Epoch 95 (valid) ]:  valid loglike is 3.6167450513014785, num_events is 52959, mark_ll is -1.529202480781123, time_ll is 5.145947661162409[0m
[38;20m2026-09-28 18:35:36,379 - tpp_runner.py[pid:21600;line:136:_train_model] - INFO: [ Epoch 95 (test) ]: test loglike is 3.775298647461678, num_events is 112141, mark_ll is -1.56944975556721, time_ll is 5.344748359487164[0m
[31;1m2026-09-28 18:35:36,379 - tpp_runner.py[pid:21600;line:140:_train_model] - CRITICAL: current best loglike on valid set is 3.6181 (updated at epoch-94)[0m
[38;20m2026-09-28 18:35:58,598 - tpp_runner.py[pid:21600;line:104:_train_model] - INFO: [ Epoch 96 (train) ]: train loglike is 3.9616020035988, num_events is 242824, mark_ll is -1.5360707699107687, time_ll is 5.497672841878274[0m
[38;20m2026-09-28 18:35:59,921 - tpp_runner.py[pid:21600;line:116:_train_model] - INFO: [ Epoch 96 (valid) ]:  valid loglike is 3.593433846672662, num_events is 52959, mark_ll is -1.5293825286719442, time_ll is 5.122816412224551[0m
[38;20m2026-09-28 18:36:02,745 - tpp_runner.py[pid:21600;line:136:_train_model] - INFO: [ Epoch 96 (test) ]: test loglike is 3.7689273262845435, num_events is 112141, mark_ll is -1.5696075594842653, time_ll is 5.338534903185499[0m
[31;1m2026-09-28 18:36:02,745 - tpp_runner.py[pid:21600;line:140:_train_model] - CRITICAL: current best loglike on valid set is 3.6181 (updated at epoch-94)[0m
[38;20m2026-09-28 18:36:25,337 - tpp_runner.py[pid:21600;line:104:_train_model] - INFO: [ Epoch 97 (train) ]: train loglike is 3.963556471842775, num_events is 242824, mark_ll is -1.5360122503207054, time_ll is 5.499568730206858[0m
[38;20m2026-09-28 18:36:26,653 - tpp_runner.py[pid:21600;line:116:_train_model] - INFO: [ Epoch 97 (valid) ]:  valid loglike is 3.610214240025303, num_events is 52959, mark_ll is -1.5296837732815716, time_ll is 5.139897911887026[0m
[38;20m2026-09-28 18:36:29,461 - tpp_runner.py[pid:21600;line:136:_train_model] - INFO: [ Epoch 97 (test) ]: test loglike is 3.7718340847125496, num_events is 112141, mark_ll is -1.569959010865785, time_ll is 5.341792991078196[0m
[31;1m2026-09-28 18:36:29,461 - tpp_runner.py[pid:21600;line:140:_train_model] - CRITICAL: current best loglike on valid set is 3.6181 (updated at epoch-94)[0m
[38;20m2026-09-28 18:36:51,916 - tpp_runner.py[pid:21600;line:104:_train_model] - INFO: [ Epoch 98 (train) ]: train loglike is 3.9635710947023357, num_events is 242824, mark_ll is -1.5361087989976794, time_ll is 5.4996798253313095[0m
[38;20m2026-09-28 18:36:53,264 - tpp_runner.py[pid:21600;line:116:_train_model] - INFO: [ Epoch 98 (valid) ]:  valid loglike is 3.610229176402972, num_events is 52959, mark_ll is -1.529564263820243, time_ll is 5.1397935047631185[0m
[38;20m2026-09-28 18:36:56,054 - tpp_runner.py[pid:21600;line:136:_train_model] - INFO: [ Epoch 98 (test) ]: test loglike is 3.7688133514671263, num_events is 112141, mark_ll is -1.5698051953706718, time_ll is 5.338618625212901[0m
[31;1m2026-09-28 18:36:56,054 - tpp_runner.py[pid:21600;line:140:_train_model] - CRITICAL: current best loglike on valid set is 3.6181 (updated at epoch-94)[0m
[38;20m2026-09-28 18:37:18,435 - tpp_runner.py[pid:21600;line:104:_train_model] - INFO: [ Epoch 99 (train) ]: train loglike is 3.961946493396452, num_events is 242824, mark_ll is -1.536170286593891, time_ll is 5.49811678803372[0m
[38;20m2026-09-28 18:37:19,777 - tpp_runner.py[pid:21600;line:116:_train_model] - INFO: [ Epoch 99 (valid) ]:  valid loglike is 3.606299507637984, num_events is 52959, mark_ll is -1.5295549239742066, time_ll is 5.135854431612191[0m
[38;20m2026-09-28 18:37:22,591 - tpp_runner.py[pid:21600;line:136:_train_model] - INFO: [ Epoch 99 (test) ]: test loglike is 3.775230983622181, num_events is 112141, mark_ll is -1.5698019123246627, time_ll is 5.345032704363257[0m
[31;1m2026-09-28 18:37:22,591 - tpp_runner.py[pid:21600;line:140:_train_model] - CRITICAL: current best loglike on valid set is 3.6181 (updated at epoch-94)[0m
[38;20m2026-09-28 18:37:22,591 - base_runner.py[pid:21600;line:118:train] - INFO: End AttNHP train! Cost time: 44.334m[0m
RESULT {"model": "AttNHP", "dataset": "lob_msft", "seed": 2019, "ll_per_event": 3.770851173829153, "mark_ll": -1.5700667766333232, "time_ll": 5.340918063670959, "val_ll": 3.6180919437678205, "best_epoch": 94, "n_params": 20044, "seconds": 2660.8354988098145, "max_epoch": 100, "batch_size": 64}
