
=== Mon Sep 28 09:04:20 2026 attempt 1: D:\Quant\.venv\Scripts\python.exe -u -m infodiff.baselines.easytpp_runner RMTPP lob_amzn 6 2019 100 64
[31;1m2026-09-28 09:04:22,595 - config.py[pid:576;line:33:build_from_yaml_file] - CRITICAL: Load pipeline config class RunnerConfig[0m
[31;1m2026-09-28 09:04:22,607 - runner_config.py[pid:576;line:205:update_config] - CRITICAL: train model RMTPP using GPU with torch backend[0m
[38;20m2026-09-28 09:04:22,609 - runner_config.py[pid:576;line:45:__init__] - INFO: Save the config to D:\Quant\results\easytpp\checkpoints/lob_amzn/RMTPP/train_2026_09_28_09_04_22\RMTPP_train_output.yaml[0m
[38;20m2026-09-28 09:04:22,609 - base_runner.py[pid:576;line:193:save_log] - INFO: Save the log to D:\Quant\results\easytpp\checkpoints/lob_amzn/RMTPP/train_2026_09_28_09_04_22\log[0m
0.41421280161059515 1.2532707187976024
min_dt: 7.275957614183426e-12
max_dt: 26.415379224003118
[38;20m2026-09-28 09:04:27,754 - tpp_runner.py[pid:576;line:62:_init_model] - INFO: Num of model parameters 34962[0m
[38;20m2026-09-28 09:04:28,405 - base_runner.py[pid:576;line:103:train] - INFO: Data 'lob_amzn' loaded...[0m
[38;20m2026-09-28 09:04:28,405 - base_runner.py[pid:576;line:108:train] - INFO: Start RMTPP training...[0m
[38;20m2026-09-28 09:04:28,772 - tpp_runner.py[pid:576;line:104:_train_model] - INFO: [ Epoch 0 (train) ]: train loglike is -947.972029587666, num_events is 33274, mark_ll is -2.302842335724778, time_ll is -945.6692011780971[0m
[38;20m2026-09-28 09:04:28,796 - tpp_runner.py[pid:576;line:116:_train_model] - INFO: [ Epoch 0 (valid) ]:  valid loglike is -1621.4677794181978, num_events is 9144, mark_ll is -2.796130136137768, time_ll is -1618.6715674212599[0m
[38;20m2026-09-28 09:04:28,836 - tpp_runner.py[pid:576;line:136:_train_model] - INFO: [ Epoch 0 (test) ]: test loglike is -899.3061882953879, num_events is 14478, mark_ll is -2.412186134782083, time_ll is -896.8940702528729[0m
[31;1m2026-09-28 09:04:28,836 - tpp_runner.py[pid:576;line:140:_train_model] - CRITICAL: current best loglike on valid set is -1621.4678 (updated at epoch-0), best updated at this epoch[0m
[38;20m2026-09-28 09:04:28,934 - tpp_runner.py[pid:576;line:104:_train_model] - INFO: [ Epoch 1 (train) ]: train loglike is -86.9971053259959, num_events is 33274, mark_ll is -3.3125159732566156, time_ll is -83.68458594824178[0m
[38;20m2026-09-28 09:04:28,949 - tpp_runner.py[pid:576;line:116:_train_model] - INFO: [ Epoch 1 (valid) ]:  valid loglike is -634.5445183914999, num_events is 9144, mark_ll is -4.5628066175565944, time_ll is -629.9816387239925[0m
[38;20m2026-09-28 09:04:28,972 - tpp_runner.py[pid:576;line:136:_train_model] - INFO: [ Epoch 1 (test) ]: test loglike is -118.23330643368386, num_events is 14478, mark_ll is -3.8141133044533087, time_ll is -114.41921144230686[0m
[31;1m2026-09-28 09:04:28,972 - tpp_runner.py[pid:576;line:140:_train_model] - CRITICAL: current best loglike on valid set is -634.5445 (updated at epoch-1), best updated at this epoch[0m
[38;20m2026-09-28 09:04:29,055 - tpp_runner.py[pid:576;line:104:_train_model] - INFO: [ Epoch 2 (train) ]: train loglike is -13.94645934607351, num_events is 33274, mark_ll is -4.850711955268659, time_ll is -9.095748021810854[0m
[38;20m2026-09-28 09:04:29,070 - tpp_runner.py[pid:576;line:116:_train_model] - INFO: [ Epoch 2 (valid) ]:  valid loglike is -208.80760234255385, num_events is 9144, mark_ll is -4.5771129004077125, time_ll is -204.23046079353605[0m
[38;20m2026-09-28 09:04:29,095 - tpp_runner.py[pid:576;line:136:_train_model] - INFO: [ Epoch 2 (test) ]: test loglike is -215.9924666142164, num_events is 14478, mark_ll is -3.646890837607059, time_ll is -212.34557161148055[0m
[31;1m2026-09-28 09:04:29,095 - tpp_runner.py[pid:576;line:140:_train_model] - CRITICAL: current best loglike on valid set is -208.8076 (updated at epoch-2), best updated at this epoch[0m
[38;20m2026-09-28 09:04:29,176 - tpp_runner.py[pid:576;line:104:_train_model] - INFO: [ Epoch 3 (train) ]: train loglike is -9.470092678052872, num_events is 33274, mark_ll is -4.540877243916046, time_ll is -4.929215445601325[0m
[38;20m2026-09-28 09:04:29,192 - tpp_runner.py[pid:576;line:116:_train_model] - INFO: [ Epoch 3 (valid) ]:  valid loglike is -484.9172508526766, num_events is 9144, mark_ll is -4.153394857625218, time_ll is -480.76382181963584[0m
[38;20m2026-09-28 09:04:29,214 - tpp_runner.py[pid:576;line:136:_train_model] - INFO: [ Epoch 3 (test) ]: test loglike is -312.10466944998444, num_events is 14478, mark_ll is -3.453119873687664, time_ll is -308.6515403354443[0m
[31;1m2026-09-28 09:04:29,214 - tpp_runner.py[pid:576;line:140:_train_model] - CRITICAL: current best loglike on valid set is -208.8076 (updated at epoch-2)[0m
[38;20m2026-09-28 09:04:29,299 - tpp_runner.py[pid:576;line:104:_train_model] - INFO: [ Epoch 4 (train) ]: train loglike is -46.88812862285493, num_events is 33274, mark_ll is -3.672597358796705, time_ll is -43.21554599364603[0m
[38;20m2026-09-28 09:04:29,313 - tpp_runner.py[pid:576;line:116:_train_model] - INFO: [ Epoch 4 (valid) ]:  valid loglike is -587.3278187028379, num_events is 9144, mark_ll is -3.0158894856770835, time_ll is -584.3119444359006[0m
[38;20m2026-09-28 09:04:29,329 - tpp_runner.py[pid:576;line:136:_train_model] - INFO: [ Epoch 4 (test) ]: test loglike is -87.65008156232733, num_events is 14478, mark_ll is -2.563544283784017, time_ll is -85.08650766734442[0m
[31;1m2026-09-28 09:04:29,329 - tpp_runner.py[pid:576;line:140:_train_model] - CRITICAL: current best loglike on valid set is -208.8076 (updated at epoch-2)[0m
[38;20m2026-09-28 09:04:29,429 - tpp_runner.py[pid:576;line:104:_train_model] - INFO: [ Epoch 5 (train) ]: train loglike is -26.222875517248827, num_events is 33274, mark_ll is -3.108736157782728, time_ll is -23.114141208460435[0m
[38;20m2026-09-28 09:04:29,443 - tpp_runner.py[pid:576;line:116:_train_model] - INFO: [ Epoch 5 (valid) ]:  valid loglike is -563.834411140502, num_events is 9144, mark_ll is -3.406013869238025, time_ll is -560.4282733853825[0m
[38;20m2026-09-28 09:04:29,463 - tpp_runner.py[pid:576;line:136:_train_model] - INFO: [ Epoch 5 (test) ]: test loglike is -238.8514004815496, num_events is 14478, mark_ll is -2.78671006224962, time_ll is -236.06473611767638[0m
[31;1m2026-09-28 09:04:29,463 - tpp_runner.py[pid:576;line:140:_train_model] - CRITICAL: current best loglike on valid set is -208.8076 (updated at epoch-2)[0m
[38;20m2026-09-28 09:04:29,550 - tpp_runner.py[pid:576;line:104:_train_model] - INFO: [ Epoch 6 (train) ]: train loglike is -15.44057622763832, num_events is 33274, mark_ll is -3.4555905385609824, time_ll is -11.98498511310093[0m
[38;20m2026-09-28 09:04:29,566 - tpp_runner.py[pid:576;line:116:_train_model] - INFO: [ Epoch 6 (valid) ]:  valid loglike is -376.62364035245105, num_events is 9144, mark_ll is -3.636297804998496, time_ll is -372.98732588693747[0m
[38;20m2026-09-28 09:04:29,586 - tpp_runner.py[pid:576;line:136:_train_model] - INFO: [ Epoch 6 (test) ]: test loglike is -59.25035546928961, num_events is 14478, mark_ll is -3.1054452768856198, time_ll is -56.144908000230956[0m
[31;1m2026-09-28 09:04:29,586 - tpp_runner.py[pid:576;line:140:_train_model] - CRITICAL: current best loglike on valid set is -208.8076 (updated at epoch-2)[0m
[38;20m2026-09-28 09:04:29,672 - tpp_runner.py[pid:576;line:104:_train_model] - INFO: [ Epoch 7 (train) ]: train loglike is -5.852945342318702, num_events is 33274, mark_ll is -3.404640666881189, time_ll is -2.4483040315912716[0m
[38;20m2026-09-28 09:04:29,687 - tpp_runner.py[pid:576;line:116:_train_model] - INFO: [ Epoch 7 (valid) ]:  valid loglike is -266.4195029057647, num_events is 9144, mark_ll is -2.941246106138588, time_ll is -263.478223531995[0m
[38;20m2026-09-28 09:04:29,723 - tpp_runner.py[pid:576;line:136:_train_model] - INFO: [ Epoch 7 (test) ]: test loglike is -57.499971670379196, num_events is 14478, mark_ll is -2.480630431193017, time_ll is -55.019336966556615[0m
[31;1m2026-09-28 09:04:29,723 - tpp_runner.py[pid:576;line:140:_train_model] - CRITICAL: current best loglike on valid set is -208.8076 (updated at epoch-2)[0m
[38;20m2026-09-28 09:04:29,824 - tpp_runner.py[pid:576;line:104:_train_model] - INFO: [ Epoch 8 (train) ]: train loglike is -3.304520459503854, num_events is 33274, mark_ll is -2.9253483431954193, time_ll is -0.37917218234394723[0m
[38;20m2026-09-28 09:04:29,839 - tpp_runner.py[pid:576;line:116:_train_model] - INFO: [ Epoch 8 (valid) ]:  valid loglike is -176.4833469607803, num_events is 9144, mark_ll is -3.037747440688566, time_ll is -173.44561324365705[0m
[38;20m2026-09-28 09:04:29,860 - tpp_runner.py[pid:576;line:136:_train_model] - INFO: [ Epoch 8 (test) ]: test loglike is -50.34119035130888, num_events is 14478, mark_ll is -2.5935641037263433, time_ll is -47.747629957413835[0m
[31;1m2026-09-28 09:04:29,860 - tpp_runner.py[pid:576;line:140:_train_model] - CRITICAL: current best loglike on valid set is -176.4833 (updated at epoch-8), best updated at this epoch[0m
[38;20m2026-09-28 09:04:29,944 - tpp_runner.py[pid:576;line:104:_train_model] - INFO: [ Epoch 9 (train) ]: train loglike is -4.794434833750169, num_events is 33274, mark_ll is -2.8870517670868208, time_ll is -1.9073831326988602[0m
[38;20m2026-09-28 09:04:29,960 - tpp_runner.py[pid:576;line:116:_train_model] - INFO: [ Epoch 9 (valid) ]:  valid loglike is -224.86570738411118, num_events is 9144, mark_ll is -2.8997771495909204, time_ll is -221.965910717154[0m
[38;20m2026-09-28 09:04:29,981 - tpp_runner.py[pid:576;line:136:_train_model] - INFO: [ Epoch 9 (test) ]: test loglike is -99.9085441596733, num_events is 14478, mark_ll is -2.5327359560626466, time_ll is -97.3757889124879[0m
[31;1m2026-09-28 09:04:29,981 - tpp_runner.py[pid:576;line:140:_train_model] - CRITICAL: current best loglike on valid set is -176.4833 (updated at epoch-8)[0m
[38;20m2026-09-28 09:04:30,067 - tpp_runner.py[pid:576;line:104:_train_model] - INFO: [ Epoch 10 (train) ]: train loglike is -4.578704850493253, num_events is 33274, mark_ll is -2.635543376585322, time_ll is -1.9431612794700348[0m
[38;20m2026-09-28 09:04:30,184 - tpp_runner.py[pid:576;line:116:_train_model] - INFO: [ Epoch 10 (valid) ]:  valid loglike is -272.06007568145776, num_events is 9144, mark_ll is -2.448538178638315, time_ll is -269.61152683635186[0m
[38;20m2026-09-28 09:04:30,202 - tpp_runner.py[pid:576;line:136:_train_model] - INFO: [ Epoch 10 (test) ]: test loglike is -7.840061078662453, num_events is 14478, mark_ll is -2.1493165276626605, time_ll is -5.690745933755094[0m
[31;1m2026-09-28 09:04:30,202 - tpp_runner.py[pid:576;line:140:_train_model] - CRITICAL: current best loglike on valid set is -176.4833 (updated at epoch-8)[0m
[38;20m2026-09-28 09:04:30,294 - tpp_runner.py[pid:576;line:104:_train_model] - INFO: [ Epoch 11 (train) ]: train loglike is -3.449343028833511, num_events is 33274, mark_ll is -2.4396900090559632, time_ll is -1.0096527693928983[0m
[38;20m2026-09-28 09:04:30,309 - tpp_runner.py[pid:576;line:116:_train_model] - INFO: [ Epoch 11 (valid) ]:  valid loglike is -104.54462374789821, num_events is 9144, mark_ll is -2.4261211351876915, time_ll is -102.11850625719819[0m
[38;20m2026-09-28 09:04:30,330 - tpp_runner.py[pid:576;line:136:_train_model] - INFO: [ Epoch 11 (test) ]: test loglike is -83.8132707680403, num_events is 14478, mark_ll is -2.144336112873843, time_ll is -81.66893769048298[0m
[31;1m2026-09-28 09:04:30,330 - tpp_runner.py[pid:576;line:140:_train_model] - CRITICAL: current best loglike on valid set is -104.5446 (updated at epoch-11), best updated at this epoch[0m
[38;20m2026-09-28 09:04:30,416 - tpp_runner.py[pid:576;line:104:_train_model] - INFO: [ Epoch 12 (train) ]: train loglike is -2.9463773666540503, num_events is 33274, mark_ll is -2.289116674800285, time_ll is -0.6572606900194455[0m
[38;20m2026-09-28 09:04:30,426 - tpp_runner.py[pid:576;line:116:_train_model] - INFO: [ Epoch 12 (valid) ]:  valid loglike is -48.729663598568735, num_events is 9144, mark_ll is -2.3765330877829722, time_ll is -46.35313051078576[0m
[38;20m2026-09-28 09:04:30,453 - tpp_runner.py[pid:576;line:136:_train_model] - INFO: [ Epoch 12 (test) ]: test loglike is -50.4892839836735, num_events is 14478, mark_ll is -2.1005887704620805, time_ll is -48.38870533093314[0m
[31;1m2026-09-28 09:04:30,453 - tpp_runner.py[pid:576;line:140:_train_model] - CRITICAL: current best loglike on valid set is -48.7297 (updated at epoch-12), best updated at this epoch[0m
[38;20m2026-09-28 09:04:30,543 - tpp_runner.py[pid:576;line:104:_train_model] - INFO: [ Epoch 13 (train) ]: train loglike is -2.2258061439205536, num_events is 33274, mark_ll is -2.2543114512386735, time_ll is 0.028505321992678218[0m
[38;20m2026-09-28 09:04:30,557 - tpp_runner.py[pid:576;line:116:_train_model] - INFO: [ Epoch 13 (valid) ]:  valid loglike is -15.255344234009323, num_events is 9144, mark_ll is -2.3879669803542622, time_ll is -12.867376813112594[0m
[38;20m2026-09-28 09:04:30,579 - tpp_runner.py[pid:576;line:136:_train_model] - INFO: [ Epoch 13 (test) ]: test loglike is -7.289687707750552, num_events is 14478, mark_ll is -2.1898587781893215, time_ll is -5.0998279852405375[0m
[31;1m2026-09-28 09:04:30,579 - tpp_runner.py[pid:576;line:140:_train_model] - CRITICAL: current best loglike on valid set is -15.2553 (updated at epoch-13), best updated at this epoch[0m
[38;20m2026-09-28 09:04:30,666 - tpp_runner.py[pid:576;line:104:_train_model] - INFO: [ Epoch 14 (train) ]: train loglike is -2.10732527238328, num_events is 33274, mark_ll is -2.251887250908179, time_ll is 0.1445619409213439[0m
[38;20m2026-09-28 09:04:30,669 - tpp_runner.py[pid:576;line:116:_train_model] - INFO: [ Epoch 14 (valid) ]:  valid loglike is -4.728813511805897, num_events is 9144, mark_ll is -2.041679242151616, time_ll is -2.6871340760825917[0m
[38;20m2026-09-28 09:04:30,702 - tpp_runner.py[pid:576;line:136:_train_model] - INFO: [ Epoch 14 (test) ]: test loglike is -2.096801504869457, num_events is 14478, mark_ll is -1.840235373281876, time_ll is -0.25656619903905925[0m
[31;1m2026-09-28 09:04:30,702 - tpp_runner.py[pid:576;line:140:_train_model] - CRITICAL: current best loglike on valid set is -4.7288 (updated at epoch-14), best updated at this epoch[0m
[38;20m2026-09-28 09:04:30,789 - tpp_runner.py[pid:576;line:104:_train_model] - INFO: [ Epoch 15 (train) ]: train loglike is -1.9583571403582751, num_events is 33274, mark_ll is -2.0563009603383082, time_ll is 0.09794385850074852[0m
[38;20m2026-09-28 09:04:30,805 - tpp_runner.py[pid:576;line:116:_train_model] - INFO: [ Epoch 15 (valid) ]:  valid loglike is -6.296364451330791, num_events is 9144, mark_ll is -2.1870536904322506, time_ll is -4.1093103136811875[0m
[38;20m2026-09-28 09:04:30,828 - tpp_runner.py[pid:576;line:136:_train_model] - INFO: [ Epoch 15 (test) ]: test loglike is -2.416286172878678, num_events is 14478, mark_ll is -2.003895997375328, time_ll is -0.4123901080518718[0m
[31;1m2026-09-28 09:04:30,828 - tpp_runner.py[pid:576;line:140:_train_model] - CRITICAL: current best loglike on valid set is -4.7288 (updated at epoch-14)[0m
[38;20m2026-09-28 09:04:30,917 - tpp_runner.py[pid:576;line:104:_train_model] - INFO: [ Epoch 16 (train) ]: train loglike is -1.7894038705790838, num_events is 33274, mark_ll is -2.0653623276091597, time_ll is 0.2759585138939891[0m
[38;20m2026-09-28 09:04:30,930 - tpp_runner.py[pid:576;line:116:_train_model] - INFO: [ Epoch 16 (valid) ]:  valid loglike is -3.1187603167035762, num_events is 9144, mark_ll is -1.908705597057326, time_ll is -1.2100545193996746[0m
[38;20m2026-09-28 09:04:30,955 - tpp_runner.py[pid:576;line:136:_train_model] - INFO: [ Epoch 16 (test) ]: test loglike is -1.8764961412358405, num_events is 14478, mark_ll is -1.7534466356281946, time_ll is -0.12304937070468988[0m
[31;1m2026-09-28 09:04:30,955 - tpp_runner.py[pid:576;line:140:_train_model] - CRITICAL: current best loglike on valid set is -3.1188 (updated at epoch-16), best updated at this epoch[0m
[38;20m2026-09-28 09:04:31,057 - tpp_runner.py[pid:576;line:104:_train_model] - INFO: [ Epoch 17 (train) ]: train loglike is -1.7064410466059272, num_events is 33274, mark_ll is -1.8999630450600506, time_ll is 0.19352193035500162[0m
[38;20m2026-09-28 09:04:31,239 - tpp_runner.py[pid:576;line:116:_train_model] - INFO: [ Epoch 17 (valid) ]:  valid loglike is -2.3538356991264764, num_events is 9144, mark_ll is -2.0464583536249865, time_ll is -0.307377212003773[0m
[38;20m2026-09-28 09:04:31,253 - tpp_runner.py[pid:576;line:136:_train_model] - INFO: [ Epoch 17 (test) ]: test loglike is -1.3965679473813717, num_events is 14478, mark_ll is -1.90759633150297, time_ll is 0.5110285021616849[0m
[31;1m2026-09-28 09:04:31,253 - tpp_runner.py[pid:576;line:140:_train_model] - CRITICAL: current best loglike on valid set is -2.3538 (updated at epoch-17), best updated at this epoch[0m
[38;20m2026-09-28 09:04:31,350 - tpp_runner.py[pid:576;line:104:_train_model] - INFO: [ Epoch 18 (train) ]: train loglike is -1.6172457873452244, num_events is 33274, mark_ll is -1.9618061384616179, time_ll is 0.34456033690041515[0m
[38;20m2026-09-28 09:04:31,365 - tpp_runner.py[pid:576;line:116:_train_model] - INFO: [ Epoch 18 (valid) ]:  valid loglike is -2.009931268967356, num_events is 9144, mark_ll is -1.8409312491028953, time_ll is -0.16899996646537346[0m
[38;20m2026-09-28 09:04:31,390 - tpp_runner.py[pid:576;line:136:_train_model] - INFO: [ Epoch 18 (test) ]: test loglike is -1.3299672684957349, num_events is 14478, mark_ll is -1.7175256882209213, time_ll is 0.3875583775680127[0m
[31;1m2026-09-28 09:04:31,390 - tpp_runner.py[pid:576;line:140:_train_model] - CRITICAL: current best loglike on valid set is -2.0099 (updated at epoch-18), best updated at this epoch[0m
[38;20m2026-09-28 09:04:31,478 - tpp_runner.py[pid:576;line:104:_train_model] - INFO: [ Epoch 19 (train) ]: train loglike is -1.5639325450473718, num_events is 33274, mark_ll is -1.8502380110620342, time_ll is 0.2863054719762016[0m
[38;20m2026-09-28 09:04:31,493 - tpp_runner.py[pid:576;line:116:_train_model] - INFO: [ Epoch 19 (valid) ]:  valid loglike is -1.7891758662613462, num_events is 9144, mark_ll is -1.9532538920458429, time_ll is 0.16407805915892593[0m
[38;20m2026-09-28 09:04:31,516 - tpp_runner.py[pid:576;line:136:_train_model] - INFO: [ Epoch 19 (test) ]: test loglike is -1.1961819158270306, num_events is 14478, mark_ll is -1.8380344315513193, time_ll is 0.6418524482728105[0m
[31;1m2026-09-28 09:04:31,516 - tpp_runner.py[pid:576;line:140:_train_model] - CRITICAL: current best loglike on valid set is -1.7892 (updated at epoch-19), best updated at this epoch[0m
[38;20m2026-09-28 09:04:31,599 - tpp_runner.py[pid:576;line:104:_train_model] - INFO: [ Epoch 20 (train) ]: train loglike is -1.5004031724810005, num_events is 33274, mark_ll is -1.8776079331366082, time_ll is 0.3772047583627079[0m
[38;20m2026-09-28 09:04:31,615 - tpp_runner.py[pid:576;line:116:_train_model] - INFO: [ Epoch 20 (valid) ]:  valid loglike is -1.7152821565028982, num_events is 9144, mark_ll is -1.8593120958757108, time_ll is 0.14402993603536984[0m
[38;20m2026-09-28 09:04:31,631 - tpp_runner.py[pid:576;line:136:_train_model] - INFO: [ Epoch 20 (test) ]: test loglike is -1.2583247265247273, num_events is 14478, mark_ll is -1.7800464632761777, time_ll is 0.521721719888581[0m
[31;1m2026-09-28 09:04:31,631 - tpp_runner.py[pid:576;line:140:_train_model] - CRITICAL: current best loglike on valid set is -1.7153 (updated at epoch-20), best updated at this epoch[0m
[38;20m2026-09-28 09:04:31,737 - tpp_runner.py[pid:576;line:104:_train_model] - INFO: [ Epoch 21 (train) ]: train loglike is -1.5061129311884138, num_events is 33274, mark_ll is -1.852862122899073, time_ll is 0.3467492073023771[0m
[38;20m2026-09-28 09:04:31,751 - tpp_runner.py[pid:576;line:116:_train_model] - INFO: [ Epoch 21 (valid) ]:  valid loglike is -1.6638840402518045, num_events is 9144, mark_ll is -1.9072202614077538, time_ll is 0.24333624785549268[0m
[38;20m2026-09-28 09:04:31,770 - tpp_runner.py[pid:576;line:136:_train_model] - INFO: [ Epoch 21 (test) ]: test loglike is -1.0760072259419464, num_events is 14478, mark_ll is -1.7569220730375397, time_ll is 0.6809148470955934[0m
[31;1m2026-09-28 09:04:31,770 - tpp_runner.py[pid:576;line:140:_train_model] - CRITICAL: current best loglike on valid set is -1.6639 (updated at epoch-21), best updated at this epoch[0m
[38;20m2026-09-28 09:04:31,862 - tpp_runner.py[pid:576;line:104:_train_model] - INFO: [ Epoch 22 (train) ]: train loglike is -1.4315249491262416, num_events is 33274, mark_ll is -1.8528044408793747, time_ll is 0.42127949725609243[0m
[38;20m2026-09-28 09:04:31,881 - tpp_runner.py[pid:576;line:116:_train_model] - INFO: [ Epoch 22 (valid) ]:  valid loglike is -1.622924858086587, num_events is 9144, mark_ll is -1.830640844577045, time_ll is 0.2077160065151158[0m
[38;20m2026-09-28 09:04:31,905 - tpp_runner.py[pid:576;line:136:_train_model] - INFO: [ Epoch 22 (test) ]: test loglike is -1.1729171590624567, num_events is 14478, mark_ll is -1.7700383502123913, time_ll is 0.5971211236984563[0m
[31;1m2026-09-28 09:04:31,905 - tpp_runner.py[pid:576;line:140:_train_model] - CRITICAL: current best loglike on valid set is -1.6229 (updated at epoch-22), best updated at this epoch[0m
[38;20m2026-09-28 09:04:31,995 - tpp_runner.py[pid:576;line:104:_train_model] - INFO: [ Epoch 23 (train) ]: train loglike is -1.4417636562025717, num_events is 33274, mark_ll is -1.8226398115598892, time_ll is 0.3808761608602766[0m
[38;20m2026-09-28 09:04:32,004 - tpp_runner.py[pid:576;line:116:_train_model] - INFO: [ Epoch 23 (valid) ]:  valid loglike is -1.598423167685094, num_events is 9144, mark_ll is -1.9528270330954725, time_ll is 0.3544038921099218[0m
[38;20m2026-09-28 09:04:32,031 - tpp_runner.py[pid:576;line:136:_train_model] - INFO: [ Epoch 23 (test) ]: test loglike is -1.0878515368684383, num_events is 14478, mark_ll is -1.8150725993749137, time_ll is 0.7272210287807362[0m
[31;1m2026-09-28 09:04:32,031 - tpp_runner.py[pid:576;line:140:_train_model] - CRITICAL: current best loglike on valid set is -1.5984 (updated at epoch-23), best updated at this epoch[0m
[38;20m2026-09-28 09:04:32,123 - tpp_runner.py[pid:576;line:104:_train_model] - INFO: [ Epoch 24 (train) ]: train loglike is -1.3766856261469635, num_events is 33274, mark_ll is -1.836663028501279, time_ll is 0.45997735649632127[0m
[38;20m2026-09-28 09:04:32,128 - tpp_runner.py[pid:576;line:116:_train_model] - INFO: [ Epoch 24 (valid) ]:  valid loglike is -1.5681226568480697, num_events is 9144, mark_ll is -1.8054928383280704, time_ll is 0.23737014810557128[0m
[38;20m2026-09-28 09:04:32,163 - tpp_runner.py[pid:576;line:136:_train_model] - INFO: [ Epoch 24 (test) ]: test loglike is -1.1041715568988293, num_events is 14478, mark_ll is -1.7532322073792996, time_ll is 0.6490606504804703[0m
[31;1m2026-09-28 09:04:32,163 - tpp_runner.py[pid:576;line:140:_train_model] - CRITICAL: current best loglike on valid set is -1.5681 (updated at epoch-24), best updated at this epoch[0m
[38;20m2026-09-28 09:04:32,251 - tpp_runner.py[pid:576;line:104:_train_model] - INFO: [ Epoch 25 (train) ]: train loglike is -1.366155718971762, num_events is 33274, mark_ll is -1.815545653196283, time_ll is 0.44938994706475965[0m
[38;20m2026-09-28 09:04:32,260 - tpp_runner.py[pid:576;line:116:_train_model] - INFO: [ Epoch 25 (valid) ]:  valid loglike is -1.5148713252884405, num_events is 9144, mark_ll is -1.849792613966467, time_ll is 0.33492135042072074[0m
[38;20m2026-09-28 09:04:32,290 - tpp_runner.py[pid:576;line:136:_train_model] - INFO: [ Epoch 25 (test) ]: test loglike is -0.954770883517233, num_events is 14478, mark_ll is -1.700312475717468, time_ll is 0.7455416259259738[0m
[31;1m2026-09-28 09:04:32,290 - tpp_runner.py[pid:576;line:140:_train_model] - CRITICAL: current best loglike on valid set is -1.5149 (updated at epoch-25), best updated at this epoch[0m
[38;20m2026-09-28 09:04:32,375 - tpp_runner.py[pid:576;line:104:_train_model] - INFO: [ Epoch 26 (train) ]: train loglike is -1.312792377732168, num_events is 33274, mark_ll is -1.786391590996818, time_ll is 0.4735992407794468[0m
[38;20m2026-09-28 09:04:32,388 - tpp_runner.py[pid:576;line:116:_train_model] - INFO: [ Epoch 26 (valid) ]:  valid loglike is -1.4756483343329643, num_events is 9144, mark_ll is -1.8245063307821385, time_ll is 0.3488579964491743[0m
[38;20m2026-09-28 09:04:32,416 - tpp_runner.py[pid:576;line:136:_train_model] - INFO: [ Epoch 26 (test) ]: test loglike is -0.9908715553879162, num_events is 14478, mark_ll is -1.747508342398812, time_ll is 0.756636888188113[0m
[31;1m2026-09-28 09:04:32,416 - tpp_runner.py[pid:576;line:140:_train_model] - CRITICAL: current best loglike on valid set is -1.4756 (updated at epoch-26), best updated at this epoch[0m
[38;20m2026-09-28 09:04:32,529 - tpp_runner.py[pid:576;line:104:_train_model] - INFO: [ Epoch 27 (train) ]: train loglike is -1.2990265525418447, num_events is 33274, mark_ll is -1.7673335698187305, time_ll is 0.4683070383715631[0m
[38;20m2026-09-28 09:04:32,551 - tpp_runner.py[pid:576;line:116:_train_model] - INFO: [ Epoch 27 (valid) ]:  valid loglike is -1.471079722059889, num_events is 9144, mark_ll is -1.7856911753523486, time_ll is 0.3146115600906332[0m
[38;20m2026-09-28 09:04:32,576 - tpp_runner.py[pid:576;line:136:_train_model] - INFO: [ Epoch 27 (test) ]: test loglike is -0.9868338761828291, num_events is 14478, mark_ll is -1.6968914041994752, time_ll is 0.7100574942909069[0m
[31;1m2026-09-28 09:04:32,576 - tpp_runner.py[pid:576;line:140:_train_model] - CRITICAL: current best loglike on valid set is -1.4711 (updated at epoch-27), best updated at this epoch[0m
[38;20m2026-09-28 09:04:32,715 - tpp_runner.py[pid:576;line:104:_train_model] - INFO: [ Epoch 28 (train) ]: train loglike is -1.310032995817516, num_events is 33274, mark_ll is -1.7901751543528732, time_ll is 0.48014207599096703[0m
[38;20m2026-09-28 09:04:32,760 - tpp_runner.py[pid:576;line:116:_train_model] - INFO: [ Epoch 28 (valid) ]:  valid loglike is -1.4613370052681403, num_events is 9144, mark_ll is -1.7796010228488284, time_ll is 0.31826409934803984[0m
[38;20m2026-09-28 09:04:32,793 - tpp_runner.py[pid:576;line:136:_train_model] - INFO: [ Epoch 28 (test) ]: test loglike is -0.88684758232318, num_events is 14478, mark_ll is -1.6440400683364416, time_ll is 0.7571924860132615[0m
[31;1m2026-09-28 09:04:32,793 - tpp_runner.py[pid:576;line:140:_train_model] - CRITICAL: current best loglike on valid set is -1.4613 (updated at epoch-28), best updated at this epoch[0m
[38;20m2026-09-28 09:04:32,879 - tpp_runner.py[pid:576;line:104:_train_model] - INFO: [ Epoch 29 (train) ]: train loglike is -1.2570809512612138, num_events is 33274, mark_ll is -1.7546639414642438, time_ll is 0.4975830103805477[0m
[38;20m2026-09-28 09:04:32,894 - tpp_runner.py[pid:576;line:116:_train_model] - INFO: [ Epoch 29 (valid) ]:  valid loglike is -1.4449604932195976, num_events is 9144, mark_ll is -1.7790593024626804, time_ll is 0.3340988409487907[0m
[38;20m2026-09-28 09:04:32,919 - tpp_runner.py[pid:576;line:136:_train_model] - INFO: [ Epoch 29 (test) ]: test loglike is -0.9476143154160623, num_events is 14478, mark_ll is -1.7124098983155478, time_ll is 0.7647956840767026[0m
[31;1m2026-09-28 09:04:32,920 - tpp_runner.py[pid:576;line:140:_train_model] - CRITICAL: current best loglike on valid set is -1.4450 (updated at epoch-29), best updated at this epoch[0m
[38;20m2026-09-28 09:04:33,017 - tpp_runner.py[pid:576;line:104:_train_model] - INFO: [ Epoch 30 (train) ]: train loglike is -1.252439072995244, num_events is 33274, mark_ll is -1.7459066493827764, time_ll is 0.4934675782218521[0m
[38;20m2026-09-28 09:04:33,036 - tpp_runner.py[pid:576;line:116:_train_model] - INFO: [ Epoch 30 (valid) ]:  valid loglike is -1.4596544934904376, num_events is 9144, mark_ll is -1.8536677189490718, time_ll is 0.3940132788577209[0m
[38;20m2026-09-28 09:04:33,063 - tpp_runner.py[pid:576;line:136:_train_model] - INFO: [ Epoch 30 (test) ]: test loglike is -0.886627926584732, num_events is 14478, mark_ll is -1.68039216559176, time_ll is 0.7937641378298107[0m
[31;1m2026-09-28 09:04:33,063 - tpp_runner.py[pid:576;line:140:_train_model] - CRITICAL: current best loglike on valid set is -1.4450 (updated at epoch-29)[0m
[38;20m2026-09-28 09:04:33,200 - tpp_runner.py[pid:576;line:104:_train_model] - INFO: [ Epoch 31 (train) ]: train loglike is -1.2580905737065493, num_events is 33274, mark_ll is -1.7800697032710413, time_ll is 0.5219790873751371[0m
[38;20m2026-09-28 09:04:33,221 - tpp_runner.py[pid:576;line:116:_train_model] - INFO: [ Epoch 31 (valid) ]:  valid loglike is -1.4672881465988628, num_events is 9144, mark_ll is -1.762684018593135, time_ll is 0.2953959454180166[0m
[38;20m2026-09-28 09:04:33,267 - tpp_runner.py[pid:576;line:136:_train_model] - INFO: [ Epoch 31 (test) ]: test loglike is -0.9952885817058641, num_events is 14478, mark_ll is -1.7327429440357784, time_ll is 0.7374542948784363[0m
[31;1m2026-09-28 09:04:33,267 - tpp_runner.py[pid:576;line:140:_train_model] - CRITICAL: current best loglike on valid set is -1.4450 (updated at epoch-29)[0m
[38;20m2026-09-28 09:04:33,405 - tpp_runner.py[pid:576;line:104:_train_model] - INFO: [ Epoch 32 (train) ]: train loglike is -1.2468540186835302, num_events is 33274, mark_ll is -1.7463974106331144, time_ll is 0.4995433681034272[0m
[38;20m2026-09-28 09:04:33,426 - tpp_runner.py[pid:576;line:116:_train_model] - INFO: [ Epoch 32 (valid) ]:  valid loglike is -1.4230327990007108, num_events is 9144, mark_ll is -1.8196812293452331, time_ll is 0.3966485488237463[0m
[38;20m2026-09-28 09:04:33,473 - tpp_runner.py[pid:576;line:136:_train_model] - INFO: [ Epoch 32 (test) ]: test loglike is -0.8593377330583472, num_events is 14478, mark_ll is -1.6659555931844867, time_ll is 0.8066179275776177[0m
[31;1m2026-09-28 09:04:33,473 - tpp_runner.py[pid:576;line:140:_train_model] - CRITICAL: current best loglike on valid set is -1.4230 (updated at epoch-32), best updated at this epoch[0m
[38;20m2026-09-28 09:04:33,581 - tpp_runner.py[pid:576;line:104:_train_model] - INFO: [ Epoch 33 (train) ]: train loglike is -1.2148087401727419, num_events is 33274, mark_ll is -1.7391127838411748, time_ll is 0.5243040638459505[0m
[38;20m2026-09-28 09:04:33,597 - tpp_runner.py[pid:576;line:116:_train_model] - INFO: [ Epoch 33 (valid) ]:  valid loglike is -1.441337899168854, num_events is 9144, mark_ll is -1.7891798444933154, time_ll is 0.34784192529980384[0m
[38;20m2026-09-28 09:04:33,623 - tpp_runner.py[pid:576;line:136:_train_model] - INFO: [ Epoch 33 (test) ]: test loglike is -0.9964922870583817, num_events is 14478, mark_ll is -1.7593177471853847, time_ll is 0.762825460127003[0m
[31;1m2026-09-28 09:04:33,623 - tpp_runner.py[pid:576;line:140:_train_model] - CRITICAL: current best loglike on valid set is -1.4230 (updated at epoch-32)[0m
[38;20m2026-09-28 09:04:33,727 - tpp_runner.py[pid:576;line:104:_train_model] - INFO: [ Epoch 34 (train) ]: train loglike is -1.2489240357113005, num_events is 33274, mark_ll is -1.766650670909062, time_ll is 0.5177266471208399[0m
[38;20m2026-09-28 09:04:33,742 - tpp_runner.py[pid:576;line:116:_train_model] - INFO: [ Epoch 34 (valid) ]:  valid loglike is -1.40011967803341, num_events is 9144, mark_ll is -1.8037693027019084, time_ll is 0.40364961882797334[0m
[38;20m2026-09-28 09:04:33,796 - tpp_runner.py[pid:576;line:136:_train_model] - INFO: [ Epoch 34 (test) ]: test loglike is -0.8540364178624464, num_events is 14478, mark_ll is -1.66734273283171, time_ll is 0.8133063486950027[0m
[31;1m2026-09-28 09:04:33,796 - tpp_runner.py[pid:576;line:140:_train_model] - CRITICAL: current best loglike on valid set is -1.4001 (updated at epoch-34), best updated at this epoch[0m
[38;20m2026-09-28 09:04:33,900 - tpp_runner.py[pid:576;line:104:_train_model] - INFO: [ Epoch 35 (train) ]: train loglike is -1.2291347941376667, num_events is 33274, mark_ll is -1.7496158200659675, time_ll is 0.5204809892419053[0m
[38;20m2026-09-28 09:04:33,918 - tpp_runner.py[pid:576;line:116:_train_model] - INFO: [ Epoch 35 (valid) ]:  valid loglike is -1.4165648346080764, num_events is 9144, mark_ll is -1.7568120681081858, time_ll is 0.3402471267019357[0m
[38;20m2026-09-28 09:04:33,943 - tpp_runner.py[pid:576;line:136:_train_model] - INFO: [ Epoch 35 (test) ]: test loglike is -0.9863922039041995, num_events is 14478, mark_ll is -1.7365467352405373, time_ll is 0.7501544976105988[0m
[31;1m2026-09-28 09:04:33,943 - tpp_runner.py[pid:576;line:140:_train_model] - CRITICAL: current best loglike on valid set is -1.4001 (updated at epoch-34)[0m
[38;20m2026-09-28 09:04:34,044 - tpp_runner.py[pid:576;line:104:_train_model] - INFO: [ Epoch 36 (train) ]: train loglike is -1.2325923731889248, num_events is 33274, mark_ll is -1.7447905648519209, time_ll is 0.5121981650653593[0m
[38;20m2026-09-28 09:04:34,059 - tpp_runner.py[pid:576;line:116:_train_model] - INFO: [ Epoch 36 (valid) ]:  valid loglike is -1.3995763423248853, num_events is 9144, mark_ll is -1.8145319020028503, time_ll is 0.4149555580092436[0m
[38;20m2026-09-28 09:04:34,088 - tpp_runner.py[pid:576;line:136:_train_model] - INFO: [ Epoch 36 (test) ]: test loglike is -0.8594146277433865, num_events is 14478, mark_ll is -1.6673508944605608, time_ll is 0.8079362667171743[0m
[31;1m2026-09-28 09:04:34,088 - tpp_runner.py[pid:576;line:140:_train_model] - CRITICAL: current best loglike on valid set is -1.3996 (updated at epoch-36), best updated at this epoch[0m
[38;20m2026-09-28 09:04:34,191 - tpp_runner.py[pid:576;line:104:_train_model] - INFO: [ Epoch 37 (train) ]: train loglike is -1.211470773445483, num_events is 33274, mark_ll is -1.7503726970922304, time_ll is 0.5389019291497068[0m
[38;20m2026-09-28 09:04:34,207 - tpp_runner.py[pid:576;line:116:_train_model] - INFO: [ Epoch 37 (valid) ]:  valid loglike is -1.4161502974969926, num_events is 9144, mark_ll is -1.7599529222970665, time_ll is 0.34380257807587283[0m
[38;20m2026-09-28 09:04:34,230 - tpp_runner.py[pid:576;line:136:_train_model] - INFO: [ Epoch 37 (test) ]: test loglike is -0.9052187343512571, num_events is 14478, mark_ll is -1.6841813872772482, time_ll is 0.7789626192002521[0m
[31;1m2026-09-28 09:04:34,230 - tpp_runner.py[pid:576;line:140:_train_model] - CRITICAL: current best loglike on valid set is -1.3996 (updated at epoch-36)[0m
[38;20m2026-09-28 09:04:34,336 - tpp_runner.py[pid:576;line:104:_train_model] - INFO: [ Epoch 38 (train) ]: train loglike is -1.2014759263432269, num_events is 33274, mark_ll is -1.73484775556741, time_ll is 0.5333717631886712[0m
[38;20m2026-09-28 09:04:34,351 - tpp_runner.py[pid:576;line:116:_train_model] - INFO: [ Epoch 38 (valid) ]:  valid loglike is -1.358931507234081, num_events is 9144, mark_ll is -1.7823235619412319, time_ll is 0.4233920613820367[0m
[38;20m2026-09-28 09:04:34,376 - tpp_runner.py[pid:576;line:136:_train_model] - INFO: [ Epoch 38 (test) ]: test loglike is -0.8587135033542271, num_events is 14478, mark_ll is -1.6746696496408344, time_ll is 0.8159561800123463[0m
[31;1m2026-09-28 09:04:34,376 - tpp_runner.py[pid:576;line:140:_train_model] - CRITICAL: current best loglike on valid set is -1.3589 (updated at epoch-38), best updated at this epoch[0m
[38;20m2026-09-28 09:04:34,476 - tpp_runner.py[pid:576;line:104:_train_model] - INFO: [ Epoch 39 (train) ]: train loglike is -1.1710648928481369, num_events is 33274, mark_ll is -1.725810913151973, time_ll is 0.5547460074635977[0m
[38;20m2026-09-28 09:04:34,493 - tpp_runner.py[pid:576;line:116:_train_model] - INFO: [ Epoch 39 (valid) ]:  valid loglike is -1.3533078224535897, num_events is 9144, mark_ll is -1.7370757923142908, time_ll is 0.3837678730748561[0m
[38;20m2026-09-28 09:04:34,517 - tpp_runner.py[pid:576;line:136:_train_model] - INFO: [ Epoch 39 (test) ]: test loglike is -0.8458459197791477, num_events is 14478, mark_ll is -1.6421114282229936, time_ll is 0.796265575895324[0m
[31;1m2026-09-28 09:04:34,517 - tpp_runner.py[pid:576;line:140:_train_model] - CRITICAL: current best loglike on valid set is -1.3533 (updated at epoch-39), best updated at this epoch[0m
[38;20m2026-09-28 09:04:34,617 - tpp_runner.py[pid:576;line:104:_train_model] - INFO: [ Epoch 40 (train) ]: train loglike is -1.1511019888839635, num_events is 33274, mark_ll is -1.6973904247803278, time_ll is 0.5462884212218061[0m
[38;20m2026-09-28 09:04:34,633 - tpp_runner.py[pid:576;line:116:_train_model] - INFO: [ Epoch 40 (valid) ]:  valid loglike is -1.331311043166113, num_events is 9144, mark_ll is -1.7657776679892552, time_ll is 0.4344665889456308[0m
[38;20m2026-09-28 09:04:34,657 - tpp_runner.py[pid:576;line:136:_train_model] - INFO: [ Epoch 40 (test) ]: test loglike is -0.8301321536339619, num_events is 14478, mark_ll is -1.6748297119983768, time_ll is 0.844697558364415[0m
[31;1m2026-09-28 09:04:34,657 - tpp_runner.py[pid:576;line:140:_train_model] - CRITICAL: current best loglike on valid set is -1.3313 (updated at epoch-40), best updated at this epoch[0m
[38;20m2026-09-28 09:04:34,752 - tpp_runner.py[pid:576;line:104:_train_model] - INFO: [ Epoch 41 (train) ]: train loglike is -1.1373112059387585, num_events is 33274, mark_ll is -1.710135293263415, time_ll is 0.5728240579755403[0m
[38;20m2026-09-28 09:04:34,770 - tpp_runner.py[pid:576;line:116:_train_model] - INFO: [ Epoch 41 (valid) ]:  valid loglike is -1.3319780111104276, num_events is 9144, mark_ll is -1.7165346454343353, time_ll is 0.3845566960666019[0m
[38;20m2026-09-28 09:04:34,786 - tpp_runner.py[pid:576;line:136:_train_model] - INFO: [ Epoch 41 (test) ]: test loglike is -0.829991146318984, num_events is 14478, mark_ll is -1.6403529681888036, time_ll is 0.8103617544183416[0m
[31;1m2026-09-28 09:04:34,786 - tpp_runner.py[pid:576;line:140:_train_model] - CRITICAL: current best loglike on valid set is -1.3313 (updated at epoch-40)[0m
[38;20m2026-09-28 09:04:34,900 - tpp_runner.py[pid:576;line:104:_train_model] - INFO: [ Epoch 42 (train) ]: train loglike is -1.133775910427201, num_events is 33274, mark_ll is -1.688177267547954, time_ll is 0.5544013791325904[0m
[38;20m2026-09-28 09:04:34,905 - tpp_runner.py[pid:576;line:116:_train_model] - INFO: [ Epoch 42 (valid) ]:  valid loglike is -1.287616145683816, num_events is 9144, mark_ll is -1.7204818391841645, time_ll is 0.43286574022454954[0m
[38;20m2026-09-28 09:04:34,941 - tpp_runner.py[pid:576;line:136:_train_model] - INFO: [ Epoch 42 (test) ]: test loglike is -0.8025576521273656, num_events is 14478, mark_ll is -1.643583691635585, time_ll is 0.8410260732339584[0m
[31;1m2026-09-28 09:04:34,941 - tpp_runner.py[pid:576;line:140:_train_model] - CRITICAL: current best loglike on valid set is -1.2876 (updated at epoch-42), best updated at this epoch[0m
[38;20m2026-09-28 09:04:35,041 - tpp_runner.py[pid:576;line:104:_train_model] - INFO: [ Epoch 43 (train) ]: train loglike is -1.123182442237417, num_events is 33274, mark_ll is -1.6959201441065095, time_ll is 0.5727376284963015[0m
[38;20m2026-09-28 09:04:35,056 - tpp_runner.py[pid:576;line:116:_train_model] - INFO: [ Epoch 43 (valid) ]:  valid loglike is -1.2757920793348096, num_events is 9144, mark_ll is -1.698223471120065, time_ll is 0.4224313000055749[0m
[38;20m2026-09-28 09:04:35,082 - tpp_runner.py[pid:576;line:136:_train_model] - INFO: [ Epoch 43 (test) ]: test loglike is -0.7918567449319658, num_events is 14478, mark_ll is -1.6272138924143529, time_ll is 0.835357113756648[0m
[31;1m2026-09-28 09:04:35,082 - tpp_runner.py[pid:576;line:140:_train_model] - CRITICAL: current best loglike on valid set is -1.2758 (updated at epoch-43), best updated at this epoch[0m
[38;20m2026-09-28 09:04:35,183 - tpp_runner.py[pid:576;line:104:_train_model] - INFO: [ Epoch 44 (train) ]: train loglike is -1.110688347279642, num_events is 33274, mark_ll is -1.676594315909663, time_ll is 0.5659060420028119[0m
[38;20m2026-09-28 09:04:35,198 - tpp_runner.py[pid:576;line:116:_train_model] - INFO: [ Epoch 44 (valid) ]:  valid loglike is -1.2851659419342603, num_events is 9144, mark_ll is -1.7002331724525646, time_ll is 0.4150671220514092[0m
[38;20m2026-09-28 09:04:35,222 - tpp_runner.py[pid:576;line:136:_train_model] - INFO: [ Epoch 44 (test) ]: test loglike is -0.7654441625872013, num_events is 14478, mark_ll is -1.6082016815383686, time_ll is 0.8427575526769063[0m
[31;1m2026-09-28 09:04:35,222 - tpp_runner.py[pid:576;line:140:_train_model] - CRITICAL: current best loglike on valid set is -1.2758 (updated at epoch-43)[0m
[38;20m2026-09-28 09:04:35,328 - tpp_runner.py[pid:576;line:104:_train_model] - INFO: [ Epoch 45 (train) ]: train loglike is -1.0983159777822493, num_events is 33274, mark_ll is -1.6688382799410295, time_ll is 0.5705223021587801[0m
[38;20m2026-09-28 09:04:35,328 - tpp_runner.py[pid:576;line:116:_train_model] - INFO: [ Epoch 45 (valid) ]:  valid loglike is -1.2657933139216972, num_events is 9144, mark_ll is -1.6825983643218914, time_ll is 0.4168051121428883[0m
[38;20m2026-09-28 09:04:35,367 - tpp_runner.py[pid:576;line:136:_train_model] - INFO: [ Epoch 45 (test) ]: test loglike is -0.7691722732335268, num_events is 14478, mark_ll is -1.624394555532532, time_ll is 0.8552222485732663[0m
[31;1m2026-09-28 09:04:35,367 - tpp_runner.py[pid:576;line:140:_train_model] - CRITICAL: current best loglike on valid set is -1.2658 (updated at epoch-45), best updated at this epoch[0m
[38;20m2026-09-28 09:04:35,484 - tpp_runner.py[pid:576;line:104:_train_model] - INFO: [ Epoch 46 (train) ]: train loglike is -1.0858786733647612, num_events is 33274, mark_ll is -1.6650206569353605, time_ll is 0.5791419890735587[0m
[38;20m2026-09-28 09:04:35,515 - tpp_runner.py[pid:576;line:116:_train_model] - INFO: [ Epoch 46 (valid) ]:  valid loglike is -1.2428019766419578, num_events is 9144, mark_ll is -1.683498539428177, time_ll is 0.44069650438096786[0m
[38;20m2026-09-28 09:04:35,557 - tpp_runner.py[pid:576;line:136:_train_model] - INFO: [ Epoch 46 (test) ]: test loglike is -0.7523181049480245, num_events is 14478, mark_ll is -1.6031565133305705, time_ll is 0.850838442108285[0m
[31;1m2026-09-28 09:04:35,557 - tpp_runner.py[pid:576;line:140:_train_model] - CRITICAL: current best loglike on valid set is -1.2428 (updated at epoch-46), best updated at this epoch[0m
[38;20m2026-09-28 09:04:35,655 - tpp_runner.py[pid:576;line:104:_train_model] - INFO: [ Epoch 47 (train) ]: train loglike is -1.0804094526783063, num_events is 33274, mark_ll is -1.6587108573769123, time_ll is 0.5783013661778904[0m
[38;20m2026-09-28 09:04:35,673 - tpp_runner.py[pid:576;line:116:_train_model] - INFO: [ Epoch 47 (valid) ]:  valid loglike is -1.2277260928016323, num_events is 9144, mark_ll is -1.6755585090590484, time_ll is 0.4478323178028497[0m
[38;20m2026-09-28 09:04:35,699 - tpp_runner.py[pid:576;line:136:_train_model] - INFO: [ Epoch 47 (test) ]: test loglike is -0.7656426722872635, num_events is 14478, mark_ll is -1.6114436019305152, time_ll is 0.8458008959175127[0m
[31;1m2026-09-28 09:04:35,699 - tpp_runner.py[pid:576;line:140:_train_model] - CRITICAL: current best loglike on valid set is -1.2277 (updated at epoch-47), best updated at this epoch[0m
[38;20m2026-09-28 09:04:35,804 - tpp_runner.py[pid:576;line:104:_train_model] - INFO: [ Epoch 48 (train) ]: train loglike is -1.059375041822491, num_events is 33274, mark_ll is -1.655312875375199, time_ll is 0.5959378317183884[0m
[38;20m2026-09-28 09:04:35,814 - tpp_runner.py[pid:576;line:116:_train_model] - INFO: [ Epoch 48 (valid) ]:  valid loglike is -1.2656773177553244, num_events is 9144, mark_ll is -1.677476964701922, time_ll is 0.41179970118004505[0m
[38;20m2026-09-28 09:04:35,842 - tpp_runner.py[pid:576;line:136:_train_model] - INFO: [ Epoch 48 (test) ]: test loglike is -0.7609532094492506, num_events is 14478, mark_ll is -1.611972354067378, time_ll is 0.8510191108923885[0m
[31;1m2026-09-28 09:04:35,842 - tpp_runner.py[pid:576;line:140:_train_model] - CRITICAL: current best loglike on valid set is -1.2277 (updated at epoch-47)[0m
[38;20m2026-09-28 09:04:35,945 - tpp_runner.py[pid:576;line:104:_train_model] - INFO: [ Epoch 49 (train) ]: train loglike is -1.0699684476454026, num_events is 33274, mark_ll is -1.6519122519530076, time_ll is 0.5819437859644073[0m
[38;20m2026-09-28 09:04:35,960 - tpp_runner.py[pid:576;line:116:_train_model] - INFO: [ Epoch 49 (valid) ]:  valid loglike is -1.2222938971465236, num_events is 9144, mark_ll is -1.672762853266999, time_ll is 0.4504689018870276[0m
[38;20m2026-09-28 09:04:35,981 - tpp_runner.py[pid:576;line:136:_train_model] - INFO: [ Epoch 49 (test) ]: test loglike is -0.7335325984899502, num_events is 14478, mark_ll is -1.5980581259065478, time_ll is 0.8645256623195539[0m
[31;1m2026-09-28 09:04:35,985 - tpp_runner.py[pid:576;line:140:_train_model] - CRITICAL: current best loglike on valid set is -1.2223 (updated at epoch-49), best updated at this epoch[0m
[38;20m2026-09-28 09:04:36,089 - tpp_runner.py[pid:576;line:104:_train_model] - INFO: [ Epoch 50 (train) ]: train loglike is -1.059771522704946, num_events is 33274, mark_ll is -1.6510519926641296, time_ll is 0.591280449781666[0m
[38;20m2026-09-28 09:04:36,105 - tpp_runner.py[pid:576;line:116:_train_model] - INFO: [ Epoch 50 (valid) ]:  valid loglike is -1.2378556859774852, num_events is 9144, mark_ll is -1.6810536221882177, time_ll is 0.4431979020019424[0m
[38;20m2026-09-28 09:04:36,120 - tpp_runner.py[pid:576;line:136:_train_model] - INFO: [ Epoch 50 (test) ]: test loglike is -0.7478210811770445, num_events is 14478, mark_ll is -1.6096847371874567, time_ll is 0.8618636222846733[0m
[31;1m2026-09-28 09:04:36,120 - tpp_runner.py[pid:576;line:140:_train_model] - CRITICAL: current best loglike on valid set is -1.2223 (updated at epoch-49)[0m
[38;20m2026-09-28 09:04:36,219 - tpp_runner.py[pid:576;line:104:_train_model] - INFO: [ Epoch 51 (train) ]: train loglike is -1.0606702660227392, num_events is 33274, mark_ll is -1.6478221334072305, time_ll is 0.587151845372654[0m
[38;20m2026-09-28 09:04:36,244 - tpp_runner.py[pid:576;line:116:_train_model] - INFO: [ Epoch 51 (valid) ]:  valid loglike is -1.234524664290621, num_events is 9144, mark_ll is -1.6649701643282138, time_ll is 0.4304454166015198[0m
[38;20m2026-09-28 09:04:36,266 - tpp_runner.py[pid:576;line:136:_train_model] - INFO: [ Epoch 51 (test) ]: test loglike is -0.7419579626200097, num_events is 14478, mark_ll is -1.5957317918781946, time_ll is 0.8537738629839239[0m
[31;1m2026-09-28 09:04:36,266 - tpp_runner.py[pid:576;line:140:_train_model] - CRITICAL: current best loglike on valid set is -1.2223 (updated at epoch-49)[0m
[38;20m2026-09-28 09:04:36,367 - tpp_runner.py[pid:576;line:104:_train_model] - INFO: [ Epoch 52 (train) ]: train loglike is -1.0450632148417542, num_events is 33274, mark_ll is -1.6439941905184978, time_ll is 0.5989309169785109[0m
[38;20m2026-09-28 09:04:36,384 - tpp_runner.py[pid:576;line:116:_train_model] - INFO: [ Epoch 52 (valid) ]:  valid loglike is -1.2349504552592547, num_events is 9144, mark_ll is -1.6819385118058974, time_ll is 0.4469879585092566[0m
[38;20m2026-09-28 09:04:36,406 - tpp_runner.py[pid:576;line:136:_train_model] - INFO: [ Epoch 52 (test) ]: test loglike is -0.7370462134359027, num_events is 14478, mark_ll is -1.6027498483690772, time_ll is 0.8657036012074354[0m
[31;1m2026-09-28 09:04:36,406 - tpp_runner.py[pid:576;line:140:_train_model] - CRITICAL: current best loglike on valid set is -1.2223 (updated at epoch-49)[0m
[38;20m2026-09-28 09:04:36,511 - tpp_runner.py[pid:576;line:104:_train_model] - INFO: [ Epoch 53 (train) ]: train loglike is -1.0390622413609114, num_events is 33274, mark_ll is -1.6463331793580855, time_ll is 0.6072710132042849[0m
[38;20m2026-09-28 09:04:36,529 - tpp_runner.py[pid:576;line:116:_train_model] - INFO: [ Epoch 53 (valid) ]:  valid loglike is -1.211875721955654, num_events is 9144, mark_ll is -1.6608639480977965, time_ll is 0.4489882244734209[0m
[38;20m2026-09-28 09:04:36,554 - tpp_runner.py[pid:576;line:136:_train_model] - INFO: [ Epoch 53 (test) ]: test loglike is -0.7281059753106006, num_events is 14478, mark_ll is -1.5946680820684833, time_ll is 0.8665620898950132[0m
[31;1m2026-09-28 09:04:36,554 - tpp_runner.py[pid:576;line:140:_train_model] - CRITICAL: current best loglike on valid set is -1.2119 (updated at epoch-53), best updated at this epoch[0m
[38;20m2026-09-28 09:04:36,678 - tpp_runner.py[pid:576;line:104:_train_model] - INFO: [ Epoch 54 (train) ]: train loglike is -1.0468405588118725, num_events is 33274, mark_ll is -1.6363610723181012, time_ll is 0.5895205153405484[0m
[38;20m2026-09-28 09:04:36,715 - tpp_runner.py[pid:576;line:116:_train_model] - INFO: [ Epoch 54 (valid) ]:  valid loglike is -1.2327582224981888, num_events is 9144, mark_ll is -1.666152019617543, time_ll is 0.4333937937819113[0m
[38;20m2026-09-28 09:04:36,739 - tpp_runner.py[pid:576;line:136:_train_model] - INFO: [ Epoch 54 (test) ]: test loglike is -0.7372572691108924, num_events is 14478, mark_ll is -1.601005215887899, time_ll is 0.8637478455997893[0m
[31;1m2026-09-28 09:04:36,739 - tpp_runner.py[pid:576;line:140:_train_model] - CRITICAL: current best loglike on valid set is -1.2119 (updated at epoch-53)[0m
[38;20m2026-09-28 09:04:36,838 - tpp_runner.py[pid:576;line:104:_train_model] - INFO: [ Epoch 55 (train) ]: train loglike is -1.0377162817099594, num_events is 33274, mark_ll is -1.6410332388722237, time_ll is 0.6033169993516193[0m
[38;20m2026-09-28 09:04:36,854 - tpp_runner.py[pid:576;line:116:_train_model] - INFO: [ Epoch 55 (valid) ]:  valid loglike is -1.214973509781004, num_events is 9144, mark_ll is -1.669600092102745, time_ll is 0.45462648470153544[0m
[38;20m2026-09-28 09:04:36,884 - tpp_runner.py[pid:576;line:136:_train_model] - INFO: [ Epoch 55 (test) ]: test loglike is -0.729479304267682, num_events is 14478, mark_ll is -1.5931243200891008, time_ll is 0.8636451169986359[0m
[31;1m2026-09-28 09:04:36,884 - tpp_runner.py[pid:576;line:140:_train_model] - CRITICAL: current best loglike on valid set is -1.2119 (updated at epoch-53)[0m
[38;20m2026-09-28 09:04:36,988 - tpp_runner.py[pid:576;line:104:_train_model] - INFO: [ Epoch 56 (train) ]: train loglike is -1.0470310015597295, num_events is 33274, mark_ll is -1.645651865300704, time_ll is 0.5986208655752944[0m
[38;20m2026-09-28 09:04:37,006 - tpp_runner.py[pid:576;line:116:_train_model] - INFO: [ Epoch 56 (valid) ]:  valid loglike is -1.221997532214601, num_events is 9144, mark_ll is -1.659078162486159, time_ll is 0.43708074374461736[0m
[38;20m2026-09-28 09:04:37,021 - tpp_runner.py[pid:576;line:136:_train_model] - INFO: [ Epoch 56 (test) ]: test loglike is -0.7339856026169015, num_events is 14478, mark_ll is -1.6044769434659483, time_ll is 0.8704912396718296[0m
[31;1m2026-09-28 09:04:37,021 - tpp_runner.py[pid:576;line:140:_train_model] - CRITICAL: current best loglike on valid set is -1.2119 (updated at epoch-53)[0m
[38;20m2026-09-28 09:04:37,140 - tpp_runner.py[pid:576;line:104:_train_model] - INFO: [ Epoch 57 (train) ]: train loglike is -1.0413787872980311, num_events is 33274, mark_ll is -1.6317265496744362, time_ll is 0.5903478064000797[0m
[38;20m2026-09-28 09:04:37,161 - tpp_runner.py[pid:576;line:116:_train_model] - INFO: [ Epoch 57 (valid) ]:  valid loglike is -1.2180460798875972, num_events is 9144, mark_ll is -1.6640774517443133, time_ll is 0.44603114824804[0m
[38;20m2026-09-28 09:04:37,178 - tpp_runner.py[pid:576;line:136:_train_model] - INFO: [ Epoch 57 (test) ]: test loglike is -0.7219323944627193, num_events is 14478, mark_ll is -1.5894422788023208, time_ll is 0.8675098843396014[0m
[31;1m2026-09-28 09:04:37,178 - tpp_runner.py[pid:576;line:140:_train_model] - CRITICAL: current best loglike on valid set is -1.2119 (updated at epoch-53)[0m
[38;20m2026-09-28 09:04:37,287 - tpp_runner.py[pid:576;line:104:_train_model] - INFO: [ Epoch 58 (train) ]: train loglike is -1.0323032077175498, num_events is 33274, mark_ll is -1.6438172813819536, time_ll is 0.6115140699957643[0m
[38;20m2026-09-28 09:04:37,303 - tpp_runner.py[pid:576;line:116:_train_model] - INFO: [ Epoch 58 (valid) ]:  valid loglike is -1.2147490066701867, num_events is 9144, mark_ll is -1.6679360163597714, time_ll is 0.4531869955054523[0m
[38;20m2026-09-28 09:04:37,328 - tpp_runner.py[pid:576;line:136:_train_model] - INFO: [ Epoch 58 (test) ]: test loglike is -0.7062989630279563, num_events is 14478, mark_ll is -1.590952989557432, time_ll is 0.8846539590779976[0m
[31;1m2026-09-28 09:04:37,328 - tpp_runner.py[pid:576;line:140:_train_model] - CRITICAL: current best loglike on valid set is -1.2119 (updated at epoch-53)[0m
[38;20m2026-09-28 09:04:37,437 - tpp_runner.py[pid:576;line:104:_train_model] - INFO: [ Epoch 59 (train) ]: train loglike is -1.0354880711103265, num_events is 33274, mark_ll is -1.6396468343045152, time_ll is 0.6041588072178634[0m
[38;20m2026-09-28 09:04:37,461 - tpp_runner.py[pid:576;line:116:_train_model] - INFO: [ Epoch 59 (valid) ]:  valid loglike is -1.2008293465575104, num_events is 9144, mark_ll is -1.6543385796868164, time_ll is 0.45350935744905513[0m
[38;20m2026-09-28 09:04:37,488 - tpp_runner.py[pid:576;line:136:_train_model] - INFO: [ Epoch 59 (test) ]: test loglike is -0.7313779284733734, num_events is 14478, mark_ll is -1.5958843671216674, time_ll is 0.8645063037453378[0m
[31;1m2026-09-28 09:04:37,488 - tpp_runner.py[pid:576;line:140:_train_model] - CRITICAL: current best loglike on valid set is -1.2008 (updated at epoch-59), best updated at this epoch[0m
[38;20m2026-09-28 09:04:37,586 - tpp_runner.py[pid:576;line:104:_train_model] - INFO: [ Epoch 60 (train) ]: train loglike is -1.042196191373966, num_events is 33274, mark_ll is -1.6334999663659127, time_ll is 0.59130374747715[0m
[38;20m2026-09-28 09:04:37,612 - tpp_runner.py[pid:576;line:116:_train_model] - INFO: [ Epoch 60 (valid) ]:  valid loglike is -1.228953257216139, num_events is 9144, mark_ll is -1.6606895199806566, time_ll is 0.4317362460773031[0m
[38;20m2026-09-28 09:04:37,637 - tpp_runner.py[pid:576;line:136:_train_model] - INFO: [ Epoch 60 (test) ]: test loglike is -0.7200784399984027, num_events is 14478, mark_ll is -1.5956582023155823, time_ll is 0.8755798466315271[0m
[31;1m2026-09-28 09:04:37,639 - tpp_runner.py[pid:576;line:140:_train_model] - CRITICAL: current best loglike on valid set is -1.2008 (updated at epoch-59)[0m
[38;20m2026-09-28 09:04:37,743 - tpp_runner.py[pid:576;line:104:_train_model] - INFO: [ Epoch 61 (train) ]: train loglike is -1.028398417836092, num_events is 33274, mark_ll is -1.6417442835845462, time_ll is 0.6133458840916519[0m
[38;20m2026-09-28 09:04:37,759 - tpp_runner.py[pid:576;line:116:_train_model] - INFO: [ Epoch 61 (valid) ]:  valid loglike is -1.2362159602181075, num_events is 9144, mark_ll is -1.6722574709594407, time_ll is 0.4360414248021777[0m
[38;20m2026-09-28 09:04:37,776 - tpp_runner.py[pid:576;line:136:_train_model] - INFO: [ Epoch 61 (test) ]: test loglike is -0.7191891259853312, num_events is 14478, mark_ll is -1.592336689179272, time_ll is 0.8731475463310713[0m
[31;1m2026-09-28 09:04:37,776 - tpp_runner.py[pid:576;line:140:_train_model] - CRITICAL: current best loglike on valid set is -1.2008 (updated at epoch-59)[0m
[38;20m2026-09-28 09:04:37,891 - tpp_runner.py[pid:576;line:104:_train_model] - INFO: [ Epoch 62 (train) ]: train loglike is -1.0331200523259527, num_events is 33274, mark_ll is -1.6404450458926263, time_ll is 0.6073249788921155[0m
[38;20m2026-09-28 09:04:37,910 - tpp_runner.py[pid:576;line:116:_train_model] - INFO: [ Epoch 62 (valid) ]:  valid loglike is -1.2194215736155538, num_events is 9144, mark_ll is -1.6626420976400167, time_ll is 0.4432204439258325[0m
[38;20m2026-09-28 09:04:37,934 - tpp_runner.py[pid:576;line:136:_train_model] - INFO: [ Epoch 62 (test) ]: test loglike is -0.7033529354073853, num_events is 14478, mark_ll is -1.590614720394737, time_ll is 0.8872617343987429[0m
[31;1m2026-09-28 09:04:37,934 - tpp_runner.py[pid:576;line:140:_train_model] - CRITICAL: current best loglike on valid set is -1.2008 (updated at epoch-59)[0m
[38;20m2026-09-28 09:04:38,044 - tpp_runner.py[pid:576;line:104:_train_model] - INFO: [ Epoch 63 (train) ]: train loglike is -1.016780421518467, num_events is 33274, mark_ll is -1.630432121568971, time_ll is 0.6136516817073062[0m
[38;20m2026-09-28 09:04:38,064 - tpp_runner.py[pid:576;line:116:_train_model] - INFO: [ Epoch 63 (valid) ]:  valid loglike is -1.2078054700102185, num_events is 9144, mark_ll is -1.6556284079297217, time_ll is 0.4478228369618547[0m
[38;20m2026-09-28 09:04:38,087 - tpp_runner.py[pid:576;line:136:_train_model] - INFO: [ Epoch 63 (test) ]: test loglike is -0.7125614111982405, num_events is 14478, mark_ll is -1.5868007440167842, time_ll is 0.8742393159556742[0m
[31;1m2026-09-28 09:04:38,087 - tpp_runner.py[pid:576;line:140:_train_model] - CRITICAL: current best loglike on valid set is -1.2008 (updated at epoch-59)[0m
[38;20m2026-09-28 09:04:38,190 - tpp_runner.py[pid:576;line:104:_train_model] - INFO: [ Epoch 64 (train) ]: train loglike is -1.0204738629095729, num_events is 33274, mark_ll is -1.6310398830719461, time_ll is 0.6105660421742107[0m
[38;20m2026-09-28 09:04:38,209 - tpp_runner.py[pid:576;line:116:_train_model] - INFO: [ Epoch 64 (valid) ]:  valid loglike is -1.2071563240111343, num_events is 9144, mark_ll is -1.6524979932623167, time_ll is 0.44534161585209564[0m
[38;20m2026-09-28 09:04:38,244 - tpp_runner.py[pid:576;line:136:_train_model] - INFO: [ Epoch 64 (test) ]: test loglike is -0.7129557999907187, num_events is 14478, mark_ll is -1.5970330657937906, time_ll is 0.8840773501174195[0m
[31;1m2026-09-28 09:04:38,244 - tpp_runner.py[pid:576;line:140:_train_model] - CRITICAL: current best loglike on valid set is -1.2008 (updated at epoch-59)[0m
[38;20m2026-09-28 09:04:38,367 - tpp_runner.py[pid:576;line:104:_train_model] - INFO: [ Epoch 65 (train) ]: train loglike is -1.0090532375656012, num_events is 33274, mark_ll is -1.6284569517138945, time_ll is 0.6194037306571714[0m
[38;20m2026-09-28 09:04:38,384 - tpp_runner.py[pid:576;line:116:_train_model] - INFO: [ Epoch 65 (valid) ]:  valid loglike is -1.2283167134015474, num_events is 9144, mark_ll is -1.6580668772299458, time_ll is 0.4297501062575079[0m
[38;20m2026-09-28 09:04:38,408 - tpp_runner.py[pid:576;line:136:_train_model] - INFO: [ Epoch 65 (test) ]: test loglike is -0.7069563957221733, num_events is 14478, mark_ll is -1.5883809972458212, time_ll is 0.8814246183865174[0m
[31;1m2026-09-28 09:04:38,408 - tpp_runner.py[pid:576;line:140:_train_model] - CRITICAL: current best loglike on valid set is -1.2008 (updated at epoch-59)[0m
[38;20m2026-09-28 09:04:38,515 - tpp_runner.py[pid:576;line:104:_train_model] - INFO: [ Epoch 66 (train) ]: train loglike is -1.006155087525522, num_events is 33274, mark_ll is -1.6318337876772218, time_ll is 0.6256787001516997[0m
[38;20m2026-09-28 09:04:38,533 - tpp_runner.py[pid:576;line:116:_train_model] - INFO: [ Epoch 66 (valid) ]:  valid loglike is -1.2029639750536554, num_events is 9144, mark_ll is -1.6604268498725256, time_ll is 0.4574628781563132[0m
[38;20m2026-09-28 09:04:38,557 - tpp_runner.py[pid:576;line:136:_train_model] - INFO: [ Epoch 66 (test) ]: test loglike is -0.6950624405077963, num_events is 14478, mark_ll is -1.587388044036642, time_ll is 0.892325586665976[0m
[31;1m2026-09-28 09:04:38,557 - tpp_runner.py[pid:576;line:140:_train_model] - CRITICAL: current best loglike on valid set is -1.2008 (updated at epoch-59)[0m
[38;20m2026-09-28 09:04:38,665 - tpp_runner.py[pid:576;line:104:_train_model] - INFO: [ Epoch 67 (train) ]: train loglike is -1.0065238573391104, num_events is 33274, mark_ll is -1.6271739771011149, time_ll is 0.6206501252649638[0m
[38;20m2026-09-28 09:04:38,684 - tpp_runner.py[pid:576;line:116:_train_model] - INFO: [ Epoch 67 (valid) ]:  valid loglike is -1.1972314095351118, num_events is 9144, mark_ll is -1.6506554577711476, time_ll is 0.45342409913204057[0m
[38;20m2026-09-28 09:04:38,709 - tpp_runner.py[pid:576;line:136:_train_model] - INFO: [ Epoch 67 (test) ]: test loglike is -0.6993959787587202, num_events is 14478, mark_ll is -1.5872192129869458, time_ll is 0.8878232005024865[0m
[31;1m2026-09-28 09:04:38,709 - tpp_runner.py[pid:576;line:140:_train_model] - CRITICAL: current best loglike on valid set is -1.1972 (updated at epoch-67), best updated at this epoch[0m
[38;20m2026-09-28 09:04:38,812 - tpp_runner.py[pid:576;line:104:_train_model] - INFO: [ Epoch 68 (train) ]: train loglike is -1.0119954021087223, num_events is 33274, mark_ll is -1.6218957072690952, time_ll is 0.6099003675272454[0m
[38;20m2026-09-28 09:04:38,830 - tpp_runner.py[pid:576;line:116:_train_model] - INFO: [ Epoch 68 (valid) ]:  valid loglike is -1.2049896293633462, num_events is 9144, mark_ll is -1.6479574822586873, time_ll is 0.44296780366805805[0m
[38;20m2026-09-28 09:04:38,855 - tpp_runner.py[pid:576;line:136:_train_model] - INFO: [ Epoch 68 (test) ]: test loglike is -0.7307496179548281, num_events is 14478, mark_ll is -1.5920058396791683, time_ll is 0.8612562217243404[0m
[31;1m2026-09-28 09:04:38,855 - tpp_runner.py[pid:576;line:140:_train_model] - CRITICAL: current best loglike on valid set is -1.1972 (updated at epoch-67)[0m
[38;20m2026-09-28 09:04:38,966 - tpp_runner.py[pid:576;line:104:_train_model] - INFO: [ Epoch 69 (train) ]: train loglike is -1.0042250437712723, num_events is 33274, mark_ll is -1.6182970947074855, time_ll is 0.614072021587097[0m
[38;20m2026-09-28 09:04:38,983 - tpp_runner.py[pid:576;line:116:_train_model] - INFO: [ Epoch 69 (valid) ]:  valid loglike is -1.1900570152729932, num_events is 9144, mark_ll is -1.6536854421059917, time_ll is 0.4636283141942996[0m
[38;20m2026-09-28 09:04:39,010 - tpp_runner.py[pid:576;line:136:_train_model] - INFO: [ Epoch 69 (test) ]: test loglike is -0.7221123550063027, num_events is 14478, mark_ll is -1.5875870258970508, time_ll is 0.8654746371650089[0m
[31;1m2026-09-28 09:04:39,010 - tpp_runner.py[pid:576;line:140:_train_model] - CRITICAL: current best loglike on valid set is -1.1901 (updated at epoch-69), best updated at this epoch[0m
[38;20m2026-09-28 09:04:39,119 - tpp_runner.py[pid:576;line:104:_train_model] - INFO: [ Epoch 70 (train) ]: train loglike is -1.001340924443165, num_events is 33274, mark_ll is -1.6271905079909426, time_ll is 0.6258495248495447[0m
[38;20m2026-09-28 09:04:39,137 - tpp_runner.py[pid:576;line:116:_train_model] - INFO: [ Epoch 70 (valid) ]:  valid loglike is -1.2112488033264641, num_events is 9144, mark_ll is -1.6556000797141568, time_ll is 0.44435117125824053[0m
[38;20m2026-09-28 09:04:39,161 - tpp_runner.py[pid:576;line:136:_train_model] - INFO: [ Epoch 70 (test) ]: test loglike is -0.7073911879500363, num_events is 14478, mark_ll is -1.580364119267164, time_ll is 0.8729728807285191[0m
[31;1m2026-09-28 09:04:39,161 - tpp_runner.py[pid:576;line:140:_train_model] - CRITICAL: current best loglike on valid set is -1.1901 (updated at epoch-69)[0m
[38;20m2026-09-28 09:04:39,271 - tpp_runner.py[pid:576;line:104:_train_model] - INFO: [ Epoch 71 (train) ]: train loglike is -1.0000992036821637, num_events is 33274, mark_ll is -1.62149856970016, time_ll is 0.6213994100416711[0m
[38;20m2026-09-28 09:04:39,288 - tpp_runner.py[pid:576;line:116:_train_model] - INFO: [ Epoch 71 (valid) ]:  valid loglike is -1.2267628800733403, num_events is 9144, mark_ll is -1.6480800465127405, time_ll is 0.42131725821908067[0m
[38;20m2026-09-28 09:04:39,305 - tpp_runner.py[pid:576;line:136:_train_model] - INFO: [ Epoch 71 (test) ]: test loglike is -0.7268500793768994, num_events is 14478, mark_ll is -1.5901901133400678, time_ll is 0.8633400676889073[0m
[31;1m2026-09-28 09:04:39,305 - tpp_runner.py[pid:576;line:140:_train_model] - CRITICAL: current best loglike on valid set is -1.1901 (updated at epoch-69)[0m
[38;20m2026-09-28 09:04:39,418 - tpp_runner.py[pid:576;line:104:_train_model] - INFO: [ Epoch 72 (train) ]: train loglike is -0.9934476923611528, num_events is 33274, mark_ll is -1.6166903443109204, time_ll is 0.6232426684586454[0m
[38;20m2026-09-28 09:04:39,425 - tpp_runner.py[pid:576;line:116:_train_model] - INFO: [ Epoch 72 (valid) ]:  valid loglike is -1.20432858871767, num_events is 9144, mark_ll is -1.6510364869552439, time_ll is 0.4467077881019572[0m
[38;20m2026-09-28 09:04:39,457 - tpp_runner.py[pid:576;line:136:_train_model] - INFO: [ Epoch 72 (test) ]: test loglike is -0.7011802558461545, num_events is 14478, mark_ll is -1.5872224506578947, time_ll is 0.8860421442231317[0m
[31;1m2026-09-28 09:04:39,457 - tpp_runner.py[pid:576;line:140:_train_model] - CRITICAL: current best loglike on valid set is -1.1901 (updated at epoch-69)[0m
[38;20m2026-09-28 09:04:39,561 - tpp_runner.py[pid:576;line:104:_train_model] - INFO: [ Epoch 73 (train) ]: train loglike is -0.9981659700458222, num_events is 33274, mark_ll is -1.6202651804195844, time_ll is 0.6220992837465532[0m
[38;20m2026-09-28 09:04:39,577 - tpp_runner.py[pid:576;line:116:_train_model] - INFO: [ Epoch 73 (valid) ]:  valid loglike is -1.2172485645257478, num_events is 9144, mark_ll is -1.6511728949225586, time_ll is 0.43392438546461903[0m
[38;20m2026-09-28 09:04:39,613 - tpp_runner.py[pid:576;line:136:_train_model] - INFO: [ Epoch 73 (test) ]: test loglike is -0.6934769766520755, num_events is 14478, mark_ll is -1.58173230504904, time_ll is 0.8882553283969643[0m
[31;1m2026-09-28 09:04:39,613 - tpp_runner.py[pid:576;line:140:_train_model] - CRITICAL: current best loglike on valid set is -1.1901 (updated at epoch-69)[0m
[38;20m2026-09-28 09:04:39,728 - tpp_runner.py[pid:576;line:104:_train_model] - INFO: [ Epoch 74 (train) ]: train loglike is -0.9903002087367858, num_events is 33274, mark_ll is -1.6184307799328117, time_ll is 0.6281305675273863[0m
[38;20m2026-09-28 09:04:39,744 - tpp_runner.py[pid:576;line:116:_train_model] - INFO: [ Epoch 74 (valid) ]:  valid loglike is -1.1965609439506097, num_events is 9144, mark_ll is -1.6471232817241839, time_ll is 0.4505623828290537[0m
[38;20m2026-09-28 09:04:39,783 - tpp_runner.py[pid:576;line:136:_train_model] - INFO: [ Epoch 74 (test) ]: test loglike is -0.6931334631369578, num_events is 14478, mark_ll is -1.581914693845835, time_ll is 0.8887812138460077[0m
[31;1m2026-09-28 09:04:39,783 - tpp_runner.py[pid:576;line:140:_train_model] - CRITICAL: current best loglike on valid set is -1.1901 (updated at epoch-69)[0m
[38;20m2026-09-28 09:04:39,909 - tpp_runner.py[pid:576;line:104:_train_model] - INFO: [ Epoch 75 (train) ]: train loglike is -0.9991840798887645, num_events is 33274, mark_ll is -1.6177237193630443, time_ll is 0.6185396174624426[0m
[38;20m2026-09-28 09:04:39,950 - tpp_runner.py[pid:576;line:116:_train_model] - INFO: [ Epoch 75 (valid) ]:  valid loglike is -1.193868748889299, num_events is 9144, mark_ll is -1.6494771935704082, time_ll is 0.45560842507363203[0m
[38;20m2026-09-28 09:04:39,996 - tpp_runner.py[pid:576;line:136:_train_model] - INFO: [ Epoch 75 (test) ]: test loglike is -0.7027623977165786, num_events is 14478, mark_ll is -1.5861986721232215, time_ll is 0.8834362575437733[0m
[31;1m2026-09-28 09:04:39,996 - tpp_runner.py[pid:576;line:140:_train_model] - CRITICAL: current best loglike on valid set is -1.1901 (updated at epoch-69)[0m
[38;20m2026-09-28 09:04:40,136 - tpp_runner.py[pid:576;line:104:_train_model] - INFO: [ Epoch 76 (train) ]: train loglike is -0.9912456391615356, num_events is 33274, mark_ll is -1.6204672234057091, time_ll is 0.6292216062560106[0m
[38;20m2026-09-28 09:04:40,150 - tpp_runner.py[pid:576;line:116:_train_model] - INFO: [ Epoch 76 (valid) ]:  valid loglike is -1.2017078549843134, num_events is 9144, mark_ll is -1.6548729443487533, time_ll is 0.45316510605165444[0m
[38;20m2026-09-28 09:04:40,181 - tpp_runner.py[pid:576;line:136:_train_model] - INFO: [ Epoch 76 (test) ]: test loglike is -0.6813382400236566, num_events is 14478, mark_ll is -1.5802897877382927, time_ll is 0.898951547714636[0m
[31;1m2026-09-28 09:04:40,181 - tpp_runner.py[pid:576;line:140:_train_model] - CRITICAL: current best loglike on valid set is -1.1901 (updated at epoch-69)[0m
[38;20m2026-09-28 09:04:40,301 - tpp_runner.py[pid:576;line:104:_train_model] - INFO: [ Epoch 77 (train) ]: train loglike is -1.008720535981782, num_events is 33274, mark_ll is -1.6323379247873715, time_ll is 0.6236173924742291[0m
[38;20m2026-09-28 09:04:40,335 - tpp_runner.py[pid:576;line:116:_train_model] - INFO: [ Epoch 77 (valid) ]:  valid loglike is -1.195432060555419, num_events is 9144, mark_ll is -1.648766692020553, time_ll is 0.4533346364712986[0m
[38;20m2026-09-28 09:04:40,365 - tpp_runner.py[pid:576;line:136:_train_model] - INFO: [ Epoch 77 (test) ]: test loglike is -0.6905861917920725, num_events is 14478, mark_ll is -1.5819389763779528, time_ll is 0.8913528014487498[0m
[31;1m2026-09-28 09:04:40,365 - tpp_runner.py[pid:576;line:140:_train_model] - CRITICAL: current best loglike on valid set is -1.1901 (updated at epoch-69)[0m
[38;20m2026-09-28 09:04:40,499 - tpp_runner.py[pid:576;line:104:_train_model] - INFO: [ Epoch 78 (train) ]: train loglike is -0.9893217651418549, num_events is 33274, mark_ll is -1.6164283740976908, time_ll is 0.6271065658493211[0m
[38;20m2026-09-28 09:04:40,515 - tpp_runner.py[pid:576;line:116:_train_model] - INFO: [ Epoch 78 (valid) ]:  valid loglike is -1.1938524087687281, num_events is 9144, mark_ll is -1.6464549120538399, time_ll is 0.452602608414564[0m
[38;20m2026-09-28 09:04:40,548 - tpp_runner.py[pid:576;line:136:_train_model] - INFO: [ Epoch 78 (test) ]: test loglike is -0.6969619415827031, num_events is 14478, mark_ll is -1.5882595171337546, time_ll is 0.8912975924139211[0m
[31;1m2026-09-28 09:04:40,548 - tpp_runner.py[pid:576;line:140:_train_model] - CRITICAL: current best loglike on valid set is -1.1901 (updated at epoch-69)[0m
[38;20m2026-09-28 09:04:40,687 - tpp_runner.py[pid:576;line:104:_train_model] - INFO: [ Epoch 79 (train) ]: train loglike is -0.987829737689924, num_events is 33274, mark_ll is -1.6157321580264432, time_ll is 0.6279023909874029[0m
[38;20m2026-09-28 09:04:40,708 - tpp_runner.py[pid:576;line:116:_train_model] - INFO: [ Epoch 79 (valid) ]:  valid loglike is -1.1961432829929461, num_events is 9144, mark_ll is -1.6501874948736877, time_ll is 0.4540441968622483[0m
[38;20m2026-09-28 09:04:40,738 - tpp_runner.py[pid:576;line:136:_train_model] - INFO: [ Epoch 79 (test) ]: test loglike is -0.6993451034813597, num_events is 14478, mark_ll is -1.588087718219022, time_ll is 0.8887425641490537[0m
[31;1m2026-09-28 09:04:40,739 - tpp_runner.py[pid:576;line:140:_train_model] - CRITICAL: current best loglike on valid set is -1.1901 (updated at epoch-69)[0m
[38;20m2026-09-28 09:04:40,881 - tpp_runner.py[pid:576;line:104:_train_model] - INFO: [ Epoch 80 (train) ]: train loglike is -0.9844816767009339, num_events is 33274, mark_ll is -1.6176309064509828, time_ll is 0.6331492150754906[0m
[38;20m2026-09-28 09:04:40,897 - tpp_runner.py[pid:576;line:116:_train_model] - INFO: [ Epoch 80 (valid) ]:  valid loglike is -1.1823689885444006, num_events is 9144, mark_ll is -1.6497729310630604, time_ll is 0.46740394585610273[0m
[38;20m2026-09-28 09:04:40,939 - tpp_runner.py[pid:576;line:136:_train_model] - INFO: [ Epoch 80 (test) ]: test loglike is -0.6887855914469367, num_events is 14478, mark_ll is -1.5833081064805221, time_ll is 0.8945224813078464[0m
[31;1m2026-09-28 09:04:40,939 - tpp_runner.py[pid:576;line:140:_train_model] - CRITICAL: current best loglike on valid set is -1.1824 (updated at epoch-80), best updated at this epoch[0m
[38;20m2026-09-28 09:04:41,071 - tpp_runner.py[pid:576;line:104:_train_model] - INFO: [ Epoch 81 (train) ]: train loglike is -0.9910931007975446, num_events is 33274, mark_ll is -1.617483089626097, time_ll is 0.6263899741539941[0m
[38;20m2026-09-28 09:04:41,093 - tpp_runner.py[pid:576;line:116:_train_model] - INFO: [ Epoch 81 (valid) ]:  valid loglike is -1.2154191118108528, num_events is 9144, mark_ll is -1.6492077017289344, time_ll is 0.4337886057709354[0m
[38;20m2026-09-28 09:04:41,122 - tpp_runner.py[pid:576;line:136:_train_model] - INFO: [ Epoch 81 (test) ]: test loglike is -0.6770606864995596, num_events is 14478, mark_ll is -1.581232422144806, time_ll is 0.9041717187823767[0m
[31;1m2026-09-28 09:04:41,122 - tpp_runner.py[pid:576;line:140:_train_model] - CRITICAL: current best loglike on valid set is -1.1824 (updated at epoch-80)[0m
[38;20m2026-09-28 09:04:41,232 - tpp_runner.py[pid:576;line:104:_train_model] - INFO: [ Epoch 82 (train) ]: train loglike is -0.9865608158009538, num_events is 33274, mark_ll is -1.617530283005312, time_ll is 0.6309694782102768[0m
[38;20m2026-09-28 09:04:41,256 - tpp_runner.py[pid:576;line:116:_train_model] - INFO: [ Epoch 82 (valid) ]:  valid loglike is -1.182323492522419, num_events is 9144, mark_ll is -1.6481604655375108, time_ll is 0.46583697301509186[0m
[38;20m2026-09-28 09:04:41,284 - tpp_runner.py[pid:576;line:136:_train_model] - INFO: [ Epoch 82 (test) ]: test loglike is -0.6865593891378298, num_events is 14478, mark_ll is -1.5797961778215224, time_ll is 0.8932368224094316[0m
[31;1m2026-09-28 09:04:41,284 - tpp_runner.py[pid:576;line:140:_train_model] - CRITICAL: current best loglike on valid set is -1.1823 (updated at epoch-82), best updated at this epoch[0m
[38;20m2026-09-28 09:04:41,400 - tpp_runner.py[pid:576;line:104:_train_model] - INFO: [ Epoch 83 (train) ]: train loglike is -0.9925986673637474, num_events is 33274, mark_ll is -1.619059973628058, time_ll is 0.6264613218560288[0m
[38;20m2026-09-28 09:04:41,417 - tpp_runner.py[pid:576;line:116:_train_model] - INFO: [ Epoch 83 (valid) ]:  valid loglike is -1.2090264534804243, num_events is 9144, mark_ll is -1.646419228114064, time_ll is 0.43739265949185857[0m
[38;20m2026-09-28 09:04:41,442 - tpp_runner.py[pid:576;line:136:_train_model] - INFO: [ Epoch 83 (test) ]: test loglike is -0.682448744296303, num_events is 14478, mark_ll is -1.5813863464178408, time_ll is 0.8989375852586683[0m
[31;1m2026-09-28 09:04:41,442 - tpp_runner.py[pid:576;line:140:_train_model] - CRITICAL: current best loglike on valid set is -1.1823 (updated at epoch-82)[0m
[38;20m2026-09-28 09:04:41,559 - tpp_runner.py[pid:576;line:104:_train_model] - INFO: [ Epoch 84 (train) ]: train loglike is -0.9785502312769073, num_events is 33274, mark_ll is -1.6129365226157248, time_ll is 0.6343863133506548[0m
[38;20m2026-09-28 09:04:41,568 - tpp_runner.py[pid:576;line:116:_train_model] - INFO: [ Epoch 84 (valid) ]:  valid loglike is -1.2099870229539178, num_events is 9144, mark_ll is -1.6446919946011387, time_ll is 0.43470502170886477[0m
[38;20m2026-09-28 09:04:41,600 - tpp_runner.py[pid:576;line:136:_train_model] - INFO: [ Epoch 84 (test) ]: test loglike is -0.6847454165371598, num_events is 14478, mark_ll is -1.5840638328412073, time_ll is 0.8993183488525694[0m
[31;1m2026-09-28 09:04:41,600 - tpp_runner.py[pid:576;line:140:_train_model] - CRITICAL: current best loglike on valid set is -1.1823 (updated at epoch-82)[0m
[38;20m2026-09-28 09:04:41,702 - tpp_runner.py[pid:576;line:104:_train_model] - INFO: [ Epoch 85 (train) ]: train loglike is -0.9819278303172616, num_events is 33274, mark_ll is -1.6119781565679097, time_ll is 0.6300503115760898[0m
[38;20m2026-09-28 09:04:41,718 - tpp_runner.py[pid:576;line:116:_train_model] - INFO: [ Epoch 85 (valid) ]:  valid loglike is -1.200528215757088, num_events is 9144, mark_ll is -1.6439725887535543, time_ll is 0.44344431959737945[0m
[38;20m2026-09-28 09:04:41,755 - tpp_runner.py[pid:576;line:136:_train_model] - INFO: [ Epoch 85 (test) ]: test loglike is -0.6908705166351533, num_events is 14478, mark_ll is -1.5820580956882857, time_ll is 0.8911876127788714[0m
[31;1m2026-09-28 09:04:41,755 - tpp_runner.py[pid:576;line:140:_train_model] - CRITICAL: current best loglike on valid set is -1.1823 (updated at epoch-82)[0m
[38;20m2026-09-28 09:04:41,868 - tpp_runner.py[pid:576;line:104:_train_model] - INFO: [ Epoch 86 (train) ]: train loglike is -0.976652804479767, num_events is 33274, mark_ll is -1.61044381411021, time_ll is 0.633790992204405[0m
[38;20m2026-09-28 09:04:41,883 - tpp_runner.py[pid:576;line:116:_train_model] - INFO: [ Epoch 86 (valid) ]:  valid loglike is -1.182226039188949, num_events is 9144, mark_ll is -1.6440075651554298, time_ll is 0.4617815138682501[0m
[38;20m2026-09-28 09:04:41,903 - tpp_runner.py[pid:576;line:136:_train_model] - INFO: [ Epoch 86 (test) ]: test loglike is -0.6860366064567792, num_events is 14478, mark_ll is -1.5819386391205623, time_ll is 0.8959021001152611[0m
[31;1m2026-09-28 09:04:41,903 - tpp_runner.py[pid:576;line:140:_train_model] - CRITICAL: current best loglike on valid set is -1.1822 (updated at epoch-86), best updated at this epoch[0m
[38;20m2026-09-28 09:04:42,028 - tpp_runner.py[pid:576;line:104:_train_model] - INFO: [ Epoch 87 (train) ]: train loglike is -0.9816619328253902, num_events is 33274, mark_ll is -1.6113828977885323, time_ll is 0.6297209924779389[0m
[38;20m2026-09-28 09:04:42,046 - tpp_runner.py[pid:576;line:116:_train_model] - INFO: [ Epoch 87 (valid) ]:  valid loglike is -1.1923784070753363, num_events is 9144, mark_ll is -1.6448209400460685, time_ll is 0.4524425976336889[0m
[38;20m2026-09-28 09:04:42,065 - tpp_runner.py[pid:576;line:136:_train_model] - INFO: [ Epoch 87 (test) ]: test loglike is -0.6890655319439408, num_events is 14478, mark_ll is -1.5799572519512364, time_ll is 0.890891703144426[0m
[31;1m2026-09-28 09:04:42,065 - tpp_runner.py[pid:576;line:140:_train_model] - CRITICAL: current best loglike on valid set is -1.1822 (updated at epoch-86)[0m
[38;20m2026-09-28 09:04:42,199 - tpp_runner.py[pid:576;line:104:_train_model] - INFO: [ Epoch 88 (train) ]: train loglike is -0.9746042150584682, num_events is 33274, mark_ll is -1.6111659711317394, time_ll is 0.6365617872567075[0m
[38;20m2026-09-28 09:04:42,223 - tpp_runner.py[pid:576;line:116:_train_model] - INFO: [ Epoch 88 (valid) ]:  valid loglike is -1.1924711345896215, num_events is 9144, mark_ll is -1.6445482175598412, time_ll is 0.45207706461428343[0m
[38;20m2026-09-28 09:04:42,251 - tpp_runner.py[pid:576;line:136:_train_model] - INFO: [ Epoch 88 (test) ]: test loglike is -0.6828874655727656, num_events is 14478, mark_ll is -1.5806949687672676, time_ll is 0.8978075369202411[0m
[31;1m2026-09-28 09:04:42,251 - tpp_runner.py[pid:576;line:140:_train_model] - CRITICAL: current best loglike on valid set is -1.1822 (updated at epoch-86)[0m
[38;20m2026-09-28 09:04:42,366 - tpp_runner.py[pid:576;line:104:_train_model] - INFO: [ Epoch 89 (train) ]: train loglike is -0.9769889133125714, num_events is 33274, mark_ll is -1.6105947639532743, time_ll is 0.6336058488063832[0m
[38;20m2026-09-28 09:04:42,384 - tpp_runner.py[pid:576;line:116:_train_model] - INFO: [ Epoch 89 (valid) ]:  valid loglike is -1.200387936355978, num_events is 9144, mark_ll is -1.6440867426514312, time_ll is 0.4436988246513894[0m
[38;20m2026-09-28 09:04:42,408 - tpp_runner.py[pid:576;line:136:_train_model] - INFO: [ Epoch 89 (test) ]: test loglike is -0.6898971412174938, num_events is 14478, mark_ll is -1.5817236712598426, time_ll is 0.8918265469052182[0m
[31;1m2026-09-28 09:04:42,408 - tpp_runner.py[pid:576;line:140:_train_model] - CRITICAL: current best loglike on valid set is -1.1822 (updated at epoch-86)[0m
[38;20m2026-09-28 09:04:42,519 - tpp_runner.py[pid:576;line:104:_train_model] - INFO: [ Epoch 90 (train) ]: train loglike is -0.9736667079779938, num_events is 33274, mark_ll is -1.6103601434479153, time_ll is 0.6366934473930002[0m
[38;20m2026-09-28 09:04:42,536 - tpp_runner.py[pid:576;line:116:_train_model] - INFO: [ Epoch 90 (valid) ]:  valid loglike is -1.2193110108062664, num_events is 9144, mark_ll is -1.644018725564578, time_ll is 0.42470773061116535[0m
[38;20m2026-09-28 09:04:42,549 - tpp_runner.py[pid:576;line:136:_train_model] - INFO: [ Epoch 90 (test) ]: test loglike is -0.6957187265268856, num_events is 14478, mark_ll is -1.5814318087140835, time_ll is 0.8857130484614588[0m
[31;1m2026-09-28 09:04:42,549 - tpp_runner.py[pid:576;line:140:_train_model] - CRITICAL: current best loglike on valid set is -1.1822 (updated at epoch-86)[0m
[38;20m2026-09-28 09:04:42,664 - tpp_runner.py[pid:576;line:104:_train_model] - INFO: [ Epoch 91 (train) ]: train loglike is -0.9780276427441236, num_events is 33274, mark_ll is -1.6101933340760617, time_ll is 0.6321656564798622[0m
[38;20m2026-09-28 09:04:42,690 - tpp_runner.py[pid:576;line:116:_train_model] - INFO: [ Epoch 91 (valid) ]:  valid loglike is -1.1958973000994504, num_events is 9144, mark_ll is -1.6440366142586669, time_ll is 0.44813923322622545[0m
[38;20m2026-09-28 09:04:42,706 - tpp_runner.py[pid:576;line:136:_train_model] - INFO: [ Epoch 91 (test) ]: test loglike is -0.6927927488581814, num_events is 14478, mark_ll is -1.5811203177881958, time_ll is 0.8883274340270583[0m
[31;1m2026-09-28 09:04:42,706 - tpp_runner.py[pid:576;line:140:_train_model] - CRITICAL: current best loglike on valid set is -1.1822 (updated at epoch-86)[0m
[38;20m2026-09-28 09:04:42,838 - tpp_runner.py[pid:576;line:104:_train_model] - INFO: [ Epoch 92 (train) ]: train loglike is -0.9741243212356471, num_events is 33274, mark_ll is -1.610329143443689, time_ll is 0.6362048359654403[0m
[38;20m2026-09-28 09:04:42,855 - tpp_runner.py[pid:576;line:116:_train_model] - INFO: [ Epoch 92 (valid) ]:  valid loglike is -1.2092760141127379, num_events is 9144, mark_ll is -1.644168109509993, time_ll is 0.43489220636723236[0m
[38;20m2026-09-28 09:04:42,880 - tpp_runner.py[pid:576;line:136:_train_model] - INFO: [ Epoch 92 (test) ]: test loglike is -0.6891621055977172, num_events is 14478, mark_ll is -1.5806120709006768, time_ll is 0.8914499315772206[0m
[31;1m2026-09-28 09:04:42,880 - tpp_runner.py[pid:576;line:140:_train_model] - CRITICAL: current best loglike on valid set is -1.1822 (updated at epoch-86)[0m
[38;20m2026-09-28 09:04:42,994 - tpp_runner.py[pid:576;line:104:_train_model] - INFO: [ Epoch 93 (train) ]: train loglike is -0.9783952156640578, num_events is 33274, mark_ll is -1.6102985433211743, time_ll is 0.6319033524204334[0m
[38;20m2026-09-28 09:04:43,011 - tpp_runner.py[pid:576;line:116:_train_model] - INFO: [ Epoch 93 (valid) ]:  valid loglike is -1.1900067133331966, num_events is 9144, mark_ll is -1.6441688971465236, time_ll is 0.45416213375168313[0m
[38;20m2026-09-28 09:04:43,035 - tpp_runner.py[pid:576;line:136:_train_model] - INFO: [ Epoch 93 (test) ]: test loglike is -0.6893487944262415, num_events is 14478, mark_ll is -1.5802323865304255, time_ll is 0.8908836089670534[0m
[31;1m2026-09-28 09:04:43,035 - tpp_runner.py[pid:576;line:140:_train_model] - CRITICAL: current best loglike on valid set is -1.1822 (updated at epoch-86)[0m
[38;20m2026-09-28 09:04:43,146 - tpp_runner.py[pid:576;line:104:_train_model] - INFO: [ Epoch 94 (train) ]: train loglike is -0.9800003656166179, num_events is 33274, mark_ll is -1.610058882105069, time_ll is 0.630058516488451[0m
[38;20m2026-09-28 09:04:43,163 - tpp_runner.py[pid:576;line:116:_train_model] - INFO: [ Epoch 94 (valid) ]:  valid loglike is -1.1967161083471745, num_events is 9144, mark_ll is -1.644065116021264, time_ll is 0.4473490110115325[0m
[38;20m2026-09-28 09:04:43,188 - tpp_runner.py[pid:576;line:136:_train_model] - INFO: [ Epoch 94 (test) ]: test loglike is -0.6917114173498152, num_events is 14478, mark_ll is -1.5798412354088962, time_ll is 0.8881298011962115[0m
[31;1m2026-09-28 09:04:43,188 - tpp_runner.py[pid:576;line:140:_train_model] - CRITICAL: current best loglike on valid set is -1.1822 (updated at epoch-86)[0m
[38;20m2026-09-28 09:04:43,299 - tpp_runner.py[pid:576;line:104:_train_model] - INFO: [ Epoch 95 (train) ]: train loglike is -0.9740530138886476, num_events is 33274, mark_ll is -1.6096717012238817, time_ll is 0.6356186955896731[0m
[38;20m2026-09-28 09:04:43,318 - tpp_runner.py[pid:576;line:116:_train_model] - INFO: [ Epoch 95 (valid) ]:  valid loglike is -1.2190876290762727, num_events is 9144, mark_ll is -1.6439951365179695, time_ll is 0.42490744987080625[0m
[38;20m2026-09-28 09:04:43,346 - tpp_runner.py[pid:576;line:136:_train_model] - INFO: [ Epoch 95 (test) ]: test loglike is -0.6949012483379956, num_events is 14478, mark_ll is -1.5794360543799213, time_ll is 0.8845348397676648[0m
[31;1m2026-09-28 09:04:43,347 - tpp_runner.py[pid:576;line:140:_train_model] - CRITICAL: current best loglike on valid set is -1.1822 (updated at epoch-86)[0m
[38;20m2026-09-28 09:04:43,479 - tpp_runner.py[pid:576;line:104:_train_model] - INFO: [ Epoch 96 (train) ]: train loglike is -0.9720228272805085, num_events is 33274, mark_ll is -1.609341919877147, time_ll is 0.6373190788392401[0m
[38;20m2026-09-28 09:04:43,497 - tpp_runner.py[pid:576;line:116:_train_model] - INFO: [ Epoch 96 (valid) ]:  valid loglike is -1.186872720926974, num_events is 9144, mark_ll is -1.6439427920631016, time_ll is 0.4570700778110134[0m
[38;20m2026-09-28 09:04:43,522 - tpp_runner.py[pid:576;line:136:_train_model] - INFO: [ Epoch 96 (test) ]: test loglike is -0.6893307848815876, num_events is 14478, mark_ll is -1.57933858699406, time_ll is 0.8900078189753419[0m
[31;1m2026-09-28 09:04:43,522 - tpp_runner.py[pid:576;line:140:_train_model] - CRITICAL: current best loglike on valid set is -1.1822 (updated at epoch-86)[0m
[38;20m2026-09-28 09:04:43,632 - tpp_runner.py[pid:576;line:104:_train_model] - INFO: [ Epoch 97 (train) ]: train loglike is -0.9718918174105767, num_events is 33274, mark_ll is -1.6091401116839537, time_ll is 0.6372483327940922[0m
[38;20m2026-09-28 09:04:43,649 - tpp_runner.py[pid:576;line:116:_train_model] - INFO: [ Epoch 97 (valid) ]:  valid loglike is -1.1994910052442176, num_events is 9144, mark_ll is -1.643845218581686, time_ll is 0.44435415576657805[0m
[38;20m2026-09-28 09:04:43,674 - tpp_runner.py[pid:576;line:136:_train_model] - INFO: [ Epoch 97 (test) ]: test loglike is -0.6939198799201807, num_events is 14478, mark_ll is -1.579440978337823, time_ll is 0.8855211490062509[0m
[31;1m2026-09-28 09:04:43,674 - tpp_runner.py[pid:576;line:140:_train_model] - CRITICAL: current best loglike on valid set is -1.1822 (updated at epoch-86)[0m
[38;20m2026-09-28 09:04:43,787 - tpp_runner.py[pid:576;line:104:_train_model] - INFO: [ Epoch 98 (train) ]: train loglike is -0.9788564828867063, num_events is 33274, mark_ll is -1.609069692147726, time_ll is 0.6302132303556972[0m
[38;20m2026-09-28 09:04:43,804 - tpp_runner.py[pid:576;line:116:_train_model] - INFO: [ Epoch 98 (valid) ]:  valid loglike is -1.2066077551921, num_events is 9144, mark_ll is -1.6437823011076251, time_ll is 0.43717461266438373[0m
[38;20m2026-09-28 09:04:43,828 - tpp_runner.py[pid:576;line:136:_train_model] - INFO: [ Epoch 98 (test) ]: test loglike is -0.6844280573326772, num_events is 14478, mark_ll is -1.5795393225928995, time_ll is 0.8951112652602224[0m
[31;1m2026-09-28 09:04:43,828 - tpp_runner.py[pid:576;line:140:_train_model] - CRITICAL: current best loglike on valid set is -1.1822 (updated at epoch-86)[0m
[38;20m2026-09-28 09:04:43,942 - tpp_runner.py[pid:576;line:104:_train_model] - INFO: [ Epoch 99 (train) ]: train loglike is -0.9743342655542099, num_events is 33274, mark_ll is -1.6090655062299957, time_ll is 0.634731262687623[0m
[38;20m2026-09-28 09:04:43,959 - tpp_runner.py[pid:576;line:116:_train_model] - INFO: [ Epoch 99 (valid) ]:  valid loglike is -1.197232090373469, num_events is 9144, mark_ll is -1.6437754126254238, time_ll is 0.44654320794453456[0m
[38;20m2026-09-28 09:04:43,983 - tpp_runner.py[pid:576;line:136:_train_model] - INFO: [ Epoch 99 (test) ]: test loglike is -0.6917870304567706, num_events is 14478, mark_ll is -1.579553757209214, time_ll is 0.8877667098895738[0m
[31;1m2026-09-28 09:04:43,983 - tpp_runner.py[pid:576;line:140:_train_model] - CRITICAL: current best loglike on valid set is -1.1822 (updated at epoch-86)[0m
[38;20m2026-09-28 09:04:43,983 - base_runner.py[pid:576;line:118:train] - INFO: End RMTPP train! Cost time: 0.260m[0m
RESULT {"model": "RMTPP", "dataset": "lob_amzn", "seed": 2019, "ll_per_event": -0.6860366064567792, "mark_ll": -1.5819386391205623, "time_ll": 0.8959021001152611, "val_ll": -1.182226039188949, "best_epoch": 86, "n_params": 34962, "seconds": 16.228167057037354, "max_epoch": 100, "batch_size": 64}
