
=== Mon Sep 28 08:27:52 2026 attempt 1: D:\Quant\.venv\Scripts\python.exe -u -m infodiff.baselines.easytpp_runner THP lob_amzn 6 2019 100 64
[31;1m2026-09-28 08:27:54,472 - config.py[pid:16196;line:33:build_from_yaml_file] - CRITICAL: Load pipeline config class RunnerConfig[0m
[31;1m2026-09-28 08:27:54,508 - runner_config.py[pid:16196;line:205:update_config] - CRITICAL: train model THP using GPU with torch backend[0m
[38;20m2026-09-28 08:27:54,511 - runner_config.py[pid:16196;line:45:__init__] - INFO: Save the config to D:\Quant\results\easytpp\checkpoints/lob_amzn/THP/train_2026_09_28_08_27_54\THP_train_output.yaml[0m
[38;20m2026-09-28 08:27:54,512 - base_runner.py[pid:16196;line:193:save_log] - INFO: Save the log to D:\Quant\results\easytpp\checkpoints/lob_amzn/THP/train_2026_09_28_08_27_54\log[0m
0.41421280161059515 1.2532707187976024
min_dt: 0.0
max_dt: 26.415379224003118
Traceback (most recent call last):
  File "<frozen runpy>", line 198, in _run_module_as_main
  File "<frozen runpy>", line 88, in _run_code
  File "D:\Quant\src\infodiff\baselines\easytpp_runner.py", line 84, in <module>
    r = run_model(model, dataset, n_types, seed, max_epoch, batch_size=bs, gpu=0 if torch.cuda.is_available() else -1)
        ^^^^^^^^^^^^^^^^^^^^^^^^^^^^^^^^^^^^^^^^^^^^^^^^^^^^^^^^^^^^^^^^^^^^^^^^^^^^^^^^^^^^^^^^^^^^^^^^^^^^^^^^^^^^^^
  File "D:\Quant\src\infodiff\baselines\easytpp_runner.py", line 66, in run_model
    runner = Runner.build_from_config(config)
             ^^^^^^^^^^^^^^^^^^^^^^^^^^^^^^^^
  File "D:\Quant\external\state_space_point_process\easy_tpp\runner\base_runner.py", line 66, in build_from_config
    return runner_cls(runner_config, unique_model_dir=unique_model_dir, **kwargs)
           ^^^^^^^^^^^^^^^^^^^^^^^^^^^^^^^^^^^^^^^^^^^^^^^^^^^^^^^^^^^^^^^^^^^^^^
  File "D:\Quant\external\state_space_point_process\easy_tpp\runner\tpp_runner.py", line 16, in __init__
    super(TPPRunner, self).__init__(runner_config, unique_model_dir, **kwargs)
  File "D:\Quant\external\state_space_point_process\easy_tpp\runner\base_runner.py", line 49, in __init__
    assert (min_dt > 0.)
            ^^^^^^^^^^^
AssertionError

=== Mon Sep 28 08:28:17 2026 attempt 2: D:\Quant\.venv\Scripts\python.exe -u -m infodiff.baselines.easytpp_runner THP lob_amzn 6 2019 100 64
[31;1m2026-09-28 08:28:19,565 - config.py[pid:620;line:33:build_from_yaml_file] - CRITICAL: Load pipeline config class RunnerConfig[0m
[31;1m2026-09-28 08:28:19,565 - runner_config.py[pid:620;line:205:update_config] - CRITICAL: train model THP using GPU with torch backend[0m
[38;20m2026-09-28 08:28:19,567 - runner_config.py[pid:620;line:45:__init__] - INFO: Save the config to D:\Quant\results\easytpp\checkpoints/lob_amzn/THP/train_2026_09_28_08_28_19\THP_train_output.yaml[0m
[38;20m2026-09-28 08:28:19,568 - base_runner.py[pid:620;line:193:save_log] - INFO: Save the log to D:\Quant\results\easytpp\checkpoints/lob_amzn/THP/train_2026_09_28_08_28_19\log[0m
Generating train split: 0 examples [00:00, ? examples/s]Generating train split: 262 examples [00:00, 18016.06 examples/s]
0.41421280161059515 1.2532707187976024
min_dt: 7.275957614183426e-12
max_dt: 26.415379224003118
[38;20m2026-09-28 08:28:23,610 - tpp_runner.py[pid:620;line:62:_init_model] - INFO: Num of model parameters 51224[0m
Generating validation split: 0 examples [00:00, ? examples/s]Generating validation split: 72 examples [00:00, 6002.58 examples/s]
Generating test split: 0 examples [00:00, ? examples/s]Generating test split: 114 examples [00:00, 10364.16 examples/s]
[38;20m2026-09-28 08:28:24,400 - base_runner.py[pid:620;line:103:train] - INFO: Data 'lob_amzn' loaded...[0m
[38;20m2026-09-28 08:28:24,401 - base_runner.py[pid:620;line:108:train] - INFO: Start THP training...[0m
[38;20m2026-09-28 08:28:24,901 - tpp_runner.py[pid:620;line:104:_train_model] - INFO: [ Epoch 0 (train) ]: train loglike is -2.179447482925858, num_events is 33274, mark_ll is -1.8713001990222282, time_ll is -0.30814727725422053[0m
[38;20m2026-09-28 08:28:24,920 - tpp_runner.py[pid:620;line:116:_train_model] - INFO: [ Epoch 0 (valid) ]:  valid loglike is -2.1035553005215166, num_events is 9144, mark_ll is -2.0380229532770806, time_ll is -0.0655324540426099[0m
[38;20m2026-09-28 08:28:24,959 - tpp_runner.py[pid:620;line:136:_train_model] - INFO: [ Epoch 0 (test) ]: test loglike is -2.137630963789888, num_events is 14478, mark_ll is -2.496288954577635, time_ll is 0.3586581088278336[0m
[31;1m2026-09-28 08:28:24,959 - tpp_runner.py[pid:620;line:140:_train_model] - CRITICAL: current best loglike on valid set is -2.1036 (updated at epoch-0), best updated at this epoch[0m
[38;20m2026-09-28 08:28:25,113 - tpp_runner.py[pid:620;line:104:_train_model] - INFO: [ Epoch 1 (train) ]: train loglike is -1.891201376291596, num_events is 33274, mark_ll is -1.9958695080759377, time_ll is 0.10466814221703548[0m
[38;20m2026-09-28 08:28:25,135 - tpp_runner.py[pid:620;line:116:_train_model] - INFO: [ Epoch 1 (valid) ]:  valid loglike is -2.0355231551256288, num_events is 9144, mark_ll is -1.6907701066785596, time_ll is -0.34475312854569934[0m
[38;20m2026-09-28 08:28:25,174 - tpp_runner.py[pid:620;line:136:_train_model] - INFO: [ Epoch 1 (test) ]: test loglike is -1.4126444001243266, num_events is 14478, mark_ll is -1.7063998367134618, time_ll is 0.2937552869311682[0m
[31;1m2026-09-28 08:28:25,174 - tpp_runner.py[pid:620;line:140:_train_model] - CRITICAL: current best loglike on valid set is -2.0355 (updated at epoch-1), best updated at this epoch[0m
[38;20m2026-09-28 08:28:25,377 - tpp_runner.py[pid:620;line:104:_train_model] - INFO: [ Epoch 2 (train) ]: train loglike is -1.667343184589272, num_events is 33274, mark_ll is -1.7074103928919258, time_ll is 0.04006731102456122[0m
[38;20m2026-09-28 08:28:25,399 - tpp_runner.py[pid:620;line:116:_train_model] - INFO: [ Epoch 2 (valid) ]:  valid loglike is -1.8391956719826525, num_events is 9144, mark_ll is -1.7134671215414479, time_ll is -0.1257285738033051[0m
[38;20m2026-09-28 08:28:25,438 - tpp_runner.py[pid:620;line:136:_train_model] - INFO: [ Epoch 2 (test) ]: test loglike is -1.4204448263097458, num_events is 14478, mark_ll is -1.7989403642595663, time_ll is 0.37849548736121186[0m
[31;1m2026-09-28 08:28:25,438 - tpp_runner.py[pid:620;line:140:_train_model] - CRITICAL: current best loglike on valid set is -1.8392 (updated at epoch-2), best updated at this epoch[0m
[38;20m2026-09-28 08:28:25,621 - tpp_runner.py[pid:620;line:104:_train_model] - INFO: [ Epoch 3 (train) ]: train loglike is -1.5633168739575194, num_events is 33274, mark_ll is -1.717674244823755, time_ll is 0.1543573580259972[0m
[38;20m2026-09-28 08:28:25,644 - tpp_runner.py[pid:620;line:116:_train_model] - INFO: [ Epoch 3 (valid) ]:  valid loglike is -1.8181611041905894, num_events is 9144, mark_ll is -1.8025900506180623, time_ll is -0.015570906725038277[0m
[38;20m2026-09-28 08:28:25,679 - tpp_runner.py[pid:620;line:136:_train_model] - INFO: [ Epoch 3 (test) ]: test loglike is -1.4246510330328774, num_events is 14478, mark_ll is -1.9057861361850739, time_ll is 0.4811350862893269[0m
[31;1m2026-09-28 08:28:25,679 - tpp_runner.py[pid:620;line:140:_train_model] - CRITICAL: current best loglike on valid set is -1.8182 (updated at epoch-3), best updated at this epoch[0m
[38;20m2026-09-28 08:28:25,852 - tpp_runner.py[pid:620;line:104:_train_model] - INFO: [ Epoch 4 (train) ]: train loglike is -1.518480403052003, num_events is 33274, mark_ll is -1.6919203731470143, time_ll is 0.17343994991749376[0m
[38;20m2026-09-28 08:28:25,873 - tpp_runner.py[pid:620;line:116:_train_model] - INFO: [ Epoch 4 (valid) ]:  valid loglike is -1.6896757724925497, num_events is 9144, mark_ll is -1.6285057034496664, time_ll is -0.061170125779413075[0m
[38;20m2026-09-28 08:28:25,908 - tpp_runner.py[pid:620;line:136:_train_model] - INFO: [ Epoch 4 (test) ]: test loglike is -1.2664796102275866, num_events is 14478, mark_ll is -1.683636918945987, time_ll is 0.41715730871840034[0m
[31;1m2026-09-28 08:28:25,908 - tpp_runner.py[pid:620;line:140:_train_model] - CRITICAL: current best loglike on valid set is -1.6897 (updated at epoch-4), best updated at this epoch[0m
[38;20m2026-09-28 08:28:26,059 - tpp_runner.py[pid:620;line:104:_train_model] - INFO: [ Epoch 5 (train) ]: train loglike is -1.43552116333969, num_events is 33274, mark_ll is -1.627097342889484, time_ll is 0.1915761905557126[0m
[38;20m2026-09-28 08:28:26,081 - tpp_runner.py[pid:620;line:116:_train_model] - INFO: [ Epoch 5 (valid) ]:  valid loglike is -1.6478857806348426, num_events is 9144, mark_ll is -1.6132187597186338, time_ll is -0.034667000891551156[0m
[38;20m2026-09-28 08:28:26,117 - tpp_runner.py[pid:620;line:136:_train_model] - INFO: [ Epoch 5 (test) ]: test loglike is -1.1927387876756976, num_events is 14478, mark_ll is -1.6335653933986047, time_ll is 0.4408266900372548[0m
[31;1m2026-09-28 08:28:26,117 - tpp_runner.py[pid:620;line:140:_train_model] - CRITICAL: current best loglike on valid set is -1.6479 (updated at epoch-5), best updated at this epoch[0m
[38;20m2026-09-28 08:28:26,249 - tpp_runner.py[pid:620;line:104:_train_model] - INFO: [ Epoch 6 (train) ]: train loglike is -1.3888726431338798, num_events is 33274, mark_ll is -1.607704697760451, time_ll is 0.2188320968159261[0m
[38;20m2026-09-28 08:28:26,280 - tpp_runner.py[pid:620;line:116:_train_model] - INFO: [ Epoch 6 (valid) ]:  valid loglike is -1.6122180207820702, num_events is 9144, mark_ll is -1.6508845265038892, time_ll is 0.03866651239670481[0m
[38;20m2026-09-28 08:28:26,312 - tpp_runner.py[pid:620;line:136:_train_model] - INFO: [ Epoch 6 (test) ]: test loglike is -1.2082960663916804, num_events is 14478, mark_ll is -1.6800416202600497, time_ll is 0.4717455875941083[0m
[31;1m2026-09-28 08:28:26,312 - tpp_runner.py[pid:620;line:140:_train_model] - CRITICAL: current best loglike on valid set is -1.6122 (updated at epoch-6), best updated at this epoch[0m
[38;20m2026-09-28 08:28:26,446 - tpp_runner.py[pid:620;line:104:_train_model] - INFO: [ Epoch 7 (train) ]: train loglike is -1.3555111979939527, num_events is 33274, mark_ll is -1.6147825453526026, time_ll is 0.2592714693409151[0m
[38;20m2026-09-28 08:28:26,478 - tpp_runner.py[pid:620;line:116:_train_model] - INFO: [ Epoch 7 (valid) ]:  valid loglike is -1.5794704433918416, num_events is 9144, mark_ll is -1.6169425850882408, time_ll is 0.037471994848910485[0m
[38;20m2026-09-28 08:28:26,509 - tpp_runner.py[pid:620;line:136:_train_model] - INFO: [ Epoch 7 (test) ]: test loglike is -1.1426833493058433, num_events is 14478, mark_ll is -1.6270358879636344, time_ll is 0.4843525723835302[0m
[31;1m2026-09-28 08:28:26,509 - tpp_runner.py[pid:620;line:140:_train_model] - CRITICAL: current best loglike on valid set is -1.5795 (updated at epoch-7), best updated at this epoch[0m
[38;20m2026-09-28 08:28:26,645 - tpp_runner.py[pid:620;line:104:_train_model] - INFO: [ Epoch 8 (train) ]: train loglike is -1.3240889388580424, num_events is 33274, mark_ll is -1.5885088568002608, time_ll is 0.2644200087410473[0m
[38;20m2026-09-28 08:28:26,669 - tpp_runner.py[pid:620;line:116:_train_model] - INFO: [ Epoch 8 (valid) ]:  valid loglike is -1.537734785104987, num_events is 9144, mark_ll is -1.6262354679725093, time_ll is 0.08850068286752241[0m
[38;20m2026-09-28 08:28:26,687 - tpp_runner.py[pid:620;line:136:_train_model] - INFO: [ Epoch 8 (test) ]: test loglike is -1.1163103609787264, num_events is 14478, mark_ll is -1.6421584419032325, time_ll is 0.5258481821017233[0m
[31;1m2026-09-28 08:28:26,687 - tpp_runner.py[pid:620;line:140:_train_model] - CRITICAL: current best loglike on valid set is -1.5377 (updated at epoch-8), best updated at this epoch[0m
[38;20m2026-09-28 08:28:26,878 - tpp_runner.py[pid:620;line:104:_train_model] - INFO: [ Epoch 9 (train) ]: train loglike is -1.2895204250920154, num_events is 33274, mark_ll is -1.5859013125394452, time_ll is 0.2963808975361886[0m
[38;20m2026-09-28 08:28:26,902 - tpp_runner.py[pid:620;line:116:_train_model] - INFO: [ Epoch 9 (valid) ]:  valid loglike is -1.5172916388991415, num_events is 9144, mark_ll is -1.610456745351289, time_ll is 0.09316505305306075[0m
[38;20m2026-09-28 08:28:26,953 - tpp_runner.py[pid:620;line:136:_train_model] - INFO: [ Epoch 9 (test) ]: test loglike is -1.0678606387708938, num_events is 14478, mark_ll is -1.6136687587417116, time_ll is 0.5458081874222959[0m
[31;1m2026-09-28 08:28:26,953 - tpp_runner.py[pid:620;line:140:_train_model] - CRITICAL: current best loglike on valid set is -1.5173 (updated at epoch-9), best updated at this epoch[0m
[38;20m2026-09-28 08:28:27,113 - tpp_runner.py[pid:620;line:104:_train_model] - INFO: [ Epoch 10 (train) ]: train loglike is -1.2692157910220818, num_events is 33274, mark_ll is -1.5771189269634325, time_ll is 0.30790317996502525[0m
[38;20m2026-09-28 08:28:27,148 - tpp_runner.py[pid:620;line:116:_train_model] - INFO: [ Epoch 10 (valid) ]:  valid loglike is -1.4754061961737204, num_events is 9144, mark_ll is -1.6169329866023827, time_ll is 0.1415267971035481[0m
[38;20m2026-09-28 08:28:27,202 - tpp_runner.py[pid:620;line:136:_train_model] - INFO: [ Epoch 10 (test) ]: test loglike is -1.0680665681335475, num_events is 14478, mark_ll is -1.6198083946332367, time_ll is 0.5517417927739501[0m
[31;1m2026-09-28 08:28:27,202 - tpp_runner.py[pid:620;line:140:_train_model] - CRITICAL: current best loglike on valid set is -1.4754 (updated at epoch-10), best updated at this epoch[0m
[38;20m2026-09-28 08:28:27,353 - tpp_runner.py[pid:620;line:104:_train_model] - INFO: [ Epoch 11 (train) ]: train loglike is -1.25494902227234, num_events is 33274, mark_ll is -1.5779072075442726, time_ll is 0.32295821186956924[0m
[38;20m2026-09-28 08:28:27,376 - tpp_runner.py[pid:620;line:116:_train_model] - INFO: [ Epoch 11 (valid) ]:  valid loglike is -1.4714237723763532, num_events is 9144, mark_ll is -1.6301503419250327, time_ll is 0.15872651614959263[0m
[38;20m2026-09-28 08:28:27,408 - tpp_runner.py[pid:620;line:136:_train_model] - INFO: [ Epoch 11 (test) ]: test loglike is -1.0656395627741229, num_events is 14478, mark_ll is -1.6314174010783602, time_ll is 0.5657778045784985[0m
[31;1m2026-09-28 08:28:27,408 - tpp_runner.py[pid:620;line:140:_train_model] - CRITICAL: current best loglike on valid set is -1.4714 (updated at epoch-11), best updated at this epoch[0m
[38;20m2026-09-28 08:28:27,527 - tpp_runner.py[pid:620;line:104:_train_model] - INFO: [ Epoch 12 (train) ]: train loglike is -1.232742855280446, num_events is 33274, mark_ll is -1.5849468682673127, time_ll is 0.3522039836377502[0m
[38;20m2026-09-28 08:28:27,544 - tpp_runner.py[pid:620;line:116:_train_model] - INFO: [ Epoch 12 (valid) ]:  valid loglike is -1.4327562921211996, num_events is 9144, mark_ll is -1.6153735864193735, time_ll is 0.18261738107168976[0m
[38;20m2026-09-28 08:28:27,570 - tpp_runner.py[pid:620;line:136:_train_model] - INFO: [ Epoch 12 (test) ]: test loglike is -1.0277658276242403, num_events is 14478, mark_ll is -1.6067524190798108, time_ll is 0.5789865577298314[0m
[31;1m2026-09-28 08:28:27,570 - tpp_runner.py[pid:620;line:140:_train_model] - CRITICAL: current best loglike on valid set is -1.4328 (updated at epoch-12), best updated at this epoch[0m
[38;20m2026-09-28 08:28:27,696 - tpp_runner.py[pid:620;line:104:_train_model] - INFO: [ Epoch 13 (train) ]: train loglike is -1.2116115795001823, num_events is 33274, mark_ll is -1.575955186804778, time_ll is 0.36434356878388063[0m
[38;20m2026-09-28 08:28:27,712 - tpp_runner.py[pid:620;line:116:_train_model] - INFO: [ Epoch 13 (valid) ]:  valid loglike is -1.4347753115943516, num_events is 9144, mark_ll is -1.618002556961874, time_ll is 0.18322740556478292[0m
[38;20m2026-09-28 08:28:27,740 - tpp_runner.py[pid:620;line:136:_train_model] - INFO: [ Epoch 13 (test) ]: test loglike is -1.02524435646973, num_events is 14478, mark_ll is -1.6156910215067688, time_ll is 0.5904466650370389[0m
[31;1m2026-09-28 08:28:27,740 - tpp_runner.py[pid:620;line:140:_train_model] - CRITICAL: current best loglike on valid set is -1.4328 (updated at epoch-12)[0m
[38;20m2026-09-28 08:28:27,869 - tpp_runner.py[pid:620;line:104:_train_model] - INFO: [ Epoch 14 (train) ]: train loglike is -1.2047633777381552, num_events is 33274, mark_ll is -1.5740098539951897, time_ll is 0.36924645699667674[0m
[38;20m2026-09-28 08:28:27,886 - tpp_runner.py[pid:620;line:116:_train_model] - INFO: [ Epoch 14 (valid) ]:  valid loglike is -1.421766386257382, num_events is 9144, mark_ll is -1.6193543681948204, time_ll is 0.19758800196209605[0m
[38;20m2026-09-28 08:28:27,911 - tpp_runner.py[pid:620;line:136:_train_model] - INFO: [ Epoch 14 (test) ]: test loglike is -1.021420633353191, num_events is 14478, mark_ll is -1.6081776013606852, time_ll is 0.5867570017332332[0m
[31;1m2026-09-28 08:28:27,911 - tpp_runner.py[pid:620;line:140:_train_model] - CRITICAL: current best loglike on valid set is -1.4218 (updated at epoch-14), best updated at this epoch[0m
[38;20m2026-09-28 08:28:28,047 - tpp_runner.py[pid:620;line:104:_train_model] - INFO: [ Epoch 15 (train) ]: train loglike is -1.1989257284215904, num_events is 33274, mark_ll is -1.5748402725699402, time_ll is 0.3759145404797101[0m
[38;20m2026-09-28 08:28:28,065 - tpp_runner.py[pid:620;line:116:_train_model] - INFO: [ Epoch 15 (valid) ]:  valid loglike is -1.4223628006582185, num_events is 9144, mark_ll is -1.6260288402060095, time_ll is 0.20366614300852165[0m
[38;20m2026-09-28 08:28:28,089 - tpp_runner.py[pid:620;line:136:_train_model] - INFO: [ Epoch 15 (test) ]: test loglike is -1.0181968911343935, num_events is 14478, mark_ll is -1.6071414117540406, time_ll is 0.5889445374825166[0m
[31;1m2026-09-28 08:28:28,089 - tpp_runner.py[pid:620;line:140:_train_model] - CRITICAL: current best loglike on valid set is -1.4218 (updated at epoch-14)[0m
[38;20m2026-09-28 08:28:28,215 - tpp_runner.py[pid:620;line:104:_train_model] - INFO: [ Epoch 16 (train) ]: train loglike is -1.1819766081818996, num_events is 33274, mark_ll is -1.5714878954265155, time_ll is 0.3895112202919439[0m
[38;20m2026-09-28 08:28:28,232 - tpp_runner.py[pid:620;line:116:_train_model] - INFO: [ Epoch 16 (valid) ]:  valid loglike is -1.4001843443275646, num_events is 9144, mark_ll is -1.620982573101214, time_ll is 0.2207983155471655[0m
[38;20m2026-09-28 08:28:28,247 - tpp_runner.py[pid:620;line:136:_train_model] - INFO: [ Epoch 16 (test) ]: test loglike is -1.0021185160243127, num_events is 14478, mark_ll is -1.6096806900987706, time_ll is 0.6075621234858493[0m
[31;1m2026-09-28 08:28:28,247 - tpp_runner.py[pid:620;line:140:_train_model] - CRITICAL: current best loglike on valid set is -1.4002 (updated at epoch-16), best updated at this epoch[0m
[38;20m2026-09-28 08:28:28,395 - tpp_runner.py[pid:620;line:104:_train_model] - INFO: [ Epoch 17 (train) ]: train loglike is -1.1739215138884715, num_events is 33274, mark_ll is -1.572018329344984, time_ll is 0.3980968044505939[0m
[38;20m2026-09-28 08:28:28,412 - tpp_runner.py[pid:620;line:116:_train_model] - INFO: [ Epoch 17 (valid) ]:  valid loglike is -1.3850385744323463, num_events is 9144, mark_ll is -1.6171942149351692, time_ll is 0.2321555937786219[0m
[38;20m2026-09-28 08:28:28,440 - tpp_runner.py[pid:620;line:136:_train_model] - INFO: [ Epoch 17 (test) ]: test loglike is -1.000157161943984, num_events is 14478, mark_ll is -1.6076220035355366, time_ll is 0.6074648078658137[0m
[31;1m2026-09-28 08:28:28,440 - tpp_runner.py[pid:620;line:140:_train_model] - CRITICAL: current best loglike on valid set is -1.3850 (updated at epoch-17), best updated at this epoch[0m
[38;20m2026-09-28 08:28:28,582 - tpp_runner.py[pid:620;line:104:_train_model] - INFO: [ Epoch 18 (train) ]: train loglike is -1.1711782776564943, num_events is 33274, mark_ll is -1.5689271776809597, time_ll is 0.39774891103038407[0m
[38;20m2026-09-28 08:28:28,598 - tpp_runner.py[pid:620;line:116:_train_model] - INFO: [ Epoch 18 (valid) ]:  valid loglike is -1.3783534626531058, num_events is 9144, mark_ll is -1.6239178541555597, time_ll is 0.245564428214326[0m
[38;20m2026-09-28 08:28:28,622 - tpp_runner.py[pid:620;line:136:_train_model] - INFO: [ Epoch 18 (test) ]: test loglike is -0.9872833053814408, num_events is 14478, mark_ll is -1.609850937629507, time_ll is 0.622567598522327[0m
[31;1m2026-09-28 08:28:28,622 - tpp_runner.py[pid:620;line:140:_train_model] - CRITICAL: current best loglike on valid set is -1.3784 (updated at epoch-18), best updated at this epoch[0m
[38;20m2026-09-28 08:28:28,752 - tpp_runner.py[pid:620;line:104:_train_model] - INFO: [ Epoch 19 (train) ]: train loglike is -1.1612864624617758, num_events is 33274, mark_ll is -1.5705025502034247, time_ll is 0.40921610608484665[0m
[38;20m2026-09-28 08:28:28,761 - tpp_runner.py[pid:620;line:116:_train_model] - INFO: [ Epoch 19 (valid) ]:  valid loglike is -1.3930655518646107, num_events is 9144, mark_ll is -1.6204617718073326, time_ll is 0.2273960597454615[0m
[38;20m2026-09-28 08:28:28,793 - tpp_runner.py[pid:620;line:136:_train_model] - INFO: [ Epoch 19 (test) ]: test loglike is -0.9855883171881475, num_events is 14478, mark_ll is -1.6072950662211631, time_ll is 0.6217067153072765[0m
[31;1m2026-09-28 08:28:28,793 - tpp_runner.py[pid:620;line:140:_train_model] - CRITICAL: current best loglike on valid set is -1.3784 (updated at epoch-18)[0m
[38;20m2026-09-28 08:28:28,923 - tpp_runner.py[pid:620;line:104:_train_model] - INFO: [ Epoch 20 (train) ]: train loglike is -1.1588503940823258, num_events is 33274, mark_ll is -1.5669105852166858, time_ll is 0.40806015077932467[0m
[38;20m2026-09-28 08:28:28,940 - tpp_runner.py[pid:620;line:116:_train_model] - INFO: [ Epoch 20 (valid) ]:  valid loglike is -1.3903319725110044, num_events is 9144, mark_ll is -1.6191243115789726, time_ll is 0.22879233239308222[0m
[38;20m2026-09-28 08:28:28,966 - tpp_runner.py[pid:620;line:136:_train_model] - INFO: [ Epoch 20 (test) ]: test loglike is -0.9830703197847597, num_events is 14478, mark_ll is -1.6011903027438181, time_ll is 0.6181199492333195[0m
[31;1m2026-09-28 08:28:28,967 - tpp_runner.py[pid:620;line:140:_train_model] - CRITICAL: current best loglike on valid set is -1.3784 (updated at epoch-18)[0m
[38;20m2026-09-28 08:28:29,172 - tpp_runner.py[pid:620;line:104:_train_model] - INFO: [ Epoch 21 (train) ]: train loglike is -1.1528572237978132, num_events is 33274, mark_ll is -1.567131107140241, time_ll is 0.4142738851767474[0m
[38;20m2026-09-28 08:28:29,200 - tpp_runner.py[pid:620;line:116:_train_model] - INFO: [ Epoch 21 (valid) ]:  valid loglike is -1.3858837751787374, num_events is 9144, mark_ll is -1.621524146639873, time_ll is 0.23564033141182059[0m
[38;20m2026-09-28 08:28:29,228 - tpp_runner.py[pid:620;line:136:_train_model] - INFO: [ Epoch 21 (test) ]: test loglike is -0.9779859622681828, num_events is 14478, mark_ll is -1.5993026056775799, time_ll is 0.6213165759579189[0m
[31;1m2026-09-28 08:28:29,228 - tpp_runner.py[pid:620;line:140:_train_model] - CRITICAL: current best loglike on valid set is -1.3784 (updated at epoch-18)[0m
[38;20m2026-09-28 08:28:29,371 - tpp_runner.py[pid:620;line:104:_train_model] - INFO: [ Epoch 22 (train) ]: train loglike is -1.1502610706628111, num_events is 33274, mark_ll is -1.5622602837543014, time_ll is 0.4119992470264062[0m
[38;20m2026-09-28 08:28:29,393 - tpp_runner.py[pid:620;line:116:_train_model] - INFO: [ Epoch 22 (valid) ]:  valid loglike is -1.366214782234252, num_events is 9144, mark_ll is -1.6157372342007055, time_ll is 0.24952239189248074[0m
[38;20m2026-09-28 08:28:29,437 - tpp_runner.py[pid:620;line:136:_train_model] - INFO: [ Epoch 22 (test) ]: test loglike is -0.9651831658378229, num_events is 14478, mark_ll is -1.6057722816514712, time_ll is 0.6405891832651264[0m
[31;1m2026-09-28 08:28:29,437 - tpp_runner.py[pid:620;line:140:_train_model] - CRITICAL: current best loglike on valid set is -1.3662 (updated at epoch-22), best updated at this epoch[0m
[38;20m2026-09-28 08:28:29,588 - tpp_runner.py[pid:620;line:104:_train_model] - INFO: [ Epoch 23 (train) ]: train loglike is -1.13420891628505, num_events is 33274, mark_ll is -1.5619974073871021, time_ll is 0.4277884434097381[0m
[38;20m2026-09-28 08:28:29,607 - tpp_runner.py[pid:620;line:116:_train_model] - INFO: [ Epoch 23 (valid) ]:  valid loglike is -1.3680623372395833, num_events is 9144, mark_ll is -1.6162724532480315, time_ll is 0.24821006594680425[0m
[38;20m2026-09-28 08:28:29,636 - tpp_runner.py[pid:620;line:136:_train_model] - INFO: [ Epoch 23 (test) ]: test loglike is -0.96965573844799, num_events is 14478, mark_ll is -1.6041260608768477, time_ll is 0.6344703224288576[0m
[31;1m2026-09-28 08:28:29,638 - tpp_runner.py[pid:620;line:140:_train_model] - CRITICAL: current best loglike on valid set is -1.3662 (updated at epoch-22)[0m
[38;20m2026-09-28 08:28:29,788 - tpp_runner.py[pid:620;line:104:_train_model] - INFO: [ Epoch 24 (train) ]: train loglike is -1.1410401304116249, num_events is 33274, mark_ll is -1.5608387042705547, time_ll is 0.4197985830305287[0m
[38;20m2026-09-28 08:28:29,823 - tpp_runner.py[pid:620;line:116:_train_model] - INFO: [ Epoch 24 (valid) ]:  valid loglike is -1.3761403374993164, num_events is 9144, mark_ll is -1.614625572011018, time_ll is 0.23848527456101679[0m
[38;20m2026-09-28 08:28:29,858 - tpp_runner.py[pid:620;line:136:_train_model] - INFO: [ Epoch 24 (test) ]: test loglike is -0.9785317796290061, num_events is 14478, mark_ll is -1.5966853534241607, time_ll is 0.6181535063436766[0m
[31;1m2026-09-28 08:28:29,860 - tpp_runner.py[pid:620;line:140:_train_model] - CRITICAL: current best loglike on valid set is -1.3662 (updated at epoch-22)[0m
[38;20m2026-09-28 08:28:30,009 - tpp_runner.py[pid:620;line:104:_train_model] - INFO: [ Epoch 25 (train) ]: train loglike is -1.1336231079211623, num_events is 33274, mark_ll is -1.559378736142521, time_ll is 0.4257556080438415[0m
[38;20m2026-09-28 08:28:30,030 - tpp_runner.py[pid:620;line:116:_train_model] - INFO: [ Epoch 25 (valid) ]:  valid loglike is -1.3796165112539645, num_events is 9144, mark_ll is -1.619576601844447, time_ll is 0.23996009726536868[0m
[38;20m2026-09-28 08:28:30,062 - tpp_runner.py[pid:620;line:136:_train_model] - INFO: [ Epoch 25 (test) ]: test loglike is -0.9706326044796415, num_events is 14478, mark_ll is -1.6007930135377815, time_ll is 0.6301602910180533[0m
[31;1m2026-09-28 08:28:30,062 - tpp_runner.py[pid:620;line:140:_train_model] - CRITICAL: current best loglike on valid set is -1.3662 (updated at epoch-22)[0m
[38;20m2026-09-28 08:28:30,210 - tpp_runner.py[pid:620;line:104:_train_model] - INFO: [ Epoch 26 (train) ]: train loglike is -1.1295414822759513, num_events is 33274, mark_ll is -1.5576405200475596, time_ll is 0.4280990524461667[0m
[38;20m2026-09-28 08:28:30,229 - tpp_runner.py[pid:620;line:116:_train_model] - INFO: [ Epoch 26 (valid) ]:  valid loglike is -1.3862633625874892, num_events is 9144, mark_ll is -1.6152800579187856, time_ll is 0.22901657852079405[0m
[38;20m2026-09-28 08:28:30,260 - tpp_runner.py[pid:620;line:136:_train_model] - INFO: [ Epoch 26 (test) ]: test loglike is -0.9684907839696436, num_events is 14478, mark_ll is -1.6002765375699337, time_ll is 0.6317856524230729[0m
[31;1m2026-09-28 08:28:30,260 - tpp_runner.py[pid:620;line:140:_train_model] - CRITICAL: current best loglike on valid set is -1.3662 (updated at epoch-22)[0m
[38;20m2026-09-28 08:28:30,441 - tpp_runner.py[pid:620;line:104:_train_model] - INFO: [ Epoch 27 (train) ]: train loglike is -1.1264435381257936, num_events is 33274, mark_ll is -1.5580628648388664, time_ll is 0.4316193450562705[0m
[38;20m2026-09-28 08:28:30,465 - tpp_runner.py[pid:620;line:116:_train_model] - INFO: [ Epoch 27 (valid) ]:  valid loglike is -1.3884209793905156, num_events is 9144, mark_ll is -1.6129946838005114, time_ll is 0.22457376114652539[0m
[38;20m2026-09-28 08:28:30,503 - tpp_runner.py[pid:620;line:136:_train_model] - INFO: [ Epoch 27 (test) ]: test loglike is -0.9735848544990675, num_events is 14478, mark_ll is -1.5949532669179098, time_ll is 0.6213684798703205[0m
[31;1m2026-09-28 08:28:30,503 - tpp_runner.py[pid:620;line:140:_train_model] - CRITICAL: current best loglike on valid set is -1.3662 (updated at epoch-22)[0m
[38;20m2026-09-28 08:28:30,654 - tpp_runner.py[pid:620;line:104:_train_model] - INFO: [ Epoch 28 (train) ]: train loglike is -1.1354804850974578, num_events is 33274, mark_ll is -1.5580654732415888, time_ll is 0.4225849991500496[0m
[38;20m2026-09-28 08:28:30,680 - tpp_runner.py[pid:620;line:116:_train_model] - INFO: [ Epoch 28 (valid) ]:  valid loglike is -1.3712819016824558, num_events is 9144, mark_ll is -1.6118755991377542, time_ll is 0.24059363070644002[0m
[38;20m2026-09-28 08:28:30,712 - tpp_runner.py[pid:620;line:136:_train_model] - INFO: [ Epoch 28 (test) ]: test loglike is -0.9716322016594143, num_events is 14478, mark_ll is -1.5961230104512019, time_ll is 0.6244907750660484[0m
[31;1m2026-09-28 08:28:30,712 - tpp_runner.py[pid:620;line:140:_train_model] - CRITICAL: current best loglike on valid set is -1.3662 (updated at epoch-22)[0m
[38;20m2026-09-28 08:28:30,874 - tpp_runner.py[pid:620;line:104:_train_model] - INFO: [ Epoch 29 (train) ]: train loglike is -1.1239394109796688, num_events is 33274, mark_ll is -1.556072859005436, time_ll is 0.4321334315168891[0m
[38;20m2026-09-28 08:28:30,890 - tpp_runner.py[pid:620;line:116:_train_model] - INFO: [ Epoch 29 (valid) ]:  valid loglike is -1.3635895229282864, num_events is 9144, mark_ll is -1.6135071281373032, time_ll is 0.24991760854645978[0m
[38;20m2026-09-28 08:28:30,921 - tpp_runner.py[pid:620;line:136:_train_model] - INFO: [ Epoch 29 (test) ]: test loglike is -0.970794555478571, num_events is 14478, mark_ll is -1.5965422213876226, time_ll is 0.6257476321833126[0m
[31;1m2026-09-28 08:28:30,921 - tpp_runner.py[pid:620;line:140:_train_model] - CRITICAL: current best loglike on valid set is -1.3636 (updated at epoch-29), best updated at this epoch[0m
[38;20m2026-09-28 08:28:31,090 - tpp_runner.py[pid:620;line:104:_train_model] - INFO: [ Epoch 30 (train) ]: train loglike is -1.116336630594059, num_events is 33274, mark_ll is -1.552565324089379, time_ll is 0.43622866047756415[0m
[38;20m2026-09-28 08:28:31,122 - tpp_runner.py[pid:620;line:116:_train_model] - INFO: [ Epoch 30 (valid) ]:  valid loglike is -1.372172117859047, num_events is 9144, mark_ll is -1.6110806736316163, time_ll is 0.23890858914699872[0m
[38;20m2026-09-28 08:28:31,161 - tpp_runner.py[pid:620;line:136:_train_model] - INFO: [ Epoch 30 (test) ]: test loglike is -0.9642792823054808, num_events is 14478, mark_ll is -1.5944208724012294, time_ll is 0.6301416069586182[0m
[31;1m2026-09-28 08:28:31,161 - tpp_runner.py[pid:620;line:140:_train_model] - CRITICAL: current best loglike on valid set is -1.3636 (updated at epoch-29)[0m
[38;20m2026-09-28 08:28:31,350 - tpp_runner.py[pid:620;line:104:_train_model] - INFO: [ Epoch 31 (train) ]: train loglike is -1.1140046543589777, num_events is 33274, mark_ll is -1.5491166268144798, time_ll is 0.4351119999702987[0m
[38;20m2026-09-28 08:28:31,384 - tpp_runner.py[pid:620;line:116:_train_model] - INFO: [ Epoch 31 (valid) ]:  valid loglike is -1.3767735972700679, num_events is 9144, mark_ll is -1.605450033620065, time_ll is 0.22867652312351336[0m
[38;20m2026-09-28 08:28:31,423 - tpp_runner.py[pid:620;line:136:_train_model] - INFO: [ Epoch 31 (test) ]: test loglike is -0.9619970952695469, num_events is 14478, mark_ll is -1.5890966574285121, time_ll is 0.6270994778446177[0m
[31;1m2026-09-28 08:28:31,424 - tpp_runner.py[pid:620;line:140:_train_model] - CRITICAL: current best loglike on valid set is -1.3636 (updated at epoch-29)[0m
[38;20m2026-09-28 08:28:31,603 - tpp_runner.py[pid:620;line:104:_train_model] - INFO: [ Epoch 32 (train) ]: train loglike is -1.1130085086610417, num_events is 33274, mark_ll is -1.5473448793540001, time_ll is 0.43433634317816183[0m
[38;20m2026-09-28 08:28:31,625 - tpp_runner.py[pid:620;line:116:_train_model] - INFO: [ Epoch 32 (valid) ]:  valid loglike is -1.3741372042544975, num_events is 9144, mark_ll is -1.6067017082154282, time_ll is 0.23256449394860187[0m
[38;20m2026-09-28 08:28:31,638 - tpp_runner.py[pid:620;line:136:_train_model] - INFO: [ Epoch 32 (test) ]: test loglike is -0.9680207146187318, num_events is 14478, mark_ll is -1.5914990092726895, time_ll is 0.6234782272024796[0m
[31;1m2026-09-28 08:28:31,654 - tpp_runner.py[pid:620;line:140:_train_model] - CRITICAL: current best loglike on valid set is -1.3636 (updated at epoch-29)[0m
[38;20m2026-09-28 08:28:31,825 - tpp_runner.py[pid:620;line:104:_train_model] - INFO: [ Epoch 33 (train) ]: train loglike is -1.1077346375278465, num_events is 33274, mark_ll is -1.5468259246086942, time_ll is 0.4390912834122081[0m
[38;20m2026-09-28 08:28:31,845 - tpp_runner.py[pid:620;line:116:_train_model] - INFO: [ Epoch 33 (valid) ]:  valid loglike is -1.3610188641886072, num_events is 9144, mark_ll is -1.608714506694964, time_ll is 0.24769564918124248[0m
[38;20m2026-09-28 08:28:31,904 - tpp_runner.py[pid:620;line:136:_train_model] - INFO: [ Epoch 33 (test) ]: test loglike is -0.9717068029941981, num_events is 14478, mark_ll is -1.5971097581243956, time_ll is 0.6254030225816757[0m
[31;1m2026-09-28 08:28:31,904 - tpp_runner.py[pid:620;line:140:_train_model] - CRITICAL: current best loglike on valid set is -1.3610 (updated at epoch-33), best updated at this epoch[0m
[38;20m2026-09-28 08:28:32,065 - tpp_runner.py[pid:620;line:104:_train_model] - INFO: [ Epoch 34 (train) ]: train loglike is -1.107655681984538, num_events is 33274, mark_ll is -1.5472134246615226, time_ll is 0.4395578041266971[0m
[38;20m2026-09-28 08:28:32,080 - tpp_runner.py[pid:620;line:116:_train_model] - INFO: [ Epoch 34 (valid) ]:  valid loglike is -1.37605260279965, num_events is 9144, mark_ll is -1.6089757884268372, time_ll is 0.23292313890298624[0m
[38;20m2026-09-28 08:28:32,115 - tpp_runner.py[pid:620;line:136:_train_model] - INFO: [ Epoch 34 (test) ]: test loglike is -0.9632253192343556, num_events is 14478, mark_ll is -1.593688146994578, time_ll is 0.6304627940344834[0m
[31;1m2026-09-28 08:28:32,116 - tpp_runner.py[pid:620;line:140:_train_model] - CRITICAL: current best loglike on valid set is -1.3610 (updated at epoch-33)[0m
[38;20m2026-09-28 08:28:32,259 - tpp_runner.py[pid:620;line:104:_train_model] - INFO: [ Epoch 35 (train) ]: train loglike is -1.1028578947919876, num_events is 33274, mark_ll is -1.5445518340028062, time_ll is 0.44169390435874295[0m
[38;20m2026-09-28 08:28:32,279 - tpp_runner.py[pid:620;line:116:_train_model] - INFO: [ Epoch 35 (valid) ]:  valid loglike is -1.3712612896349383, num_events is 9144, mark_ll is -1.602213301370776, time_ll is 0.23095200172350894[0m
[38;20m2026-09-28 08:28:32,312 - tpp_runner.py[pid:620;line:136:_train_model] - INFO: [ Epoch 35 (test) ]: test loglike is -0.9526574938052562, num_events is 14478, mark_ll is -1.5848419530926232, time_ll is 0.6321844930131061[0m
[31;1m2026-09-28 08:28:32,312 - tpp_runner.py[pid:620;line:140:_train_model] - CRITICAL: current best loglike on valid set is -1.3610 (updated at epoch-33)[0m
[38;20m2026-09-28 08:28:32,490 - tpp_runner.py[pid:620;line:104:_train_model] - INFO: [ Epoch 36 (train) ]: train loglike is -1.1049156952500452, num_events is 33274, mark_ll is -1.5428721987442335, time_ll is 0.43795648331667086[0m
[38;20m2026-09-28 08:28:32,514 - tpp_runner.py[pid:620;line:116:_train_model] - INFO: [ Epoch 36 (valid) ]:  valid loglike is -1.372557632566437, num_events is 9144, mark_ll is -1.6045517808809056, time_ll is 0.23199419503866947[0m
[38;20m2026-09-28 08:28:32,542 - tpp_runner.py[pid:620;line:136:_train_model] - INFO: [ Epoch 36 (test) ]: test loglike is -0.9649463774239363, num_events is 14478, mark_ll is -1.596611426604158, time_ll is 0.6316649817287436[0m
[31;1m2026-09-28 08:28:32,542 - tpp_runner.py[pid:620;line:140:_train_model] - CRITICAL: current best loglike on valid set is -1.3610 (updated at epoch-33)[0m
[38;20m2026-09-28 08:28:32,701 - tpp_runner.py[pid:620;line:104:_train_model] - INFO: [ Epoch 37 (train) ]: train loglike is -1.0972511248855972, num_events is 33274, mark_ll is -1.5431866671894723, time_ll is 0.4459355120375988[0m
[38;20m2026-09-28 08:28:32,716 - tpp_runner.py[pid:620;line:116:_train_model] - INFO: [ Epoch 37 (valid) ]:  valid loglike is -1.3580882689041311, num_events is 9144, mark_ll is -1.6026281188270655, time_ll is 0.2445398966471354[0m
[38;20m2026-09-28 08:28:32,764 - tpp_runner.py[pid:620;line:136:_train_model] - INFO: [ Epoch 37 (test) ]: test loglike is -0.947552900845248, num_events is 14478, mark_ll is -1.5851003597052424, time_ll is 0.6375475263114726[0m
[31;1m2026-09-28 08:28:32,764 - tpp_runner.py[pid:620;line:140:_train_model] - CRITICAL: current best loglike on valid set is -1.3581 (updated at epoch-37), best updated at this epoch[0m
[38;20m2026-09-28 08:28:32,935 - tpp_runner.py[pid:620;line:104:_train_model] - INFO: [ Epoch 38 (train) ]: train loglike is -1.0944424520470657, num_events is 33274, mark_ll is -1.5424020882659415, time_ll is 0.44795963621887586[0m
[38;20m2026-09-28 08:28:32,945 - tpp_runner.py[pid:620;line:116:_train_model] - INFO: [ Epoch 38 (valid) ]:  valid loglike is -1.3848377404667678, num_events is 9144, mark_ll is -1.5994217172590974, time_ll is 0.21458404020374527[0m
[38;20m2026-09-28 08:28:32,991 - tpp_runner.py[pid:620;line:136:_train_model] - INFO: [ Epoch 38 (test) ]: test loglike is -0.9526616757968988, num_events is 14478, mark_ll is -1.5877354866003592, time_ll is 0.6350738782549386[0m
[31;1m2026-09-28 08:28:32,991 - tpp_runner.py[pid:620;line:140:_train_model] - CRITICAL: current best loglike on valid set is -1.3581 (updated at epoch-37)[0m
[38;20m2026-09-28 08:28:33,165 - tpp_runner.py[pid:620;line:104:_train_model] - INFO: [ Epoch 39 (train) ]: train loglike is -1.0969420906126968, num_events is 33274, mark_ll is -1.5409083943344934, time_ll is 0.4439662853785989[0m
[38;20m2026-09-28 08:28:33,186 - tpp_runner.py[pid:620;line:116:_train_model] - INFO: [ Epoch 39 (valid) ]:  valid loglike is -1.3787889322062281, num_events is 9144, mark_ll is -1.596733487079984, time_ll is 0.21794463163494335[0m
[38;20m2026-09-28 08:28:33,215 - tpp_runner.py[pid:620;line:136:_train_model] - INFO: [ Epoch 39 (test) ]: test loglike is -0.9633420102914767, num_events is 14478, mark_ll is -1.5901382431534052, time_ll is 0.6267963003134065[0m
[31;1m2026-09-28 08:28:33,215 - tpp_runner.py[pid:620;line:140:_train_model] - CRITICAL: current best loglike on valid set is -1.3581 (updated at epoch-37)[0m
[38;20m2026-09-28 08:28:33,372 - tpp_runner.py[pid:620;line:104:_train_model] - INFO: [ Epoch 40 (train) ]: train loglike is -1.096108627067117, num_events is 33274, mark_ll is -1.540602910387521, time_ll is 0.4444943750363929[0m
[38;20m2026-09-28 08:28:33,394 - tpp_runner.py[pid:620;line:116:_train_model] - INFO: [ Epoch 40 (valid) ]:  valid loglike is -1.3646444485882137, num_events is 9144, mark_ll is -1.5999087035812418, time_ll is 0.23526430505467213[0m
[38;20m2026-09-28 08:28:33,428 - tpp_runner.py[pid:620;line:136:_train_model] - INFO: [ Epoch 40 (test) ]: test loglike is -0.9615608191091656, num_events is 14478, mark_ll is -1.5891479205518717, time_ll is 0.6275871351684452[0m
[31;1m2026-09-28 08:28:33,428 - tpp_runner.py[pid:620;line:140:_train_model] - CRITICAL: current best loglike on valid set is -1.3581 (updated at epoch-37)[0m
[38;20m2026-09-28 08:28:33,619 - tpp_runner.py[pid:620;line:104:_train_model] - INFO: [ Epoch 41 (train) ]: train loglike is -1.096309714372638, num_events is 33274, mark_ll is -1.5399392021313563, time_ll is 0.443629482255759[0m
[38;20m2026-09-28 08:28:33,657 - tpp_runner.py[pid:620;line:116:_train_model] - INFO: [ Epoch 41 (valid) ]:  valid loglike is -1.362313605147501, num_events is 9144, mark_ll is -1.59845556758103, time_ll is 0.23614207590658834[0m
[38;20m2026-09-28 08:28:33,694 - tpp_runner.py[pid:620;line:136:_train_model] - INFO: [ Epoch 41 (test) ]: test loglike is -0.9617375419818, num_events is 14478, mark_ll is -1.5870446485616108, time_ll is 0.6253071740312889[0m
[31;1m2026-09-28 08:28:33,694 - tpp_runner.py[pid:620;line:140:_train_model] - CRITICAL: current best loglike on valid set is -1.3581 (updated at epoch-37)[0m
[38;20m2026-09-28 08:28:33,863 - tpp_runner.py[pid:620;line:104:_train_model] - INFO: [ Epoch 42 (train) ]: train loglike is -1.0956599542840553, num_events is 33274, mark_ll is -1.5375254720981473, time_ll is 0.4418655233170512[0m
[38;20m2026-09-28 08:28:33,886 - tpp_runner.py[pid:620;line:116:_train_model] - INFO: [ Epoch 42 (valid) ]:  valid loglike is -1.3815440580913714, num_events is 9144, mark_ll is -1.5991717294340893, time_ll is 0.21762769136737548[0m
[38;20m2026-09-28 08:28:33,917 - tpp_runner.py[pid:620;line:136:_train_model] - INFO: [ Epoch 42 (test) ]: test loglike is -0.9671832370665838, num_events is 14478, mark_ll is -1.5868318391481904, time_ll is 0.6196486020816065[0m
[31;1m2026-09-28 08:28:33,917 - tpp_runner.py[pid:620;line:140:_train_model] - CRITICAL: current best loglike on valid set is -1.3581 (updated at epoch-37)[0m
[38;20m2026-09-28 08:28:34,080 - tpp_runner.py[pid:620;line:104:_train_model] - INFO: [ Epoch 43 (train) ]: train loglike is -1.0907884366080804, num_events is 33274, mark_ll is -1.5370845860025377, time_ll is 0.4462961319684194[0m
[38;20m2026-09-28 08:28:34,101 - tpp_runner.py[pid:620;line:116:_train_model] - INFO: [ Epoch 43 (valid) ]:  valid loglike is -1.3665281814748742, num_events is 9144, mark_ll is -1.5960775593968723, time_ll is 0.22954933119779705[0m
[38;20m2026-09-28 08:28:34,128 - tpp_runner.py[pid:620;line:136:_train_model] - INFO: [ Epoch 43 (test) ]: test loglike is -0.9634283481834508, num_events is 14478, mark_ll is -1.5865158964247479, time_ll is 0.6230875651041666[0m
[31;1m2026-09-28 08:28:34,128 - tpp_runner.py[pid:620;line:140:_train_model] - CRITICAL: current best loglike on valid set is -1.3581 (updated at epoch-37)[0m
[38;20m2026-09-28 08:28:34,300 - tpp_runner.py[pid:620;line:104:_train_model] - INFO: [ Epoch 44 (train) ]: train loglike is -1.0823710384782765, num_events is 33274, mark_ll is -1.5344596560588786, time_ll is 0.45208866068711684[0m
[38;20m2026-09-28 08:28:34,324 - tpp_runner.py[pid:620;line:116:_train_model] - INFO: [ Epoch 44 (valid) ]:  valid loglike is -1.3761961662446003, num_events is 9144, mark_ll is -1.596439525106969, time_ll is 0.22024334217515412[0m
[38;20m2026-09-28 08:28:34,359 - tpp_runner.py[pid:620;line:136:_train_model] - INFO: [ Epoch 44 (test) ]: test loglike is -0.9603574172882995, num_events is 14478, mark_ll is -1.5852977227301768, time_ll is 0.6249402717161383[0m
[31;1m2026-09-28 08:28:34,359 - tpp_runner.py[pid:620;line:140:_train_model] - CRITICAL: current best loglike on valid set is -1.3581 (updated at epoch-37)[0m
[38;20m2026-09-28 08:28:34,542 - tpp_runner.py[pid:620;line:104:_train_model] - INFO: [ Epoch 45 (train) ]: train loglike is -1.0853297916922982, num_events is 33274, mark_ll is -1.533039012078218, time_ll is 0.44770924423207686[0m
[38;20m2026-09-28 08:28:34,565 - tpp_runner.py[pid:620;line:116:_train_model] - INFO: [ Epoch 45 (valid) ]:  valid loglike is -1.3815272106794756, num_events is 9144, mark_ll is -1.5950549001351637, time_ll is 0.213527742854775[0m
[38;20m2026-09-28 08:28:34,598 - tpp_runner.py[pid:620;line:136:_train_model] - INFO: [ Epoch 45 (test) ]: test loglike is -0.9619364563907308, num_events is 14478, mark_ll is -1.5818168892025832, time_ll is 0.6198803990861134[0m
[31;1m2026-09-28 08:28:34,598 - tpp_runner.py[pid:620;line:140:_train_model] - CRITICAL: current best loglike on valid set is -1.3581 (updated at epoch-37)[0m
[38;20m2026-09-28 08:28:34,762 - tpp_runner.py[pid:620;line:104:_train_model] - INFO: [ Epoch 46 (train) ]: train loglike is -1.0861349869680137, num_events is 33273, mark_ll is -1.5310576804660967, time_ll is 0.444922695332458[0m
[38;20m2026-09-28 08:28:34,784 - tpp_runner.py[pid:620;line:116:_train_model] - INFO: [ Epoch 46 (valid) ]:  valid loglike is -1.3628713586094707, num_events is 9144, mark_ll is -1.5953721174104947, time_ll is 0.23250078883801023[0m
[38;20m2026-09-28 08:28:34,816 - tpp_runner.py[pid:620;line:136:_train_model] - INFO: [ Epoch 46 (test) ]: test loglike is -0.962772719816273, num_events is 14478, mark_ll is -1.5837586149027836, time_ll is 0.6209859288122496[0m
[31;1m2026-09-28 08:28:34,816 - tpp_runner.py[pid:620;line:140:_train_model] - CRITICAL: current best loglike on valid set is -1.3581 (updated at epoch-37)[0m
[38;20m2026-09-28 08:28:34,986 - tpp_runner.py[pid:620;line:104:_train_model] - INFO: [ Epoch 47 (train) ]: train loglike is -1.078146086422993, num_events is 33274, mark_ll is -1.5304958781220417, time_ll is 0.4523497834446095[0m
[38;20m2026-09-28 08:28:35,006 - tpp_runner.py[pid:620;line:116:_train_model] - INFO: [ Epoch 47 (valid) ]:  valid loglike is -1.3794020605212434, num_events is 9144, mark_ll is -1.5929759001377268, time_ll is 0.21357373281830982[0m
[38;20m2026-09-28 08:28:35,036 - tpp_runner.py[pid:620;line:136:_train_model] - INFO: [ Epoch 47 (test) ]: test loglike is -0.9567106868503074, num_events is 14478, mark_ll is -1.5807157438225239, time_ll is 0.6240050063836079[0m
[31;1m2026-09-28 08:28:35,036 - tpp_runner.py[pid:620;line:140:_train_model] - CRITICAL: current best loglike on valid set is -1.3581 (updated at epoch-37)[0m
[38;20m2026-09-28 08:28:35,216 - tpp_runner.py[pid:620;line:104:_train_model] - INFO: [ Epoch 48 (train) ]: train loglike is -1.0827059082280717, num_events is 33274, mark_ll is -1.5300431569952329, time_ll is 0.4473372258381638[0m
[38;20m2026-09-28 08:28:35,241 - tpp_runner.py[pid:620;line:116:_train_model] - INFO: [ Epoch 48 (valid) ]:  valid loglike is -1.3891550032381206, num_events is 9144, mark_ll is -1.5956073537377653, time_ll is 0.20645240056128847[0m
[38;20m2026-09-28 08:28:35,263 - tpp_runner.py[pid:620;line:136:_train_model] - INFO: [ Epoch 48 (test) ]: test loglike is -0.9743474609105194, num_events is 14478, mark_ll is -1.5826422254886725, time_ll is 0.6082947814410226[0m
[31;1m2026-09-28 08:28:35,263 - tpp_runner.py[pid:620;line:140:_train_model] - CRITICAL: current best loglike on valid set is -1.3581 (updated at epoch-37)[0m
[38;20m2026-09-28 08:28:35,438 - tpp_runner.py[pid:620;line:104:_train_model] - INFO: [ Epoch 49 (train) ]: train loglike is -1.0842033019825092, num_events is 33274, mark_ll is -1.5309397541588872, time_ll is 0.4467364365846598[0m
[38;20m2026-09-28 08:28:35,462 - tpp_runner.py[pid:620;line:116:_train_model] - INFO: [ Epoch 49 (valid) ]:  valid loglike is -1.3629089248670576, num_events is 9144, mark_ll is -1.593701727225503, time_ll is 0.23079279568355957[0m
[38;20m2026-09-28 08:28:35,490 - tpp_runner.py[pid:620;line:136:_train_model] - INFO: [ Epoch 49 (test) ]: test loglike is -0.971345364248774, num_events is 14478, mark_ll is -1.5810232551112031, time_ll is 0.6096779245881683[0m
[31;1m2026-09-28 08:28:35,490 - tpp_runner.py[pid:620;line:140:_train_model] - CRITICAL: current best loglike on valid set is -1.3581 (updated at epoch-37)[0m
[38;20m2026-09-28 08:28:35,659 - tpp_runner.py[pid:620;line:104:_train_model] - INFO: [ Epoch 50 (train) ]: train loglike is -1.0791643842837124, num_events is 33274, mark_ll is -1.5305401989564862, time_ll is 0.451375829347332[0m
[38;20m2026-09-28 08:28:35,690 - tpp_runner.py[pid:620;line:116:_train_model] - INFO: [ Epoch 50 (valid) ]:  valid loglike is -1.3843475902487288, num_events is 9144, mark_ll is -1.5941546182307045, time_ll is 0.2098071281052637[0m
[38;20m2026-09-28 08:28:35,720 - tpp_runner.py[pid:620;line:136:_train_model] - INFO: [ Epoch 50 (test) ]: test loglike is -0.961432931106679, num_events is 14478, mark_ll is -1.580840259251105, time_ll is 0.6194072606929479[0m
[31;1m2026-09-28 08:28:35,720 - tpp_runner.py[pid:620;line:140:_train_model] - CRITICAL: current best loglike on valid set is -1.3581 (updated at epoch-37)[0m
[38;20m2026-09-28 08:28:35,911 - tpp_runner.py[pid:620;line:104:_train_model] - INFO: [ Epoch 51 (train) ]: train loglike is -1.0758107772288776, num_events is 33274, mark_ll is -1.5285845572697527, time_ll is 0.4527737387686801[0m
[38;20m2026-09-28 08:28:35,943 - tpp_runner.py[pid:620;line:116:_train_model] - INFO: [ Epoch 51 (valid) ]:  valid loglike is -1.383290902418936, num_events is 9144, mark_ll is -1.594588432412135, time_ll is 0.21129753666808496[0m
[38;20m2026-09-28 08:28:35,974 - tpp_runner.py[pid:620;line:136:_train_model] - INFO: [ Epoch 51 (test) ]: test loglike is -0.9799242142172607, num_events is 14478, mark_ll is -1.5836974364121426, time_ll is 0.6037732221948819[0m
[31;1m2026-09-28 08:28:35,974 - tpp_runner.py[pid:620;line:140:_train_model] - CRITICAL: current best loglike on valid set is -1.3581 (updated at epoch-37)[0m
[38;20m2026-09-28 08:28:36,165 - tpp_runner.py[pid:620;line:104:_train_model] - INFO: [ Epoch 52 (train) ]: train loglike is -1.0721338814021575, num_events is 33274, mark_ll is -1.5275602987869188, time_ll is 0.4554263981244036[0m
[38;20m2026-09-28 08:28:36,180 - tpp_runner.py[pid:620;line:116:_train_model] - INFO: [ Epoch 52 (valid) ]:  valid loglike is -1.3745531564413824, num_events is 9144, mark_ll is -1.5931062206091426, time_ll is 0.21855310755451834[0m
[38;20m2026-09-28 08:28:36,234 - tpp_runner.py[pid:620;line:136:_train_model] - INFO: [ Epoch 52 (test) ]: test loglike is -0.9677216347648155, num_events is 14478, mark_ll is -1.5802493168514298, time_ll is 0.6125276483608751[0m
[31;1m2026-09-28 08:28:36,234 - tpp_runner.py[pid:620;line:140:_train_model] - CRITICAL: current best loglike on valid set is -1.3581 (updated at epoch-37)[0m
[38;20m2026-09-28 08:28:36,418 - tpp_runner.py[pid:620;line:104:_train_model] - INFO: [ Epoch 53 (train) ]: train loglike is -1.0650502786317066, num_events is 33274, mark_ll is -1.5266068120297098, time_ll is 0.46155653523232293[0m
[38;20m2026-09-28 08:28:36,457 - tpp_runner.py[pid:620;line:116:_train_model] - INFO: [ Epoch 53 (valid) ]:  valid loglike is -1.373142459365431, num_events is 9144, mark_ll is -1.5941854962526656, time_ll is 0.22104309028632163[0m
[38;20m2026-09-28 08:28:36,481 - tpp_runner.py[pid:620;line:136:_train_model] - INFO: [ Epoch 53 (test) ]: test loglike is -0.9588721694661728, num_events is 14478, mark_ll is -1.5811716483630336, time_ll is 0.6222995969369475[0m
[31;1m2026-09-28 08:28:36,481 - tpp_runner.py[pid:620;line:140:_train_model] - CRITICAL: current best loglike on valid set is -1.3581 (updated at epoch-37)[0m
[38;20m2026-09-28 08:28:36,671 - tpp_runner.py[pid:620;line:104:_train_model] - INFO: [ Epoch 54 (train) ]: train loglike is -1.0679221657983828, num_events is 33274, mark_ll is -1.52598002863065, time_ll is 0.4580579041044622[0m
[38;20m2026-09-28 08:28:36,704 - tpp_runner.py[pid:620;line:116:_train_model] - INFO: [ Epoch 54 (valid) ]:  valid loglike is -1.3682214932178889, num_events is 9144, mark_ll is -1.5908563034845253, time_ll is 0.2226348236164083[0m
[38;20m2026-09-28 08:28:36,734 - tpp_runner.py[pid:620;line:136:_train_model] - INFO: [ Epoch 54 (test) ]: test loglike is -0.9685102774468158, num_events is 14478, mark_ll is -1.5803797005586062, time_ll is 0.6118694568375294[0m
[31;1m2026-09-28 08:28:36,734 - tpp_runner.py[pid:620;line:140:_train_model] - CRITICAL: current best loglike on valid set is -1.3581 (updated at epoch-37)[0m
[38;20m2026-09-28 08:28:36,892 - tpp_runner.py[pid:620;line:104:_train_model] - INFO: [ Epoch 55 (train) ]: train loglike is -1.0634757865827345, num_events is 33274, mark_ll is -1.524859692146552, time_ll is 0.46138392207269563[0m
[38;20m2026-09-28 08:28:36,923 - tpp_runner.py[pid:620;line:116:_train_model] - INFO: [ Epoch 55 (valid) ]:  valid loglike is -1.39309422717424, num_events is 9144, mark_ll is -1.5900479214085055, time_ll is 0.19695380770732515[0m
[38;20m2026-09-28 08:28:36,939 - tpp_runner.py[pid:620;line:136:_train_model] - INFO: [ Epoch 55 (test) ]: test loglike is -0.9736636378254938, num_events is 14478, mark_ll is -1.579585999015748, time_ll is 0.6059223780531237[0m
[31;1m2026-09-28 08:28:36,939 - tpp_runner.py[pid:620;line:140:_train_model] - CRITICAL: current best loglike on valid set is -1.3581 (updated at epoch-37)[0m
[38;20m2026-09-28 08:28:37,112 - tpp_runner.py[pid:620;line:104:_train_model] - INFO: [ Epoch 56 (train) ]: train loglike is -1.0643299146577587, num_events is 33274, mark_ll is -1.524083734525972, time_ll is 0.45975384279721027[0m
[38;20m2026-09-28 08:28:37,139 - tpp_runner.py[pid:620;line:116:_train_model] - INFO: [ Epoch 56 (valid) ]:  valid loglike is -1.3658511878520068, num_events is 9144, mark_ll is -1.5907784342661513, time_ll is 0.22492725976391623[0m
[38;20m2026-09-28 08:28:37,170 - tpp_runner.py[pid:620;line:136:_train_model] - INFO: [ Epoch 56 (test) ]: test loglike is -0.9684692669481282, num_events is 14478, mark_ll is -1.5804752118516023, time_ll is 0.6120059954920828[0m
[31;1m2026-09-28 08:28:37,170 - tpp_runner.py[pid:620;line:140:_train_model] - CRITICAL: current best loglike on valid set is -1.3581 (updated at epoch-37)[0m
[38;20m2026-09-28 08:28:37,332 - tpp_runner.py[pid:620;line:104:_train_model] - INFO: [ Epoch 57 (train) ]: train loglike is -1.0631883890287603, num_events is 33274, mark_ll is -1.523969096877207, time_ll is 0.4607807170200457[0m
[38;20m2026-09-28 08:28:37,362 - tpp_runner.py[pid:620;line:116:_train_model] - INFO: [ Epoch 57 (valid) ]:  valid loglike is -1.384552455845363, num_events is 9144, mark_ll is -1.5893576581125601, time_ll is 0.20480524899139804[0m
[38;20m2026-09-28 08:28:37,400 - tpp_runner.py[pid:620;line:136:_train_model] - INFO: [ Epoch 57 (test) ]: test loglike is -0.9728644727129092, num_events is 14478, mark_ll is -1.580435685285433, time_ll is 0.6075713137497409[0m
[31;1m2026-09-28 08:28:37,400 - tpp_runner.py[pid:620;line:140:_train_model] - CRITICAL: current best loglike on valid set is -1.3581 (updated at epoch-37)[0m
[38;20m2026-09-28 08:28:37,570 - tpp_runner.py[pid:620;line:104:_train_model] - INFO: [ Epoch 58 (train) ]: train loglike is -1.0606186280867054, num_events is 33274, mark_ll is -1.5228811874981216, time_ll is 0.4622624952102242[0m
[38;20m2026-09-28 08:28:37,601 - tpp_runner.py[pid:620;line:116:_train_model] - INFO: [ Epoch 58 (valid) ]:  valid loglike is -1.3777608929865213, num_events is 9144, mark_ll is -1.590214126066273, time_ll is 0.21245325644185223[0m
[38;20m2026-09-28 08:28:37,648 - tpp_runner.py[pid:620;line:136:_train_model] - INFO: [ Epoch 58 (test) ]: test loglike is -0.9815621384600773, num_events is 14478, mark_ll is -1.5799476738413454, time_ll is 0.5983855691070071[0m
[31;1m2026-09-28 08:28:37,648 - tpp_runner.py[pid:620;line:140:_train_model] - CRITICAL: current best loglike on valid set is -1.3581 (updated at epoch-37)[0m
[38;20m2026-09-28 08:28:37,826 - tpp_runner.py[pid:620;line:104:_train_model] - INFO: [ Epoch 59 (train) ]: train loglike is -1.0581055806435065, num_events is 33274, mark_ll is -1.5225581894659213, time_ll is 0.4644526510117697[0m
[38;20m2026-09-28 08:28:37,856 - tpp_runner.py[pid:620;line:116:_train_model] - INFO: [ Epoch 59 (valid) ]:  valid loglike is -1.3802155956091426, num_events is 9144, mark_ll is -1.5886667006284858, time_ll is 0.20845111169422914[0m
[38;20m2026-09-28 08:28:37,897 - tpp_runner.py[pid:620;line:136:_train_model] - INFO: [ Epoch 59 (test) ]: test loglike is -0.9802829549035605, num_events is 14478, mark_ll is -1.5795875503997445, time_ll is 0.5993045280447058[0m
[31;1m2026-09-28 08:28:37,899 - tpp_runner.py[pid:620;line:140:_train_model] - CRITICAL: current best loglike on valid set is -1.3581 (updated at epoch-37)[0m
[38;20m2026-09-28 08:28:38,125 - tpp_runner.py[pid:620;line:104:_train_model] - INFO: [ Epoch 60 (train) ]: train loglike is -1.064396541737848, num_events is 33274, mark_ll is -1.5218831341076178, time_ll is 0.4574865556833742[0m
[38;20m2026-09-28 08:28:38,145 - tpp_runner.py[pid:620;line:116:_train_model] - INFO: [ Epoch 60 (valid) ]:  valid loglike is -1.3843857972953577, num_events is 9144, mark_ll is -1.5888169256095186, time_ll is 0.20443103152831604[0m
[38;20m2026-09-28 08:28:38,195 - tpp_runner.py[pid:620;line:136:_train_model] - INFO: [ Epoch 60 (test) ]: test loglike is -0.9710801113111273, num_events is 14478, mark_ll is -1.5786488281789612, time_ll is 0.6075687000049644[0m
[31;1m2026-09-28 08:28:38,195 - tpp_runner.py[pid:620;line:140:_train_model] - CRITICAL: current best loglike on valid set is -1.3581 (updated at epoch-37)[0m
[38;20m2026-09-28 08:28:38,416 - tpp_runner.py[pid:620;line:104:_train_model] - INFO: [ Epoch 61 (train) ]: train loglike is -1.0581658068647348, num_events is 33274, mark_ll is -1.5214903952375072, time_ll is 0.46332452600589985[0m
[38;20m2026-09-28 08:28:38,438 - tpp_runner.py[pid:620;line:116:_train_model] - INFO: [ Epoch 61 (valid) ]:  valid loglike is -1.3916951177001313, num_events is 9144, mark_ll is -1.5892168313708102, time_ll is 0.19752178709442325[0m
[38;20m2026-09-28 08:28:38,474 - tpp_runner.py[pid:620;line:136:_train_model] - INFO: [ Epoch 61 (test) ]: test loglike is -0.9727820807324044, num_events is 14478, mark_ll is -1.581746604762398, time_ll is 0.6089644903042547[0m
[31;1m2026-09-28 08:28:38,474 - tpp_runner.py[pid:620;line:140:_train_model] - CRITICAL: current best loglike on valid set is -1.3581 (updated at epoch-37)[0m
[38;20m2026-09-28 08:28:38,642 - tpp_runner.py[pid:620;line:104:_train_model] - INFO: [ Epoch 62 (train) ]: train loglike is -1.0574988848803213, num_events is 33274, mark_ll is -1.5214064384213275, time_ll is 0.463907546203727[0m
[38;20m2026-09-28 08:28:38,674 - tpp_runner.py[pid:620;line:116:_train_model] - INFO: [ Epoch 62 (valid) ]:  valid loglike is -1.4008973823340443, num_events is 9144, mark_ll is -1.5896695888782946, time_ll is 0.1887721664949352[0m
[38;20m2026-09-28 08:28:38,715 - tpp_runner.py[pid:620;line:136:_train_model] - INFO: [ Epoch 62 (test) ]: test loglike is -0.9720167762618283, num_events is 14478, mark_ll is -1.5790096935868214, time_ll is 0.6069929847764712[0m
[31;1m2026-09-28 08:28:38,715 - tpp_runner.py[pid:620;line:140:_train_model] - CRITICAL: current best loglike on valid set is -1.3581 (updated at epoch-37)[0m
[38;20m2026-09-28 08:28:38,891 - tpp_runner.py[pid:620;line:104:_train_model] - INFO: [ Epoch 63 (train) ]: train loglike is -1.0598469297566466, num_events is 33274, mark_ll is -1.520318701468301, time_ll is 0.46047170384182284[0m
[38;20m2026-09-28 08:28:38,912 - tpp_runner.py[pid:620;line:116:_train_model] - INFO: [ Epoch 63 (valid) ]:  valid loglike is -1.3882488207345665, num_events is 9144, mark_ll is -1.5883122641896326, time_ll is 0.20006326990803397[0m
[38;20m2026-09-28 08:28:38,942 - tpp_runner.py[pid:620;line:136:_train_model] - INFO: [ Epoch 63 (test) ]: test loglike is -0.9791305801258806, num_events is 14478, mark_ll is -1.5787475771429065, time_ll is 0.5996168958398087[0m
[31;1m2026-09-28 08:28:38,942 - tpp_runner.py[pid:620;line:140:_train_model] - CRITICAL: current best loglike on valid set is -1.3581 (updated at epoch-37)[0m
[38;20m2026-09-28 08:28:39,132 - tpp_runner.py[pid:620;line:104:_train_model] - INFO: [ Epoch 64 (train) ]: train loglike is -1.056383027805118, num_events is 33274, mark_ll is -1.5197559358294483, time_ll is 0.46337290068705106[0m
[38;20m2026-09-28 08:28:39,180 - tpp_runner.py[pid:620;line:116:_train_model] - INFO: [ Epoch 64 (valid) ]:  valid loglike is -1.3954837295118383, num_events is 9144, mark_ll is -1.5879696556485128, time_ll is 0.19248599288553286[0m
[38;20m2026-09-28 08:28:39,229 - tpp_runner.py[pid:620;line:136:_train_model] - INFO: [ Epoch 64 (test) ]: test loglike is -0.9788322422382235, num_events is 14478, mark_ll is -1.5779927276514367, time_ll is 0.5991604516874741[0m
[31;1m2026-09-28 08:28:39,229 - tpp_runner.py[pid:620;line:140:_train_model] - CRITICAL: current best loglike on valid set is -1.3581 (updated at epoch-37)[0m
[38;20m2026-09-28 08:28:39,418 - tpp_runner.py[pid:620;line:104:_train_model] - INFO: [ Epoch 65 (train) ]: train loglike is -1.0555658319244778, num_events is 33274, mark_ll is -1.5193579948284508, time_ll is 0.4637921931702493[0m
[38;20m2026-09-28 08:28:39,434 - tpp_runner.py[pid:620;line:116:_train_model] - INFO: [ Epoch 65 (valid) ]:  valid loglike is -1.3960458883984717, num_events is 9144, mark_ll is -1.587396630047709, time_ll is 0.1913507883734382[0m
[38;20m2026-09-28 08:28:39,466 - tpp_runner.py[pid:620;line:136:_train_model] - INFO: [ Epoch 65 (test) ]: test loglike is -0.973518144987222, num_events is 14478, mark_ll is -1.5786698730401298, time_ll is 0.6051517111900383[0m
[31;1m2026-09-28 08:28:39,466 - tpp_runner.py[pid:620;line:140:_train_model] - CRITICAL: current best loglike on valid set is -1.3581 (updated at epoch-37)[0m
[38;20m2026-09-28 08:28:39,622 - tpp_runner.py[pid:620;line:104:_train_model] - INFO: [ Epoch 66 (train) ]: train loglike is -1.0525526315136842, num_events is 33274, mark_ll is -1.5191628011923723, time_ll is 0.4666101375780921[0m
[38;20m2026-09-28 08:28:39,642 - tpp_runner.py[pid:620;line:116:_train_model] - INFO: [ Epoch 66 (valid) ]:  valid loglike is -1.4030767058658684, num_events is 9144, mark_ll is -1.5886272921024032, time_ll is 0.1855505728867632[0m
[38;20m2026-09-28 08:28:39,672 - tpp_runner.py[pid:620;line:136:_train_model] - INFO: [ Epoch 66 (test) ]: test loglike is -0.9709069633668325, num_events is 14478, mark_ll is -1.5790269611652161, time_ll is 0.6081200821127314[0m
[31;1m2026-09-28 08:28:39,672 - tpp_runner.py[pid:620;line:140:_train_model] - CRITICAL: current best loglike on valid set is -1.3581 (updated at epoch-37)[0m
[38;20m2026-09-28 08:28:39,840 - tpp_runner.py[pid:620;line:104:_train_model] - INFO: [ Epoch 67 (train) ]: train loglike is -1.0533811469816665, num_events is 33274, mark_ll is -1.5188499689603745, time_ll is 0.4654687687834345[0m
[38;20m2026-09-28 08:28:39,846 - tpp_runner.py[pid:620;line:116:_train_model] - INFO: [ Epoch 67 (valid) ]:  valid loglike is -1.4018585124979495, num_events is 9144, mark_ll is -1.5877189335860604, time_ll is 0.1858603743639101[0m
[38;20m2026-09-28 08:28:39,885 - tpp_runner.py[pid:620;line:136:_train_model] - INFO: [ Epoch 67 (test) ]: test loglike is -0.9704958803335233, num_events is 14478, mark_ll is -1.5804116051077497, time_ll is 0.6099157247742264[0m
[31;1m2026-09-28 08:28:39,885 - tpp_runner.py[pid:620;line:140:_train_model] - CRITICAL: current best loglike on valid set is -1.3581 (updated at epoch-37)[0m
[38;20m2026-09-28 08:28:40,041 - tpp_runner.py[pid:620;line:104:_train_model] - INFO: [ Epoch 68 (train) ]: train loglike is -1.0538523241169087, num_events is 33274, mark_ll is -1.5183459345721322, time_ll is 0.4644936572303779[0m
[38;20m2026-09-28 08:28:40,067 - tpp_runner.py[pid:620;line:116:_train_model] - INFO: [ Epoch 68 (valid) ]:  valid loglike is -1.393011004697411, num_events is 9144, mark_ll is -1.587290659559889, time_ll is 0.1942795881136196[0m
[38;20m2026-09-28 08:28:40,099 - tpp_runner.py[pid:620;line:136:_train_model] - INFO: [ Epoch 68 (test) ]: test loglike is -0.9807554862334231, num_events is 14478, mark_ll is -1.5768246704050974, time_ll is 0.5960691673088048[0m
[31;1m2026-09-28 08:28:40,099 - tpp_runner.py[pid:620;line:140:_train_model] - CRITICAL: current best loglike on valid set is -1.3581 (updated at epoch-37)[0m
[38;20m2026-09-28 08:28:40,266 - tpp_runner.py[pid:620;line:104:_train_model] - INFO: [ Epoch 69 (train) ]: train loglike is -1.0528838060262893, num_events is 33274, mark_ll is -1.51795378268435, time_ll is 0.46506994364030474[0m
[38;20m2026-09-28 08:28:40,291 - tpp_runner.py[pid:620;line:116:_train_model] - INFO: [ Epoch 69 (valid) ]:  valid loglike is -1.390406757932114, num_events is 9144, mark_ll is -1.5867371646750943, time_ll is 0.19633042676763793[0m
[38;20m2026-09-28 08:28:40,336 - tpp_runner.py[pid:620;line:136:_train_model] - INFO: [ Epoch 69 (test) ]: test loglike is -0.9881101256000483, num_events is 14478, mark_ll is -1.5779970445460354, time_ll is 0.589886918945987[0m
[31;1m2026-09-28 08:28:40,336 - tpp_runner.py[pid:620;line:140:_train_model] - CRITICAL: current best loglike on valid set is -1.3581 (updated at epoch-37)[0m
[38;20m2026-09-28 08:28:40,527 - tpp_runner.py[pid:620;line:104:_train_model] - INFO: [ Epoch 70 (train) ]: train loglike is -1.0519798569089698, num_events is 33274, mark_ll is -1.5173499282824991, time_ll is 0.4653700750421688[0m
[38;20m2026-09-28 08:28:40,559 - tpp_runner.py[pid:620;line:116:_train_model] - INFO: [ Epoch 70 (valid) ]:  valid loglike is -1.4097867817182033, num_events is 9144, mark_ll is -1.587122786180658, time_ll is 0.1773360044624549[0m
[38;20m2026-09-28 08:28:40,591 - tpp_runner.py[pid:620;line:136:_train_model] - INFO: [ Epoch 70 (test) ]: test loglike is -0.9748284574008841, num_events is 14478, mark_ll is -1.5780060830441014, time_ll is 0.6031776593689564[0m
[31;1m2026-09-28 08:28:40,591 - tpp_runner.py[pid:620;line:140:_train_model] - CRITICAL: current best loglike on valid set is -1.3581 (updated at epoch-37)[0m
[38;20m2026-09-28 08:28:40,776 - tpp_runner.py[pid:620;line:104:_train_model] - INFO: [ Epoch 71 (train) ]: train loglike is -1.0542883923716246, num_events is 33274, mark_ll is -1.517400555508336, time_ll is 0.4631121851485488[0m
[38;20m2026-09-28 08:28:40,801 - tpp_runner.py[pid:620;line:116:_train_model] - INFO: [ Epoch 71 (valid) ]:  valid loglike is -1.391438908881507, num_events is 9144, mark_ll is -1.5874179362833551, time_ll is 0.19597894730321797[0m
[38;20m2026-09-28 08:28:40,828 - tpp_runner.py[pid:620;line:136:_train_model] - INFO: [ Epoch 71 (test) ]: test loglike is -0.9844371228113344, num_events is 14478, mark_ll is -1.5781856388788162, time_ll is 0.5937485666560903[0m
[31;1m2026-09-28 08:28:40,828 - tpp_runner.py[pid:620;line:140:_train_model] - CRITICAL: current best loglike on valid set is -1.3581 (updated at epoch-37)[0m
[38;20m2026-09-28 08:28:41,002 - tpp_runner.py[pid:620;line:104:_train_model] - INFO: [ Epoch 72 (train) ]: train loglike is -1.0536508360125163, num_events is 33274, mark_ll is -1.5170356579437962, time_ll is 0.4633848347715183[0m
[38;20m2026-09-28 08:28:41,033 - tpp_runner.py[pid:620;line:116:_train_model] - INFO: [ Epoch 72 (valid) ]:  valid loglike is -1.4058172271007627, num_events is 9144, mark_ll is -1.5867603932778667, time_ll is 0.1809431261277887[0m
[38;20m2026-09-28 08:28:41,065 - tpp_runner.py[pid:620;line:136:_train_model] - INFO: [ Epoch 72 (test) ]: test loglike is -0.9843147658300525, num_events is 14478, mark_ll is -1.5774461683243541, time_ll is 0.5931314699457798[0m
[31;1m2026-09-28 08:28:41,065 - tpp_runner.py[pid:620;line:140:_train_model] - CRITICAL: current best loglike on valid set is -1.3581 (updated at epoch-37)[0m
[38;20m2026-09-28 08:28:41,263 - tpp_runner.py[pid:620;line:104:_train_model] - INFO: [ Epoch 73 (train) ]: train loglike is -1.0523514735868518, num_events is 33274, mark_ll is -1.5167242308007471, time_ll is 0.4643728379239656[0m
[38;20m2026-09-28 08:28:41,270 - tpp_runner.py[pid:620;line:116:_train_model] - INFO: [ Epoch 73 (valid) ]:  valid loglike is -1.4074048086518482, num_events is 9144, mark_ll is -1.5866802412485304, time_ll is 0.17927554606974178[0m
[38;20m2026-09-28 08:28:41,314 - tpp_runner.py[pid:620;line:136:_train_model] - INFO: [ Epoch 73 (test) ]: test loglike is -0.9854666347216466, num_events is 14478, mark_ll is -1.5772477260757702, time_ll is 0.5917811588056016[0m
[31;1m2026-09-28 08:28:41,314 - tpp_runner.py[pid:620;line:140:_train_model] - CRITICAL: current best loglike on valid set is -1.3581 (updated at epoch-37)[0m
[38;20m2026-09-28 08:28:41,507 - tpp_runner.py[pid:620;line:104:_train_model] - INFO: [ Epoch 74 (train) ]: train loglike is -1.0471676015191806, num_events is 33274, mark_ll is -1.516365579095047, time_ll is 0.4691980472800178[0m
[38;20m2026-09-28 08:28:41,523 - tpp_runner.py[pid:620;line:116:_train_model] - INFO: [ Epoch 74 (valid) ]:  valid loglike is -1.3922094844040491, num_events is 9144, mark_ll is -1.5861916262542377, time_ll is 0.19398219524927549[0m
[38;20m2026-09-28 08:28:41,576 - tpp_runner.py[pid:620;line:136:_train_model] - INFO: [ Epoch 74 (test) ]: test loglike is -0.9801375969682449, num_events is 14478, mark_ll is -1.5777966462045863, time_ll is 0.5976590492363414[0m
[31;1m2026-09-28 08:28:41,576 - tpp_runner.py[pid:620;line:140:_train_model] - CRITICAL: current best loglike on valid set is -1.3581 (updated at epoch-37)[0m
[38;20m2026-09-28 08:28:41,745 - tpp_runner.py[pid:620;line:104:_train_model] - INFO: [ Epoch 75 (train) ]: train loglike is -1.0521426674637104, num_events is 33274, mark_ll is -1.516025351297184, time_ll is 0.46388272785714824[0m
[38;20m2026-09-28 08:28:41,761 - tpp_runner.py[pid:620;line:116:_train_model] - INFO: [ Epoch 75 (valid) ]:  valid loglike is -1.3978993173033547, num_events is 9144, mark_ll is -1.586492076216303, time_ll is 0.18859282566180693[0m
[38;20m2026-09-28 08:28:41,796 - tpp_runner.py[pid:620;line:136:_train_model] - INFO: [ Epoch 75 (test) ]: test loglike is -0.9761987679043204, num_events is 14478, mark_ll is -1.5770388288480799, time_ll is 0.6008400609437595[0m
[31;1m2026-09-28 08:28:41,808 - tpp_runner.py[pid:620;line:140:_train_model] - CRITICAL: current best loglike on valid set is -1.3581 (updated at epoch-37)[0m
[38;20m2026-09-28 08:28:41,995 - tpp_runner.py[pid:620;line:104:_train_model] - INFO: [ Epoch 76 (train) ]: train loglike is -1.0521660513722237, num_events is 33274, mark_ll is -1.515951773062301, time_ll is 0.4637857161871178[0m
[38;20m2026-09-28 08:28:42,013 - tpp_runner.py[pid:620;line:116:_train_model] - INFO: [ Epoch 76 (valid) ]:  valid loglike is -1.3846205663806184, num_events is 9144, mark_ll is -1.5862003303053915, time_ll is 0.2015798173238599[0m
[38;20m2026-09-28 08:28:42,045 - tpp_runner.py[pid:620;line:136:_train_model] - INFO: [ Epoch 76 (test) ]: test loglike is -0.9862471495005353, num_events is 14478, mark_ll is -1.5769355606351014, time_ll is 0.5906883774088272[0m
[31;1m2026-09-28 08:28:42,045 - tpp_runner.py[pid:620;line:140:_train_model] - CRITICAL: current best loglike on valid set is -1.3581 (updated at epoch-37)[0m
[38;20m2026-09-28 08:28:42,233 - tpp_runner.py[pid:620;line:104:_train_model] - INFO: [ Epoch 77 (train) ]: train loglike is -1.0482646494793937, num_events is 33274, mark_ll is -1.5158166680734677, time_ll is 0.4675520571147893[0m
[38;20m2026-09-28 08:28:42,251 - tpp_runner.py[pid:620;line:116:_train_model] - INFO: [ Epoch 77 (valid) ]:  valid loglike is -1.3879034087413877, num_events is 9144, mark_ll is -1.586170346718135, time_ll is 0.19826699805071973[0m
[38;20m2026-09-28 08:28:42,282 - tpp_runner.py[pid:620;line:136:_train_model] - INFO: [ Epoch 77 (test) ]: test loglike is -0.9909266295197886, num_events is 14478, mark_ll is -1.5768146875863378, time_ll is 0.5858879737522016[0m
[31;1m2026-09-28 08:28:42,282 - tpp_runner.py[pid:620;line:140:_train_model] - CRITICAL: current best loglike on valid set is -1.3581 (updated at epoch-37)[0m
[38;20m2026-09-28 08:28:42,457 - tpp_runner.py[pid:620;line:104:_train_model] - INFO: [ Epoch 78 (train) ]: train loglike is -1.0470555704388187, num_events is 33274, mark_ll is -1.515573477626112, time_ll is 0.4685178741695374[0m
[38;20m2026-09-28 08:28:42,472 - tpp_runner.py[pid:620;line:116:_train_model] - INFO: [ Epoch 78 (valid) ]:  valid loglike is -1.3989356066819774, num_events is 9144, mark_ll is -1.5861026366760307, time_ll is 0.1871670299940535[0m
[38;20m2026-09-28 08:28:42,505 - tpp_runner.py[pid:620;line:136:_train_model] - INFO: [ Epoch 78 (test) ]: test loglike is -0.9795847983794378, num_events is 14478, mark_ll is -1.5774992526376226, time_ll is 0.5979143868067067[0m
[31;1m2026-09-28 08:28:42,505 - tpp_runner.py[pid:620;line:140:_train_model] - CRITICAL: current best loglike on valid set is -1.3581 (updated at epoch-37)[0m
[38;20m2026-09-28 08:28:42,693 - tpp_runner.py[pid:620;line:104:_train_model] - INFO: [ Epoch 79 (train) ]: train loglike is -1.048677565867048, num_events is 33274, mark_ll is -1.515350727004028, time_ll is 0.46667312811922407[0m
[38;20m2026-09-28 08:28:42,709 - tpp_runner.py[pid:620;line:116:_train_model] - INFO: [ Epoch 79 (valid) ]:  valid loglike is -1.392143055940029, num_events is 9144, mark_ll is -1.5860147150795603, time_ll is 0.19387159239067284[0m
[38;20m2026-09-28 08:28:42,740 - tpp_runner.py[pid:620;line:136:_train_model] - INFO: [ Epoch 79 (test) ]: test loglike is -0.9745416537159829, num_events is 14478, mark_ll is -1.5774830642828774, time_ll is 0.6029415454698508[0m
[31;1m2026-09-28 08:28:42,740 - tpp_runner.py[pid:620;line:140:_train_model] - CRITICAL: current best loglike on valid set is -1.3581 (updated at epoch-37)[0m
[38;20m2026-09-28 08:28:42,919 - tpp_runner.py[pid:620;line:104:_train_model] - INFO: [ Epoch 80 (train) ]: train loglike is -1.049666171593542, num_events is 33274, mark_ll is -1.515299525636101, time_ll is 0.4656333476224398[0m
[38;20m2026-09-28 08:28:42,948 - tpp_runner.py[pid:620;line:116:_train_model] - INFO: [ Epoch 80 (valid) ]:  valid loglike is -1.4059645551813347, num_events is 9144, mark_ll is -1.585985225433857, time_ll is 0.18002061017854945[0m
[38;20m2026-09-28 08:28:42,962 - tpp_runner.py[pid:620;line:136:_train_model] - INFO: [ Epoch 80 (test) ]: test loglike is -0.9806695530503178, num_events is 14478, mark_ll is -1.5771528218460769, time_ll is 0.5964833025214982[0m
[31;1m2026-09-28 08:28:42,962 - tpp_runner.py[pid:620;line:140:_train_model] - CRITICAL: current best loglike on valid set is -1.3581 (updated at epoch-37)[0m
[38;20m2026-09-28 08:28:43,151 - tpp_runner.py[pid:620;line:104:_train_model] - INFO: [ Epoch 81 (train) ]: train loglike is -1.045329990055639, num_events is 33274, mark_ll is -1.51522757260854, time_ll is 0.46989757980142155[0m
[38;20m2026-09-28 08:28:43,182 - tpp_runner.py[pid:620;line:116:_train_model] - INFO: [ Epoch 81 (valid) ]:  valid loglike is -1.3974969818836123, num_events is 9144, mark_ll is -1.5857847919614296, time_ll is 0.18828786347690427[0m
[38;20m2026-09-28 08:28:43,230 - tpp_runner.py[pid:620;line:136:_train_model] - INFO: [ Epoch 81 (test) ]: test loglike is -0.9838682370449993, num_events is 14478, mark_ll is -1.5771433786391422, time_ll is 0.5932751584570124[0m
[31;1m2026-09-28 08:28:43,230 - tpp_runner.py[pid:620;line:140:_train_model] - CRITICAL: current best loglike on valid set is -1.3581 (updated at epoch-37)[0m
[38;20m2026-09-28 08:28:43,425 - tpp_runner.py[pid:620;line:104:_train_model] - INFO: [ Epoch 82 (train) ]: train loglike is -1.0525295511850938, num_events is 33274, mark_ll is -1.5150427135300835, time_ll is 0.4625131788538677[0m
[38;20m2026-09-28 08:28:43,451 - tpp_runner.py[pid:620;line:116:_train_model] - INFO: [ Epoch 82 (valid) ]:  valid loglike is -1.396935917678259, num_events is 9144, mark_ll is -1.5857867276783273, time_ll is 0.18885087007404103[0m
[38;20m2026-09-28 08:28:43,483 - tpp_runner.py[pid:620;line:136:_train_model] - INFO: [ Epoch 82 (test) ]: test loglike is -0.9848778844950097, num_events is 14478, mark_ll is -1.5768826786762675, time_ll is 0.5920047773183883[0m
[31;1m2026-09-28 08:28:43,483 - tpp_runner.py[pid:620;line:140:_train_model] - CRITICAL: current best loglike on valid set is -1.3581 (updated at epoch-37)[0m
[38;20m2026-09-28 08:28:43,668 - tpp_runner.py[pid:620;line:104:_train_model] - INFO: [ Epoch 83 (train) ]: train loglike is -1.0455813404745211, num_events is 33274, mark_ll is -1.514788794146354, time_ll is 0.4692074481688734[0m
[38;20m2026-09-28 08:28:43,686 - tpp_runner.py[pid:620;line:116:_train_model] - INFO: [ Epoch 83 (valid) ]:  valid loglike is -1.3976759222235893, num_events is 9144, mark_ll is -1.5857856062975038, time_ll is 0.18810974414788728[0m
[38;20m2026-09-28 08:28:43,704 - tpp_runner.py[pid:620;line:136:_train_model] - INFO: [ Epoch 83 (test) ]: test loglike is -0.9822880512674402, num_events is 14478, mark_ll is -1.576674455963358, time_ll is 0.5943863709701789[0m
[31;1m2026-09-28 08:28:43,704 - tpp_runner.py[pid:620;line:140:_train_model] - CRITICAL: current best loglike on valid set is -1.3581 (updated at epoch-37)[0m
[38;20m2026-09-28 08:28:43,894 - tpp_runner.py[pid:620;line:104:_train_model] - INFO: [ Epoch 84 (train) ]: train loglike is -1.0489867441340508, num_events is 33274, mark_ll is -1.5146369326463605, time_ll is 0.46565016833479217[0m
[38;20m2026-09-28 08:28:43,925 - tpp_runner.py[pid:620;line:116:_train_model] - INFO: [ Epoch 84 (valid) ]:  valid loglike is -1.4146617979515257, num_events is 9144, mark_ll is -1.585508745382047, time_ll is 0.17084686065700527[0m
[38;20m2026-09-28 08:28:43,941 - tpp_runner.py[pid:620;line:136:_train_model] - INFO: [ Epoch 84 (test) ]: test loglike is -0.9784574143743956, num_events is 14478, mark_ll is -1.5765820474383547, time_ll is 0.5981246330639591[0m
[31;1m2026-09-28 08:28:43,941 - tpp_runner.py[pid:620;line:140:_train_model] - CRITICAL: current best loglike on valid set is -1.3581 (updated at epoch-37)[0m
[38;20m2026-09-28 08:28:44,116 - tpp_runner.py[pid:620;line:104:_train_model] - INFO: [ Epoch 85 (train) ]: train loglike is -1.0506406512234354, num_events is 33274, mark_ll is -1.5144685824458943, time_ll is 0.4638279312224588[0m
[38;20m2026-09-28 08:28:44,136 - tpp_runner.py[pid:620;line:116:_train_model] - INFO: [ Epoch 85 (valid) ]:  valid loglike is -1.425722831399005, num_events is 9144, mark_ll is -1.5853427276210834, time_ll is 0.15961988954719283[0m
[38;20m2026-09-28 08:28:44,169 - tpp_runner.py[pid:620;line:136:_train_model] - INFO: [ Epoch 85 (test) ]: test loglike is -0.9832926061308537, num_events is 14478, mark_ll is -1.576856642405719, time_ll is 0.5935640362748653[0m
[31;1m2026-09-28 08:28:44,169 - tpp_runner.py[pid:620;line:140:_train_model] - CRITICAL: current best loglike on valid set is -1.3581 (updated at epoch-37)[0m
[38;20m2026-09-28 08:28:44,335 - tpp_runner.py[pid:620;line:104:_train_model] - INFO: [ Epoch 86 (train) ]: train loglike is -1.0449846307482005, num_events is 33274, mark_ll is -1.514414095811247, time_ll is 0.4694295200926399[0m
[38;20m2026-09-28 08:28:44,351 - tpp_runner.py[pid:620;line:116:_train_model] - INFO: [ Epoch 86 (valid) ]:  valid loglike is -1.4001079836333934, num_events is 9144, mark_ll is -1.5852645780575036, time_ll is 0.18515654769990908[0m
[38;20m2026-09-28 08:28:44,381 - tpp_runner.py[pid:620;line:136:_train_model] - INFO: [ Epoch 86 (test) ]: test loglike is -0.9855874403189322, num_events is 14478, mark_ll is -1.5771212545543238, time_ll is 0.5915337805096526[0m
[31;1m2026-09-28 08:28:44,381 - tpp_runner.py[pid:620;line:140:_train_model] - CRITICAL: current best loglike on valid set is -1.3581 (updated at epoch-37)[0m
[38;20m2026-09-28 08:28:44,556 - tpp_runner.py[pid:620;line:104:_train_model] - INFO: [ Epoch 87 (train) ]: train loglike is -1.0450353130036307, num_events is 33274, mark_ll is -1.514447579484451, time_ll is 0.469412235297384[0m
[38;20m2026-09-28 08:28:44,587 - tpp_runner.py[pid:620;line:116:_train_model] - INFO: [ Epoch 87 (valid) ]:  valid loglike is -1.4056843434731792, num_events is 9144, mark_ll is -1.5851611707258517, time_ll is 0.1794768739768735[0m
[38;20m2026-09-28 08:28:44,640 - tpp_runner.py[pid:620;line:136:_train_model] - INFO: [ Epoch 87 (test) ]: test loglike is -0.9877149273898328, num_events is 14478, mark_ll is -1.5771304954068242, time_ll is 0.5894156354684694[0m
[31;1m2026-09-28 08:28:44,640 - tpp_runner.py[pid:620;line:140:_train_model] - CRITICAL: current best loglike on valid set is -1.3581 (updated at epoch-37)[0m
[38;20m2026-09-28 08:28:44,808 - tpp_runner.py[pid:620;line:104:_train_model] - INFO: [ Epoch 88 (train) ]: train loglike is -1.0431315146967461, num_events is 33274, mark_ll is -1.5144166069950213, time_ll is 0.47128507212075776[0m
[38;20m2026-09-28 08:28:44,839 - tpp_runner.py[pid:620;line:116:_train_model] - INFO: [ Epoch 88 (valid) ]:  valid loglike is -1.3926330192612641, num_events is 9144, mark_ll is -1.5851257938308247, time_ll is 0.1924928212937616[0m
[38;20m2026-09-28 08:28:44,869 - tpp_runner.py[pid:620;line:136:_train_model] - INFO: [ Epoch 88 (test) ]: test loglike is -0.9884212118170673, num_events is 14478, mark_ll is -1.5770156255396117, time_ll is 0.5885944474482836[0m
[31;1m2026-09-28 08:28:44,869 - tpp_runner.py[pid:620;line:140:_train_model] - CRITICAL: current best loglike on valid set is -1.3581 (updated at epoch-37)[0m
[38;20m2026-09-28 08:28:45,027 - tpp_runner.py[pid:620;line:104:_train_model] - INFO: [ Epoch 89 (train) ]: train loglike is -1.0456959900463645, num_events is 33274, mark_ll is -1.5143141217147773, time_ll is 0.4686180812246189[0m
[38;20m2026-09-28 08:28:45,046 - tpp_runner.py[pid:620;line:116:_train_model] - INFO: [ Epoch 89 (valid) ]:  valid loglike is -1.4092987674636372, num_events is 9144, mark_ll is -1.5851771504025864, time_ll is 0.17587855648598125[0m
[38;20m2026-09-28 08:28:45,082 - tpp_runner.py[pid:620;line:136:_train_model] - INFO: [ Epoch 89 (test) ]: test loglike is -0.9863200308226274, num_events is 14478, mark_ll is -1.5767750261172124, time_ll is 0.5904548941173677[0m
[31;1m2026-09-28 08:28:45,082 - tpp_runner.py[pid:620;line:140:_train_model] - CRITICAL: current best loglike on valid set is -1.3581 (updated at epoch-37)[0m
[38;20m2026-09-28 08:28:45,232 - tpp_runner.py[pid:620;line:104:_train_model] - INFO: [ Epoch 90 (train) ]: train loglike is -1.0425582017191772, num_events is 33274, mark_ll is -1.5142177135359534, time_ll is 0.47165952098837494[0m
[38;20m2026-09-28 08:28:45,250 - tpp_runner.py[pid:620;line:116:_train_model] - INFO: [ Epoch 90 (valid) ]:  valid loglike is -1.400539181259569, num_events is 9144, mark_ll is -1.5852921987351678, time_ll is 0.18475296407651193[0m
[38;20m2026-09-28 08:28:45,280 - tpp_runner.py[pid:620;line:136:_train_model] - INFO: [ Epoch 90 (test) ]: test loglike is -0.9890414281582401, num_events is 14478, mark_ll is -1.5766445075070796, time_ll is 0.5876029444458835[0m
[31;1m2026-09-28 08:28:45,280 - tpp_runner.py[pid:620;line:140:_train_model] - CRITICAL: current best loglike on valid set is -1.3581 (updated at epoch-37)[0m
[38;20m2026-09-28 08:28:45,439 - tpp_runner.py[pid:620;line:104:_train_model] - INFO: [ Epoch 91 (train) ]: train loglike is -1.0471708152474295, num_events is 33274, mark_ll is -1.514189630100172, time_ll is 0.4670188240243415[0m
[38;20m2026-09-28 08:28:45,455 - tpp_runner.py[pid:620;line:116:_train_model] - INFO: [ Epoch 91 (valid) ]:  valid loglike is -1.4073199041037838, num_events is 9144, mark_ll is -1.5853501500941534, time_ll is 0.17803036613831474[0m
[38;20m2026-09-28 08:28:45,486 - tpp_runner.py[pid:620;line:136:_train_model] - INFO: [ Epoch 91 (test) ]: test loglike is -0.9965802100600911, num_events is 14478, mark_ll is -1.5766587397689598, time_ll is 0.5800786477489553[0m
[31;1m2026-09-28 08:28:45,486 - tpp_runner.py[pid:620;line:140:_train_model] - CRITICAL: current best loglike on valid set is -1.3581 (updated at epoch-37)[0m
[38;20m2026-09-28 08:28:45,659 - tpp_runner.py[pid:620;line:104:_train_model] - INFO: [ Epoch 92 (train) ]: train loglike is -1.0442122931576996, num_events is 33274, mark_ll is -1.5141887312834814, time_ll is 0.46997639868790664[0m
[38;20m2026-09-28 08:28:45,675 - tpp_runner.py[pid:620;line:116:_train_model] - INFO: [ Epoch 92 (valid) ]:  valid loglike is -1.4071664351282263, num_events is 9144, mark_ll is -1.585361323853073, time_ll is 0.17819484867553176[0m
[38;20m2026-09-28 08:28:45,691 - tpp_runner.py[pid:620;line:136:_train_model] - INFO: [ Epoch 92 (test) ]: test loglike is -0.9826439927173988, num_events is 14478, mark_ll is -1.5766630566635584, time_ll is 0.5940190639461597[0m
[31;1m2026-09-28 08:28:45,691 - tpp_runner.py[pid:620;line:140:_train_model] - CRITICAL: current best loglike on valid set is -1.3581 (updated at epoch-37)[0m
[38;20m2026-09-28 08:28:45,868 - tpp_runner.py[pid:620;line:104:_train_model] - INFO: [ Epoch 93 (train) ]: train loglike is -1.0444685733109818, num_events is 33274, mark_ll is -1.514169612168449, time_ll is 0.4697010837983016[0m
[38;20m2026-09-28 08:28:45,882 - tpp_runner.py[pid:620;line:116:_train_model] - INFO: [ Epoch 93 (valid) ]:  valid loglike is -1.3965448227662949, num_events is 9144, mark_ll is -1.585336066085001, time_ll is 0.18879118991961943[0m
[38;20m2026-09-28 08:28:45,916 - tpp_runner.py[pid:620;line:136:_train_model] - INFO: [ Epoch 93 (test) ]: test loglike is -0.9827723528802321, num_events is 14478, mark_ll is -1.5766461937940324, time_ll is 0.5938737734623222[0m
[31;1m2026-09-28 08:28:45,916 - tpp_runner.py[pid:620;line:140:_train_model] - CRITICAL: current best loglike on valid set is -1.3581 (updated at epoch-37)[0m
[38;20m2026-09-28 08:28:46,088 - tpp_runner.py[pid:620;line:104:_train_model] - INFO: [ Epoch 94 (train) ]: train loglike is -1.0399069933103973, num_events is 33274, mark_ll is -1.5141435960110559, time_ll is 0.4742366338840949[0m
[38;20m2026-09-28 08:28:46,120 - tpp_runner.py[pid:620;line:116:_train_model] - INFO: [ Epoch 94 (valid) ]:  valid loglike is -1.3856327994706228, num_events is 9144, mark_ll is -1.585314519553464, time_ll is 0.19968166668375437[0m
[38;20m2026-09-28 08:28:46,168 - tpp_runner.py[pid:620;line:136:_train_model] - INFO: [ Epoch 94 (test) ]: test loglike is -0.9800280894935419, num_events is 14478, mark_ll is -1.576680189338997, time_ll is 0.5966520661197161[0m
[31;1m2026-09-28 08:28:46,168 - tpp_runner.py[pid:620;line:140:_train_model] - CRITICAL: current best loglike on valid set is -1.3581 (updated at epoch-37)[0m
[38;20m2026-09-28 08:28:46,327 - tpp_runner.py[pid:620;line:104:_train_model] - INFO: [ Epoch 95 (train) ]: train loglike is -1.0393036800328803, num_events is 33274, mark_ll is -1.5141422367801014, time_ll is 0.474838540238343[0m
[38;20m2026-09-28 08:28:46,347 - tpp_runner.py[pid:620;line:116:_train_model] - INFO: [ Epoch 95 (valid) ]:  valid loglike is -1.4115474030101707, num_events is 9144, mark_ll is -1.5853131311772064, time_ll is 0.1737657081423782[0m
[38;20m2026-09-28 08:28:46,375 - tpp_runner.py[pid:620;line:136:_train_model] - INFO: [ Epoch 95 (test) ]: test loglike is -0.9906465035312197, num_events is 14478, mark_ll is -1.57672457241159, time_ll is 0.586077967703153[0m
[31;1m2026-09-28 08:28:46,375 - tpp_runner.py[pid:620;line:140:_train_model] - CRITICAL: current best loglike on valid set is -1.3581 (updated at epoch-37)[0m
[38;20m2026-09-28 08:28:46,520 - tpp_runner.py[pid:620;line:104:_train_model] - INFO: [ Epoch 96 (train) ]: train loglike is -1.041714820006565, num_events is 33274, mark_ll is -1.5141458779048582, time_ll is 0.4724311055906075[0m
[38;20m2026-09-28 08:28:46,560 - tpp_runner.py[pid:620;line:116:_train_model] - INFO: [ Epoch 96 (valid) ]:  valid loglike is -1.4095538816009816, num_events is 9144, mark_ll is -1.5853169759114583, time_ll is 0.17576317440910708[0m
[38;20m2026-09-28 08:28:46,602 - tpp_runner.py[pid:620;line:136:_train_model] - INFO: [ Epoch 96 (test) ]: test loglike is -0.9941691569752383, num_events is 14478, mark_ll is -1.576747775720058, time_ll is 0.5825787199220369[0m
[31;1m2026-09-28 08:28:46,602 - tpp_runner.py[pid:620;line:140:_train_model] - CRITICAL: current best loglike on valid set is -1.3581 (updated at epoch-37)[0m
[38;20m2026-09-28 08:28:46,771 - tpp_runner.py[pid:620;line:104:_train_model] - INFO: [ Epoch 97 (train) ]: train loglike is -1.0459472368261795, num_events is 33274, mark_ll is -1.51414512216511, time_ll is 0.468197866078573[0m
[38;20m2026-09-28 08:28:46,791 - tpp_runner.py[pid:620;line:116:_train_model] - INFO: [ Epoch 97 (valid) ]:  valid loglike is -1.4088390547250929, num_events is 9144, mark_ll is -1.5853176033507286, time_ll is 0.17647854862563567[0m
[38;20m2026-09-28 08:28:46,819 - tpp_runner.py[pid:620;line:136:_train_model] - INFO: [ Epoch 97 (test) ]: test loglike is -0.9867190737670949, num_events is 14478, mark_ll is -1.5767615358215914, time_ll is 0.5900425295059746[0m
[31;1m2026-09-28 08:28:46,819 - tpp_runner.py[pid:620;line:140:_train_model] - CRITICAL: current best loglike on valid set is -1.3581 (updated at epoch-37)[0m
[38;20m2026-09-28 08:28:47,023 - tpp_runner.py[pid:620;line:104:_train_model] - INFO: [ Epoch 98 (train) ]: train loglike is -1.0436670195922375, num_events is 33274, mark_ll is -1.5141408702118677, time_ll is 0.4704738588740693[0m
[38;20m2026-09-28 08:28:47,054 - tpp_runner.py[pid:620;line:116:_train_model] - INFO: [ Epoch 98 (valid) ]:  valid loglike is -1.4068117049943953, num_events is 9144, mark_ll is -1.5853170293105452, time_ll is 0.17850532431614993[0m
[38;20m2026-09-28 08:28:47,097 - tpp_runner.py[pid:620;line:136:_train_model] - INFO: [ Epoch 98 (test) ]: test loglike is -0.9845670680839032, num_events is 14478, mark_ll is -1.5767663923280149, time_ll is 0.5921994085584594[0m
[31;1m2026-09-28 08:28:47,097 - tpp_runner.py[pid:620;line:140:_train_model] - CRITICAL: current best loglike on valid set is -1.3581 (updated at epoch-37)[0m
[38;20m2026-09-28 08:28:47,279 - tpp_runner.py[pid:620;line:104:_train_model] - INFO: [ Epoch 99 (train) ]: train loglike is -1.0453569802368332, num_events is 33274, mark_ll is -1.5141378600931141, time_ll is 0.46878086793320234[0m
[38;20m2026-09-28 08:28:47,302 - tpp_runner.py[pid:620;line:116:_train_model] - INFO: [ Epoch 99 (valid) ]:  valid loglike is -1.3968146216525181, num_events is 9144, mark_ll is -1.585317042660317, time_ll is 0.1885024410324564[0m
[38;20m2026-09-28 08:28:47,338 - tpp_runner.py[pid:620;line:136:_train_model] - INFO: [ Epoch 99 (test) ]: test loglike is -0.9815260519192913, num_events is 14478, mark_ll is -1.5767671342942742, time_ll is 0.5952410823749827[0m
[31;1m2026-09-28 08:28:47,338 - tpp_runner.py[pid:620;line:140:_train_model] - CRITICAL: current best loglike on valid set is -1.3581 (updated at epoch-37)[0m
[38;20m2026-09-28 08:28:47,338 - base_runner.py[pid:620;line:118:train] - INFO: End THP train! Cost time: 0.382m[0m
RESULT {"model": "THP", "dataset": "lob_amzn", "seed": 2019, "ll_per_event": -0.947552900845248, "mark_ll": -1.5851003597052424, "time_ll": 0.6375475263114726, "val_ll": -1.3580882689041311, "best_epoch": 37, "n_params": 51224, "seconds": 23.729617595672607, "max_epoch": 100, "batch_size": 64}
