
=== Mon Sep 28 09:37:39 2026 attempt 1: D:\Quant\.venv\Scripts\python.exe -u -m infodiff.baselines.easytpp_runner THP lob_goog 6 2019 100 64
[31;1m2026-09-28 09:37:41,487 - config.py[pid:33356;line:33:build_from_yaml_file] - CRITICAL: Load pipeline config class RunnerConfig[0m
[31;1m2026-09-28 09:37:41,487 - runner_config.py[pid:33356;line:205:update_config] - CRITICAL: train model THP using GPU with torch backend[0m
[38;20m2026-09-28 09:37:41,487 - runner_config.py[pid:33356;line:45:__init__] - INFO: Save the config to D:\Quant\results\easytpp\checkpoints/lob_goog/THP/train_2026_09_28_09_37_41\THP_train_output.yaml[0m
[38;20m2026-09-28 09:37:41,487 - base_runner.py[pid:33356;line:193:save_log] - INFO: Save the log to D:\Quant\results\easytpp\checkpoints/lob_goog/THP/train_2026_09_28_09_37_41\log[0m
0.4950103427465081 1.5277294467620006
min_dt: 7.275957614183426e-12
max_dt: 36.42092722700181
[38;20m2026-09-28 09:37:46,357 - tpp_runner.py[pid:33356;line:62:_init_model] - INFO: Num of model parameters 51224[0m
[38;20m2026-09-28 09:37:47,013 - base_runner.py[pid:33356;line:103:train] - INFO: Data 'lob_goog' loaded...[0m
[38;20m2026-09-28 09:37:47,013 - base_runner.py[pid:33356;line:108:train] - INFO: Start THP training...[0m
[38;20m2026-09-28 09:37:47,382 - tpp_runner.py[pid:33356;line:104:_train_model] - INFO: [ Epoch 0 (train) ]: train loglike is -2.6273423169626877, num_events is 27940, mark_ll is -1.9109587858469042, time_ll is -0.7163834568425085[0m
[38;20m2026-09-28 09:37:47,395 - tpp_runner.py[pid:33356;line:116:_train_model] - INFO: [ Epoch 0 (valid) ]:  valid loglike is -2.4476409206724665, num_events is 7874, mark_ll is -1.980188704518034, time_ll is -0.46745221615443233[0m
[38;20m2026-09-28 09:37:47,425 - tpp_runner.py[pid:33356;line:136:_train_model] - INFO: [ Epoch 0 (test) ]: test loglike is -2.7204160017391636, num_events is 13081, mark_ll is -2.5783459042456616, time_ll is -0.14207011849023035[0m
[31;1m2026-09-28 09:37:47,425 - tpp_runner.py[pid:33356;line:140:_train_model] - CRITICAL: current best loglike on valid set is -2.4476 (updated at epoch-0), best updated at this epoch[0m
[38;20m2026-09-28 09:37:47,524 - tpp_runner.py[pid:33356;line:104:_train_model] - INFO: [ Epoch 1 (train) ]: train loglike is -2.4227191987853436, num_events is 27940, mark_ll is -2.2849499974834466, time_ll is -0.13776922587761303[0m
[38;20m2026-09-28 09:37:47,538 - tpp_runner.py[pid:33356;line:116:_train_model] - INFO: [ Epoch 1 (valid) ]:  valid loglike is -2.591799851568453, num_events is 7874, mark_ll is -2.428831488522352, time_ll is -0.16296844056090456[0m
[38;20m2026-09-28 09:37:47,561 - tpp_runner.py[pid:33356;line:136:_train_model] - INFO: [ Epoch 1 (test) ]: test loglike is -2.885401387269704, num_events is 13081, mark_ll is -3.138215135501873, time_ll is 0.2528138975422368[0m
[31;1m2026-09-28 09:37:47,561 - tpp_runner.py[pid:33356;line:140:_train_model] - CRITICAL: current best loglike on valid set is -2.4476 (updated at epoch-0)[0m
[38;20m2026-09-28 09:37:47,670 - tpp_runner.py[pid:33356;line:104:_train_model] - INFO: [ Epoch 2 (train) ]: train loglike is -2.080406395400859, num_events is 27940, mark_ll is -2.121478852563529, time_ll is 0.04107240036545946[0m
[38;20m2026-09-28 09:37:47,676 - tpp_runner.py[pid:33356;line:116:_train_model] - INFO: [ Epoch 2 (valid) ]:  valid loglike is -2.260093047529845, num_events is 7874, mark_ll is -1.906676889525654, time_ll is -0.35341628202787656[0m
[38;20m2026-09-28 09:37:47,706 - tpp_runner.py[pid:33356;line:136:_train_model] - INFO: [ Epoch 2 (test) ]: test loglike is -1.7202392559461241, num_events is 13081, mark_ll is -1.9900559494686951, time_ll is 0.26981678684136345[0m
[31;1m2026-09-28 09:37:47,706 - tpp_runner.py[pid:33356;line:140:_train_model] - CRITICAL: current best loglike on valid set is -2.2601 (updated at epoch-2), best updated at this epoch[0m
[38;20m2026-09-28 09:37:47,808 - tpp_runner.py[pid:33356;line:104:_train_model] - INFO: [ Epoch 3 (train) ]: train loglike is -1.8119052196112204, num_events is 27940, mark_ll is -1.8081303896183787, time_ll is -0.003774886790052344[0m
[38;20m2026-09-28 09:37:47,821 - tpp_runner.py[pid:33356;line:116:_train_model] - INFO: [ Epoch 3 (valid) ]:  valid loglike is -2.103070628016256, num_events is 7874, mark_ll is -1.8249924097504444, time_ll is -0.2780784663131826[0m
[38;20m2026-09-28 09:37:47,848 - tpp_runner.py[pid:33356;line:136:_train_model] - INFO: [ Epoch 3 (test) ]: test loglike is -1.6775311266698838, num_events is 13081, mark_ll is -1.9717981650389877, time_ll is 0.29426711069116823[0m
[31;1m2026-09-28 09:37:47,848 - tpp_runner.py[pid:33356;line:140:_train_model] - CRITICAL: current best loglike on valid set is -2.1031 (updated at epoch-3), best updated at this epoch[0m
[38;20m2026-09-28 09:37:47,954 - tpp_runner.py[pid:33356;line:104:_train_model] - INFO: [ Epoch 4 (train) ]: train loglike is -1.6193879462687903, num_events is 27940, mark_ll is -1.6467921285008054, time_ll is 0.027404169124966446[0m
[38;20m2026-09-28 09:37:47,969 - tpp_runner.py[pid:33356;line:116:_train_model] - INFO: [ Epoch 4 (valid) ]:  valid loglike is -1.8612544549307848, num_events is 7874, mark_ll is -1.6200595164862204, time_ll is -0.24119486092976092[0m
[38;20m2026-09-28 09:37:47,996 - tpp_runner.py[pid:33356;line:136:_train_model] - INFO: [ Epoch 4 (test) ]: test loglike is -1.442021258170247, num_events is 13081, mark_ll is -1.7869122857101905, time_ll is 0.34489097154866794[0m
[31;1m2026-09-28 09:37:47,996 - tpp_runner.py[pid:33356;line:140:_train_model] - CRITICAL: current best loglike on valid set is -1.8613 (updated at epoch-4), best updated at this epoch[0m
[38;20m2026-09-28 09:37:48,095 - tpp_runner.py[pid:33356;line:104:_train_model] - INFO: [ Epoch 5 (train) ]: train loglike is -1.5128227829165175, num_events is 27940, mark_ll is -1.6295015197185934, time_ll is 0.11667876738518924[0m
[38;20m2026-09-28 09:37:48,121 - tpp_runner.py[pid:33356;line:116:_train_model] - INFO: [ Epoch 5 (valid) ]:  valid loglike is -1.8130334258715393, num_events is 7874, mark_ll is -1.6184329458502666, time_ll is -0.19460044901535115[0m
[38;20m2026-09-28 09:37:48,145 - tpp_runner.py[pid:33356;line:136:_train_model] - INFO: [ Epoch 5 (test) ]: test loglike is -1.4695550798868589, num_events is 13081, mark_ll is -1.8085168553149606, time_ll is 0.3389616541136716[0m
[31;1m2026-09-28 09:37:48,145 - tpp_runner.py[pid:33356;line:140:_train_model] - CRITICAL: current best loglike on valid set is -1.8130 (updated at epoch-5), best updated at this epoch[0m
[38;20m2026-09-28 09:37:48,238 - tpp_runner.py[pid:33356;line:104:_train_model] - INFO: [ Epoch 6 (train) ]: train loglike is -1.474580399684592, num_events is 27940, mark_ll is -1.5974351428283822, time_ll is 0.12285472566772548[0m
[38;20m2026-09-28 09:37:48,260 - tpp_runner.py[pid:33356;line:116:_train_model] - INFO: [ Epoch 6 (valid) ]:  valid loglike is -1.795201920481966, num_events is 7874, mark_ll is -1.5929314436753874, time_ll is -0.20227044580065723[0m
[38;20m2026-09-28 09:37:48,284 - tpp_runner.py[pid:33356;line:136:_train_model] - INFO: [ Epoch 6 (test) ]: test loglike is -1.3588592830249981, num_events is 13081, mark_ll is -1.6989797792361059, time_ll is 0.34012057553208136[0m
[31;1m2026-09-28 09:37:48,284 - tpp_runner.py[pid:33356;line:140:_train_model] - CRITICAL: current best loglike on valid set is -1.7952 (updated at epoch-6), best updated at this epoch[0m
[38;20m2026-09-28 09:37:48,376 - tpp_runner.py[pid:33356;line:104:_train_model] - INFO: [ Epoch 7 (train) ]: train loglike is -1.4135999609934233, num_events is 27940, mark_ll is -1.5653817681303686, time_ll is 0.15178179402989667[0m
[38;20m2026-09-28 09:37:48,396 - tpp_runner.py[pid:33356;line:116:_train_model] - INFO: [ Epoch 7 (valid) ]:  valid loglike is -1.779550875508001, num_events is 7874, mark_ll is -1.5681941754508508, time_ll is -0.21135671556011082[0m
[38;20m2026-09-28 09:37:48,432 - tpp_runner.py[pid:33356;line:136:_train_model] - INFO: [ Epoch 7 (test) ]: test loglike is -1.3687413698780675, num_events is 13081, mark_ll is -1.6475824758953825, time_ll is 0.2788411433448322[0m
[31;1m2026-09-28 09:37:48,432 - tpp_runner.py[pid:33356;line:140:_train_model] - CRITICAL: current best loglike on valid set is -1.7796 (updated at epoch-7), best updated at this epoch[0m
[38;20m2026-09-28 09:37:48,565 - tpp_runner.py[pid:33356;line:104:_train_model] - INFO: [ Epoch 8 (train) ]: train loglike is -1.4372791200172244, num_events is 27940, mark_ll is -1.5594409371924212, time_ll is 0.12216173853290534[0m
[38;20m2026-09-28 09:37:48,579 - tpp_runner.py[pid:33356;line:116:_train_model] - INFO: [ Epoch 8 (valid) ]:  valid loglike is -1.7989789378016257, num_events is 7874, mark_ll is -1.6306428296450344, time_ll is -0.16833609265363061[0m
[38;20m2026-09-28 09:37:48,601 - tpp_runner.py[pid:33356;line:136:_train_model] - INFO: [ Epoch 8 (test) ]: test loglike is -1.369434093938728, num_events is 13081, mark_ll is -1.7682471834148765, time_ll is 0.39881313613554487[0m
[31;1m2026-09-28 09:37:48,601 - tpp_runner.py[pid:33356;line:140:_train_model] - CRITICAL: current best loglike on valid set is -1.7796 (updated at epoch-7)[0m
[38;20m2026-09-28 09:37:48,714 - tpp_runner.py[pid:33356;line:104:_train_model] - INFO: [ Epoch 9 (train) ]: train loglike is -1.3534460877382337, num_events is 27940, mark_ll is -1.5788962187388154, time_ll is 0.22545007201886297[0m
[38;20m2026-09-28 09:37:48,733 - tpp_runner.py[pid:33356;line:116:_train_model] - INFO: [ Epoch 9 (valid) ]:  valid loglike is -1.7358578271844043, num_events is 7874, mark_ll is -1.531141479275146, time_ll is -0.20471648743590456[0m
[38;20m2026-09-28 09:37:48,764 - tpp_runner.py[pid:33356;line:136:_train_model] - INFO: [ Epoch 9 (test) ]: test loglike is -1.269400043777712, num_events is 13081, mark_ll is -1.5593889007673343, time_ll is 0.2899888523236827[0m
[31;1m2026-09-28 09:37:48,764 - tpp_runner.py[pid:33356;line:140:_train_model] - CRITICAL: current best loglike on valid set is -1.7359 (updated at epoch-9), best updated at this epoch[0m
[38;20m2026-09-28 09:37:48,893 - tpp_runner.py[pid:33356;line:104:_train_model] - INFO: [ Epoch 10 (train) ]: train loglike is -1.3740988816716624, num_events is 27940, mark_ll is -1.5196645923742842, time_ll is 0.14556562769131398[0m
[38;20m2026-09-28 09:37:48,897 - tpp_runner.py[pid:33356;line:116:_train_model] - INFO: [ Epoch 10 (valid) ]:  valid loglike is -1.6826130947183768, num_events is 7874, mark_ll is -1.578690548006096, time_ll is -0.1039226242270844[0m
[38;20m2026-09-28 09:37:48,942 - tpp_runner.py[pid:33356;line:136:_train_model] - INFO: [ Epoch 10 (test) ]: test loglike is -1.2445124070694136, num_events is 13081, mark_ll is -1.6633209515470913, time_ll is 0.4188085164820398[0m
[31;1m2026-09-28 09:37:48,942 - tpp_runner.py[pid:33356;line:140:_train_model] - CRITICAL: current best loglike on valid set is -1.6826 (updated at epoch-10), best updated at this epoch[0m
[38;20m2026-09-28 09:37:49,072 - tpp_runner.py[pid:33356;line:104:_train_model] - INFO: [ Epoch 11 (train) ]: train loglike is -1.3216076336849052, num_events is 27940, mark_ll is -1.5531636570552971, time_ll is 0.23155602773940812[0m
[38;20m2026-09-28 09:37:49,090 - tpp_runner.py[pid:33356;line:116:_train_model] - INFO: [ Epoch 11 (valid) ]:  valid loglike is -1.6599960113982728, num_events is 7874, mark_ll is -1.5449466797371094, time_ll is -0.11504928515228124[0m
[38;20m2026-09-28 09:37:49,120 - tpp_runner.py[pid:33356;line:136:_train_model] - INFO: [ Epoch 11 (test) ]: test loglike is -1.1890277779436778, num_events is 13081, mark_ll is -1.5952847581893586, time_ll is 0.40625702690507703[0m
[31;1m2026-09-28 09:37:49,120 - tpp_runner.py[pid:33356;line:140:_train_model] - CRITICAL: current best loglike on valid set is -1.6600 (updated at epoch-11), best updated at this epoch[0m
[38;20m2026-09-28 09:37:49,246 - tpp_runner.py[pid:33356;line:104:_train_model] - INFO: [ Epoch 12 (train) ]: train loglike is -1.285038111802076, num_events is 27940, mark_ll is -1.5184484330261274, time_ll is 0.2334103223163056[0m
[38;20m2026-09-28 09:37:49,263 - tpp_runner.py[pid:33356;line:116:_train_model] - INFO: [ Epoch 12 (valid) ]:  valid loglike is -1.6525754262446024, num_events is 7874, mark_ll is -1.5601656261906274, time_ll is -0.09240984656285718[0m
[38;20m2026-09-28 09:37:49,293 - tpp_runner.py[pid:33356;line:136:_train_model] - INFO: [ Epoch 12 (test) ]: test loglike is -1.1978882853112338, num_events is 13081, mark_ll is -1.6427667782709656, time_ll is 0.44487841830469765[0m
[31;1m2026-09-28 09:37:49,293 - tpp_runner.py[pid:33356;line:140:_train_model] - CRITICAL: current best loglike on valid set is -1.6526 (updated at epoch-12), best updated at this epoch[0m
[38;20m2026-09-28 09:37:49,410 - tpp_runner.py[pid:33356;line:104:_train_model] - INFO: [ Epoch 13 (train) ]: train loglike is -1.265196277178776, num_events is 27940, mark_ll is -1.5195423473011365, time_ll is 0.25434604172375513[0m
[38;20m2026-09-28 09:37:49,426 - tpp_runner.py[pid:33356;line:116:_train_model] - INFO: [ Epoch 13 (valid) ]:  valid loglike is -1.6396754746634494, num_events is 7874, mark_ll is -1.5413321334455168, time_ll is -0.09834333346645209[0m
[38;20m2026-09-28 09:37:49,459 - tpp_runner.py[pid:33356;line:136:_train_model] - INFO: [ Epoch 13 (test) ]: test loglike is -1.1636594747988496, num_events is 13081, mark_ll is -1.5729669343895727, time_ll is 0.40930741293132694[0m
[31;1m2026-09-28 09:37:49,459 - tpp_runner.py[pid:33356;line:140:_train_model] - CRITICAL: current best loglike on valid set is -1.6397 (updated at epoch-13), best updated at this epoch[0m
[38;20m2026-09-28 09:37:49,582 - tpp_runner.py[pid:33356;line:104:_train_model] - INFO: [ Epoch 14 (train) ]: train loglike is -1.241913580160612, num_events is 27940, mark_ll is -1.4949954841848605, time_ll is 0.2530819361092111[0m
[38;20m2026-09-28 09:37:49,598 - tpp_runner.py[pid:33356;line:116:_train_model] - INFO: [ Epoch 14 (valid) ]:  valid loglike is -1.6056815746443993, num_events is 7874, mark_ll is -1.5350443806356362, time_ll is -0.07063716300284163[0m
[38;20m2026-09-28 09:37:49,633 - tpp_runner.py[pid:33356;line:136:_train_model] - INFO: [ Epoch 14 (test) ]: test loglike is -1.1521641486519092, num_events is 13081, mark_ll is -1.60646890349075, time_ll is 0.45430480149823693[0m
[31;1m2026-09-28 09:37:49,633 - tpp_runner.py[pid:33356;line:140:_train_model] - CRITICAL: current best loglike on valid set is -1.6057 (updated at epoch-14), best updated at this epoch[0m
[38;20m2026-09-28 09:37:49,758 - tpp_runner.py[pid:33356;line:104:_train_model] - INFO: [ Epoch 15 (train) ]: train loglike is -1.2157520509909627, num_events is 27940, mark_ll is -1.5115750268432355, time_ll is 0.2958228865605042[0m
[38;20m2026-09-28 09:37:49,774 - tpp_runner.py[pid:33356;line:116:_train_model] - INFO: [ Epoch 15 (valid) ]:  valid loglike is -1.6136902801149353, num_events is 7874, mark_ll is -1.5505183197866397, time_ll is -0.06317185955905115[0m
[38;20m2026-09-28 09:37:49,806 - tpp_runner.py[pid:33356;line:136:_train_model] - INFO: [ Epoch 15 (test) ]: test loglike is -1.1556455181895497, num_events is 13081, mark_ll is -1.5896124687046098, time_ll is 0.4339668571962675[0m
[31;1m2026-09-28 09:37:49,806 - tpp_runner.py[pid:33356;line:140:_train_model] - CRITICAL: current best loglike on valid set is -1.6057 (updated at epoch-14)[0m
[38;20m2026-09-28 09:37:49,922 - tpp_runner.py[pid:33356;line:104:_train_model] - INFO: [ Epoch 16 (train) ]: train loglike is -1.2028037375011185, num_events is 27940, mark_ll is -1.4881787004518612, time_ll is 0.2853749520282022[0m
[38;20m2026-09-28 09:37:49,937 - tpp_runner.py[pid:33356;line:116:_train_model] - INFO: [ Epoch 16 (valid) ]:  valid loglike is -1.5721180368141987, num_events is 7874, mark_ll is -1.526454004079883, time_ll is -0.04566405986449668[0m
[38;20m2026-09-28 09:37:49,968 - tpp_runner.py[pid:33356;line:136:_train_model] - INFO: [ Epoch 16 (test) ]: test loglike is -1.1484971680359395, num_events is 13081, mark_ll is -1.5906040741939644, time_ll is 0.442106868830508[0m
[31;1m2026-09-28 09:37:49,968 - tpp_runner.py[pid:33356;line:140:_train_model] - CRITICAL: current best loglike on valid set is -1.5721 (updated at epoch-16), best updated at this epoch[0m
[38;20m2026-09-28 09:37:50,092 - tpp_runner.py[pid:33356;line:104:_train_model] - INFO: [ Epoch 17 (train) ]: train loglike is -1.1886701273935218, num_events is 27940, mark_ll is -1.4906953935889407, time_ll is 0.3020253131623429[0m
[38;20m2026-09-28 09:37:50,106 - tpp_runner.py[pid:33356;line:116:_train_model] - INFO: [ Epoch 17 (valid) ]:  valid loglike is -1.5800086717360935, num_events is 7874, mark_ll is -1.5323698098568073, time_ll is -0.0476389859029718[0m
[38;20m2026-09-28 09:37:50,133 - tpp_runner.py[pid:33356;line:136:_train_model] - INFO: [ Epoch 17 (test) ]: test loglike is -1.0913509231542886, num_events is 13081, mark_ll is -1.5641022463401115, time_ll is 0.47275132318582297[0m
[31;1m2026-09-28 09:37:50,133 - tpp_runner.py[pid:33356;line:140:_train_model] - CRITICAL: current best loglike on valid set is -1.5721 (updated at epoch-16)[0m
[38;20m2026-09-28 09:37:50,255 - tpp_runner.py[pid:33356;line:104:_train_model] - INFO: [ Epoch 18 (train) ]: train loglike is -1.1614427679849677, num_events is 27940, mark_ll is -1.48885077747517, time_ll is 0.32740797890708884[0m
[38;20m2026-09-28 09:37:50,271 - tpp_runner.py[pid:33356;line:116:_train_model] - INFO: [ Epoch 18 (valid) ]:  valid loglike is -1.5644926885556896, num_events is 7874, mark_ll is -1.5258909365474982, time_ll is -0.03860176751115221[0m
[38;20m2026-09-28 09:37:50,301 - tpp_runner.py[pid:33356;line:136:_train_model] - INFO: [ Epoch 18 (test) ]: test loglike is -1.1391452625707132, num_events is 13081, mark_ll is -1.5831255434886478, time_ll is 0.44398030891357215[0m
[31;1m2026-09-28 09:37:50,301 - tpp_runner.py[pid:33356;line:140:_train_model] - CRITICAL: current best loglike on valid set is -1.5645 (updated at epoch-18), best updated at this epoch[0m
[38;20m2026-09-28 09:37:50,422 - tpp_runner.py[pid:33356;line:104:_train_model] - INFO: [ Epoch 19 (train) ]: train loglike is -1.1601602694948998, num_events is 27940, mark_ll is -1.4823798974923945, time_ll is 0.322219680425689[0m
[38;20m2026-09-28 09:37:50,435 - tpp_runner.py[pid:33356;line:116:_train_model] - INFO: [ Epoch 19 (valid) ]:  valid loglike is -1.5513233575295275, num_events is 7874, mark_ll is -1.5372857366808483, time_ll is -0.01403755205429112[0m
[38;20m2026-09-28 09:37:50,459 - tpp_runner.py[pid:33356;line:136:_train_model] - INFO: [ Epoch 19 (test) ]: test loglike is -1.092900985625621, num_events is 13081, mark_ll is -1.5647828762852611, time_ll is 0.4718818906596399[0m
[31;1m2026-09-28 09:37:50,459 - tpp_runner.py[pid:33356;line:140:_train_model] - CRITICAL: current best loglike on valid set is -1.5513 (updated at epoch-19), best updated at this epoch[0m
[38;20m2026-09-28 09:37:50,558 - tpp_runner.py[pid:33356;line:104:_train_model] - INFO: [ Epoch 20 (train) ]: train loglike is -1.1426877698304403, num_events is 27940, mark_ll is -1.476590182086614, time_ll is 0.33390241225617395[0m
[38;20m2026-09-28 09:37:50,572 - tpp_runner.py[pid:33356;line:116:_train_model] - INFO: [ Epoch 20 (valid) ]:  valid loglike is -1.5472127164957454, num_events is 7874, mark_ll is -1.5215692072009144, time_ll is -0.025643577120284124[0m
[38;20m2026-09-28 09:37:50,596 - tpp_runner.py[pid:33356;line:136:_train_model] - INFO: [ Epoch 20 (test) ]: test loglike is -1.0899119100460593, num_events is 13081, mark_ll is -1.5594042050493082, time_ll is 0.469492220348215[0m
[31;1m2026-09-28 09:37:50,596 - tpp_runner.py[pid:33356;line:140:_train_model] - CRITICAL: current best loglike on valid set is -1.5472 (updated at epoch-20), best updated at this epoch[0m
[38;20m2026-09-28 09:37:50,700 - tpp_runner.py[pid:33356;line:104:_train_model] - INFO: [ Epoch 21 (train) ]: train loglike is -1.1364957204612562, num_events is 27940, mark_ll is -1.487683533632337, time_ll is 0.35118781535558896[0m
[38;20m2026-09-28 09:37:50,700 - tpp_runner.py[pid:33356;line:116:_train_model] - INFO: [ Epoch 21 (valid) ]:  valid loglike is -1.5388319399685675, num_events is 7874, mark_ll is -1.5214004109648844, time_ll is -0.017431453426749628[0m
[38;20m2026-09-28 09:37:50,737 - tpp_runner.py[pid:33356;line:136:_train_model] - INFO: [ Epoch 21 (test) ]: test loglike is -1.1098587646204419, num_events is 13081, mark_ll is -1.577505064597508, time_ll is 0.46764630930894524[0m
[31;1m2026-09-28 09:37:50,737 - tpp_runner.py[pid:33356;line:140:_train_model] - CRITICAL: current best loglike on valid set is -1.5388 (updated at epoch-21), best updated at this epoch[0m
[38;20m2026-09-28 09:37:50,833 - tpp_runner.py[pid:33356;line:104:_train_model] - INFO: [ Epoch 22 (train) ]: train loglike is -1.130277439518835, num_events is 27940, mark_ll is -1.4746528204970473, time_ll is 0.3443754377754228[0m
[38;20m2026-09-28 09:37:50,843 - tpp_runner.py[pid:33356;line:116:_train_model] - INFO: [ Epoch 22 (valid) ]:  valid loglike is -1.531819392740348, num_events is 7874, mark_ll is -1.5255300276225552, time_ll is -0.006289401937324382[0m
[38;20m2026-09-28 09:37:50,879 - tpp_runner.py[pid:33356;line:136:_train_model] - INFO: [ Epoch 22 (test) ]: test loglike is -1.0729749411419711, num_events is 13081, mark_ll is -1.5545062375774024, time_ll is 0.48153127777167265[0m
[31;1m2026-09-28 09:37:50,879 - tpp_runner.py[pid:33356;line:140:_train_model] - CRITICAL: current best loglike on valid set is -1.5318 (updated at epoch-22), best updated at this epoch[0m
[38;20m2026-09-28 09:37:50,983 - tpp_runner.py[pid:33356;line:104:_train_model] - INFO: [ Epoch 23 (train) ]: train loglike is -1.1123809006185128, num_events is 27940, mark_ll is -1.4801871057399785, time_ll is 0.36780629687080574[0m
[38;20m2026-09-28 09:37:50,983 - tpp_runner.py[pid:33356;line:116:_train_model] - INFO: [ Epoch 23 (valid) ]:  valid loglike is -1.5281143091583058, num_events is 7874, mark_ll is -1.5194781678625857, time_ll is -0.008636121917019225[0m
[38;20m2026-09-28 09:37:51,018 - tpp_runner.py[pid:33356;line:136:_train_model] - INFO: [ Epoch 23 (test) ]: test loglike is -1.0863532725482092, num_events is 13081, mark_ll is -1.5654237150972785, time_ll is 0.47907040522155225[0m
[31;1m2026-09-28 09:37:51,018 - tpp_runner.py[pid:33356;line:140:_train_model] - CRITICAL: current best loglike on valid set is -1.5281 (updated at epoch-23), best updated at this epoch[0m
[38;20m2026-09-28 09:37:51,120 - tpp_runner.py[pid:33356;line:104:_train_model] - INFO: [ Epoch 24 (train) ]: train loglike is -1.1011736575586077, num_events is 27940, mark_ll is -1.468394833935442, time_ll is 0.36722119603740716[0m
[38;20m2026-09-28 09:37:51,133 - tpp_runner.py[pid:33356;line:116:_train_model] - INFO: [ Epoch 24 (valid) ]:  valid loglike is -1.5352563371142367, num_events is 7874, mark_ll is -1.5235773987172974, time_ll is -0.011679019787482934[0m
[38;20m2026-09-28 09:37:51,157 - tpp_runner.py[pid:33356;line:136:_train_model] - INFO: [ Epoch 24 (test) ]: test loglike is -1.0849216502883476, num_events is 13081, mark_ll is -1.5714468832419157, time_ll is 0.48652523295356814[0m
[31;1m2026-09-28 09:37:51,157 - tpp_runner.py[pid:33356;line:140:_train_model] - CRITICAL: current best loglike on valid set is -1.5281 (updated at epoch-23)[0m
[38;20m2026-09-28 09:37:51,255 - tpp_runner.py[pid:33356;line:104:_train_model] - INFO: [ Epoch 25 (train) ]: train loglike is -1.092623667624821, num_events is 27940, mark_ll is -1.4721284553675287, time_ll is 0.3795047855581995[0m
[38;20m2026-09-28 09:37:51,268 - tpp_runner.py[pid:33356;line:116:_train_model] - INFO: [ Epoch 25 (valid) ]:  valid loglike is -1.540200169267526, num_events is 7874, mark_ll is -1.5281047593345187, time_ll is -0.012095344045424419[0m
[38;20m2026-09-28 09:37:51,286 - tpp_runner.py[pid:33356;line:136:_train_model] - INFO: [ Epoch 25 (test) ]: test loglike is -1.079510933379042, num_events is 13081, mark_ll is -1.5549312486860714, time_ll is 0.47542038063018405[0m
[31;1m2026-09-28 09:37:51,286 - tpp_runner.py[pid:33356;line:140:_train_model] - CRITICAL: current best loglike on valid set is -1.5281 (updated at epoch-23)[0m
[38;20m2026-09-28 09:37:51,395 - tpp_runner.py[pid:33356;line:104:_train_model] - INFO: [ Epoch 26 (train) ]: train loglike is -1.07996606847262, num_events is 27940, mark_ll is -1.4664190774315498, time_ll is 0.38645301332794607[0m
[38;20m2026-09-28 09:37:51,404 - tpp_runner.py[pid:33356;line:116:_train_model] - INFO: [ Epoch 26 (valid) ]:  valid loglike is -1.542605112553975, num_events is 7874, mark_ll is -1.5206769808070866, time_ll is -0.02192818600725092[0m
[38;20m2026-09-28 09:37:51,427 - tpp_runner.py[pid:33356;line:136:_train_model] - INFO: [ Epoch 26 (test) ]: test loglike is -1.0898959898600546, num_events is 13081, mark_ll is -1.5700004419578013, time_ll is 0.4801044054383505[0m
[31;1m2026-09-28 09:37:51,427 - tpp_runner.py[pid:33356;line:140:_train_model] - CRITICAL: current best loglike on valid set is -1.5281 (updated at epoch-23)[0m
[38;20m2026-09-28 09:37:51,530 - tpp_runner.py[pid:33356;line:104:_train_model] - INFO: [ Epoch 27 (train) ]: train loglike is -1.0703423928088092, num_events is 27940, mark_ll is -1.4651113784560665, time_ll is 0.3947689091894741[0m
[38;20m2026-09-28 09:37:51,544 - tpp_runner.py[pid:33356;line:116:_train_model] - INFO: [ Epoch 27 (valid) ]:  valid loglike is -1.533799926974854, num_events is 7874, mark_ll is -1.5217103461550674, time_ll is -0.01208966511713541[0m
[38;20m2026-09-28 09:37:51,568 - tpp_runner.py[pid:33356;line:136:_train_model] - INFO: [ Epoch 27 (test) ]: test loglike is -1.0772845336270163, num_events is 13081, mark_ll is -1.5603908833064177, time_ll is 0.48310632168376366[0m
[31;1m2026-09-28 09:37:51,568 - tpp_runner.py[pid:33356;line:140:_train_model] - CRITICAL: current best loglike on valid set is -1.5281 (updated at epoch-23)[0m
[38;20m2026-09-28 09:37:51,679 - tpp_runner.py[pid:33356;line:104:_train_model] - INFO: [ Epoch 28 (train) ]: train loglike is -1.0649674455865248, num_events is 27940, mark_ll is -1.4637641136699178, time_ll is 0.39879672815736567[0m
[38;20m2026-09-28 09:37:51,691 - tpp_runner.py[pid:33356;line:116:_train_model] - INFO: [ Epoch 28 (valid) ]:  valid loglike is -1.534157239212916, num_events is 7874, mark_ll is -1.52001841503683, time_ll is -0.014138707903880651[0m
[38;20m2026-09-28 09:37:51,709 - tpp_runner.py[pid:33356;line:136:_train_model] - INFO: [ Epoch 28 (test) ]: test loglike is -1.091408407530483, num_events is 13081, mark_ll is -1.562631318204839, time_ll is 0.47122297599751073[0m
[31;1m2026-09-28 09:37:51,709 - tpp_runner.py[pid:33356;line:140:_train_model] - CRITICAL: current best loglike on valid set is -1.5281 (updated at epoch-23)[0m
[38;20m2026-09-28 09:37:51,823 - tpp_runner.py[pid:33356;line:104:_train_model] - INFO: [ Epoch 29 (train) ]: train loglike is -1.0600926283861623, num_events is 27940, mark_ll is -1.4606514692477184, time_ll is 0.4005588943820044[0m
[38;20m2026-09-28 09:37:51,835 - tpp_runner.py[pid:33356;line:116:_train_model] - INFO: [ Epoch 29 (valid) ]:  valid loglike is -1.532334215059055, num_events is 7874, mark_ll is -1.5209363143335661, time_ll is -0.011398009246213805[0m
[38;20m2026-09-28 09:37:51,857 - tpp_runner.py[pid:33356;line:136:_train_model] - INFO: [ Epoch 29 (test) ]: test loglike is -1.0790591584406772, num_events is 13081, mark_ll is -1.5585564971380246, time_ll is 0.47949730136983026[0m
[31;1m2026-09-28 09:37:51,857 - tpp_runner.py[pid:33356;line:140:_train_model] - CRITICAL: current best loglike on valid set is -1.5281 (updated at epoch-23)[0m
[38;20m2026-09-28 09:37:51,961 - tpp_runner.py[pid:33356;line:104:_train_model] - INFO: [ Epoch 30 (train) ]: train loglike is -1.057050386290936, num_events is 27940, mark_ll is -1.4580081620212957, time_ll is 0.4009577265789275[0m
[38;20m2026-09-28 09:37:51,973 - tpp_runner.py[pid:33356;line:116:_train_model] - INFO: [ Epoch 30 (valid) ]:  valid loglike is -1.5291295670481966, num_events is 7874, mark_ll is -1.5222523296609094, time_ll is -0.006877171499704328[0m
[38;20m2026-09-28 09:37:51,997 - tpp_runner.py[pid:33356;line:136:_train_model] - INFO: [ Epoch 30 (test) ]: test loglike is -1.0773381732689589, num_events is 13081, mark_ll is -1.5596470578749713, time_ll is 0.48230894059728807[0m
[31;1m2026-09-28 09:37:51,997 - tpp_runner.py[pid:33356;line:140:_train_model] - CRITICAL: current best loglike on valid set is -1.5281 (updated at epoch-23)[0m
[38;20m2026-09-28 09:37:52,110 - tpp_runner.py[pid:33356;line:104:_train_model] - INFO: [ Epoch 31 (train) ]: train loglike is -1.0524977316067914, num_events is 27940, mark_ll is -1.4563103798038206, time_ll is 0.40381257720051617[0m
[38;20m2026-09-28 09:37:52,120 - tpp_runner.py[pid:33356;line:116:_train_model] - INFO: [ Epoch 31 (valid) ]:  valid loglike is -1.5308856184118618, num_events is 7874, mark_ll is -1.5279323664116078, time_ll is -0.002953339204407901[0m
[38;20m2026-09-28 09:37:52,143 - tpp_runner.py[pid:33356;line:136:_train_model] - INFO: [ Epoch 31 (test) ]: test loglike is -1.063548007367556, num_events is 13081, mark_ll is -1.557748057774635, time_ll is 0.4942000597389582[0m
[31;1m2026-09-28 09:37:52,143 - tpp_runner.py[pid:33356;line:140:_train_model] - CRITICAL: current best loglike on valid set is -1.5281 (updated at epoch-23)[0m
[38;20m2026-09-28 09:37:52,259 - tpp_runner.py[pid:33356;line:104:_train_model] - INFO: [ Epoch 32 (train) ]: train loglike is -1.0598986615431505, num_events is 27940, mark_ll is -1.462946408598783, time_ll is 0.40304772794118676[0m
[38;20m2026-09-28 09:37:52,271 - tpp_runner.py[pid:33356;line:116:_train_model] - INFO: [ Epoch 32 (valid) ]:  valid loglike is -1.565258162742888, num_events is 7874, mark_ll is -1.5241227308626493, time_ll is -0.04113547451338067[0m
[38;20m2026-09-28 09:37:52,293 - tpp_runner.py[pid:33356;line:136:_train_model] - INFO: [ Epoch 32 (test) ]: test loglike is -1.0747517309516188, num_events is 13081, mark_ll is -1.5560903800717645, time_ll is 0.48133863045638714[0m
[31;1m2026-09-28 09:37:52,293 - tpp_runner.py[pid:33356;line:140:_train_model] - CRITICAL: current best loglike on valid set is -1.5281 (updated at epoch-23)[0m
[38;20m2026-09-28 09:37:52,403 - tpp_runner.py[pid:33356;line:104:_train_model] - INFO: [ Epoch 33 (train) ]: train loglike is -1.0532622570127952, num_events is 27940, mark_ll is -1.4585555997505817, time_ll is 0.4052933263539756[0m
[38;20m2026-09-28 09:37:52,416 - tpp_runner.py[pid:33356;line:116:_train_model] - INFO: [ Epoch 33 (valid) ]:  valid loglike is -1.529369800927102, num_events is 7874, mark_ll is -1.5256022094075439, time_ll is -0.003767642873115336[0m
[38;20m2026-09-28 09:37:52,438 - tpp_runner.py[pid:33356;line:136:_train_model] - INFO: [ Epoch 33 (test) ]: test loglike is -1.0792055942899053, num_events is 13081, mark_ll is -1.561683049962732, time_ll is 0.48247749300034404[0m
[31;1m2026-09-28 09:37:52,438 - tpp_runner.py[pid:33356;line:140:_train_model] - CRITICAL: current best loglike on valid set is -1.5281 (updated at epoch-23)[0m
[38;20m2026-09-28 09:37:52,536 - tpp_runner.py[pid:33356;line:104:_train_model] - INFO: [ Epoch 34 (train) ]: train loglike is -1.04379042213784, num_events is 27940, mark_ll is -1.452524732126879, time_ll is 0.4087343383876443[0m
[38;20m2026-09-28 09:37:52,552 - tpp_runner.py[pid:33356;line:116:_train_model] - INFO: [ Epoch 34 (valid) ]:  valid loglike is -1.5135825779464058, num_events is 7874, mark_ll is -1.5139849107823216, time_ll is 0.0004025130578337329[0m
[38;20m2026-09-28 09:37:52,576 - tpp_runner.py[pid:33356;line:136:_train_model] - INFO: [ Epoch 34 (test) ]: test loglike is -1.075370005279604, num_events is 13081, mark_ll is -1.5569331980783196, time_ll is 0.48156325812187045[0m
[31;1m2026-09-28 09:37:52,576 - tpp_runner.py[pid:33356;line:140:_train_model] - CRITICAL: current best loglike on valid set is -1.5136 (updated at epoch-34), best updated at this epoch[0m
[38;20m2026-09-28 09:37:52,681 - tpp_runner.py[pid:33356;line:104:_train_model] - INFO: [ Epoch 35 (train) ]: train loglike is -1.0435667285086345, num_events is 27940, mark_ll is -1.4525648921237473, time_ll is 0.4089981384932696[0m
[38;20m2026-09-28 09:37:52,689 - tpp_runner.py[pid:33356;line:116:_train_model] - INFO: [ Epoch 35 (valid) ]:  valid loglike is -1.5347208028400432, num_events is 7874, mark_ll is -1.5267536453041657, time_ll is -0.007966981189699684[0m
[38;20m2026-09-28 09:37:52,719 - tpp_runner.py[pid:33356;line:136:_train_model] - INFO: [ Epoch 35 (test) ]: test loglike is -1.0623698576119467, num_events is 13081, mark_ll is -1.5584753471160462, time_ll is 0.49610552683161646[0m
[31;1m2026-09-28 09:37:52,719 - tpp_runner.py[pid:33356;line:140:_train_model] - CRITICAL: current best loglike on valid set is -1.5136 (updated at epoch-34)[0m
[38;20m2026-09-28 09:37:52,820 - tpp_runner.py[pid:33356;line:104:_train_model] - INFO: [ Epoch 36 (train) ]: train loglike is -1.0323163283067511, num_events is 27940, mark_ll is -1.451548257007203, time_ll is 0.41923187026486025[0m
[38;20m2026-09-28 09:37:52,836 - tpp_runner.py[pid:33356;line:116:_train_model] - INFO: [ Epoch 36 (valid) ]:  valid loglike is -1.533713854537084, num_events is 7874, mark_ll is -1.5171745519272288, time_ll is -0.016539370435308252[0m
[38;20m2026-09-28 09:37:52,857 - tpp_runner.py[pid:33356;line:136:_train_model] - INFO: [ Epoch 36 (test) ]: test loglike is -1.0539055071824115, num_events is 13081, mark_ll is -1.5447968278180184, time_ll is 0.490891245980573[0m
[31;1m2026-09-28 09:37:52,857 - tpp_runner.py[pid:33356;line:140:_train_model] - CRITICAL: current best loglike on valid set is -1.5136 (updated at epoch-34)[0m
[38;20m2026-09-28 09:37:52,960 - tpp_runner.py[pid:33356;line:104:_train_model] - INFO: [ Epoch 37 (train) ]: train loglike is -1.0288622802210092, num_events is 27940, mark_ll is -1.4473843573841267, time_ll is 0.4185221301374388[0m
[38;20m2026-09-28 09:37:52,974 - tpp_runner.py[pid:33356;line:116:_train_model] - INFO: [ Epoch 37 (valid) ]:  valid loglike is -1.5278341396526542, num_events is 7874, mark_ll is -1.5238185007620015, time_ll is -0.004015743535637462[0m
[38;20m2026-09-28 09:37:52,996 - tpp_runner.py[pid:33356;line:136:_train_model] - INFO: [ Epoch 37 (test) ]: test loglike is -1.0822744014457992, num_events is 13081, mark_ll is -1.5662963951174413, time_ll is 0.48402193768036655[0m
[31;1m2026-09-28 09:37:52,996 - tpp_runner.py[pid:33356;line:140:_train_model] - CRITICAL: current best loglike on valid set is -1.5136 (updated at epoch-34)[0m
[38;20m2026-09-28 09:37:53,104 - tpp_runner.py[pid:33356;line:104:_train_model] - INFO: [ Epoch 38 (train) ]: train loglike is -1.0606639122058428, num_events is 27940, mark_ll is -1.4703670952263779, time_ll is 0.4097031923046945[0m
[38;20m2026-09-28 09:37:53,123 - tpp_runner.py[pid:33356;line:116:_train_model] - INFO: [ Epoch 38 (valid) ]:  valid loglike is -1.5334737446818643, num_events is 7874, mark_ll is -1.5169905007778766, time_ll is -0.016483243903987806[0m
[38;20m2026-09-28 09:37:53,146 - tpp_runner.py[pid:33356;line:136:_train_model] - INFO: [ Epoch 38 (test) ]: test loglike is -1.0583524649300513, num_events is 13081, mark_ll is -1.5482040462431197, time_ll is 0.48985158131306855[0m
[31;1m2026-09-28 09:37:53,146 - tpp_runner.py[pid:33356;line:140:_train_model] - CRITICAL: current best loglike on valid set is -1.5136 (updated at epoch-34)[0m
[38;20m2026-09-28 09:37:53,268 - tpp_runner.py[pid:33356;line:104:_train_model] - INFO: [ Epoch 39 (train) ]: train loglike is -1.039013182545186, num_events is 27940, mark_ll is -1.4507022931393163, time_ll is 0.41168913680822744[0m
[38;20m2026-09-28 09:37:53,284 - tpp_runner.py[pid:33356;line:116:_train_model] - INFO: [ Epoch 39 (valid) ]:  valid loglike is -1.5328605715805181, num_events is 7874, mark_ll is -1.5218818709121793, time_ll is -0.010978689041118317[0m
[38;20m2026-09-28 09:37:53,310 - tpp_runner.py[pid:33356;line:136:_train_model] - INFO: [ Epoch 39 (test) ]: test loglike is -1.0654665297592882, num_events is 13081, mark_ll is -1.5498223807430624, time_ll is 0.48435577632874016[0m
[31;1m2026-09-28 09:37:53,310 - tpp_runner.py[pid:33356;line:140:_train_model] - CRITICAL: current best loglike on valid set is -1.5136 (updated at epoch-34)[0m
[38;20m2026-09-28 09:37:53,414 - tpp_runner.py[pid:33356;line:104:_train_model] - INFO: [ Epoch 40 (train) ]: train loglike is -1.021447483027246, num_events is 27940, mark_ll is -1.4450494153207767, time_ll is 0.42360186675828787[0m
[38;20m2026-09-28 09:37:53,427 - tpp_runner.py[pid:33356;line:116:_train_model] - INFO: [ Epoch 40 (valid) ]:  valid loglike is -1.533803523661735, num_events is 7874, mark_ll is -1.5159214166084582, time_ll is -0.017881932644968807[0m
[38;20m2026-09-28 09:37:53,449 - tpp_runner.py[pid:33356;line:136:_train_model] - INFO: [ Epoch 40 (test) ]: test loglike is -1.067392237698045, num_events is 13081, mark_ll is -1.551416415029432, time_ll is 0.4840242239907834[0m
[31;1m2026-09-28 09:37:53,449 - tpp_runner.py[pid:33356;line:140:_train_model] - CRITICAL: current best loglike on valid set is -1.5136 (updated at epoch-34)[0m
[38;20m2026-09-28 09:37:53,556 - tpp_runner.py[pid:33356;line:104:_train_model] - INFO: [ Epoch 41 (train) ]: train loglike is -1.0127166507750984, num_events is 27940, mark_ll is -1.4397094813942823, time_ll is 0.42699283963027984[0m
[38;20m2026-09-28 09:37:53,570 - tpp_runner.py[pid:33356;line:116:_train_model] - INFO: [ Epoch 41 (valid) ]:  valid loglike is -1.5321310642621284, num_events is 7874, mark_ll is -1.5197410980759463, time_ll is -0.012389971999792632[0m
[38;20m2026-09-28 09:37:53,591 - tpp_runner.py[pid:33356;line:136:_train_model] - INFO: [ Epoch 41 (test) ]: test loglike is -1.0561112088262556, num_events is 13081, mark_ll is -1.5437963010520985, time_ll is 0.4876849989070503[0m
[31;1m2026-09-28 09:37:53,591 - tpp_runner.py[pid:33356;line:140:_train_model] - CRITICAL: current best loglike on valid set is -1.5136 (updated at epoch-34)[0m
[38;20m2026-09-28 09:37:53,693 - tpp_runner.py[pid:33356;line:104:_train_model] - INFO: [ Epoch 42 (train) ]: train loglike is -1.0115209209466713, num_events is 27940, mark_ll is -1.4422495225539103, time_ll is 0.43072860679544545[0m
[38;20m2026-09-28 09:37:53,706 - tpp_runner.py[pid:33356;line:116:_train_model] - INFO: [ Epoch 42 (valid) ]:  valid loglike is -1.5215395655400685, num_events is 7874, mark_ll is -1.5176071465424181, time_ll is -0.003932304663315381[0m
[38;20m2026-09-28 09:37:53,729 - tpp_runner.py[pid:33356;line:136:_train_model] - INFO: [ Epoch 42 (test) ]: test loglike is -1.0714827176582449, num_events is 13081, mark_ll is -1.5544183686023623, time_ll is 0.4829356882716344[0m
[31;1m2026-09-28 09:37:53,729 - tpp_runner.py[pid:33356;line:140:_train_model] - CRITICAL: current best loglike on valid set is -1.5136 (updated at epoch-34)[0m
[38;20m2026-09-28 09:37:53,817 - tpp_runner.py[pid:33356;line:104:_train_model] - INFO: [ Epoch 43 (train) ]: train loglike is -1.0119522826536775, num_events is 27940, mark_ll is -1.4378261732730853, time_ll is 0.4258738491137538[0m
[38;20m2026-09-28 09:37:53,834 - tpp_runner.py[pid:33356;line:116:_train_model] - INFO: [ Epoch 43 (valid) ]:  valid loglike is -1.5295052347917195, num_events is 7874, mark_ll is -1.5151379589868554, time_ll is -0.014367300997175236[0m
[38;20m2026-09-28 09:37:53,862 - tpp_runner.py[pid:33356;line:136:_train_model] - INFO: [ Epoch 43 (test) ]: test loglike is -1.0569101110090493, num_events is 13081, mark_ll is -1.5480697791644369, time_ll is 0.4911596028322328[0m
[31;1m2026-09-28 09:37:53,862 - tpp_runner.py[pid:33356;line:140:_train_model] - CRITICAL: current best loglike on valid set is -1.5136 (updated at epoch-34)[0m
[38;20m2026-09-28 09:37:53,970 - tpp_runner.py[pid:33356;line:104:_train_model] - INFO: [ Epoch 44 (train) ]: train loglike is -1.0019442908492528, num_events is 27940, mark_ll is -1.4352237425621868, time_ll is 0.43327948093072977[0m
[38;20m2026-09-28 09:37:53,982 - tpp_runner.py[pid:33356;line:116:_train_model] - INFO: [ Epoch 44 (valid) ]:  valid loglike is -1.531524836487173, num_events is 7874, mark_ll is -1.5157508840408305, time_ll is -0.015773900123850052[0m
[38;20m2026-09-28 09:37:54,005 - tpp_runner.py[pid:33356;line:136:_train_model] - INFO: [ Epoch 44 (test) ]: test loglike is -1.0632187600037746, num_events is 13081, mark_ll is -1.547974519341029, time_ll is 0.4847557593372544[0m
[31;1m2026-09-28 09:37:54,005 - tpp_runner.py[pid:33356;line:140:_train_model] - CRITICAL: current best loglike on valid set is -1.5136 (updated at epoch-34)[0m
[38;20m2026-09-28 09:37:54,113 - tpp_runner.py[pid:33356;line:104:_train_model] - INFO: [ Epoch 45 (train) ]: train loglike is -0.9954848402128444, num_events is 27940, mark_ll is -1.4353809747170276, time_ll is 0.4398961701389714[0m
[38;20m2026-09-28 09:37:54,125 - tpp_runner.py[pid:33356;line:116:_train_model] - INFO: [ Epoch 45 (valid) ]:  valid loglike is -1.5279279015589282, num_events is 7874, mark_ll is -1.5166715118586487, time_ll is -0.011256373228383664[0m
[38;20m2026-09-28 09:37:54,149 - tpp_runner.py[pid:33356;line:136:_train_model] - INFO: [ Epoch 45 (test) ]: test loglike is -1.057906849031993, num_events is 13081, mark_ll is -1.5436865954796077, time_ll is 0.4857797651113734[0m
[31;1m2026-09-28 09:37:54,149 - tpp_runner.py[pid:33356;line:140:_train_model] - CRITICAL: current best loglike on valid set is -1.5136 (updated at epoch-34)[0m
[38;20m2026-09-28 09:37:54,251 - tpp_runner.py[pid:33356;line:104:_train_model] - INFO: [ Epoch 46 (train) ]: train loglike is -0.9988757822286596, num_events is 27940, mark_ll is -1.4326631670264405, time_ll is 0.4337874148347673[0m
[38;20m2026-09-28 09:37:54,265 - tpp_runner.py[pid:33356;line:116:_train_model] - INFO: [ Epoch 46 (valid) ]:  valid loglike is -1.5353456341678309, num_events is 7874, mark_ll is -1.5171193613871603, time_ll is -0.01822635610908429[0m
[38;20m2026-09-28 09:37:54,277 - tpp_runner.py[pid:33356;line:136:_train_model] - INFO: [ Epoch 46 (test) ]: test loglike is -1.0639545040277885, num_events is 13081, mark_ll is -1.549134135984443, time_ll is 0.48517971594356796[0m
[31;1m2026-09-28 09:37:54,277 - tpp_runner.py[pid:33356;line:140:_train_model] - CRITICAL: current best loglike on valid set is -1.5136 (updated at epoch-34)[0m
[38;20m2026-09-28 09:37:54,396 - tpp_runner.py[pid:33356;line:104:_train_model] - INFO: [ Epoch 47 (train) ]: train loglike is -0.9877431270132426, num_events is 27940, mark_ll is -1.433055207587688, time_ll is 0.4453120708806906[0m
[38;20m2026-09-28 09:37:54,408 - tpp_runner.py[pid:33356;line:116:_train_model] - INFO: [ Epoch 47 (valid) ]:  valid loglike is -1.539664510969647, num_events is 7874, mark_ll is -1.517790205502286, time_ll is -0.02187418531941556[0m
[38;20m2026-09-28 09:37:54,430 - tpp_runner.py[pid:33356;line:136:_train_model] - INFO: [ Epoch 47 (test) ]: test loglike is -1.0606613398309093, num_events is 13081, mark_ll is -1.5420191379672807, time_ll is 0.4813579101189225[0m
[31;1m2026-09-28 09:37:54,430 - tpp_runner.py[pid:33356;line:140:_train_model] - CRITICAL: current best loglike on valid set is -1.5136 (updated at epoch-34)[0m
[38;20m2026-09-28 09:37:54,537 - tpp_runner.py[pid:33356;line:104:_train_model] - INFO: [ Epoch 48 (train) ]: train loglike is -0.9935707130514048, num_events is 27940, mark_ll is -1.4315333743904348, time_ll is 0.43796265546816454[0m
[38;20m2026-09-28 09:37:54,551 - tpp_runner.py[pid:33356;line:116:_train_model] - INFO: [ Epoch 48 (valid) ]:  valid loglike is -1.541331017232347, num_events is 7874, mark_ll is -1.5182474808308992, time_ll is -0.023083553842278583[0m
[38;20m2026-09-28 09:37:54,576 - tpp_runner.py[pid:33356;line:136:_train_model] - INFO: [ Epoch 48 (test) ]: test loglike is -1.0670098172862836, num_events is 13081, mark_ll is -1.554532740114479, time_ll is 0.48752293216007475[0m
[31;1m2026-09-28 09:37:54,576 - tpp_runner.py[pid:33356;line:140:_train_model] - CRITICAL: current best loglike on valid set is -1.5136 (updated at epoch-34)[0m
[38;20m2026-09-28 09:37:54,688 - tpp_runner.py[pid:33356;line:104:_train_model] - INFO: [ Epoch 49 (train) ]: train loglike is -0.986860271172602, num_events is 27940, mark_ll is -1.4317882103670811, time_ll is 0.44492799066695127[0m
[38;20m2026-09-28 09:37:54,700 - tpp_runner.py[pid:33356;line:116:_train_model] - INFO: [ Epoch 49 (valid) ]:  valid loglike is -1.5393804967297435, num_events is 7874, mark_ll is -1.5168063256048387, time_ll is -0.022574231198877436[0m
[38;20m2026-09-28 09:37:54,723 - tpp_runner.py[pid:33356;line:136:_train_model] - INFO: [ Epoch 49 (test) ]: test loglike is -1.0574853093824057, num_events is 13081, mark_ll is -1.541984348721428, time_ll is 0.4844990859984185[0m
[31;1m2026-09-28 09:37:54,723 - tpp_runner.py[pid:33356;line:140:_train_model] - CRITICAL: current best loglike on valid set is -1.5136 (updated at epoch-34)[0m
[38;20m2026-09-28 09:37:54,828 - tpp_runner.py[pid:33356;line:104:_train_model] - INFO: [ Epoch 50 (train) ]: train loglike is -0.9803612547255279, num_events is 27940, mark_ll is -1.4294798493982641, time_ll is 0.44911853459876355[0m
[38;20m2026-09-28 09:37:54,842 - tpp_runner.py[pid:33356;line:116:_train_model] - INFO: [ Epoch 50 (valid) ]:  valid loglike is -1.5317979366427483, num_events is 7874, mark_ll is -1.5152905081200787, time_ll is -0.016507403330358418[0m
[38;20m2026-09-28 09:37:54,864 - tpp_runner.py[pid:33356;line:136:_train_model] - INFO: [ Epoch 50 (test) ]: test loglike is -1.0636182950820847, num_events is 13081, mark_ll is -1.5511803184843476, time_ll is 0.4875620140703836[0m
[31;1m2026-09-28 09:37:54,864 - tpp_runner.py[pid:33356;line:140:_train_model] - CRITICAL: current best loglike on valid set is -1.5136 (updated at epoch-34)[0m
[38;20m2026-09-28 09:37:54,976 - tpp_runner.py[pid:33356;line:104:_train_model] - INFO: [ Epoch 51 (train) ]: train loglike is -0.9792099315777112, num_events is 27940, mark_ll is -1.4293103315698819, time_ll is 0.45010030087011577[0m
[38;20m2026-09-28 09:37:54,991 - tpp_runner.py[pid:33356;line:116:_train_model] - INFO: [ Epoch 51 (valid) ]:  valid loglike is -1.5476384898082296, num_events is 7874, mark_ll is -1.517777058991618, time_ll is -0.029861417251521027[0m
[38;20m2026-09-28 09:37:55,012 - tpp_runner.py[pid:33356;line:136:_train_model] - INFO: [ Epoch 51 (test) ]: test loglike is -1.0621417118279852, num_events is 13081, mark_ll is -1.5455454311716421, time_ll is 0.4834037380074153[0m
[31;1m2026-09-28 09:37:55,012 - tpp_runner.py[pid:33356;line:140:_train_model] - CRITICAL: current best loglike on valid set is -1.5136 (updated at epoch-34)[0m
[38;20m2026-09-28 09:37:55,122 - tpp_runner.py[pid:33356;line:104:_train_model] - INFO: [ Epoch 52 (train) ]: train loglike is -0.9749852851534538, num_events is 27940, mark_ll is -1.4269823624563798, time_ll is 0.45199701995958835[0m
[38;20m2026-09-28 09:37:55,137 - tpp_runner.py[pid:33356;line:116:_train_model] - INFO: [ Epoch 52 (valid) ]:  valid loglike is -1.5425006846107443, num_events is 7874, mark_ll is -1.5173050248444246, time_ll is -0.025195560934945113[0m
[38;20m2026-09-28 09:37:55,159 - tpp_runner.py[pid:33356;line:136:_train_model] - INFO: [ Epoch 52 (test) ]: test loglike is -1.0614907759226169, num_events is 13081, mark_ll is -1.5416837128994343, time_ll is 0.4801930116318515[0m
[31;1m2026-09-28 09:37:55,159 - tpp_runner.py[pid:33356;line:140:_train_model] - CRITICAL: current best loglike on valid set is -1.5136 (updated at epoch-34)[0m
[38;20m2026-09-28 09:37:55,265 - tpp_runner.py[pid:33356;line:104:_train_model] - INFO: [ Epoch 53 (train) ]: train loglike is -0.9721105948293217, num_events is 27940, mark_ll is -1.42817503397347, time_ll is 0.456064380435493[0m
[38;20m2026-09-28 09:37:55,280 - tpp_runner.py[pid:33356;line:116:_train_model] - INFO: [ Epoch 53 (valid) ]:  valid loglike is -1.5433428054356109, num_events is 7874, mark_ll is -1.516432518216599, time_ll is -0.02691019807698795[0m
[38;20m2026-09-28 09:37:55,298 - tpp_runner.py[pid:33356;line:136:_train_model] - INFO: [ Epoch 53 (test) ]: test loglike is -1.0746892633519036, num_events is 13081, mark_ll is -1.550221486554927, time_ll is 0.4755322138711442[0m
[31;1m2026-09-28 09:37:55,298 - tpp_runner.py[pid:33356;line:140:_train_model] - CRITICAL: current best loglike on valid set is -1.5136 (updated at epoch-34)[0m
[38;20m2026-09-28 09:37:55,422 - tpp_runner.py[pid:33356;line:104:_train_model] - INFO: [ Epoch 54 (train) ]: train loglike is -0.9731774474180163, num_events is 27940, mark_ll is -1.4244204063115158, time_ll is 0.451242937867609[0m
[38;20m2026-09-28 09:37:55,422 - tpp_runner.py[pid:33356;line:116:_train_model] - INFO: [ Epoch 54 (valid) ]:  valid loglike is -1.550251916910084, num_events is 7874, mark_ll is -1.5170946806737364, time_ll is -0.03315709670970123[0m
[38;20m2026-09-28 09:37:55,454 - tpp_runner.py[pid:33356;line:136:_train_model] - INFO: [ Epoch 54 (test) ]: test loglike is -1.0627377949471084, num_events is 13081, mark_ll is -1.5421484778137184, time_ll is 0.47941076685352324[0m
[31;1m2026-09-28 09:37:55,454 - tpp_runner.py[pid:33356;line:140:_train_model] - CRITICAL: current best loglike on valid set is -1.5136 (updated at epoch-34)[0m
[38;20m2026-09-28 09:37:55,570 - tpp_runner.py[pid:33356;line:104:_train_model] - INFO: [ Epoch 55 (train) ]: train loglike is -0.9692239159247494, num_events is 27940, mark_ll is -1.4255658400255011, time_ll is 0.4563418603404215[0m
[38;20m2026-09-28 09:37:55,583 - tpp_runner.py[pid:33356;line:116:_train_model] - INFO: [ Epoch 55 (valid) ]:  valid loglike is -1.5547754327930532, num_events is 7874, mark_ll is -1.5176133477266955, time_ll is -0.037162112196538845[0m
[38;20m2026-09-28 09:37:55,604 - tpp_runner.py[pid:33356;line:136:_train_model] - INFO: [ Epoch 55 (test) ]: test loglike is -1.074035994476722, num_events is 13081, mark_ll is -1.5468486467729914, time_ll is 0.4728126709600279[0m
[31;1m2026-09-28 09:37:55,604 - tpp_runner.py[pid:33356;line:140:_train_model] - CRITICAL: current best loglike on valid set is -1.5136 (updated at epoch-34)[0m
[38;20m2026-09-28 09:37:55,704 - tpp_runner.py[pid:33356;line:104:_train_model] - INFO: [ Epoch 56 (train) ]: train loglike is -0.9672144830440229, num_events is 27940, mark_ll is -1.424199054474991, time_ll is 0.4569845102647414[0m
[38;20m2026-09-28 09:37:55,717 - tpp_runner.py[pid:33356;line:116:_train_model] - INFO: [ Epoch 56 (valid) ]:  valid loglike is -1.5477372126619253, num_events is 7874, mark_ll is -1.5169436198247397, time_ll is -0.030793621905236976[0m
[38;20m2026-09-28 09:37:55,739 - tpp_runner.py[pid:33356;line:136:_train_model] - INFO: [ Epoch 56 (test) ]: test loglike is -1.0703686965768577, num_events is 13081, mark_ll is -1.5434830858568727, time_ll is 0.4731143892800149[0m
[31;1m2026-09-28 09:37:55,739 - tpp_runner.py[pid:33356;line:140:_train_model] - CRITICAL: current best loglike on valid set is -1.5136 (updated at epoch-34)[0m
[38;20m2026-09-28 09:37:55,845 - tpp_runner.py[pid:33356;line:104:_train_model] - INFO: [ Epoch 57 (train) ]: train loglike is -0.9675856134937589, num_events is 27940, mark_ll is -1.4237400456335003, time_ll is 0.45615449323770224[0m
[38;20m2026-09-28 09:37:55,858 - tpp_runner.py[pid:33356;line:116:_train_model] - INFO: [ Epoch 57 (valid) ]:  valid loglike is -1.5374457272352045, num_events is 7874, mark_ll is -1.5172581438912878, time_ll is -0.020187439941530275[0m
[38;20m2026-09-28 09:37:55,876 - tpp_runner.py[pid:33356;line:136:_train_model] - INFO: [ Epoch 57 (test) ]: test loglike is -1.0740733966487654, num_events is 13081, mark_ll is -1.5464242329045945, time_ll is 0.47235079892831205[0m
[31;1m2026-09-28 09:37:55,876 - tpp_runner.py[pid:33356;line:140:_train_model] - CRITICAL: current best loglike on valid set is -1.5136 (updated at epoch-34)[0m
[38;20m2026-09-28 09:37:55,979 - tpp_runner.py[pid:33356;line:104:_train_model] - INFO: [ Epoch 58 (train) ]: train loglike is -0.9664448808411998, num_events is 27940, mark_ll is -1.4223330476579277, time_ll is 0.45588819739984116[0m
[38;20m2026-09-28 09:37:55,996 - tpp_runner.py[pid:33356;line:116:_train_model] - INFO: [ Epoch 58 (valid) ]:  valid loglike is -1.5578209584153544, num_events is 7874, mark_ll is -1.5175683271288418, time_ll is -0.040252584777630496[0m
[38;20m2026-09-28 09:37:56,017 - tpp_runner.py[pid:33356;line:136:_train_model] - INFO: [ Epoch 58 (test) ]: test loglike is -1.0764132533887414, num_events is 13081, mark_ll is -1.5433448620613868, time_ll is 0.4669315806770077[0m
[31;1m2026-09-28 09:37:56,017 - tpp_runner.py[pid:33356;line:140:_train_model] - CRITICAL: current best loglike on valid set is -1.5136 (updated at epoch-34)[0m
[38;20m2026-09-28 09:37:56,130 - tpp_runner.py[pid:33356;line:104:_train_model] - INFO: [ Epoch 59 (train) ]: train loglike is -0.9610838445664818, num_events is 27940, mark_ll is -1.422239445854957, time_ll is 0.4611556255911279[0m
[38;20m2026-09-28 09:37:56,144 - tpp_runner.py[pid:33356;line:116:_train_model] - INFO: [ Epoch 59 (valid) ]:  valid loglike is -1.5480944008763018, num_events is 7874, mark_ll is -1.5168143871443993, time_ll is -0.031280151320678615[0m
[38;20m2026-09-28 09:37:56,165 - tpp_runner.py[pid:33356;line:136:_train_model] - INFO: [ Epoch 59 (test) ]: test loglike is -1.0770481757893127, num_events is 13081, mark_ll is -1.5463453225336365, time_ll is 0.4692971467443238[0m
[31;1m2026-09-28 09:37:56,165 - tpp_runner.py[pid:33356;line:140:_train_model] - CRITICAL: current best loglike on valid set is -1.5136 (updated at epoch-34)[0m
[38;20m2026-09-28 09:37:56,274 - tpp_runner.py[pid:33356;line:104:_train_model] - INFO: [ Epoch 60 (train) ]: train loglike is -0.9572162166696493, num_events is 27940, mark_ll is -1.421219577666428, time_ll is 0.46400332222176005[0m
[38;20m2026-09-28 09:37:56,287 - tpp_runner.py[pid:33356;line:116:_train_model] - INFO: [ Epoch 60 (valid) ]:  valid loglike is -1.5422681402003429, num_events is 7874, mark_ll is -1.5170495360521972, time_ll is -0.02521868941442961[0m
[38;20m2026-09-28 09:37:56,301 - tpp_runner.py[pid:33356;line:136:_train_model] - INFO: [ Epoch 60 (test) ]: test loglike is -1.0782839219036675, num_events is 13081, mark_ll is -1.5440459848133743, time_ll is 0.46576213756474083[0m
[31;1m2026-09-28 09:37:56,301 - tpp_runner.py[pid:33356;line:140:_train_model] - CRITICAL: current best loglike on valid set is -1.5136 (updated at epoch-34)[0m
[38;20m2026-09-28 09:37:56,419 - tpp_runner.py[pid:33356;line:104:_train_model] - INFO: [ Epoch 61 (train) ]: train loglike is -0.955748393250604, num_events is 27940, mark_ll is -1.42071112903767, time_ll is 0.4649627243183985[0m
[38;20m2026-09-28 09:37:56,434 - tpp_runner.py[pid:33356;line:116:_train_model] - INFO: [ Epoch 61 (valid) ]:  valid loglike is -1.559955282019939, num_events is 7874, mark_ll is -1.5166746124507875, time_ll is -0.043280716078033715[0m
[38;20m2026-09-28 09:37:56,454 - tpp_runner.py[pid:33356;line:136:_train_model] - INFO: [ Epoch 61 (test) ]: test loglike is -1.0748697978879196, num_events is 13081, mark_ll is -1.5460589831506575, time_ll is 0.4711891665989794[0m
[31;1m2026-09-28 09:37:56,454 - tpp_runner.py[pid:33356;line:140:_train_model] - CRITICAL: current best loglike on valid set is -1.5136 (updated at epoch-34)[0m
[38;20m2026-09-28 09:37:56,559 - tpp_runner.py[pid:33356;line:104:_train_model] - INFO: [ Epoch 62 (train) ]: train loglike is -0.9566076826178865, num_events is 27940, mark_ll is -1.4206841285175824, time_ll is 0.4640764370251316[0m
[38;20m2026-09-28 09:37:56,572 - tpp_runner.py[pid:33356;line:116:_train_model] - INFO: [ Epoch 62 (valid) ]:  valid loglike is -1.5652283970583567, num_events is 7874, mark_ll is -1.5183225151606554, time_ll is -0.0469058663947406[0m
[38;20m2026-09-28 09:37:56,594 - tpp_runner.py[pid:33356;line:136:_train_model] - INFO: [ Epoch 62 (test) ]: test loglike is -1.0709762019161857, num_events is 13081, mark_ll is -1.5448766340493847, time_ll is 0.47390047879259517[0m
[31;1m2026-09-28 09:37:56,594 - tpp_runner.py[pid:33356;line:140:_train_model] - CRITICAL: current best loglike on valid set is -1.5136 (updated at epoch-34)[0m
[38;20m2026-09-28 09:37:56,703 - tpp_runner.py[pid:33356;line:104:_train_model] - INFO: [ Epoch 63 (train) ]: train loglike is -0.9572187419610102, num_events is 27940, mark_ll is -1.4201752429872048, time_ll is 0.46295649938781347[0m
[38;20m2026-09-28 09:37:56,716 - tpp_runner.py[pid:33356;line:116:_train_model] - INFO: [ Epoch 63 (valid) ]:  valid loglike is -1.5664996398352171, num_events is 7874, mark_ll is -1.5171140283686817, time_ll is -0.049385592087834565[0m
[38;20m2026-09-28 09:37:56,738 - tpp_runner.py[pid:33356;line:136:_train_model] - INFO: [ Epoch 63 (test) ]: test loglike is -1.0702228019766264, num_events is 13081, mark_ll is -1.5429456069394543, time_ll is 0.4727227956309485[0m
[31;1m2026-09-28 09:37:56,738 - tpp_runner.py[pid:33356;line:140:_train_model] - CRITICAL: current best loglike on valid set is -1.5136 (updated at epoch-34)[0m
[38;20m2026-09-28 09:37:56,843 - tpp_runner.py[pid:33356;line:104:_train_model] - INFO: [ Epoch 64 (train) ]: train loglike is -0.9506601583471278, num_events is 27940, mark_ll is -1.4191992746734072, time_ll is 0.4685390835586581[0m
[38;20m2026-09-28 09:37:56,858 - tpp_runner.py[pid:33356;line:116:_train_model] - INFO: [ Epoch 64 (valid) ]:  valid loglike is -1.554965065008255, num_events is 7874, mark_ll is -1.5157431945723265, time_ll is -0.03922179679686508[0m
[38;20m2026-09-28 09:37:56,874 - tpp_runner.py[pid:33356;line:136:_train_model] - INFO: [ Epoch 64 (test) ]: test loglike is -1.079913305348645, num_events is 13081, mark_ll is -1.5455112018385444, time_ll is 0.46559789648989947[0m
[31;1m2026-09-28 09:37:56,874 - tpp_runner.py[pid:33356;line:140:_train_model] - CRITICAL: current best loglike on valid set is -1.5136 (updated at epoch-34)[0m
[38;20m2026-09-28 09:37:56,980 - tpp_runner.py[pid:33356;line:104:_train_model] - INFO: [ Epoch 65 (train) ]: train loglike is -0.9519995851182221, num_events is 27940, mark_ll is -1.4183771831100125, time_ll is 0.4663776209291255[0m
[38;20m2026-09-28 09:37:56,993 - tpp_runner.py[pid:33356;line:116:_train_model] - INFO: [ Epoch 65 (valid) ]:  valid loglike is -1.5660638206042037, num_events is 7874, mark_ll is -1.5176887541275084, time_ll is -0.048375066476695455[0m
[38;20m2026-09-28 09:37:57,016 - tpp_runner.py[pid:33356;line:136:_train_model] - INFO: [ Epoch 65 (test) ]: test loglike is -1.080708997364976, num_events is 13081, mark_ll is -1.54551687562113, time_ll is 0.46480785959239546[0m
[31;1m2026-09-28 09:37:57,016 - tpp_runner.py[pid:33356;line:140:_train_model] - CRITICAL: current best loglike on valid set is -1.5136 (updated at epoch-34)[0m
[38;20m2026-09-28 09:37:57,131 - tpp_runner.py[pid:33356;line:104:_train_model] - INFO: [ Epoch 66 (train) ]: train loglike is -0.9506357967128222, num_events is 27940, mark_ll is -1.4184116284336972, time_ll is 0.4677758522006385[0m
[38;20m2026-09-28 09:37:57,145 - tpp_runner.py[pid:33356;line:116:_train_model] - INFO: [ Epoch 66 (valid) ]:  valid loglike is -1.5678655126841503, num_events is 7874, mark_ll is -1.5185049540020954, time_ll is -0.04936061294241729[0m
[38;20m2026-09-28 09:37:57,166 - tpp_runner.py[pid:33356;line:136:_train_model] - INFO: [ Epoch 66 (test) ]: test loglike is -1.080662076676095, num_events is 13081, mark_ll is -1.542789801883457, time_ll is 0.4621276878798448[0m
[31;1m2026-09-28 09:37:57,166 - tpp_runner.py[pid:33356;line:140:_train_model] - CRITICAL: current best loglike on valid set is -1.5136 (updated at epoch-34)[0m
[38;20m2026-09-28 09:37:57,265 - tpp_runner.py[pid:33356;line:104:_train_model] - INFO: [ Epoch 67 (train) ]: train loglike is -0.9519478297523711, num_events is 27940, mark_ll is -1.418137009551718, time_ll is 0.4661891781609657[0m
[38;20m2026-09-28 09:37:57,283 - tpp_runner.py[pid:33356;line:116:_train_model] - INFO: [ Epoch 67 (valid) ]:  valid loglike is -1.568613623555372, num_events is 7874, mark_ll is -1.5169096373348996, time_ll is -0.05170404823231521[0m
[38;20m2026-09-28 09:37:57,307 - tpp_runner.py[pid:33356;line:136:_train_model] - INFO: [ Epoch 67 (test) ]: test loglike is -1.0821034414178963, num_events is 13081, mark_ll is -1.5438080965474734, time_ll is 0.46170465512957726[0m
[31;1m2026-09-28 09:37:57,307 - tpp_runner.py[pid:33356;line:140:_train_model] - CRITICAL: current best loglike on valid set is -1.5136 (updated at epoch-34)[0m
[38;20m2026-09-28 09:37:57,414 - tpp_runner.py[pid:33356;line:104:_train_model] - INFO: [ Epoch 68 (train) ]: train loglike is -0.9443271994676091, num_events is 27940, mark_ll is -1.4171284658531675, time_ll is 0.4728012762158448[0m
[38;20m2026-09-28 09:37:57,426 - tpp_runner.py[pid:33356;line:116:_train_model] - INFO: [ Epoch 68 (valid) ]:  valid loglike is -1.5739535873602997, num_events is 7874, mark_ll is -1.5174157779956186, time_ll is -0.056537813240421404[0m
[38;20m2026-09-28 09:37:57,451 - tpp_runner.py[pid:33356;line:136:_train_model] - INFO: [ Epoch 68 (test) ]: test loglike is -1.0823267719521634, num_events is 13081, mark_ll is -1.5437111196582831, time_ll is 0.4613843197104818[0m
[31;1m2026-09-28 09:37:57,451 - tpp_runner.py[pid:33356;line:140:_train_model] - CRITICAL: current best loglike on valid set is -1.5136 (updated at epoch-34)[0m
[38;20m2026-09-28 09:37:57,555 - tpp_runner.py[pid:33356;line:104:_train_model] - INFO: [ Epoch 69 (train) ]: train loglike is -0.9459676864066974, num_events is 27940, mark_ll is -1.4175632878210003, time_ll is 0.4715955768385869[0m
[38;20m2026-09-28 09:37:57,571 - tpp_runner.py[pid:33356;line:116:_train_model] - INFO: [ Epoch 69 (valid) ]:  valid loglike is -1.5666005951152526, num_events is 7874, mark_ll is -1.5179714041068708, time_ll is -0.04862916775394098[0m
[38;20m2026-09-28 09:37:57,594 - tpp_runner.py[pid:33356;line:136:_train_model] - INFO: [ Epoch 69 (test) ]: test loglike is -1.0854757026233182, num_events is 13081, mark_ll is -1.5462237094832199, time_ll is 0.4607480815149358[0m
[31;1m2026-09-28 09:37:57,596 - tpp_runner.py[pid:33356;line:140:_train_model] - CRITICAL: current best loglike on valid set is -1.5136 (updated at epoch-34)[0m
[38;20m2026-09-28 09:37:57,704 - tpp_runner.py[pid:33356;line:104:_train_model] - INFO: [ Epoch 70 (train) ]: train loglike is -0.9444846937634216, num_events is 27940, mark_ll is -1.4174956030221009, time_ll is 0.473010901612901[0m
[38;20m2026-09-28 09:37:57,719 - tpp_runner.py[pid:33356;line:116:_train_model] - INFO: [ Epoch 70 (valid) ]:  valid loglike is -1.5668689823707773, num_events is 7874, mark_ll is -1.5175598935182246, time_ll is -0.049309019089229585[0m
[38;20m2026-09-28 09:37:57,737 - tpp_runner.py[pid:33356;line:136:_train_model] - INFO: [ Epoch 70 (test) ]: test loglike is -1.077141083979149, num_events is 13081, mark_ll is -1.5458875378650332, time_ll is 0.46874635123521236[0m
[31;1m2026-09-28 09:37:57,737 - tpp_runner.py[pid:33356;line:140:_train_model] - CRITICAL: current best loglike on valid set is -1.5136 (updated at epoch-34)[0m
[38;20m2026-09-28 09:37:57,844 - tpp_runner.py[pid:33356;line:104:_train_model] - INFO: [ Epoch 71 (train) ]: train loglike is -0.9417293824378131, num_events is 27940, mark_ll is -1.4163391069591087, time_ll is 0.4746097081374849[0m
[38;20m2026-09-28 09:37:57,860 - tpp_runner.py[pid:33356;line:116:_train_model] - INFO: [ Epoch 71 (valid) ]:  valid loglike is -1.558656505984887, num_events is 7874, mark_ll is -1.51720878246444, time_ll is -0.0414477584021086[0m
[38;20m2026-09-28 09:37:57,884 - tpp_runner.py[pid:33356;line:136:_train_model] - INFO: [ Epoch 71 (test) ]: test loglike is -1.0775388833279183, num_events is 13081, mark_ll is -1.5442258661178427, time_ll is 0.4666871041043546[0m
[31;1m2026-09-28 09:37:57,884 - tpp_runner.py[pid:33356;line:140:_train_model] - CRITICAL: current best loglike on valid set is -1.5136 (updated at epoch-34)[0m
[38;20m2026-09-28 09:37:57,995 - tpp_runner.py[pid:33356;line:104:_train_model] - INFO: [ Epoch 72 (train) ]: train loglike is -0.9410904225572656, num_events is 27940, mark_ll is -1.4161424488021206, time_ll is 0.47505209068784393[0m
[38;20m2026-09-28 09:37:58,008 - tpp_runner.py[pid:33356;line:116:_train_model] - INFO: [ Epoch 72 (valid) ]:  valid loglike is -1.5612193314230378, num_events is 7874, mark_ll is -1.5176462140033655, time_ll is -0.043573109668191994[0m
[38;20m2026-09-28 09:37:58,033 - tpp_runner.py[pid:33356;line:136:_train_model] - INFO: [ Epoch 72 (test) ]: test loglike is -1.0776029000195895, num_events is 13081, mark_ll is -1.544028478207897, time_ll is 0.4664255781883075[0m
[31;1m2026-09-28 09:37:58,033 - tpp_runner.py[pid:33356;line:140:_train_model] - CRITICAL: current best loglike on valid set is -1.5136 (updated at epoch-34)[0m
[38;20m2026-09-28 09:37:58,144 - tpp_runner.py[pid:33356;line:104:_train_model] - INFO: [ Epoch 73 (train) ]: train loglike is -0.9444465784661328, num_events is 27940, mark_ll is -1.4164155123143343, time_ll is 0.47196896170067976[0m
[38;20m2026-09-28 09:37:58,157 - tpp_runner.py[pid:33356;line:116:_train_model] - INFO: [ Epoch 73 (valid) ]:  valid loglike is -1.564464039084328, num_events is 7874, mark_ll is -1.5182265208280417, time_ll is -0.046237622901271196[0m
[38;20m2026-09-28 09:37:58,182 - tpp_runner.py[pid:33356;line:136:_train_model] - INFO: [ Epoch 73 (test) ]: test loglike is -1.0762567764374378, num_events is 13081, mark_ll is -1.5441063434083786, time_ll is 0.4678496416259747[0m
[31;1m2026-09-28 09:37:58,182 - tpp_runner.py[pid:33356;line:140:_train_model] - CRITICAL: current best loglike on valid set is -1.5136 (updated at epoch-34)[0m
[38;20m2026-09-28 09:37:58,298 - tpp_runner.py[pid:33356;line:104:_train_model] - INFO: [ Epoch 74 (train) ]: train loglike is -0.9400719786680163, num_events is 27940, mark_ll is -1.4159975897011454, time_ll is 0.4759255924648102[0m
[38;20m2026-09-28 09:37:58,309 - tpp_runner.py[pid:33356;line:116:_train_model] - INFO: [ Epoch 74 (valid) ]:  valid loglike is -1.569927530480061, num_events is 7874, mark_ll is -1.518184476798641, time_ll is -0.051743138947703674[0m
[38;20m2026-09-28 09:37:58,333 - tpp_runner.py[pid:33356;line:136:_train_model] - INFO: [ Epoch 74 (test) ]: test loglike is -1.082132874165058, num_events is 13081, mark_ll is -1.5442845449745815, time_ll is 0.4621516614776441[0m
[31;1m2026-09-28 09:37:58,333 - tpp_runner.py[pid:33356;line:140:_train_model] - CRITICAL: current best loglike on valid set is -1.5136 (updated at epoch-34)[0m
[38;20m2026-09-28 09:37:58,447 - tpp_runner.py[pid:33356;line:104:_train_model] - INFO: [ Epoch 75 (train) ]: train loglike is -0.9424226841417994, num_events is 27940, mark_ll is -1.4151909994072118, time_ll is 0.47276834584852584[0m
[38;20m2026-09-28 09:37:58,459 - tpp_runner.py[pid:33356;line:116:_train_model] - INFO: [ Epoch 75 (valid) ]:  valid loglike is -1.5668147840201931, num_events is 7874, mark_ll is -1.5180662822263145, time_ll is -0.048748439782035816[0m
[38;20m2026-09-28 09:37:58,481 - tpp_runner.py[pid:33356;line:136:_train_model] - INFO: [ Epoch 75 (test) ]: test loglike is -1.0815441259030274, num_events is 13081, mark_ll is -1.5448290787927146, time_ll is 0.4632849808853251[0m
[31;1m2026-09-28 09:37:58,481 - tpp_runner.py[pid:33356;line:140:_train_model] - CRITICAL: current best loglike on valid set is -1.5136 (updated at epoch-34)[0m
[38;20m2026-09-28 09:37:58,585 - tpp_runner.py[pid:33356;line:104:_train_model] - INFO: [ Epoch 76 (train) ]: train loglike is -0.9402570938842162, num_events is 27940, mark_ll is -1.4150091784292234, time_ll is 0.4747520916446585[0m
[38;20m2026-09-28 09:37:58,601 - tpp_runner.py[pid:33356;line:116:_train_model] - INFO: [ Epoch 76 (valid) ]:  valid loglike is -1.5699646135620395, num_events is 7874, mark_ll is -1.5179985652940056, time_ll is -0.05196611027987681[0m
[38;20m2026-09-28 09:37:58,617 - tpp_runner.py[pid:33356;line:136:_train_model] - INFO: [ Epoch 76 (test) ]: test loglike is -1.0783568412081455, num_events is 13081, mark_ll is -1.543838705111421, time_ll is 0.465481835907638[0m
[31;1m2026-09-28 09:37:58,617 - tpp_runner.py[pid:33356;line:140:_train_model] - CRITICAL: current best loglike on valid set is -1.5136 (updated at epoch-34)[0m
[38;20m2026-09-28 09:37:58,728 - tpp_runner.py[pid:33356;line:104:_train_model] - INFO: [ Epoch 77 (train) ]: train loglike is -0.9393065182925465, num_events is 27940, mark_ll is -1.4149441325161058, time_ll is 0.4756375738101596[0m
[38;20m2026-09-28 09:37:58,744 - tpp_runner.py[pid:33356;line:116:_train_model] - INFO: [ Epoch 77 (valid) ]:  valid loglike is -1.5820099179260858, num_events is 7874, mark_ll is -1.5176522911639574, time_ll is -0.06435755699880541[0m
[38;20m2026-09-28 09:37:58,776 - tpp_runner.py[pid:33356;line:136:_train_model] - INFO: [ Epoch 77 (test) ]: test loglike is -1.0829629074970377, num_events is 13081, mark_ll is -1.543166772477735, time_ll is 0.4602037063387499[0m
[31;1m2026-09-28 09:37:58,776 - tpp_runner.py[pid:33356;line:140:_train_model] - CRITICAL: current best loglike on valid set is -1.5136 (updated at epoch-34)[0m
[38;20m2026-09-28 09:37:58,878 - tpp_runner.py[pid:33356;line:104:_train_model] - INFO: [ Epoch 78 (train) ]: train loglike is -0.9387679147140077, num_events is 27940, mark_ll is -1.4146946442152828, time_ll is 0.4759267420621966[0m
[38;20m2026-09-28 09:37:58,885 - tpp_runner.py[pid:33356;line:116:_train_model] - INFO: [ Epoch 78 (valid) ]:  valid loglike is -1.5601182491427483, num_events is 7874, mark_ll is -1.5175080516176658, time_ll is -0.04261016651916116[0m
[38;20m2026-09-28 09:37:58,916 - tpp_runner.py[pid:33356;line:136:_train_model] - INFO: [ Epoch 78 (test) ]: test loglike is -1.0838959834397217, num_events is 13081, mark_ll is -1.5442234398292372, time_ll is 0.4603274190619983[0m
[31;1m2026-09-28 09:37:58,916 - tpp_runner.py[pid:33356;line:140:_train_model] - CRITICAL: current best loglike on valid set is -1.5136 (updated at epoch-34)[0m
[38;20m2026-09-28 09:37:59,026 - tpp_runner.py[pid:33356;line:104:_train_model] - INFO: [ Epoch 79 (train) ]: train loglike is -0.9364779036132114, num_events is 27940, mark_ll is -1.4144581056784629, time_ll is 0.4779802282793486[0m
[38;20m2026-09-28 09:37:59,040 - tpp_runner.py[pid:33356;line:116:_train_model] - INFO: [ Epoch 79 (valid) ]:  valid loglike is -1.5770200729854584, num_events is 7874, mark_ll is -1.5178695806610363, time_ll is -0.05915041480961868[0m
[38;20m2026-09-28 09:37:59,061 - tpp_runner.py[pid:33356;line:136:_train_model] - INFO: [ Epoch 79 (test) ]: test loglike is -1.0871197744462389, num_events is 13081, mark_ll is -1.544985331778916, time_ll is 0.45786553866891866[0m
[31;1m2026-09-28 09:37:59,061 - tpp_runner.py[pid:33356;line:140:_train_model] - CRITICAL: current best loglike on valid set is -1.5136 (updated at epoch-34)[0m
[38;20m2026-09-28 09:37:59,165 - tpp_runner.py[pid:33356;line:104:_train_model] - INFO: [ Epoch 80 (train) ]: train loglike is -0.9398141630223247, num_events is 27940, mark_ll is -1.414301520138019, time_ll is 0.47448733745512145[0m
[38;20m2026-09-28 09:37:59,176 - tpp_runner.py[pid:33356;line:116:_train_model] - INFO: [ Epoch 80 (valid) ]:  valid loglike is -1.5725424458661417, num_events is 7874, mark_ll is -1.5181865852012955, time_ll is -0.0543556901322787[0m
[38;20m2026-09-28 09:37:59,199 - tpp_runner.py[pid:33356;line:136:_train_model] - INFO: [ Epoch 80 (test) ]: test loglike is -1.0829127766416942, num_events is 13081, mark_ll is -1.5439977949889152, time_ll is 0.4610850276791004[0m
[31;1m2026-09-28 09:37:59,199 - tpp_runner.py[pid:33356;line:140:_train_model] - CRITICAL: current best loglike on valid set is -1.5136 (updated at epoch-34)[0m
[38;20m2026-09-28 09:37:59,297 - tpp_runner.py[pid:33356;line:104:_train_model] - INFO: [ Epoch 81 (train) ]: train loglike is -0.9426879445910881, num_events is 27940, mark_ll is -1.4141982890233535, time_ll is 0.4715103193104224[0m
[38;20m2026-09-28 09:37:59,319 - tpp_runner.py[pid:33356;line:116:_train_model] - INFO: [ Epoch 81 (valid) ]:  valid loglike is -1.56342558876524, num_events is 7874, mark_ll is -1.5181157676768477, time_ll is -0.04530975132506906[0m
[38;20m2026-09-28 09:37:59,345 - tpp_runner.py[pid:33356;line:136:_train_model] - INFO: [ Epoch 81 (test) ]: test loglike is -1.082845773748662, num_events is 13081, mark_ll is -1.5435333660222843, time_ll is 0.46068761093738053[0m
[31;1m2026-09-28 09:37:59,345 - tpp_runner.py[pid:33356;line:140:_train_model] - CRITICAL: current best loglike on valid set is -1.5136 (updated at epoch-34)[0m
[38;20m2026-09-28 09:37:59,450 - tpp_runner.py[pid:33356;line:104:_train_model] - INFO: [ Epoch 82 (train) ]: train loglike is -0.935453780002908, num_events is 27940, mark_ll is -1.4139301188092788, time_ll is 0.4784763693894842[0m
[38;20m2026-09-28 09:37:59,463 - tpp_runner.py[pid:33356;line:116:_train_model] - INFO: [ Epoch 82 (valid) ]:  valid loglike is -1.5684769494538988, num_events is 7874, mark_ll is -1.517774082423165, time_ll is -0.050702704249646784[0m
[38;20m2026-09-28 09:37:59,487 - tpp_runner.py[pid:33356;line:136:_train_model] - INFO: [ Epoch 82 (test) ]: test loglike is -1.0824185976440066, num_events is 13081, mark_ll is -1.5437397871913463, time_ll is 0.4613210962285471[0m
[31;1m2026-09-28 09:37:59,487 - tpp_runner.py[pid:33356;line:140:_train_model] - CRITICAL: current best loglike on valid set is -1.5136 (updated at epoch-34)[0m
[38;20m2026-09-28 09:37:59,588 - tpp_runner.py[pid:33356;line:104:_train_model] - INFO: [ Epoch 83 (train) ]: train loglike is -0.9330854586558249, num_events is 27940, mark_ll is -1.4137880384026038, time_ll is 0.48070256882423834[0m
[38;20m2026-09-28 09:37:59,602 - tpp_runner.py[pid:33356;line:116:_train_model] - INFO: [ Epoch 83 (valid) ]:  valid loglike is -1.5641738236601472, num_events is 7874, mark_ll is -1.5176002012160275, time_ll is -0.046573688331702834[0m
[38;20m2026-09-28 09:37:59,623 - tpp_runner.py[pid:33356;line:136:_train_model] - INFO: [ Epoch 83 (test) ]: test loglike is -1.0797419533818133, num_events is 13081, mark_ll is -1.543556434427796, time_ll is 0.463814527705379[0m
[31;1m2026-09-28 09:37:59,623 - tpp_runner.py[pid:33356;line:140:_train_model] - CRITICAL: current best loglike on valid set is -1.5136 (updated at epoch-34)[0m
[38;20m2026-09-28 09:37:59,725 - tpp_runner.py[pid:33356;line:104:_train_model] - INFO: [ Epoch 84 (train) ]: train loglike is -0.9365789764338761, num_events is 27940, mark_ll is -1.4138210506889763, time_ll is 0.4772420409413517[0m
[38;20m2026-09-28 09:37:59,740 - tpp_runner.py[pid:33356;line:116:_train_model] - INFO: [ Epoch 84 (valid) ]:  valid loglike is -1.5626237756381762, num_events is 7874, mark_ll is -1.5176168203898908, time_ll is -0.045007048266049655[0m
[38;20m2026-09-28 09:37:59,761 - tpp_runner.py[pid:33356;line:136:_train_model] - INFO: [ Epoch 84 (test) ]: test loglike is -1.0821569877410462, num_events is 13081, mark_ll is -1.5436810710070905, time_ll is 0.4615239806153725[0m
[31;1m2026-09-28 09:37:59,761 - tpp_runner.py[pid:33356;line:140:_train_model] - CRITICAL: current best loglike on valid set is -1.5136 (updated at epoch-34)[0m
[38;20m2026-09-28 09:37:59,868 - tpp_runner.py[pid:33356;line:104:_train_model] - INFO: [ Epoch 85 (train) ]: train loglike is -0.933642822789907, num_events is 27940, mark_ll is -1.4137446802858804, time_ll is 0.4801018618649897[0m
[38;20m2026-09-28 09:37:59,881 - tpp_runner.py[pid:33356;line:116:_train_model] - INFO: [ Epoch 85 (valid) ]:  valid loglike is -1.5739714467710186, num_events is 7874, mark_ll is -1.5177670130730887, time_ll is -0.056204487958292325[0m
[38;20m2026-09-28 09:37:59,905 - tpp_runner.py[pid:33356;line:136:_train_model] - INFO: [ Epoch 85 (test) ]: test loglike is -1.0851062535237177, num_events is 13081, mark_ll is -1.544171965183281, time_ll is 0.45906569299580496[0m
[31;1m2026-09-28 09:37:59,905 - tpp_runner.py[pid:33356;line:140:_train_model] - CRITICAL: current best loglike on valid set is -1.5136 (updated at epoch-34)[0m
[38;20m2026-09-28 09:38:00,008 - tpp_runner.py[pid:33356;line:104:_train_model] - INFO: [ Epoch 86 (train) ]: train loglike is -0.9406698173681326, num_events is 27940, mark_ll is -1.4136167554916785, time_ll is 0.4729469542342932[0m
[38;20m2026-09-28 09:38:00,024 - tpp_runner.py[pid:33356;line:116:_train_model] - INFO: [ Epoch 86 (valid) ]:  valid loglike is -1.583186158559817, num_events is 7874, mark_ll is -1.5179489558197867, time_ll is -0.06523717948558944[0m
[38;20m2026-09-28 09:38:00,050 - tpp_runner.py[pid:33356;line:136:_train_model] - INFO: [ Epoch 86 (test) ]: test loglike is -1.0801592376944615, num_events is 13081, mark_ll is -1.5443082106203654, time_ll is 0.464149010253421[0m
[31;1m2026-09-28 09:38:00,050 - tpp_runner.py[pid:33356;line:140:_train_model] - CRITICAL: current best loglike on valid set is -1.5136 (updated at epoch-34)[0m
[38;20m2026-09-28 09:38:00,156 - tpp_runner.py[pid:33356;line:104:_train_model] - INFO: [ Epoch 87 (train) ]: train loglike is -0.9334490831357373, num_events is 27940, mark_ll is -1.413429971311292, time_ll is 0.47998087616076024[0m
[38;20m2026-09-28 09:38:00,167 - tpp_runner.py[pid:33356;line:116:_train_model] - INFO: [ Epoch 87 (valid) ]:  valid loglike is -1.5658263152463805, num_events is 7874, mark_ll is -1.5180450741760858, time_ll is -0.04778125657325533[0m
[38;20m2026-09-28 09:38:00,205 - tpp_runner.py[pid:33356;line:136:_train_model] - INFO: [ Epoch 87 (test) ]: test loglike is -1.079726817073666, num_events is 13081, mark_ll is -1.543968754180682, time_ll is 0.4642419184432574[0m
[31;1m2026-09-28 09:38:00,205 - tpp_runner.py[pid:33356;line:140:_train_model] - CRITICAL: current best loglike on valid set is -1.5136 (updated at epoch-34)[0m
[38;20m2026-09-28 09:38:00,313 - tpp_runner.py[pid:33356;line:104:_train_model] - INFO: [ Epoch 88 (train) ]: train loglike is -0.9351232901418217, num_events is 27940, mark_ll is -1.4133688400366857, time_ll is 0.47824552804978304[0m
[38;20m2026-09-28 09:38:00,326 - tpp_runner.py[pid:33356;line:116:_train_model] - INFO: [ Epoch 88 (valid) ]:  valid loglike is -1.5684754611696723, num_events is 7874, mark_ll is -1.5180690107473964, time_ll is -0.0504065008068981[0m
[38;20m2026-09-28 09:38:00,350 - tpp_runner.py[pid:33356;line:136:_train_model] - INFO: [ Epoch 88 (test) ]: test loglike is -1.082781346454304, num_events is 13081, mark_ll is -1.543540308940448, time_ll is 0.4607590838005743[0m
[31;1m2026-09-28 09:38:00,350 - tpp_runner.py[pid:33356;line:140:_train_model] - CRITICAL: current best loglike on valid set is -1.5136 (updated at epoch-34)[0m
[38;20m2026-09-28 09:38:00,458 - tpp_runner.py[pid:33356;line:104:_train_model] - INFO: [ Epoch 89 (train) ]: train loglike is -0.9354066994843862, num_events is 27940, mark_ll is -1.4134114466826235, time_ll is 0.4780047701355723[0m
[38;20m2026-09-28 09:38:00,474 - tpp_runner.py[pid:33356;line:116:_train_model] - INFO: [ Epoch 89 (valid) ]:  valid loglike is -1.5819717186309372, num_events is 7874, mark_ll is -1.5180354003286132, time_ll is -0.06393642682304895[0m
[38;20m2026-09-28 09:38:00,493 - tpp_runner.py[pid:33356;line:136:_train_model] - INFO: [ Epoch 89 (test) ]: test loglike is -1.0807474447074956, num_events is 13081, mark_ll is -1.543298314647676, time_ll is 0.4625508886039389[0m
[31;1m2026-09-28 09:38:00,493 - tpp_runner.py[pid:33356;line:140:_train_model] - CRITICAL: current best loglike on valid set is -1.5136 (updated at epoch-34)[0m
[38;20m2026-09-28 09:38:00,607 - tpp_runner.py[pid:33356;line:104:_train_model] - INFO: [ Epoch 90 (train) ]: train loglike is -0.9361924583090998, num_events is 27940, mark_ll is -1.4134041766396743, time_ll is 0.4772116708175233[0m
[38;20m2026-09-28 09:38:00,622 - tpp_runner.py[pid:33356;line:116:_train_model] - INFO: [ Epoch 90 (valid) ]:  valid loglike is -1.5663726395812168, num_events is 7874, mark_ll is -1.5179881473044197, time_ll is -0.04838449227679705[0m
[38;20m2026-09-28 09:38:00,648 - tpp_runner.py[pid:33356;line:136:_train_model] - INFO: [ Epoch 90 (test) ]: test loglike is -1.08362715066222, num_events is 13081, mark_ll is -1.5433746120924432, time_ll is 0.45974749875774024[0m
[31;1m2026-09-28 09:38:00,648 - tpp_runner.py[pid:33356;line:140:_train_model] - CRITICAL: current best loglike on valid set is -1.5136 (updated at epoch-34)[0m
[38;20m2026-09-28 09:38:00,757 - tpp_runner.py[pid:33356;line:104:_train_model] - INFO: [ Epoch 91 (train) ]: train loglike is -0.9358639257672692, num_events is 27940, mark_ll is -1.4133526397246332, time_ll is 0.47748871122672887[0m
[38;20m2026-09-28 09:38:00,771 - tpp_runner.py[pid:33356;line:116:_train_model] - INFO: [ Epoch 91 (valid) ]:  valid loglike is -1.5720606138477902, num_events is 7874, mark_ll is -1.5179782254095757, time_ll is -0.05408239231395455[0m
[38;20m2026-09-28 09:38:00,794 - tpp_runner.py[pid:33356;line:136:_train_model] - INFO: [ Epoch 91 (test) ]: test loglike is -1.0860070038366716, num_events is 13081, mark_ll is -1.5435303798209234, time_ll is 0.45752332932485573[0m
[31;1m2026-09-28 09:38:00,794 - tpp_runner.py[pid:33356;line:140:_train_model] - CRITICAL: current best loglike on valid set is -1.5136 (updated at epoch-34)[0m
[38;20m2026-09-28 09:38:00,903 - tpp_runner.py[pid:33356;line:104:_train_model] - INFO: [ Epoch 92 (train) ]: train loglike is -0.9333398489928194, num_events is 27940, mark_ll is -1.4132917006867394, time_ll is 0.4799518052731229[0m
[38;20m2026-09-28 09:38:00,917 - tpp_runner.py[pid:33356;line:116:_train_model] - INFO: [ Epoch 92 (valid) ]:  valid loglike is -1.5748213810880747, num_events is 7874, mark_ll is -1.5179706599647573, time_ll is -0.05685073662627794[0m
[38;20m2026-09-28 09:38:00,942 - tpp_runner.py[pid:33356;line:136:_train_model] - INFO: [ Epoch 92 (test) ]: test loglike is -1.0830562822808367, num_events is 13081, mark_ll is -1.5435186589805825, time_ll is 0.4604624046953836[0m
[31;1m2026-09-28 09:38:00,942 - tpp_runner.py[pid:33356;line:140:_train_model] - CRITICAL: current best loglike on valid set is -1.5136 (updated at epoch-34)[0m
[38;20m2026-09-28 09:38:01,050 - tpp_runner.py[pid:33356;line:104:_train_model] - INFO: [ Epoch 93 (train) ]: train loglike is -0.9333831109911864, num_events is 27940, mark_ll is -1.4132644555017448, time_ll is 0.47988132266547734[0m
[38;20m2026-09-28 09:38:01,063 - tpp_runner.py[pid:33356;line:116:_train_model] - INFO: [ Epoch 93 (valid) ]:  valid loglike is -1.5670486926911353, num_events is 7874, mark_ll is -1.5179711560594997, time_ll is -0.049077490122753684[0m
[38;20m2026-09-28 09:38:01,087 - tpp_runner.py[pid:33356;line:136:_train_model] - INFO: [ Epoch 93 (test) ]: test loglike is -1.0811868269102134, num_events is 13081, mark_ll is -1.543453559790918, time_ll is 0.4622666675575501[0m
[31;1m2026-09-28 09:38:01,087 - tpp_runner.py[pid:33356;line:140:_train_model] - CRITICAL: current best loglike on valid set is -1.5136 (updated at epoch-34)[0m
[38;20m2026-09-28 09:38:01,202 - tpp_runner.py[pid:33356;line:104:_train_model] - INFO: [ Epoch 94 (train) ]: train loglike is -0.9346438430425689, num_events is 27940, mark_ll is -1.4132551407592162, time_ll is 0.47861128734023384[0m
[38;20m2026-09-28 09:38:01,216 - tpp_runner.py[pid:33356;line:116:_train_model] - INFO: [ Epoch 94 (valid) ]:  valid loglike is -1.5803869439770128, num_events is 7874, mark_ll is -1.5179700398463296, time_ll is -0.0624168111129191[0m
[38;20m2026-09-28 09:38:01,239 - tpp_runner.py[pid:33356;line:136:_train_model] - INFO: [ Epoch 94 (test) ]: test loglike is -1.0813950957913672, num_events is 13081, mark_ll is -1.5434289236296919, time_ll is 0.4620337998426869[0m
[31;1m2026-09-28 09:38:01,239 - tpp_runner.py[pid:33356;line:140:_train_model] - CRITICAL: current best loglike on valid set is -1.5136 (updated at epoch-34)[0m
[38;20m2026-09-28 09:38:01,344 - tpp_runner.py[pid:33356;line:104:_train_model] - INFO: [ Epoch 95 (train) ]: train loglike is -0.9362905776748166, num_events is 27940, mark_ll is -1.41325084164728, time_ll is 0.4769602956478307[0m
[38;20m2026-09-28 09:38:01,362 - tpp_runner.py[pid:33356;line:116:_train_model] - INFO: [ Epoch 95 (valid) ]:  valid loglike is -1.5802673851441453, num_events is 7874, mark_ll is -1.5179792175990603, time_ll is -0.062288105533242315[0m
[38;20m2026-09-28 09:38:01,385 - tpp_runner.py[pid:33356;line:136:_train_model] - INFO: [ Epoch 95 (test) ]: test loglike is -1.0805378133719707, num_events is 13081, mark_ll is -1.5434310886256786, time_ll is 0.4628932565899492[0m
[31;1m2026-09-28 09:38:01,385 - tpp_runner.py[pid:33356;line:140:_train_model] - CRITICAL: current best loglike on valid set is -1.5136 (updated at epoch-34)[0m
[38;20m2026-09-28 09:38:01,493 - tpp_runner.py[pid:33356;line:104:_train_model] - INFO: [ Epoch 96 (train) ]: train loglike is -0.9305348007868424, num_events is 27940, mark_ll is -1.4132415094286865, time_ll is 0.4827067031805739[0m
[38;20m2026-09-28 09:38:01,506 - tpp_runner.py[pid:33356;line:116:_train_model] - INFO: [ Epoch 96 (valid) ]:  valid loglike is -1.580471032035814, num_events is 7874, mark_ll is -1.5179881473044197, time_ll is -0.06248301650656036[0m
[38;20m2026-09-28 09:38:01,529 - tpp_runner.py[pid:33356;line:136:_train_model] - INFO: [ Epoch 96 (test) ]: test loglike is -1.0827230035452182, num_events is 13081, mark_ll is -1.5434363891330938, time_ll is 0.46071328293720376[0m
[31;1m2026-09-28 09:38:01,531 - tpp_runner.py[pid:33356;line:140:_train_model] - CRITICAL: current best loglike on valid set is -1.5136 (updated at epoch-34)[0m
[38;20m2026-09-28 09:38:01,643 - tpp_runner.py[pid:33356;line:104:_train_model] - INFO: [ Epoch 97 (train) ]: train loglike is -0.9344176765501968, num_events is 27940, mark_ll is -1.4132329286808787, time_ll is 0.4788153471567841[0m
[38;20m2026-09-28 09:38:01,655 - tpp_runner.py[pid:33356;line:116:_train_model] - INFO: [ Epoch 97 (valid) ]:  valid loglike is -1.5818914753063882, num_events is 7874, mark_ll is -1.5179928602044703, time_ll is -0.06389864223209892[0m
[38;20m2026-09-28 09:38:01,678 - tpp_runner.py[pid:33356;line:136:_train_model] - INFO: [ Epoch 97 (test) ]: test loglike is -1.0810342693481958, num_events is 13081, mark_ll is -1.5434404951599647, time_ll is 0.46240632846244073[0m
[31;1m2026-09-28 09:38:01,678 - tpp_runner.py[pid:33356;line:140:_train_model] - CRITICAL: current best loglike on valid set is -1.5136 (updated at epoch-34)[0m
[38;20m2026-09-28 09:38:01,780 - tpp_runner.py[pid:33356;line:104:_train_model] - INFO: [ Epoch 98 (train) ]: train loglike is -0.9331404558316929, num_events is 27940, mark_ll is -1.4132259557310307, time_ll is 0.48008546167044613[0m
[38;20m2026-09-28 09:38:01,795 - tpp_runner.py[pid:33356;line:116:_train_model] - INFO: [ Epoch 98 (valid) ]:  valid loglike is -1.573471259247206, num_events is 7874, mark_ll is -1.5179950926308103, time_ll is -0.0554762441311992[0m
[38;20m2026-09-28 09:38:01,816 - tpp_runner.py[pid:33356;line:136:_train_model] - INFO: [ Epoch 98 (test) ]: test loglike is -1.0823536291006517, num_events is 13081, mark_ll is -1.543440793780101, time_ll is 0.46108719267508697[0m
[31;1m2026-09-28 09:38:01,816 - tpp_runner.py[pid:33356;line:140:_train_model] - CRITICAL: current best loglike on valid set is -1.5136 (updated at epoch-34)[0m
[38;20m2026-09-28 09:38:01,919 - tpp_runner.py[pid:33356;line:104:_train_model] - INFO: [ Epoch 99 (train) ]: train loglike is -0.9321571038805252, num_events is 27940, mark_ll is -1.4132232644170544, time_ll is 0.48106618019710207[0m
[38;20m2026-09-28 09:38:01,933 - tpp_runner.py[pid:33356;line:116:_train_model] - INFO: [ Epoch 99 (valid) ]:  valid loglike is -1.573637326962154, num_events is 7874, mark_ll is -1.5179958367729236, time_ll is -0.05564128865074136[0m
[38;20m2026-09-28 09:38:01,953 - tpp_runner.py[pid:33356;line:136:_train_model] - INFO: [ Epoch 99 (test) ]: test loglike is -1.0841776382193162, num_events is 13081, mark_ll is -1.543440905762652, time_ll is 0.45926330487085276[0m
[31;1m2026-09-28 09:38:01,953 - tpp_runner.py[pid:33356;line:140:_train_model] - CRITICAL: current best loglike on valid set is -1.5136 (updated at epoch-34)[0m
[38;20m2026-09-28 09:38:01,953 - base_runner.py[pid:33356;line:118:train] - INFO: End THP train! Cost time: 0.249m[0m
RESULT {"model": "THP", "dataset": "lob_goog", "seed": 2019, "ll_per_event": -1.075370005279604, "mark_ll": -1.5569331980783196, "time_ll": 0.48156325812187045, "val_ll": -1.5135825779464058, "best_epoch": 34, "n_params": 51224, "seconds": 15.596264839172363, "max_epoch": 100, "batch_size": 64}
