
=== Mon Sep 28 17:25:33 2026 attempt 1: D:\Quant\.venv\Scripts\python.exe -u -m infodiff.baselines.easytpp_runner NHP lob_msft 6 2019 100 64
[31;1m2026-09-28 17:25:37,392 - config.py[pid:24784;line:33:build_from_yaml_file] - CRITICAL: Load pipeline config class RunnerConfig[0m
[31;1m2026-09-28 17:25:37,392 - runner_config.py[pid:24784;line:205:update_config] - CRITICAL: train model NHP using GPU with torch backend[0m
[38;20m2026-09-28 17:25:37,392 - runner_config.py[pid:24784;line:45:__init__] - INFO: Save the config to D:\Quant\results\easytpp\checkpoints/lob_msft/NHP/train_2026_09_28_17_25_37\NHP_train_output.yaml[0m
[38;20m2026-09-28 17:25:37,392 - base_runner.py[pid:24784;line:193:save_log] - INFO: Save the log to D:\Quant\results\easytpp\checkpoints/lob_msft/NHP/train_2026_09_28_17_25_37\log[0m
0.057202864041665524 0.2894569117098711
min_dt: 7.275957614183426e-12
max_dt: 12.213735631004965
[38;20m2026-09-28 17:25:43,645 - tpp_runner.py[pid:24784;line:62:_init_model] - INFO: Num of model parameters 231948[0m
[38;20m2026-09-28 17:25:44,391 - base_runner.py[pid:24784;line:103:train] - INFO: Data 'lob_msft' loaded...[0m
[38;20m2026-09-28 17:25:44,391 - base_runner.py[pid:24784;line:108:train] - INFO: Start NHP training...[0m
[38;20m2026-09-28 17:25:55,767 - tpp_runner.py[pid:24784;line:104:_train_model] - INFO: [ Epoch 0 (train) ]: train loglike is 0.6530222262015937, num_events is 242824, mark_ll is -1.4653978300963353, time_ll is 2.11842005906284[0m
[38;20m2026-09-28 17:25:56,097 - tpp_runner.py[pid:24784;line:116:_train_model] - INFO: [ Epoch 0 (valid) ]:  valid loglike is 1.621896165400357, num_events is 52959, mark_ll is -1.467637368943428, time_ll is 3.0895335527837573[0m
[38;20m2026-09-28 17:25:56,814 - tpp_runner.py[pid:24784;line:136:_train_model] - INFO: [ Epoch 0 (test) ]: test loglike is 1.7315353742024548, num_events is 112141, mark_ll is -1.4917808115870868, time_ll is 3.22331629028968[0m
[31;1m2026-09-28 17:25:56,814 - tpp_runner.py[pid:24784;line:140:_train_model] - CRITICAL: current best loglike on valid set is 1.6219 (updated at epoch-0), best updated at this epoch[0m
[38;20m2026-09-28 17:26:08,197 - tpp_runner.py[pid:24784;line:104:_train_model] - INFO: [ Epoch 1 (train) ]: train loglike is 1.9385631776062602, num_events is 242824, mark_ll is -1.5475198254767342, time_ll is 3.4860829548227317[0m
[38;20m2026-09-28 17:26:08,514 - tpp_runner.py[pid:24784;line:116:_train_model] - INFO: [ Epoch 1 (valid) ]:  valid loglike is 1.9264662027759683, num_events is 52959, mark_ll is -1.539812269279065, time_ll is 3.466278379855171[0m
[38;20m2026-09-28 17:26:09,151 - tpp_runner.py[pid:24784;line:136:_train_model] - INFO: [ Epoch 1 (test) ]: test loglike is 2.019272298657494, num_events is 112141, mark_ll is -1.5625997279652402, time_ll is 3.581871974372665[0m
[31;1m2026-09-28 17:26:09,151 - tpp_runner.py[pid:24784;line:140:_train_model] - CRITICAL: current best loglike on valid set is 1.9265 (updated at epoch-1), best updated at this epoch[0m
[38;20m2026-09-28 17:26:20,377 - tpp_runner.py[pid:24784;line:104:_train_model] - INFO: [ Epoch 2 (train) ]: train loglike is 2.2110731475330385, num_events is 242824, mark_ll is -1.5399007325007001, time_ll is 3.7509738920988043[0m
[38;20m2026-09-28 17:26:20,704 - tpp_runner.py[pid:24784;line:116:_train_model] - INFO: [ Epoch 2 (valid) ]:  valid loglike is 2.158910758942059, num_events is 52959, mark_ll is -1.512971294347396, time_ll is 3.6718819703095793[0m
[38;20m2026-09-28 17:26:22,110 - tpp_runner.py[pid:24784;line:136:_train_model] - INFO: [ Epoch 2 (test) ]: test loglike is 2.244736885371987, num_events is 112141, mark_ll is -1.5360209973521057, time_ll is 3.7807578914324376[0m
[31;1m2026-09-28 17:26:22,110 - tpp_runner.py[pid:24784;line:140:_train_model] - CRITICAL: current best loglike on valid set is 2.1589 (updated at epoch-2), best updated at this epoch[0m
[38;20m2026-09-28 17:26:33,526 - tpp_runner.py[pid:24784;line:104:_train_model] - INFO: [ Epoch 3 (train) ]: train loglike is 2.434490546329337, num_events is 242824, mark_ll is -1.5236824570277752, time_ll is 3.9581730395523094[0m
[38;20m2026-09-28 17:26:33,841 - tpp_runner.py[pid:24784;line:116:_train_model] - INFO: [ Epoch 3 (valid) ]:  valid loglike is 2.3564419195450728, num_events is 52959, mark_ll is -1.5129739036034953, time_ll is 3.869415933788402[0m
[38;20m2026-09-28 17:26:34,496 - tpp_runner.py[pid:24784;line:136:_train_model] - INFO: [ Epoch 3 (test) ]: test loglike is 2.438661893495131, num_events is 112141, mark_ll is -1.535037503009604, time_ll is 3.9736994226297697[0m
[31;1m2026-09-28 17:26:34,496 - tpp_runner.py[pid:24784;line:140:_train_model] - CRITICAL: current best loglike on valid set is 2.3564 (updated at epoch-3), best updated at this epoch[0m
[38;20m2026-09-28 17:26:45,760 - tpp_runner.py[pid:24784;line:104:_train_model] - INFO: [ Epoch 4 (train) ]: train loglike is 2.628794929660989, num_events is 242824, mark_ll is -1.5203972723685673, time_ll is 4.149192185942802[0m
[38;20m2026-09-28 17:26:46,095 - tpp_runner.py[pid:24784;line:116:_train_model] - INFO: [ Epoch 4 (valid) ]:  valid loglike is 2.527119778094847, num_events is 52959, mark_ll is -1.508008563006878, time_ll is 4.035128405641628[0m
[38;20m2026-09-28 17:26:46,743 - tpp_runner.py[pid:24784;line:136:_train_model] - INFO: [ Epoch 4 (test) ]: test loglike is 2.6084397934297, num_events is 112141, mark_ll is -1.5308917909428754, time_ll is 4.139331549539196[0m
[31;1m2026-09-28 17:26:46,743 - tpp_runner.py[pid:24784;line:140:_train_model] - CRITICAL: current best loglike on valid set is 2.5271 (updated at epoch-4), best updated at this epoch[0m
[38;20m2026-09-28 17:26:57,944 - tpp_runner.py[pid:24784;line:104:_train_model] - INFO: [ Epoch 5 (train) ]: train loglike is 2.799920423653037, num_events is 242824, mark_ll is -1.5183668947532472, time_ll is 4.318287354601481[0m
[38;20m2026-09-28 17:26:58,258 - tpp_runner.py[pid:24784;line:116:_train_model] - INFO: [ Epoch 5 (valid) ]:  valid loglike is 2.6763248788272533, num_events is 52959, mark_ll is -1.5103714887342095, time_ll is 4.18669634912149[0m
[38;20m2026-09-28 17:26:58,900 - tpp_runner.py[pid:24784;line:136:_train_model] - INFO: [ Epoch 5 (test) ]: test loglike is 2.7569052994667427, num_events is 112141, mark_ll is -1.5339154414838239, time_ll is 4.290820645158774[0m
[31;1m2026-09-28 17:26:58,900 - tpp_runner.py[pid:24784;line:140:_train_model] - CRITICAL: current best loglike on valid set is 2.6763 (updated at epoch-5), best updated at this epoch[0m
[38;20m2026-09-28 17:27:10,070 - tpp_runner.py[pid:24784;line:104:_train_model] - INFO: [ Epoch 6 (train) ]: train loglike is 2.9507889298164516, num_events is 242824, mark_ll is -1.517767791853616, time_ll is 4.468556749821888[0m
[38;20m2026-09-28 17:27:10,402 - tpp_runner.py[pid:24784;line:116:_train_model] - INFO: [ Epoch 6 (valid) ]:  valid loglike is 2.8074142556033914, num_events is 52959, mark_ll is -1.509467810225245, time_ll is 4.316881964408788[0m
[38;20m2026-09-28 17:27:11,120 - tpp_runner.py[pid:24784;line:136:_train_model] - INFO: [ Epoch 6 (test) ]: test loglike is 2.8817788891328773, num_events is 112141, mark_ll is -1.5316572022052595, time_ll is 4.413436021671378[0m
[31;1m2026-09-28 17:27:11,120 - tpp_runner.py[pid:24784;line:140:_train_model] - CRITICAL: current best loglike on valid set is 2.8074 (updated at epoch-6), best updated at this epoch[0m
[38;20m2026-09-28 17:27:22,308 - tpp_runner.py[pid:24784;line:104:_train_model] - INFO: [ Epoch 7 (train) ]: train loglike is 3.077328005893672, num_events is 242824, mark_ll is -1.5171484116003258, time_ll is 4.594476453689195[0m
[38;20m2026-09-28 17:27:22,639 - tpp_runner.py[pid:24784;line:116:_train_model] - INFO: [ Epoch 7 (valid) ]:  valid loglike is 2.9124531514060403, num_events is 52959, mark_ll is -1.5094944098854775, time_ll is 4.42194765349138[0m
[38;20m2026-09-28 17:27:23,310 - tpp_runner.py[pid:24784;line:136:_train_model] - INFO: [ Epoch 7 (test) ]: test loglike is 2.988624184620255, num_events is 112141, mark_ll is -1.532528829149798, time_ll is 4.521153005061708[0m
[31;1m2026-09-28 17:27:23,310 - tpp_runner.py[pid:24784;line:140:_train_model] - CRITICAL: current best loglike on valid set is 2.9125 (updated at epoch-7), best updated at this epoch[0m
[38;20m2026-09-28 17:27:34,587 - tpp_runner.py[pid:24784;line:104:_train_model] - INFO: [ Epoch 8 (train) ]: train loglike is 3.187613315096531, num_events is 242824, mark_ll is -1.5160780271281875, time_ll is 4.703691318094587[0m
[38;20m2026-09-28 17:27:34,906 - tpp_runner.py[pid:24784;line:116:_train_model] - INFO: [ Epoch 8 (valid) ]:  valid loglike is 3.0053765427618537, num_events is 52959, mark_ll is -1.5116752224450754, time_ll is 4.5170517375469705[0m
[38;20m2026-09-28 17:27:35,597 - tpp_runner.py[pid:24784;line:136:_train_model] - INFO: [ Epoch 8 (test) ]: test loglike is 3.0878465956084304, num_events is 112141, mark_ll is -1.5356048168433045, time_ll is 4.623451482118494[0m
[31;1m2026-09-28 17:27:35,597 - tpp_runner.py[pid:24784;line:140:_train_model] - CRITICAL: current best loglike on valid set is 3.0054 (updated at epoch-8), best updated at this epoch[0m
[38;20m2026-09-28 17:27:46,991 - tpp_runner.py[pid:24784;line:104:_train_model] - INFO: [ Epoch 9 (train) ]: train loglike is 3.279358760743378, num_events is 242824, mark_ll is -1.5176040970646436, time_ll is 4.796962865851398[0m
[38;20m2026-09-28 17:27:47,324 - tpp_runner.py[pid:24784;line:116:_train_model] - INFO: [ Epoch 9 (valid) ]:  valid loglike is 3.0872512373959102, num_events is 52959, mark_ll is -1.512081261418031, time_ll is 4.5993326647736925[0m
[38;20m2026-09-28 17:27:47,980 - tpp_runner.py[pid:24784;line:136:_train_model] - INFO: [ Epoch 9 (test) ]: test loglike is 3.1645885711124833, num_events is 112141, mark_ll is -1.5355211122325911, time_ll is 4.700109718178454[0m
[31;1m2026-09-28 17:27:47,980 - tpp_runner.py[pid:24784;line:140:_train_model] - CRITICAL: current best loglike on valid set is 3.0873 (updated at epoch-9), best updated at this epoch[0m
[38;20m2026-09-28 17:27:59,276 - tpp_runner.py[pid:24784;line:104:_train_model] - INFO: [ Epoch 10 (train) ]: train loglike is 3.358115672578184, num_events is 242824, mark_ll is -1.5181371155780523, time_ll is 4.876252739895974[0m
[38;20m2026-09-28 17:27:59,606 - tpp_runner.py[pid:24784;line:116:_train_model] - INFO: [ Epoch 10 (valid) ]:  valid loglike is 3.15656495472913, num_events is 52959, mark_ll is -1.5126660667037237, time_ll is 4.669230855473102[0m
[38;20m2026-09-28 17:28:00,346 - tpp_runner.py[pid:24784;line:136:_train_model] - INFO: [ Epoch 10 (test) ]: test loglike is 3.2362897299075493, num_events is 112141, mark_ll is -1.5371435291285078, time_ll is 4.7734332677444025[0m
[31;1m2026-09-28 17:28:00,346 - tpp_runner.py[pid:24784;line:140:_train_model] - CRITICAL: current best loglike on valid set is 3.1566 (updated at epoch-10), best updated at this epoch[0m
[38;20m2026-09-28 17:28:11,792 - tpp_runner.py[pid:24784;line:104:_train_model] - INFO: [ Epoch 11 (train) ]: train loglike is 3.42998252302851, num_events is 242824, mark_ll is -1.518988507043682, time_ll is 4.948971142679471[0m
[38;20m2026-09-28 17:28:12,124 - tpp_runner.py[pid:24784;line:116:_train_model] - INFO: [ Epoch 11 (valid) ]:  valid loglike is 3.218403033478729, num_events is 52959, mark_ll is -1.5132771120701864, time_ll is 4.731680219308805[0m
[38;20m2026-09-28 17:28:12,773 - tpp_runner.py[pid:24784;line:136:_train_model] - INFO: [ Epoch 11 (test) ]: test loglike is 3.2988077474730475, num_events is 112141, mark_ll is -1.5371983829927278, time_ll is 4.83600612175743[0m
[31;1m2026-09-28 17:28:12,773 - tpp_runner.py[pid:24784;line:140:_train_model] - CRITICAL: current best loglike on valid set is 3.2184 (updated at epoch-11), best updated at this epoch[0m
[38;20m2026-09-28 17:28:24,226 - tpp_runner.py[pid:24784;line:104:_train_model] - INFO: [ Epoch 12 (train) ]: train loglike is 3.4925668980542492, num_events is 242824, mark_ll is -1.5187559126865033, time_ll is 5.011322887152835[0m
[38;20m2026-09-28 17:28:24,619 - tpp_runner.py[pid:24784;line:116:_train_model] - INFO: [ Epoch 12 (valid) ]:  valid loglike is 3.268815963469382, num_events is 52959, mark_ll is -1.5124868301716894, time_ll is 4.781302959600823[0m
[38;20m2026-09-28 17:28:25,335 - tpp_runner.py[pid:24784;line:136:_train_model] - INFO: [ Epoch 12 (test) ]: test loglike is 3.3576230725994507, num_events is 112141, mark_ll is -1.5368705834758252, time_ll is 4.894493577700172[0m
[31;1m2026-09-28 17:28:25,335 - tpp_runner.py[pid:24784;line:140:_train_model] - CRITICAL: current best loglike on valid set is 3.2688 (updated at epoch-12), best updated at this epoch[0m
[38;20m2026-09-28 17:28:36,690 - tpp_runner.py[pid:24784;line:104:_train_model] - INFO: [ Epoch 13 (train) ]: train loglike is 3.5496375380805647, num_events is 242824, mark_ll is -1.5208323426573878, time_ll is 5.070469892803017[0m
[38;20m2026-09-28 17:28:37,007 - tpp_runner.py[pid:24784;line:116:_train_model] - INFO: [ Epoch 13 (valid) ]:  valid loglike is 3.324160848486565, num_events is 52959, mark_ll is -1.5159143416074228, time_ll is 4.8400752085339604[0m
[38;20m2026-09-28 17:28:37,740 - tpp_runner.py[pid:24784;line:136:_train_model] - INFO: [ Epoch 13 (test) ]: test loglike is 3.4046160184221206, num_events is 112141, mark_ll is -1.539990008393451, time_ll is 4.944606166149089[0m
[31;1m2026-09-28 17:28:37,740 - tpp_runner.py[pid:24784;line:140:_train_model] - CRITICAL: current best loglike on valid set is 3.3242 (updated at epoch-13), best updated at this epoch[0m
[38;20m2026-09-28 17:28:49,079 - tpp_runner.py[pid:24784;line:104:_train_model] - INFO: [ Epoch 14 (train) ]: train loglike is 3.6037340268182922, num_events is 242824, mark_ll is -1.5205334185909856, time_ll is 5.124267409214081[0m
[38;20m2026-09-28 17:28:49,420 - tpp_runner.py[pid:24784;line:116:_train_model] - INFO: [ Epoch 14 (valid) ]:  valid loglike is 3.3634211356308654, num_events is 52959, mark_ll is -1.5152904067002304, time_ll is 4.878711597651013[0m
[38;20m2026-09-28 17:28:50,089 - tpp_runner.py[pid:24784;line:136:_train_model] - INFO: [ Epoch 14 (test) ]: test loglike is 3.4504009774803595, num_events is 112141, mark_ll is -1.5395912097409734, time_ll is 4.9899922307630575[0m
[31;1m2026-09-28 17:28:50,089 - tpp_runner.py[pid:24784;line:140:_train_model] - CRITICAL: current best loglike on valid set is 3.3634 (updated at epoch-14), best updated at this epoch[0m
[38;20m2026-09-28 17:29:01,507 - tpp_runner.py[pid:24784;line:104:_train_model] - INFO: [ Epoch 15 (train) ]: train loglike is 3.6497892377812735, num_events is 242824, mark_ll is -1.5198702341060295, time_ll is 5.169659451778861[0m
[38;20m2026-09-28 17:29:01,825 - tpp_runner.py[pid:24784;line:116:_train_model] - INFO: [ Epoch 15 (valid) ]:  valid loglike is 3.4095080112091427, num_events is 52959, mark_ll is -1.5147827173792463, time_ll is 4.924290931428086[0m
[38;20m2026-09-28 17:29:02,538 - tpp_runner.py[pid:24784;line:136:_train_model] - INFO: [ Epoch 15 (test) ]: test loglike is 3.496276120157882, num_events is 112141, mark_ll is -1.537889573031942, time_ll is 5.034165762856582[0m
[31;1m2026-09-28 17:29:02,682 - tpp_runner.py[pid:24784;line:140:_train_model] - CRITICAL: current best loglike on valid set is 3.4095 (updated at epoch-15), best updated at this epoch[0m
[38;20m2026-09-28 17:29:14,059 - tpp_runner.py[pid:24784;line:104:_train_model] - INFO: [ Epoch 16 (train) ]: train loglike is 3.6904079784252173, num_events is 242824, mark_ll is -1.5191725274465766, time_ll is 5.209580534023614[0m
[38;20m2026-09-28 17:29:14,385 - tpp_runner.py[pid:24784;line:116:_train_model] - INFO: [ Epoch 16 (valid) ]:  valid loglike is 3.443620780049189, num_events is 52959, mark_ll is -1.5131175325487642, time_ll is 4.956738201958118[0m
[38;20m2026-09-28 17:29:15,050 - tpp_runner.py[pid:24784;line:136:_train_model] - INFO: [ Epoch 16 (test) ]: test loglike is 3.519240757032441, num_events is 112141, mark_ll is -1.5361575441993784, time_ll is 5.0553983099401645[0m
[31;1m2026-09-28 17:29:15,050 - tpp_runner.py[pid:24784;line:140:_train_model] - CRITICAL: current best loglike on valid set is 3.4436 (updated at epoch-16), best updated at this epoch[0m
[38;20m2026-09-28 17:29:26,500 - tpp_runner.py[pid:24784;line:104:_train_model] - INFO: [ Epoch 17 (train) ]: train loglike is 3.7314297003050565, num_events is 242824, mark_ll is -1.5200494526127977, time_ll is 5.25147919313474[0m
[38;20m2026-09-28 17:29:26,819 - tpp_runner.py[pid:24784;line:116:_train_model] - INFO: [ Epoch 17 (valid) ]:  valid loglike is 3.482826263595423, num_events is 52959, mark_ll is -1.5157576295017137, time_ll is 4.99858388387715[0m
[38;20m2026-09-28 17:29:27,540 - tpp_runner.py[pid:24784;line:136:_train_model] - INFO: [ Epoch 17 (test) ]: test loglike is 3.563245068568811, num_events is 112141, mark_ll is -1.5396636457534487, time_ll is 5.102908792697363[0m
[31;1m2026-09-28 17:29:27,540 - tpp_runner.py[pid:24784;line:140:_train_model] - CRITICAL: current best loglike on valid set is 3.4828 (updated at epoch-17), best updated at this epoch[0m
[38;20m2026-09-28 17:29:38,985 - tpp_runner.py[pid:24784;line:104:_train_model] - INFO: [ Epoch 18 (train) ]: train loglike is 3.7659951883874743, num_events is 242824, mark_ll is -1.519753685571906, time_ll is 5.285748886024446[0m
[38;20m2026-09-28 17:29:39,313 - tpp_runner.py[pid:24784;line:116:_train_model] - INFO: [ Epoch 18 (valid) ]:  valid loglike is 3.5065417461798276, num_events is 52959, mark_ll is -1.5144428686873337, time_ll is 5.020984688627051[0m
[38;20m2026-09-28 17:29:40,010 - tpp_runner.py[pid:24784;line:136:_train_model] - INFO: [ Epoch 18 (test) ]: test loglike is 3.594311235408994, num_events is 112141, mark_ll is -1.5389035988314934, time_ll is 5.133214790698763[0m
[31;1m2026-09-28 17:29:40,010 - tpp_runner.py[pid:24784;line:140:_train_model] - CRITICAL: current best loglike on valid set is 3.5065 (updated at epoch-18), best updated at this epoch[0m
[38;20m2026-09-28 17:29:51,460 - tpp_runner.py[pid:24784;line:104:_train_model] - INFO: [ Epoch 19 (train) ]: train loglike is 3.7983499462316326, num_events is 242824, mark_ll is -1.5185269901309693, time_ll is 5.316876948427668[0m
[38;20m2026-09-28 17:29:51,793 - tpp_runner.py[pid:24784;line:116:_train_model] - INFO: [ Epoch 19 (valid) ]:  valid loglike is 3.537226339745133, num_events is 52959, mark_ll is -1.515205389207335, time_ll is 5.052431811932344[0m
[38;20m2026-09-28 17:29:52,490 - tpp_runner.py[pid:24784;line:136:_train_model] - INFO: [ Epoch 19 (test) ]: test loglike is 3.628475848764056, num_events is 112141, mark_ll is -1.539252995043628, time_ll is 5.167728957016167[0m
[31;1m2026-09-28 17:29:52,973 - tpp_runner.py[pid:24784;line:140:_train_model] - CRITICAL: current best loglike on valid set is 3.5372 (updated at epoch-19), best updated at this epoch[0m
[38;20m2026-09-28 17:30:04,761 - tpp_runner.py[pid:24784;line:104:_train_model] - INFO: [ Epoch 20 (train) ]: train loglike is 3.8253361922498392, num_events is 242824, mark_ll is -1.5193758841280105, time_ll is 5.344712036160964[0m
[38;20m2026-09-28 17:30:05,106 - tpp_runner.py[pid:24784;line:116:_train_model] - INFO: [ Epoch 20 (valid) ]:  valid loglike is 3.565035754368946, num_events is 52959, mark_ll is -1.515406200507114, time_ll is 5.080442019415964[0m
[38;20m2026-09-28 17:30:05,795 - tpp_runner.py[pid:24784;line:136:_train_model] - INFO: [ Epoch 20 (test) ]: test loglike is 3.6549385929321123, num_events is 112141, mark_ll is -1.539635648424751, time_ll is 5.1945742761902425[0m
[31;1m2026-09-28 17:30:05,795 - tpp_runner.py[pid:24784;line:140:_train_model] - CRITICAL: current best loglike on valid set is 3.5650 (updated at epoch-20), best updated at this epoch[0m
[38;20m2026-09-28 17:30:17,453 - tpp_runner.py[pid:24784;line:104:_train_model] - INFO: [ Epoch 21 (train) ]: train loglike is 3.8551166994278776, num_events is 242824, mark_ll is -1.5182010885777868, time_ll is 5.3733178242008615[0m
[38;20m2026-09-28 17:30:17,807 - tpp_runner.py[pid:24784;line:116:_train_model] - INFO: [ Epoch 21 (valid) ]:  valid loglike is 3.5887341430989066, num_events is 52959, mark_ll is -1.5154870229062813, time_ll is 5.104221248985064[0m
[38;20m2026-09-28 17:30:18,504 - tpp_runner.py[pid:24784;line:136:_train_model] - INFO: [ Epoch 21 (test) ]: test loglike is 3.6789159754795304, num_events is 112141, mark_ll is -1.539151560242797, time_ll is 5.218067579264051[0m
[31;1m2026-09-28 17:30:18,504 - tpp_runner.py[pid:24784;line:140:_train_model] - CRITICAL: current best loglike on valid set is 3.5887 (updated at epoch-21), best updated at this epoch[0m
[38;20m2026-09-28 17:30:30,252 - tpp_runner.py[pid:24784;line:104:_train_model] - INFO: [ Epoch 22 (train) ]: train loglike is 3.882655235891016, num_events is 242824, mark_ll is -1.518035419139737, time_ll is 5.400690659052441[0m
[38;20m2026-09-28 17:30:30,682 - tpp_runner.py[pid:24784;line:116:_train_model] - INFO: [ Epoch 22 (valid) ]:  valid loglike is 3.622177227460158, num_events is 52959, mark_ll is -1.5134871064762363, time_ll is 5.135664315496422[0m
[38;20m2026-09-28 17:30:31,407 - tpp_runner.py[pid:24784;line:136:_train_model] - INFO: [ Epoch 22 (test) ]: test loglike is 3.701416353073363, num_events is 112141, mark_ll is -1.5365931530255437, time_ll is 5.2380094103071135[0m
[31;1m2026-09-28 17:30:31,407 - tpp_runner.py[pid:24784;line:140:_train_model] - CRITICAL: current best loglike on valid set is 3.6222 (updated at epoch-22), best updated at this epoch[0m
[38;20m2026-09-28 17:30:42,871 - tpp_runner.py[pid:24784;line:104:_train_model] - INFO: [ Epoch 23 (train) ]: train loglike is 3.909759116299254, num_events is 242824, mark_ll is -1.51757100661127, time_ll is 5.427330082693638[0m
[38;20m2026-09-28 17:30:43,186 - tpp_runner.py[pid:24784;line:116:_train_model] - INFO: [ Epoch 23 (valid) ]:  valid loglike is 3.6347332075284653, num_events is 52959, mark_ll is -1.5130747702526954, time_ll is 5.147807996221133[0m
[38;20m2026-09-28 17:30:43,922 - tpp_runner.py[pid:24784;line:136:_train_model] - INFO: [ Epoch 23 (test) ]: test loglike is 3.7254693414707822, num_events is 112141, mark_ll is -1.5363827681222746, time_ll is 5.261852039926298[0m
[31;1m2026-09-28 17:30:43,922 - tpp_runner.py[pid:24784;line:140:_train_model] - CRITICAL: current best loglike on valid set is 3.6347 (updated at epoch-23), best updated at this epoch[0m
[38;20m2026-09-28 17:30:55,420 - tpp_runner.py[pid:24784;line:104:_train_model] - INFO: [ Epoch 24 (train) ]: train loglike is 3.9335466077668393, num_events is 242824, mark_ll is -1.5174906412090134, time_ll is 5.45103722886741[0m
[38;20m2026-09-28 17:30:55,768 - tpp_runner.py[pid:24784;line:116:_train_model] - INFO: [ Epoch 24 (valid) ]:  valid loglike is 3.6605870261959725, num_events is 52959, mark_ll is -1.5125206859610736, time_ll is 5.17310789655677[0m
[38;20m2026-09-28 17:30:56,493 - tpp_runner.py[pid:24784;line:136:_train_model] - INFO: [ Epoch 24 (test) ]: test loglike is 3.7458853593077017, num_events is 112141, mark_ll is -1.5367286026213651, time_ll is 5.282613900970653[0m
[31;1m2026-09-28 17:30:56,493 - tpp_runner.py[pid:24784;line:140:_train_model] - CRITICAL: current best loglike on valid set is 3.6606 (updated at epoch-24), best updated at this epoch[0m
[38;20m2026-09-28 17:31:08,284 - tpp_runner.py[pid:24784;line:104:_train_model] - INFO: [ Epoch 25 (train) ]: train loglike is 3.952937484749757, num_events is 242824, mark_ll is -1.5176774446203836, time_ll is 5.470614969587026[0m
[38;20m2026-09-28 17:31:08,641 - tpp_runner.py[pid:24784;line:116:_train_model] - INFO: [ Epoch 25 (valid) ]:  valid loglike is 3.6708499588124774, num_events is 52959, mark_ll is -1.51265189558491, time_ll is 5.183501992697181[0m
[38;20m2026-09-28 17:31:09,392 - tpp_runner.py[pid:24784;line:136:_train_model] - INFO: [ Epoch 25 (test) ]: test loglike is 3.759884650657431, num_events is 112141, mark_ll is -1.5365338840304839, time_ll is 5.296418595646329[0m
[31;1m2026-09-28 17:31:09,392 - tpp_runner.py[pid:24784;line:140:_train_model] - CRITICAL: current best loglike on valid set is 3.6708 (updated at epoch-25), best updated at this epoch[0m
[38;20m2026-09-28 17:31:20,963 - tpp_runner.py[pid:24784;line:104:_train_model] - INFO: [ Epoch 26 (train) ]: train loglike is 3.97356589160256, num_events is 242824, mark_ll is -1.5169426459274515, time_ll is 5.490508621985471[0m
[38;20m2026-09-28 17:31:21,298 - tpp_runner.py[pid:24784;line:116:_train_model] - INFO: [ Epoch 26 (valid) ]:  valid loglike is 3.6957608126097545, num_events is 52959, mark_ll is -1.5131957549118187, time_ll is 5.208956604401518[0m
[38;20m2026-09-28 17:31:22,050 - tpp_runner.py[pid:24784;line:136:_train_model] - INFO: [ Epoch 26 (test) ]: test loglike is 3.7853562458478613, num_events is 112141, mark_ll is -1.5380045841423966, time_ll is 5.3233608561152925[0m
[31;1m2026-09-28 17:31:22,050 - tpp_runner.py[pid:24784;line:140:_train_model] - CRITICAL: current best loglike on valid set is 3.6958 (updated at epoch-26), best updated at this epoch[0m
[38;20m2026-09-28 17:31:33,631 - tpp_runner.py[pid:24784;line:104:_train_model] - INFO: [ Epoch 27 (train) ]: train loglike is 3.991646261155199, num_events is 242824, mark_ll is -1.5168772532716597, time_ll is 5.508523534535302[0m
[38;20m2026-09-28 17:31:33,951 - tpp_runner.py[pid:24784;line:116:_train_model] - INFO: [ Epoch 27 (valid) ]:  valid loglike is 3.718678858586359, num_events is 52959, mark_ll is -1.5105269930217244, time_ll is 5.229205833168111[0m
[38;20m2026-09-28 17:31:34,616 - tpp_runner.py[pid:24784;line:136:_train_model] - INFO: [ Epoch 27 (test) ]: test loglike is 3.801416401840094, num_events is 112141, mark_ll is -1.5351643400523671, time_ll is 5.3365809073510135[0m
[31;1m2026-09-28 17:31:34,616 - tpp_runner.py[pid:24784;line:140:_train_model] - CRITICAL: current best loglike on valid set is 3.7187 (updated at epoch-27), best updated at this epoch[0m
[38;20m2026-09-28 17:31:46,317 - tpp_runner.py[pid:24784;line:104:_train_model] - INFO: [ Epoch 28 (train) ]: train loglike is 4.012191411011679, num_events is 242824, mark_ll is -1.5171671969075338, time_ll is 5.529358632049345[0m
[38;20m2026-09-28 17:31:46,638 - tpp_runner.py[pid:24784;line:116:_train_model] - INFO: [ Epoch 28 (valid) ]:  valid loglike is 3.7330032504508206, num_events is 52959, mark_ll is -1.5133545230744538, time_ll is 5.24635758912555[0m
[38;20m2026-09-28 17:31:47,329 - tpp_runner.py[pid:24784;line:136:_train_model] - INFO: [ Epoch 28 (test) ]: test loglike is 3.8234096228464614, num_events is 112141, mark_ll is -1.537862751329799, time_ll is 5.361272234842742[0m
[31;1m2026-09-28 17:31:47,329 - tpp_runner.py[pid:24784;line:140:_train_model] - CRITICAL: current best loglike on valid set is 3.7330 (updated at epoch-28), best updated at this epoch[0m
[38;20m2026-09-28 17:31:58,915 - tpp_runner.py[pid:24784;line:104:_train_model] - INFO: [ Epoch 29 (train) ]: train loglike is 4.0300130170797575, num_events is 242824, mark_ll is -1.516973504343681, time_ll is 5.546986481206553[0m
[38;20m2026-09-28 17:31:59,247 - tpp_runner.py[pid:24784;line:116:_train_model] - INFO: [ Epoch 29 (valid) ]:  valid loglike is 3.7460282512179233, num_events is 52959, mark_ll is -1.5114272970157339, time_ll is 5.257455391493892[0m
[38;20m2026-09-28 17:31:59,968 - tpp_runner.py[pid:24784;line:136:_train_model] - INFO: [ Epoch 29 (test) ]: test loglike is 3.83550507842805, num_events is 112141, mark_ll is -1.5361941889145139, time_ll is 5.371699188967461[0m
[31;1m2026-09-28 17:31:59,968 - tpp_runner.py[pid:24784;line:140:_train_model] - CRITICAL: current best loglike on valid set is 3.7460 (updated at epoch-29), best updated at this epoch[0m
[38;20m2026-09-28 17:32:11,662 - tpp_runner.py[pid:24784;line:104:_train_model] - INFO: [ Epoch 30 (train) ]: train loglike is 4.048885377758171, num_events is 242824, mark_ll is -1.5162901591340332, time_ll is 5.565175532870516[0m
[38;20m2026-09-28 17:32:11,995 - tpp_runner.py[pid:24784;line:116:_train_model] - INFO: [ Epoch 30 (valid) ]:  valid loglike is 3.7739717428812853, num_events is 52959, mark_ll is -1.5112993697069903, time_ll is 5.285271167908193[0m
[38;20m2026-09-28 17:32:12,725 - tpp_runner.py[pid:24784;line:136:_train_model] - INFO: [ Epoch 30 (test) ]: test loglike is 3.846477383940753, num_events is 112141, mark_ll is -1.5359259980181201, time_ll is 5.382403364542183[0m
[31;1m2026-09-28 17:32:12,725 - tpp_runner.py[pid:24784;line:140:_train_model] - CRITICAL: current best loglike on valid set is 3.7740 (updated at epoch-30), best updated at this epoch[0m
[38;20m2026-09-28 17:32:24,369 - tpp_runner.py[pid:24784;line:104:_train_model] - INFO: [ Epoch 31 (train) ]: train loglike is 4.069083850018429, num_events is 242824, mark_ll is -1.5164371196769575, time_ll is 5.585521013933961[0m
[38;20m2026-09-28 17:32:24,702 - tpp_runner.py[pid:24784;line:116:_train_model] - INFO: [ Epoch 31 (valid) ]:  valid loglike is 3.7769841705375855, num_events is 52959, mark_ll is -1.5125439756462546, time_ll is 5.28952821994373[0m
[38;20m2026-09-28 17:32:25,444 - tpp_runner.py[pid:24784;line:136:_train_model] - INFO: [ Epoch 31 (test) ]: test loglike is 3.870678814784512, num_events is 112141, mark_ll is -1.5375040197719836, time_ll is 5.408182869389875[0m
[31;1m2026-09-28 17:32:25,444 - tpp_runner.py[pid:24784;line:140:_train_model] - CRITICAL: current best loglike on valid set is 3.7770 (updated at epoch-31), best updated at this epoch[0m
[38;20m2026-09-28 17:32:36,923 - tpp_runner.py[pid:24784;line:104:_train_model] - INFO: [ Epoch 32 (train) ]: train loglike is 4.0851460477804915, num_events is 242824, mark_ll is -1.515824556185756, time_ll is 5.600970636139755[0m
[38;20m2026-09-28 17:32:37,259 - tpp_runner.py[pid:24784;line:116:_train_model] - INFO: [ Epoch 32 (valid) ]:  valid loglike is 3.7996723069379144, num_events is 52959, mark_ll is -1.5105951932597623, time_ll is 5.310267472537718[0m
[38;20m2026-09-28 17:32:37,962 - tpp_runner.py[pid:24784;line:136:_train_model] - INFO: [ Epoch 32 (test) ]: test loglike is 3.8919442794116335, num_events is 112141, mark_ll is -1.5356029880908857, time_ll is 5.427547354585967[0m
[31;1m2026-09-28 17:32:37,962 - tpp_runner.py[pid:24784;line:140:_train_model] - CRITICAL: current best loglike on valid set is 3.7997 (updated at epoch-32), best updated at this epoch[0m
[38;20m2026-09-28 17:32:49,284 - tpp_runner.py[pid:24784;line:104:_train_model] - INFO: [ Epoch 33 (train) ]: train loglike is 4.100620242503315, num_events is 242824, mark_ll is -1.5163489803507375, time_ll is 5.616969186658856[0m
[38;20m2026-09-28 17:32:49,605 - tpp_runner.py[pid:24784;line:116:_train_model] - INFO: [ Epoch 33 (valid) ]:  valid loglike is 3.80662849149814, num_events is 52959, mark_ll is -1.510558211895051, time_ll is 5.3171869246728605[0m
[38;20m2026-09-28 17:32:50,283 - tpp_runner.py[pid:24784;line:136:_train_model] - INFO: [ Epoch 33 (test) ]: test loglike is 3.8942465567901126, num_events is 112141, mark_ll is -1.534924442568396, time_ll is 5.4291710254835435[0m
[31;1m2026-09-28 17:32:50,283 - tpp_runner.py[pid:24784;line:140:_train_model] - CRITICAL: current best loglike on valid set is 3.8066 (updated at epoch-33), best updated at this epoch[0m
[38;20m2026-09-28 17:33:01,503 - tpp_runner.py[pid:24784;line:104:_train_model] - INFO: [ Epoch 34 (train) ]: train loglike is 4.112300681898206, num_events is 242824, mark_ll is -1.5158306088270208, time_ll is 5.62813125453003[0m
[38;20m2026-09-28 17:33:01,814 - tpp_runner.py[pid:24784;line:116:_train_model] - INFO: [ Epoch 34 (valid) ]:  valid loglike is 3.822551260172964, num_events is 52959, mark_ll is -1.5128798044241771, time_ll is 5.335431064597141[0m
[38;20m2026-09-28 17:33:02,501 - tpp_runner.py[pid:24784;line:136:_train_model] - INFO: [ Epoch 34 (test) ]: test loglike is 3.915106299630599, num_events is 112141, mark_ll is -1.5377960366998913, time_ll is 5.452902345038835[0m
[31;1m2026-09-28 17:33:02,501 - tpp_runner.py[pid:24784;line:140:_train_model] - CRITICAL: current best loglike on valid set is 3.8226 (updated at epoch-34), best updated at this epoch[0m
[38;20m2026-09-28 17:33:13,746 - tpp_runner.py[pid:24784;line:104:_train_model] - INFO: [ Epoch 35 (train) ]: train loglike is 4.124582878507169, num_events is 242824, mark_ll is -1.5155149987748329, time_ll is 5.640097853151872[0m
[38;20m2026-09-28 17:33:14,056 - tpp_runner.py[pid:24784;line:116:_train_model] - INFO: [ Epoch 35 (valid) ]:  valid loglike is 3.8316695683807285, num_events is 52959, mark_ll is -1.5104296945071896, time_ll is 5.342099179908042[0m
[38;20m2026-09-28 17:33:14,762 - tpp_runner.py[pid:24784;line:136:_train_model] - INFO: [ Epoch 35 (test) ]: test loglike is 3.928788624644421, num_events is 112141, mark_ll is -1.535808609529521, time_ll is 5.464597269007321[0m
[31;1m2026-09-28 17:33:14,763 - tpp_runner.py[pid:24784;line:140:_train_model] - CRITICAL: current best loglike on valid set is 3.8317 (updated at epoch-35), best updated at this epoch[0m
[38;20m2026-09-28 17:33:25,910 - tpp_runner.py[pid:24784;line:104:_train_model] - INFO: [ Epoch 36 (train) ]: train loglike is 4.1376014623760415, num_events is 242824, mark_ll is -1.5145659566895673, time_ll is 5.652167374827036[0m
[38;20m2026-09-28 17:33:26,267 - tpp_runner.py[pid:24784;line:116:_train_model] - INFO: [ Epoch 36 (valid) ]:  valid loglike is 3.8408332389206743, num_events is 52959, mark_ll is -1.512097248874129, time_ll is 5.352930524674749[0m
[38;20m2026-09-28 17:33:26,929 - tpp_runner.py[pid:24784;line:136:_train_model] - INFO: [ Epoch 36 (test) ]: test loglike is 3.9350517533451193, num_events is 112141, mark_ll is -1.5372207547306516, time_ll is 5.472272420992322[0m
[31;1m2026-09-28 17:33:26,929 - tpp_runner.py[pid:24784;line:140:_train_model] - CRITICAL: current best loglike on valid set is 3.8408 (updated at epoch-36), best updated at this epoch[0m
[38;20m2026-09-28 17:33:38,193 - tpp_runner.py[pid:24784;line:104:_train_model] - INFO: [ Epoch 37 (train) ]: train loglike is 4.150887866572085, num_events is 242824, mark_ll is -1.5142861115136375, time_ll is 5.665173966020657[0m
[38;20m2026-09-28 17:33:38,524 - tpp_runner.py[pid:24784;line:116:_train_model] - INFO: [ Epoch 37 (valid) ]:  valid loglike is 3.852278339729791, num_events is 52959, mark_ll is -1.5106039245867087, time_ll is 5.362882098356748[0m
[38;20m2026-09-28 17:33:39,230 - tpp_runner.py[pid:24784;line:136:_train_model] - INFO: [ Epoch 37 (test) ]: test loglike is 3.9453915717712524, num_events is 112141, mark_ll is -1.5359434930829268, time_ll is 5.4813350213124545[0m
[31;1m2026-09-28 17:33:39,230 - tpp_runner.py[pid:24784;line:140:_train_model] - CRITICAL: current best loglike on valid set is 3.8523 (updated at epoch-37), best updated at this epoch[0m
[38;20m2026-09-28 17:33:50,629 - tpp_runner.py[pid:24784;line:104:_train_model] - INFO: [ Epoch 38 (train) ]: train loglike is 4.160321597702966, num_events is 242824, mark_ll is -1.5137102861473228, time_ll is 5.674031895915355[0m
[38;20m2026-09-28 17:33:50,951 - tpp_runner.py[pid:24784;line:116:_train_model] - INFO: [ Epoch 38 (valid) ]:  valid loglike is 3.8736778170967163, num_events is 52959, mark_ll is -1.5095583597098698, time_ll is 5.383236398086256[0m
[38;20m2026-09-28 17:33:51,591 - tpp_runner.py[pid:24784;line:136:_train_model] - INFO: [ Epoch 38 (test) ]: test loglike is 3.9556428089135554, num_events is 112141, mark_ll is -1.534691346301754, time_ll is 5.490334068131861[0m
[31;1m2026-09-28 17:33:51,591 - tpp_runner.py[pid:24784;line:140:_train_model] - CRITICAL: current best loglike on valid set is 3.8737 (updated at epoch-38), best updated at this epoch[0m
[38;20m2026-09-28 17:34:03,080 - tpp_runner.py[pid:24784;line:104:_train_model] - INFO: [ Epoch 39 (train) ]: train loglike is 4.170750173929986, num_events is 242824, mark_ll is -1.513027733210319, time_ll is 5.683777878988486[0m
[38;20m2026-09-28 17:34:03,417 - tpp_runner.py[pid:24784;line:116:_train_model] - INFO: [ Epoch 39 (valid) ]:  valid loglike is 3.869458530124719, num_events is 52959, mark_ll is -1.5081802483702014, time_ll is 5.377638833814838[0m
[38;20m2026-09-28 17:34:04,123 - tpp_runner.py[pid:24784;line:136:_train_model] - INFO: [ Epoch 39 (test) ]: test loglike is 3.967450227280834, num_events is 112141, mark_ll is -1.5333918174162438, time_ll is 5.500842027280388[0m
[31;1m2026-09-28 17:34:04,123 - tpp_runner.py[pid:24784;line:140:_train_model] - CRITICAL: current best loglike on valid set is 3.8737 (updated at epoch-38)[0m
[38;20m2026-09-28 17:34:15,460 - tpp_runner.py[pid:24784;line:104:_train_model] - INFO: [ Epoch 40 (train) ]: train loglike is 4.188170407437589, num_events is 242824, mark_ll is -1.513070093655796, time_ll is 5.701240485006631[0m
[38;20m2026-09-28 17:34:15,775 - tpp_runner.py[pid:24784;line:116:_train_model] - INFO: [ Epoch 40 (valid) ]:  valid loglike is 3.892235731591892, num_events is 52959, mark_ll is -1.5092900027910743, time_ll is 5.401525679063049[0m
[38;20m2026-09-28 17:34:16,466 - tpp_runner.py[pid:24784;line:136:_train_model] - INFO: [ Epoch 40 (test) ]: test loglike is 3.9813399676523304, num_events is 112141, mark_ll is -1.5349432264682408, time_ll is 5.516283350870779[0m
[31;1m2026-09-28 17:34:16,466 - tpp_runner.py[pid:24784;line:140:_train_model] - CRITICAL: current best loglike on valid set is 3.8922 (updated at epoch-40), best updated at this epoch[0m
[38;20m2026-09-28 17:34:27,894 - tpp_runner.py[pid:24784;line:104:_train_model] - INFO: [ Epoch 41 (train) ]: train loglike is 4.196602955291178, num_events is 242824, mark_ll is -1.5135262818311823, time_ll is 5.710129333642885[0m
[38;20m2026-09-28 17:34:28,240 - tpp_runner.py[pid:24784;line:116:_train_model] - INFO: [ Epoch 41 (valid) ]:  valid loglike is 3.888748253365811, num_events is 52959, mark_ll is -1.509706137648936, time_ll is 5.398454391014747[0m
[38;20m2026-09-28 17:34:28,949 - tpp_runner.py[pid:24784;line:136:_train_model] - INFO: [ Epoch 41 (test) ]: test loglike is 3.984958650688642, num_events is 112141, mark_ll is -1.5348141600891958, time_ll is 5.519772732402734[0m
[31;1m2026-09-28 17:34:28,949 - tpp_runner.py[pid:24784;line:140:_train_model] - CRITICAL: current best loglike on valid set is 3.8922 (updated at epoch-40)[0m
[38;20m2026-09-28 17:34:40,144 - tpp_runner.py[pid:24784;line:104:_train_model] - INFO: [ Epoch 42 (train) ]: train loglike is 4.204253823628431, num_events is 242824, mark_ll is -1.5135308745995042, time_ll is 5.717784810835214[0m
[38;20m2026-09-28 17:34:40,455 - tpp_runner.py[pid:24784;line:116:_train_model] - INFO: [ Epoch 42 (valid) ]:  valid loglike is 3.9056419234690987, num_events is 52959, mark_ll is -1.5099836500140438, time_ll is 5.415625545823184[0m
[38;20m2026-09-28 17:34:41,117 - tpp_runner.py[pid:24784;line:136:_train_model] - INFO: [ Epoch 42 (test) ]: test loglike is 4.001136195169474, num_events is 112141, mark_ll is -1.5354604063606307, time_ll is 5.53659662765514[0m
[31;1m2026-09-28 17:34:41,117 - tpp_runner.py[pid:24784;line:140:_train_model] - CRITICAL: current best loglike on valid set is 3.9056 (updated at epoch-42), best updated at this epoch[0m
[38;20m2026-09-28 17:34:52,508 - tpp_runner.py[pid:24784;line:104:_train_model] - INFO: [ Epoch 43 (train) ]: train loglike is 4.218856068013767, num_events is 242824, mark_ll is -1.5134919044374733, time_ll is 5.732347956364486[0m
[38;20m2026-09-28 17:34:52,832 - tpp_runner.py[pid:24784;line:116:_train_model] - INFO: [ Epoch 43 (valid) ]:  valid loglike is 3.911396559425688, num_events is 52959, mark_ll is -1.5092238770499349, time_ll is 5.42062056555543[0m
[38;20m2026-09-28 17:34:53,517 - tpp_runner.py[pid:24784;line:136:_train_model] - INFO: [ Epoch 43 (test) ]: test loglike is 4.011589988413025, num_events is 112141, mark_ll is -1.5346304749712416, time_ll is 5.546220463384266[0m
[31;1m2026-09-28 17:34:53,688 - tpp_runner.py[pid:24784;line:140:_train_model] - CRITICAL: current best loglike on valid set is 3.9114 (updated at epoch-43), best updated at this epoch[0m
[38;20m2026-09-28 17:35:05,089 - tpp_runner.py[pid:24784;line:104:_train_model] - INFO: [ Epoch 44 (train) ]: train loglike is 4.223485449788221, num_events is 242824, mark_ll is -1.513109357401091, time_ll is 5.736594843384509[0m
[38;20m2026-09-28 17:35:05,405 - tpp_runner.py[pid:24784;line:116:_train_model] - INFO: [ Epoch 44 (valid) ]:  valid loglike is 3.9144854760876338, num_events is 52959, mark_ll is -1.5090451937170737, time_ll is 5.42353061448479[0m
[38;20m2026-09-28 17:35:06,087 - tpp_runner.py[pid:24784;line:136:_train_model] - INFO: [ Epoch 44 (test) ]: test loglike is 4.014840656795909, num_events is 112141, mark_ll is -1.5343880172338842, time_ll is 5.549228726279862[0m
[31;1m2026-09-28 17:35:06,087 - tpp_runner.py[pid:24784;line:140:_train_model] - CRITICAL: current best loglike on valid set is 3.9145 (updated at epoch-44), best updated at this epoch[0m
[38;20m2026-09-28 17:35:17,426 - tpp_runner.py[pid:24784;line:104:_train_model] - INFO: [ Epoch 45 (train) ]: train loglike is 4.235982718257359, num_events is 242824, mark_ll is -1.5132371626414605, time_ll is 5.749219905028951[0m
[38;20m2026-09-28 17:35:17,792 - tpp_runner.py[pid:24784;line:116:_train_model] - INFO: [ Epoch 45 (valid) ]:  valid loglike is 3.9253619619068525, num_events is 52959, mark_ll is -1.5066954802299892, time_ll is 5.432057294617063[0m
[38;20m2026-09-28 17:35:18,526 - tpp_runner.py[pid:24784;line:136:_train_model] - INFO: [ Epoch 45 (test) ]: test loglike is 4.016796254965847, num_events is 112141, mark_ll is -1.5320988546227516, time_ll is 5.548895231505426[0m
[31;1m2026-09-28 17:35:18,527 - tpp_runner.py[pid:24784;line:140:_train_model] - CRITICAL: current best loglike on valid set is 3.9254 (updated at epoch-45), best updated at this epoch[0m
[38;20m2026-09-28 17:35:30,054 - tpp_runner.py[pid:24784;line:104:_train_model] - INFO: [ Epoch 46 (train) ]: train loglike is 4.244697516256631, num_events is 242824, mark_ll is -1.5128147968667636, time_ll is 5.757512256819754[0m
[38;20m2026-09-28 17:35:30,433 - tpp_runner.py[pid:24784;line:116:_train_model] - INFO: [ Epoch 46 (valid) ]:  valid loglike is 3.9348484426041845, num_events is 52959, mark_ll is -1.5091437277097612, time_ll is 5.4439921979739045[0m
[38;20m2026-09-28 17:35:31,108 - tpp_runner.py[pid:24784;line:136:_train_model] - INFO: [ Epoch 46 (test) ]: test loglike is 4.030689948925906, num_events is 112141, mark_ll is -1.534788383388435, time_ll is 5.565478341022685[0m
[31;1m2026-09-28 17:35:31,108 - tpp_runner.py[pid:24784;line:140:_train_model] - CRITICAL: current best loglike on valid set is 3.9348 (updated at epoch-46), best updated at this epoch[0m
[38;20m2026-09-28 17:35:42,676 - tpp_runner.py[pid:24784;line:104:_train_model] - INFO: [ Epoch 47 (train) ]: train loglike is 4.248193505764463, num_events is 242824, mark_ll is -1.5120586832245269, time_ll is 5.760251991926251[0m
[38;20m2026-09-28 17:35:42,988 - tpp_runner.py[pid:24784;line:116:_train_model] - INFO: [ Epoch 47 (valid) ]:  valid loglike is 3.945304349532185, num_events is 52959, mark_ll is -1.5071931197659982, time_ll is 5.452497487738156[0m
[38;20m2026-09-28 17:35:43,692 - tpp_runner.py[pid:24784;line:136:_train_model] - INFO: [ Epoch 47 (test) ]: test loglike is 4.029141465877779, num_events is 112141, mark_ll is -1.5331285206096565, time_ll is 5.56227004744585[0m
[31;1m2026-09-28 17:35:44,539 - tpp_runner.py[pid:24784;line:140:_train_model] - CRITICAL: current best loglike on valid set is 3.9453 (updated at epoch-47), best updated at this epoch[0m
[38;20m2026-09-28 17:35:55,949 - tpp_runner.py[pid:24784;line:104:_train_model] - INFO: [ Epoch 48 (train) ]: train loglike is 4.257580561178055, num_events is 242824, mark_ll is -1.5113232893216897, time_ll is 5.768903914846762[0m
[38;20m2026-09-28 17:35:56,290 - tpp_runner.py[pid:24784;line:116:_train_model] - INFO: [ Epoch 48 (valid) ]:  valid loglike is 3.950031436465001, num_events is 52959, mark_ll is -1.508956497449678, time_ll is 5.458987878594762[0m
[38;20m2026-09-28 17:35:57,038 - tpp_runner.py[pid:24784;line:136:_train_model] - INFO: [ Epoch 48 (test) ]: test loglike is 4.0449800293269185, num_events is 112141, mark_ll is -1.533932100547525, time_ll is 5.578912269207962[0m
[31;1m2026-09-28 17:35:57,038 - tpp_runner.py[pid:24784;line:140:_train_model] - CRITICAL: current best loglike on valid set is 3.9500 (updated at epoch-48), best updated at this epoch[0m
[38;20m2026-09-28 17:36:08,563 - tpp_runner.py[pid:24784;line:104:_train_model] - INFO: [ Epoch 49 (train) ]: train loglike is 4.258982883757886, num_events is 242824, mark_ll is -1.5130861844316768, time_ll is 5.772069080254629[0m
[38;20m2026-09-28 17:36:08,875 - tpp_runner.py[pid:24784;line:116:_train_model] - INFO: [ Epoch 49 (valid) ]:  valid loglike is 3.9418392574326364, num_events is 52959, mark_ll is -1.5104184276840338, time_ll is 5.4522578418564365[0m
[38;20m2026-09-28 17:36:09,551 - tpp_runner.py[pid:24784;line:136:_train_model] - INFO: [ Epoch 49 (test) ]: test loglike is 4.044953521125191, num_events is 112141, mark_ll is -1.5354731727941833, time_ll is 5.580426685211029[0m
[31;1m2026-09-28 17:36:09,551 - tpp_runner.py[pid:24784;line:140:_train_model] - CRITICAL: current best loglike on valid set is 3.9500 (updated at epoch-48)[0m
[38;20m2026-09-28 17:36:20,811 - tpp_runner.py[pid:24784;line:104:_train_model] - INFO: [ Epoch 50 (train) ]: train loglike is 4.264789671158431, num_events is 242824, mark_ll is -1.5129968225121384, time_ll is 5.777786537909144[0m
[38;20m2026-09-28 17:36:21,137 - tpp_runner.py[pid:24784;line:116:_train_model] - INFO: [ Epoch 50 (valid) ]:  valid loglike is 3.9488622315730093, num_events is 52959, mark_ll is -1.5077391642296398, time_ll is 5.456601488002511[0m
[38;20m2026-09-28 17:36:21,876 - tpp_runner.py[pid:24784;line:136:_train_model] - INFO: [ Epoch 50 (test) ]: test loglike is 4.050396288907492, num_events is 112141, mark_ll is -1.5332519178562034, time_ll is 5.583648145805281[0m
[31;1m2026-09-28 17:36:21,876 - tpp_runner.py[pid:24784;line:140:_train_model] - CRITICAL: current best loglike on valid set is 3.9500 (updated at epoch-48)[0m
[38;20m2026-09-28 17:36:33,175 - tpp_runner.py[pid:24784;line:104:_train_model] - INFO: [ Epoch 51 (train) ]: train loglike is 4.274795511615409, num_events is 242824, mark_ll is -1.5131651623513842, time_ll is 5.787960718205367[0m
[38;20m2026-09-28 17:36:33,488 - tpp_runner.py[pid:24784;line:116:_train_model] - INFO: [ Epoch 51 (valid) ]:  valid loglike is 3.9577491181267583, num_events is 52959, mark_ll is -1.5108431279090901, time_ll is 5.468592301355765[0m
[38;20m2026-09-28 17:36:34,186 - tpp_runner.py[pid:24784;line:136:_train_model] - INFO: [ Epoch 51 (test) ]: test loglike is 4.0612638678650095, num_events is 112141, mark_ll is -1.5359341925706254, time_ll is 5.597197982060531[0m
[31;1m2026-09-28 17:36:34,186 - tpp_runner.py[pid:24784;line:140:_train_model] - CRITICAL: current best loglike on valid set is 3.9577 (updated at epoch-51), best updated at this epoch[0m
[38;20m2026-09-28 17:36:45,634 - tpp_runner.py[pid:24784;line:104:_train_model] - INFO: [ Epoch 52 (train) ]: train loglike is 4.2790126300967986, num_events is 242824, mark_ll is -1.512838002009686, time_ll is 5.791850527542582[0m
[38;20m2026-09-28 17:36:45,971 - tpp_runner.py[pid:24784;line:116:_train_model] - INFO: [ Epoch 52 (valid) ]:  valid loglike is 3.9605349185218754, num_events is 52959, mark_ll is -1.509558617869484, time_ll is 5.470093647031194[0m
[38;20m2026-09-28 17:36:46,681 - tpp_runner.py[pid:24784;line:136:_train_model] - INFO: [ Epoch 52 (test) ]: test loglike is 4.076625335933111, num_events is 112141, mark_ll is -1.535089779203748, time_ll is 5.611715141261893[0m
[31;1m2026-09-28 17:36:47,207 - tpp_runner.py[pid:24784;line:140:_train_model] - CRITICAL: current best loglike on valid set is 3.9605 (updated at epoch-52), best updated at this epoch[0m
[38;20m2026-09-28 17:36:58,620 - tpp_runner.py[pid:24784;line:104:_train_model] - INFO: [ Epoch 53 (train) ]: train loglike is 4.290141502950696, num_events is 242824, mark_ll is -1.512122390792817, time_ll is 5.802263885700136[0m
[38;20m2026-09-28 17:36:58,947 - tpp_runner.py[pid:24784;line:116:_train_model] - INFO: [ Epoch 53 (valid) ]:  valid loglike is 3.9730171202604847, num_events is 52959, mark_ll is -1.5082795476217452, time_ll is 5.481296409722615[0m
[38;20m2026-09-28 17:36:59,642 - tpp_runner.py[pid:24784;line:136:_train_model] - INFO: [ Epoch 53 (test) ]: test loglike is 4.072026093266513, num_events is 112141, mark_ll is -1.5334615364251256, time_ll is 5.6054876296916385[0m
[31;1m2026-09-28 17:36:59,642 - tpp_runner.py[pid:24784;line:140:_train_model] - CRITICAL: current best loglike on valid set is 3.9730 (updated at epoch-53), best updated at this epoch[0m
[38;20m2026-09-28 17:37:11,236 - tpp_runner.py[pid:24784;line:104:_train_model] - INFO: [ Epoch 54 (train) ]: train loglike is 4.299104720651583, num_events is 242824, mark_ll is -1.5116888366805794, time_ll is 5.810793468855015[0m
[38;20m2026-09-28 17:37:11,591 - tpp_runner.py[pid:24784;line:116:_train_model] - INFO: [ Epoch 54 (valid) ]:  valid loglike is 3.985979166961706, num_events is 52959, mark_ll is -1.5060855043819275, time_ll is 5.492064689783606[0m
[38;20m2026-09-28 17:37:12,272 - tpp_runner.py[pid:24784;line:136:_train_model] - INFO: [ Epoch 54 (test) ]: test loglike is 4.07773014622774, num_events is 112141, mark_ll is -1.530940270298664, time_ll is 5.608670425234749[0m
[31;1m2026-09-28 17:37:12,272 - tpp_runner.py[pid:24784;line:140:_train_model] - CRITICAL: current best loglike on valid set is 3.9860 (updated at epoch-54), best updated at this epoch[0m
[38;20m2026-09-28 17:37:23,735 - tpp_runner.py[pid:24784;line:104:_train_model] - INFO: [ Epoch 55 (train) ]: train loglike is 4.302556624409552, num_events is 242824, mark_ll is -1.5101559540037228, time_ll is 5.812712666890422[0m
[38;20m2026-09-28 17:37:24,051 - tpp_runner.py[pid:24784;line:116:_train_model] - INFO: [ Epoch 55 (valid) ]:  valid loglike is 3.990750509828358, num_events is 52959, mark_ll is -1.5071727804764063, time_ll is 5.497923364064654[0m
[38;20m2026-09-28 17:37:24,786 - tpp_runner.py[pid:24784;line:136:_train_model] - INFO: [ Epoch 55 (test) ]: test loglike is 4.091120637188896, num_events is 112141, mark_ll is -1.5324483814600591, time_ll is 5.62356904477399[0m
[31;1m2026-09-28 17:37:24,786 - tpp_runner.py[pid:24784;line:140:_train_model] - CRITICAL: current best loglike on valid set is 3.9908 (updated at epoch-55), best updated at this epoch[0m
[38;20m2026-09-28 17:37:36,387 - tpp_runner.py[pid:24784;line:104:_train_model] - INFO: [ Epoch 56 (train) ]: train loglike is 4.312969218446282, num_events is 242824, mark_ll is -1.5103413136289041, time_ll is 5.823310540118563[0m
[38;20m2026-09-28 17:37:36,711 - tpp_runner.py[pid:24784;line:116:_train_model] - INFO: [ Epoch 56 (valid) ]:  valid loglike is 3.9924354069893693, num_events is 52959, mark_ll is -1.5070208351035708, time_ll is 5.49945624209294[0m
[38;20m2026-09-28 17:37:37,423 - tpp_runner.py[pid:24784;line:136:_train_model] - INFO: [ Epoch 56 (test) ]: test loglike is 4.087555998140734, num_events is 112141, mark_ll is -1.5318993464422022, time_ll is 5.619455292332867[0m
[31;1m2026-09-28 17:37:37,423 - tpp_runner.py[pid:24784;line:140:_train_model] - CRITICAL: current best loglike on valid set is 3.9924 (updated at epoch-56), best updated at this epoch[0m
[38;20m2026-09-28 17:37:49,009 - tpp_runner.py[pid:24784;line:104:_train_model] - INFO: [ Epoch 57 (train) ]: train loglike is 4.315374131894397, num_events is 242824, mark_ll is -1.5102392110000453, time_ll is 5.8256133589811965[0m
[38;20m2026-09-28 17:37:49,432 - tpp_runner.py[pid:24784;line:116:_train_model] - INFO: [ Epoch 57 (valid) ]:  valid loglike is 3.9985273100417302, num_events is 52959, mark_ll is -1.507818437671123, time_ll is 5.506345637073019[0m
[38;20m2026-09-28 17:37:50,100 - tpp_runner.py[pid:24784;line:136:_train_model] - INFO: [ Epoch 57 (test) ]: test loglike is 4.100875812175074, num_events is 112141, mark_ll is -1.5330308478138013, time_ll is 5.633906633863841[0m
[31;1m2026-09-28 17:37:50,100 - tpp_runner.py[pid:24784;line:140:_train_model] - CRITICAL: current best loglike on valid set is 3.9985 (updated at epoch-57), best updated at this epoch[0m
[38;20m2026-09-28 17:38:01,539 - tpp_runner.py[pid:24784;line:104:_train_model] - INFO: [ Epoch 58 (train) ]: train loglike is 4.323403811119371, num_events is 242824, mark_ll is -1.5104330322579316, time_ll is 5.83383687555081[0m
[38;20m2026-09-28 17:38:01,857 - tpp_runner.py[pid:24784;line:116:_train_model] - INFO: [ Epoch 58 (valid) ]:  valid loglike is 4.009229021802243, num_events is 52959, mark_ll is -1.506536970226968, time_ll is 5.515766028909156[0m
[38;20m2026-09-28 17:38:02,530 - tpp_runner.py[pid:24784;line:136:_train_model] - INFO: [ Epoch 58 (test) ]: test loglike is 4.104138637407371, num_events is 112141, mark_ll is -1.5316175705278399, time_ll is 5.635756112143418[0m
[31;1m2026-09-28 17:38:02,530 - tpp_runner.py[pid:24784;line:140:_train_model] - CRITICAL: current best loglike on valid set is 4.0092 (updated at epoch-58), best updated at this epoch[0m
[38;20m2026-09-28 17:38:14,159 - tpp_runner.py[pid:24784;line:104:_train_model] - INFO: [ Epoch 59 (train) ]: train loglike is 4.324252033494424, num_events is 242824, mark_ll is -1.5096580488530273, time_ll is 5.833910150716156[0m
[38;20m2026-09-28 17:38:14,506 - tpp_runner.py[pid:24784;line:116:_train_model] - INFO: [ Epoch 59 (valid) ]:  valid loglike is 4.008259595571574, num_events is 52959, mark_ll is -1.5079427784052286, time_ll is 5.516202023617327[0m
[38;20m2026-09-28 17:38:15,354 - tpp_runner.py[pid:24784;line:136:_train_model] - INFO: [ Epoch 59 (test) ]: test loglike is 4.10849615383758, num_events is 112141, mark_ll is -1.5331947127388734, time_ll is 5.641690796909694[0m
[31;1m2026-09-28 17:38:15,354 - tpp_runner.py[pid:24784;line:140:_train_model] - CRITICAL: current best loglike on valid set is 4.0092 (updated at epoch-58)[0m
[38;20m2026-09-28 17:38:26,863 - tpp_runner.py[pid:24784;line:104:_train_model] - INFO: [ Epoch 60 (train) ]: train loglike is 4.3311895347170175, num_events is 242824, mark_ll is -1.509855292567868, time_ll is 5.841044899675279[0m
[38;20m2026-09-28 17:38:27,221 - tpp_runner.py[pid:24784;line:116:_train_model] - INFO: [ Epoch 60 (valid) ]:  valid loglike is 4.019793134488472, num_events is 52959, mark_ll is -1.5061198027306502, time_ll is 5.525912881899205[0m
[38;20m2026-09-28 17:38:27,943 - tpp_runner.py[pid:24784;line:136:_train_model] - INFO: [ Epoch 60 (test) ]: test loglike is 4.10882471968883, num_events is 112141, mark_ll is -1.5313105055800287, time_ll is 5.6401351730187885[0m
[31;1m2026-09-28 17:38:27,943 - tpp_runner.py[pid:24784;line:140:_train_model] - CRITICAL: current best loglike on valid set is 4.0198 (updated at epoch-60), best updated at this epoch[0m
[38;20m2026-09-28 17:38:39,442 - tpp_runner.py[pid:24784;line:104:_train_model] - INFO: [ Epoch 61 (train) ]: train loglike is 4.340849027356233, num_events is 242824, mark_ll is -1.5095778764918213, time_ll is 5.8504268716745464[0m
[38;20m2026-09-28 17:38:39,764 - tpp_runner.py[pid:24784;line:116:_train_model] - INFO: [ Epoch 61 (valid) ]:  valid loglike is 4.014551978004211, num_events is 52959, mark_ll is -1.5065954802594932, time_ll is 5.521147329183897[0m
[38;20m2026-09-28 17:38:40,444 - tpp_runner.py[pid:24784;line:136:_train_model] - INFO: [ Epoch 61 (test) ]: test loglike is 4.118350220787892, num_events is 112141, mark_ll is -1.5317799202009077, time_ll is 5.65013012357211[0m
[31;1m2026-09-28 17:38:40,444 - tpp_runner.py[pid:24784;line:140:_train_model] - CRITICAL: current best loglike on valid set is 4.0198 (updated at epoch-60)[0m
[38;20m2026-09-28 17:38:51,704 - tpp_runner.py[pid:24784;line:104:_train_model] - INFO: [ Epoch 62 (train) ]: train loglike is 4.335772538379135, num_events is 242824, mark_ll is -1.5087619965360715, time_ll is 5.844534567088714[0m
[38;20m2026-09-28 17:38:52,029 - tpp_runner.py[pid:24784;line:116:_train_model] - INFO: [ Epoch 62 (valid) ]:  valid loglike is 4.022215556786854, num_events is 52959, mark_ll is -1.5065271601616346, time_ll is 5.528742606308654[0m
[38;20m2026-09-28 17:38:52,737 - tpp_runner.py[pid:24784;line:136:_train_model] - INFO: [ Epoch 62 (test) ]: test loglike is 4.1255732180915095, num_events is 112141, mark_ll is -1.5317859202505104, time_ll is 5.657359199300434[0m
[31;1m2026-09-28 17:38:52,737 - tpp_runner.py[pid:24784;line:140:_train_model] - CRITICAL: current best loglike on valid set is 4.0222 (updated at epoch-62), best updated at this epoch[0m
[38;20m2026-09-28 17:39:04,077 - tpp_runner.py[pid:24784;line:104:_train_model] - INFO: [ Epoch 63 (train) ]: train loglike is 4.345998437590086, num_events is 242824, mark_ll is -1.5085614349281784, time_ll is 5.854559848388133[0m
[38;20m2026-09-28 17:39:04,391 - tpp_runner.py[pid:24784;line:116:_train_model] - INFO: [ Epoch 63 (valid) ]:  valid loglike is 4.020302852206424, num_events is 52959, mark_ll is -1.50600407346367, time_ll is 5.526306980990011[0m
[38;20m2026-09-28 17:39:05,076 - tpp_runner.py[pid:24784;line:136:_train_model] - INFO: [ Epoch 63 (test) ]: test loglike is 4.126962617095888, num_events is 112141, mark_ll is -1.531080326608912, time_ll is 5.658042978538179[0m
[31;1m2026-09-28 17:39:05,076 - tpp_runner.py[pid:24784;line:140:_train_model] - CRITICAL: current best loglike on valid set is 4.0222 (updated at epoch-62)[0m
[38;20m2026-09-28 17:39:16,199 - tpp_runner.py[pid:24784;line:104:_train_model] - INFO: [ Epoch 64 (train) ]: train loglike is 4.344720401273144, num_events is 242824, mark_ll is -1.5085184712294193, time_ll is 5.853238948914646[0m
[38;20m2026-09-28 17:39:16,554 - tpp_runner.py[pid:24784;line:116:_train_model] - INFO: [ Epoch 64 (valid) ]:  valid loglike is 4.023018101267018, num_events is 52959, mark_ll is -1.5047139392324722, time_ll is 5.527732095819408[0m
[38;20m2026-09-28 17:39:17,309 - tpp_runner.py[pid:24784;line:136:_train_model] - INFO: [ Epoch 64 (test) ]: test loglike is 4.124318693932192, num_events is 112141, mark_ll is -1.5300818016631963, time_ll is 5.654400452053665[0m
[31;1m2026-09-28 17:39:17,309 - tpp_runner.py[pid:24784;line:140:_train_model] - CRITICAL: current best loglike on valid set is 4.0230 (updated at epoch-64), best updated at this epoch[0m
[38;20m2026-09-28 17:39:28,604 - tpp_runner.py[pid:24784;line:104:_train_model] - INFO: [ Epoch 65 (train) ]: train loglike is 4.354450048247394, num_events is 242824, mark_ll is -1.5083963043963942, time_ll is 5.8628463124269015[0m
[38;20m2026-09-28 17:39:28,942 - tpp_runner.py[pid:24784;line:116:_train_model] - INFO: [ Epoch 65 (valid) ]:  valid loglike is 4.040332682181027, num_events is 52959, mark_ll is -1.5046657924644535, time_ll is 5.5449984377655355[0m
[38;20m2026-09-28 17:39:29,588 - tpp_runner.py[pid:24784;line:136:_train_model] - INFO: [ Epoch 65 (test) ]: test loglike is 4.1304852819218665, num_events is 112141, mark_ll is -1.5299622099633496, time_ll is 5.660447474468526[0m
[31;1m2026-09-28 17:39:29,588 - tpp_runner.py[pid:24784;line:140:_train_model] - CRITICAL: current best loglike on valid set is 4.0403 (updated at epoch-65), best updated at this epoch[0m
[38;20m2026-09-28 17:39:40,903 - tpp_runner.py[pid:24784;line:104:_train_model] - INFO: [ Epoch 66 (train) ]: train loglike is 4.36127757237495, num_events is 242824, mark_ll is -1.5084267646654572, time_ll is 5.869704272693391[0m
[38;20m2026-09-28 17:39:41,249 - tpp_runner.py[pid:24784;line:116:_train_model] - INFO: [ Epoch 66 (valid) ]:  valid loglike is 4.045045680974905, num_events is 52959, mark_ll is -1.5057644460219226, time_ll is 5.550810053236938[0m
[38;20m2026-09-28 17:39:41,959 - tpp_runner.py[pid:24784;line:136:_train_model] - INFO: [ Epoch 66 (test) ]: test loglike is 4.132372641501547, num_events is 112141, mark_ll is -1.531043481601845, time_ll is 5.663416201478496[0m
[31;1m2026-09-28 17:39:41,959 - tpp_runner.py[pid:24784;line:140:_train_model] - CRITICAL: current best loglike on valid set is 4.0450 (updated at epoch-66), best updated at this epoch[0m
[38;20m2026-09-28 17:39:53,661 - tpp_runner.py[pid:24784;line:104:_train_model] - INFO: [ Epoch 67 (train) ]: train loglike is 4.357786014767898, num_events is 242824, mark_ll is -1.5084184236834086, time_ll is 5.866204358017535[0m
[38;20m2026-09-28 17:39:53,972 - tpp_runner.py[pid:24784;line:116:_train_model] - INFO: [ Epoch 67 (valid) ]:  valid loglike is 4.040187485838101, num_events is 52959, mark_ll is -1.5052084163132093, time_ll is 5.545395819171435[0m
[38;20m2026-09-28 17:39:54,642 - tpp_runner.py[pid:24784;line:136:_train_model] - INFO: [ Epoch 67 (test) ]: test loglike is 4.145343790824721, num_events is 112141, mark_ll is -1.5304162891889452, time_ll is 5.675760193222149[0m
[31;1m2026-09-28 17:39:54,642 - tpp_runner.py[pid:24784;line:140:_train_model] - CRITICAL: current best loglike on valid set is 4.0450 (updated at epoch-66)[0m
[38;20m2026-09-28 17:40:06,229 - tpp_runner.py[pid:24784;line:104:_train_model] - INFO: [ Epoch 68 (train) ]: train loglike is 4.361850140173542, num_events is 242824, mark_ll is -1.5080677324420155, time_ll is 5.869917888702311[0m
[38;20m2026-09-28 17:40:06,560 - tpp_runner.py[pid:24784;line:116:_train_model] - INFO: [ Epoch 68 (valid) ]:  valid loglike is 4.046324161143526, num_events is 52959, mark_ll is -1.505238740847873, time_ll is 5.551562920431372[0m
[38;20m2026-09-28 17:40:07,220 - tpp_runner.py[pid:24784;line:136:_train_model] - INFO: [ Epoch 68 (test) ]: test loglike is 4.147454571699914, num_events is 112141, mark_ll is -1.5311236332078588, time_ll is 5.678578196199427[0m
[31;1m2026-09-28 17:40:07,220 - tpp_runner.py[pid:24784;line:140:_train_model] - CRITICAL: current best loglike on valid set is 4.0463 (updated at epoch-68), best updated at this epoch[0m
[38;20m2026-09-28 17:40:18,539 - tpp_runner.py[pid:24784;line:104:_train_model] - INFO: [ Epoch 69 (train) ]: train loglike is 4.372222839059875, num_events is 242824, mark_ll is -1.508862426142494, time_ll is 5.881085233028861[0m
[38;20m2026-09-28 17:40:18,867 - tpp_runner.py[pid:24784;line:116:_train_model] - INFO: [ Epoch 69 (valid) ]:  valid loglike is 4.0425514165439305, num_events is 52959, mark_ll is -1.5053891557029966, time_ll is 5.547940609126872[0m
[38;20m2026-09-28 17:40:19,546 - tpp_runner.py[pid:24784;line:136:_train_model] - INFO: [ Epoch 69 (test) ]: test loglike is 4.148537419548827, num_events is 112141, mark_ll is -1.5305846302032708, time_ll is 5.679122049752098[0m
[31;1m2026-09-28 17:40:19,548 - tpp_runner.py[pid:24784;line:140:_train_model] - CRITICAL: current best loglike on valid set is 4.0463 (updated at epoch-68)[0m
[38;20m2026-09-28 17:40:30,850 - tpp_runner.py[pid:24784;line:104:_train_model] - INFO: [ Epoch 70 (train) ]: train loglike is 4.369424057522115, num_events is 242824, mark_ll is -1.5081491756568028, time_ll is 5.877573237200606[0m
[38;20m2026-09-28 17:40:31,189 - tpp_runner.py[pid:24784;line:116:_train_model] - INFO: [ Epoch 70 (valid) ]:  valid loglike is 4.050567751999188, num_events is 52959, mark_ll is -1.5042010129593175, time_ll is 5.554768709638588[0m
[38;20m2026-09-28 17:40:31,868 - tpp_runner.py[pid:24784;line:136:_train_model] - INFO: [ Epoch 70 (test) ]: test loglike is 4.153720434820895, num_events is 112141, mark_ll is -1.5297031279956705, time_ll is 5.683423519274841[0m
[31;1m2026-09-28 17:40:31,868 - tpp_runner.py[pid:24784;line:140:_train_model] - CRITICAL: current best loglike on valid set is 4.0506 (updated at epoch-70), best updated at this epoch[0m
[38;20m2026-09-28 17:40:43,208 - tpp_runner.py[pid:24784;line:104:_train_model] - INFO: [ Epoch 71 (train) ]: train loglike is 4.3750043032067465, num_events is 242824, mark_ll is -1.508360744626252, time_ll is 5.883365063919753[0m
[38;20m2026-09-28 17:40:43,519 - tpp_runner.py[pid:24784;line:116:_train_model] - INFO: [ Epoch 71 (valid) ]:  valid loglike is 4.053168562590872, num_events is 52959, mark_ll is -1.5036965690734814, time_ll is 5.556864965704602[0m
[38;20m2026-09-28 17:40:44,997 - tpp_runner.py[pid:24784;line:136:_train_model] - INFO: [ Epoch 71 (test) ]: test loglike is 4.1570311733665655, num_events is 112141, mark_ll is -1.5291771613833254, time_ll is 5.686208273791477[0m
[31;1m2026-09-28 17:40:44,997 - tpp_runner.py[pid:24784;line:140:_train_model] - CRITICAL: current best loglike on valid set is 4.0532 (updated at epoch-71), best updated at this epoch[0m
[38;20m2026-09-28 17:40:56,381 - tpp_runner.py[pid:24784;line:104:_train_model] - INFO: [ Epoch 72 (train) ]: train loglike is 4.375188850450841, num_events is 242824, mark_ll is -1.507642434856367, time_ll is 5.882831273242142[0m
[38;20m2026-09-28 17:40:56,689 - tpp_runner.py[pid:24784;line:116:_train_model] - INFO: [ Epoch 72 (valid) ]:  valid loglike is 4.0583186993712115, num_events is 52959, mark_ll is -1.5042106570648992, time_ll is 5.562529208916332[0m
[38;20m2026-09-28 17:40:57,379 - tpp_runner.py[pid:24784;line:136:_train_model] - INFO: [ Epoch 72 (test) ]: test loglike is 4.1537670070491615, num_events is 112141, mark_ll is -1.5295030624810506, time_ll is 5.683270008571798[0m
[31;1m2026-09-28 17:40:57,379 - tpp_runner.py[pid:24784;line:140:_train_model] - CRITICAL: current best loglike on valid set is 4.0583 (updated at epoch-72), best updated at this epoch[0m
[38;20m2026-09-28 17:41:08,889 - tpp_runner.py[pid:24784;line:104:_train_model] - INFO: [ Epoch 73 (train) ]: train loglike is 4.373260812744004, num_events is 242824, mark_ll is -1.5075206661705083, time_ll is 5.880781579456726[0m
[38;20m2026-09-28 17:41:09,219 - tpp_runner.py[pid:24784;line:116:_train_model] - INFO: [ Epoch 73 (valid) ]:  valid loglike is 4.056302030226213, num_events is 52959, mark_ll is -1.5020330254005456, time_ll is 5.558335000306841[0m
[38;20m2026-09-28 17:41:09,942 - tpp_runner.py[pid:24784;line:136:_train_model] - INFO: [ Epoch 73 (test) ]: test loglike is 4.154783445060237, num_events is 112141, mark_ll is -1.5274255561915357, time_ll is 5.682209245085428[0m
[31;1m2026-09-28 17:41:09,942 - tpp_runner.py[pid:24784;line:140:_train_model] - CRITICAL: current best loglike on valid set is 4.0583 (updated at epoch-72)[0m
[38;20m2026-09-28 17:41:21,809 - tpp_runner.py[pid:24784;line:104:_train_model] - INFO: [ Epoch 74 (train) ]: train loglike is 4.378874140838632, num_events is 242824, mark_ll is -1.5070874498801086, time_ll is 5.885961594740429[0m
[38;20m2026-09-28 17:41:22,139 - tpp_runner.py[pid:24784;line:116:_train_model] - INFO: [ Epoch 74 (valid) ]:  valid loglike is 4.058190762842482, num_events is 52959, mark_ll is -1.5029600765745672, time_ll is 5.5611508578570215[0m
[38;20m2026-09-28 17:41:22,877 - tpp_runner.py[pid:24784;line:136:_train_model] - INFO: [ Epoch 74 (test) ]: test loglike is 4.160825608218671, num_events is 112141, mark_ll is -1.5283103414451449, time_ll is 5.689135775496919[0m
[31;1m2026-09-28 17:41:22,877 - tpp_runner.py[pid:24784;line:140:_train_model] - CRITICAL: current best loglike on valid set is 4.0583 (updated at epoch-72)[0m
[38;20m2026-09-28 17:41:34,267 - tpp_runner.py[pid:24784;line:104:_train_model] - INFO: [ Epoch 75 (train) ]: train loglike is 4.3841731176695875, num_events is 242824, mark_ll is -1.5073768908049143, time_ll is 5.89154998836606[0m
[38;20m2026-09-28 17:41:34,605 - tpp_runner.py[pid:24784;line:116:_train_model] - INFO: [ Epoch 75 (valid) ]:  valid loglike is 4.062755246098397, num_events is 52959, mark_ll is -1.5032821122531108, time_ll is 5.566037303031591[0m
[38;20m2026-09-28 17:41:35,271 - tpp_runner.py[pid:24784;line:136:_train_model] - INFO: [ Epoch 75 (test) ]: test loglike is 4.164597035623679, num_events is 112141, mark_ll is -1.5287899970795695, time_ll is 5.693387050119938[0m
[31;1m2026-09-28 17:41:35,271 - tpp_runner.py[pid:24784;line:140:_train_model] - CRITICAL: current best loglike on valid set is 4.0628 (updated at epoch-75), best updated at this epoch[0m
[38;20m2026-09-28 17:41:47,244 - tpp_runner.py[pid:24784;line:104:_train_model] - INFO: [ Epoch 76 (train) ]: train loglike is 4.386519933804937, num_events is 242824, mark_ll is -1.5076514715905347, time_ll is 5.894171389308718[0m
[38;20m2026-09-28 17:41:47,582 - tpp_runner.py[pid:24784;line:116:_train_model] - INFO: [ Epoch 76 (valid) ]:  valid loglike is 4.059020524721955, num_events is 52959, mark_ll is -1.5026986530854056, time_ll is 5.561718956527692[0m
[38;20m2026-09-28 17:41:48,312 - tpp_runner.py[pid:24784;line:136:_train_model] - INFO: [ Epoch 76 (test) ]: test loglike is 4.166713006672404, num_events is 112141, mark_ll is -1.5283118828221838, time_ll is 5.6950248459528625[0m
[31;1m2026-09-28 17:41:48,312 - tpp_runner.py[pid:24784;line:140:_train_model] - CRITICAL: current best loglike on valid set is 4.0628 (updated at epoch-75)[0m
[38;20m2026-09-28 17:41:59,665 - tpp_runner.py[pid:24784;line:104:_train_model] - INFO: [ Epoch 77 (train) ]: train loglike is 4.386299947441357, num_events is 242824, mark_ll is -1.5073706330575334, time_ll is 5.893670576477201[0m
[38;20m2026-09-28 17:41:59,978 - tpp_runner.py[pid:24784;line:116:_train_model] - INFO: [ Epoch 77 (valid) ]:  valid loglike is 4.06169513208331, num_events is 52959, mark_ll is -1.5025419501996828, time_ll is 5.5642370085231025[0m
[38;20m2026-09-28 17:42:00,649 - tpp_runner.py[pid:24784;line:136:_train_model] - INFO: [ Epoch 77 (test) ]: test loglike is 4.167436809463086, num_events is 112141, mark_ll is -1.528299952389737, time_ll is 5.695736700894409[0m
[31;1m2026-09-28 17:42:00,649 - tpp_runner.py[pid:24784;line:140:_train_model] - CRITICAL: current best loglike on valid set is 4.0628 (updated at epoch-75)[0m
[38;20m2026-09-28 17:42:11,987 - tpp_runner.py[pid:24784;line:104:_train_model] - INFO: [ Epoch 78 (train) ]: train loglike is 4.389363677820664, num_events is 242824, mark_ll is -1.5074247408552595, time_ll is 5.8967884307409895[0m
[38;20m2026-09-28 17:42:12,366 - tpp_runner.py[pid:24784;line:116:_train_model] - INFO: [ Epoch 78 (valid) ]:  valid loglike is 4.062619675421081, num_events is 52959, mark_ll is -1.5023502390262986, time_ll is 5.564969886787421[0m
[38;20m2026-09-28 17:42:13,076 - tpp_runner.py[pid:24784;line:136:_train_model] - INFO: [ Epoch 78 (test) ]: test loglike is 4.1704592669607905, num_events is 112141, mark_ll is -1.5280963425787624, time_ll is 5.698555557289484[0m
[31;1m2026-09-28 17:42:13,076 - tpp_runner.py[pid:24784;line:140:_train_model] - CRITICAL: current best loglike on valid set is 4.0628 (updated at epoch-75)[0m
[38;20m2026-09-28 17:42:24,583 - tpp_runner.py[pid:24784;line:104:_train_model] - INFO: [ Epoch 79 (train) ]: train loglike is 4.392532905133965, num_events is 242824, mark_ll is -1.5069258302824269, time_ll is 5.8994587675899[0m
[38;20m2026-09-28 17:42:24,906 - tpp_runner.py[pid:24784;line:116:_train_model] - INFO: [ Epoch 79 (valid) ]:  valid loglike is 4.061725447397987, num_events is 52959, mark_ll is -1.503397546480532, time_ll is 5.565123086078382[0m
[38;20m2026-09-28 17:42:25,605 - tpp_runner.py[pid:24784;line:136:_train_model] - INFO: [ Epoch 79 (test) ]: test loglike is 4.176630331039718, num_events is 112141, mark_ll is -1.529102208659188, time_ll is 5.7057325919489745[0m
[31;1m2026-09-28 17:42:25,605 - tpp_runner.py[pid:24784;line:140:_train_model] - CRITICAL: current best loglike on valid set is 4.0628 (updated at epoch-75)[0m
[38;20m2026-09-28 17:42:37,352 - tpp_runner.py[pid:24784;line:104:_train_model] - INFO: [ Epoch 80 (train) ]: train loglike is 4.395356371796034, num_events is 242824, mark_ll is -1.5071921223679496, time_ll is 5.902548470033851[0m
[38;20m2026-09-28 17:42:37,726 - tpp_runner.py[pid:24784;line:116:_train_model] - INFO: [ Epoch 80 (valid) ]:  valid loglike is 4.0742765408736, num_events is 52959, mark_ll is -1.5034603345866613, time_ll is 5.577737022980041[0m
[38;20m2026-09-28 17:42:38,525 - tpp_runner.py[pid:24784;line:136:_train_model] - INFO: [ Epoch 80 (test) ]: test loglike is 4.177174428426044, num_events is 112141, mark_ll is -1.5291713964590337, time_ll is 5.706345972926941[0m
[31;1m2026-09-28 17:42:38,525 - tpp_runner.py[pid:24784;line:140:_train_model] - CRITICAL: current best loglike on valid set is 4.0743 (updated at epoch-80), best updated at this epoch[0m
[38;20m2026-09-28 17:42:49,910 - tpp_runner.py[pid:24784;line:104:_train_model] - INFO: [ Epoch 81 (train) ]: train loglike is 4.3955676713123495, num_events is 242824, mark_ll is -1.5069231236860339, time_ll is 5.902490799020073[0m
[38;20m2026-09-28 17:42:50,269 - tpp_runner.py[pid:24784;line:116:_train_model] - INFO: [ Epoch 81 (valid) ]:  valid loglike is 4.072485872030722, num_events is 52959, mark_ll is -1.503891848381531, time_ll is 5.576377554452501[0m
[38;20m2026-09-28 17:42:50,959 - tpp_runner.py[pid:24784;line:136:_train_model] - INFO: [ Epoch 81 (test) ]: test loglike is 4.177264368211671, num_events is 112141, mark_ll is -1.5297784900120162, time_ll is 5.707042762431894[0m
[31;1m2026-09-28 17:42:51,420 - tpp_runner.py[pid:24784;line:140:_train_model] - CRITICAL: current best loglike on valid set is 4.0743 (updated at epoch-80)[0m
[38;20m2026-09-28 17:43:02,707 - tpp_runner.py[pid:24784;line:104:_train_model] - INFO: [ Epoch 82 (train) ]: train loglike is 4.399082152544127, num_events is 242824, mark_ll is -1.506984928995641, time_ll is 5.906067077518079[0m
[38;20m2026-09-28 17:43:03,064 - tpp_runner.py[pid:24784;line:116:_train_model] - INFO: [ Epoch 82 (valid) ]:  valid loglike is 4.06210276611388, num_events is 52959, mark_ll is -1.5039149536669876, time_ll is 5.566017756660813[0m
[38;20m2026-09-28 17:43:03,753 - tpp_runner.py[pid:24784;line:136:_train_model] - INFO: [ Epoch 82 (test) ]: test loglike is 4.175410082925737, num_events is 112141, mark_ll is -1.5297710182521336, time_ll is 5.705181057636145[0m
[31;1m2026-09-28 17:43:03,754 - tpp_runner.py[pid:24784;line:140:_train_model] - CRITICAL: current best loglike on valid set is 4.0743 (updated at epoch-80)[0m
[38;20m2026-09-28 17:43:15,137 - tpp_runner.py[pid:24784;line:104:_train_model] - INFO: [ Epoch 83 (train) ]: train loglike is 4.396904577106258, num_events is 242824, mark_ll is -1.5065170175981368, time_ll is 5.903421610791149[0m
[38;20m2026-09-28 17:43:15,474 - tpp_runner.py[pid:24784;line:116:_train_model] - INFO: [ Epoch 83 (valid) ]:  valid loglike is 4.061291517966729, num_events is 52959, mark_ll is -1.5041978781640042, time_ll is 5.565489303930871[0m
[38;20m2026-09-28 17:43:16,186 - tpp_runner.py[pid:24784;line:136:_train_model] - INFO: [ Epoch 83 (test) ]: test loglike is 4.174270683085357, num_events is 112141, mark_ll is -1.5301270850564246, time_ll is 5.7043977246000575[0m
[31;1m2026-09-28 17:43:16,186 - tpp_runner.py[pid:24784;line:140:_train_model] - CRITICAL: current best loglike on valid set is 4.0743 (updated at epoch-80)[0m
[38;20m2026-09-28 17:43:27,617 - tpp_runner.py[pid:24784;line:104:_train_model] - INFO: [ Epoch 84 (train) ]: train loglike is 4.399834433517177, num_events is 242824, mark_ll is -1.5064049612901216, time_ll is 5.906239479262759[0m
[38;20m2026-09-28 17:43:27,961 - tpp_runner.py[pid:24784;line:116:_train_model] - INFO: [ Epoch 84 (valid) ]:  valid loglike is 4.0746215158778485, num_events is 52959, mark_ll is -1.504329318287496, time_ll is 5.5789506313256485[0m
[38;20m2026-09-28 17:43:28,652 - tpp_runner.py[pid:24784;line:136:_train_model] - INFO: [ Epoch 84 (test) ]: test loglike is 4.18121114684861, num_events is 112141, mark_ll is -1.5302836349718212, time_ll is 5.711494694736983[0m
[31;1m2026-09-28 17:43:28,652 - tpp_runner.py[pid:24784;line:140:_train_model] - CRITICAL: current best loglike on valid set is 4.0746 (updated at epoch-84), best updated at this epoch[0m
[38;20m2026-09-28 17:43:40,146 - tpp_runner.py[pid:24784;line:104:_train_model] - INFO: [ Epoch 85 (train) ]: train loglike is 4.398569532035034, num_events is 242824, mark_ll is -1.5064454999106864, time_ll is 5.905015035967408[0m
[38;20m2026-09-28 17:43:40,455 - tpp_runner.py[pid:24784;line:116:_train_model] - INFO: [ Epoch 85 (valid) ]:  valid loglike is 4.057146949763024, num_events is 52959, mark_ll is -1.5038469470486602, time_ll is 5.560994044331464[0m
[38;20m2026-09-28 17:43:41,150 - tpp_runner.py[pid:24784;line:136:_train_model] - INFO: [ Epoch 85 (test) ]: test loglike is 4.180483303385916, num_events is 112141, mark_ll is -1.5297761735922857, time_ll is 5.710259398603098[0m
[31;1m2026-09-28 17:43:41,150 - tpp_runner.py[pid:24784;line:140:_train_model] - CRITICAL: current best loglike on valid set is 4.0746 (updated at epoch-84)[0m
[38;20m2026-09-28 17:43:52,569 - tpp_runner.py[pid:24784;line:104:_train_model] - INFO: [ Epoch 86 (train) ]: train loglike is 4.400128805032143, num_events is 242824, mark_ll is -1.5065935463095184, time_ll is 5.906722371450104[0m
[38;20m2026-09-28 17:43:52,923 - tpp_runner.py[pid:24784;line:116:_train_model] - INFO: [ Epoch 86 (valid) ]:  valid loglike is 4.069850947490039, num_events is 52959, mark_ll is -1.503680821337025, time_ll is 5.573531824146982[0m
[38;20m2026-09-28 17:43:53,620 - tpp_runner.py[pid:24784;line:136:_train_model] - INFO: [ Epoch 86 (test) ]: test loglike is 4.179823698513479, num_events is 112141, mark_ll is -1.5294490446179363, time_ll is 5.709272777964794[0m
[31;1m2026-09-28 17:43:53,620 - tpp_runner.py[pid:24784;line:140:_train_model] - CRITICAL: current best loglike on valid set is 4.0746 (updated at epoch-84)[0m
[38;20m2026-09-28 17:44:05,061 - tpp_runner.py[pid:24784;line:104:_train_model] - INFO: [ Epoch 87 (train) ]: train loglike is 4.407581910856732, num_events is 242824, mark_ll is -1.5066314265939529, time_ll is 5.914213313320553[0m
[38;20m2026-09-28 17:44:05,388 - tpp_runner.py[pid:24784;line:116:_train_model] - INFO: [ Epoch 87 (valid) ]:  valid loglike is 4.078398907350498, num_events is 52959, mark_ll is -1.503947325038591, time_ll is 5.582346241609075[0m
[38;20m2026-09-28 17:44:06,098 - tpp_runner.py[pid:24784;line:136:_train_model] - INFO: [ Epoch 87 (test) ]: test loglike is 4.182793035107588, num_events is 112141, mark_ll is -1.5298015932509073, time_ll is 5.712594698025254[0m
[31;1m2026-09-28 17:44:06,098 - tpp_runner.py[pid:24784;line:140:_train_model] - CRITICAL: current best loglike on valid set is 4.0784 (updated at epoch-87), best updated at this epoch[0m
[38;20m2026-09-28 17:44:17,693 - tpp_runner.py[pid:24784;line:104:_train_model] - INFO: [ Epoch 88 (train) ]: train loglike is 4.405505078716993, num_events is 242824, mark_ll is -1.506787560608455, time_ll is 5.912292587043496[0m
[38;20m2026-09-28 17:44:18,041 - tpp_runner.py[pid:24784;line:116:_train_model] - INFO: [ Epoch 88 (valid) ]:  valid loglike is 4.069213772682641, num_events is 52959, mark_ll is -1.5036237219623907, time_ll is 5.572837374785212[0m
[38;20m2026-09-28 17:44:18,705 - tpp_runner.py[pid:24784;line:136:_train_model] - INFO: [ Epoch 88 (test) ]: test loglike is 4.181325766083547, num_events is 112141, mark_ll is -1.5294138106546669, time_ll is 5.7107394722380755[0m
[31;1m2026-09-28 17:44:18,705 - tpp_runner.py[pid:24784;line:140:_train_model] - CRITICAL: current best loglike on valid set is 4.0784 (updated at epoch-87)[0m
[38;20m2026-09-28 17:44:30,210 - tpp_runner.py[pid:24784;line:104:_train_model] - INFO: [ Epoch 89 (train) ]: train loglike is 4.402089386242711, num_events is 242824, mark_ll is -1.5065994783001269, time_ll is 5.908688896716346[0m
[38;20m2026-09-28 17:44:30,534 - tpp_runner.py[pid:24784;line:116:_train_model] - INFO: [ Epoch 89 (valid) ]:  valid loglike is 4.081697965938273, num_events is 52959, mark_ll is -1.5032277788743416, time_ll is 5.584925735592628[0m
[38;20m2026-09-28 17:44:31,219 - tpp_runner.py[pid:24784;line:136:_train_model] - INFO: [ Epoch 89 (test) ]: test loglike is 4.1837028307276105, num_events is 112141, mark_ll is -1.529017842214266, time_ll is 5.712720760025325[0m
[31;1m2026-09-28 17:44:31,219 - tpp_runner.py[pid:24784;line:140:_train_model] - CRITICAL: current best loglike on valid set is 4.0817 (updated at epoch-89), best updated at this epoch[0m
[38;20m2026-09-28 17:44:42,628 - tpp_runner.py[pid:24784;line:104:_train_model] - INFO: [ Epoch 90 (train) ]: train loglike is 4.399043270859243, num_events is 242824, mark_ll is -1.5063745693897639, time_ll is 5.9054178322056305[0m
[38;20m2026-09-28 17:44:42,963 - tpp_runner.py[pid:24784;line:116:_train_model] - INFO: [ Epoch 90 (valid) ]:  valid loglike is 4.06940949455003, num_events is 52959, mark_ll is -1.5030778711184596, time_ll is 5.572487199708737[0m
[38;20m2026-09-28 17:44:43,621 - tpp_runner.py[pid:24784;line:136:_train_model] - INFO: [ Epoch 90 (test) ]: test loglike is 4.183266786484203, num_events is 112141, mark_ll is -1.5288948455515823, time_ll is 5.7121614927022675[0m
[31;1m2026-09-28 17:44:43,621 - tpp_runner.py[pid:24784;line:140:_train_model] - CRITICAL: current best loglike on valid set is 4.0817 (updated at epoch-89)[0m
[38;20m2026-09-28 17:44:54,893 - tpp_runner.py[pid:24784;line:104:_train_model] - INFO: [ Epoch 91 (train) ]: train loglike is 4.400848759672644, num_events is 242824, mark_ll is -1.5064395478116352, time_ll is 5.907288351722853[0m
[38;20m2026-09-28 17:44:55,204 - tpp_runner.py[pid:24784;line:116:_train_model] - INFO: [ Epoch 91 (valid) ]:  valid loglike is 4.068870383516022, num_events is 52959, mark_ll is -1.5028061581246814, time_ll is 5.571676652280538[0m
[38;20m2026-09-28 17:44:55,863 - tpp_runner.py[pid:24784;line:136:_train_model] - INFO: [ Epoch 91 (test) ]: test loglike is 4.181130298575008, num_events is 112141, mark_ll is -1.5286498275608387, time_ll is 5.709780143552536[0m
[31;1m2026-09-28 17:44:55,863 - tpp_runner.py[pid:24784;line:140:_train_model] - CRITICAL: current best loglike on valid set is 4.0817 (updated at epoch-89)[0m
[38;20m2026-09-28 17:45:07,108 - tpp_runner.py[pid:24784;line:104:_train_model] - INFO: [ Epoch 92 (train) ]: train loglike is 4.405156760271843, num_events is 242824, mark_ll is -1.5064823787946722, time_ll is 5.911639094827941[0m
[38;20m2026-09-28 17:45:07,435 - tpp_runner.py[pid:24784;line:116:_train_model] - INFO: [ Epoch 92 (valid) ]:  valid loglike is 4.071719912455862, num_events is 52959, mark_ll is -1.5028605283833956, time_ll is 5.574580394739327[0m
[38;20m2026-09-28 17:45:08,095 - tpp_runner.py[pid:24784;line:136:_train_model] - INFO: [ Epoch 92 (test) ]: test loglike is 4.183904028327062, num_events is 112141, mark_ll is -1.5287054129260262, time_ll is 5.7126095544615705[0m
[31;1m2026-09-28 17:45:08,095 - tpp_runner.py[pid:24784;line:140:_train_model] - CRITICAL: current best loglike on valid set is 4.0817 (updated at epoch-89)[0m
[38;20m2026-09-28 17:45:19,340 - tpp_runner.py[pid:24784;line:104:_train_model] - INFO: [ Epoch 93 (train) ]: train loglike is 4.401669666739078, num_events is 242824, mark_ll is -1.5062904919689775, time_ll is 5.907960215011696[0m
[38;20m2026-09-28 17:45:19,659 - tpp_runner.py[pid:24784;line:116:_train_model] - INFO: [ Epoch 93 (valid) ]:  valid loglike is 4.073172281564513, num_events is 52959, mark_ll is -1.5026666044133197, time_ll is 5.575838885977832[0m
[38;20m2026-09-28 17:45:20,311 - tpp_runner.py[pid:24784;line:136:_train_model] - INFO: [ Epoch 93 (test) ]: test loglike is 4.184906480736305, num_events is 112141, mark_ll is -1.5284591757670032, time_ll is 5.713365595544895[0m
[31;1m2026-09-28 17:45:20,311 - tpp_runner.py[pid:24784;line:140:_train_model] - CRITICAL: current best loglike on valid set is 4.0817 (updated at epoch-89)[0m
[38;20m2026-09-28 17:45:31,699 - tpp_runner.py[pid:24784;line:104:_train_model] - INFO: [ Epoch 94 (train) ]: train loglike is 4.397858328588813, num_events is 242824, mark_ll is -1.506373757008677, time_ll is 5.904232077554113[0m
[38;20m2026-09-28 17:45:32,026 - tpp_runner.py[pid:24784;line:116:_train_model] - INFO: [ Epoch 94 (valid) ]:  valid loglike is 4.08555929616543, num_events is 52959, mark_ll is -1.5025690477391709, time_ll is 5.588128316244642[0m
[38;20m2026-09-28 17:45:32,789 - tpp_runner.py[pid:24784;line:136:_train_model] - INFO: [ Epoch 94 (test) ]: test loglike is 4.182849935432848, num_events is 112141, mark_ll is -1.5283669369783353, time_ll is 5.711216933369597[0m
[31;1m2026-09-28 17:45:32,789 - tpp_runner.py[pid:24784;line:140:_train_model] - CRITICAL: current best loglike on valid set is 4.0856 (updated at epoch-94), best updated at this epoch[0m
[38;20m2026-09-28 17:45:44,161 - tpp_runner.py[pid:24784;line:104:_train_model] - INFO: [ Epoch 95 (train) ]: train loglike is 4.402615310497521, num_events is 242824, mark_ll is -1.506254204273208, time_ll is 5.908869422271892[0m
[38;20m2026-09-28 17:45:44,473 - tpp_runner.py[pid:24784;line:116:_train_model] - INFO: [ Epoch 95 (valid) ]:  valid loglike is 4.078498298801903, num_events is 52959, mark_ll is -1.5025281939802488, time_ll is 5.5810264927821525[0m
[38;20m2026-09-28 17:45:45,248 - tpp_runner.py[pid:24784;line:136:_train_model] - INFO: [ Epoch 95 (test) ]: test loglike is 4.182391023075859, num_events is 112141, mark_ll is -1.5283214358764858, time_ll is 5.710712580869173[0m
[31;1m2026-09-28 17:45:45,248 - tpp_runner.py[pid:24784;line:140:_train_model] - CRITICAL: current best loglike on valid set is 4.0856 (updated at epoch-94)[0m
[38;20m2026-09-28 17:45:56,464 - tpp_runner.py[pid:24784;line:104:_train_model] - INFO: [ Epoch 96 (train) ]: train loglike is 4.404188337669464, num_events is 242824, mark_ll is -1.5063316539512672, time_ll is 5.910519987599043[0m
[38;20m2026-09-28 17:45:56,814 - tpp_runner.py[pid:24784;line:116:_train_model] - INFO: [ Epoch 96 (valid) ]:  valid loglike is 4.073165827574162, num_events is 52959, mark_ll is -1.5025743400112588, time_ll is 5.575740121485489[0m
[38;20m2026-09-28 17:45:57,492 - tpp_runner.py[pid:24784;line:136:_train_model] - INFO: [ Epoch 96 (test) ]: test loglike is 4.180883887249088, num_events is 112141, mark_ll is -1.5283750879891165, time_ll is 5.709258896863101[0m
[31;1m2026-09-28 17:45:57,492 - tpp_runner.py[pid:24784;line:140:_train_model] - CRITICAL: current best loglike on valid set is 4.0856 (updated at epoch-94)[0m
[38;20m2026-09-28 17:46:08,900 - tpp_runner.py[pid:24784;line:104:_train_model] - INFO: [ Epoch 97 (train) ]: train loglike is 4.405049920093875, num_events is 242824, mark_ll is -1.5063659871064021, time_ll is 5.911415923287031[0m
[38;20m2026-09-28 17:46:09,231 - tpp_runner.py[pid:24784;line:116:_train_model] - INFO: [ Epoch 97 (valid) ]:  valid loglike is 4.079308477430654, num_events is 52959, mark_ll is -1.502571232875904, time_ll is 5.5818795259068335[0m
[38;20m2026-09-28 17:46:09,939 - tpp_runner.py[pid:24784;line:136:_train_model] - INFO: [ Epoch 97 (test) ]: test loglike is 4.177452834210949, num_events is 112141, mark_ll is -1.5283687047723402, time_ll is 5.705821626066737[0m
[31;1m2026-09-28 17:46:09,939 - tpp_runner.py[pid:24784;line:140:_train_model] - CRITICAL: current best loglike on valid set is 4.0856 (updated at epoch-94)[0m
[38;20m2026-09-28 17:46:21,309 - tpp_runner.py[pid:24784;line:104:_train_model] - INFO: [ Epoch 98 (train) ]: train loglike is 4.405887766512474, num_events is 242824, mark_ll is -1.5063844949171004, time_ll is 5.912272382080231[0m
[38;20m2026-09-28 17:46:21,666 - tpp_runner.py[pid:24784;line:116:_train_model] - INFO: [ Epoch 98 (valid) ]:  valid loglike is 4.080227156857191, num_events is 52959, mark_ll is -1.5025819280599142, time_ll is 5.582808974277271[0m
[38;20m2026-09-28 17:46:22,345 - tpp_runner.py[pid:24784;line:136:_train_model] - INFO: [ Epoch 98 (test) ]: test loglike is 4.180680599646873, num_events is 112141, mark_ll is -1.5283794334531973, time_ll is 5.709059946016622[0m
[31;1m2026-09-28 17:46:22,345 - tpp_runner.py[pid:24784;line:140:_train_model] - CRITICAL: current best loglike on valid set is 4.0856 (updated at epoch-94)[0m
[38;20m2026-09-28 17:46:33,640 - tpp_runner.py[pid:24784;line:104:_train_model] - INFO: [ Epoch 99 (train) ]: train loglike is 4.403754759427096, num_events is 242824, mark_ll is -1.506395799883609, time_ll is 5.9101505713757705[0m
[38;20m2026-09-28 17:46:33,991 - tpp_runner.py[pid:24784;line:116:_train_model] - INFO: [ Epoch 99 (valid) ]:  valid loglike is 4.074111650640118, num_events is 52959, mark_ll is -1.5025815869204242, time_ll is 5.576693246780528[0m
[38;20m2026-09-28 17:46:34,732 - tpp_runner.py[pid:24784;line:136:_train_model] - INFO: [ Epoch 99 (test) ]: test loglike is 4.185957456043062, num_events is 112141, mark_ll is -1.5283788674107819, time_ll is 5.714336210245361[0m
[31;1m2026-09-28 17:46:34,732 - tpp_runner.py[pid:24784;line:140:_train_model] - CRITICAL: current best loglike on valid set is 4.0856 (updated at epoch-94)[0m
[38;20m2026-09-28 17:46:34,732 - base_runner.py[pid:24784;line:118:train] - INFO: End NHP train! Cost time: 20.839m[0m
RESULT {"model": "NHP", "dataset": "lob_msft", "seed": 2019, "ll_per_event": 4.182849935432848, "mark_ll": -1.5283669369783353, "time_ll": 5.711216933369597, "val_ll": 4.08555929616543, "best_epoch": 94, "n_params": 231948, "seconds": 1251.0869045257568, "max_epoch": 100, "batch_size": 64}
