
=== Mon Sep 28 09:11:42 2026 attempt 1: D:\Quant\.venv\Scripts\python.exe -u -m infodiff.baselines.easytpp_runner IntensityFree lob_amzn 6 2019 100 64
[31;1m2026-09-28 09:11:44,177 - config.py[pid:35268;line:33:build_from_yaml_file] - CRITICAL: Load pipeline config class RunnerConfig[0m
[31;1m2026-09-28 09:11:44,177 - runner_config.py[pid:35268;line:205:update_config] - CRITICAL: train model IntensityFree using GPU with torch backend[0m
[38;20m2026-09-28 09:11:44,201 - runner_config.py[pid:35268;line:45:__init__] - INFO: Save the config to D:\Quant\results\easytpp\checkpoints/lob_amzn/IntensityFree/train_2026_09_28_09_11_44\IntensityFree_train_output.yaml[0m
[38;20m2026-09-28 09:11:44,201 - base_runner.py[pid:35268;line:193:save_log] - INFO: Save the log to D:\Quant\results\easytpp\checkpoints/lob_amzn/IntensityFree/train_2026_09_28_09_11_44\log[0m
0.41421280161059515 1.2532707187976024
min_dt: 7.275957614183426e-12
max_dt: 26.415379224003118
[38;20m2026-09-28 09:11:49,064 - tpp_runner.py[pid:35268;line:62:_init_model] - INFO: Num of model parameters 7184[0m
[38;20m2026-09-28 09:11:49,747 - base_runner.py[pid:35268;line:103:train] - INFO: Data 'lob_amzn' loaded...[0m
[38;20m2026-09-28 09:11:49,747 - base_runner.py[pid:35268;line:108:train] - INFO: Start IntensityFree training...[0m
[38;20m2026-09-28 09:11:50,164 - tpp_runner.py[pid:35268;line:104:_train_model] - INFO: [ Epoch 0 (train) ]: train loglike is -7.336777647806846, num_events is 33274, mark_ll is -1.943089095318182, time_ll is -5.393688416749001[0m
[38;20m2026-09-28 09:11:50,186 - tpp_runner.py[pid:35268;line:116:_train_model] - INFO: [ Epoch 0 (valid) ]:  valid loglike is -5.574697366015283, num_events is 9144, mark_ll is -1.9309986344785515, time_ll is -3.643698544639928[0m
[38;20m2026-09-28 09:11:50,216 - tpp_runner.py[pid:35268;line:136:_train_model] - INFO: [ Epoch 0 (test) ]: test loglike is -6.032279849167702, num_events is 14478, mark_ll is -1.9543548428002833, time_ll is -4.077924534207073[0m
[31;1m2026-09-28 09:11:50,216 - tpp_runner.py[pid:35268;line:140:_train_model] - CRITICAL: current best loglike on valid set is -5.5747 (updated at epoch-0), best updated at this epoch[0m
[38;20m2026-09-28 09:11:50,303 - tpp_runner.py[pid:35268;line:104:_train_model] - INFO: [ Epoch 1 (train) ]: train loglike is -4.3373977579505585, num_events is 33274, mark_ll is -1.917873196614192, time_ll is -2.4195245329044095[0m
[38;20m2026-09-28 09:11:50,318 - tpp_runner.py[pid:35268;line:116:_train_model] - INFO: [ Epoch 1 (valid) ]:  valid loglike is -1.865086085735865, num_events is 9144, mark_ll is -1.8883055839638698, time_ll is 0.023219578326634953[0m
[38;20m2026-09-28 09:11:50,342 - tpp_runner.py[pid:35268;line:136:_train_model] - INFO: [ Epoch 1 (test) ]: test loglike is -1.9678420356532325, num_events is 14478, mark_ll is -1.930665411529562, time_ll is -0.037176611476518254[0m
[31;1m2026-09-28 09:11:50,342 - tpp_runner.py[pid:35268;line:140:_train_model] - CRITICAL: current best loglike on valid set is -1.8651 (updated at epoch-1), best updated at this epoch[0m
[38;20m2026-09-28 09:11:50,436 - tpp_runner.py[pid:35268;line:104:_train_model] - INFO: [ Epoch 2 (train) ]: train loglike is -0.9723871263982212, num_events is 33274, mark_ll is -1.8675930277475938, time_ll is 0.8952058871333943[0m
[38;20m2026-09-28 09:11:50,447 - tpp_runner.py[pid:35268;line:116:_train_model] - INFO: [ Epoch 2 (valid) ]:  valid loglike is -0.09847633315092205, num_events is 9144, mark_ll is -1.8275142212448052, time_ll is 1.729037854719454[0m
[38;20m2026-09-28 09:11:50,476 - tpp_runner.py[pid:35268;line:136:_train_model] - INFO: [ Epoch 2 (test) ]: test loglike is 0.0934060606974267, num_events is 14478, mark_ll is -1.9010775508530184, time_ll is 1.9944836832176405[0m
[31;1m2026-09-28 09:11:50,476 - tpp_runner.py[pid:35268;line:140:_train_model] - CRITICAL: current best loglike on valid set is -0.0985 (updated at epoch-2), best updated at this epoch[0m
[38;20m2026-09-28 09:11:50,559 - tpp_runner.py[pid:35268;line:104:_train_model] - INFO: [ Epoch 3 (train) ]: train loglike is 0.20916921756957854, num_events is 33274, mark_ll is -1.800114775589612, time_ll is 2.0092839913248706[0m
[38;20m2026-09-28 09:11:50,574 - tpp_runner.py[pid:35268;line:116:_train_model] - INFO: [ Epoch 3 (valid) ]:  valid loglike is 0.15008325985618984, num_events is 9144, mark_ll is -1.7329428097915984, time_ll is 1.8830261497464185[0m
[38;20m2026-09-28 09:11:50,599 - tpp_runner.py[pid:35268;line:136:_train_model] - INFO: [ Epoch 3 (test) ]: test loglike is 0.3966286705745355, num_events is 14478, mark_ll is -1.8211655588435902, time_ll is 2.217794212555256[0m
[31;1m2026-09-28 09:11:50,599 - tpp_runner.py[pid:35268;line:140:_train_model] - CRITICAL: current best loglike on valid set is 0.1501 (updated at epoch-3), best updated at this epoch[0m
[38;20m2026-09-28 09:11:50,683 - tpp_runner.py[pid:35268;line:104:_train_model] - INFO: [ Epoch 4 (train) ]: train loglike is 0.3848930359345299, num_events is 33274, mark_ll is -1.7096152415948827, time_ll is 2.0945082050737813[0m
[38;20m2026-09-28 09:11:50,701 - tpp_runner.py[pid:35268;line:116:_train_model] - INFO: [ Epoch 4 (valid) ]:  valid loglike is 0.35037767772390876, num_events is 9144, mark_ll is -1.651576511920385, time_ll is 2.0019539793853895[0m
[38;20m2026-09-28 09:11:50,724 - tpp_runner.py[pid:35268;line:136:_train_model] - INFO: [ Epoch 4 (test) ]: test loglike is 0.6180098515581831, num_events is 14478, mark_ll is -1.7081665932794585, time_ll is 2.326176529151989[0m
[31;1m2026-09-28 09:11:50,724 - tpp_runner.py[pid:35268;line:140:_train_model] - CRITICAL: current best loglike on valid set is 0.3504 (updated at epoch-4), best updated at this epoch[0m
[38;20m2026-09-28 09:11:50,822 - tpp_runner.py[pid:35268;line:104:_train_model] - INFO: [ Epoch 5 (train) ]: train loglike is 0.6231155886188353, num_events is 33274, mark_ll is -1.6453003619391735, time_ll is 2.2684159615639277[0m
[38;20m2026-09-28 09:11:50,905 - tpp_runner.py[pid:35268;line:116:_train_model] - INFO: [ Epoch 5 (valid) ]:  valid loglike is 0.6456585193243553, num_events is 9144, mark_ll is -1.607039791183939, time_ll is 2.2526984160549266[0m
[38;20m2026-09-28 09:11:50,937 - tpp_runner.py[pid:35268;line:136:_train_model] - INFO: [ Epoch 5 (test) ]: test loglike is 0.9137229155334818, num_events is 14478, mark_ll is -1.6539222494906065, time_ll is 2.567645063846871[0m
[31;1m2026-09-28 09:11:50,937 - tpp_runner.py[pid:35268;line:140:_train_model] - CRITICAL: current best loglike on valid set is 0.6457 (updated at epoch-5), best updated at this epoch[0m
[38;20m2026-09-28 09:11:51,049 - tpp_runner.py[pid:35268;line:104:_train_model] - INFO: [ Epoch 6 (train) ]: train loglike is 0.8907692178894839, num_events is 33274, mark_ll is -1.5937005430701805, time_ll is 2.484469775634223[0m
[38;20m2026-09-28 09:11:51,089 - tpp_runner.py[pid:35268;line:116:_train_model] - INFO: [ Epoch 6 (valid) ]:  valid loglike is 0.8377767230790639, num_events is 9144, mark_ll is -1.5746695450910433, time_ll is 2.4124461630406553[0m
[38;20m2026-09-28 09:11:51,119 - tpp_runner.py[pid:35268;line:136:_train_model] - INFO: [ Epoch 6 (test) ]: test loglike is 1.112747337825062, num_events is 14478, mark_ll is -1.6265977906133444, time_ll is 2.7393452296156235[0m
[31;1m2026-09-28 09:11:51,121 - tpp_runner.py[pid:35268;line:140:_train_model] - CRITICAL: current best loglike on valid set is 0.8378 (updated at epoch-6), best updated at this epoch[0m
[38;20m2026-09-28 09:11:51,217 - tpp_runner.py[pid:35268;line:104:_train_model] - INFO: [ Epoch 7 (train) ]: train loglike is 1.1164314906069914, num_events is 33274, mark_ll is -1.55815204579777, time_ll is 2.674583512558604[0m
[38;20m2026-09-28 09:11:51,248 - tpp_runner.py[pid:35268;line:116:_train_model] - INFO: [ Epoch 7 (valid) ]:  valid loglike is 0.9998542338427179, num_events is 9144, mark_ll is -1.5416276586337352, time_ll is 2.541481905826225[0m
[38;20m2026-09-28 09:11:51,288 - tpp_runner.py[pid:35268;line:136:_train_model] - INFO: [ Epoch 7 (test) ]: test loglike is 1.3116026255352948, num_events is 14478, mark_ll is -1.5809759716250518, time_ll is 2.892578664611825[0m
[31;1m2026-09-28 09:11:51,288 - tpp_runner.py[pid:35268;line:140:_train_model] - CRITICAL: current best loglike on valid set is 0.9999 (updated at epoch-7), best updated at this epoch[0m
[38;20m2026-09-28 09:11:51,412 - tpp_runner.py[pid:35268;line:104:_train_model] - INFO: [ Epoch 8 (train) ]: train loglike is 1.2323956699076701, num_events is 33274, mark_ll is -1.5241580941810797, time_ll is 2.7565538484674597[0m
[38;20m2026-09-28 09:11:51,437 - tpp_runner.py[pid:35268;line:116:_train_model] - INFO: [ Epoch 8 (valid) ]:  valid loglike is 1.0502816815180207, num_events is 9144, mark_ll is -1.4976276387692748, time_ll is 2.5479093269621815[0m
[38;20m2026-09-28 09:11:51,482 - tpp_runner.py[pid:35268;line:136:_train_model] - INFO: [ Epoch 8 (test) ]: test loglike is 1.3687785117397948, num_events is 14478, mark_ll is -1.5362466031435627, time_ll is 2.9050252160605745[0m
[31;1m2026-09-28 09:11:51,482 - tpp_runner.py[pid:35268;line:140:_train_model] - CRITICAL: current best loglike on valid set is 1.0503 (updated at epoch-8), best updated at this epoch[0m
[38;20m2026-09-28 09:11:51,589 - tpp_runner.py[pid:35268;line:104:_train_model] - INFO: [ Epoch 9 (train) ]: train loglike is 1.3181579813630764, num_events is 33274, mark_ll is -1.4779378069330595, time_ll is 2.7960957662842985[0m
[38;20m2026-09-28 09:11:51,610 - tpp_runner.py[pid:35268;line:116:_train_model] - INFO: [ Epoch 9 (valid) ]:  valid loglike is 1.1658676895048152, num_events is 9144, mark_ll is -1.4512183989544032, time_ll is 2.617086095134104[0m
[38;20m2026-09-28 09:11:51,639 - tpp_runner.py[pid:35268;line:136:_train_model] - INFO: [ Epoch 9 (test) ]: test loglike is 1.483207752171398, num_events is 14478, mark_ll is -1.4820127143338169, time_ll is 2.965220668859649[0m
[31;1m2026-09-28 09:11:51,639 - tpp_runner.py[pid:35268;line:140:_train_model] - CRITICAL: current best loglike on valid set is 1.1659 (updated at epoch-9), best updated at this epoch[0m
[38;20m2026-09-28 09:11:51,757 - tpp_runner.py[pid:35268;line:104:_train_model] - INFO: [ Epoch 10 (train) ]: train loglike is 1.4061660908761344, num_events is 33274, mark_ll is -1.4505520069864986, time_ll is 2.856718097862633[0m
[38;20m2026-09-28 09:11:51,769 - tpp_runner.py[pid:35268;line:116:_train_model] - INFO: [ Epoch 10 (valid) ]:  valid loglike is 1.2338626424367243, num_events is 9144, mark_ll is -1.4397439898259787, time_ll is 2.6736068391841643[0m
[38;20m2026-09-28 09:11:51,810 - tpp_runner.py[pid:35268;line:136:_train_model] - INFO: [ Epoch 10 (test) ]: test loglike is 1.5640269665613344, num_events is 14478, mark_ll is -1.4767691038774347, time_ll is 3.040796137890247[0m
[31;1m2026-09-28 09:11:51,810 - tpp_runner.py[pid:35268;line:140:_train_model] - CRITICAL: current best loglike on valid set is 1.2339 (updated at epoch-10), best updated at this epoch[0m
[38;20m2026-09-28 09:11:51,914 - tpp_runner.py[pid:35268;line:104:_train_model] - INFO: [ Epoch 11 (train) ]: train loglike is 1.4639446911792053, num_events is 33274, mark_ll is -1.4392402998822278, time_ll is 2.903184961712317[0m
[38;20m2026-09-28 09:11:51,936 - tpp_runner.py[pid:35268;line:116:_train_model] - INFO: [ Epoch 11 (valid) ]:  valid loglike is 1.2627560539612723, num_events is 9144, mark_ll is -1.433265973055248, time_ll is 2.696022227263096[0m
[38;20m2026-09-28 09:11:51,966 - tpp_runner.py[pid:35268;line:136:_train_model] - INFO: [ Epoch 11 (test) ]: test loglike is 1.559670208139073, num_events is 14478, mark_ll is -1.4676634241392112, time_ll is 3.0273336322782844[0m
[31;1m2026-09-28 09:11:51,966 - tpp_runner.py[pid:35268;line:140:_train_model] - CRITICAL: current best loglike on valid set is 1.2628 (updated at epoch-11), best updated at this epoch[0m
[38;20m2026-09-28 09:11:52,091 - tpp_runner.py[pid:35268;line:104:_train_model] - INFO: [ Epoch 12 (train) ]: train loglike is 1.491763574025046, num_events is 33274, mark_ll is -1.4316830931714701, time_ll is 2.923446476427259[0m
[38;20m2026-09-28 09:11:52,114 - tpp_runner.py[pid:35268;line:116:_train_model] - INFO: [ Epoch 12 (valid) ]:  valid loglike is 1.2763757180041215, num_events is 9144, mark_ll is -1.434185385182565, time_ll is 2.7105611165364585[0m
[38;20m2026-09-28 09:11:52,147 - tpp_runner.py[pid:35268;line:136:_train_model] - INFO: [ Epoch 12 (test) ]: test loglike is 1.5807507511396601, num_events is 14478, mark_ll is -1.4683389506924298, time_ll is 3.049089836735046[0m
[31;1m2026-09-28 09:11:52,147 - tpp_runner.py[pid:35268;line:140:_train_model] - CRITICAL: current best loglike on valid set is 1.2764 (updated at epoch-12), best updated at this epoch[0m
[38;20m2026-09-28 09:11:52,232 - tpp_runner.py[pid:35268;line:104:_train_model] - INFO: [ Epoch 13 (train) ]: train loglike is 1.5224813791595915, num_events is 33274, mark_ll is -1.429617898570393, time_ll is 2.9520993364282173[0m
[38;20m2026-09-28 09:11:52,247 - tpp_runner.py[pid:35268;line:116:_train_model] - INFO: [ Epoch 13 (valid) ]:  valid loglike is 1.3006783900089882, num_events is 9144, mark_ll is -1.4304143016211108, time_ll is 2.7310927984282727[0m
[38;20m2026-09-28 09:11:52,273 - tpp_runner.py[pid:35268;line:136:_train_model] - INFO: [ Epoch 13 (test) ]: test loglike is 1.6042753984493714, num_events is 14478, mark_ll is -1.4589010724245406, time_ll is 3.0631765383253904[0m
[31;1m2026-09-28 09:11:52,273 - tpp_runner.py[pid:35268;line:140:_train_model] - CRITICAL: current best loglike on valid set is 1.3007 (updated at epoch-13), best updated at this epoch[0m
[38;20m2026-09-28 09:11:52,359 - tpp_runner.py[pid:35268;line:104:_train_model] - INFO: [ Epoch 14 (train) ]: train loglike is 1.5517833975922455, num_events is 33274, mark_ll is -1.426251188052233, time_ll is 2.9780345856444783[0m
[38;20m2026-09-28 09:11:52,374 - tpp_runner.py[pid:35268;line:116:_train_model] - INFO: [ Epoch 14 (valid) ]:  valid loglike is 1.3202917544547654, num_events is 9144, mark_ll is -1.4262777413596006, time_ll is 2.7465695091641376[0m
[38;20m2026-09-28 09:11:52,404 - tpp_runner.py[pid:35268;line:136:_train_model] - INFO: [ Epoch 14 (test) ]: test loglike is 1.6178169571936731, num_events is 14478, mark_ll is -1.456244158701996, time_ll is 3.074061183347147[0m
[31;1m2026-09-28 09:11:52,404 - tpp_runner.py[pid:35268;line:140:_train_model] - CRITICAL: current best loglike on valid set is 1.3203 (updated at epoch-14), best updated at this epoch[0m
[38;20m2026-09-28 09:11:52,493 - tpp_runner.py[pid:35268;line:104:_train_model] - INFO: [ Epoch 15 (train) ]: train loglike is 1.567804669362246, num_events is 33274, mark_ll is -1.4222886868019606, time_ll is 2.9900933158091716[0m
[38;20m2026-09-28 09:11:52,511 - tpp_runner.py[pid:35268;line:116:_train_model] - INFO: [ Epoch 15 (valid) ]:  valid loglike is 1.333528386847762, num_events is 9144, mark_ll is -1.4238803626566943, time_ll is 2.7574087495044566[0m
[38;20m2026-09-28 09:11:52,536 - tpp_runner.py[pid:35268;line:136:_train_model] - INFO: [ Epoch 15 (test) ]: test loglike is 1.6380139532825666, num_events is 14478, mark_ll is -1.4555247212365312, time_ll is 3.09353860706762[0m
[31;1m2026-09-28 09:11:52,536 - tpp_runner.py[pid:35268;line:140:_train_model] - CRITICAL: current best loglike on valid set is 1.3335 (updated at epoch-15), best updated at this epoch[0m
[38;20m2026-09-28 09:11:52,626 - tpp_runner.py[pid:35268;line:104:_train_model] - INFO: [ Epoch 16 (train) ]: train loglike is 1.58577271204854, num_events is 33274, mark_ll is -1.4185672591940217, time_ll is 3.0043400446153528[0m
[38;20m2026-09-28 09:11:52,638 - tpp_runner.py[pid:35268;line:116:_train_model] - INFO: [ Epoch 16 (valid) ]:  valid loglike is 1.344770810318327, num_events is 9144, mark_ll is -1.4238934454329684, time_ll is 2.7686644760225283[0m
[38;20m2026-09-28 09:11:52,665 - tpp_runner.py[pid:35268;line:136:_train_model] - INFO: [ Epoch 16 (test) ]: test loglike is 1.6391901047062785, num_events is 14478, mark_ll is -1.4562639219850808, time_ll is 3.095453824336925[0m
[31;1m2026-09-28 09:11:52,666 - tpp_runner.py[pid:35268;line:140:_train_model] - CRITICAL: current best loglike on valid set is 1.3448 (updated at epoch-16), best updated at this epoch[0m
[38;20m2026-09-28 09:11:52,910 - tpp_runner.py[pid:35268;line:104:_train_model] - INFO: [ Epoch 17 (train) ]: train loglike is 1.596291281293202, num_events is 33274, mark_ll is -1.4173697969005925, time_ll is 3.0136610084896427[0m
[38;20m2026-09-28 09:11:52,931 - tpp_runner.py[pid:35268;line:116:_train_model] - INFO: [ Epoch 17 (valid) ]:  valid loglike is 1.355694000698033, num_events is 9144, mark_ll is -1.421689331375082, time_ll is 2.7773832119251693[0m
[38;20m2026-09-28 09:11:52,966 - tpp_runner.py[pid:35268;line:136:_train_model] - INFO: [ Epoch 17 (test) ]: test loglike is 1.6515279918238017, num_events is 14478, mark_ll is -1.4554701529907446, time_ll is 3.106998144814546[0m
[31;1m2026-09-28 09:11:52,966 - tpp_runner.py[pid:35268;line:140:_train_model] - CRITICAL: current best loglike on valid set is 1.3557 (updated at epoch-17), best updated at this epoch[0m
[38;20m2026-09-28 09:11:53,059 - tpp_runner.py[pid:35268;line:104:_train_model] - INFO: [ Epoch 18 (train) ]: train loglike is 1.6039246452924487, num_events is 33274, mark_ll is -1.4154813683591168, time_ll is 3.0194059879710884[0m
[38;20m2026-09-28 09:11:53,077 - tpp_runner.py[pid:35268;line:116:_train_model] - INFO: [ Epoch 18 (valid) ]:  valid loglike is 1.3684896701068494, num_events is 9144, mark_ll is -1.419369541545344, time_ll is 2.787859098179134[0m
[38;20m2026-09-28 09:11:53,124 - tpp_runner.py[pid:35268;line:136:_train_model] - INFO: [ Epoch 18 (test) ]: test loglike is 1.6646036632088341, num_events is 14478, mark_ll is -1.451189951996132, time_ll is 3.1157936826564443[0m
[31;1m2026-09-28 09:11:53,125 - tpp_runner.py[pid:35268;line:140:_train_model] - CRITICAL: current best loglike on valid set is 1.3685 (updated at epoch-18), best updated at this epoch[0m
[38;20m2026-09-28 09:11:53,226 - tpp_runner.py[pid:35268;line:104:_train_model] - INFO: [ Epoch 19 (train) ]: train loglike is 1.6126012823333347, num_events is 33274, mark_ll is -1.4142998573104657, time_ll is 3.0269012386970684[0m
[38;20m2026-09-28 09:11:53,236 - tpp_runner.py[pid:35268;line:116:_train_model] - INFO: [ Epoch 19 (valid) ]:  valid loglike is 1.377021162111511, num_events is 9144, mark_ll is -1.4189024597328166, time_ll is 2.7959235350708114[0m
[38;20m2026-09-28 09:11:53,266 - tpp_runner.py[pid:35268;line:136:_train_model] - INFO: [ Epoch 19 (test) ]: test loglike is 1.669637769374223, num_events is 14478, mark_ll is -1.4510657738249413, time_ll is 3.1207034757476864[0m
[31;1m2026-09-28 09:11:53,266 - tpp_runner.py[pid:35268;line:140:_train_model] - CRITICAL: current best loglike on valid set is 1.3770 (updated at epoch-19), best updated at this epoch[0m
[38;20m2026-09-28 09:11:53,347 - tpp_runner.py[pid:35268;line:104:_train_model] - INFO: [ Epoch 20 (train) ]: train loglike is 1.6221938649428795, num_events is 33274, mark_ll is -1.4125998794455694, time_ll is 3.0347936269919833[0m
[38;20m2026-09-28 09:11:53,361 - tpp_runner.py[pid:35268;line:116:_train_model] - INFO: [ Epoch 20 (valid) ]:  valid loglike is 1.3805052789803252, num_events is 9144, mark_ll is -1.4176950796799814, time_ll is 2.798200258537019[0m
[38;20m2026-09-28 09:11:53,391 - tpp_runner.py[pid:35268;line:136:_train_model] - INFO: [ Epoch 20 (test) ]: test loglike is 1.6755040244249897, num_events is 14478, mark_ll is -1.4493116306853502, time_ll is 3.124815722561818[0m
[31;1m2026-09-28 09:11:53,391 - tpp_runner.py[pid:35268;line:140:_train_model] - CRITICAL: current best loglike on valid set is 1.3805 (updated at epoch-20), best updated at this epoch[0m
[38;20m2026-09-28 09:11:53,473 - tpp_runner.py[pid:35268;line:104:_train_model] - INFO: [ Epoch 21 (train) ]: train loglike is 1.627320961144822, num_events is 33274, mark_ll is -1.4120818161796749, time_ll is 3.0394028470286485[0m
[38;20m2026-09-28 09:11:53,489 - tpp_runner.py[pid:35268;line:116:_train_model] - INFO: [ Epoch 21 (valid) ]:  valid loglike is 1.3886112870611023, num_events is 9144, mark_ll is -1.417436588050395, time_ll is 2.8060478684366115[0m
[38;20m2026-09-28 09:11:53,512 - tpp_runner.py[pid:35268;line:136:_train_model] - INFO: [ Epoch 21 (test) ]: test loglike is 1.681436381924299, num_events is 14478, mark_ll is -1.4493438050404062, time_ll is 3.130780321867661[0m
[31;1m2026-09-28 09:11:53,512 - tpp_runner.py[pid:35268;line:140:_train_model] - CRITICAL: current best loglike on valid set is 1.3886 (updated at epoch-21), best updated at this epoch[0m
[38;20m2026-09-28 09:11:53,598 - tpp_runner.py[pid:35268;line:104:_train_model] - INFO: [ Epoch 22 (train) ]: train loglike is 1.6332170775699495, num_events is 33274, mark_ll is -1.4109699359097474, time_ll is 3.0441870905211275[0m
[38;20m2026-09-28 09:11:53,614 - tpp_runner.py[pid:35268;line:116:_train_model] - INFO: [ Epoch 22 (valid) ]:  valid loglike is 1.3952959249234471, num_events is 9144, mark_ll is -1.4163545490041285, time_ll is 2.8116502603312283[0m
[38;20m2026-09-28 09:11:53,637 - tpp_runner.py[pid:35268;line:136:_train_model] - INFO: [ Epoch 22 (test) ]: test loglike is 1.6877787095075287, num_events is 14478, mark_ll is -1.448159019827497, time_ll is 3.13593793168946[0m
[31;1m2026-09-28 09:11:53,637 - tpp_runner.py[pid:35268;line:140:_train_model] - CRITICAL: current best loglike on valid set is 1.3953 (updated at epoch-22), best updated at this epoch[0m
[38;20m2026-09-28 09:11:53,730 - tpp_runner.py[pid:35268;line:104:_train_model] - INFO: [ Epoch 23 (train) ]: train loglike is 1.641162807883971, num_events is 33274, mark_ll is -1.409878438601179, time_ll is 3.051041180449638[0m
[38;20m2026-09-28 09:11:53,746 - tpp_runner.py[pid:35268;line:116:_train_model] - INFO: [ Epoch 23 (valid) ]:  valid loglike is 1.4008084394800382, num_events is 9144, mark_ll is -1.4156723222707512, time_ll is 2.816480688327045[0m
[38;20m2026-09-28 09:11:53,770 - tpp_runner.py[pid:35268;line:136:_train_model] - INFO: [ Epoch 23 (test) ]: test loglike is 1.6920912872116314, num_events is 14478, mark_ll is -1.4481581429582815, time_ll is 3.140249430169913[0m
[31;1m2026-09-28 09:11:53,770 - tpp_runner.py[pid:35268;line:140:_train_model] - CRITICAL: current best loglike on valid set is 1.4008 (updated at epoch-23), best updated at this epoch[0m
[38;20m2026-09-28 09:11:53,849 - tpp_runner.py[pid:35268;line:104:_train_model] - INFO: [ Epoch 24 (train) ]: train loglike is 1.645428276394482, num_events is 33274, mark_ll is -1.40913713494982, time_ll is 3.0545654370247792[0m
[38;20m2026-09-28 09:11:53,862 - tpp_runner.py[pid:35268;line:116:_train_model] - INFO: [ Epoch 24 (valid) ]:  valid loglike is 1.4041311509340142, num_events is 9144, mark_ll is -1.414992071303587, time_ll is 2.8191234625334918[0m
[38;20m2026-09-28 09:11:53,879 - tpp_runner.py[pid:35268;line:136:_train_model] - INFO: [ Epoch 24 (test) ]: test loglike is 1.6969773373825805, num_events is 14478, mark_ll is -1.4471401652507252, time_ll is 3.1441173677303493[0m
[31;1m2026-09-28 09:11:53,879 - tpp_runner.py[pid:35268;line:140:_train_model] - CRITICAL: current best loglike on valid set is 1.4041 (updated at epoch-24), best updated at this epoch[0m
[38;20m2026-09-28 09:11:53,971 - tpp_runner.py[pid:35268;line:104:_train_model] - INFO: [ Epoch 25 (train) ]: train loglike is 1.651000220822752, num_events is 33274, mark_ll is -1.4080784462847775, time_ll is 3.05907858272882[0m
[38;20m2026-09-28 09:11:53,989 - tpp_runner.py[pid:35268;line:116:_train_model] - INFO: [ Epoch 25 (valid) ]:  valid loglike is 1.4135098995499098, num_events is 9144, mark_ll is -1.4145984399349985, time_ll is 2.8281085530812553[0m
[38;20m2026-09-28 09:11:54,016 - tpp_runner.py[pid:35268;line:136:_train_model] - INFO: [ Epoch 25 (test) ]: test loglike is 1.703271167353053, num_events is 14478, mark_ll is -1.4472877490848184, time_ll is 3.1505591187923057[0m
[31;1m2026-09-28 09:11:54,016 - tpp_runner.py[pid:35268;line:140:_train_model] - CRITICAL: current best loglike on valid set is 1.4135 (updated at epoch-25), best updated at this epoch[0m
[38;20m2026-09-28 09:11:54,114 - tpp_runner.py[pid:35268;line:104:_train_model] - INFO: [ Epoch 26 (train) ]: train loglike is 1.658778448392044, num_events is 33274, mark_ll is -1.4071879684118982, time_ll is 3.0659664168039424[0m
[38;20m2026-09-28 09:11:54,134 - tpp_runner.py[pid:35268;line:116:_train_model] - INFO: [ Epoch 26 (valid) ]:  valid loglike is 1.4172299736336669, num_events is 9144, mark_ll is -1.4140784396274195, time_ll is 2.8313081996647393[0m
[38;20m2026-09-28 09:11:54,156 - tpp_runner.py[pid:35268;line:136:_train_model] - INFO: [ Epoch 26 (test) ]: test loglike is 1.7089441064675714, num_events is 14478, mark_ll is -1.446448180536849, time_ll is 3.1553922870044206[0m
[31;1m2026-09-28 09:11:54,158 - tpp_runner.py[pid:35268;line:140:_train_model] - CRITICAL: current best loglike on valid set is 1.4172 (updated at epoch-26), best updated at this epoch[0m
[38;20m2026-09-28 09:11:54,249 - tpp_runner.py[pid:35268;line:104:_train_model] - INFO: [ Epoch 27 (train) ]: train loglike is 1.6652945025348245, num_events is 33274, mark_ll is -1.4062987929060602, time_ll is 3.0715934128373505[0m
[38;20m2026-09-28 09:11:54,258 - tpp_runner.py[pid:35268;line:116:_train_model] - INFO: [ Epoch 27 (valid) ]:  valid loglike is 1.4257705301333183, num_events is 9144, mark_ll is -1.4138997929824202, time_ll is 2.8396703097659666[0m
[38;20m2026-09-28 09:11:54,298 - tpp_runner.py[pid:35268;line:136:_train_model] - INFO: [ Epoch 27 (test) ]: test loglike is 1.7179233146843487, num_events is 14478, mark_ll is -1.4465728983198647, time_ll is 3.164496213004213[0m
[31;1m2026-09-28 09:11:54,298 - tpp_runner.py[pid:35268;line:140:_train_model] - CRITICAL: current best loglike on valid set is 1.4258 (updated at epoch-27), best updated at this epoch[0m
[38;20m2026-09-28 09:11:54,408 - tpp_runner.py[pid:35268;line:104:_train_model] - INFO: [ Epoch 28 (train) ]: train loglike is 1.6704939406401207, num_events is 33274, mark_ll is -1.4053604282810903, time_ll is 3.0758544202821647[0m
[38;20m2026-09-28 09:11:54,428 - tpp_runner.py[pid:35268;line:116:_train_model] - INFO: [ Epoch 28 (valid) ]:  valid loglike is 1.43325645466802, num_events is 9144, mark_ll is -1.4140520871780675, time_ll is 2.847308435047914[0m
[38;20m2026-09-28 09:11:54,457 - tpp_runner.py[pid:35268;line:136:_train_model] - INFO: [ Epoch 28 (test) ]: test loglike is 1.7257478884989295, num_events is 14478, mark_ll is -1.446017907558019, time_ll is 3.1717659984113826[0m
[31;1m2026-09-28 09:11:54,457 - tpp_runner.py[pid:35268;line:140:_train_model] - CRITICAL: current best loglike on valid set is 1.4333 (updated at epoch-28), best updated at this epoch[0m
[38;20m2026-09-28 09:11:54,563 - tpp_runner.py[pid:35268;line:104:_train_model] - INFO: [ Epoch 29 (train) ]: train loglike is 1.67953265406173, num_events is 33274, mark_ll is -1.4042047774726514, time_ll is 3.083737578279963[0m
[38;20m2026-09-28 09:11:54,588 - tpp_runner.py[pid:35268;line:116:_train_model] - INFO: [ Epoch 29 (valid) ]:  valid loglike is 1.4433430615789726, num_events is 9144, mark_ll is -1.4136876117108896, time_ll is 2.8570304863930582[0m
[38;20m2026-09-28 09:11:54,616 - tpp_runner.py[pid:35268;line:136:_train_model] - INFO: [ Epoch 29 (test) ]: test loglike is 1.7338516439813856, num_events is 14478, mark_ll is -1.446280631065237, time_ll is 3.1801321401436664[0m
[31;1m2026-09-28 09:11:54,616 - tpp_runner.py[pid:35268;line:140:_train_model] - CRITICAL: current best loglike on valid set is 1.4433 (updated at epoch-29), best updated at this epoch[0m
[38;20m2026-09-28 09:11:54,723 - tpp_runner.py[pid:35268;line:104:_train_model] - INFO: [ Epoch 30 (train) ]: train loglike is 1.6847424083814502, num_events is 33274, mark_ll is -1.4032475560403768, time_ll is 3.0879900011082224[0m
[38;20m2026-09-28 09:11:54,742 - tpp_runner.py[pid:35268;line:116:_train_model] - INFO: [ Epoch 30 (valid) ]:  valid loglike is 1.4467255866850872, num_events is 9144, mark_ll is -1.4138508126700227, time_ll is 2.860576532852827[0m
[38;20m2026-09-28 09:11:54,774 - tpp_runner.py[pid:35268;line:136:_train_model] - INFO: [ Epoch 30 (test) ]: test loglike is 1.7398295986798937, num_events is 14478, mark_ll is -1.4453300373843072, time_ll is 3.185159703515679[0m
[31;1m2026-09-28 09:11:54,774 - tpp_runner.py[pid:35268;line:140:_train_model] - CRITICAL: current best loglike on valid set is 1.4467 (updated at epoch-30), best updated at this epoch[0m
[38;20m2026-09-28 09:11:54,887 - tpp_runner.py[pid:35268;line:104:_train_model] - INFO: [ Epoch 31 (train) ]: train loglike is 1.690625156284045, num_events is 33274, mark_ll is -1.4018078571458759, time_ll is 3.0924330097612813[0m
[38;20m2026-09-28 09:11:54,912 - tpp_runner.py[pid:35268;line:116:_train_model] - INFO: [ Epoch 31 (valid) ]:  valid loglike is 1.4551461954859402, num_events is 9144, mark_ll is -1.4139395219030237, time_ll is 2.8690857040391924[0m
[38;20m2026-09-28 09:11:54,941 - tpp_runner.py[pid:35268;line:136:_train_model] - INFO: [ Epoch 31 (test) ]: test loglike is 1.7472157378867939, num_events is 14478, mark_ll is -1.446705305571384, time_ll is 3.1939209760066998[0m
[31;1m2026-09-28 09:11:54,941 - tpp_runner.py[pid:35268;line:140:_train_model] - CRITICAL: current best loglike on valid set is 1.4551 (updated at epoch-31), best updated at this epoch[0m
[38;20m2026-09-28 09:11:55,045 - tpp_runner.py[pid:35268;line:104:_train_model] - INFO: [ Epoch 32 (train) ]: train loglike is 1.6994005971253832, num_events is 33274, mark_ll is -1.4005510619449495, time_ll is 3.099951688419449[0m
[38;20m2026-09-28 09:11:55,063 - tpp_runner.py[pid:35268;line:116:_train_model] - INFO: [ Epoch 32 (valid) ]:  valid loglike is 1.4635417934894979, num_events is 9144, mark_ll is -1.4137136437657207, time_ll is 2.877255470629648[0m
[38;20m2026-09-28 09:11:55,090 - tpp_runner.py[pid:35268;line:136:_train_model] - INFO: [ Epoch 32 (test) ]: test loglike is 1.7556369874766888, num_events is 14478, mark_ll is -1.4462324707098702, time_ll is 3.201869593089515[0m
[31;1m2026-09-28 09:11:55,090 - tpp_runner.py[pid:35268;line:140:_train_model] - CRITICAL: current best loglike on valid set is 1.4635 (updated at epoch-32), best updated at this epoch[0m
[38;20m2026-09-28 09:11:55,201 - tpp_runner.py[pid:35268;line:104:_train_model] - INFO: [ Epoch 33 (train) ]: train loglike is 1.7070474066885932, num_events is 33274, mark_ll is -1.3999305335763284, time_ll is 3.106977969614038[0m
[38;20m2026-09-28 09:11:55,223 - tpp_runner.py[pid:35268;line:116:_train_model] - INFO: [ Epoch 33 (valid) ]:  valid loglike is 1.4656241910038346, num_events is 9144, mark_ll is -1.4129551898358896, time_ll is 2.878579474288126[0m
[38;20m2026-09-28 09:11:55,256 - tpp_runner.py[pid:35268;line:136:_train_model] - INFO: [ Epoch 33 (test) ]: test loglike is 1.7538370447834646, num_events is 14478, mark_ll is -1.4455967405287333, time_ll is 3.199433785312198[0m
[31;1m2026-09-28 09:11:55,256 - tpp_runner.py[pid:35268;line:140:_train_model] - CRITICAL: current best loglike on valid set is 1.4656 (updated at epoch-33), best updated at this epoch[0m
[38;20m2026-09-28 09:11:55,376 - tpp_runner.py[pid:35268;line:104:_train_model] - INFO: [ Epoch 34 (train) ]: train loglike is 1.7118395450933912, num_events is 33274, mark_ll is -1.3986701284340814, time_ll is 3.1105096661901936[0m
[38;20m2026-09-28 09:11:55,392 - tpp_runner.py[pid:35268;line:116:_train_model] - INFO: [ Epoch 34 (valid) ]:  valid loglike is 1.4715634510377364, num_events is 9144, mark_ll is -1.412924338513472, time_ll is 2.8844878963493823[0m
[38;20m2026-09-28 09:11:55,425 - tpp_runner.py[pid:35268;line:136:_train_model] - INFO: [ Epoch 34 (test) ]: test loglike is 1.7649823223166183, num_events is 14478, mark_ll is -1.4460150745959386, time_ll is 3.210997396912557[0m
[31;1m2026-09-28 09:11:55,425 - tpp_runner.py[pid:35268;line:140:_train_model] - CRITICAL: current best loglike on valid set is 1.4716 (updated at epoch-34), best updated at this epoch[0m
[38;20m2026-09-28 09:11:55,537 - tpp_runner.py[pid:35268;line:104:_train_model] - INFO: [ Epoch 35 (train) ]: train loglike is 1.717408400527157, num_events is 33274, mark_ll is -1.3978860667887276, time_ll is 3.1152943792685357[0m
[38;20m2026-09-28 09:11:55,559 - tpp_runner.py[pid:35268;line:116:_train_model] - INFO: [ Epoch 35 (valid) ]:  valid loglike is 1.4794738182141294, num_events is 9144, mark_ll is -1.4131095665959235, time_ll is 2.892583064415532[0m
[38;20m2026-09-28 09:11:55,589 - tpp_runner.py[pid:35268;line:136:_train_model] - INFO: [ Epoch 35 (test) ]: test loglike is 1.7717748210647188, num_events is 14478, mark_ll is -1.4471263376977137, time_ll is 3.218901361116867[0m
[31;1m2026-09-28 09:11:55,589 - tpp_runner.py[pid:35268;line:140:_train_model] - CRITICAL: current best loglike on valid set is 1.4795 (updated at epoch-35), best updated at this epoch[0m
[38;20m2026-09-28 09:11:55,705 - tpp_runner.py[pid:35268;line:104:_train_model] - INFO: [ Epoch 36 (train) ]: train loglike is 1.7251279078517574, num_events is 33274, mark_ll is -1.3970501269114493, time_ll is 3.122178038431846[0m
[38;20m2026-09-28 09:11:55,726 - tpp_runner.py[pid:35268;line:116:_train_model] - INFO: [ Epoch 36 (valid) ]:  valid loglike is 1.4841048807192558, num_events is 9144, mark_ll is -1.4128218523160678, time_ll is 2.8969267330353237[0m
[38;20m2026-09-28 09:11:55,752 - tpp_runner.py[pid:35268;line:136:_train_model] - INFO: [ Epoch 36 (test) ]: test loglike is 1.7735537863482524, num_events is 14478, mark_ll is -1.4471036740010705, time_ll is 3.220657392897845[0m
[31;1m2026-09-28 09:11:55,752 - tpp_runner.py[pid:35268;line:140:_train_model] - CRITICAL: current best loglike on valid set is 1.4841 (updated at epoch-36), best updated at this epoch[0m
[38;20m2026-09-28 09:11:55,865 - tpp_runner.py[pid:35268;line:104:_train_model] - INFO: [ Epoch 37 (train) ]: train loglike is 1.731328458992945, num_events is 33274, mark_ll is -1.3966672456758187, time_ll is 3.127995678988287[0m
[38;20m2026-09-28 09:11:55,895 - tpp_runner.py[pid:35268;line:116:_train_model] - INFO: [ Epoch 37 (valid) ]:  valid loglike is 1.4797165838126436, num_events is 9144, mark_ll is -1.4124549204908956, time_ll is 2.8921715176533107[0m
[38;20m2026-09-28 09:11:55,926 - tpp_runner.py[pid:35268;line:136:_train_model] - INFO: [ Epoch 37 (test) ]: test loglike is 1.7671424559029216, num_events is 14478, mark_ll is -1.4459295461217019, time_ll is 3.2130719345731453[0m
[31;1m2026-09-28 09:11:55,926 - tpp_runner.py[pid:35268;line:140:_train_model] - CRITICAL: current best loglike on valid set is 1.4841 (updated at epoch-36)[0m
[38;20m2026-09-28 09:11:56,050 - tpp_runner.py[pid:35268;line:104:_train_model] - INFO: [ Epoch 38 (train) ]: train loglike is 1.7318497103066115, num_events is 33274, mark_ll is -1.396183627266691, time_ll is 3.128033333904663[0m
[38;20m2026-09-28 09:11:56,068 - tpp_runner.py[pid:35268;line:116:_train_model] - INFO: [ Epoch 38 (valid) ]:  valid loglike is 1.4735212818322636, num_events is 9144, mark_ll is -1.4120673365688907, time_ll is 2.8855886117262686[0m
[38;20m2026-09-28 09:11:56,100 - tpp_runner.py[pid:35268;line:136:_train_model] - INFO: [ Epoch 38 (test) ]: test loglike is 1.75915100713151, num_events is 14478, mark_ll is -1.4452056568586822, time_ll is 3.2043567988931483[0m
[31;1m2026-09-28 09:11:56,100 - tpp_runner.py[pid:35268;line:140:_train_model] - CRITICAL: current best loglike on valid set is 1.4841 (updated at epoch-36)[0m
[38;20m2026-09-28 09:11:56,220 - tpp_runner.py[pid:35268;line:104:_train_model] - INFO: [ Epoch 39 (train) ]: train loglike is 1.72276115107939, num_events is 33274, mark_ll is -1.3957828944309933, time_ll is 3.1185439868121505[0m
[38;20m2026-09-28 09:11:56,241 - tpp_runner.py[pid:35268;line:116:_train_model] - INFO: [ Epoch 39 (valid) ]:  valid loglike is 1.4743461041521422, num_events is 9144, mark_ll is -1.4123452254167692, time_ll is 2.8866914630666285[0m
[38;20m2026-09-28 09:11:56,257 - tpp_runner.py[pid:35268;line:136:_train_model] - INFO: [ Epoch 39 (test) ]: test loglike is 1.7601100322472027, num_events is 14478, mark_ll is -1.4459621926371047, time_ll is 3.206072089981351[0m
[31;1m2026-09-28 09:11:56,257 - tpp_runner.py[pid:35268;line:140:_train_model] - CRITICAL: current best loglike on valid set is 1.4841 (updated at epoch-36)[0m
[38;20m2026-09-28 09:11:56,383 - tpp_runner.py[pid:35268;line:104:_train_model] - INFO: [ Epoch 40 (train) ]: train loglike is 1.7369979818960561, num_events is 33274, mark_ll is -1.3958033911201784, time_ll is 3.132801376684874[0m
[38;20m2026-09-28 09:11:56,399 - tpp_runner.py[pid:35268;line:116:_train_model] - INFO: [ Epoch 40 (valid) ]:  valid loglike is 1.4875100203386442, num_events is 9144, mark_ll is -1.411976010780635, time_ll is 2.899486017769507[0m
[38;20m2026-09-28 09:11:56,445 - tpp_runner.py[pid:35268;line:136:_train_model] - INFO: [ Epoch 40 (test) ]: test loglike is 1.78086350303046, num_events is 14478, mark_ll is -1.4465876027420914, time_ll is 3.2274511057725515[0m
[31;1m2026-09-28 09:11:56,445 - tpp_runner.py[pid:35268;line:140:_train_model] - CRITICAL: current best loglike on valid set is 1.4875 (updated at epoch-40), best updated at this epoch[0m
[38;20m2026-09-28 09:11:56,583 - tpp_runner.py[pid:35268;line:104:_train_model] - INFO: [ Epoch 41 (train) ]: train loglike is 1.7445407121551362, num_events is 33274, mark_ll is -1.395606183400985, time_ll is 3.1401469909407496[0m
[38;20m2026-09-28 09:11:56,604 - tpp_runner.py[pid:35268;line:116:_train_model] - INFO: [ Epoch 41 (valid) ]:  valid loglike is 1.4997861366572343, num_events is 9144, mark_ll is -1.4122784632084564, time_ll is 2.912064386269343[0m
[38;20m2026-09-28 09:11:56,620 - tpp_runner.py[pid:35268;line:136:_train_model] - INFO: [ Epoch 41 (test) ]: test loglike is 1.794517975549109, num_events is 14478, mark_ll is -1.4442635620639936, time_ll is 3.2387816050645806[0m
[31;1m2026-09-28 09:11:56,620 - tpp_runner.py[pid:35268;line:140:_train_model] - CRITICAL: current best loglike on valid set is 1.4998 (updated at epoch-41), best updated at this epoch[0m
[38;20m2026-09-28 09:11:56,743 - tpp_runner.py[pid:35268;line:104:_train_model] - INFO: [ Epoch 42 (train) ]: train loglike is 1.7513227096477824, num_events is 33274, mark_ll is -1.3948278191528578, time_ll is 3.1461504994515237[0m
[38;20m2026-09-28 09:11:56,761 - tpp_runner.py[pid:35268;line:116:_train_model] - INFO: [ Epoch 42 (valid) ]:  valid loglike is 1.500847176512604, num_events is 9144, mark_ll is -1.4123245733199365, time_ll is 2.913171856630714[0m
[38;20m2026-09-28 09:11:56,789 - tpp_runner.py[pid:35268;line:136:_train_model] - INFO: [ Epoch 42 (test) ]: test loglike is 1.7969725348373393, num_events is 14478, mark_ll is -1.445259010977863, time_ll is 3.242231343460768[0m
[31;1m2026-09-28 09:11:56,789 - tpp_runner.py[pid:35268;line:140:_train_model] - CRITICAL: current best loglike on valid set is 1.5008 (updated at epoch-42), best updated at this epoch[0m
[38;20m2026-09-28 09:11:56,906 - tpp_runner.py[pid:35268;line:104:_train_model] - INFO: [ Epoch 43 (train) ]: train loglike is 1.754944463987695, num_events is 33274, mark_ll is -1.3937356101282157, time_ll is 3.1486801658318995[0m
[38;20m2026-09-28 09:11:56,926 - tpp_runner.py[pid:35268;line:116:_train_model] - INFO: [ Epoch 43 (valid) ]:  valid loglike is 1.5046731943846374, num_events is 9144, mark_ll is -1.412676580100339, time_ll is 2.91734988128315[0m
[38;20m2026-09-28 09:11:56,957 - tpp_runner.py[pid:35268;line:136:_train_model] - INFO: [ Epoch 43 (test) ]: test loglike is 1.799547697368421, num_events is 14478, mark_ll is -1.445649487584611, time_ll is 3.245197184953032[0m
[31;1m2026-09-28 09:11:56,957 - tpp_runner.py[pid:35268;line:140:_train_model] - CRITICAL: current best loglike on valid set is 1.5047 (updated at epoch-43), best updated at this epoch[0m
[38;20m2026-09-28 09:11:57,075 - tpp_runner.py[pid:35268;line:104:_train_model] - INFO: [ Epoch 44 (train) ]: train loglike is 1.7596943359961983, num_events is 33274, mark_ll is -1.3931652907605225, time_ll is 3.1528596927922328[0m
[38;20m2026-09-28 09:11:57,100 - tpp_runner.py[pid:35268;line:116:_train_model] - INFO: [ Epoch 44 (valid) ]:  valid loglike is 1.513439081680952, num_events is 9144, mark_ll is -1.4118589332827538, time_ll is 2.9252980149637056[0m
[38;20m2026-09-28 09:11:57,129 - tpp_runner.py[pid:35268;line:136:_train_model] - INFO: [ Epoch 44 (test) ]: test loglike is 1.8085069399476792, num_events is 14478, mark_ll is -1.444879663865002, time_ll is 3.2533866038126815[0m
[31;1m2026-09-28 09:11:57,129 - tpp_runner.py[pid:35268;line:140:_train_model] - CRITICAL: current best loglike on valid set is 1.5134 (updated at epoch-44), best updated at this epoch[0m
[38;20m2026-09-28 09:11:57,246 - tpp_runner.py[pid:35268;line:104:_train_model] - INFO: [ Epoch 45 (train) ]: train loglike is 1.7602490819889873, num_events is 33274, mark_ll is -1.393440299318725, time_ll is 3.153689348289956[0m
[38;20m2026-09-28 09:11:57,269 - tpp_runner.py[pid:35268;line:116:_train_model] - INFO: [ Epoch 45 (valid) ]:  valid loglike is 1.5114036820379142, num_events is 9144, mark_ll is -1.410738874086662, time_ll is 2.9221426362232066[0m
[38;20m2026-09-28 09:11:57,296 - tpp_runner.py[pid:35268;line:136:_train_model] - INFO: [ Epoch 45 (test) ]: test loglike is 1.8058907669179098, num_events is 14478, mark_ll is -1.4457959247435765, time_ll is 3.2516866916614866[0m
[31;1m2026-09-28 09:11:57,296 - tpp_runner.py[pid:35268;line:140:_train_model] - CRITICAL: current best loglike on valid set is 1.5134 (updated at epoch-44)[0m
[38;20m2026-09-28 09:11:57,409 - tpp_runner.py[pid:35268;line:104:_train_model] - INFO: [ Epoch 46 (train) ]: train loglike is 1.765077859097005, num_events is 33274, mark_ll is -1.3931270672050156, time_ll is 3.1582049299706605[0m
[38;20m2026-09-28 09:11:57,436 - tpp_runner.py[pid:35268;line:116:_train_model] - INFO: [ Epoch 46 (valid) ]:  valid loglike is 1.51882774373052, num_events is 9144, mark_ll is -1.4111928731229153, time_ll is 2.930020630203207[0m
[38;20m2026-09-28 09:11:57,466 - tpp_runner.py[pid:35268;line:136:_train_model] - INFO: [ Epoch 46 (test) ]: test loglike is 1.8168647176966777, num_events is 14478, mark_ll is -1.4441845763831331, time_ll is 3.261049226628333[0m
[31;1m2026-09-28 09:11:57,466 - tpp_runner.py[pid:35268;line:140:_train_model] - CRITICAL: current best loglike on valid set is 1.5188 (updated at epoch-46), best updated at this epoch[0m
[38;20m2026-09-28 09:11:57,587 - tpp_runner.py[pid:35268;line:104:_train_model] - INFO: [ Epoch 47 (train) ]: train loglike is 1.7689038869558908, num_events is 33274, mark_ll is -1.3939862699257022, time_ll is 3.1628901788934303[0m
[38;20m2026-09-28 09:11:57,606 - tpp_runner.py[pid:35268;line:116:_train_model] - INFO: [ Epoch 47 (valid) ]:  valid loglike is 1.5116813439396735, num_events is 9144, mark_ll is -1.4126682231432497, time_ll is 2.924349567082923[0m
[38;20m2026-09-28 09:11:57,635 - tpp_runner.py[pid:35268;line:136:_train_model] - INFO: [ Epoch 47 (test) ]: test loglike is 1.8075970195080466, num_events is 14478, mark_ll is -1.445284844893977, time_ll is 3.2528816620475896[0m
[31;1m2026-09-28 09:11:57,635 - tpp_runner.py[pid:35268;line:140:_train_model] - CRITICAL: current best loglike on valid set is 1.5188 (updated at epoch-46)[0m
[38;20m2026-09-28 09:11:57,757 - tpp_runner.py[pid:35268;line:104:_train_model] - INFO: [ Epoch 48 (train) ]: train loglike is 1.7584554657681297, num_events is 33274, mark_ll is -1.393508044416718, time_ll is 3.151963444149336[0m
[38;20m2026-09-28 09:11:57,769 - tpp_runner.py[pid:35268;line:116:_train_model] - INFO: [ Epoch 48 (valid) ]:  valid loglike is 1.4787817460241175, num_events is 9144, mark_ll is -1.4126206846061966, time_ll is 2.8914023305070264[0m
[38;20m2026-09-28 09:11:57,805 - tpp_runner.py[pid:35268;line:136:_train_model] - INFO: [ Epoch 48 (test) ]: test loglike is 1.7694244068586822, num_events is 14478, mark_ll is -1.4450120036650436, time_ll is 3.2144363430722476[0m
[31;1m2026-09-28 09:11:57,805 - tpp_runner.py[pid:35268;line:140:_train_model] - CRITICAL: current best loglike on valid set is 1.5188 (updated at epoch-46)[0m
[38;20m2026-09-28 09:11:57,922 - tpp_runner.py[pid:35268;line:104:_train_model] - INFO: [ Epoch 49 (train) ]: train loglike is 1.7300509726649373, num_events is 33274, mark_ll is -1.3942072687723992, time_ll is 3.124258245105976[0m
[38;20m2026-09-28 09:11:57,939 - tpp_runner.py[pid:35268;line:116:_train_model] - INFO: [ Epoch 49 (valid) ]:  valid loglike is 1.4941018439131877, num_events is 9144, mark_ll is -1.4136765314003719, time_ll is 2.907778255165614[0m
[38;20m2026-09-28 09:11:57,967 - tpp_runner.py[pid:35268;line:136:_train_model] - INFO: [ Epoch 49 (test) ]: test loglike is 1.7934542657393977, num_events is 14478, mark_ll is -1.4414865172589446, time_ll is 3.234941052804255[0m
[31;1m2026-09-28 09:11:57,967 - tpp_runner.py[pid:35268;line:140:_train_model] - CRITICAL: current best loglike on valid set is 1.5188 (updated at epoch-46)[0m
[38;20m2026-09-28 09:11:58,081 - tpp_runner.py[pid:35268;line:104:_train_model] - INFO: [ Epoch 50 (train) ]: train loglike is 1.7427624638653678, num_events is 33274, mark_ll is -1.3968816666517965, time_ll is 3.1396440718189313[0m
[38;20m2026-09-28 09:11:58,100 - tpp_runner.py[pid:35268;line:116:_train_model] - INFO: [ Epoch 50 (valid) ]:  valid loglike is 1.4973770235049964, num_events is 9144, mark_ll is -1.4133295441341316, time_ll is 2.9107063673925526[0m
[38;20m2026-09-28 09:11:58,126 - tpp_runner.py[pid:35268;line:136:_train_model] - INFO: [ Epoch 50 (test) ]: test loglike is 1.7976330197109407, num_events is 14478, mark_ll is -1.4419935500198577, time_ll is 3.2396266371822766[0m
[31;1m2026-09-28 09:11:58,126 - tpp_runner.py[pid:35268;line:140:_train_model] - CRITICAL: current best loglike on valid set is 1.5188 (updated at epoch-46)[0m
[38;20m2026-09-28 09:11:58,254 - tpp_runner.py[pid:35268;line:104:_train_model] - INFO: [ Epoch 51 (train) ]: train loglike is 1.7541653733489362, num_events is 33274, mark_ll is -1.3949991556259205, time_ll is 3.1491644482647865[0m
[38;20m2026-09-28 09:11:58,277 - tpp_runner.py[pid:35268;line:116:_train_model] - INFO: [ Epoch 51 (valid) ]:  valid loglike is 1.5140467098900234, num_events is 9144, mark_ll is -1.4122482660248523, time_ll is 2.9262949492153325[0m
[38;20m2026-09-28 09:11:58,304 - tpp_runner.py[pid:35268;line:136:_train_model] - INFO: [ Epoch 51 (test) ]: test loglike is 1.8147895055213081, num_events is 14478, mark_ll is -1.4445024077479625, time_ll is 3.259292115623705[0m
[31;1m2026-09-28 09:11:58,304 - tpp_runner.py[pid:35268;line:140:_train_model] - CRITICAL: current best loglike on valid set is 1.5188 (updated at epoch-46)[0m
[38;20m2026-09-28 09:11:58,423 - tpp_runner.py[pid:35268;line:104:_train_model] - INFO: [ Epoch 52 (train) ]: train loglike is 1.7625062161428593, num_events is 33274, mark_ll is -1.394411512942256, time_ll is 3.1569176703868824[0m
[38;20m2026-09-28 09:11:58,446 - tpp_runner.py[pid:35268;line:116:_train_model] - INFO: [ Epoch 52 (valid) ]:  valid loglike is 1.5091629495562322, num_events is 9144, mark_ll is -1.4119705240244627, time_ll is 2.9211335002802383[0m
[38;20m2026-09-28 09:11:58,473 - tpp_runner.py[pid:35268;line:136:_train_model] - INFO: [ Epoch 52 (test) ]: test loglike is 1.8093059701573075, num_events is 14478, mark_ll is -1.4448486361850739, time_ll is 3.2541544714394255[0m
[31;1m2026-09-28 09:11:58,473 - tpp_runner.py[pid:35268;line:140:_train_model] - CRITICAL: current best loglike on valid set is 1.5188 (updated at epoch-46)[0m
[38;20m2026-09-28 09:11:58,594 - tpp_runner.py[pid:35268;line:104:_train_model] - INFO: [ Epoch 53 (train) ]: train loglike is 1.7713122350948751, num_events is 33274, mark_ll is -1.393223783549562, time_ll is 3.1645360479935536[0m
[38;20m2026-09-28 09:11:58,617 - tpp_runner.py[pid:35268;line:116:_train_model] - INFO: [ Epoch 53 (valid) ]:  valid loglike is 1.4982974101656483, num_events is 9144, mark_ll is -1.411465355313252, time_ll is 2.909762858927302[0m
[38;20m2026-09-28 09:11:58,647 - tpp_runner.py[pid:35268;line:136:_train_model] - INFO: [ Epoch 53 (test) ]: test loglike is 1.7949711820304945, num_events is 14478, mark_ll is -1.444096822010119, time_ll is 3.2390678691376573[0m
[31;1m2026-09-28 09:11:58,647 - tpp_runner.py[pid:35268;line:140:_train_model] - CRITICAL: current best loglike on valid set is 1.5188 (updated at epoch-46)[0m
[38;20m2026-09-28 09:11:58,767 - tpp_runner.py[pid:35268;line:104:_train_model] - INFO: [ Epoch 54 (train) ]: train loglike is 1.7700855667619613, num_events is 33274, mark_ll is -1.3925077128010515, time_ll is 3.162593253882536[0m
[38;20m2026-09-28 09:11:58,787 - tpp_runner.py[pid:35268;line:116:_train_model] - INFO: [ Epoch 54 (valid) ]:  valid loglike is 1.5210755248916639, num_events is 9144, mark_ll is -1.4111437726625724, time_ll is 2.932219043908574[0m
[38;20m2026-09-28 09:11:58,817 - tpp_runner.py[pid:35268;line:136:_train_model] - INFO: [ Epoch 54 (test) ]: test loglike is 1.8186803091328223, num_events is 14478, mark_ll is -1.4443834907920639, time_ll is 3.2630640022793203[0m
[31;1m2026-09-28 09:11:58,819 - tpp_runner.py[pid:35268;line:140:_train_model] - CRITICAL: current best loglike on valid set is 1.5211 (updated at epoch-54), best updated at this epoch[0m
[38;20m2026-09-28 09:11:58,936 - tpp_runner.py[pid:35268;line:104:_train_model] - INFO: [ Epoch 55 (train) ]: train loglike is 1.7737746002826438, num_events is 33274, mark_ll is -1.3924572359894363, time_ll is 3.1662317812424865[0m
[38;20m2026-09-28 09:11:58,958 - tpp_runner.py[pid:35268;line:116:_train_model] - INFO: [ Epoch 55 (valid) ]:  valid loglike is 1.5177770632979959, num_events is 9144, mark_ll is -1.411136657234252, time_ll is 2.9289139341285955[0m
[38;20m2026-09-28 09:11:58,985 - tpp_runner.py[pid:35268;line:136:_train_model] - INFO: [ Epoch 55 (test) ]: test loglike is 1.8104318027783535, num_events is 14478, mark_ll is -1.4453446069035778, time_ll is 3.255776274778975[0m
[31;1m2026-09-28 09:11:58,985 - tpp_runner.py[pid:35268;line:140:_train_model] - CRITICAL: current best loglike on valid set is 1.5211 (updated at epoch-54)[0m
[38;20m2026-09-28 09:11:59,110 - tpp_runner.py[pid:35268;line:104:_train_model] - INFO: [ Epoch 56 (train) ]: train loglike is 1.7792960348815423, num_events is 33274, mark_ll is -1.392300970287659, time_ll is 3.171596975820085[0m
[38;20m2026-09-28 09:11:59,160 - tpp_runner.py[pid:35268;line:116:_train_model] - INFO: [ Epoch 56 (valid) ]:  valid loglike is 1.5084320095058918, num_events is 9144, mark_ll is -1.411121919086286, time_ll is 2.919554142188525[0m
[38;20m2026-09-28 09:11:59,215 - tpp_runner.py[pid:35268;line:136:_train_model] - INFO: [ Epoch 56 (test) ]: test loglike is 1.7993408236850739, num_events is 14478, mark_ll is -1.4462810357741056, time_ll is 3.2456218594591792[0m
[31;1m2026-09-28 09:11:59,215 - tpp_runner.py[pid:35268;line:140:_train_model] - CRITICAL: current best loglike on valid set is 1.5211 (updated at epoch-54)[0m
[38;20m2026-09-28 09:11:59,410 - tpp_runner.py[pid:35268;line:104:_train_model] - INFO: [ Epoch 57 (train) ]: train loglike is 1.7747909638531587, num_events is 33274, mark_ll is -1.3920902106139554, time_ll is 3.1668812331653466[0m
[38;20m2026-09-28 09:11:59,429 - tpp_runner.py[pid:35268;line:116:_train_model] - INFO: [ Epoch 57 (valid) ]:  valid loglike is 1.527552754025864, num_events is 9144, mark_ll is -1.4109479582111562, time_ll is 2.938500725586792[0m
[38;20m2026-09-28 09:11:59,460 - tpp_runner.py[pid:35268;line:136:_train_model] - INFO: [ Epoch 57 (test) ]: test loglike is 1.823133927877642, num_events is 14478, mark_ll is -1.445039996028457, time_ll is 3.268173856454621[0m
[31;1m2026-09-28 09:11:59,460 - tpp_runner.py[pid:35268;line:140:_train_model] - CRITICAL: current best loglike on valid set is 1.5276 (updated at epoch-57), best updated at this epoch[0m
[38;20m2026-09-28 09:11:59,572 - tpp_runner.py[pid:35268;line:104:_train_model] - INFO: [ Epoch 58 (train) ]: train loglike is 1.779559516574268, num_events is 33274, mark_ll is -1.3920830861159426, time_ll is 3.17164260635885[0m
[38;20m2026-09-28 09:11:59,593 - tpp_runner.py[pid:35268;line:116:_train_model] - INFO: [ Epoch 58 (valid) ]:  valid loglike is 1.5267007048465866, num_events is 9144, mark_ll is -1.4112019376179052, time_ll is 2.9379025223165462[0m
[38;20m2026-09-28 09:11:59,628 - tpp_runner.py[pid:35268;line:136:_train_model] - INFO: [ Epoch 58 (test) ]: test loglike is 1.8226784954974788, num_events is 14478, mark_ll is -1.444238672468573, time_ll is 3.26691723541753[0m
[31;1m2026-09-28 09:11:59,628 - tpp_runner.py[pid:35268;line:140:_train_model] - CRITICAL: current best loglike on valid set is 1.5276 (updated at epoch-57)[0m
[38;20m2026-09-28 09:11:59,753 - tpp_runner.py[pid:35268;line:104:_train_model] - INFO: [ Epoch 59 (train) ]: train loglike is 1.7774426675282784, num_events is 33274, mark_ll is -1.3915075242623276, time_ll is 3.168950257826118[0m
[38;20m2026-09-28 09:11:59,769 - tpp_runner.py[pid:35268;line:116:_train_model] - INFO: [ Epoch 59 (valid) ]:  valid loglike is 1.5287888360878719, num_events is 9144, mark_ll is -1.4112248458261565, time_ll is 2.940013788712202[0m
[38;20m2026-09-28 09:11:59,810 - tpp_runner.py[pid:35268;line:136:_train_model] - INFO: [ Epoch 59 (test) ]: test loglike is 1.824630945982698, num_events is 14478, mark_ll is -1.4456162340059056, time_ll is 3.270247045085647[0m
[31;1m2026-09-28 09:11:59,810 - tpp_runner.py[pid:35268;line:140:_train_model] - CRITICAL: current best loglike on valid set is 1.5288 (updated at epoch-59), best updated at this epoch[0m
[38;20m2026-09-28 09:11:59,931 - tpp_runner.py[pid:35268;line:104:_train_model] - INFO: [ Epoch 60 (train) ]: train loglike is 1.7834571562772359, num_events is 33274, mark_ll is -1.3918068375575712, time_ll is 3.1752639424738534[0m
[38;20m2026-09-28 09:11:59,951 - tpp_runner.py[pid:35268;line:116:_train_model] - INFO: [ Epoch 60 (valid) ]:  valid loglike is 1.527044474817845, num_events is 9144, mark_ll is -1.4106427423805912, time_ll is 2.9376872438979795[0m
[38;20m2026-09-28 09:11:59,979 - tpp_runner.py[pid:35268;line:136:_train_model] - INFO: [ Epoch 60 (test) ]: test loglike is 1.8271598367997997, num_events is 14478, mark_ll is -1.4440349690046967, time_ll is 3.271194738353018[0m
[31;1m2026-09-28 09:11:59,981 - tpp_runner.py[pid:35268;line:140:_train_model] - CRITICAL: current best loglike on valid set is 1.5288 (updated at epoch-59)[0m
[38;20m2026-09-28 09:12:00,101 - tpp_runner.py[pid:35268;line:104:_train_model] - INFO: [ Epoch 61 (train) ]: train loglike is 1.7836112281325602, num_events is 33274, mark_ll is -1.3918396021774226, time_ll is 3.1754507936235874[0m
[38;20m2026-09-28 09:12:00,123 - tpp_runner.py[pid:35268;line:116:_train_model] - INFO: [ Epoch 61 (valid) ]:  valid loglike is 1.5242634770751313, num_events is 9144, mark_ll is -1.4109834018550416, time_ll is 2.93524709252652[0m
[38;20m2026-09-28 09:12:00,150 - tpp_runner.py[pid:35268;line:136:_train_model] - INFO: [ Epoch 61 (test) ]: test loglike is 1.8196562645695193, num_events is 14478, mark_ll is -1.4427863746935006, time_ll is 3.26244263926302[0m
[31;1m2026-09-28 09:12:00,150 - tpp_runner.py[pid:35268;line:140:_train_model] - CRITICAL: current best loglike on valid set is 1.5288 (updated at epoch-59)[0m
[38;20m2026-09-28 09:12:00,269 - tpp_runner.py[pid:35268;line:104:_train_model] - INFO: [ Epoch 62 (train) ]: train loglike is 1.7885539164987114, num_events is 33274, mark_ll is -1.3913242170184021, time_ll is 3.179878137185753[0m
[38;20m2026-09-28 09:12:00,289 - tpp_runner.py[pid:35268;line:116:_train_model] - INFO: [ Epoch 62 (valid) ]:  valid loglike is 1.5248726538577209, num_events is 9144, mark_ll is -1.4112568852782563, time_ll is 2.9361297527323247[0m
[38;20m2026-09-28 09:12:00,321 - tpp_runner.py[pid:35268;line:136:_train_model] - INFO: [ Epoch 62 (test) ]: test loglike is 1.8214723281660106, num_events is 14478, mark_ll is -1.443334215598667, time_ll is 3.2648065437646774[0m
[31;1m2026-09-28 09:12:00,321 - tpp_runner.py[pid:35268;line:140:_train_model] - CRITICAL: current best loglike on valid set is 1.5288 (updated at epoch-59)[0m
[38;20m2026-09-28 09:12:00,430 - tpp_runner.py[pid:35268;line:104:_train_model] - INFO: [ Epoch 63 (train) ]: train loglike is 1.7879921634043754, num_events is 33274, mark_ll is -1.391111094740826, time_ll is 3.1791032911629578[0m
[38;20m2026-09-28 09:12:00,455 - tpp_runner.py[pid:35268;line:116:_train_model] - INFO: [ Epoch 63 (valid) ]:  valid loglike is 1.5372256248120353, num_events is 9144, mark_ll is -1.4111909774553328, time_ll is 2.9484168025139437[0m
[38;20m2026-09-28 09:12:00,490 - tpp_runner.py[pid:35268;line:136:_train_model] - INFO: [ Epoch 63 (test) ]: test loglike is 1.8384613994077221, num_events is 14478, mark_ll is -1.444038948641905, time_ll is 3.2825004155011053[0m
[31;1m2026-09-28 09:12:00,490 - tpp_runner.py[pid:35268;line:140:_train_model] - CRITICAL: current best loglike on valid set is 1.5372 (updated at epoch-63), best updated at this epoch[0m
[38;20m2026-09-28 09:12:00,609 - tpp_runner.py[pid:35268;line:104:_train_model] - INFO: [ Epoch 64 (train) ]: train loglike is 1.7906293025804683, num_events is 33274, mark_ll is -1.3913484006903383, time_ll is 3.181977728951283[0m
[38;20m2026-09-28 09:12:00,636 - tpp_runner.py[pid:35268;line:116:_train_model] - INFO: [ Epoch 64 (valid) ]:  valid loglike is 1.5337598371797763, num_events is 9144, mark_ll is -1.4109819600796971, time_ll is 2.9447418239590166[0m
[38;20m2026-09-28 09:12:00,652 - tpp_runner.py[pid:35268;line:136:_train_model] - INFO: [ Epoch 64 (test) ]: test loglike is 1.8337605709956486, num_events is 14478, mark_ll is -1.4440321360426165, time_ll is 3.277792707038265[0m
[31;1m2026-09-28 09:12:00,652 - tpp_runner.py[pid:35268;line:140:_train_model] - CRITICAL: current best loglike on valid set is 1.5372 (updated at epoch-63)[0m
[38;20m2026-09-28 09:12:00,763 - tpp_runner.py[pid:35268;line:104:_train_model] - INFO: [ Epoch 65 (train) ]: train loglike is 1.790726829694356, num_events is 33274, mark_ll is -1.390945496020025, time_ll is 3.181672351394858[0m
[38;20m2026-09-28 09:12:00,794 - tpp_runner.py[pid:35268;line:116:_train_model] - INFO: [ Epoch 65 (valid) ]:  valid loglike is 1.5303024999530088, num_events is 9144, mark_ll is -1.4112024182096867, time_ll is 2.941505118409271[0m
[38;20m2026-09-28 09:12:00,819 - tpp_runner.py[pid:35268;line:136:_train_model] - INFO: [ Epoch 65 (test) ]: test loglike is 1.828974079206382, num_events is 14478, mark_ll is -1.4449411121615554, time_ll is 3.273915326270894[0m
[31;1m2026-09-28 09:12:00,819 - tpp_runner.py[pid:35268;line:140:_train_model] - CRITICAL: current best loglike on valid set is 1.5372 (updated at epoch-63)[0m
[38;20m2026-09-28 09:12:00,936 - tpp_runner.py[pid:35268;line:104:_train_model] - INFO: [ Epoch 66 (train) ]: train loglike is 1.7947356108325945, num_events is 33274, mark_ll is -1.3908842040590064, time_ll is 3.1856198809271126[0m
[38;20m2026-09-28 09:12:00,952 - tpp_runner.py[pid:35268;line:116:_train_model] - INFO: [ Epoch 66 (valid) ]:  valid loglike is 1.5373556515884734, num_events is 9144, mark_ll is -1.4112210945403065, time_ll is 2.9485767327790082[0m
[38;20m2026-09-28 09:12:00,983 - tpp_runner.py[pid:35268;line:136:_train_model] - INFO: [ Epoch 66 (test) ]: test loglike is 1.8386350195123635, num_events is 14478, mark_ll is -1.4450396587710665, time_ll is 3.2836750155408208[0m
[31;1m2026-09-28 09:12:00,983 - tpp_runner.py[pid:35268;line:140:_train_model] - CRITICAL: current best loglike on valid set is 1.5374 (updated at epoch-66), best updated at this epoch[0m
[38;20m2026-09-28 09:12:01,102 - tpp_runner.py[pid:35268;line:104:_train_model] - INFO: [ Epoch 67 (train) ]: train loglike is 1.7952285879412229, num_events is 33274, mark_ll is -1.3909461747183425, time_ll is 3.1861748286950773[0m
[38;20m2026-09-28 09:12:01,141 - tpp_runner.py[pid:35268;line:116:_train_model] - INFO: [ Epoch 67 (valid) ]:  valid loglike is 1.5346877531116716, num_events is 9144, mark_ll is -1.4114400708456365, time_ll is 2.946127823957308[0m
[38;20m2026-09-28 09:12:01,205 - tpp_runner.py[pid:35268;line:136:_train_model] - INFO: [ Epoch 67 (test) ]: test loglike is 1.8311779888019755, num_events is 14478, mark_ll is -1.4445720851248447, time_ll is 3.275750006475342[0m
[31;1m2026-09-28 09:12:01,205 - tpp_runner.py[pid:35268;line:140:_train_model] - CRITICAL: current best loglike on valid set is 1.5374 (updated at epoch-66)[0m
[38;20m2026-09-28 09:12:01,399 - tpp_runner.py[pid:35268;line:104:_train_model] - INFO: [ Epoch 68 (train) ]: train loglike is 1.797964006302312, num_events is 33274, mark_ll is -1.390733943920178, time_ll is 3.1886980089207224[0m
[38;20m2026-09-28 09:12:01,419 - tpp_runner.py[pid:35268;line:116:_train_model] - INFO: [ Epoch 68 (valid) ]:  valid loglike is 1.5330203532755426, num_events is 9144, mark_ll is -1.4114124234684287, time_ll is 2.944432669945798[0m
[38;20m2026-09-28 09:12:01,441 - tpp_runner.py[pid:35268;line:136:_train_model] - INFO: [ Epoch 68 (test) ]: test loglike is 1.8280686780157827, num_events is 14478, mark_ll is -1.4446832451607612, time_ll is 3.2727519231765436[0m
[31;1m2026-09-28 09:12:01,441 - tpp_runner.py[pid:35268;line:140:_train_model] - CRITICAL: current best loglike on valid set is 1.5374 (updated at epoch-66)[0m
[38;20m2026-09-28 09:12:01,568 - tpp_runner.py[pid:35268;line:104:_train_model] - INFO: [ Epoch 69 (train) ]: train loglike is 1.7980453290352922, num_events is 33274, mark_ll is -1.3905511062621154, time_ll is 3.1885965270133965[0m
[38;20m2026-09-28 09:12:01,601 - tpp_runner.py[pid:35268;line:116:_train_model] - INFO: [ Epoch 69 (valid) ]:  valid loglike is 1.5437873580011483, num_events is 9144, mark_ll is -1.4110471737144918, time_ll is 2.9548346518635853[0m
[38;20m2026-09-28 09:12:01,632 - tpp_runner.py[pid:35268;line:136:_train_model] - INFO: [ Epoch 69 (test) ]: test loglike is 1.8424537174937836, num_events is 14478, mark_ll is -1.4447892788843417, time_ll is 3.287242928926647[0m
[31;1m2026-09-28 09:12:01,632 - tpp_runner.py[pid:35268;line:140:_train_model] - CRITICAL: current best loglike on valid set is 1.5438 (updated at epoch-69), best updated at this epoch[0m
[38;20m2026-09-28 09:12:01,742 - tpp_runner.py[pid:35268;line:104:_train_model] - INFO: [ Epoch 70 (train) ]: train loglike is 1.7999223114213612, num_events is 33274, mark_ll is -1.3907650759954282, time_ll is 3.190687416765906[0m
[38;20m2026-09-28 09:12:01,774 - tpp_runner.py[pid:35268;line:116:_train_model] - INFO: [ Epoch 70 (valid) ]:  valid loglike is 1.540884823936803, num_events is 9144, mark_ll is -1.4109659136541037, time_ll is 2.9518507375909064[0m
[38;20m2026-09-28 09:12:01,789 - tpp_runner.py[pid:35268;line:136:_train_model] - INFO: [ Epoch 70 (test) ]: test loglike is 1.8403345269546898, num_events is 14478, mark_ll is -1.444620717640558, time_ll is 3.284955244595248[0m
[31;1m2026-09-28 09:12:01,789 - tpp_runner.py[pid:35268;line:140:_train_model] - CRITICAL: current best loglike on valid set is 1.5438 (updated at epoch-69)[0m
[38;20m2026-09-28 09:12:01,916 - tpp_runner.py[pid:35268;line:104:_train_model] - INFO: [ Epoch 71 (train) ]: train loglike is 1.8021791814331853, num_events is 33274, mark_ll is -1.3906092725422345, time_ll is 3.192788520010932[0m
[38;20m2026-09-28 09:12:01,955 - tpp_runner.py[pid:35268;line:116:_train_model] - INFO: [ Epoch 71 (valid) ]:  valid loglike is 1.5388560724800757, num_events is 9144, mark_ll is -1.4111448806936242, time_ll is 2.950001046622102[0m
[38;20m2026-09-28 09:12:01,978 - tpp_runner.py[pid:35268;line:136:_train_model] - INFO: [ Epoch 71 (test) ]: test loglike is 1.8378040173021135, num_events is 14478, mark_ll is -1.445013689951996, time_ll is 3.2828177072541096[0m
[31;1m2026-09-28 09:12:01,978 - tpp_runner.py[pid:35268;line:140:_train_model] - CRITICAL: current best loglike on valid set is 1.5438 (updated at epoch-69)[0m
[38;20m2026-09-28 09:12:02,099 - tpp_runner.py[pid:35268;line:104:_train_model] - INFO: [ Epoch 72 (train) ]: train loglike is 1.8029063534849845, num_events is 33274, mark_ll is -1.3906236719524816, time_ll is 3.193530084135699[0m
[38;20m2026-09-28 09:12:02,118 - tpp_runner.py[pid:35268;line:116:_train_model] - INFO: [ Epoch 72 (valid) ]:  valid loglike is 1.5452127932250657, num_events is 9144, mark_ll is -1.4111667743192258, time_ll is 2.956379567544291[0m
[38;20m2026-09-28 09:12:02,136 - tpp_runner.py[pid:35268;line:136:_train_model] - INFO: [ Epoch 72 (test) ]: test loglike is 1.8467410683450753, num_events is 14478, mark_ll is -1.4452327049014022, time_ll is 3.2919737057949994[0m
[31;1m2026-09-28 09:12:02,136 - tpp_runner.py[pid:35268;line:140:_train_model] - CRITICAL: current best loglike on valid set is 1.5452 (updated at epoch-72), best updated at this epoch[0m
[38;20m2026-09-28 09:12:02,263 - tpp_runner.py[pid:35268;line:104:_train_model] - INFO: [ Epoch 73 (train) ]: train loglike is 1.8038606693547328, num_events is 33274, mark_ll is -1.3907529804908205, time_ll is 3.1946137122124254[0m
[38;20m2026-09-28 09:12:02,278 - tpp_runner.py[pid:35268;line:116:_train_model] - INFO: [ Epoch 73 (valid) ]:  valid loglike is 1.5439819309237957, num_events is 9144, mark_ll is -1.4110502575117563, time_ll is 2.9550319881889764[0m
[38;20m2026-09-28 09:12:02,310 - tpp_runner.py[pid:35268;line:136:_train_model] - INFO: [ Epoch 73 (test) ]: test loglike is 1.8436928011465672, num_events is 14478, mark_ll is -1.4447542715672055, time_ll is 3.2884470727137725[0m
[31;1m2026-09-28 09:12:02,310 - tpp_runner.py[pid:35268;line:140:_train_model] - CRITICAL: current best loglike on valid set is 1.5452 (updated at epoch-72)[0m
[38;20m2026-09-28 09:12:02,420 - tpp_runner.py[pid:35268;line:104:_train_model] - INFO: [ Epoch 74 (train) ]: train loglike is 1.8065403464064471, num_events is 33274, mark_ll is -1.3905989526591709, time_ll is 3.197139357763851[0m
[38;20m2026-09-28 09:12:02,452 - tpp_runner.py[pid:35268;line:116:_train_model] - INFO: [ Epoch 74 (valid) ]:  valid loglike is 1.541168626733548, num_events is 9144, mark_ll is -1.4109772209107407, time_ll is 2.952145740846115[0m
[38;20m2026-09-28 09:12:02,468 - tpp_runner.py[pid:35268;line:136:_train_model] - INFO: [ Epoch 74 (test) ]: test loglike is 1.8395245696056086, num_events is 14478, mark_ll is -1.4446434487886795, time_ll is 3.284168085845766[0m
[31;1m2026-09-28 09:12:02,468 - tpp_runner.py[pid:35268;line:140:_train_model] - CRITICAL: current best loglike on valid set is 1.5452 (updated at epoch-72)[0m
[38;20m2026-09-28 09:12:02,596 - tpp_runner.py[pid:35268;line:104:_train_model] - INFO: [ Epoch 75 (train) ]: train loglike is 1.8064343263919933, num_events is 33274, mark_ll is -1.3904691525231319, time_ll is 3.1969033615186593[0m
[38;20m2026-09-28 09:12:02,615 - tpp_runner.py[pid:35268;line:116:_train_model] - INFO: [ Epoch 75 (valid) ]:  valid loglike is 1.549169905855274, num_events is 9144, mark_ll is -1.4108458324575883, time_ll is 2.9600157516626338[0m
[38;20m2026-09-28 09:12:02,644 - tpp_runner.py[pid:35268;line:136:_train_model] - INFO: [ Epoch 75 (test) ]: test loglike is 1.849390427502072, num_events is 14478, mark_ll is -1.444786311019305, time_ll is 3.2941768059728553[0m
[31;1m2026-09-28 09:12:02,645 - tpp_runner.py[pid:35268;line:140:_train_model] - CRITICAL: current best loglike on valid set is 1.5492 (updated at epoch-75), best updated at this epoch[0m
[38;20m2026-09-28 09:12:02,751 - tpp_runner.py[pid:35268;line:104:_train_model] - INFO: [ Epoch 76 (train) ]: train loglike is 1.8074535038090458, num_events is 33274, mark_ll is -1.390614247217469, time_ll is 3.1980677510265147[0m
[38;20m2026-09-28 09:12:02,767 - tpp_runner.py[pid:35268;line:116:_train_model] - INFO: [ Epoch 76 (valid) ]:  valid loglike is 1.5480987602227212, num_events is 9144, mark_ll is -1.4107735434437882, time_ll is 2.9588723971149116[0m
[38;20m2026-09-28 09:12:02,799 - tpp_runner.py[pid:35268;line:136:_train_model] - INFO: [ Epoch 76 (test) ]: test loglike is 1.8488809664879473, num_events is 14478, mark_ll is -1.4446847965447576, time_ll is 3.293565830484183[0m
[31;1m2026-09-28 09:12:02,799 - tpp_runner.py[pid:35268;line:140:_train_model] - CRITICAL: current best loglike on valid set is 1.5492 (updated at epoch-75)[0m
[38;20m2026-09-28 09:12:02,916 - tpp_runner.py[pid:35268;line:104:_train_model] - INFO: [ Epoch 77 (train) ]: train loglike is 1.8092238278373787, num_events is 33274, mark_ll is -1.3905635576247595, time_ll is 3.1997873010834286[0m
[38;20m2026-09-28 09:12:02,926 - tpp_runner.py[pid:35268;line:116:_train_model] - INFO: [ Epoch 77 (valid) ]:  valid loglike is 1.5482040231726406, num_events is 9144, mark_ll is -1.410817837986316, time_ll is 2.959022074755304[0m
[38;20m2026-09-28 09:12:02,958 - tpp_runner.py[pid:35268;line:136:_train_model] - INFO: [ Epoch 77 (test) ]: test loglike is 1.8486421208039785, num_events is 14478, mark_ll is -1.4448922098399295, time_ll is 3.293534398095386[0m
[31;1m2026-09-28 09:12:02,958 - tpp_runner.py[pid:35268;line:140:_train_model] - CRITICAL: current best loglike on valid set is 1.5492 (updated at epoch-75)[0m
[38;20m2026-09-28 09:12:03,084 - tpp_runner.py[pid:35268;line:104:_train_model] - INFO: [ Epoch 78 (train) ]: train loglike is 1.8096567713283551, num_events is 33274, mark_ll is -1.3905907862675249, time_ll is 3.200247465879891[0m
[38;20m2026-09-28 09:12:03,103 - tpp_runner.py[pid:35268;line:116:_train_model] - INFO: [ Epoch 78 (valid) ]:  valid loglike is 1.5518285395905103, num_events is 9144, mark_ll is -1.410810201916899, time_ll is 2.9626387415074094[0m
[38;20m2026-09-28 09:12:03,131 - tpp_runner.py[pid:35268;line:136:_train_model] - INFO: [ Epoch 78 (test) ]: test loglike is 1.854293070736635, num_events is 14478, mark_ll is -1.4450762849236773, time_ll is 3.2993694905632682[0m
[31;1m2026-09-28 09:12:03,131 - tpp_runner.py[pid:35268;line:140:_train_model] - CRITICAL: current best loglike on valid set is 1.5518 (updated at epoch-78), best updated at this epoch[0m
[38;20m2026-09-28 09:12:03,257 - tpp_runner.py[pid:35268;line:104:_train_model] - INFO: [ Epoch 79 (train) ]: train loglike is 1.810832401547802, num_events is 33274, mark_ll is -1.3907419378857648, time_ll is 3.201574222037101[0m
[38;20m2026-09-28 09:12:03,273 - tpp_runner.py[pid:35268;line:116:_train_model] - INFO: [ Epoch 79 (valid) ]:  valid loglike is 1.5527581909927275, num_events is 9144, mark_ll is -1.4106902675678723, time_ll is 2.9634484852601433[0m
[38;20m2026-09-28 09:12:03,309 - tpp_runner.py[pid:35268;line:136:_train_model] - INFO: [ Epoch 79 (test) ]: test loglike is 1.8558124152809434, num_events is 14478, mark_ll is -1.4447261443008357, time_ll is 3.3005386944847355[0m
[31;1m2026-09-28 09:12:03,309 - tpp_runner.py[pid:35268;line:140:_train_model] - CRITICAL: current best loglike on valid set is 1.5528 (updated at epoch-79), best updated at this epoch[0m
[38;20m2026-09-28 09:12:03,422 - tpp_runner.py[pid:35268;line:104:_train_model] - INFO: [ Epoch 80 (train) ]: train loglike is 1.8112895250420749, num_events is 33274, mark_ll is -1.3905876605866254, time_ll is 3.201877148942305[0m
[38;20m2026-09-28 09:12:03,434 - tpp_runner.py[pid:35268;line:116:_train_model] - INFO: [ Epoch 80 (valid) ]:  valid loglike is 1.5525065210964841, num_events is 9144, mark_ll is -1.4105462902799992, time_ll is 2.9630527980267116[0m
[38;20m2026-09-28 09:12:03,464 - tpp_runner.py[pid:35268;line:136:_train_model] - INFO: [ Epoch 80 (test) ]: test loglike is 1.8569263089903647, num_events is 14478, mark_ll is -1.4442465642915112, time_ll is 3.301172873281876[0m
[31;1m2026-09-28 09:12:03,464 - tpp_runner.py[pid:35268;line:140:_train_model] - CRITICAL: current best loglike on valid set is 1.5528 (updated at epoch-79)[0m
[38;20m2026-09-28 09:12:03,591 - tpp_runner.py[pid:35268;line:104:_train_model] - INFO: [ Epoch 81 (train) ]: train loglike is 1.813562019789757, num_events is 33274, mark_ll is -1.390590184610638, time_ll is 3.2041522337495114[0m
[38;20m2026-09-28 09:12:03,607 - tpp_runner.py[pid:35268;line:116:_train_model] - INFO: [ Epoch 81 (valid) ]:  valid loglike is 1.5523826085154884, num_events is 9144, mark_ll is -1.4105452623475776, time_ll is 2.96292805775987[0m
[38;20m2026-09-28 09:12:03,639 - tpp_runner.py[pid:35268;line:136:_train_model] - INFO: [ Epoch 81 (test) ]: test loglike is 1.8573437661883547, num_events is 14478, mark_ll is -1.4437901875906547, time_ll is 3.3011338863275315[0m
[31;1m2026-09-28 09:12:03,639 - tpp_runner.py[pid:35268;line:140:_train_model] - CRITICAL: current best loglike on valid set is 1.5528 (updated at epoch-79)[0m
[38;20m2026-09-28 09:12:03,749 - tpp_runner.py[pid:35268;line:104:_train_model] - INFO: [ Epoch 82 (train) ]: train loglike is 1.8145166108074717, num_events is 33274, mark_ll is -1.3904995765509482, time_ll is 3.2050162423880133[0m
[38;20m2026-09-28 09:12:03,781 - tpp_runner.py[pid:35268;line:116:_train_model] - INFO: [ Epoch 82 (valid) ]:  valid loglike is 1.553538031256835, num_events is 9144, mark_ll is -1.4107050991642403, time_ll is 2.9642431170713035[0m
[38;20m2026-09-28 09:12:03,812 - tpp_runner.py[pid:35268;line:136:_train_model] - INFO: [ Epoch 82 (test) ]: test loglike is 1.85954760833247, num_events is 14478, mark_ll is -1.443671810246581, time_ll is 3.303219216224617[0m
[31;1m2026-09-28 09:12:03,812 - tpp_runner.py[pid:35268;line:140:_train_model] - CRITICAL: current best loglike on valid set is 1.5535 (updated at epoch-82), best updated at this epoch[0m
[38;20m2026-09-28 09:12:03,934 - tpp_runner.py[pid:35268;line:104:_train_model] - INFO: [ Epoch 83 (train) ]: train loglike is 1.8152707473599883, num_events is 33274, mark_ll is -1.3904422100342515, time_ll is 3.2057129610628796[0m
[38;20m2026-09-28 09:12:03,970 - tpp_runner.py[pid:35268;line:116:_train_model] - INFO: [ Epoch 83 (valid) ]:  valid loglike is 1.554861874718053, num_events is 9144, mark_ll is -1.4107188494290996, time_ll is 2.965580737496924[0m
[38;20m2026-09-28 09:12:04,036 - tpp_runner.py[pid:35268;line:136:_train_model] - INFO: [ Epoch 83 (test) ]: test loglike is 1.8623334218296725, num_events is 14478, mark_ll is -1.4437525496658723, time_ll is 3.3060861738499794[0m
[31;1m2026-09-28 09:12:04,036 - tpp_runner.py[pid:35268;line:140:_train_model] - CRITICAL: current best loglike on valid set is 1.5549 (updated at epoch-83), best updated at this epoch[0m
[38;20m2026-09-28 09:12:04,226 - tpp_runner.py[pid:35268;line:104:_train_model] - INFO: [ Epoch 84 (train) ]: train loglike is 1.8162812998054505, num_events is 33274, mark_ll is -1.3903689436337305, time_ll is 3.206650210421425[0m
[38;20m2026-09-28 09:12:04,239 - tpp_runner.py[pid:35268;line:116:_train_model] - INFO: [ Epoch 84 (valid) ]:  valid loglike is 1.5548965307254075, num_events is 9144, mark_ll is -1.4106504585486384, time_ll is 2.965547015973589[0m
[38;20m2026-09-28 09:12:04,276 - tpp_runner.py[pid:35268;line:136:_train_model] - INFO: [ Epoch 84 (test) ]: test loglike is 1.8633854625336719, num_events is 14478, mark_ll is -1.4438212827220611, time_ll is 3.307206677804255[0m
[31;1m2026-09-28 09:12:04,276 - tpp_runner.py[pid:35268;line:140:_train_model] - CRITICAL: current best loglike on valid set is 1.5549 (updated at epoch-84), best updated at this epoch[0m
[38;20m2026-09-28 09:12:04,398 - tpp_runner.py[pid:35268;line:104:_train_model] - INFO: [ Epoch 85 (train) ]: train loglike is 1.8171494356634497, num_events is 33274, mark_ll is -1.3904323964234462, time_ll is 3.2075818540987333[0m
[38;20m2026-09-28 09:12:04,419 - tpp_runner.py[pid:35268;line:116:_train_model] - INFO: [ Epoch 85 (valid) ]:  valid loglike is 1.5558929443359375, num_events is 9144, mark_ll is -1.4106120112061187, time_ll is 2.966504835394111[0m
[38;20m2026-09-28 09:12:04,445 - tpp_runner.py[pid:35268;line:136:_train_model] - INFO: [ Epoch 85 (test) ]: test loglike is 1.8650577870303218, num_events is 14478, mark_ll is -1.4436247291148638, time_ll is 3.3086823812422295[0m
[31;1m2026-09-28 09:12:04,445 - tpp_runner.py[pid:35268;line:140:_train_model] - CRITICAL: current best loglike on valid set is 1.5559 (updated at epoch-85), best updated at this epoch[0m
[38;20m2026-09-28 09:12:04,575 - tpp_runner.py[pid:35268;line:104:_train_model] - INFO: [ Epoch 86 (train) ]: train loglike is 1.8174751594948384, num_events is 33274, mark_ll is -1.390471261990875, time_ll is 3.207946480183946[0m
[38;20m2026-09-28 09:12:04,596 - tpp_runner.py[pid:35268;line:116:_train_model] - INFO: [ Epoch 86 (valid) ]:  valid loglike is 1.5571798890281536, num_events is 9144, mark_ll is -1.4106086737631918, time_ll is 2.9677884693429433[0m
[38;20m2026-09-28 09:12:04,627 - tpp_runner.py[pid:35268;line:136:_train_model] - INFO: [ Epoch 86 (test) ]: test loglike is 1.8653410157868835, num_events is 14478, mark_ll is -1.4435057447074873, time_ll is 3.308846693042893[0m
[31;1m2026-09-28 09:12:04,627 - tpp_runner.py[pid:35268;line:140:_train_model] - CRITICAL: current best loglike on valid set is 1.5572 (updated at epoch-86), best updated at this epoch[0m
[38;20m2026-09-28 09:12:04,736 - tpp_runner.py[pid:35268;line:104:_train_model] - INFO: [ Epoch 87 (train) ]: train loglike is 1.8186230327874242, num_events is 33274, mark_ll is -1.3905379505206767, time_ll is 3.2091609612962637[0m
[38;20m2026-09-28 09:12:04,753 - tpp_runner.py[pid:35268;line:116:_train_model] - INFO: [ Epoch 87 (valid) ]:  valid loglike is 1.5581798002788714, num_events is 9144, mark_ll is -1.410625641323033, time_ll is 2.9688055350503064[0m
[38;20m2026-09-28 09:12:04,782 - tpp_runner.py[pid:35268;line:136:_train_model] - INFO: [ Epoch 87 (test) ]: test loglike is 1.8662737348261156, num_events is 14478, mark_ll is -1.443608540760119, time_ll is 3.309882208134756[0m
[31;1m2026-09-28 09:12:04,782 - tpp_runner.py[pid:35268;line:140:_train_model] - CRITICAL: current best loglike on valid set is 1.5582 (updated at epoch-87), best updated at this epoch[0m
[38;20m2026-09-28 09:12:04,918 - tpp_runner.py[pid:35268;line:104:_train_model] - INFO: [ Epoch 88 (train) ]: train loglike is 1.8191994384281365, num_events is 33274, mark_ll is -1.3905343442479958, time_ll is 3.2097336872915037[0m
[38;20m2026-09-28 09:12:04,945 - tpp_runner.py[pid:35268;line:116:_train_model] - INFO: [ Epoch 88 (valid) ]:  valid loglike is 1.5585939902958907, num_events is 9144, mark_ll is -1.4106143207166242, time_ll is 2.969208537958634[0m
[38;20m2026-09-28 09:12:04,997 - tpp_runner.py[pid:35268;line:136:_train_model] - INFO: [ Epoch 88 (test) ]: test loglike is 1.8671496597207833, num_events is 14478, mark_ll is -1.443604763477345, time_ll is 3.31075435574665[0m
[31;1m2026-09-28 09:12:04,997 - tpp_runner.py[pid:35268;line:140:_train_model] - CRITICAL: current best loglike on valid set is 1.5586 (updated at epoch-88), best updated at this epoch[0m
[38;20m2026-09-28 09:12:05,122 - tpp_runner.py[pid:35268;line:104:_train_model] - INFO: [ Epoch 89 (train) ]: train loglike is 1.8193623003438308, num_events is 33274, mark_ll is -1.3904699926415895, time_ll is 3.2098322929854204[0m
[38;20m2026-09-28 09:12:05,142 - tpp_runner.py[pid:35268;line:116:_train_model] - INFO: [ Epoch 89 (valid) ]:  valid loglike is 1.5582999482242454, num_events is 9144, mark_ll is -1.4105521508297791, time_ll is 2.9688522325517415[0m
[38;20m2026-09-28 09:12:05,170 - tpp_runner.py[pid:35268;line:136:_train_model] - INFO: [ Epoch 89 (test) ]: test loglike is 1.8676175031729176, num_events is 14478, mark_ll is -1.4435275989863932, time_ll is 3.3111451696107888[0m
[31;1m2026-09-28 09:12:05,170 - tpp_runner.py[pid:35268;line:140:_train_model] - CRITICAL: current best loglike on valid set is 1.5586 (updated at epoch-88)[0m
[38;20m2026-09-28 09:12:05,295 - tpp_runner.py[pid:35268;line:104:_train_model] - INFO: [ Epoch 90 (train) ]: train loglike is 1.8194260392874315, num_events is 33274, mark_ll is -1.3904645043568176, time_ll is 3.209890690389831[0m
[38;20m2026-09-28 09:12:05,317 - tpp_runner.py[pid:35268;line:116:_train_model] - INFO: [ Epoch 90 (valid) ]:  valid loglike is 1.5587258726905964, num_events is 9144, mark_ll is -1.410476524373052, time_ll is 2.969202183467301[0m
[38;20m2026-09-28 09:12:05,350 - tpp_runner.py[pid:35268;line:136:_train_model] - INFO: [ Epoch 90 (test) ]: test loglike is 1.8679568515592624, num_events is 14478, mark_ll is -1.4434088843849289, time_ll is 3.311365601041235[0m
[31;1m2026-09-28 09:12:05,350 - tpp_runner.py[pid:35268;line:140:_train_model] - CRITICAL: current best loglike on valid set is 1.5587 (updated at epoch-90), best updated at this epoch[0m
[38;20m2026-09-28 09:12:05,473 - tpp_runner.py[pid:35268;line:104:_train_model] - INFO: [ Epoch 91 (train) ]: train loglike is 1.82013218636595, num_events is 33274, mark_ll is -1.3905334601058634, time_ll is 3.2106655877735806[0m
[38;20m2026-09-28 09:12:05,492 - tpp_runner.py[pid:35268;line:116:_train_model] - INFO: [ Epoch 91 (valid) ]:  valid loglike is 1.5588442851656483, num_events is 9144, mark_ll is -1.4104006576204342, time_ll is 2.9692449561358543[0m
[38;20m2026-09-28 09:12:05,529 - tpp_runner.py[pid:35268;line:136:_train_model] - INFO: [ Epoch 91 (test) ]: test loglike is 1.8685902883901437, num_events is 14478, mark_ll is -1.443220290052148, time_ll is 3.311810780796726[0m
[31;1m2026-09-28 09:12:05,529 - tpp_runner.py[pid:35268;line:140:_train_model] - CRITICAL: current best loglike on valid set is 1.5588 (updated at epoch-91), best updated at this epoch[0m
[38;20m2026-09-28 09:12:05,652 - tpp_runner.py[pid:35268;line:104:_train_model] - INFO: [ Epoch 92 (train) ]: train loglike is 1.8197490519941903, num_events is 33274, mark_ll is -1.390639080238606, time_ll is 3.2103882532979013[0m
[38;20m2026-09-28 09:12:05,674 - tpp_runner.py[pid:35268;line:116:_train_model] - INFO: [ Epoch 92 (valid) ]:  valid loglike is 1.559081937801598, num_events is 9144, mark_ll is -1.4103529989354358, time_ll is 2.969434896687719[0m
[38;20m2026-09-28 09:12:05,705 - tpp_runner.py[pid:35268;line:136:_train_model] - INFO: [ Epoch 92 (test) ]: test loglike is 1.8684099905891698, num_events is 14478, mark_ll is -1.443049502909587, time_ll is 3.3114593585958003[0m
[31;1m2026-09-28 09:12:05,705 - tpp_runner.py[pid:35268;line:140:_train_model] - CRITICAL: current best loglike on valid set is 1.5591 (updated at epoch-92), best updated at this epoch[0m
[38;20m2026-09-28 09:12:05,829 - tpp_runner.py[pid:35268;line:104:_train_model] - INFO: [ Epoch 93 (train) ]: train loglike is 1.8195561806069491, num_events is 33274, mark_ll is -1.3907481012002145, time_ll is 3.2103042854758033[0m
[38;20m2026-09-28 09:12:05,856 - tpp_runner.py[pid:35268;line:116:_train_model] - INFO: [ Epoch 93 (valid) ]:  valid loglike is 1.5590641959549978, num_events is 9144, mark_ll is -1.4103273807235277, time_ll is 2.9693918036246445[0m
[38;20m2026-09-28 09:12:05,883 - tpp_runner.py[pid:35268;line:136:_train_model] - INFO: [ Epoch 93 (test) ]: test loglike is 1.8684103278465602, num_events is 14478, mark_ll is -1.4429379381648018, time_ll is 3.311348198559884[0m
[31;1m2026-09-28 09:12:05,883 - tpp_runner.py[pid:35268;line:140:_train_model] - CRITICAL: current best loglike on valid set is 1.5591 (updated at epoch-92)[0m
[38;20m2026-09-28 09:12:06,096 - tpp_runner.py[pid:35268;line:104:_train_model] - INFO: [ Epoch 94 (train) ]: train loglike is 1.8199081829034587, num_events is 33274, mark_ll is -1.390803358249168, time_ll is 3.21071151180351[0m
[38;20m2026-09-28 09:12:06,111 - tpp_runner.py[pid:35268;line:116:_train_model] - INFO: [ Epoch 94 (valid) ]:  valid loglike is 1.5591800719734252, num_events is 9144, mark_ll is -1.410320772586532, time_ll is 2.9695008445599576[0m
[38;20m2026-09-28 09:12:06,143 - tpp_runner.py[pid:35268;line:136:_train_model] - INFO: [ Epoch 94 (test) ]: test loglike is 1.8690051149804876, num_events is 14478, mark_ll is -1.4429044147801837, time_ll is 3.3119096646636277[0m
[31;1m2026-09-28 09:12:06,143 - tpp_runner.py[pid:35268;line:140:_train_model] - CRITICAL: current best loglike on valid set is 1.5592 (updated at epoch-94), best updated at this epoch[0m
[38;20m2026-09-28 09:12:06,270 - tpp_runner.py[pid:35268;line:104:_train_model] - INFO: [ Epoch 95 (train) ]: train loglike is 1.8201546347713775, num_events is 33274, mark_ll is -1.3907746804937788, time_ll is 3.2109292969219587[0m
[38;20m2026-09-28 09:12:06,301 - tpp_runner.py[pid:35268;line:116:_train_model] - INFO: [ Epoch 95 (valid) ]:  valid loglike is 1.5593068147060232, num_events is 9144, mark_ll is -1.4103202652952072, time_ll is 2.96962708000123[0m
[38;20m2026-09-28 09:12:06,317 - tpp_runner.py[pid:35268;line:136:_train_model] - INFO: [ Epoch 95 (test) ]: test loglike is 1.869027846128609, num_events is 14478, mark_ll is -1.442906573227483, time_ll is 3.31193448680757[0m
[31;1m2026-09-28 09:12:06,317 - tpp_runner.py[pid:35268;line:140:_train_model] - CRITICAL: current best loglike on valid set is 1.5593 (updated at epoch-95), best updated at this epoch[0m
[38;20m2026-09-28 09:12:06,468 - tpp_runner.py[pid:35268;line:104:_train_model] - INFO: [ Epoch 96 (train) ]: train loglike is 1.8204765688981073, num_events is 33274, mark_ll is -1.390751949603106, time_ll is 3.2112285111639345[0m
[38;20m2026-09-28 09:12:06,490 - tpp_runner.py[pid:35268;line:116:_train_model] - INFO: [ Epoch 96 (valid) ]:  valid loglike is 1.5594723785747484, num_events is 9144, mark_ll is -1.4103222677609635, time_ll is 2.969794859932059[0m
[38;20m2026-09-28 09:12:06,522 - tpp_runner.py[pid:35268;line:136:_train_model] - INFO: [ Epoch 96 (test) ]: test loglike is 1.8693569418902818, num_events is 14478, mark_ll is -1.4429230988396187, time_ll is 3.3122799732784225[0m
[31;1m2026-09-28 09:12:06,522 - tpp_runner.py[pid:35268;line:140:_train_model] - CRITICAL: current best loglike on valid set is 1.5595 (updated at epoch-96), best updated at this epoch[0m
[38;20m2026-09-28 09:12:06,663 - tpp_runner.py[pid:35268;line:104:_train_model] - INFO: [ Epoch 97 (train) ]: train loglike is 1.8206354063162116, num_events is 33274, mark_ll is -1.3907382509030135, time_ll is 3.2113737159174582[0m
[38;20m2026-09-28 09:12:06,680 - tpp_runner.py[pid:35268;line:116:_train_model] - INFO: [ Epoch 97 (valid) ]:  valid loglike is 1.5595089302496856, num_events is 9144, mark_ll is -1.4103233357427, time_ll is 2.969832346091016[0m
[38;20m2026-09-28 09:12:06,711 - tpp_runner.py[pid:35268;line:136:_train_model] - INFO: [ Epoch 97 (test) ]: test loglike is 1.8694560955630957, num_events is 14478, mark_ll is -1.442929034569692, time_ll is 3.3123850626813094[0m
[31;1m2026-09-28 09:12:06,711 - tpp_runner.py[pid:35268;line:140:_train_model] - CRITICAL: current best loglike on valid set is 1.5595 (updated at epoch-97), best updated at this epoch[0m
[38;20m2026-09-28 09:12:06,838 - tpp_runner.py[pid:35268;line:104:_train_model] - INFO: [ Epoch 98 (train) ]: train loglike is 1.8206875890452192, num_events is 33274, mark_ll is -1.3907319701920982, time_ll is 3.211419471189968[0m
[38;20m2026-09-28 09:12:06,866 - tpp_runner.py[pid:35268;line:116:_train_model] - INFO: [ Epoch 98 (valid) ]:  valid loglike is 1.559522960859751, num_events is 9144, mark_ll is -1.4103243770248934, time_ll is 2.969847351234416[0m
[38;20m2026-09-28 09:12:06,886 - tpp_runner.py[pid:35268;line:136:_train_model] - INFO: [ Epoch 98 (test) ]: test loglike is 1.8694654713185523, num_events is 14478, mark_ll is -1.4429282926034328, time_ll is 3.312393696470507[0m
[31;1m2026-09-28 09:12:06,886 - tpp_runner.py[pid:35268;line:140:_train_model] - CRITICAL: current best loglike on valid set is 1.5595 (updated at epoch-98), best updated at this epoch[0m
[38;20m2026-09-28 09:12:07,012 - tpp_runner.py[pid:35268;line:104:_train_model] - INFO: [ Epoch 99 (train) ]: train loglike is 1.8207198033691376, num_events is 33274, mark_ll is -1.3907306238013821, time_ll is 3.211450515217869[0m
[38;20m2026-09-28 09:12:07,044 - tpp_runner.py[pid:35268;line:116:_train_model] - INFO: [ Epoch 99 (valid) ]:  valid loglike is 1.5595229742095227, num_events is 9144, mark_ll is -1.4103244304239801, time_ll is 2.96984761822985[0m
[38;20m2026-09-28 09:12:07,075 - tpp_runner.py[pid:35268;line:136:_train_model] - INFO: [ Epoch 99 (test) ]: test loglike is 1.8694643246434246, num_events is 14478, mark_ll is -1.442927752991608, time_ll is 3.3123920776350326[0m
[31;1m2026-09-28 09:12:07,075 - tpp_runner.py[pid:35268;line:140:_train_model] - CRITICAL: current best loglike on valid set is 1.5595 (updated at epoch-99), best updated at this epoch[0m
[38;20m2026-09-28 09:12:07,075 - base_runner.py[pid:35268;line:118:train] - INFO: End IntensityFree train! Cost time: 0.289m[0m
RESULT {"model": "IntensityFree", "dataset": "lob_amzn", "seed": 2019, "ll_per_event": 1.8694643246434246, "mark_ll": -1.442927752991608, "time_ll": 3.3123920776350326, "val_ll": 1.5595229742095227, "best_epoch": 99, "n_params": 7184, "seconds": 18.011353731155396, "max_epoch": 100, "batch_size": 64}
