
=== Mon Sep 28 17:50:30 2026 attempt 1: D:\Quant\.venv\Scripts\python.exe -u -m infodiff.baselines.easytpp_runner SAHP lob_msft 6 2019 100 64
[31;1m2026-09-28 17:50:32,262 - config.py[pid:12552;line:33:build_from_yaml_file] - CRITICAL: Load pipeline config class RunnerConfig[0m
[31;1m2026-09-28 17:50:32,293 - runner_config.py[pid:12552;line:205:update_config] - CRITICAL: train model SAHP using GPU with torch backend[0m
[38;20m2026-09-28 17:50:32,295 - runner_config.py[pid:12552;line:45:__init__] - INFO: Save the config to D:\Quant\results\easytpp\checkpoints/lob_msft/SAHP/train_2026_09_28_17_50_32\SAHP_train_output.yaml[0m
[38;20m2026-09-28 17:50:32,296 - base_runner.py[pid:12552;line:193:save_log] - INFO: Save the log to D:\Quant\results\easytpp\checkpoints/lob_msft/SAHP/train_2026_09_28_17_50_32\log[0m
0.057202864041665524 0.2894569117098711
min_dt: 7.275957614183426e-12
max_dt: 12.213735631004965
[38;20m2026-09-28 17:50:37,570 - tpp_runner.py[pid:12552;line:62:_init_model] - INFO: Num of model parameters 2148[0m
[38;20m2026-09-28 17:50:38,286 - base_runner.py[pid:12552;line:103:train] - INFO: Data 'lob_msft' loaded...[0m
[38;20m2026-09-28 17:50:38,286 - base_runner.py[pid:12552;line:108:train] - INFO: Start SAHP training...[0m
[38;20m2026-09-28 17:50:39,683 - tpp_runner.py[pid:12552;line:104:_train_model] - INFO: [ Epoch 0 (train) ]: train loglike is -0.11126113628369479, num_events is 242824, mark_ll is -1.7377267717564986, time_ll is 1.626465652109398[0m
[38;20m2026-09-28 17:50:39,776 - tpp_runner.py[pid:12552;line:116:_train_model] - INFO: [ Epoch 0 (valid) ]:  valid loglike is 1.211322886203832, num_events is 52959, mark_ll is -1.6302026261618658, time_ll is 2.841525512365698[0m
[38;20m2026-09-28 17:50:39,974 - tpp_runner.py[pid:12552;line:136:_train_model] - INFO: [ Epoch 0 (test) ]: test loglike is 1.5174567872770106, num_events is 112141, mark_ll is -1.6539607938471432, time_ll is 3.1714175680616368[0m
[31;1m2026-09-28 17:50:39,974 - tpp_runner.py[pid:12552;line:140:_train_model] - CRITICAL: current best loglike on valid set is 1.2113 (updated at epoch-0), best updated at this epoch[0m
[38;20m2026-09-28 17:50:41,012 - tpp_runner.py[pid:12552;line:104:_train_model] - INFO: [ Epoch 1 (train) ]: train loglike is 2.892478399189073, num_events is 242824, mark_ll is -1.6282877303880587, time_ll is 4.520766149685575[0m
[38;20m2026-09-28 17:50:41,117 - tpp_runner.py[pid:12552;line:116:_train_model] - INFO: [ Epoch 1 (valid) ]:  valid loglike is 3.3061125779494516, num_events is 52959, mark_ll is -1.6270377460334882, time_ll is 4.933150489942691[0m
[38;20m2026-09-28 17:50:41,321 - tpp_runner.py[pid:12552;line:136:_train_model] - INFO: [ Epoch 1 (test) ]: test loglike is 3.5052324090040665, num_events is 112141, mark_ll is -1.6531052599238905, time_ll is 5.158337686344646[0m
[31;1m2026-09-28 17:50:41,321 - tpp_runner.py[pid:12552;line:140:_train_model] - CRITICAL: current best loglike on valid set is 3.3061 (updated at epoch-1), best updated at this epoch[0m
[38;20m2026-09-28 17:50:42,336 - tpp_runner.py[pid:12552;line:104:_train_model] - INFO: [ Epoch 2 (train) ]: train loglike is 4.092677471967866, num_events is 242824, mark_ll is -1.6166204378930316, time_ll is 5.709297905839208[0m
[38;20m2026-09-28 17:50:42,426 - tpp_runner.py[pid:12552;line:116:_train_model] - INFO: [ Epoch 2 (valid) ]:  valid loglike is 3.861029913765838, num_events is 52959, mark_ll is -1.622581588395622, time_ll is 5.483611290101777[0m
[38;20m2026-09-28 17:50:42,627 - tpp_runner.py[pid:12552;line:136:_train_model] - INFO: [ Epoch 2 (test) ]: test loglike is 4.047152639450558, num_events is 112141, mark_ll is -1.655040750525566, time_ll is 5.702193416101158[0m
[31;1m2026-09-28 17:50:42,627 - tpp_runner.py[pid:12552;line:140:_train_model] - CRITICAL: current best loglike on valid set is 3.8610 (updated at epoch-2), best updated at this epoch[0m
[38;20m2026-09-28 17:50:43,666 - tpp_runner.py[pid:12552;line:104:_train_model] - INFO: [ Epoch 3 (train) ]: train loglike is 4.495224526367348, num_events is 242824, mark_ll is -1.6083978905503575, time_ll is 6.103622424961083[0m
[38;20m2026-09-28 17:50:43,757 - tpp_runner.py[pid:12552;line:116:_train_model] - INFO: [ Epoch 3 (valid) ]:  valid loglike is 4.135189375566476, num_events is 52959, mark_ll is -1.617820267653987, time_ll is 5.753009624780491[0m
[38;20m2026-09-28 17:50:43,956 - tpp_runner.py[pid:12552;line:136:_train_model] - INFO: [ Epoch 3 (test) ]: test loglike is 4.232788235067906, num_events is 112141, mark_ll is -1.652328318812923, time_ll is 5.88511646679738[0m
[31;1m2026-09-28 17:50:43,956 - tpp_runner.py[pid:12552;line:140:_train_model] - CRITICAL: current best loglike on valid set is 4.1352 (updated at epoch-3), best updated at this epoch[0m
[38;20m2026-09-28 17:50:44,966 - tpp_runner.py[pid:12552;line:104:_train_model] - INFO: [ Epoch 4 (train) ]: train loglike is 4.681074137994494, num_events is 242824, mark_ll is -1.603025091604413, time_ll is 6.284099237642284[0m
[38;20m2026-09-28 17:50:45,070 - tpp_runner.py[pid:12552;line:116:_train_model] - INFO: [ Epoch 4 (valid) ]:  valid loglike is 4.2103251085155495, num_events is 52959, mark_ll is -1.6126028065343, time_ll is 5.82292791504985[0m
[38;20m2026-09-28 17:50:45,272 - tpp_runner.py[pid:12552;line:136:_train_model] - INFO: [ Epoch 4 (test) ]: test loglike is 4.381585981877725, num_events is 112141, mark_ll is -1.6480359320938596, time_ll is 6.029622027180068[0m
[31;1m2026-09-28 17:50:45,273 - tpp_runner.py[pid:12552;line:140:_train_model] - CRITICAL: current best loglike on valid set is 4.2103 (updated at epoch-4), best updated at this epoch[0m
[38;20m2026-09-28 17:50:46,290 - tpp_runner.py[pid:12552;line:104:_train_model] - INFO: [ Epoch 5 (train) ]: train loglike is 4.760270684734623, num_events is 242824, mark_ll is -1.5986147430533535, time_ll is 6.358885383549402[0m
[38;20m2026-09-28 17:50:46,385 - tpp_runner.py[pid:12552;line:116:_train_model] - INFO: [ Epoch 5 (valid) ]:  valid loglike is 4.298511842592855, num_events is 52959, mark_ll is -1.6078488156817066, time_ll is 5.906360676714534[0m
[38;20m2026-09-28 17:50:46,571 - tpp_runner.py[pid:12552;line:136:_train_model] - INFO: [ Epoch 5 (test) ]: test loglike is 4.379715229111676, num_events is 112141, mark_ll is -1.6446004203831561, time_ll is 6.024315701744902[0m
[31;1m2026-09-28 17:50:46,571 - tpp_runner.py[pid:12552;line:140:_train_model] - CRITICAL: current best loglike on valid set is 4.2985 (updated at epoch-5), best updated at this epoch[0m
[38;20m2026-09-28 17:50:47,607 - tpp_runner.py[pid:12552;line:104:_train_model] - INFO: [ Epoch 6 (train) ]: train loglike is 4.835024254964501, num_events is 242824, mark_ll is -1.5956116557156623, time_ll is 6.430635878506655[0m
[38;20m2026-09-28 17:50:47,685 - tpp_runner.py[pid:12552;line:116:_train_model] - INFO: [ Epoch 6 (valid) ]:  valid loglike is 4.38145151939472, num_events is 52959, mark_ll is -1.604036600321121, time_ll is 5.985488184255745[0m
[38;20m2026-09-28 17:50:47,892 - tpp_runner.py[pid:12552;line:136:_train_model] - INFO: [ Epoch 6 (test) ]: test loglike is 4.450794525000892, num_events is 112141, mark_ll is -1.6418346239332626, time_ll is 6.092629096684085[0m
[31;1m2026-09-28 17:50:47,892 - tpp_runner.py[pid:12552;line:140:_train_model] - CRITICAL: current best loglike on valid set is 4.3815 (updated at epoch-6), best updated at this epoch[0m
[38;20m2026-09-28 17:50:48,892 - tpp_runner.py[pid:12552;line:104:_train_model] - INFO: [ Epoch 7 (train) ]: train loglike is 4.887955025103058, num_events is 242824, mark_ll is -1.5923491574015542, time_ll is 6.480304198591367[0m
[38;20m2026-09-28 17:50:48,988 - tpp_runner.py[pid:12552;line:116:_train_model] - INFO: [ Epoch 7 (valid) ]:  valid loglike is 4.3570958194074665, num_events is 52959, mark_ll is -1.600096374671916, time_ll is 5.957192120319492[0m
[38;20m2026-09-28 17:50:49,191 - tpp_runner.py[pid:12552;line:136:_train_model] - INFO: [ Epoch 7 (test) ]: test loglike is 4.456112293201193, num_events is 112141, mark_ll is -1.638042409709094, time_ll is 6.094154850952149[0m
[31;1m2026-09-28 17:50:49,191 - tpp_runner.py[pid:12552;line:140:_train_model] - CRITICAL: current best loglike on valid set is 4.3815 (updated at epoch-6)[0m
[38;20m2026-09-28 17:50:50,238 - tpp_runner.py[pid:12552;line:104:_train_model] - INFO: [ Epoch 8 (train) ]: train loglike is 4.911202291191357, num_events is 242824, mark_ll is -1.5901857423290635, time_ll is 6.501387965151715[0m
[38;20m2026-09-28 17:50:50,319 - tpp_runner.py[pid:12552;line:116:_train_model] - INFO: [ Epoch 8 (valid) ]:  valid loglike is 4.395205341632206, num_events is 52959, mark_ll is -1.5982306643612276, time_ll is 5.993436181173172[0m
[38;20m2026-09-28 17:50:50,523 - tpp_runner.py[pid:12552;line:136:_train_model] - INFO: [ Epoch 8 (test) ]: test loglike is 4.458430350100543, num_events is 112141, mark_ll is -1.6376952428332412, time_ll is 6.096125758392336[0m
[31;1m2026-09-28 17:50:50,523 - tpp_runner.py[pid:12552;line:140:_train_model] - CRITICAL: current best loglike on valid set is 4.3952 (updated at epoch-8), best updated at this epoch[0m
[38;20m2026-09-28 17:50:51,544 - tpp_runner.py[pid:12552;line:104:_train_model] - INFO: [ Epoch 9 (train) ]: train loglike is 4.856671202702369, num_events is 242824, mark_ll is -1.5897549350301041, time_ll is 6.446426137732473[0m
[38;20m2026-09-28 17:50:51,650 - tpp_runner.py[pid:12552;line:116:_train_model] - INFO: [ Epoch 9 (valid) ]:  valid loglike is 4.427797808505164, num_events is 52959, mark_ll is -1.599326561142818, time_ll is 6.027124461847844[0m
[38;20m2026-09-28 17:50:51,855 - tpp_runner.py[pid:12552;line:136:_train_model] - INFO: [ Epoch 9 (test) ]: test loglike is 4.457677322104538, num_events is 112141, mark_ll is -1.6418250795873053, time_ll is 6.099502349441774[0m
[31;1m2026-09-28 17:50:51,855 - tpp_runner.py[pid:12552;line:140:_train_model] - CRITICAL: current best loglike on valid set is 4.4278 (updated at epoch-9), best updated at this epoch[0m
[38;20m2026-09-28 17:50:52,891 - tpp_runner.py[pid:12552;line:104:_train_model] - INFO: [ Epoch 10 (train) ]: train loglike is 4.844233801088958, num_events is 242824, mark_ll is -1.590485470733175, time_ll is 6.434719420624608[0m
[38;20m2026-09-28 17:50:52,985 - tpp_runner.py[pid:12552;line:116:_train_model] - INFO: [ Epoch 10 (valid) ]:  valid loglike is 4.378691866880511, num_events is 52959, mark_ll is -1.6000496477817745, time_ll is 5.978741440902396[0m
[38;20m2026-09-28 17:50:53,174 - tpp_runner.py[pid:12552;line:136:_train_model] - INFO: [ Epoch 10 (test) ]: test loglike is 4.493424790344856, num_events is 112141, mark_ll is -1.6436922445152755, time_ll is 6.137117034860132[0m
[31;1m2026-09-28 17:50:53,174 - tpp_runner.py[pid:12552;line:140:_train_model] - CRITICAL: current best loglike on valid set is 4.4278 (updated at epoch-9)[0m
[38;20m2026-09-28 17:50:54,210 - tpp_runner.py[pid:12552;line:104:_train_model] - INFO: [ Epoch 11 (train) ]: train loglike is 4.8902392315910905, num_events is 242824, mark_ll is -1.5919242660064492, time_ll is 6.482163489554162[0m
[38;20m2026-09-28 17:50:54,305 - tpp_runner.py[pid:12552;line:116:_train_model] - INFO: [ Epoch 11 (valid) ]:  valid loglike is 4.401819870383221, num_events is 52959, mark_ll is -1.599101989938561, time_ll is 6.00092203550152[0m
[38;20m2026-09-28 17:50:54,505 - tpp_runner.py[pid:12552;line:136:_train_model] - INFO: [ Epoch 11 (test) ]: test loglike is 4.496869994443379, num_events is 112141, mark_ll is -1.6409766342567615, time_ll is 6.1378465851584165[0m
[31;1m2026-09-28 17:50:54,505 - tpp_runner.py[pid:12552;line:140:_train_model] - CRITICAL: current best loglike on valid set is 4.4278 (updated at epoch-9)[0m
[38;20m2026-09-28 17:50:55,544 - tpp_runner.py[pid:12552;line:104:_train_model] - INFO: [ Epoch 12 (train) ]: train loglike is 4.880171987993362, num_events is 242824, mark_ll is -1.594690805667119, time_ll is 6.474862612684496[0m
[38;20m2026-09-28 17:50:55,636 - tpp_runner.py[pid:12552;line:116:_train_model] - INFO: [ Epoch 12 (valid) ]:  valid loglike is 4.33503844070413, num_events is 52959, mark_ll is -1.6014856882948365, time_ll is 5.9365242672987595[0m
[38;20m2026-09-28 17:50:55,829 - tpp_runner.py[pid:12552;line:136:_train_model] - INFO: [ Epoch 12 (test) ]: test loglike is 4.506736435951726, num_events is 112141, mark_ll is -1.6453625050578067, time_ll is 6.152098906176153[0m
[31;1m2026-09-28 17:50:55,829 - tpp_runner.py[pid:12552;line:140:_train_model] - CRITICAL: current best loglike on valid set is 4.4278 (updated at epoch-9)[0m
[38;20m2026-09-28 17:50:56,934 - tpp_runner.py[pid:12552;line:104:_train_model] - INFO: [ Epoch 13 (train) ]: train loglike is 4.922992056167739, num_events is 242824, mark_ll is -1.5965254597658696, time_ll is 6.519517447564903[0m
[38;20m2026-09-28 17:50:57,025 - tpp_runner.py[pid:12552;line:116:_train_model] - INFO: [ Epoch 13 (valid) ]:  valid loglike is 4.481849756415341, num_events is 52959, mark_ll is -1.6040240703598538, time_ll is 6.085873771455277[0m
[38;20m2026-09-28 17:50:57,223 - tpp_runner.py[pid:12552;line:136:_train_model] - INFO: [ Epoch 13 (test) ]: test loglike is 4.493939601567447, num_events is 112141, mark_ll is -1.647435709424965, time_ll is 6.141375398075859[0m
[31;1m2026-09-28 17:50:57,223 - tpp_runner.py[pid:12552;line:140:_train_model] - CRITICAL: current best loglike on valid set is 4.4818 (updated at epoch-13), best updated at this epoch[0m
[38;20m2026-09-28 17:50:58,253 - tpp_runner.py[pid:12552;line:104:_train_model] - INFO: [ Epoch 14 (train) ]: train loglike is 4.919126055226728, num_events is 242824, mark_ll is -1.6013027793535648, time_ll is 6.520428858710424[0m
[38;20m2026-09-28 17:50:58,346 - tpp_runner.py[pid:12552;line:116:_train_model] - INFO: [ Epoch 14 (valid) ]:  valid loglike is 4.443235495265205, num_events is 52959, mark_ll is -1.607208764238609, time_ll is 6.050444351703677[0m
[38;20m2026-09-28 17:50:58,562 - tpp_runner.py[pid:12552;line:136:_train_model] - INFO: [ Epoch 14 (test) ]: test loglike is 4.479409345015427, num_events is 112141, mark_ll is -1.6528881957201202, time_ll is 6.132297523318858[0m
[31;1m2026-09-28 17:50:58,562 - tpp_runner.py[pid:12552;line:140:_train_model] - CRITICAL: current best loglike on valid set is 4.4818 (updated at epoch-13)[0m
[38;20m2026-09-28 17:50:59,619 - tpp_runner.py[pid:12552;line:104:_train_model] - INFO: [ Epoch 15 (train) ]: train loglike is 4.928559577229804, num_events is 242824, mark_ll is -1.6032103426440034, time_ll is 6.531769939982251[0m
[38;20m2026-09-28 17:50:59,715 - tpp_runner.py[pid:12552;line:116:_train_model] - INFO: [ Epoch 15 (valid) ]:  valid loglike is 4.481688037857116, num_events is 52959, mark_ll is -1.609365466534253, time_ll is 6.091053485951396[0m
[38;20m2026-09-28 17:50:59,912 - tpp_runner.py[pid:12552;line:136:_train_model] - INFO: [ Epoch 15 (test) ]: test loglike is 4.481579995761474, num_events is 112141, mark_ll is -1.6546219400966193, time_ll is 6.136201996816507[0m
[31;1m2026-09-28 17:50:59,913 - tpp_runner.py[pid:12552;line:140:_train_model] - CRITICAL: current best loglike on valid set is 4.4818 (updated at epoch-13)[0m
[38;20m2026-09-28 17:51:00,968 - tpp_runner.py[pid:12552;line:104:_train_model] - INFO: [ Epoch 16 (train) ]: train loglike is 4.929779315149553, num_events is 242824, mark_ll is -1.6073925689555502, time_ll is 6.5371717755195125[0m
[38;20m2026-09-28 17:51:01,063 - tpp_runner.py[pid:12552;line:116:_train_model] - INFO: [ Epoch 16 (valid) ]:  valid loglike is 4.509055427901773, num_events is 52959, mark_ll is -1.613951874917389, time_ll is 6.123007413458996[0m
[38;20m2026-09-28 17:51:01,264 - tpp_runner.py[pid:12552;line:136:_train_model] - INFO: [ Epoch 16 (test) ]: test loglike is 4.491552313326526, num_events is 112141, mark_ll is -1.660646442731695, time_ll is 6.15219882572498[0m
[31;1m2026-09-28 17:51:01,264 - tpp_runner.py[pid:12552;line:140:_train_model] - CRITICAL: current best loglike on valid set is 4.5091 (updated at epoch-16), best updated at this epoch[0m
[38;20m2026-09-28 17:51:02,347 - tpp_runner.py[pid:12552;line:104:_train_model] - INFO: [ Epoch 17 (train) ]: train loglike is 4.952670573324197, num_events is 242824, mark_ll is -1.6124340410904605, time_ll is 6.565104606371281[0m
[38;20m2026-09-28 17:51:02,441 - tpp_runner.py[pid:12552;line:116:_train_model] - INFO: [ Epoch 17 (valid) ]:  valid loglike is 4.4341715480961685, num_events is 52959, mark_ll is -1.617176897015852, time_ll is 6.051348684831662[0m
[38;20m2026-09-28 17:51:02,635 - tpp_runner.py[pid:12552;line:136:_train_model] - INFO: [ Epoch 17 (test) ]: test loglike is 4.469162496878929, num_events is 112141, mark_ll is -1.664012052558275, time_ll is 6.133174558145549[0m
[31;1m2026-09-28 17:51:02,635 - tpp_runner.py[pid:12552;line:140:_train_model] - CRITICAL: current best loglike on valid set is 4.5091 (updated at epoch-16)[0m
[38;20m2026-09-28 17:51:03,709 - tpp_runner.py[pid:12552;line:104:_train_model] - INFO: [ Epoch 18 (train) ]: train loglike is 4.950962449590547, num_events is 242824, mark_ll is -1.6137753948719031, time_ll is 6.56473784446245[0m
[38;20m2026-09-28 17:51:03,805 - tpp_runner.py[pid:12552;line:116:_train_model] - INFO: [ Epoch 18 (valid) ]:  valid loglike is 4.3819207060532674, num_events is 52959, mark_ll is -1.6179424232513595, time_ll is 5.999863322924337[0m
[38;20m2026-09-28 17:51:04,000 - tpp_runner.py[pid:12552;line:136:_train_model] - INFO: [ Epoch 18 (test) ]: test loglike is 4.478291210953175, num_events is 112141, mark_ll is -1.6653475120746426, time_ll is 6.143638609819335[0m
[31;1m2026-09-28 17:51:04,000 - tpp_runner.py[pid:12552;line:140:_train_model] - CRITICAL: current best loglike on valid set is 4.5091 (updated at epoch-16)[0m
[38;20m2026-09-28 17:51:05,102 - tpp_runner.py[pid:12552;line:104:_train_model] - INFO: [ Epoch 19 (train) ]: train loglike is 4.944458792041767, num_events is 242824, mark_ll is -1.6157740896248414, time_ll is 6.560232925905182[0m
[38;20m2026-09-28 17:51:05,215 - tpp_runner.py[pid:12552;line:116:_train_model] - INFO: [ Epoch 19 (valid) ]:  valid loglike is 4.448225609964784, num_events is 52959, mark_ll is -1.621310788475519, time_ll is 6.069536545960083[0m
[38;20m2026-09-28 17:51:05,421 - tpp_runner.py[pid:12552;line:136:_train_model] - INFO: [ Epoch 19 (test) ]: test loglike is 4.510335638420605, num_events is 112141, mark_ll is -1.6681327542585895, time_ll is 6.178468401387539[0m
[31;1m2026-09-28 17:51:05,421 - tpp_runner.py[pid:12552;line:140:_train_model] - CRITICAL: current best loglike on valid set is 4.5091 (updated at epoch-16)[0m
[38;20m2026-09-28 17:51:06,492 - tpp_runner.py[pid:12552;line:104:_train_model] - INFO: [ Epoch 20 (train) ]: train loglike is 4.925246687158189, num_events is 242824, mark_ll is -1.6201403644911025, time_ll is 6.5453870395842255[0m
[38;20m2026-09-28 17:51:06,584 - tpp_runner.py[pid:12552;line:116:_train_model] - INFO: [ Epoch 20 (valid) ]:  valid loglike is 4.486869780750203, num_events is 52959, mark_ll is -1.6257123914549463, time_ll is 6.112582006245398[0m
[38;20m2026-09-28 17:51:06,779 - tpp_runner.py[pid:12552;line:136:_train_model] - INFO: [ Epoch 20 (test) ]: test loglike is 4.517469462272942, num_events is 112141, mark_ll is -1.6736511365992366, time_ll is 6.191120633705558[0m
[31;1m2026-09-28 17:51:06,781 - tpp_runner.py[pid:12552;line:140:_train_model] - CRITICAL: current best loglike on valid set is 4.5091 (updated at epoch-16)[0m
[38;20m2026-09-28 17:51:07,897 - tpp_runner.py[pid:12552;line:104:_train_model] - INFO: [ Epoch 21 (train) ]: train loglike is 4.88583794390433, num_events is 242824, mark_ll is -1.6250470979945866, time_ll is 6.510885037877228[0m
[38;20m2026-09-28 17:51:07,991 - tpp_runner.py[pid:12552;line:116:_train_model] - INFO: [ Epoch 21 (valid) ]:  valid loglike is 4.5064293545478575, num_events is 52959, mark_ll is -1.6321542298641403, time_ll is 6.138583510652108[0m
[38;20m2026-09-28 17:51:08,196 - tpp_runner.py[pid:12552;line:136:_train_model] - INFO: [ Epoch 21 (test) ]: test loglike is 4.493291334960006, num_events is 112141, mark_ll is -1.6815568333058382, time_ll is 6.174848028932327[0m
[31;1m2026-09-28 17:51:08,196 - tpp_runner.py[pid:12552;line:140:_train_model] - CRITICAL: current best loglike on valid set is 4.5091 (updated at epoch-16)[0m
[38;20m2026-09-28 17:51:09,245 - tpp_runner.py[pid:12552;line:104:_train_model] - INFO: [ Epoch 22 (train) ]: train loglike is 4.969545940423928, num_events is 242824, mark_ll is -1.6352854403099055, time_ll is 6.6048313927989[0m
[38;20m2026-09-28 17:51:09,339 - tpp_runner.py[pid:12552;line:116:_train_model] - INFO: [ Epoch 22 (valid) ]:  valid loglike is 4.444237449607243, num_events is 52959, mark_ll is -1.6386000328674069, time_ll is 6.082837593114485[0m
[38;20m2026-09-28 17:51:09,529 - tpp_runner.py[pid:12552;line:136:_train_model] - INFO: [ Epoch 22 (test) ]: test loglike is 4.463270300127184, num_events is 112141, mark_ll is -1.6885536836020054, time_ll is 6.151823861812361[0m
[31;1m2026-09-28 17:51:09,529 - tpp_runner.py[pid:12552;line:140:_train_model] - CRITICAL: current best loglike on valid set is 4.5091 (updated at epoch-16)[0m
[38;20m2026-09-28 17:51:10,626 - tpp_runner.py[pid:12552;line:104:_train_model] - INFO: [ Epoch 23 (train) ]: train loglike is 4.963109597898066, num_events is 242824, mark_ll is -1.6344363170766172, time_ll is 6.597545927039749[0m
[38;20m2026-09-28 17:51:10,707 - tpp_runner.py[pid:12552;line:116:_train_model] - INFO: [ Epoch 23 (valid) ]:  valid loglike is 4.4259399075228005, num_events is 52959, mark_ll is -1.639765319265257, time_ll is 6.065705383527823[0m
[38;20m2026-09-28 17:51:10,916 - tpp_runner.py[pid:12552;line:136:_train_model] - INFO: [ Epoch 23 (test) ]: test loglike is 4.511724427840843, num_events is 112141, mark_ll is -1.6888397178970003, time_ll is 6.200564154446188[0m
[31;1m2026-09-28 17:51:10,916 - tpp_runner.py[pid:12552;line:140:_train_model] - CRITICAL: current best loglike on valid set is 4.5091 (updated at epoch-16)[0m
[38;20m2026-09-28 17:51:11,987 - tpp_runner.py[pid:12552;line:104:_train_model] - INFO: [ Epoch 24 (train) ]: train loglike is 4.962046158882051, num_events is 242824, mark_ll is -1.639826795365419, time_ll is 6.601872910008895[0m
[38;20m2026-09-28 17:51:12,085 - tpp_runner.py[pid:12552;line:116:_train_model] - INFO: [ Epoch 24 (valid) ]:  valid loglike is 4.48893535270209, num_events is 52959, mark_ll is -1.6454213935691997, time_ll is 6.134356847691138[0m
[38;20m2026-09-28 17:51:12,290 - tpp_runner.py[pid:12552;line:136:_train_model] - INFO: [ Epoch 24 (test) ]: test loglike is 4.485869822227151, num_events is 112141, mark_ll is -1.695320772927609, time_ll is 6.181190682238209[0m
[31;1m2026-09-28 17:51:12,290 - tpp_runner.py[pid:12552;line:140:_train_model] - CRITICAL: current best loglike on valid set is 4.5091 (updated at epoch-16)[0m
[38;20m2026-09-28 17:51:13,339 - tpp_runner.py[pid:12552;line:104:_train_model] - INFO: [ Epoch 25 (train) ]: train loglike is 4.983830053158358, num_events is 242824, mark_ll is -1.6408955430103183, time_ll is 6.624725672580758[0m
[38;20m2026-09-28 17:51:13,433 - tpp_runner.py[pid:12552;line:116:_train_model] - INFO: [ Epoch 25 (valid) ]:  valid loglike is 4.457855443007799, num_events is 52959, mark_ll is -1.6453634643958062, time_ll is 6.1032190733633565[0m
[38;20m2026-09-28 17:51:13,620 - tpp_runner.py[pid:12552;line:136:_train_model] - INFO: [ Epoch 25 (test) ]: test loglike is 4.464952935227749, num_events is 112141, mark_ll is -1.6935664333155358, time_ll is 6.1585193075848705[0m
[31;1m2026-09-28 17:51:13,620 - tpp_runner.py[pid:12552;line:140:_train_model] - CRITICAL: current best loglike on valid set is 4.5091 (updated at epoch-16)[0m
[38;20m2026-09-28 17:51:14,687 - tpp_runner.py[pid:12552;line:104:_train_model] - INFO: [ Epoch 26 (train) ]: train loglike is 4.935674877303108, num_events is 242824, mark_ll is -1.6429882165812482, time_ll is 6.578663085840979[0m
[38;20m2026-09-28 17:51:14,782 - tpp_runner.py[pid:12552;line:116:_train_model] - INFO: [ Epoch 26 (valid) ]:  valid loglike is 4.4485480144427765, num_events is 52959, mark_ll is -1.647429783166577, time_ll is 6.095977843709284[0m
[38;20m2026-09-28 17:51:14,986 - tpp_runner.py[pid:12552;line:136:_train_model] - INFO: [ Epoch 26 (test) ]: test loglike is 4.496049563858223, num_events is 112141, mark_ll is -1.6966956377044302, time_ll is 6.192745227687688[0m
[31;1m2026-09-28 17:51:14,986 - tpp_runner.py[pid:12552;line:140:_train_model] - CRITICAL: current best loglike on valid set is 4.5091 (updated at epoch-16)[0m
[38;20m2026-09-28 17:51:16,048 - tpp_runner.py[pid:12552;line:104:_train_model] - INFO: [ Epoch 27 (train) ]: train loglike is 4.946587471790268, num_events is 242824, mark_ll is -1.6472900036716407, time_ll is 6.593877487526974[0m
[38;20m2026-09-28 17:51:16,138 - tpp_runner.py[pid:12552;line:116:_train_model] - INFO: [ Epoch 27 (valid) ]:  valid loglike is 4.46602007272135, num_events is 52959, mark_ll is -1.6504506010103335, time_ll is 6.116470996431201[0m
[38;20m2026-09-28 17:51:16,347 - tpp_runner.py[pid:12552;line:136:_train_model] - INFO: [ Epoch 27 (test) ]: test loglike is 4.510278267844722, num_events is 112141, mark_ll is -1.6985078703930765, time_ll is 6.208786173071179[0m
[31;1m2026-09-28 17:51:16,347 - tpp_runner.py[pid:12552;line:140:_train_model] - CRITICAL: current best loglike on valid set is 4.5091 (updated at epoch-16)[0m
[38;20m2026-09-28 17:51:17,400 - tpp_runner.py[pid:12552;line:104:_train_model] - INFO: [ Epoch 28 (train) ]: train loglike is 4.965905475776694, num_events is 242824, mark_ll is -1.650857539018744, time_ll is 6.61676306707739[0m
[38;20m2026-09-28 17:51:17,496 - tpp_runner.py[pid:12552;line:116:_train_model] - INFO: [ Epoch 28 (valid) ]:  valid loglike is 4.5130480507326425, num_events is 52959, mark_ll is -1.6529169565430333, time_ll is 6.165965062595593[0m
[38;20m2026-09-28 17:51:17,699 - tpp_runner.py[pid:12552;line:136:_train_model] - INFO: [ Epoch 28 (test) ]: test loglike is 4.4439339864266865, num_events is 112141, mark_ll is -1.7014672359323306, time_ll is 6.1454012833174305[0m
[31;1m2026-09-28 17:51:17,699 - tpp_runner.py[pid:12552;line:140:_train_model] - CRITICAL: current best loglike on valid set is 4.5130 (updated at epoch-28), best updated at this epoch[0m
[38;20m2026-09-28 17:51:18,783 - tpp_runner.py[pid:12552;line:104:_train_model] - INFO: [ Epoch 29 (train) ]: train loglike is 4.945187393312646, num_events is 242824, mark_ll is -1.645722381649106, time_ll is 6.590909787026818[0m
[38;20m2026-09-28 17:51:18,906 - tpp_runner.py[pid:12552;line:116:_train_model] - INFO: [ Epoch 29 (valid) ]:  valid loglike is 4.530949465329312, num_events is 52959, mark_ll is -1.6494257350025492, time_ll is 6.1803749421722465[0m
[38;20m2026-09-28 17:51:19,113 - tpp_runner.py[pid:12552;line:136:_train_model] - INFO: [ Epoch 29 (test) ]: test loglike is 4.4943996111758855, num_events is 112141, mark_ll is -1.6971166948863485, time_ll is 6.191516288645545[0m
[31;1m2026-09-28 17:51:19,113 - tpp_runner.py[pid:12552;line:140:_train_model] - CRITICAL: current best loglike on valid set is 4.5309 (updated at epoch-29), best updated at this epoch[0m
[38;20m2026-09-28 17:51:20,161 - tpp_runner.py[pid:12552;line:104:_train_model] - INFO: [ Epoch 30 (train) ]: train loglike is 4.928486350324721, num_events is 242824, mark_ll is -1.6501554929573476, time_ll is 6.578641803065183[0m
[38;20m2026-09-28 17:51:20,265 - tpp_runner.py[pid:12552;line:116:_train_model] - INFO: [ Epoch 30 (valid) ]:  valid loglike is 4.552336034715535, num_events is 52959, mark_ll is -1.6522942017940765, time_ll is 6.204630033669915[0m
[38;20m2026-09-28 17:51:20,470 - tpp_runner.py[pid:12552;line:136:_train_model] - INFO: [ Epoch 30 (test) ]: test loglike is 4.491919700979125, num_events is 112141, mark_ll is -1.7005626391941842, time_ll is 6.192482392423377[0m
[31;1m2026-09-28 17:51:20,471 - tpp_runner.py[pid:12552;line:140:_train_model] - CRITICAL: current best loglike on valid set is 4.5523 (updated at epoch-30), best updated at this epoch[0m
[38;20m2026-09-28 17:51:21,524 - tpp_runner.py[pid:12552;line:104:_train_model] - INFO: [ Epoch 31 (train) ]: train loglike is 4.96515442544034, num_events is 242824, mark_ll is -1.6543343571372682, time_ll is 6.619488758447476[0m
[38;20m2026-09-28 17:51:21,618 - tpp_runner.py[pid:12552;line:116:_train_model] - INFO: [ Epoch 31 (valid) ]:  valid loglike is 4.456501506471988, num_events is 52959, mark_ll is -1.6567717590199493, time_ll is 6.11327313641213[0m
[38;20m2026-09-28 17:51:21,822 - tpp_runner.py[pid:12552;line:136:_train_model] - INFO: [ Epoch 31 (test) ]: test loglike is 4.525680752217075, num_events is 112141, mark_ll is -1.7060568471695232, time_ll is 6.231737695178391[0m
[31;1m2026-09-28 17:51:21,822 - tpp_runner.py[pid:12552;line:140:_train_model] - CRITICAL: current best loglike on valid set is 4.5523 (updated at epoch-30)[0m
[38;20m2026-09-28 17:51:22,858 - tpp_runner.py[pid:12552;line:104:_train_model] - INFO: [ Epoch 32 (train) ]: train loglike is 4.956252490229549, num_events is 242824, mark_ll is -1.6521019821712433, time_ll is 6.608354456314038[0m
[38;20m2026-09-28 17:51:22,954 - tpp_runner.py[pid:12552;line:116:_train_model] - INFO: [ Epoch 32 (valid) ]:  valid loglike is 4.506382480137937, num_events is 52959, mark_ll is -1.6543163291709153, time_ll is 6.160698827748824[0m
[38;20m2026-09-28 17:51:23,175 - tpp_runner.py[pid:12552;line:136:_train_model] - INFO: [ Epoch 32 (test) ]: test loglike is 4.5551832660724, num_events is 112141, mark_ll is -1.7027148021241116, time_ll is 6.257898085613201[0m
[31;1m2026-09-28 17:51:23,177 - tpp_runner.py[pid:12552;line:140:_train_model] - CRITICAL: current best loglike on valid set is 4.5523 (updated at epoch-30)[0m
[38;20m2026-09-28 17:51:24,226 - tpp_runner.py[pid:12552;line:104:_train_model] - INFO: [ Epoch 33 (train) ]: train loglike is 4.972945425493362, num_events is 242824, mark_ll is -1.6539373280004241, time_ll is 6.6268827132769[0m
[38;20m2026-09-28 17:51:24,316 - tpp_runner.py[pid:12552;line:116:_train_model] - INFO: [ Epoch 33 (valid) ]:  valid loglike is 4.448716666430635, num_events is 52959, mark_ll is -1.6569043793016767, time_ll is 6.105620990412395[0m
[38;20m2026-09-28 17:51:24,533 - tpp_runner.py[pid:12552;line:136:_train_model] - INFO: [ Epoch 33 (test) ]: test loglike is 4.514193208772884, num_events is 112141, mark_ll is -1.7055544017966222, time_ll is 6.219747662819575[0m
[31;1m2026-09-28 17:51:24,533 - tpp_runner.py[pid:12552;line:140:_train_model] - CRITICAL: current best loglike on valid set is 4.5523 (updated at epoch-30)[0m
[38;20m2026-09-28 17:51:25,602 - tpp_runner.py[pid:12552;line:104:_train_model] - INFO: [ Epoch 34 (train) ]: train loglike is 4.992324140890109, num_events is 242824, mark_ll is -1.6525912125397406, time_ll is 6.644915321256342[0m
[38;20m2026-09-28 17:51:25,697 - tpp_runner.py[pid:12552;line:116:_train_model] - INFO: [ Epoch 34 (valid) ]:  valid loglike is 4.547322501250968, num_events is 52959, mark_ll is -1.6525592210778621, time_ll is 6.199881593249023[0m
[38;20m2026-09-28 17:51:25,900 - tpp_runner.py[pid:12552;line:136:_train_model] - INFO: [ Epoch 34 (test) ]: test loglike is 4.501035039035679, num_events is 112141, mark_ll is -1.6996178534445474, time_ll is 6.200652822813467[0m
[31;1m2026-09-28 17:51:25,900 - tpp_runner.py[pid:12552;line:140:_train_model] - CRITICAL: current best loglike on valid set is 4.5523 (updated at epoch-30)[0m
[38;20m2026-09-28 17:51:26,925 - tpp_runner.py[pid:12552;line:104:_train_model] - INFO: [ Epoch 35 (train) ]: train loglike is 4.955023421992369, num_events is 242824, mark_ll is -1.6502823209274, time_ll is 6.605305791180031[0m
[38;20m2026-09-28 17:51:27,013 - tpp_runner.py[pid:12552;line:116:_train_model] - INFO: [ Epoch 35 (valid) ]:  valid loglike is 4.521747660926377, num_events is 52959, mark_ll is -1.652326361105997, time_ll is 6.174073929832512[0m
[38;20m2026-09-28 17:51:27,220 - tpp_runner.py[pid:12552;line:136:_train_model] - INFO: [ Epoch 35 (test) ]: test loglike is 4.534983058437592, num_events is 112141, mark_ll is -1.699574233345186, time_ll is 6.2345572656577435[0m
[31;1m2026-09-28 17:51:27,220 - tpp_runner.py[pid:12552;line:140:_train_model] - CRITICAL: current best loglike on valid set is 4.5523 (updated at epoch-30)[0m
[38;20m2026-09-28 17:51:28,284 - tpp_runner.py[pid:12552;line:104:_train_model] - INFO: [ Epoch 36 (train) ]: train loglike is 4.977689642562617, num_events is 242824, mark_ll is -1.6518003756385797, time_ll is 6.629490134830165[0m
[38;20m2026-09-28 17:51:28,378 - tpp_runner.py[pid:12552;line:116:_train_model] - INFO: [ Epoch 36 (valid) ]:  valid loglike is 4.465041832183859, num_events is 52959, mark_ll is -1.6538837458576445, time_ll is 6.118925430521724[0m
[38;20m2026-09-28 17:51:28,579 - tpp_runner.py[pid:12552;line:136:_train_model] - INFO: [ Epoch 36 (test) ]: test loglike is 4.471126899185512, num_events is 112141, mark_ll is -1.7004479938342132, time_ll is 6.171575014936553[0m
[31;1m2026-09-28 17:51:28,579 - tpp_runner.py[pid:12552;line:140:_train_model] - CRITICAL: current best loglike on valid set is 4.5523 (updated at epoch-30)[0m
[38;20m2026-09-28 17:51:29,609 - tpp_runner.py[pid:12552;line:104:_train_model] - INFO: [ Epoch 37 (train) ]: train loglike is 4.968328301825602, num_events is 242824, mark_ll is -1.6535022456465382, time_ll is 6.621830539428763[0m
[38;20m2026-09-28 17:51:29,694 - tpp_runner.py[pid:12552;line:116:_train_model] - INFO: [ Epoch 37 (valid) ]:  valid loglike is 4.479344132961347, num_events is 52959, mark_ll is -1.6569274108272438, time_ll is 6.13627169130837[0m
[38;20m2026-09-28 17:51:29,915 - tpp_runner.py[pid:12552;line:136:_train_model] - INFO: [ Epoch 37 (test) ]: test loglike is 4.48025927947294, num_events is 112141, mark_ll is -1.7048104391876076, time_ll is 6.185069553201996[0m
[31;1m2026-09-28 17:51:29,915 - tpp_runner.py[pid:12552;line:140:_train_model] - CRITICAL: current best loglike on valid set is 4.5523 (updated at epoch-30)[0m
[38;20m2026-09-28 17:51:30,982 - tpp_runner.py[pid:12552;line:104:_train_model] - INFO: [ Epoch 38 (train) ]: train loglike is 4.958777885423187, num_events is 242824, mark_ll is -1.6499137412153453, time_ll is 6.6086916829421725[0m
[38;20m2026-09-28 17:51:31,081 - tpp_runner.py[pid:12552;line:116:_train_model] - INFO: [ Epoch 38 (valid) ]:  valid loglike is 4.551155839599973, num_events is 52959, mark_ll is -1.648920009538629, time_ll is 6.200075839918616[0m
[38;20m2026-09-28 17:51:31,283 - tpp_runner.py[pid:12552;line:136:_train_model] - INFO: [ Epoch 38 (test) ]: test loglike is 4.511571012929593, num_events is 112141, mark_ll is -1.6934013318054948, time_ll is 6.204972318610054[0m
[31;1m2026-09-28 17:51:31,283 - tpp_runner.py[pid:12552;line:140:_train_model] - CRITICAL: current best loglike on valid set is 4.5523 (updated at epoch-30)[0m
[38;20m2026-09-28 17:51:32,350 - tpp_runner.py[pid:12552;line:104:_train_model] - INFO: [ Epoch 39 (train) ]: train loglike is 4.963224545800148, num_events is 242824, mark_ll is -1.6496932320322537, time_ll is 6.612917737615516[0m
[38;20m2026-09-28 17:51:32,439 - tpp_runner.py[pid:12552;line:116:_train_model] - INFO: [ Epoch 39 (valid) ]:  valid loglike is 4.467624165923167, num_events is 52959, mark_ll is -1.6524366321411375, time_ll is 6.120060853384222[0m
[38;20m2026-09-28 17:51:32,660 - tpp_runner.py[pid:12552;line:136:_train_model] - INFO: [ Epoch 39 (test) ]: test loglike is 4.526413542019645, num_events is 112141, mark_ll is -1.6983829230611462, time_ll is 6.224796377997342[0m
[31;1m2026-09-28 17:51:32,660 - tpp_runner.py[pid:12552;line:140:_train_model] - CRITICAL: current best loglike on valid set is 4.5523 (updated at epoch-30)[0m
[38;20m2026-09-28 17:51:33,721 - tpp_runner.py[pid:12552;line:104:_train_model] - INFO: [ Epoch 40 (train) ]: train loglike is 4.975662188714872, num_events is 242824, mark_ll is -1.6478471643814039, time_ll is 6.6235093852697835[0m
[38;20m2026-09-28 17:51:33,817 - tpp_runner.py[pid:12552;line:116:_train_model] - INFO: [ Epoch 40 (valid) ]:  valid loglike is 4.553269724279631, num_events is 52959, mark_ll is -1.652214614873062, time_ll is 6.205484210072886[0m
[38;20m2026-09-28 17:51:34,014 - tpp_runner.py[pid:12552;line:136:_train_model] - INFO: [ Epoch 40 (test) ]: test loglike is 4.521642710126091, num_events is 112141, mark_ll is -1.6976243217244362, time_ll is 6.219266997017148[0m
[31;1m2026-09-28 17:51:34,014 - tpp_runner.py[pid:12552;line:140:_train_model] - CRITICAL: current best loglike on valid set is 4.5533 (updated at epoch-40), best updated at this epoch[0m
[38;20m2026-09-28 17:51:35,110 - tpp_runner.py[pid:12552;line:104:_train_model] - INFO: [ Epoch 41 (train) ]: train loglike is 4.962810641658156, num_events is 242824, mark_ll is -1.650071081736412, time_ll is 6.612881751546388[0m
[38;20m2026-09-28 17:51:35,226 - tpp_runner.py[pid:12552;line:116:_train_model] - INFO: [ Epoch 41 (valid) ]:  valid loglike is 4.44730589789979, num_events is 52959, mark_ll is -1.6511914545627278, time_ll is 6.098497260262656[0m
[38;20m2026-09-28 17:51:35,436 - tpp_runner.py[pid:12552;line:136:_train_model] - INFO: [ Epoch 41 (test) ]: test loglike is 4.510247544804086, num_events is 112141, mark_ll is -1.69589655998085, time_ll is 6.206144235410108[0m
[31;1m2026-09-28 17:51:35,436 - tpp_runner.py[pid:12552;line:140:_train_model] - CRITICAL: current best loglike on valid set is 4.5533 (updated at epoch-40)[0m
[38;20m2026-09-28 17:51:36,491 - tpp_runner.py[pid:12552;line:104:_train_model] - INFO: [ Epoch 42 (train) ]: train loglike is 4.965846220217626, num_events is 242824, mark_ll is -1.6490513745616682, time_ll is 6.614897647061246[0m
[38;20m2026-09-28 17:51:36,605 - tpp_runner.py[pid:12552;line:116:_train_model] - INFO: [ Epoch 42 (valid) ]:  valid loglike is 4.453828226788648, num_events is 52959, mark_ll is -1.6534903843657358, time_ll is 6.107318389874714[0m
[38;20m2026-09-28 17:51:36,813 - tpp_runner.py[pid:12552;line:136:_train_model] - INFO: [ Epoch 42 (test) ]: test loglike is 4.519175479279434, num_events is 112141, mark_ll is -1.69845076106754, time_ll is 6.217626257763664[0m
[31;1m2026-09-28 17:51:36,813 - tpp_runner.py[pid:12552;line:140:_train_model] - CRITICAL: current best loglike on valid set is 4.5533 (updated at epoch-40)[0m
[38;20m2026-09-28 17:51:37,844 - tpp_runner.py[pid:12552;line:104:_train_model] - INFO: [ Epoch 43 (train) ]: train loglike is 5.0067098656073945, num_events is 242824, mark_ll is -1.6518342060826463, time_ll is 6.658544051581599[0m
[38;20m2026-09-28 17:51:37,946 - tpp_runner.py[pid:12552;line:116:_train_model] - INFO: [ Epoch 43 (valid) ]:  valid loglike is 4.473465617269963, num_events is 52959, mark_ll is -1.653807653311406, time_ll is 6.127273279801356[0m
[38;20m2026-09-28 17:51:38,130 - tpp_runner.py[pid:12552;line:136:_train_model] - INFO: [ Epoch 43 (test) ]: test loglike is 4.544220086905102, num_events is 112141, mark_ll is -1.698411460307225, time_ll is 6.242631608170741[0m
[31;1m2026-09-28 17:51:38,130 - tpp_runner.py[pid:12552;line:140:_train_model] - CRITICAL: current best loglike on valid set is 4.5533 (updated at epoch-40)[0m
[38;20m2026-09-28 17:51:39,195 - tpp_runner.py[pid:12552;line:104:_train_model] - INFO: [ Epoch 44 (train) ]: train loglike is 4.959264340826587, num_events is 242824, mark_ll is -1.648204982054904, time_ll is 6.6074692665778505[0m
[38;20m2026-09-28 17:51:39,305 - tpp_runner.py[pid:12552;line:116:_train_model] - INFO: [ Epoch 44 (valid) ]:  valid loglike is 4.515618435369815, num_events is 52959, mark_ll is -1.6503603834452123, time_ll is 6.165978708175192[0m
[38;20m2026-09-28 17:51:39,572 - tpp_runner.py[pid:12552;line:136:_train_model] - INFO: [ Epoch 44 (test) ]: test loglike is 4.5455641154328035, num_events is 112141, mark_ll is -1.6930576308508931, time_ll is 6.238621815950455[0m
[31;1m2026-09-28 17:51:39,572 - tpp_runner.py[pid:12552;line:140:_train_model] - CRITICAL: current best loglike on valid set is 4.5533 (updated at epoch-40)[0m
[38;20m2026-09-28 17:51:40,670 - tpp_runner.py[pid:12552;line:104:_train_model] - INFO: [ Epoch 45 (train) ]: train loglike is 4.978344880191003, num_events is 242824, mark_ll is -1.6510692849424893, time_ll is 6.629414189263623[0m
[38;20m2026-09-28 17:51:40,764 - tpp_runner.py[pid:12552;line:116:_train_model] - INFO: [ Epoch 45 (valid) ]:  valid loglike is 4.5504679917483335, num_events is 52959, mark_ll is -1.653528167869248, time_ll is 6.203996030537774[0m
[38;20m2026-09-28 17:51:40,954 - tpp_runner.py[pid:12552;line:136:_train_model] - INFO: [ Epoch 45 (test) ]: test loglike is 4.526696502268907, num_events is 112141, mark_ll is -1.6981080180308719, time_ll is 6.224804546424814[0m
[31;1m2026-09-28 17:51:40,954 - tpp_runner.py[pid:12552;line:140:_train_model] - CRITICAL: current best loglike on valid set is 4.5533 (updated at epoch-40)[0m
[38;20m2026-09-28 17:51:42,042 - tpp_runner.py[pid:12552;line:104:_train_model] - INFO: [ Epoch 46 (train) ]: train loglike is 4.9878222064257445, num_events is 242824, mark_ll is -1.648730854027763, time_ll is 6.636553201212607[0m
[38;20m2026-09-28 17:51:42,131 - tpp_runner.py[pid:12552;line:116:_train_model] - INFO: [ Epoch 46 (valid) ]:  valid loglike is 4.44212245852924, num_events is 52959, mark_ll is -1.6502739552944259, time_ll is 6.092396506023528[0m
[38;20m2026-09-28 17:51:42,330 - tpp_runner.py[pid:12552;line:136:_train_model] - INFO: [ Epoch 46 (test) ]: test loglike is 4.530395693953372, num_events is 112141, mark_ll is -1.6924935913548569, time_ll is 6.222889320141608[0m
[31;1m2026-09-28 17:51:42,330 - tpp_runner.py[pid:12552;line:140:_train_model] - CRITICAL: current best loglike on valid set is 4.5533 (updated at epoch-40)[0m
[38;20m2026-09-28 17:51:43,431 - tpp_runner.py[pid:12552;line:104:_train_model] - INFO: [ Epoch 47 (train) ]: train loglike is 5.0046376181926, num_events is 242824, mark_ll is -1.649261913978849, time_ll is 6.653899580431712[0m
[38;20m2026-09-28 17:51:43,525 - tpp_runner.py[pid:12552;line:116:_train_model] - INFO: [ Epoch 47 (valid) ]:  valid loglike is 4.489347117286486, num_events is 52959, mark_ll is -1.6491955672666592, time_ll is 6.1385426476732[0m
[38;20m2026-09-28 17:51:43,724 - tpp_runner.py[pid:12552;line:136:_train_model] - INFO: [ Epoch 47 (test) ]: test loglike is 4.5347974749004605, num_events is 112141, mark_ll is -1.6916643566330558, time_ll is 6.226461831533515[0m
[31;1m2026-09-28 17:51:43,724 - tpp_runner.py[pid:12552;line:140:_train_model] - CRITICAL: current best loglike on valid set is 4.5533 (updated at epoch-40)[0m
[38;20m2026-09-28 17:51:44,821 - tpp_runner.py[pid:12552;line:104:_train_model] - INFO: [ Epoch 48 (train) ]: train loglike is 4.944332704062408, num_events is 242824, mark_ll is -1.6468531879699906, time_ll is 6.591185883989021[0m
[38;20m2026-09-28 17:51:44,902 - tpp_runner.py[pid:12552;line:116:_train_model] - INFO: [ Epoch 48 (valid) ]:  valid loglike is 4.4549474224754055, num_events is 52959, mark_ll is -1.6500348257319342, time_ll is 6.1049822297673675[0m
[38;20m2026-09-28 17:51:45,107 - tpp_runner.py[pid:12552;line:136:_train_model] - INFO: [ Epoch 48 (test) ]: test loglike is 4.527719149329862, num_events is 112141, mark_ll is -1.6932717864674829, time_ll is 6.220991109964242[0m
[31;1m2026-09-28 17:51:45,107 - tpp_runner.py[pid:12552;line:140:_train_model] - CRITICAL: current best loglike on valid set is 4.5533 (updated at epoch-40)[0m
[38;20m2026-09-28 17:51:46,206 - tpp_runner.py[pid:12552;line:104:_train_model] - INFO: [ Epoch 49 (train) ]: train loglike is 4.96684756436246, num_events is 242824, mark_ll is -1.651109574218364, time_ll is 6.6179571064073155[0m
[38;20m2026-09-28 17:51:46,301 - tpp_runner.py[pid:12552;line:116:_train_model] - INFO: [ Epoch 49 (valid) ]:  valid loglike is 4.55843350663957, num_events is 52959, mark_ll is -1.6535789515533243, time_ll is 6.212012402872977[0m
[38;20m2026-09-28 17:51:46,503 - tpp_runner.py[pid:12552;line:136:_train_model] - INFO: [ Epoch 49 (test) ]: test loglike is 4.485155981782978, num_events is 112141, mark_ll is -1.6971399200420676, time_ll is 6.182295788616563[0m
[31;1m2026-09-28 17:51:46,503 - tpp_runner.py[pid:12552;line:140:_train_model] - CRITICAL: current best loglike on valid set is 4.5584 (updated at epoch-49), best updated at this epoch[0m
[38;20m2026-09-28 17:51:47,616 - tpp_runner.py[pid:12552;line:104:_train_model] - INFO: [ Epoch 50 (train) ]: train loglike is 4.960721269893524, num_events is 242824, mark_ll is -1.651737198933178, time_ll is 6.612458396436308[0m
[38;20m2026-09-28 17:51:47,727 - tpp_runner.py[pid:12552;line:116:_train_model] - INFO: [ Epoch 50 (valid) ]:  valid loglike is 4.446712683986669, num_events is 52959, mark_ll is -1.6542845202184708, time_ll is 6.100997167325195[0m
[38;20m2026-09-28 17:51:47,944 - tpp_runner.py[pid:12552;line:136:_train_model] - INFO: [ Epoch 50 (test) ]: test loglike is 4.518517877326312, num_events is 112141, mark_ll is -1.6982276532724427, time_ll is 6.216745548015445[0m
[31;1m2026-09-28 17:51:47,944 - tpp_runner.py[pid:12552;line:140:_train_model] - CRITICAL: current best loglike on valid set is 4.5584 (updated at epoch-49)[0m
[38;20m2026-09-28 17:51:49,030 - tpp_runner.py[pid:12552;line:104:_train_model] - INFO: [ Epoch 51 (train) ]: train loglike is 4.95997359777555, num_events is 242824, mark_ll is -1.6527525586626013, time_ll is 6.612726096112822[0m
[38;20m2026-09-28 17:51:49,136 - tpp_runner.py[pid:12552;line:116:_train_model] - INFO: [ Epoch 51 (valid) ]:  valid loglike is 4.42450133151353, num_events is 52959, mark_ll is -1.6546194085577994, time_ll is 6.079120684751412[0m
[38;20m2026-09-28 17:51:49,326 - tpp_runner.py[pid:12552;line:136:_train_model] - INFO: [ Epoch 51 (test) ]: test loglike is 4.500632225836224, num_events is 112141, mark_ll is -1.697583740837428, time_ll is 6.198216036340411[0m
[31;1m2026-09-28 17:51:49,326 - tpp_runner.py[pid:12552;line:140:_train_model] - CRITICAL: current best loglike on valid set is 4.5584 (updated at epoch-49)[0m
[38;20m2026-09-28 17:51:50,416 - tpp_runner.py[pid:12552;line:104:_train_model] - INFO: [ Epoch 52 (train) ]: train loglike is 4.954202337971638, num_events is 242824, mark_ll is -1.6521918870187358, time_ll is 6.6063942692289475[0m
[38;20m2026-09-28 17:51:50,519 - tpp_runner.py[pid:12552;line:116:_train_model] - INFO: [ Epoch 52 (valid) ]:  valid loglike is 4.417823848696633, num_events is 52959, mark_ll is -1.6541397203349526, time_ll is 6.071963467611737[0m
[38;20m2026-09-28 17:51:50,736 - tpp_runner.py[pid:12552;line:136:_train_model] - INFO: [ Epoch 52 (test) ]: test loglike is 4.57163139624446, num_events is 112141, mark_ll is -1.6969148006193095, time_ll is 6.2685461968637695[0m
[31;1m2026-09-28 17:51:50,736 - tpp_runner.py[pid:12552;line:140:_train_model] - CRITICAL: current best loglike on valid set is 4.5584 (updated at epoch-49)[0m
[38;20m2026-09-28 17:51:51,834 - tpp_runner.py[pid:12552;line:104:_train_model] - INFO: [ Epoch 53 (train) ]: train loglike is 4.973128388192168, num_events is 242824, mark_ll is -1.6529635766607194, time_ll is 6.626091952787822[0m
[38;20m2026-09-28 17:51:51,928 - tpp_runner.py[pid:12552;line:116:_train_model] - INFO: [ Epoch 53 (valid) ]:  valid loglike is 4.53289097314668, num_events is 52959, mark_ll is -1.6539084369807304, time_ll is 6.1867991704077685[0m
[38;20m2026-09-28 17:51:52,122 - tpp_runner.py[pid:12552;line:136:_train_model] - INFO: [ Epoch 53 (test) ]: test loglike is 4.536695119035411, num_events is 112141, mark_ll is -1.6963212920842956, time_ll is 6.233016358869637[0m
[31;1m2026-09-28 17:51:52,122 - tpp_runner.py[pid:12552;line:140:_train_model] - CRITICAL: current best loglike on valid set is 4.5584 (updated at epoch-49)[0m
[38;20m2026-09-28 17:51:53,200 - tpp_runner.py[pid:12552;line:104:_train_model] - INFO: [ Epoch 54 (train) ]: train loglike is 5.01727437490734, num_events is 242824, mark_ll is -1.6512407456120481, time_ll is 6.668515120519388[0m
[38;20m2026-09-28 17:51:53,292 - tpp_runner.py[pid:12552;line:116:_train_model] - INFO: [ Epoch 54 (valid) ]:  valid loglike is 4.487271587749485, num_events is 52959, mark_ll is -1.653313342190421, time_ll is 6.140584948379879[0m
[38;20m2026-09-28 17:51:53,480 - tpp_runner.py[pid:12552;line:136:_train_model] - INFO: [ Epoch 54 (test) ]: test loglike is 4.554481059976949, num_events is 112141, mark_ll is -1.6958607512668202, time_ll is 6.250341785118734[0m
[31;1m2026-09-28 17:51:53,480 - tpp_runner.py[pid:12552;line:140:_train_model] - CRITICAL: current best loglike on valid set is 4.5584 (updated at epoch-49)[0m
[38;20m2026-09-28 17:51:54,531 - tpp_runner.py[pid:12552;line:104:_train_model] - INFO: [ Epoch 55 (train) ]: train loglike is 4.998221335849216, num_events is 242824, mark_ll is -1.6486140682140151, time_ll is 6.646835404063231[0m
[38;20m2026-09-28 17:51:54,626 - tpp_runner.py[pid:12552;line:116:_train_model] - INFO: [ Epoch 55 (valid) ]:  valid loglike is 4.4851598789865745, num_events is 52959, mark_ll is -1.6504386334682255, time_ll is 6.135598337275062[0m
[38;20m2026-09-28 17:51:54,831 - tpp_runner.py[pid:12552;line:136:_train_model] - INFO: [ Epoch 55 (test) ]: test loglike is 4.522469863553473, num_events is 112141, mark_ll is -1.6917801863279265, time_ll is 6.214250206631607[0m
[31;1m2026-09-28 17:51:54,831 - tpp_runner.py[pid:12552;line:140:_train_model] - CRITICAL: current best loglike on valid set is 4.5584 (updated at epoch-49)[0m
[38;20m2026-09-28 17:51:55,917 - tpp_runner.py[pid:12552;line:104:_train_model] - INFO: [ Epoch 56 (train) ]: train loglike is 4.99410503305635, num_events is 242824, mark_ll is -1.648494704497908, time_ll is 6.642599761684389[0m
[38;20m2026-09-28 17:51:56,020 - tpp_runner.py[pid:12552;line:116:_train_model] - INFO: [ Epoch 56 (valid) ]:  valid loglike is 4.506651556215657, num_events is 52959, mark_ll is -1.6512606044593459, time_ll is 6.1579123635147[0m
[38;20m2026-09-28 17:51:56,194 - tpp_runner.py[pid:12552;line:136:_train_model] - INFO: [ Epoch 56 (test) ]: test loglike is 4.5070797450308095, num_events is 112141, mark_ll is -1.6935988544834182, time_ll is 6.200678651764297[0m
[31;1m2026-09-28 17:51:56,194 - tpp_runner.py[pid:12552;line:140:_train_model] - CRITICAL: current best loglike on valid set is 4.5584 (updated at epoch-49)[0m
[38;20m2026-09-28 17:51:57,259 - tpp_runner.py[pid:12552;line:104:_train_model] - INFO: [ Epoch 57 (train) ]: train loglike is 4.993464997410676, num_events is 242824, mark_ll is -1.6484362211030417, time_ll is 6.641901178296832[0m
[38;20m2026-09-28 17:51:57,355 - tpp_runner.py[pid:12552;line:116:_train_model] - INFO: [ Epoch 57 (valid) ]:  valid loglike is 4.447785447822844, num_events is 52959, mark_ll is -1.6496123659635284, time_ll is 6.0973977215865105[0m
[38;20m2026-09-28 17:51:57,555 - tpp_runner.py[pid:12552;line:136:_train_model] - INFO: [ Epoch 57 (test) ]: test loglike is 4.509094699279256, num_events is 112141, mark_ll is -1.6908165992617552, time_ll is 6.199911237582597[0m
[31;1m2026-09-28 17:51:57,555 - tpp_runner.py[pid:12552;line:140:_train_model] - CRITICAL: current best loglike on valid set is 4.5584 (updated at epoch-49)[0m
[38;20m2026-09-28 17:51:58,608 - tpp_runner.py[pid:12552;line:104:_train_model] - INFO: [ Epoch 58 (train) ]: train loglike is 4.992827085216556, num_events is 242824, mark_ll is -1.64679028473941, time_ll is 6.639617406151163[0m
[38;20m2026-09-28 17:51:58,696 - tpp_runner.py[pid:12552;line:116:_train_model] - INFO: [ Epoch 58 (valid) ]:  valid loglike is 4.547116563638853, num_events is 52959, mark_ll is -1.651058474701538, time_ll is 6.198175121320267[0m
[38;20m2026-09-28 17:51:58,891 - tpp_runner.py[pid:12552;line:136:_train_model] - INFO: [ Epoch 58 (test) ]: test loglike is 4.544791197577157, num_events is 112141, mark_ll is -1.692875809318737, time_ll is 6.237666893687411[0m
[31;1m2026-09-28 17:51:58,891 - tpp_runner.py[pid:12552;line:140:_train_model] - CRITICAL: current best loglike on valid set is 4.5584 (updated at epoch-49)[0m
[38;20m2026-09-28 17:51:59,955 - tpp_runner.py[pid:12552;line:104:_train_model] - INFO: [ Epoch 59 (train) ]: train loglike is 4.997175978344912, num_events is 242824, mark_ll is -1.6476734274361267, time_ll is 6.644849381650908[0m
[38;20m2026-09-28 17:52:00,053 - tpp_runner.py[pid:12552;line:116:_train_model] - INFO: [ Epoch 59 (valid) ]:  valid loglike is 4.469376295223664, num_events is 52959, mark_ll is -1.6486317651095659, time_ll is 6.118008152533092[0m
[38;20m2026-09-28 17:52:00,241 - tpp_runner.py[pid:12552;line:136:_train_model] - INFO: [ Epoch 59 (test) ]: test loglike is 4.565897203701701, num_events is 112141, mark_ll is -1.6894473862007429, time_ll is 6.255344398318858[0m
[31;1m2026-09-28 17:52:00,241 - tpp_runner.py[pid:12552;line:140:_train_model] - CRITICAL: current best loglike on valid set is 4.5584 (updated at epoch-49)[0m
[38;20m2026-09-28 17:52:01,321 - tpp_runner.py[pid:12552;line:104:_train_model] - INFO: [ Epoch 60 (train) ]: train loglike is 5.00663417742892, num_events is 242824, mark_ll is -1.6464235389173332, time_ll is 6.653057680151056[0m
[38;20m2026-09-28 17:52:01,416 - tpp_runner.py[pid:12552;line:116:_train_model] - INFO: [ Epoch 60 (valid) ]:  valid loglike is 4.517746002509017, num_events is 52959, mark_ll is -1.649141796307049, time_ll is 6.166887946335844[0m
[38;20m2026-09-28 17:52:01,604 - tpp_runner.py[pid:12552;line:136:_train_model] - INFO: [ Epoch 60 (test) ]: test loglike is 4.502034983441605, num_events is 112141, mark_ll is -1.6893875424549227, time_ll is 6.191422534604873[0m
[31;1m2026-09-28 17:52:01,604 - tpp_runner.py[pid:12552;line:140:_train_model] - CRITICAL: current best loglike on valid set is 4.5584 (updated at epoch-49)[0m
[38;20m2026-09-28 17:52:02,655 - tpp_runner.py[pid:12552;line:104:_train_model] - INFO: [ Epoch 61 (train) ]: train loglike is 5.0194415985188865, num_events is 242824, mark_ll is -1.6463637685821315, time_ll is 6.665805419382969[0m
[38;20m2026-09-28 17:52:02,750 - tpp_runner.py[pid:12552;line:116:_train_model] - INFO: [ Epoch 61 (valid) ]:  valid loglike is 4.424994527016183, num_events is 52959, mark_ll is -1.6485840240209406, time_ll is 6.0735784035173435[0m
[38;20m2026-09-28 17:52:02,946 - tpp_runner.py[pid:12552;line:136:_train_model] - INFO: [ Epoch 61 (test) ]: test loglike is 4.534848131342462, num_events is 112141, mark_ll is -1.6888319761784272, time_ll is 6.223680072687509[0m
[31;1m2026-09-28 17:52:02,946 - tpp_runner.py[pid:12552;line:140:_train_model] - CRITICAL: current best loglike on valid set is 4.5584 (updated at epoch-49)[0m
[38;20m2026-09-28 17:52:04,018 - tpp_runner.py[pid:12552;line:104:_train_model] - INFO: [ Epoch 62 (train) ]: train loglike is 4.95963444878029, num_events is 242824, mark_ll is -1.6441634062569495, time_ll is 6.603797899275813[0m
[38;20m2026-09-28 17:52:04,120 - tpp_runner.py[pid:12552;line:116:_train_model] - INFO: [ Epoch 62 (valid) ]:  valid loglike is 4.517525902998074, num_events is 52959, mark_ll is -1.6478215127209257, time_ll is 6.165347360399083[0m
[38;20m2026-09-28 17:52:04,309 - tpp_runner.py[pid:12552;line:136:_train_model] - INFO: [ Epoch 62 (test) ]: test loglike is 4.553091869972847, num_events is 112141, mark_ll is -1.6864656227985304, time_ll is 6.239557492771377[0m
[31;1m2026-09-28 17:52:04,309 - tpp_runner.py[pid:12552;line:140:_train_model] - CRITICAL: current best loglike on valid set is 4.5584 (updated at epoch-49)[0m
[38;20m2026-09-28 17:52:05,368 - tpp_runner.py[pid:12552;line:104:_train_model] - INFO: [ Epoch 63 (train) ]: train loglike is 4.97700565790449, num_events is 242824, mark_ll is -1.648127114121236, time_ll is 6.6251327961558575[0m
[38;20m2026-09-28 17:52:05,447 - tpp_runner.py[pid:12552;line:116:_train_model] - INFO: [ Epoch 63 (valid) ]:  valid loglike is 4.461890514655205, num_events is 52959, mark_ll is -1.652003716908363, time_ll is 6.113894157803679[0m
[38;20m2026-09-28 17:52:05,650 - tpp_runner.py[pid:12552;line:136:_train_model] - INFO: [ Epoch 63 (test) ]: test loglike is 4.555946796332296, num_events is 112141, mark_ll is -1.6936941063594046, time_ll is 6.2496409026917[0m
[31;1m2026-09-28 17:52:05,650 - tpp_runner.py[pid:12552;line:140:_train_model] - CRITICAL: current best loglike on valid set is 4.5584 (updated at epoch-49)[0m
[38;20m2026-09-28 17:52:06,766 - tpp_runner.py[pid:12552;line:104:_train_model] - INFO: [ Epoch 64 (train) ]: train loglike is 4.947256487723619, num_events is 242824, mark_ll is -1.6477678647266127, time_ll is 6.595024424840625[0m
[38;20m2026-09-28 17:52:06,856 - tpp_runner.py[pid:12552;line:116:_train_model] - INFO: [ Epoch 64 (valid) ]:  valid loglike is 4.462518616996167, num_events is 52959, mark_ll is -1.6487363658531835, time_ll is 6.111255028949281[0m
[38;20m2026-09-28 17:52:07,045 - tpp_runner.py[pid:12552;line:136:_train_model] - INFO: [ Epoch 64 (test) ]: test loglike is 4.526526680835956, num_events is 112141, mark_ll is -1.688718349694804, time_ll is 6.215244978280691[0m
[31;1m2026-09-28 17:52:07,045 - tpp_runner.py[pid:12552;line:140:_train_model] - CRITICAL: current best loglike on valid set is 4.5584 (updated at epoch-49)[0m
[38;20m2026-09-28 17:52:08,140 - tpp_runner.py[pid:12552;line:104:_train_model] - INFO: [ Epoch 65 (train) ]: train loglike is 4.999960402454556, num_events is 242824, mark_ll is -1.647328587751571, time_ll is 6.647289034444701[0m
[38;20m2026-09-28 17:52:08,235 - tpp_runner.py[pid:12552;line:116:_train_model] - INFO: [ Epoch 65 (valid) ]:  valid loglike is 4.564892143863649, num_events is 52959, mark_ll is -1.652061913461357, time_ll is 6.216954167964841[0m
[38;20m2026-09-28 17:52:08,425 - tpp_runner.py[pid:12552;line:136:_train_model] - INFO: [ Epoch 65 (test) ]: test loglike is 4.526082102414594, num_events is 112141, mark_ll is -1.693036513114628, time_ll is 6.219118641654257[0m
[31;1m2026-09-28 17:52:08,425 - tpp_runner.py[pid:12552;line:140:_train_model] - CRITICAL: current best loglike on valid set is 4.5649 (updated at epoch-65), best updated at this epoch[0m
[38;20m2026-09-28 17:52:09,545 - tpp_runner.py[pid:12552;line:104:_train_model] - INFO: [ Epoch 66 (train) ]: train loglike is 5.001996527062811, num_events is 242824, mark_ll is -1.6499292046078127, time_ll is 6.651925687432049[0m
[38;20m2026-09-28 17:52:09,659 - tpp_runner.py[pid:12552;line:116:_train_model] - INFO: [ Epoch 66 (valid) ]:  valid loglike is 4.507800809057478, num_events is 52959, mark_ll is -1.6525430400020535, time_ll is 6.160343895159463[0m
[38;20m2026-09-28 17:52:09,865 - tpp_runner.py[pid:12552;line:136:_train_model] - INFO: [ Epoch 66 (test) ]: test loglike is 4.484452034018557, num_events is 112141, mark_ll is -1.692955560340888, time_ll is 6.177407655317859[0m
[31;1m2026-09-28 17:52:09,865 - tpp_runner.py[pid:12552;line:140:_train_model] - CRITICAL: current best loglike on valid set is 4.5649 (updated at epoch-65)[0m
[38;20m2026-09-28 17:52:10,970 - tpp_runner.py[pid:12552;line:104:_train_model] - INFO: [ Epoch 67 (train) ]: train loglike is 4.894133601523119, num_events is 242824, mark_ll is -1.6477643095539363, time_ll is 6.541897886946924[0m
[38;20m2026-09-28 17:52:11,058 - tpp_runner.py[pid:12552;line:116:_train_model] - INFO: [ Epoch 67 (valid) ]:  valid loglike is 4.521957729092317, num_events is 52959, mark_ll is -1.6489090469750185, time_ll is 6.170866702307445[0m
[38;20m2026-09-28 17:52:11,248 - tpp_runner.py[pid:12552;line:136:_train_model] - INFO: [ Epoch 67 (test) ]: test loglike is 4.545596057641719, num_events is 112141, mark_ll is -1.689291541661279, time_ll is 6.234887590594653[0m
[31;1m2026-09-28 17:52:11,248 - tpp_runner.py[pid:12552;line:140:_train_model] - CRITICAL: current best loglike on valid set is 4.5649 (updated at epoch-65)[0m
[38;20m2026-09-28 17:52:12,283 - tpp_runner.py[pid:12552;line:104:_train_model] - INFO: [ Epoch 68 (train) ]: train loglike is 4.9741584471932345, num_events is 242824, mark_ll is -1.645143632515217, time_ll is 6.619301959057795[0m
[38;20m2026-09-28 17:52:12,403 - tpp_runner.py[pid:12552;line:116:_train_model] - INFO: [ Epoch 68 (valid) ]:  valid loglike is 4.495452702798391, num_events is 52959, mark_ll is -1.6484529895768425, time_ll is 6.1439054710955645[0m
[38;20m2026-09-28 17:52:12,612 - tpp_runner.py[pid:12552;line:136:_train_model] - INFO: [ Epoch 68 (test) ]: test loglike is 4.549348387646467, num_events is 112141, mark_ll is -1.6897936735337655, time_ll is 6.2391421047219575[0m
[31;1m2026-09-28 17:52:12,612 - tpp_runner.py[pid:12552;line:140:_train_model] - CRITICAL: current best loglike on valid set is 4.5649 (updated at epoch-65)[0m
[38;20m2026-09-28 17:52:13,681 - tpp_runner.py[pid:12552;line:104:_train_model] - INFO: [ Epoch 69 (train) ]: train loglike is 4.987503736952999, num_events is 242824, mark_ll is -1.6462495083887918, time_ll is 6.633753333818939[0m
[38;20m2026-09-28 17:52:13,775 - tpp_runner.py[pid:12552;line:116:_train_model] - INFO: [ Epoch 69 (valid) ]:  valid loglike is 4.415167902587379, num_events is 52959, mark_ll is -1.6496741306511877, time_ll is 6.064842134658415[0m
[38;20m2026-09-28 17:52:13,964 - tpp_runner.py[pid:12552;line:136:_train_model] - INFO: [ Epoch 69 (test) ]: test loglike is 4.513934675430931, num_events is 112141, mark_ll is -1.6903209638145282, time_ll is 6.204255621828769[0m
[31;1m2026-09-28 17:52:13,964 - tpp_runner.py[pid:12552;line:140:_train_model] - CRITICAL: current best loglike on valid set is 4.5649 (updated at epoch-65)[0m
[38;20m2026-09-28 17:52:15,047 - tpp_runner.py[pid:12552;line:104:_train_model] - INFO: [ Epoch 70 (train) ]: train loglike is 4.96563611112112, num_events is 242824, mark_ll is -1.6458165374213938, time_ll is 6.611452700824466[0m
[38;20m2026-09-28 17:52:15,135 - tpp_runner.py[pid:12552;line:116:_train_model] - INFO: [ Epoch 70 (valid) ]:  valid loglike is 4.54483587096858, num_events is 52959, mark_ll is -1.6483480476937349, time_ll is 6.193183937102287[0m
[38;20m2026-09-28 17:52:15,325 - tpp_runner.py[pid:12552;line:136:_train_model] - INFO: [ Epoch 70 (test) ]: test loglike is 4.512295277262553, num_events is 112141, mark_ll is -1.6878085976165051, time_ll is 6.200103866170713[0m
[31;1m2026-09-28 17:52:15,325 - tpp_runner.py[pid:12552;line:140:_train_model] - CRITICAL: current best loglike on valid set is 4.5649 (updated at epoch-65)[0m
[38;20m2026-09-28 17:52:16,391 - tpp_runner.py[pid:12552;line:104:_train_model] - INFO: [ Epoch 71 (train) ]: train loglike is 4.994308377672717, num_events is 242824, mark_ll is -1.6456932606023293, time_ll is 6.640001734795572[0m
[38;20m2026-09-28 17:52:16,470 - tpp_runner.py[pid:12552;line:116:_train_model] - INFO: [ Epoch 71 (valid) ]:  valid loglike is 4.4946366233784625, num_events is 52959, mark_ll is -1.6492576362138636, time_ll is 6.143894407112105[0m
[38;20m2026-09-28 17:52:16,671 - tpp_runner.py[pid:12552;line:136:_train_model] - INFO: [ Epoch 71 (test) ]: test loglike is 4.537234008831516, num_events is 112141, mark_ll is -1.688923274465851, time_ll is 6.226157318130746[0m
[31;1m2026-09-28 17:52:16,671 - tpp_runner.py[pid:12552;line:140:_train_model] - CRITICAL: current best loglike on valid set is 4.5649 (updated at epoch-65)[0m
[38;20m2026-09-28 17:52:17,759 - tpp_runner.py[pid:12552;line:104:_train_model] - INFO: [ Epoch 72 (train) ]: train loglike is 4.9555114458543015, num_events is 242824, mark_ll is -1.6464511759610356, time_ll is 6.6019625614900095[0m
[38;20m2026-09-28 17:52:17,848 - tpp_runner.py[pid:12552;line:116:_train_model] - INFO: [ Epoch 72 (valid) ]:  valid loglike is 4.532735487299137, num_events is 52959, mark_ll is -1.6490691612556412, time_ll is 6.181804703874696[0m
[38;20m2026-09-28 17:52:18,047 - tpp_runner.py[pid:12552;line:136:_train_model] - INFO: [ Epoch 72 (test) ]: test loglike is 4.5292166363105375, num_events is 112141, mark_ll is -1.6882591151290562, time_ll is 6.217475829814697[0m
[31;1m2026-09-28 17:52:18,047 - tpp_runner.py[pid:12552;line:140:_train_model] - CRITICAL: current best loglike on valid set is 4.5649 (updated at epoch-65)[0m
[38;20m2026-09-28 17:52:19,089 - tpp_runner.py[pid:12552;line:104:_train_model] - INFO: [ Epoch 73 (train) ]: train loglike is 4.927253759088373, num_events is 242824, mark_ll is -1.6468139202030072, time_ll is 6.5740676310311175[0m
[38;20m2026-09-28 17:52:19,198 - tpp_runner.py[pid:12552;line:116:_train_model] - INFO: [ Epoch 73 (valid) ]:  valid loglike is 4.5399771595125475, num_events is 52959, mark_ll is -1.649221549187815, time_ll is 6.18919869026039[0m
[38;20m2026-09-28 17:52:19,404 - tpp_runner.py[pid:12552;line:136:_train_model] - INFO: [ Epoch 73 (test) ]: test loglike is 4.515801117566278, num_events is 112141, mark_ll is -1.6882995828075815, time_ll is 6.204100717790549[0m
[31;1m2026-09-28 17:52:19,404 - tpp_runner.py[pid:12552;line:140:_train_model] - CRITICAL: current best loglike on valid set is 4.5649 (updated at epoch-65)[0m
[38;20m2026-09-28 17:52:20,451 - tpp_runner.py[pid:12552;line:104:_train_model] - INFO: [ Epoch 74 (train) ]: train loglike is 4.987205778091848, num_events is 242824, mark_ll is -1.6457848465156348, time_ll is 6.632990725149697[0m
[38;20m2026-09-28 17:52:20,529 - tpp_runner.py[pid:12552;line:116:_train_model] - INFO: [ Epoch 74 (valid) ]:  valid loglike is 4.507367690985007, num_events is 52959, mark_ll is -1.6466597760177684, time_ll is 6.15402757764261[0m
[38;20m2026-09-28 17:52:20,734 - tpp_runner.py[pid:12552;line:136:_train_model] - INFO: [ Epoch 74 (test) ]: test loglike is 4.530082298038853, num_events is 112141, mark_ll is -1.6848009355967042, time_ll is 6.214883146552109[0m
[31;1m2026-09-28 17:52:20,734 - tpp_runner.py[pid:12552;line:140:_train_model] - CRITICAL: current best loglike on valid set is 4.5649 (updated at epoch-65)[0m
[38;20m2026-09-28 17:52:21,817 - tpp_runner.py[pid:12552;line:104:_train_model] - INFO: [ Epoch 75 (train) ]: train loglike is 4.977956401164012, num_events is 242824, mark_ll is -1.6439359797695554, time_ll is 6.621892409085387[0m
[38;20m2026-09-28 17:52:21,911 - tpp_runner.py[pid:12552;line:116:_train_model] - INFO: [ Epoch 75 (valid) ]:  valid loglike is 4.481325655518892, num_events is 52959, mark_ll is -1.6471917692224174, time_ll is 6.128517535381144[0m
[38;20m2026-09-28 17:52:22,097 - tpp_runner.py[pid:12552;line:136:_train_model] - INFO: [ Epoch 75 (test) ]: test loglike is 4.570025124619898, num_events is 112141, mark_ll is -1.6856658048656379, time_ll is 6.2556909033605015[0m
[31;1m2026-09-28 17:52:22,097 - tpp_runner.py[pid:12552;line:140:_train_model] - CRITICAL: current best loglike on valid set is 4.5649 (updated at epoch-65)[0m
[38;20m2026-09-28 17:52:23,164 - tpp_runner.py[pid:12552;line:104:_train_model] - INFO: [ Epoch 76 (train) ]: train loglike is 4.99971334208367, num_events is 242824, mark_ll is -1.64625253269858, time_ll is 6.645965898912381[0m
[38;20m2026-09-28 17:52:23,242 - tpp_runner.py[pid:12552;line:116:_train_model] - INFO: [ Epoch 76 (valid) ]:  valid loglike is 4.445920576530901, num_events is 52959, mark_ll is -1.6498903669879057, time_ll is 6.09581088819889[0m
[38;20m2026-09-28 17:52:23,448 - tpp_runner.py[pid:12552;line:136:_train_model] - INFO: [ Epoch 76 (test) ]: test loglike is 4.527436964123291, num_events is 112141, mark_ll is -1.689440045066033, time_ll is 6.216877061439393[0m
[31;1m2026-09-28 17:52:23,448 - tpp_runner.py[pid:12552;line:140:_train_model] - CRITICAL: current best loglike on valid set is 4.5649 (updated at epoch-65)[0m
[38;20m2026-09-28 17:52:24,513 - tpp_runner.py[pid:12552;line:104:_train_model] - INFO: [ Epoch 77 (train) ]: train loglike is 4.977662673119214, num_events is 242824, mark_ll is -1.646748467221887, time_ll is 6.624411160449544[0m
[38;20m2026-09-28 17:52:24,606 - tpp_runner.py[pid:12552;line:116:_train_model] - INFO: [ Epoch 77 (valid) ]:  valid loglike is 4.426568231143432, num_events is 52959, mark_ll is -1.6494398231414868, time_ll is 6.076008091164863[0m
[38;20m2026-09-28 17:52:24,804 - tpp_runner.py[pid:12552;line:136:_train_model] - INFO: [ Epoch 77 (test) ]: test loglike is 4.547598019039646, num_events is 112141, mark_ll is -1.6886402706748647, time_ll is 6.236238237464442[0m
[31;1m2026-09-28 17:52:24,804 - tpp_runner.py[pid:12552;line:140:_train_model] - CRITICAL: current best loglike on valid set is 4.5649 (updated at epoch-65)[0m
[38;20m2026-09-28 17:52:25,880 - tpp_runner.py[pid:12552;line:104:_train_model] - INFO: [ Epoch 78 (train) ]: train loglike is 4.993927137685113, num_events is 242824, mark_ll is -1.6465828420224113, time_ll is 6.640509995794279[0m
[38;20m2026-09-28 17:52:25,977 - tpp_runner.py[pid:12552;line:116:_train_model] - INFO: [ Epoch 78 (valid) ]:  valid loglike is 4.493608558035461, num_events is 52959, mark_ll is -1.6493056539020752, time_ll is 6.142914211937536[0m
[38;20m2026-09-28 17:52:26,193 - tpp_runner.py[pid:12552;line:136:_train_model] - INFO: [ Epoch 78 (test) ]: test loglike is 4.535379253294959, num_events is 112141, mark_ll is -1.6884452211668792, time_ll is 6.223824509295218[0m
[31;1m2026-09-28 17:52:26,193 - tpp_runner.py[pid:12552;line:140:_train_model] - CRITICAL: current best loglike on valid set is 4.5649 (updated at epoch-65)[0m
[38;20m2026-09-28 17:52:27,255 - tpp_runner.py[pid:12552;line:104:_train_model] - INFO: [ Epoch 79 (train) ]: train loglike is 4.9899846683580495, num_events is 242824, mark_ll is -1.646331566921927, time_ll is 6.636316178976337[0m
[38;20m2026-09-28 17:52:27,350 - tpp_runner.py[pid:12552;line:116:_train_model] - INFO: [ Epoch 79 (valid) ]:  valid loglike is 4.457235896814045, num_events is 52959, mark_ll is -1.6490196868096074, time_ll is 6.106255399223928[0m
[38;20m2026-09-28 17:52:27,555 - tpp_runner.py[pid:12552;line:136:_train_model] - INFO: [ Epoch 79 (test) ]: test loglike is 4.565184591134153, num_events is 112141, mark_ll is -1.687995931530952, time_ll is 6.25318053137345[0m
[31;1m2026-09-28 17:52:27,555 - tpp_runner.py[pid:12552;line:140:_train_model] - CRITICAL: current best loglike on valid set is 4.5649 (updated at epoch-65)[0m
[38;20m2026-09-28 17:52:28,642 - tpp_runner.py[pid:12552;line:104:_train_model] - INFO: [ Epoch 80 (train) ]: train loglike is 4.999891977445598, num_events is 242824, mark_ll is -1.6465361984786306, time_ll is 6.646428135707343[0m
[38;20m2026-09-28 17:52:28,740 - tpp_runner.py[pid:12552;line:116:_train_model] - INFO: [ Epoch 80 (valid) ]:  valid loglike is 4.5073396622269115, num_events is 52959, mark_ll is -1.649218119352943, time_ll is 6.156557652500047[0m
[38;20m2026-09-28 17:52:28,934 - tpp_runner.py[pid:12552;line:136:_train_model] - INFO: [ Epoch 80 (test) ]: test loglike is 4.5065305445544, num_events is 112141, mark_ll is -1.6883851945458173, time_ll is 6.194915712975183[0m
[31;1m2026-09-28 17:52:28,934 - tpp_runner.py[pid:12552;line:140:_train_model] - CRITICAL: current best loglike on valid set is 4.5649 (updated at epoch-65)[0m
[38;20m2026-09-28 17:52:30,015 - tpp_runner.py[pid:12552;line:104:_train_model] - INFO: [ Epoch 81 (train) ]: train loglike is 4.999026823761757, num_events is 242824, mark_ll is -1.6462209704868547, time_ll is 6.6452477862052355[0m
[38;20m2026-09-28 17:52:30,110 - tpp_runner.py[pid:12552;line:116:_train_model] - INFO: [ Epoch 81 (valid) ]:  valid loglike is 4.512719819223362, num_events is 52959, mark_ll is -1.6486913999804094, time_ll is 6.161411200763799[0m
[38;20m2026-09-28 17:52:30,300 - tpp_runner.py[pid:12552;line:136:_train_model] - INFO: [ Epoch 81 (test) ]: test loglike is 4.559229842341338, num_events is 112141, mark_ll is -1.6877048289792538, time_ll is 6.2469346277788675[0m
[31;1m2026-09-28 17:52:30,300 - tpp_runner.py[pid:12552;line:140:_train_model] - CRITICAL: current best loglike on valid set is 4.5649 (updated at epoch-65)[0m
[38;20m2026-09-28 17:52:31,414 - tpp_runner.py[pid:12552;line:104:_train_model] - INFO: [ Epoch 82 (train) ]: train loglike is 5.010174831809768, num_events is 242824, mark_ll is -1.6461207781600562, time_ll is 6.656295541601119[0m
[38;20m2026-09-28 17:52:31,505 - tpp_runner.py[pid:12552;line:116:_train_model] - INFO: [ Epoch 82 (valid) ]:  valid loglike is 4.449744436734077, num_events is 52959, mark_ll is -1.6488623569648218, time_ll is 6.098606904338734[0m
[38;20m2026-09-28 17:52:31,710 - tpp_runner.py[pid:12552;line:136:_train_model] - INFO: [ Epoch 82 (test) ]: test loglike is 4.562315461464251, num_events is 112141, mark_ll is -1.6879960882811593, time_ll is 6.250311584578789[0m
[31;1m2026-09-28 17:52:31,710 - tpp_runner.py[pid:12552;line:140:_train_model] - CRITICAL: current best loglike on valid set is 4.5649 (updated at epoch-65)[0m
[38;20m2026-09-28 17:52:32,829 - tpp_runner.py[pid:12552;line:104:_train_model] - INFO: [ Epoch 83 (train) ]: train loglike is 4.998323325870795, num_events is 242824, mark_ll is -1.6454327275748073, time_ll is 6.643755981055209[0m
[38;20m2026-09-28 17:52:32,917 - tpp_runner.py[pid:12552;line:116:_train_model] - INFO: [ Epoch 83 (valid) ]:  valid loglike is 4.5074816500146335, num_events is 52959, mark_ll is -1.64773315759302, time_ll is 6.1552148537075855[0m
[38;20m2026-09-28 17:52:33,105 - tpp_runner.py[pid:12552;line:136:_train_model] - INFO: [ Epoch 83 (test) ]: test loglike is 4.5645974048575, num_events is 112141, mark_ll is -1.6865240645008293, time_ll is 6.2511213387331575[0m
[31;1m2026-09-28 17:52:33,105 - tpp_runner.py[pid:12552;line:140:_train_model] - CRITICAL: current best loglike on valid set is 4.5649 (updated at epoch-65)[0m
[38;20m2026-09-28 17:52:34,171 - tpp_runner.py[pid:12552;line:104:_train_model] - INFO: [ Epoch 84 (train) ]: train loglike is 5.025812323174398, num_events is 242824, mark_ll is -1.6448160177227127, time_ll is 6.670628373070619[0m
[38;20m2026-09-28 17:52:34,265 - tpp_runner.py[pid:12552;line:116:_train_model] - INFO: [ Epoch 84 (valid) ]:  valid loglike is 4.49902017362488, num_events is 52959, mark_ll is -1.647330898814413, time_ll is 6.146351238399045[0m
[38;20m2026-09-28 17:52:34,453 - tpp_runner.py[pid:12552;line:136:_train_model] - INFO: [ Epoch 84 (test) ]: test loglike is 4.403860822048247, num_events is 112141, mark_ll is -1.6860037583126377, time_ll is 6.089864632610954[0m
[31;1m2026-09-28 17:52:34,453 - tpp_runner.py[pid:12552;line:140:_train_model] - CRITICAL: current best loglike on valid set is 4.5649 (updated at epoch-65)[0m
[38;20m2026-09-28 17:52:35,520 - tpp_runner.py[pid:12552;line:104:_train_model] - INFO: [ Epoch 85 (train) ]: train loglike is 5.020360248703794, num_events is 242824, mark_ll is -1.6447072270257985, time_ll is 6.665067391274133[0m
[38;20m2026-09-28 17:52:35,614 - tpp_runner.py[pid:12552;line:116:_train_model] - INFO: [ Epoch 85 (valid) ]:  valid loglike is 4.4147729183778965, num_events is 52959, mark_ll is -1.6473942032397704, time_ll is 6.062167195377556[0m
[38;20m2026-09-28 17:52:35,801 - tpp_runner.py[pid:12552;line:136:_train_model] - INFO: [ Epoch 85 (test) ]: test loglike is 4.5001503321571725, num_events is 112141, mark_ll is -1.6859972618873784, time_ll is 6.186147524377792[0m
[31;1m2026-09-28 17:52:35,801 - tpp_runner.py[pid:12552;line:140:_train_model] - CRITICAL: current best loglike on valid set is 4.5649 (updated at epoch-65)[0m
[38;20m2026-09-28 17:52:36,852 - tpp_runner.py[pid:12552;line:104:_train_model] - INFO: [ Epoch 86 (train) ]: train loglike is 5.020871542055666, num_events is 242824, mark_ll is -1.6448890877819429, time_ll is 6.665760746466576[0m
[38;20m2026-09-28 17:52:36,949 - tpp_runner.py[pid:12552;line:116:_train_model] - INFO: [ Epoch 86 (valid) ]:  valid loglike is 4.532147104658793, num_events is 52959, mark_ll is -1.6477939449621406, time_ll is 6.179941123380823[0m
[38;20m2026-09-28 17:52:37,162 - tpp_runner.py[pid:12552;line:136:_train_model] - INFO: [ Epoch 86 (test) ]: test loglike is 4.520013744554846, num_events is 112141, mark_ll is -1.6864721279321346, time_ll is 6.206485898612015[0m
[31;1m2026-09-28 17:52:37,162 - tpp_runner.py[pid:12552;line:140:_train_model] - CRITICAL: current best loglike on valid set is 4.5649 (updated at epoch-65)[0m
[38;20m2026-09-28 17:52:38,213 - tpp_runner.py[pid:12552;line:104:_train_model] - INFO: [ Epoch 87 (train) ]: train loglike is 5.025241894914115, num_events is 242824, mark_ll is -1.645074005021384, time_ll is 6.670315871783679[0m
[38;20m2026-09-28 17:52:38,310 - tpp_runner.py[pid:12552;line:116:_train_model] - INFO: [ Epoch 87 (valid) ]:  valid loglike is 4.586024610429766, num_events is 52959, mark_ll is -1.6480007676929322, time_ll is 6.234025378122698[0m
[38;20m2026-09-28 17:52:38,507 - tpp_runner.py[pid:12552;line:136:_train_model] - INFO: [ Epoch 87 (test) ]: test loglike is 4.556820400071116, num_events is 112141, mark_ll is -1.6868029666613906, time_ll is 6.243623349315817[0m
[31;1m2026-09-28 17:52:38,507 - tpp_runner.py[pid:12552;line:140:_train_model] - CRITICAL: current best loglike on valid set is 4.5860 (updated at epoch-87), best updated at this epoch[0m
[38;20m2026-09-28 17:52:39,597 - tpp_runner.py[pid:12552;line:104:_train_model] - INFO: [ Epoch 88 (train) ]: train loglike is 5.0084143296044665, num_events is 242824, mark_ll is -1.6453364000907036, time_ll is 6.653750777955433[0m
[38;20m2026-09-28 17:52:39,701 - tpp_runner.py[pid:12552;line:116:_train_model] - INFO: [ Epoch 88 (valid) ]:  valid loglike is 4.4129921702401855, num_events is 52959, mark_ll is -1.648068958710984, time_ll is 6.061061092071225[0m
[38;20m2026-09-28 17:52:39,899 - tpp_runner.py[pid:12552;line:136:_train_model] - INFO: [ Epoch 88 (test) ]: test loglike is 4.552385910580765, num_events is 112141, mark_ll is -1.6869477516028928, time_ll is 6.23933377539214[0m
[31;1m2026-09-28 17:52:39,899 - tpp_runner.py[pid:12552;line:140:_train_model] - CRITICAL: current best loglike on valid set is 4.5860 (updated at epoch-87)[0m
[38;20m2026-09-28 17:52:40,950 - tpp_runner.py[pid:12552;line:104:_train_model] - INFO: [ Epoch 89 (train) ]: train loglike is 4.9775851912676465, num_events is 242824, mark_ll is -1.6452429521356002, time_ll is 6.622828175576755[0m
[38;20m2026-09-28 17:52:41,038 - tpp_runner.py[pid:12552;line:116:_train_model] - INFO: [ Epoch 89 (valid) ]:  valid loglike is 4.5357889623340695, num_events is 52959, mark_ll is -1.6477796171035612, time_ll is 6.183568745397383[0m
[38;20m2026-09-28 17:52:41,227 - tpp_runner.py[pid:12552;line:136:_train_model] - INFO: [ Epoch 89 (test) ]: test loglike is 4.554242381661257, num_events is 112141, mark_ll is -1.686538154602799, time_ll is 6.2407804578889525[0m
[31;1m2026-09-28 17:52:41,227 - tpp_runner.py[pid:12552;line:140:_train_model] - CRITICAL: current best loglike on valid set is 4.5860 (updated at epoch-87)[0m
[38;20m2026-09-28 17:52:42,311 - tpp_runner.py[pid:12552;line:104:_train_model] - INFO: [ Epoch 90 (train) ]: train loglike is 4.943391564595139, num_events is 242824, mark_ll is -1.6450897258019184, time_ll is 6.588481362787451[0m
[38;20m2026-09-28 17:52:42,406 - tpp_runner.py[pid:12552;line:116:_train_model] - INFO: [ Epoch 90 (valid) ]:  valid loglike is 4.353063292476255, num_events is 52959, mark_ll is -1.6475927925228715, time_ll is 6.000656020459223[0m
[38;20m2026-09-28 17:52:42,592 - tpp_runner.py[pid:12552;line:136:_train_model] - INFO: [ Epoch 90 (test) ]: test loglike is 4.556792106658693, num_events is 112141, mark_ll is -1.6861897250169429, time_ll is 6.242981701050463[0m
[31;1m2026-09-28 17:52:42,592 - tpp_runner.py[pid:12552;line:140:_train_model] - CRITICAL: current best loglike on valid set is 4.5860 (updated at epoch-87)[0m
[38;20m2026-09-28 17:52:43,633 - tpp_runner.py[pid:12552;line:104:_train_model] - INFO: [ Epoch 91 (train) ]: train loglike is 4.9840358992650025, num_events is 242824, mark_ll is -1.6450082182401142, time_ll is 6.62904408130992[0m
[38;20m2026-09-28 17:52:43,735 - tpp_runner.py[pid:12552;line:116:_train_model] - INFO: [ Epoch 91 (valid) ]:  valid loglike is 4.533835210375007, num_events is 52959, mark_ll is -1.6474470245408004, time_ll is 6.181282078176042[0m
[38;20m2026-09-28 17:52:43,947 - tpp_runner.py[pid:12552;line:136:_train_model] - INFO: [ Epoch 91 (test) ]: test loglike is 4.46572379791401, num_events is 112141, mark_ll is -1.685990007836117, time_ll is 6.151713718666678[0m
[31;1m2026-09-28 17:52:43,947 - tpp_runner.py[pid:12552;line:140:_train_model] - CRITICAL: current best loglike on valid set is 4.5860 (updated at epoch-87)[0m
[38;20m2026-09-28 17:52:45,008 - tpp_runner.py[pid:12552;line:104:_train_model] - INFO: [ Epoch 92 (train) ]: train loglike is 4.977006623109742, num_events is 242824, mark_ll is -1.6449260551430769, time_ll is 6.621932738578147[0m
[38;20m2026-09-28 17:52:45,108 - tpp_runner.py[pid:12552;line:116:_train_model] - INFO: [ Epoch 92 (valid) ]:  valid loglike is 4.496792551195265, num_events is 52959, mark_ll is -1.6473795434616874, time_ll is 6.14417200245709[0m
[38;20m2026-09-28 17:52:45,304 - tpp_runner.py[pid:12552;line:136:_train_model] - INFO: [ Epoch 92 (test) ]: test loglike is 4.557740811163513, num_events is 112141, mark_ll is -1.686087994132387, time_ll is 6.243828692087416[0m
[31;1m2026-09-28 17:52:45,304 - tpp_runner.py[pid:12552;line:140:_train_model] - CRITICAL: current best loglike on valid set is 4.5860 (updated at epoch-87)[0m
[38;20m2026-09-28 17:52:46,370 - tpp_runner.py[pid:12552;line:104:_train_model] - INFO: [ Epoch 93 (train) ]: train loglike is 4.978641922107164, num_events is 242824, mark_ll is -1.6447914572707496, time_ll is 6.623433439703242[0m
[38;20m2026-09-28 17:52:46,469 - tpp_runner.py[pid:12552;line:116:_train_model] - INFO: [ Epoch 93 (valid) ]:  valid loglike is 4.4617524730215825, num_events is 52959, mark_ll is -1.6472746015785797, time_ll is 6.109027332759776[0m
[38;20m2026-09-28 17:52:46,672 - tpp_runner.py[pid:12552;line:136:_train_model] - INFO: [ Epoch 93 (test) ]: test loglike is 4.5767217634356525, num_events is 112141, mark_ll is -1.6859518914107017, time_ll is 6.262673741929802[0m
[31;1m2026-09-28 17:52:46,672 - tpp_runner.py[pid:12552;line:140:_train_model] - CRITICAL: current best loglike on valid set is 4.5860 (updated at epoch-87)[0m
[38;20m2026-09-28 17:52:47,739 - tpp_runner.py[pid:12552;line:104:_train_model] - INFO: [ Epoch 94 (train) ]: train loglike is 4.930824141790968, num_events is 242824, mark_ll is -1.6446960105364379, time_ll is 6.575520152327406[0m
[38;20m2026-09-28 17:52:47,832 - tpp_runner.py[pid:12552;line:116:_train_model] - INFO: [ Epoch 94 (valid) ]:  valid loglike is 4.577046114092978, num_events is 52959, mark_ll is -1.6471808066588067, time_ll is 6.22422700373166[0m
[38;20m2026-09-28 17:52:48,022 - tpp_runner.py[pid:12552;line:136:_train_model] - INFO: [ Epoch 94 (test) ]: test loglike is 4.519448677474117, num_events is 112141, mark_ll is -1.6858410254723963, time_ll is 6.2052895461963065[0m
[31;1m2026-09-28 17:52:48,022 - tpp_runner.py[pid:12552;line:140:_train_model] - CRITICAL: current best loglike on valid set is 4.5860 (updated at epoch-87)[0m
[38;20m2026-09-28 17:52:49,115 - tpp_runner.py[pid:12552;line:104:_train_model] - INFO: [ Epoch 95 (train) ]: train loglike is 4.990999839068111, num_events is 242824, mark_ll is -1.6446230651495528, time_ll is 6.635623000738189[0m
[38;20m2026-09-28 17:52:49,193 - tpp_runner.py[pid:12552;line:116:_train_model] - INFO: [ Epoch 95 (valid) ]:  valid loglike is 4.520527082271191, num_events is 52959, mark_ll is -1.647153893519043, time_ll is 6.167681049550124[0m
[38;20m2026-09-28 17:52:49,398 - tpp_runner.py[pid:12552;line:136:_train_model] - INFO: [ Epoch 95 (test) ]: test loglike is 4.51285784504831, num_events is 112141, mark_ll is -1.6857862935250043, time_ll is 6.1986441385733135[0m
[31;1m2026-09-28 17:52:49,398 - tpp_runner.py[pid:12552;line:140:_train_model] - CRITICAL: current best loglike on valid set is 4.5860 (updated at epoch-87)[0m
[38;20m2026-09-28 17:52:50,435 - tpp_runner.py[pid:12552;line:104:_train_model] - INFO: [ Epoch 96 (train) ]: train loglike is 4.983336310455309, num_events is 242824, mark_ll is -1.644608957066126, time_ll is 6.627945211217796[0m
[38;20m2026-09-28 17:52:50,530 - tpp_runner.py[pid:12552;line:116:_train_model] - INFO: [ Epoch 96 (valid) ]:  valid loglike is 4.538236831794407, num_events is 52959, mark_ll is -1.647137574143441, time_ll is 6.185374535017655[0m
[38;20m2026-09-28 17:52:50,750 - tpp_runner.py[pid:12552;line:136:_train_model] - INFO: [ Epoch 96 (test) ]: test loglike is 4.532931433348976, num_events is 112141, mark_ll is -1.6857526183554632, time_ll is 6.218683921079267[0m
[31;1m2026-09-28 17:52:50,750 - tpp_runner.py[pid:12552;line:140:_train_model] - CRITICAL: current best loglike on valid set is 4.5860 (updated at epoch-87)[0m
[38;20m2026-09-28 17:52:51,812 - tpp_runner.py[pid:12552;line:104:_train_model] - INFO: [ Epoch 97 (train) ]: train loglike is 5.000893611152007, num_events is 242824, mark_ll is -1.644581094807865, time_ll is 6.6454747542201345[0m
[38;20m2026-09-28 17:52:51,907 - tpp_runner.py[pid:12552;line:116:_train_model] - INFO: [ Epoch 97 (valid) ]:  valid loglike is 4.559303320139164, num_events is 52959, mark_ll is -1.6471168476144282, time_ll is 6.2064202230735095[0m
[38;20m2026-09-28 17:52:52,098 - tpp_runner.py[pid:12552;line:136:_train_model] - INFO: [ Epoch 97 (test) ]: test loglike is 4.462848406944159, num_events is 112141, mark_ll is -1.6857326675374082, time_ll is 6.148581152856671[0m
[31;1m2026-09-28 17:52:52,098 - tpp_runner.py[pid:12552;line:140:_train_model] - CRITICAL: current best loglike on valid set is 4.5860 (updated at epoch-87)[0m
[38;20m2026-09-28 17:52:53,175 - tpp_runner.py[pid:12552;line:104:_train_model] - INFO: [ Epoch 98 (train) ]: train loglike is 4.954888019782332, num_events is 242824, mark_ll is -1.6445761320441967, time_ll is 6.599464159869906[0m
[38;20m2026-09-28 17:52:53,268 - tpp_runner.py[pid:12552;line:116:_train_model] - INFO: [ Epoch 98 (valid) ]:  valid loglike is 4.539675887242962, num_events is 52959, mark_ll is -1.6471216973271776, time_ll is 6.186797584570139[0m
[38;20m2026-09-28 17:52:53,460 - tpp_runner.py[pid:12552;line:136:_train_model] - INFO: [ Epoch 98 (test) ]: test loglike is 4.534917475892515, num_events is 112141, mark_ll is -1.6857432655930926, time_ll is 6.22066085469409[0m
[31;1m2026-09-28 17:52:53,460 - tpp_runner.py[pid:12552;line:140:_train_model] - CRITICAL: current best loglike on valid set is 4.5860 (updated at epoch-87)[0m
[38;20m2026-09-28 17:52:54,517 - tpp_runner.py[pid:12552;line:104:_train_model] - INFO: [ Epoch 99 (train) ]: train loglike is 4.9631157912984305, num_events is 242824, mark_ll is -1.6445786174477193, time_ll is 6.6076943846160185[0m
[38;20m2026-09-28 17:52:54,613 - tpp_runner.py[pid:12552;line:116:_train_model] - INFO: [ Epoch 99 (valid) ]:  valid loglike is 4.483738636551389, num_events is 52959, mark_ll is -1.647122010806709, time_ll is 6.130860702678015[0m
[38;20m2026-09-28 17:52:54,809 - tpp_runner.py[pid:12552;line:136:_train_model] - INFO: [ Epoch 99 (test) ]: test loglike is 4.535302132192953, num_events is 112141, mark_ll is -1.6857424470086766, time_ll is 6.221044683701768[0m
[31;1m2026-09-28 17:52:54,809 - tpp_runner.py[pid:12552;line:140:_train_model] - CRITICAL: current best loglike on valid set is 4.5860 (updated at epoch-87)[0m
[38;20m2026-09-28 17:52:54,809 - base_runner.py[pid:12552;line:118:train] - INFO: End SAHP train! Cost time: 2.275m[0m
RESULT {"model": "SAHP", "dataset": "lob_msft", "seed": 2019, "ll_per_event": 4.556820400071116, "mark_ll": -1.6868029666613906, "time_ll": 6.243623349315817, "val_ll": 4.586024610429766, "best_epoch": 87, "n_params": 2148, "seconds": 137.24007844924927, "max_epoch": 100, "batch_size": 64}
