
=== Mon Sep 28 09:34:40 2026 attempt 1: D:\Quant\.venv\Scripts\python.exe -u -m infodiff.baselines.easytpp_runner NHP lob_goog 6 2019 100 64
[31;1m2026-09-28 09:34:42,332 - config.py[pid:13768;line:33:build_from_yaml_file] - CRITICAL: Load pipeline config class RunnerConfig[0m
[31;1m2026-09-28 09:34:42,635 - runner_config.py[pid:13768;line:205:update_config] - CRITICAL: train model NHP using GPU with torch backend[0m
[38;20m2026-09-28 09:34:42,635 - runner_config.py[pid:13768;line:45:__init__] - INFO: Save the config to D:\Quant\results\easytpp\checkpoints/lob_goog/NHP/train_2026_09_28_09_34_42\NHP_train_output.yaml[0m
[38;20m2026-09-28 09:34:42,635 - base_runner.py[pid:13768;line:193:save_log] - INFO: Save the log to D:\Quant\results\easytpp\checkpoints/lob_goog/NHP/train_2026_09_28_09_34_42\log[0m
0.4950103427465081 1.5277294467620006
min_dt: 7.275957614183426e-12
max_dt: 36.42092722700181
[38;20m2026-09-28 09:34:47,597 - tpp_runner.py[pid:13768;line:62:_init_model] - INFO: Num of model parameters 231948[0m
[38;20m2026-09-28 09:34:48,266 - base_runner.py[pid:13768;line:103:train] - INFO: Data 'lob_goog' loaded...[0m
[38;20m2026-09-28 09:34:48,266 - base_runner.py[pid:13768;line:108:train] - INFO: Start NHP training...[0m
[38;20m2026-09-28 09:34:50,136 - tpp_runner.py[pid:13768;line:104:_train_model] - INFO: [ Epoch 0 (train) ]: train loglike is -2.3219596540578022, num_events is 27940, mark_ll is -1.7627174197219488, time_ll is -0.5592422780260156[0m
[38;20m2026-09-28 09:34:50,188 - tpp_runner.py[pid:13768;line:116:_train_model] - INFO: [ Epoch 0 (valid) ]:  valid loglike is -1.82590224750762, num_events is 7874, mark_ll is -1.5350352028829057, time_ll is -0.2908671686483998[0m
[38;20m2026-09-28 09:34:50,294 - tpp_runner.py[pid:13768;line:136:_train_model] - INFO: [ Epoch 0 (test) ]: test loglike is -1.3648274304095636, num_events is 13081, mark_ll is -1.5526767039862204, time_ll is 0.18784933889981176[0m
[31;1m2026-09-28 09:34:50,294 - tpp_runner.py[pid:13768;line:140:_train_model] - CRITICAL: current best loglike on valid set is -1.8259 (updated at epoch-0), best updated at this epoch[0m
[38;20m2026-09-28 09:34:51,761 - tpp_runner.py[pid:13768;line:104:_train_model] - INFO: [ Epoch 1 (train) ]: train loglike is -1.3722067306616859, num_events is 27940, mark_ll is -1.4438581943170634, time_ll is 0.07165141614232647[0m
[38;20m2026-09-28 09:34:51,812 - tpp_runner.py[pid:13768;line:116:_train_model] - INFO: [ Epoch 1 (valid) ]:  valid loglike is -1.0606236456613538, num_events is 7874, mark_ll is -1.348478030940437, time_ll is 0.2878543542731617[0m
[38;20m2026-09-28 09:34:51,917 - tpp_runner.py[pid:13768;line:136:_train_model] - INFO: [ Epoch 1 (test) ]: test loglike is -0.8314122664491915, num_events is 13081, mark_ll is -1.393745356456884, time_ll is 0.562333071343934[0m
[31;1m2026-09-28 09:34:51,917 - tpp_runner.py[pid:13768;line:140:_train_model] - CRITICAL: current best loglike on valid set is -1.0606 (updated at epoch-1), best updated at this epoch[0m
[38;20m2026-09-28 09:34:53,342 - tpp_runner.py[pid:13768;line:104:_train_model] - INFO: [ Epoch 2 (train) ]: train loglike is -0.7620879930347396, num_events is 27940, mark_ll is -1.3419335028744632, time_ll is 0.5798455098397235[0m
[38;20m2026-09-28 09:34:53,392 - tpp_runner.py[pid:13768;line:116:_train_model] - INFO: [ Epoch 2 (valid) ]:  valid loglike is -0.671975273149765, num_events is 7874, mark_ll is -1.3260262711931674, time_ll is 0.6540509360315596[0m
[38;20m2026-09-28 09:34:53,500 - tpp_runner.py[pid:13768;line:136:_train_model] - INFO: [ Epoch 2 (test) ]: test loglike is -0.4812434172923754, num_events is 13081, mark_ll is -1.3838280324277579, time_ll is 0.9025846617947787[0m
[31;1m2026-09-28 09:34:53,500 - tpp_runner.py[pid:13768;line:140:_train_model] - CRITICAL: current best loglike on valid set is -0.6720 (updated at epoch-2), best updated at this epoch[0m
[38;20m2026-09-28 09:34:55,070 - tpp_runner.py[pid:13768;line:104:_train_model] - INFO: [ Epoch 3 (train) ]: train loglike is -0.39703745749821046, num_events is 27940, mark_ll is -1.3223957867304938, time_ll is 0.9253583467083483[0m
[38;20m2026-09-28 09:34:55,116 - tpp_runner.py[pid:13768;line:116:_train_model] - INFO: [ Epoch 3 (valid) ]:  valid loglike is -0.431706109505969, num_events is 7874, mark_ll is -1.3338300895351791, time_ll is 0.9021241040528956[0m
[38;20m2026-09-28 09:34:55,224 - tpp_runner.py[pid:13768;line:136:_train_model] - INFO: [ Epoch 3 (test) ]: test loglike is -0.24235502123039857, num_events is 13081, mark_ll is -1.38832263875086, time_ll is 1.1459676128545218[0m
[31;1m2026-09-28 09:34:55,224 - tpp_runner.py[pid:13768;line:140:_train_model] - CRITICAL: current best loglike on valid set is -0.4317 (updated at epoch-3), best updated at this epoch[0m
[38;20m2026-09-28 09:34:56,743 - tpp_runner.py[pid:13768;line:104:_train_model] - INFO: [ Epoch 4 (train) ]: train loglike is -0.15429684441688662, num_events is 27940, mark_ll is -1.3312927814065856, time_ll is 1.1769960200010066[0m
[38;20m2026-09-28 09:34:56,791 - tpp_runner.py[pid:13768;line:116:_train_model] - INFO: [ Epoch 4 (valid) ]:  valid loglike is -0.24286504139414528, num_events is 7874, mark_ll is -1.3551357464043052, time_ll is 1.1122707050101601[0m
[38;20m2026-09-28 09:34:56,889 - tpp_runner.py[pid:13768;line:136:_train_model] - INFO: [ Epoch 4 (test) ]: test loglike is -0.042310703202641235, num_events is 13081, mark_ll is -1.4162841591573656, time_ll is 1.3739734186272075[0m
[31;1m2026-09-28 09:34:56,889 - tpp_runner.py[pid:13768;line:140:_train_model] - CRITICAL: current best loglike on valid set is -0.2429 (updated at epoch-4), best updated at this epoch[0m
[38;20m2026-09-28 09:34:58,451 - tpp_runner.py[pid:13768;line:104:_train_model] - INFO: [ Epoch 5 (train) ]: train loglike is 0.03355381063844958, num_events is 27940, mark_ll is -1.3473275951257158, time_ll is 1.3808813686275276[0m
[38;20m2026-09-28 09:34:58,498 - tpp_runner.py[pid:13768;line:116:_train_model] - INFO: [ Epoch 5 (valid) ]:  valid loglike is -0.0941455347876516, num_events is 7874, mark_ll is -1.3779476709344043, time_ll is 1.283802159401194[0m
[38;20m2026-09-28 09:34:58,600 - tpp_runner.py[pid:13768;line:136:_train_model] - INFO: [ Epoch 5 (test) ]: test loglike is 0.09590793408692115, num_events is 13081, mark_ll is -1.4467339318477181, time_ll is 1.5426419102610656[0m
[31;1m2026-09-28 09:34:58,602 - tpp_runner.py[pid:13768;line:140:_train_model] - CRITICAL: current best loglike on valid set is -0.0941 (updated at epoch-5), best updated at this epoch[0m
[38;20m2026-09-28 09:35:00,148 - tpp_runner.py[pid:13768;line:104:_train_model] - INFO: [ Epoch 6 (train) ]: train loglike is 0.16459777111143578, num_events is 27940, mark_ll is -1.370992738345562, time_ll is 1.53559051273376[0m
[38;20m2026-09-28 09:35:00,193 - tpp_runner.py[pid:13768;line:116:_train_model] - INFO: [ Epoch 6 (valid) ]:  valid loglike is -0.0005581298394042101, num_events is 7874, mark_ll is -1.4060789713376303, time_ll is 1.405520864752667[0m
[38;20m2026-09-28 09:35:00,287 - tpp_runner.py[pid:13768;line:136:_train_model] - INFO: [ Epoch 6 (test) ]: test loglike is 0.20184236119240215, num_events is 13081, mark_ll is -1.4645337822987539, time_ll is 1.6663761341592769[0m
[31;1m2026-09-28 09:35:00,287 - tpp_runner.py[pid:13768;line:140:_train_model] - CRITICAL: current best loglike on valid set is -0.0006 (updated at epoch-6), best updated at this epoch[0m
[38;20m2026-09-28 09:35:01,791 - tpp_runner.py[pid:13768;line:104:_train_model] - INFO: [ Epoch 7 (train) ]: train loglike is 0.2503725088743457, num_events is 27940, mark_ll is -1.3949258245906406, time_ll is 1.6452982045790085[0m
[38;20m2026-09-28 09:35:01,835 - tpp_runner.py[pid:13768;line:116:_train_model] - INFO: [ Epoch 7 (valid) ]:  valid loglike is 0.06270548399251095, num_events is 7874, mark_ll is -1.433745306943739, time_ll is 1.4964506901670054[0m
[38;20m2026-09-28 09:35:01,940 - tpp_runner.py[pid:13768;line:136:_train_model] - INFO: [ Epoch 7 (test) ]: test loglike is 0.2653204447887203, num_events is 13081, mark_ll is -1.4961181995236412, time_ll is 1.7614386443123615[0m
[31;1m2026-09-28 09:35:01,940 - tpp_runner.py[pid:13768;line:140:_train_model] - CRITICAL: current best loglike on valid set is 0.0627 (updated at epoch-7), best updated at this epoch[0m
[38;20m2026-09-28 09:35:03,446 - tpp_runner.py[pid:13768;line:104:_train_model] - INFO: [ Epoch 8 (train) ]: train loglike is 0.3132447162865739, num_events is 27940, mark_ll is -1.4179548914806281, time_ll is 1.7311995990291698[0m
[38;20m2026-09-28 09:35:03,499 - tpp_runner.py[pid:13768;line:116:_train_model] - INFO: [ Epoch 8 (valid) ]:  valid loglike is 0.11285964698394241, num_events is 7874, mark_ll is -1.4563538326295402, time_ll is 1.5692134020986792[0m
[38;20m2026-09-28 09:35:03,592 - tpp_runner.py[pid:13768;line:136:_train_model] - INFO: [ Epoch 8 (test) ]: test loglike is 0.31563944948183437, num_events is 13081, mark_ll is -1.5130823241963536, time_ll is 1.8287217176869124[0m
[31;1m2026-09-28 09:35:03,592 - tpp_runner.py[pid:13768;line:140:_train_model] - CRITICAL: current best loglike on valid set is 0.1129 (updated at epoch-8), best updated at this epoch[0m
[38;20m2026-09-28 09:35:05,148 - tpp_runner.py[pid:13768;line:104:_train_model] - INFO: [ Epoch 9 (train) ]: train loglike is 0.3507707490695743, num_events is 27940, mark_ll is -1.430512772207185, time_ll is 1.7812835190922514[0m
[38;20m2026-09-28 09:35:05,196 - tpp_runner.py[pid:13768;line:116:_train_model] - INFO: [ Epoch 9 (valid) ]:  valid loglike is 0.14754102579494222, num_events is 7874, mark_ll is -1.4736464551054103, time_ll is 1.6211875119062737[0m
[38;20m2026-09-28 09:35:05,293 - tpp_runner.py[pid:13768;line:136:_train_model] - INFO: [ Epoch 9 (test) ]: test loglike is 0.3413522109536255, num_events is 13081, mark_ll is -1.5316022597780177, time_ll is 1.8729544520678847[0m
[31;1m2026-09-28 09:35:05,293 - tpp_runner.py[pid:13768;line:140:_train_model] - CRITICAL: current best loglike on valid set is 0.1475 (updated at epoch-9), best updated at this epoch[0m
[38;20m2026-09-28 09:35:06,814 - tpp_runner.py[pid:13768;line:104:_train_model] - INFO: [ Epoch 10 (train) ]: train loglike is 0.3753546417826145, num_events is 27940, mark_ll is -1.4406577501454008, time_ll is 1.816012426880145[0m
[38;20m2026-09-28 09:35:06,865 - tpp_runner.py[pid:13768;line:116:_train_model] - INFO: [ Epoch 10 (valid) ]:  valid loglike is 0.15821526381822296, num_events is 7874, mark_ll is -1.4819580264160528, time_ll is 1.6401733057372365[0m
[38;20m2026-09-28 09:35:06,962 - tpp_runner.py[pid:13768;line:136:_train_model] - INFO: [ Epoch 10 (test) ]: test loglike is 0.3735452253477133, num_events is 13081, mark_ll is -1.5485798596843705, time_ll is 1.922125094363963[0m
[31;1m2026-09-28 09:35:06,962 - tpp_runner.py[pid:13768;line:140:_train_model] - CRITICAL: current best loglike on valid set is 0.1582 (updated at epoch-10), best updated at this epoch[0m
[38;20m2026-09-28 09:35:08,502 - tpp_runner.py[pid:13768;line:104:_train_model] - INFO: [ Epoch 11 (train) ]: train loglike is 0.4180525608376767, num_events is 27940, mark_ll is -1.444642607484789, time_ll is 1.862695155215417[0m
[38;20m2026-09-28 09:35:08,541 - tpp_runner.py[pid:13768;line:116:_train_model] - INFO: [ Epoch 11 (valid) ]:  valid loglike is 0.1968779889708217, num_events is 7874, mark_ll is -1.4896469988252476, time_ll is 1.6865249257842265[0m
[38;20m2026-09-28 09:35:08,650 - tpp_runner.py[pid:13768;line:136:_train_model] - INFO: [ Epoch 11 (test) ]: test loglike is 0.4038499153113294, num_events is 13081, mark_ll is -1.5544475587206636, time_ll is 1.958297399376959[0m
[31;1m2026-09-28 09:35:08,650 - tpp_runner.py[pid:13768;line:140:_train_model] - CRITICAL: current best loglike on valid set is 0.1969 (updated at epoch-11), best updated at this epoch[0m
[38;20m2026-09-28 09:35:10,213 - tpp_runner.py[pid:13768;line:104:_train_model] - INFO: [ Epoch 12 (train) ]: train loglike is 0.4412629287927255, num_events is 27940, mark_ll is -1.4469901672669112, time_ll is 1.8882530785835718[0m
[38;20m2026-09-28 09:35:10,262 - tpp_runner.py[pid:13768;line:116:_train_model] - INFO: [ Epoch 12 (valid) ]:  valid loglike is 0.22678859517875286, num_events is 7874, mark_ll is -1.4957358176435103, time_ll is 1.7225245368459488[0m
[38;20m2026-09-28 09:35:10,371 - tpp_runner.py[pid:13768;line:136:_train_model] - INFO: [ Epoch 12 (test) ]: test loglike is 0.39922525991896646, num_events is 13081, mark_ll is -1.5600770708709197, time_ll is 1.959302330789886[0m
[31;1m2026-09-28 09:35:10,371 - tpp_runner.py[pid:13768;line:140:_train_model] - CRITICAL: current best loglike on valid set is 0.2268 (updated at epoch-12), best updated at this epoch[0m
[38;20m2026-09-28 09:35:11,842 - tpp_runner.py[pid:13768;line:104:_train_model] - INFO: [ Epoch 13 (train) ]: train loglike is 0.4652525905207727, num_events is 27940, mark_ll is -1.4489954058920902, time_ll is 1.9142480608558519[0m
[38;20m2026-09-28 09:35:12,193 - tpp_runner.py[pid:13768;line:116:_train_model] - INFO: [ Epoch 13 (valid) ]:  valid loglike is 0.23721070855227647, num_events is 7874, mark_ll is -1.4985692627635254, time_ll is 1.7357800643335661[0m
[38;20m2026-09-28 09:35:12,272 - tpp_runner.py[pid:13768;line:136:_train_model] - INFO: [ Epoch 13 (test) ]: test loglike is 0.4151030045366371, num_events is 13081, mark_ll is -1.5634278874178198, time_ll is 1.978530929281974[0m
[31;1m2026-09-28 09:35:12,272 - tpp_runner.py[pid:13768;line:140:_train_model] - CRITICAL: current best loglike on valid set is 0.2372 (updated at epoch-13), best updated at this epoch[0m
[38;20m2026-09-28 09:35:13,773 - tpp_runner.py[pid:13768;line:104:_train_model] - INFO: [ Epoch 14 (train) ]: train loglike is 0.47485497487640926, num_events is 27940, mark_ll is -1.446837845886274, time_ll is 1.921692812024651[0m
[38;20m2026-09-28 09:35:13,822 - tpp_runner.py[pid:13768;line:116:_train_model] - INFO: [ Epoch 14 (valid) ]:  valid loglike is 0.2600816373507747, num_events is 7874, mark_ll is -1.501653111704661, time_ll is 1.7617348730791211[0m
[38;20m2026-09-28 09:35:13,915 - tpp_runner.py[pid:13768;line:136:_train_model] - INFO: [ Epoch 14 (test) ]: test loglike is 0.45945821050091734, num_events is 13081, mark_ll is -1.5666981511830136, time_ll is 2.026156510993999[0m
[31;1m2026-09-28 09:35:13,915 - tpp_runner.py[pid:13768;line:140:_train_model] - CRITICAL: current best loglike on valid set is 0.2601 (updated at epoch-14), best updated at this epoch[0m
[38;20m2026-09-28 09:35:15,449 - tpp_runner.py[pid:13768;line:104:_train_model] - INFO: [ Epoch 15 (train) ]: train loglike is 0.5104918981673637, num_events is 27940, mark_ll is -1.4446951580115874, time_ll is 1.9551871232160434[0m
[38;20m2026-09-28 09:35:15,496 - tpp_runner.py[pid:13768;line:116:_train_model] - INFO: [ Epoch 15 (valid) ]:  valid loglike is 0.2720500470297816, num_events is 7874, mark_ll is -1.4984824461836423, time_ll is 1.7705324932134239[0m
[38;20m2026-09-28 09:35:15,591 - tpp_runner.py[pid:13768;line:136:_train_model] - INFO: [ Epoch 15 (test) ]: test loglike is 0.4694981180959025, num_events is 13081, mark_ll is -1.5683127156037382, time_ll is 2.0378108336996408[0m
[31;1m2026-09-28 09:35:15,591 - tpp_runner.py[pid:13768;line:140:_train_model] - CRITICAL: current best loglike on valid set is 0.2721 (updated at epoch-15), best updated at this epoch[0m
[38;20m2026-09-28 09:35:17,134 - tpp_runner.py[pid:13768;line:104:_train_model] - INFO: [ Epoch 16 (train) ]: train loglike is 0.5165577771754118, num_events is 27940, mark_ll is -1.443935455999463, time_ll is 1.960493328337509[0m
[38;20m2026-09-28 09:35:17,173 - tpp_runner.py[pid:13768;line:116:_train_model] - INFO: [ Epoch 16 (valid) ]:  valid loglike is 0.2622210769323882, num_events is 7874, mark_ll is -1.4962028908432816, time_ll is 1.7584239367697485[0m
[38;20m2026-09-28 09:35:17,261 - tpp_runner.py[pid:13768;line:136:_train_model] - INFO: [ Epoch 16 (test) ]: test loglike is 0.47689813036919004, num_events is 13081, mark_ll is -1.562515416264525, time_ll is 2.0394135279699563[0m
[31;1m2026-09-28 09:35:17,261 - tpp_runner.py[pid:13768;line:140:_train_model] - CRITICAL: current best loglike on valid set is 0.2721 (updated at epoch-15)[0m
[38;20m2026-09-28 09:35:18,798 - tpp_runner.py[pid:13768;line:104:_train_model] - INFO: [ Epoch 17 (train) ]: train loglike is 0.5259409140584805, num_events is 27940, mark_ll is -1.4407541481187365, time_ll is 1.966695129350841[0m
[38;20m2026-09-28 09:35:18,841 - tpp_runner.py[pid:13768;line:116:_train_model] - INFO: [ Epoch 17 (valid) ]:  valid loglike is 0.30305311587185674, num_events is 7874, mark_ll is -1.49914349242761, time_ll is 1.8021966082994667[0m
[38;20m2026-09-28 09:35:18,938 - tpp_runner.py[pid:13768;line:136:_train_model] - INFO: [ Epoch 17 (test) ]: test loglike is 0.4953091255924624, num_events is 13081, mark_ll is -1.569947735503784, time_ll is 2.0652568610962465[0m
[31;1m2026-09-28 09:35:18,938 - tpp_runner.py[pid:13768;line:140:_train_model] - CRITICAL: current best loglike on valid set is 0.3031 (updated at epoch-17), best updated at this epoch[0m
[38;20m2026-09-28 09:35:20,503 - tpp_runner.py[pid:13768;line:104:_train_model] - INFO: [ Epoch 18 (train) ]: train loglike is 0.556229270520002, num_events is 27940, mark_ll is -1.4394763157379653, time_ll is 1.9957056240772637[0m
[38;20m2026-09-28 09:35:20,550 - tpp_runner.py[pid:13768;line:116:_train_model] - INFO: [ Epoch 18 (valid) ]:  valid loglike is 0.3133046036599886, num_events is 7874, mark_ll is -1.4980173573628397, time_ll is 1.8113220230346712[0m
[38;20m2026-09-28 09:35:20,655 - tpp_runner.py[pid:13768;line:136:_train_model] - INFO: [ Epoch 18 (test) ]: test loglike is 0.5226704755167323, num_events is 13081, mark_ll is -1.5757444749302423, time_ll is 2.098414969110733[0m
[31;1m2026-09-28 09:35:20,655 - tpp_runner.py[pid:13768;line:140:_train_model] - CRITICAL: current best loglike on valid set is 0.3133 (updated at epoch-18), best updated at this epoch[0m
[38;20m2026-09-28 09:35:22,176 - tpp_runner.py[pid:13768;line:104:_train_model] - INFO: [ Epoch 19 (train) ]: train loglike is 0.5598603529168951, num_events is 27940, mark_ll is -1.440225479683026, time_ll is 2.0000857725259484[0m
[38;20m2026-09-28 09:35:22,224 - tpp_runner.py[pid:13768;line:116:_train_model] - INFO: [ Epoch 19 (valid) ]:  valid loglike is 0.3354292509366269, num_events is 7874, mark_ll is -1.4954242701454152, time_ll is 1.8308535210820422[0m
[38;20m2026-09-28 09:35:22,335 - tpp_runner.py[pid:13768;line:136:_train_model] - INFO: [ Epoch 19 (test) ]: test loglike is 0.5222737026746809, num_events is 13081, mark_ll is -1.563115194807832, time_ll is 2.085388785499962[0m
[31;1m2026-09-28 09:35:22,335 - tpp_runner.py[pid:13768;line:140:_train_model] - CRITICAL: current best loglike on valid set is 0.3354 (updated at epoch-19), best updated at this epoch[0m
[38;20m2026-09-28 09:35:23,993 - tpp_runner.py[pid:13768;line:104:_train_model] - INFO: [ Epoch 20 (train) ]: train loglike is 0.5836522467578404, num_events is 27940, mark_ll is -1.436884527950519, time_ll is 2.020536787815408[0m
[38;20m2026-09-28 09:35:24,057 - tpp_runner.py[pid:13768;line:116:_train_model] - INFO: [ Epoch 20 (valid) ]:  valid loglike is 0.3537384025451645, num_events is 7874, mark_ll is -1.4975272157575565, time_ll is 1.8512655872967996[0m
[38;20m2026-09-28 09:35:24,206 - tpp_runner.py[pid:13768;line:136:_train_model] - INFO: [ Epoch 20 (test) ]: test loglike is 0.5343039321403658, num_events is 13081, mark_ll is -1.572026878201208, time_ll is 2.106330791677815[0m
[31;1m2026-09-28 09:35:24,206 - tpp_runner.py[pid:13768;line:140:_train_model] - CRITICAL: current best loglike on valid set is 0.3537 (updated at epoch-20), best updated at this epoch[0m
[38;20m2026-09-28 09:35:26,064 - tpp_runner.py[pid:13768;line:104:_train_model] - INFO: [ Epoch 21 (train) ]: train loglike is 0.6029847108899651, num_events is 27940, mark_ll is -1.4348636132952308, time_ll is 2.0378482455429046[0m
[38;20m2026-09-28 09:35:26,123 - tpp_runner.py[pid:13768;line:116:_train_model] - INFO: [ Epoch 21 (valid) ]:  valid loglike is 0.35009846240395603, num_events is 7874, mark_ll is -1.4981346837693676, time_ll is 1.8482332081851665[0m
[38;20m2026-09-28 09:35:26,225 - tpp_runner.py[pid:13768;line:136:_train_model] - INFO: [ Epoch 21 (test) ]: test loglike is 0.5531135105902645, num_events is 13081, mark_ll is -1.5731184841086308, time_ll is 2.1262319573713784[0m
[31;1m2026-09-28 09:35:26,225 - tpp_runner.py[pid:13768;line:140:_train_model] - CRITICAL: current best loglike on valid set is 0.3537 (updated at epoch-20)[0m
[38;20m2026-09-28 09:35:27,706 - tpp_runner.py[pid:13768;line:104:_train_model] - INFO: [ Epoch 22 (train) ]: train loglike is 0.6055192711187757, num_events is 27940, mark_ll is -1.434951185855852, time_ll is 2.0404704766352006[0m
[38;20m2026-09-28 09:35:27,759 - tpp_runner.py[pid:13768;line:116:_train_model] - INFO: [ Epoch 22 (valid) ]:  valid loglike is 0.3716122620233522, num_events is 7874, mark_ll is -1.4937105108585218, time_ll is 1.8653226798641098[0m
[38;20m2026-09-28 09:35:27,848 - tpp_runner.py[pid:13768;line:136:_train_model] - INFO: [ Epoch 22 (test) ]: test loglike is 0.5556605163858841, num_events is 13081, mark_ll is -1.5601607964915718, time_ll is 2.1158212382224217[0m
[31;1m2026-09-28 09:35:27,848 - tpp_runner.py[pid:13768;line:140:_train_model] - CRITICAL: current best loglike on valid set is 0.3716 (updated at epoch-22), best updated at this epoch[0m
[38;20m2026-09-28 09:35:29,363 - tpp_runner.py[pid:13768;line:104:_train_model] - INFO: [ Epoch 23 (train) ]: train loglike is 0.6191217006063495, num_events is 27940, mark_ll is -1.4282611560207141, time_ll is 2.0473828544425556[0m
[38;20m2026-09-28 09:35:29,400 - tpp_runner.py[pid:13768;line:116:_train_model] - INFO: [ Epoch 23 (valid) ]:  valid loglike is 0.38939093332288227, num_events is 7874, mark_ll is -1.4944372896558293, time_ll is 1.883828253984633[0m
[38;20m2026-09-28 09:35:29,492 - tpp_runner.py[pid:13768;line:136:_train_model] - INFO: [ Epoch 23 (test) ]: test loglike is 0.5778662456520908, num_events is 13081, mark_ll is -1.5679846067292256, time_ll is 2.1458508523813165[0m
[31;1m2026-09-28 09:35:29,492 - tpp_runner.py[pid:13768;line:140:_train_model] - CRITICAL: current best loglike on valid set is 0.3894 (updated at epoch-23), best updated at this epoch[0m
[38;20m2026-09-28 09:35:31,054 - tpp_runner.py[pid:13768;line:104:_train_model] - INFO: [ Epoch 24 (train) ]: train loglike is 0.6383817734168783, num_events is 27940, mark_ll is -1.4268891276507696, time_ll is 2.065270865023264[0m
[38;20m2026-09-28 09:35:31,109 - tpp_runner.py[pid:13768;line:116:_train_model] - INFO: [ Epoch 24 (valid) ]:  valid loglike is 0.4008581322826708, num_events is 7874, mark_ll is -1.4916257967281559, time_ll is 1.892483866998984[0m
[38;20m2026-09-28 09:35:31,196 - tpp_runner.py[pid:13768;line:136:_train_model] - INFO: [ Epoch 24 (test) ]: test loglike is 0.5858665030626481, num_events is 13081, mark_ll is -1.5650878420992278, time_ll is 2.15095441981691[0m
[31;1m2026-09-28 09:35:31,196 - tpp_runner.py[pid:13768;line:140:_train_model] - CRITICAL: current best loglike on valid set is 0.4009 (updated at epoch-24), best updated at this epoch[0m
[38;20m2026-09-28 09:35:32,697 - tpp_runner.py[pid:13768;line:104:_train_model] - INFO: [ Epoch 25 (train) ]: train loglike is 0.6532917107354766, num_events is 27940, mark_ll is -1.4258996852910255, time_ll is 2.0791913370447834[0m
[38;20m2026-09-28 09:35:32,757 - tpp_runner.py[pid:13768;line:116:_train_model] - INFO: [ Epoch 25 (valid) ]:  valid loglike is 0.3932119480449898, num_events is 7874, mark_ll is -1.4915146715059056, time_ll is 1.8847266815627381[0m
[38;20m2026-09-28 09:35:32,842 - tpp_runner.py[pid:13768;line:136:_train_model] - INFO: [ Epoch 25 (test) ]: test loglike is 0.6023090690039465, num_events is 13081, mark_ll is -1.5591519830168756, time_ll is 2.1614610706845805[0m
[31;1m2026-09-28 09:35:32,842 - tpp_runner.py[pid:13768;line:140:_train_model] - CRITICAL: current best loglike on valid set is 0.4009 (updated at epoch-24)[0m
[38;20m2026-09-28 09:35:34,330 - tpp_runner.py[pid:13768;line:104:_train_model] - INFO: [ Epoch 26 (train) ]: train loglike is 0.6597822600291641, num_events is 27940, mark_ll is -1.42385853335272, time_ll is 2.0836409178988458[0m
[38;20m2026-09-28 09:35:34,376 - tpp_runner.py[pid:13768;line:116:_train_model] - INFO: [ Epoch 26 (valid) ]:  valid loglike is 0.4030599867840361, num_events is 7874, mark_ll is -1.4938583470916942, time_ll is 1.8969182098520447[0m
[38;20m2026-09-28 09:35:34,462 - tpp_runner.py[pid:13768;line:136:_train_model] - INFO: [ Epoch 26 (test) ]: test loglike is 0.6107116050653142, num_events is 13081, mark_ll is -1.569228396923496, time_ll is 2.1799399833250517[0m
[31;1m2026-09-28 09:35:34,462 - tpp_runner.py[pid:13768;line:140:_train_model] - CRITICAL: current best loglike on valid set is 0.4031 (updated at epoch-26), best updated at this epoch[0m
[38;20m2026-09-28 09:35:35,943 - tpp_runner.py[pid:13768;line:104:_train_model] - INFO: [ Epoch 27 (train) ]: train loglike is 0.6751849317175197, num_events is 27940, mark_ll is -1.423082491220025, time_ll is 2.0982674928418037[0m
[38;20m2026-09-28 09:35:36,001 - tpp_runner.py[pid:13768;line:116:_train_model] - INFO: [ Epoch 27 (valid) ]:  valid loglike is 0.4230195525820739, num_events is 7874, mark_ll is -1.4906649852362204, time_ll is 1.9136844758064515[0m
[38;20m2026-09-28 09:35:36,103 - tpp_runner.py[pid:13768;line:136:_train_model] - INFO: [ Epoch 27 (test) ]: test loglike is 0.6141721645122219, num_events is 13081, mark_ll is -1.5616052220897676, time_ll is 2.175777367938231[0m
[31;1m2026-09-28 09:35:36,103 - tpp_runner.py[pid:13768;line:140:_train_model] - CRITICAL: current best loglike on valid set is 0.4230 (updated at epoch-27), best updated at this epoch[0m
[38;20m2026-09-28 09:35:37,601 - tpp_runner.py[pid:13768;line:104:_train_model] - INFO: [ Epoch 28 (train) ]: train loglike is 0.6818190283150697, num_events is 27940, mark_ll is -1.4216855419817018, time_ll is 2.1035046500313173[0m
[38;20m2026-09-28 09:35:37,646 - tpp_runner.py[pid:13768;line:116:_train_model] - INFO: [ Epoch 28 (valid) ]:  valid loglike is 0.42755050988617604, num_events is 7874, mark_ll is -1.4885323979632334, time_ll is 1.9160830938849378[0m
[38;20m2026-09-28 09:35:37,746 - tpp_runner.py[pid:13768;line:136:_train_model] - INFO: [ Epoch 28 (test) ]: test loglike is 0.6313582945923477, num_events is 13081, mark_ll is -1.556636369663061, time_ll is 2.1879948135654765[0m
[31;1m2026-09-28 09:35:37,746 - tpp_runner.py[pid:13768;line:140:_train_model] - CRITICAL: current best loglike on valid set is 0.4276 (updated at epoch-28), best updated at this epoch[0m
[38;20m2026-09-28 09:35:39,262 - tpp_runner.py[pid:13768;line:104:_train_model] - INFO: [ Epoch 29 (train) ]: train loglike is 0.6937172716996801, num_events is 27940, mark_ll is -1.4172985079634932, time_ll is 2.1110158451984162[0m
[38;20m2026-09-28 09:35:39,310 - tpp_runner.py[pid:13768;line:116:_train_model] - INFO: [ Epoch 29 (valid) ]:  valid loglike is 0.4413015430034766, num_events is 7874, mark_ll is -1.4893399161798324, time_ll is 1.9306414901892304[0m
[38;20m2026-09-28 09:35:39,487 - tpp_runner.py[pid:13768;line:136:_train_model] - INFO: [ Epoch 29 (test) ]: test loglike is 0.6249469016070541, num_events is 13081, mark_ll is -1.5645144541104465, time_ll is 2.189461262398708[0m
[31;1m2026-09-28 09:35:39,487 - tpp_runner.py[pid:13768;line:140:_train_model] - CRITICAL: current best loglike on valid set is 0.4413 (updated at epoch-29), best updated at this epoch[0m
[38;20m2026-09-28 09:35:41,095 - tpp_runner.py[pid:13768;line:104:_train_model] - INFO: [ Epoch 30 (train) ]: train loglike is 0.7089505544456313, num_events is 27940, mark_ll is -1.4161006635312277, time_ll is 2.1250512398219397[0m
[38;20m2026-09-28 09:35:41,160 - tpp_runner.py[pid:13768;line:116:_train_model] - INFO: [ Epoch 30 (valid) ]:  valid loglike is 0.438278186614967, num_events is 7874, mark_ll is -1.4872635116363984, time_ll is 1.9255416362395226[0m
[38;20m2026-09-28 09:35:41,254 - tpp_runner.py[pid:13768;line:136:_train_model] - INFO: [ Epoch 30 (test) ]: test loglike is 0.6436711493530693, num_events is 13081, mark_ll is -1.556815093814502, time_ll is 2.2004860938575033[0m
[31;1m2026-09-28 09:35:41,254 - tpp_runner.py[pid:13768;line:140:_train_model] - CRITICAL: current best loglike on valid set is 0.4413 (updated at epoch-29)[0m
[38;20m2026-09-28 09:35:42,753 - tpp_runner.py[pid:13768;line:104:_train_model] - INFO: [ Epoch 31 (train) ]: train loglike is 0.7121818198420443, num_events is 27940, mark_ll is -1.4146996773219398, time_ll is 2.126881508086525[0m
[38;20m2026-09-28 09:35:42,801 - tpp_runner.py[pid:13768;line:116:_train_model] - INFO: [ Epoch 31 (valid) ]:  valid loglike is 0.46832785438031815, num_events is 7874, mark_ll is -1.4855847270288292, time_ll is 1.9539126744269113[0m
[38;20m2026-09-28 09:35:42,896 - tpp_runner.py[pid:13768;line:136:_train_model] - INFO: [ Epoch 31 (test) ]: test loglike is 0.6687127620690314, num_events is 13081, mark_ll is -1.5569364082447825, time_ll is 2.225649170313814[0m
[31;1m2026-09-28 09:35:42,896 - tpp_runner.py[pid:13768;line:140:_train_model] - CRITICAL: current best loglike on valid set is 0.4683 (updated at epoch-31), best updated at this epoch[0m
[38;20m2026-09-28 09:35:44,397 - tpp_runner.py[pid:13768;line:104:_train_model] - INFO: [ Epoch 32 (train) ]: train loglike is 0.7254150521695486, num_events is 27940, mark_ll is -1.4107419428350931, time_ll is 2.1361568945172693[0m
[38;20m2026-09-28 09:35:44,445 - tpp_runner.py[pid:13768;line:116:_train_model] - INFO: [ Epoch 32 (valid) ]:  valid loglike is 0.4540066223687135, num_events is 7874, mark_ll is -1.4869524602330455, time_ll is 1.940959020589916[0m
[38;20m2026-09-28 09:35:44,540 - tpp_runner.py[pid:13768;line:136:_train_model] - INFO: [ Epoch 32 (test) ]: test loglike is 0.677575621070159, num_events is 13081, mark_ll is -1.5603373183195093, time_ll is 2.237913051372219[0m
[31;1m2026-09-28 09:35:44,540 - tpp_runner.py[pid:13768;line:140:_train_model] - CRITICAL: current best loglike on valid set is 0.4683 (updated at epoch-31)[0m
[38;20m2026-09-28 09:35:46,007 - tpp_runner.py[pid:13768;line:104:_train_model] - INFO: [ Epoch 33 (train) ]: train loglike is 0.7509243920776105, num_events is 27940, mark_ll is -1.4110565469532927, time_ll is 2.161980890971725[0m
[38;20m2026-09-28 09:35:46,066 - tpp_runner.py[pid:13768;line:116:_train_model] - INFO: [ Epoch 33 (valid) ]:  valid loglike is 0.47191303806435736, num_events is 7874, mark_ll is -1.4860103763176276, time_ll is 1.9579234763938278[0m
[38;20m2026-09-28 09:35:46,154 - tpp_runner.py[pid:13768;line:136:_train_model] - INFO: [ Epoch 33 (test) ]: test loglike is 0.663796466786274, num_events is 13081, mark_ll is -1.5563334941900466, time_ll is 2.2201299236488037[0m
[31;1m2026-09-28 09:35:46,154 - tpp_runner.py[pid:13768;line:140:_train_model] - CRITICAL: current best loglike on valid set is 0.4719 (updated at epoch-33), best updated at this epoch[0m
[38;20m2026-09-28 09:35:47,605 - tpp_runner.py[pid:13768;line:104:_train_model] - INFO: [ Epoch 34 (train) ]: train loglike is 0.7469945188070419, num_events is 27940, mark_ll is -1.4092550792434682, time_ll is 2.156249615526575[0m
[38;20m2026-09-28 09:35:47,652 - tpp_runner.py[pid:13768;line:116:_train_model] - INFO: [ Epoch 34 (valid) ]:  valid loglike is 0.48569082929181484, num_events is 7874, mark_ll is -1.485286326041402, time_ll is 1.9709769692976886[0m
[38;20m2026-09-28 09:35:47,762 - tpp_runner.py[pid:13768;line:136:_train_model] - INFO: [ Epoch 34 (test) ]: test loglike is 0.6613447208140624, num_events is 13081, mark_ll is -1.5582302546393625, time_ll is 2.219575012780942[0m
[31;1m2026-09-28 09:35:47,762 - tpp_runner.py[pid:13768;line:140:_train_model] - CRITICAL: current best loglike on valid set is 0.4857 (updated at epoch-34), best updated at this epoch[0m
[38;20m2026-09-28 09:35:49,295 - tpp_runner.py[pid:13768;line:104:_train_model] - INFO: [ Epoch 35 (train) ]: train loglike is 0.756258720556326, num_events is 27940, mark_ll is -1.40844485392806, time_ll is 2.1647036094365157[0m
[38;20m2026-09-28 09:35:49,328 - tpp_runner.py[pid:13768;line:116:_train_model] - INFO: [ Epoch 35 (valid) ]:  valid loglike is 0.5014709829224346, num_events is 7874, mark_ll is -1.4838364891573532, time_ll is 1.985307410067945[0m
[38;20m2026-09-28 09:35:49,428 - tpp_runner.py[pid:13768;line:136:_train_model] - INFO: [ Epoch 35 (test) ]: test loglike is 0.6839464577082218, num_events is 13081, mark_ll is -1.5574711995809762, time_ll is 2.2414178065992663[0m
[31;1m2026-09-28 09:35:49,428 - tpp_runner.py[pid:13768;line:140:_train_model] - CRITICAL: current best loglike on valid set is 0.5015 (updated at epoch-35), best updated at this epoch[0m
[38;20m2026-09-28 09:35:50,985 - tpp_runner.py[pid:13768;line:104:_train_model] - INFO: [ Epoch 36 (train) ]: train loglike is 0.7656363310435028, num_events is 27940, mark_ll is -1.402944961580619, time_ll is 2.1685812860705975[0m
[38;20m2026-09-28 09:35:51,032 - tpp_runner.py[pid:13768;line:116:_train_model] - INFO: [ Epoch 36 (valid) ]:  valid loglike is 0.5029952340178118, num_events is 7874, mark_ll is -1.482344856291275, time_ll is 1.9853401523209298[0m
[38;20m2026-09-28 09:35:51,114 - tpp_runner.py[pid:13768;line:136:_train_model] - INFO: [ Epoch 36 (test) ]: test loglike is 0.6904845589500038, num_events is 13081, mark_ll is -1.552321905937046, time_ll is 2.24280646488705[0m
[31;1m2026-09-28 09:35:51,114 - tpp_runner.py[pid:13768;line:140:_train_model] - CRITICAL: current best loglike on valid set is 0.5030 (updated at epoch-36), best updated at this epoch[0m
[38;20m2026-09-28 09:35:52,661 - tpp_runner.py[pid:13768;line:104:_train_model] - INFO: [ Epoch 37 (train) ]: train loglike is 0.7729083509725081, num_events is 27940, mark_ll is -1.4028357711278632, time_ll is 2.1757441483144686[0m
[38;20m2026-09-28 09:35:52,712 - tpp_runner.py[pid:13768;line:116:_train_model] - INFO: [ Epoch 37 (valid) ]:  valid loglike is 0.5038872123642685, num_events is 7874, mark_ll is -1.4837707566040133, time_ll is 1.9876579069564388[0m
[38;20m2026-09-28 09:35:52,802 - tpp_runner.py[pid:13768;line:136:_train_model] - INFO: [ Epoch 37 (test) ]: test loglike is 0.7027733374622545, num_events is 13081, mark_ll is -1.558562581523297, time_ll is 2.2613357696754837[0m
[31;1m2026-09-28 09:35:52,802 - tpp_runner.py[pid:13768;line:140:_train_model] - CRITICAL: current best loglike on valid set is 0.5039 (updated at epoch-37), best updated at this epoch[0m
[38;20m2026-09-28 09:35:54,270 - tpp_runner.py[pid:13768;line:104:_train_model] - INFO: [ Epoch 38 (train) ]: train loglike is 0.779004644613737, num_events is 27940, mark_ll is -1.4018367693606837, time_ll is 2.1808413746532747[0m
[38;20m2026-09-28 09:35:54,318 - tpp_runner.py[pid:13768;line:116:_train_model] - INFO: [ Epoch 38 (valid) ]:  valid loglike is 0.5107451640684532, num_events is 7874, mark_ll is -1.4833394022256794, time_ll is 1.9940845662941327[0m
[38;20m2026-09-28 09:35:55,128 - tpp_runner.py[pid:13768;line:136:_train_model] - INFO: [ Epoch 38 (test) ]: test loglike is 0.70905190047827, num_events is 13081, mark_ll is -1.5559877667275055, time_ll is 2.2650396298782587[0m
[31;1m2026-09-28 09:35:55,128 - tpp_runner.py[pid:13768;line:140:_train_model] - CRITICAL: current best loglike on valid set is 0.5107 (updated at epoch-38), best updated at this epoch[0m
[38;20m2026-09-28 09:35:56,685 - tpp_runner.py[pid:13768;line:104:_train_model] - INFO: [ Epoch 39 (train) ]: train loglike is 0.7884345194571515, num_events is 27940, mark_ll is -1.401114483603257, time_ll is 2.1895490511195868[0m
[38;20m2026-09-28 09:35:56,741 - tpp_runner.py[pid:13768;line:116:_train_model] - INFO: [ Epoch 39 (valid) ]:  valid loglike is 0.5134751734347218, num_events is 7874, mark_ll is -1.4809482255683262, time_ll is 1.994423399003048[0m
[38;20m2026-09-28 09:35:56,835 - tpp_runner.py[pid:13768;line:136:_train_model] - INFO: [ Epoch 39 (test) ]: test loglike is 0.7248610744471944, num_events is 13081, mark_ll is -1.5520600907327422, time_ll is 2.2769213518175215[0m
[31;1m2026-09-28 09:35:56,835 - tpp_runner.py[pid:13768;line:140:_train_model] - CRITICAL: current best loglike on valid set is 0.5135 (updated at epoch-39), best updated at this epoch[0m
[38;20m2026-09-28 09:35:58,338 - tpp_runner.py[pid:13768;line:104:_train_model] - INFO: [ Epoch 40 (train) ]: train loglike is 0.792470162240795, num_events is 27940, mark_ll is -1.3986124528845294, time_ll is 2.1910825058999195[0m
[38;20m2026-09-28 09:35:58,370 - tpp_runner.py[pid:13768;line:116:_train_model] - INFO: [ Epoch 40 (valid) ]:  valid loglike is 0.5326179812515875, num_events is 7874, mark_ll is -1.4811238431070612, time_ll is 2.013741824358649[0m
[38;20m2026-09-28 09:35:58,480 - tpp_runner.py[pid:13768;line:136:_train_model] - INFO: [ Epoch 40 (test) ]: test loglike is 0.7220235485866906, num_events is 13081, mark_ll is -1.5538838012312706, time_ll is 2.275907387145478[0m
[31;1m2026-09-28 09:35:58,480 - tpp_runner.py[pid:13768;line:140:_train_model] - CRITICAL: current best loglike on valid set is 0.5326 (updated at epoch-40), best updated at this epoch[0m
[38;20m2026-09-28 09:35:59,964 - tpp_runner.py[pid:13768;line:104:_train_model] - INFO: [ Epoch 41 (train) ]: train loglike is 0.7979750134216178, num_events is 27940, mark_ll is -1.3942619962699088, time_ll is 2.1922369397872674[0m
[38;20m2026-09-28 09:36:00,017 - tpp_runner.py[pid:13768;line:116:_train_model] - INFO: [ Epoch 41 (valid) ]:  valid loglike is 0.5349371001476378, num_events is 7874, mark_ll is -1.4804965313055627, time_ll is 2.0154336314532[0m
[38;20m2026-09-28 09:36:00,120 - tpp_runner.py[pid:13768;line:136:_train_model] - INFO: [ Epoch 41 (test) ]: test loglike is 0.7272318570350126, num_events is 13081, mark_ll is -1.55473867602582, time_ll is 2.2819707196984176[0m
[31;1m2026-09-28 09:36:00,122 - tpp_runner.py[pid:13768;line:140:_train_model] - CRITICAL: current best loglike on valid set is 0.5349 (updated at epoch-41), best updated at this epoch[0m
[38;20m2026-09-28 09:36:01,707 - tpp_runner.py[pid:13768;line:104:_train_model] - INFO: [ Epoch 42 (train) ]: train loglike is 0.8082231307251588, num_events is 27940, mark_ll is -1.3967294942846278, time_ll is 2.204952541998479[0m
[38;20m2026-09-28 09:36:01,748 - tpp_runner.py[pid:13768;line:116:_train_model] - INFO: [ Epoch 42 (valid) ]:  valid loglike is 0.5182646271054261, num_events is 7874, mark_ll is -1.48164920743904, time_ll is 1.9999138035385446[0m
[38;20m2026-09-28 09:36:01,833 - tpp_runner.py[pid:13768;line:136:_train_model] - INFO: [ Epoch 42 (test) ]: test loglike is 0.7519783584014984, num_events is 13081, mark_ll is -1.5498745646118417, time_ll is 2.301852848358306[0m
[31;1m2026-09-28 09:36:01,833 - tpp_runner.py[pid:13768;line:140:_train_model] - CRITICAL: current best loglike on valid set is 0.5349 (updated at epoch-41)[0m
[38;20m2026-09-28 09:36:03,364 - tpp_runner.py[pid:13768;line:104:_train_model] - INFO: [ Epoch 43 (train) ]: train loglike is 0.8248610215948238, num_events is 27940, mark_ll is -1.397449088728078, time_ll is 2.222310049156675[0m
[38;20m2026-09-28 09:36:03,412 - tpp_runner.py[pid:13768;line:116:_train_model] - INFO: [ Epoch 43 (valid) ]:  valid loglike is 0.5309364681229363, num_events is 7874, mark_ll is -1.4774364949120524, time_ll is 2.008372839011303[0m
[38;20m2026-09-28 09:36:03,501 - tpp_runner.py[pid:13768;line:136:_train_model] - INFO: [ Epoch 43 (test) ]: test loglike is 0.746765048065897, num_events is 13081, mark_ll is -1.5521952909993502, time_ll is 2.2989604137202813[0m
[31;1m2026-09-28 09:36:03,501 - tpp_runner.py[pid:13768;line:140:_train_model] - CRITICAL: current best loglike on valid set is 0.5349 (updated at epoch-41)[0m
[38;20m2026-09-28 09:36:05,020 - tpp_runner.py[pid:13768;line:104:_train_model] - INFO: [ Epoch 44 (train) ]: train loglike is 0.8320467949596233, num_events is 27940, mark_ll is -1.3912592588191213, time_ll is 2.2233059751364532[0m
[38;20m2026-09-28 09:36:05,060 - tpp_runner.py[pid:13768;line:116:_train_model] - INFO: [ Epoch 44 (valid) ]:  valid loglike is 0.5529389520693104, num_events is 7874, mark_ll is -1.4795747872745746, time_ll is 2.032513801355728[0m
[38;20m2026-09-28 09:36:05,162 - tpp_runner.py[pid:13768;line:136:_train_model] - INFO: [ Epoch 44 (test) ]: test loglike is 0.7542348814597508, num_events is 13081, mark_ll is -1.5549152725087914, time_ll is 2.3091502286235763[0m
[31;1m2026-09-28 09:36:05,162 - tpp_runner.py[pid:13768;line:140:_train_model] - CRITICAL: current best loglike on valid set is 0.5529 (updated at epoch-44), best updated at this epoch[0m
[38;20m2026-09-28 09:36:06,702 - tpp_runner.py[pid:13768;line:104:_train_model] - INFO: [ Epoch 45 (train) ]: train loglike is 0.8393637524047065, num_events is 27940, mark_ll is -1.3913279921819077, time_ll is 2.2306917795387435[0m
[38;20m2026-09-28 09:36:06,756 - tpp_runner.py[pid:13768;line:116:_train_model] - INFO: [ Epoch 45 (valid) ]:  valid loglike is 0.5566606548252159, num_events is 7874, mark_ll is -1.4774584471043941, time_ll is 2.0341190399177673[0m
[38;20m2026-09-28 09:36:06,842 - tpp_runner.py[pid:13768;line:136:_train_model] - INFO: [ Epoch 45 (test) ]: test loglike is 0.7530774671398403, num_events is 13081, mark_ll is -1.5463926164976876, time_ll is 2.299470232947596[0m
[31;1m2026-09-28 09:36:06,842 - tpp_runner.py[pid:13768;line:140:_train_model] - CRITICAL: current best loglike on valid set is 0.5567 (updated at epoch-45), best updated at this epoch[0m
[38;20m2026-09-28 09:36:08,295 - tpp_runner.py[pid:13768;line:104:_train_model] - INFO: [ Epoch 46 (train) ]: train loglike is 0.8380020873411775, num_events is 27940, mark_ll is -1.3890002153051182, time_ll is 2.2270023026462957[0m
[38;20m2026-09-28 09:36:08,342 - tpp_runner.py[pid:13768;line:116:_train_model] - INFO: [ Epoch 46 (valid) ]:  valid loglike is 0.5521698811952311, num_events is 7874, mark_ll is -1.4780693877794007, time_ll is 2.030239206962789[0m
[38;20m2026-09-28 09:36:08,444 - tpp_runner.py[pid:13768;line:136:_train_model] - INFO: [ Epoch 46 (test) ]: test loglike is 0.7642574317593265, num_events is 13081, mark_ll is -1.5509428781486507, time_ll is 2.3152002725804604[0m
[31;1m2026-09-28 09:36:08,444 - tpp_runner.py[pid:13768;line:140:_train_model] - CRITICAL: current best loglike on valid set is 0.5567 (updated at epoch-45)[0m
[38;20m2026-09-28 09:36:09,936 - tpp_runner.py[pid:13768;line:104:_train_model] - INFO: [ Epoch 47 (train) ]: train loglike is 0.8407512689370638, num_events is 27940, mark_ll is -1.3865851280086794, time_ll is 2.22733654986131[0m
[38;20m2026-09-28 09:36:09,983 - tpp_runner.py[pid:13768;line:116:_train_model] - INFO: [ Epoch 47 (valid) ]:  valid loglike is 0.5430165611307786, num_events is 7874, mark_ll is -1.4774085895828042, time_ll is 2.0204252127254256[0m
[38;20m2026-09-28 09:36:10,094 - tpp_runner.py[pid:13768;line:136:_train_model] - INFO: [ Epoch 47 (test) ]: test loglike is 0.7788307289675865, num_events is 13081, mark_ll is -1.5479694801262327, time_ll is 2.3268003210763704[0m
[31;1m2026-09-28 09:36:10,094 - tpp_runner.py[pid:13768;line:140:_train_model] - CRITICAL: current best loglike on valid set is 0.5567 (updated at epoch-45)[0m
[38;20m2026-09-28 09:36:11,623 - tpp_runner.py[pid:13768;line:104:_train_model] - INFO: [ Epoch 48 (train) ]: train loglike is 0.8591629235848581, num_events is 27940, mark_ll is -1.3870646537502236, time_ll is 2.2462274768477095[0m
[38;20m2026-09-28 09:36:11,670 - tpp_runner.py[pid:13768;line:116:_train_model] - INFO: [ Epoch 48 (valid) ]:  valid loglike is 0.5792104552959106, num_events is 7874, mark_ll is -1.4763724957137414, time_ll is 2.0555828269859666[0m
[38;20m2026-09-28 09:36:11,765 - tpp_runner.py[pid:13768;line:136:_train_model] - INFO: [ Epoch 48 (test) ]: test loglike is 0.7765852548543689, num_events is 13081, mark_ll is -1.5453934335223798, time_ll is 2.3219787257042657[0m
[31;1m2026-09-28 09:36:11,765 - tpp_runner.py[pid:13768;line:140:_train_model] - CRITICAL: current best loglike on valid set is 0.5792 (updated at epoch-48), best updated at this epoch[0m
[38;20m2026-09-28 09:36:13,262 - tpp_runner.py[pid:13768;line:104:_train_model] - INFO: [ Epoch 49 (train) ]: train loglike is 0.860808185858648, num_events is 27940, mark_ll is -1.3850557276753759, time_ll is 2.2458638174156675[0m
[38;20m2026-09-28 09:36:13,313 - tpp_runner.py[pid:13768;line:116:_train_model] - INFO: [ Epoch 49 (valid) ]:  valid loglike is 0.5567371774391986, num_events is 7874, mark_ll is -1.4794009060674371, time_ll is 2.036138269542164[0m
[38;20m2026-09-28 09:36:13,411 - tpp_runner.py[pid:13768;line:136:_train_model] - INFO: [ Epoch 49 (test) ]: test loglike is 0.7664488929554315, num_events is 13081, mark_ll is -1.552694770504453, time_ll is 2.3191438500974697[0m
[31;1m2026-09-28 09:36:13,411 - tpp_runner.py[pid:13768;line:140:_train_model] - CRITICAL: current best loglike on valid set is 0.5792 (updated at epoch-48)[0m
[38;20m2026-09-28 09:36:14,897 - tpp_runner.py[pid:13768;line:104:_train_model] - INFO: [ Epoch 50 (train) ]: train loglike is 0.8587732728754698, num_events is 27940, mark_ll is -1.384003825860102, time_ll is 2.24277705504541[0m
[38;20m2026-09-28 09:36:14,945 - tpp_runner.py[pid:13768;line:116:_train_model] - INFO: [ Epoch 50 (valid) ]:  valid loglike is 0.5766761553054356, num_events is 7874, mark_ll is -1.475688381064262, time_ll is 2.052364536369698[0m
[38;20m2026-09-28 09:36:15,055 - tpp_runner.py[pid:13768;line:136:_train_model] - INFO: [ Epoch 50 (test) ]: test loglike is 0.7810903128822337, num_events is 13081, mark_ll is -1.5462562590780522, time_ll is 2.327346497305252[0m
[31;1m2026-09-28 09:36:15,055 - tpp_runner.py[pid:13768;line:140:_train_model] - CRITICAL: current best loglike on valid set is 0.5792 (updated at epoch-48)[0m
[38;20m2026-09-28 09:36:16,615 - tpp_runner.py[pid:13768;line:104:_train_model] - INFO: [ Epoch 51 (train) ]: train loglike is 0.8677877329209914, num_events is 27940, mark_ll is -1.3820256576592698, time_ll is 2.249813355628132[0m
[38;20m2026-09-28 09:36:16,652 - tpp_runner.py[pid:13768;line:116:_train_model] - INFO: [ Epoch 51 (valid) ]:  valid loglike is 0.5805971641240157, num_events is 7874, mark_ll is -1.476078063484252, time_ll is 2.056675351631953[0m
[38;20m2026-09-28 09:36:16,747 - tpp_runner.py[pid:13768;line:136:_train_model] - INFO: [ Epoch 51 (test) ]: test loglike is 0.7777411760735992, num_events is 13081, mark_ll is -1.5448016803952298, time_ll is 2.3225428937963457[0m
[31;1m2026-09-28 09:36:16,747 - tpp_runner.py[pid:13768;line:140:_train_model] - CRITICAL: current best loglike on valid set is 0.5806 (updated at epoch-51), best updated at this epoch[0m
[38;20m2026-09-28 09:36:18,261 - tpp_runner.py[pid:13768;line:104:_train_model] - INFO: [ Epoch 52 (train) ]: train loglike is 0.8748316443299258, num_events is 27940, mark_ll is -1.3803190150769507, time_ll is 2.2551506157167145[0m
[38;20m2026-09-28 09:36:18,324 - tpp_runner.py[pid:13768;line:116:_train_model] - INFO: [ Epoch 52 (valid) ]:  valid loglike is 0.5923992580407036, num_events is 7874, mark_ll is -1.4765885449739649, time_ll is 2.0689878030146684[0m
[38;20m2026-09-28 09:36:18,415 - tpp_runner.py[pid:13768;line:136:_train_model] - INFO: [ Epoch 52 (test) ]: test loglike is 0.8033611786656218, num_events is 13081, mark_ll is -1.5491270437562112, time_ll is 2.3524882970768672[0m
[31;1m2026-09-28 09:36:18,415 - tpp_runner.py[pid:13768;line:140:_train_model] - CRITICAL: current best loglike on valid set is 0.5924 (updated at epoch-52), best updated at this epoch[0m
[38;20m2026-09-28 09:36:19,921 - tpp_runner.py[pid:13768;line:104:_train_model] - INFO: [ Epoch 53 (train) ]: train loglike is 0.8855382243479331, num_events is 27940, mark_ll is -1.3805020069512794, time_ll is 2.266040196347083[0m
[38;20m2026-09-28 09:36:19,977 - tpp_runner.py[pid:13768;line:116:_train_model] - INFO: [ Epoch 53 (valid) ]:  valid loglike is 0.5932176903416306, num_events is 7874, mark_ll is -1.4739059126555754, time_ll is 2.067123602997206[0m
[38;20m2026-09-28 09:36:20,069 - tpp_runner.py[pid:13768;line:136:_train_model] - INFO: [ Epoch 53 (test) ]: test loglike is 0.7977746678149606, num_events is 13081, mark_ll is -1.5428410152367937, time_ll is 2.3406157577067885[0m
[31;1m2026-09-28 09:36:20,069 - tpp_runner.py[pid:13768;line:140:_train_model] - CRITICAL: current best loglike on valid set is 0.5932 (updated at epoch-53), best updated at this epoch[0m
[38;20m2026-09-28 09:36:21,617 - tpp_runner.py[pid:13768;line:104:_train_model] - INFO: [ Epoch 54 (train) ]: train loglike is 0.8813931726607239, num_events is 27940, mark_ll is -1.37521212447432, time_ll is 2.256605323349141[0m
[38;20m2026-09-28 09:36:21,874 - tpp_runner.py[pid:13768;line:116:_train_model] - INFO: [ Epoch 54 (valid) ]:  valid loglike is 0.5904102901955804, num_events is 7874, mark_ll is -1.4743682729552958, time_ll is 2.064778563150876[0m
[38;20m2026-09-28 09:36:21,974 - tpp_runner.py[pid:13768;line:136:_train_model] - INFO: [ Epoch 54 (test) ]: test loglike is 0.7835708756975767, num_events is 13081, mark_ll is -1.5458144505867288, time_ll is 2.3293854009393393[0m
[31;1m2026-09-28 09:36:21,974 - tpp_runner.py[pid:13768;line:140:_train_model] - CRITICAL: current best loglike on valid set is 0.5932 (updated at epoch-53)[0m
[38;20m2026-09-28 09:36:23,574 - tpp_runner.py[pid:13768;line:104:_train_model] - INFO: [ Epoch 55 (train) ]: train loglike is 0.8966381381559816, num_events is 27940, mark_ll is -1.3776759000872405, time_ll is 2.274314081933384[0m
[38;20m2026-09-28 09:36:23,623 - tpp_runner.py[pid:13768;line:116:_train_model] - INFO: [ Epoch 55 (valid) ]:  valid loglike is 0.5875445989173228, num_events is 7874, mark_ll is -1.4764991238966854, time_ll is 2.064043722814008[0m
[38;20m2026-09-28 09:36:23,709 - tpp_runner.py[pid:13768;line:136:_train_model] - INFO: [ Epoch 55 (test) ]: test loglike is 0.7833485156787516, num_events is 13081, mark_ll is -1.5459996697261296, time_ll is 2.3293482227323983[0m
[31;1m2026-09-28 09:36:23,709 - tpp_runner.py[pid:13768;line:140:_train_model] - CRITICAL: current best loglike on valid set is 0.5932 (updated at epoch-53)[0m
[38;20m2026-09-28 09:36:25,197 - tpp_runner.py[pid:13768;line:104:_train_model] - INFO: [ Epoch 56 (train) ]: train loglike is 0.8931590643454724, num_events is 27940, mark_ll is -1.3773012132583213, time_ll is 2.2704603125559233[0m
[38;20m2026-09-28 09:36:25,245 - tpp_runner.py[pid:13768;line:116:_train_model] - INFO: [ Epoch 56 (valid) ]:  valid loglike is 0.6012409065833757, num_events is 7874, mark_ll is -1.4733321790862333, time_ll is 2.0745730856696087[0m
[38;20m2026-09-28 09:36:25,355 - tpp_runner.py[pid:13768;line:136:_train_model] - INFO: [ Epoch 56 (test) ]: test loglike is 0.7974017285925197, num_events is 13081, mark_ll is -1.5437170547334875, time_ll is 2.3411187086709733[0m
[31;1m2026-09-28 09:36:25,355 - tpp_runner.py[pid:13768;line:140:_train_model] - CRITICAL: current best loglike on valid set is 0.6012 (updated at epoch-56), best updated at this epoch[0m
[38;20m2026-09-28 09:36:26,889 - tpp_runner.py[pid:13768;line:104:_train_model] - INFO: [ Epoch 57 (train) ]: train loglike is 0.8999576467570016, num_events is 27940, mark_ll is -1.3740300085003578, time_ll is 2.273987646519327[0m
[38;20m2026-09-28 09:36:26,945 - tpp_runner.py[pid:13768;line:116:_train_model] - INFO: [ Epoch 57 (valid) ]:  valid loglike is 0.6000668983759843, num_events is 7874, mark_ll is -1.4755484823469647, time_ll is 2.0756155047466347[0m
[38;20m2026-09-28 09:36:27,043 - tpp_runner.py[pid:13768;line:136:_train_model] - INFO: [ Epoch 57 (test) ]: test loglike is 0.7940997364378679, num_events is 13081, mark_ll is -1.5454075806513263, time_ll is 2.339507205106643[0m
[31;1m2026-09-28 09:36:27,043 - tpp_runner.py[pid:13768;line:140:_train_model] - CRITICAL: current best loglike on valid set is 0.6012 (updated at epoch-56)[0m
[38;20m2026-09-28 09:36:28,591 - tpp_runner.py[pid:13768;line:104:_train_model] - INFO: [ Epoch 58 (train) ]: train loglike is 0.9181095721300108, num_events is 27940, mark_ll is -1.3743631022950966, time_ll is 2.292472691901172[0m
[38;20m2026-09-28 09:36:28,655 - tpp_runner.py[pid:13768;line:116:_train_model] - INFO: [ Epoch 58 (valid) ]:  valid loglike is 0.6104159928046419, num_events is 7874, mark_ll is -1.473174917052959, time_ll is 2.0835909718694436[0m
[38;20m2026-09-28 09:36:28,750 - tpp_runner.py[pid:13768;line:136:_train_model] - INFO: [ Epoch 58 (test) ]: test loglike is 0.811015372665985, num_events is 13081, mark_ll is -1.5420921505905512, time_ll is 2.353107411273985[0m
[31;1m2026-09-28 09:36:28,750 - tpp_runner.py[pid:13768;line:140:_train_model] - CRITICAL: current best loglike on valid set is 0.6104 (updated at epoch-58), best updated at this epoch[0m
[38;20m2026-09-28 09:36:30,283 - tpp_runner.py[pid:13768;line:104:_train_model] - INFO: [ Epoch 59 (train) ]: train loglike is 0.9016800789638512, num_events is 27940, mark_ll is -1.372893120582051, time_ll is 2.274573129641643[0m
[38;20m2026-09-28 09:36:30,325 - tpp_runner.py[pid:13768;line:116:_train_model] - INFO: [ Epoch 59 (valid) ]:  valid loglike is 0.5991561924530099, num_events is 7874, mark_ll is -1.4729255054213233, time_ll is 2.0720815738506477[0m
[38;20m2026-09-28 09:36:30,420 - tpp_runner.py[pid:13768;line:136:_train_model] - INFO: [ Epoch 59 (test) ]: test loglike is 0.8204154119643949, num_events is 13081, mark_ll is -1.5412483247410367, time_ll is 2.3616637740329485[0m
[31;1m2026-09-28 09:36:30,420 - tpp_runner.py[pid:13768;line:140:_train_model] - CRITICAL: current best loglike on valid set is 0.6104 (updated at epoch-58)[0m
[38;20m2026-09-28 09:36:31,959 - tpp_runner.py[pid:13768;line:104:_train_model] - INFO: [ Epoch 60 (train) ]: train loglike is 0.9075313625458572, num_events is 27940, mark_ll is -1.3704096669201862, time_ll is 2.277941064418173[0m
[38;20m2026-09-28 09:36:32,002 - tpp_runner.py[pid:13768;line:116:_train_model] - INFO: [ Epoch 60 (valid) ]:  valid loglike is 0.5996025536972949, num_events is 7874, mark_ll is -1.4737759358331217, time_ll is 2.0733784895304166[0m
[38;20m2026-09-28 09:36:32,096 - tpp_runner.py[pid:13768;line:136:_train_model] - INFO: [ Epoch 60 (test) ]: test loglike is 0.8141708543163749, num_events is 13081, mark_ll is -1.5442662544912469, time_ll is 2.3584371834626556[0m
[31;1m2026-09-28 09:36:32,096 - tpp_runner.py[pid:13768;line:140:_train_model] - CRITICAL: current best loglike on valid set is 0.6104 (updated at epoch-58)[0m
[38;20m2026-09-28 09:36:33,616 - tpp_runner.py[pid:13768;line:104:_train_model] - INFO: [ Epoch 61 (train) ]: train loglike is 0.918463178455787, num_events is 27940, mark_ll is -1.372232874854599, time_ll is 2.290696005251208[0m
[38;20m2026-09-28 09:36:33,663 - tpp_runner.py[pid:13768;line:116:_train_model] - INFO: [ Epoch 61 (valid) ]:  valid loglike is 0.605062696453518, num_events is 7874, mark_ll is -1.4734855963852553, time_ll is 2.078548416862459[0m
[38;20m2026-09-28 09:36:33,753 - tpp_runner.py[pid:13768;line:136:_train_model] - INFO: [ Epoch 61 (test) ]: test loglike is 0.8249499587306972, num_events is 13081, mark_ll is -1.5419118586833958, time_ll is 2.3668617054315417[0m
[31;1m2026-09-28 09:36:33,753 - tpp_runner.py[pid:13768;line:140:_train_model] - CRITICAL: current best loglike on valid set is 0.6104 (updated at epoch-58)[0m
[38;20m2026-09-28 09:36:35,241 - tpp_runner.py[pid:13768;line:104:_train_model] - INFO: [ Epoch 62 (train) ]: train loglike is 0.9232800537633657, num_events is 27940, mark_ll is -1.370079718817108, time_ll is 2.29335977694949[0m
[38;20m2026-09-28 09:36:35,289 - tpp_runner.py[pid:13768;line:116:_train_model] - INFO: [ Epoch 62 (valid) ]:  valid loglike is 0.6012908881286513, num_events is 7874, mark_ll is -1.4729623404559309, time_ll is 2.0742533526082676[0m
[38;20m2026-09-28 09:36:35,384 - tpp_runner.py[pid:13768;line:136:_train_model] - INFO: [ Epoch 62 (test) ]: test loglike is 0.808407187069987, num_events is 13081, mark_ll is -1.5451737610847796, time_ll is 2.3535809481547663[0m
[31;1m2026-09-28 09:36:35,384 - tpp_runner.py[pid:13768;line:140:_train_model] - CRITICAL: current best loglike on valid set is 0.6104 (updated at epoch-58)[0m
[38;20m2026-09-28 09:36:36,963 - tpp_runner.py[pid:13768;line:104:_train_model] - INFO: [ Epoch 63 (train) ]: train loglike is 0.9154875420124597, num_events is 27940, mark_ll is -1.3694862141810575, time_ll is 2.284973660075161[0m
[38;20m2026-09-28 09:36:37,011 - tpp_runner.py[pid:13768;line:116:_train_model] - INFO: [ Epoch 63 (valid) ]:  valid loglike is 0.6288773524812674, num_events is 7874, mark_ll is -1.471246224719012, time_ll is 2.1001238252476506[0m
[38;20m2026-09-28 09:36:37,106 - tpp_runner.py[pid:13768;line:136:_train_model] - INFO: [ Epoch 63 (test) ]: test loglike is 0.8256877744319051, num_events is 13081, mark_ll is -1.5391785885778992, time_ll is 2.364866400337321[0m
[31;1m2026-09-28 09:36:37,106 - tpp_runner.py[pid:13768;line:140:_train_model] - CRITICAL: current best loglike on valid set is 0.6289 (updated at epoch-63), best updated at this epoch[0m
[38;20m2026-09-28 09:36:38,624 - tpp_runner.py[pid:13768;line:104:_train_model] - INFO: [ Epoch 64 (train) ]: train loglike is 0.9308227451682176, num_events is 27940, mark_ll is -1.367300045857194, time_ll is 2.2981226512168935[0m
[38;20m2026-09-28 09:36:38,669 - tpp_runner.py[pid:13768;line:116:_train_model] - INFO: [ Epoch 64 (valid) ]:  valid loglike is 0.6186597851711328, num_events is 7874, mark_ll is -1.473727318548387, time_ll is 2.0923869796958345[0m
[38;20m2026-09-28 09:36:38,768 - tpp_runner.py[pid:13768;line:136:_train_model] - INFO: [ Epoch 64 (test) ]: test loglike is 0.8375392237548734, num_events is 13081, mark_ll is -1.544739156804239, time_ll is 2.3822784178866296[0m
[31;1m2026-09-28 09:36:38,768 - tpp_runner.py[pid:13768;line:140:_train_model] - CRITICAL: current best loglike on valid set is 0.6289 (updated at epoch-63)[0m
[38;20m2026-09-28 09:36:40,265 - tpp_runner.py[pid:13768;line:104:_train_model] - INFO: [ Epoch 65 (train) ]: train loglike is 0.9252838200300868, num_events is 27940, mark_ll is -1.3681584002550107, time_ll is 2.293442071738547[0m
[38;20m2026-09-28 09:36:40,314 - tpp_runner.py[pid:13768;line:116:_train_model] - INFO: [ Epoch 65 (valid) ]:  valid loglike is 0.6239751302744793, num_events is 7874, mark_ll is -1.4729700299244348, time_ll is 2.0969448501397[0m
[38;20m2026-09-28 09:36:40,401 - tpp_runner.py[pid:13768;line:136:_train_model] - INFO: [ Epoch 65 (test) ]: test loglike is 0.8243158015442245, num_events is 13081, mark_ll is -1.5399044594736642, time_ll is 2.3642202610178886[0m
[31;1m2026-09-28 09:36:40,401 - tpp_runner.py[pid:13768;line:140:_train_model] - CRITICAL: current best loglike on valid set is 0.6289 (updated at epoch-63)[0m
[38;20m2026-09-28 09:36:42,006 - tpp_runner.py[pid:13768;line:104:_train_model] - INFO: [ Epoch 66 (train) ]: train loglike is 0.9288920594353973, num_events is 27940, mark_ll is -1.367346951615068, time_ll is 2.296238941146206[0m
[38;20m2026-09-28 09:36:42,053 - tpp_runner.py[pid:13768;line:116:_train_model] - INFO: [ Epoch 66 (valid) ]:  valid loglike is 0.6176614565143193, num_events is 7874, mark_ll is -1.4733039016859284, time_ll is 2.0909654202120906[0m
[38;20m2026-09-28 09:36:42,159 - tpp_runner.py[pid:13768;line:136:_train_model] - INFO: [ Epoch 66 (test) ]: test loglike is 0.8373275767334302, num_events is 13081, mark_ll is -1.543011751299595, time_ll is 2.380339328033025[0m
[31;1m2026-09-28 09:36:42,159 - tpp_runner.py[pid:13768;line:140:_train_model] - CRITICAL: current best loglike on valid set is 0.6289 (updated at epoch-63)[0m
[38;20m2026-09-28 09:36:43,717 - tpp_runner.py[pid:13768;line:104:_train_model] - INFO: [ Epoch 67 (train) ]: train loglike is 0.9420218968101288, num_events is 27940, mark_ll is -1.3659255184099857, time_ll is 2.3079473977440497[0m
[38;20m2026-09-28 09:36:43,769 - tpp_runner.py[pid:13768;line:116:_train_model] - INFO: [ Epoch 67 (valid) ]:  valid loglike is 0.599642799383255, num_events is 7874, mark_ll is -1.4725453728251205, time_ll is 2.072188110196533[0m
[38;20m2026-09-28 09:36:43,856 - tpp_runner.py[pid:13768;line:136:_train_model] - INFO: [ Epoch 67 (test) ]: test loglike is 0.8312549123012385, num_events is 13081, mark_ll is -1.540913048983258, time_ll is 2.3721680359395307[0m
[31;1m2026-09-28 09:36:43,856 - tpp_runner.py[pid:13768;line:140:_train_model] - CRITICAL: current best loglike on valid set is 0.6289 (updated at epoch-63)[0m
[38;20m2026-09-28 09:36:45,410 - tpp_runner.py[pid:13768;line:104:_train_model] - INFO: [ Epoch 68 (train) ]: train loglike is 0.9428890678826279, num_events is 27940, mark_ll is -1.365044340271564, time_ll is 2.307933434368289[0m
[38;20m2026-09-28 09:36:45,462 - tpp_runner.py[pid:13768;line:116:_train_model] - INFO: [ Epoch 68 (valid) ]:  valid loglike is 0.6219284294037338, num_events is 7874, mark_ll is -1.4727502599536448, time_ll is 2.0946786893573788[0m
[38;20m2026-09-28 09:36:45,561 - tpp_runner.py[pid:13768;line:136:_train_model] - INFO: [ Epoch 68 (test) ]: test loglike is 0.8457817740783388, num_events is 13081, mark_ll is -1.5410310039370079, time_ll is 2.386812815342864[0m
[31;1m2026-09-28 09:36:45,561 - tpp_runner.py[pid:13768;line:140:_train_model] - CRITICAL: current best loglike on valid set is 0.6289 (updated at epoch-63)[0m
[38;20m2026-09-28 09:36:47,142 - tpp_runner.py[pid:13768;line:104:_train_model] - INFO: [ Epoch 69 (train) ]: train loglike is 0.9457172893505056, num_events is 27940, mark_ll is -1.3645689913095025, time_ll is 2.3102862719219757[0m
[38;20m2026-09-28 09:36:47,204 - tpp_runner.py[pid:13768;line:116:_train_model] - INFO: [ Epoch 69 (valid) ]:  valid loglike is 0.6307728064674879, num_events is 7874, mark_ll is -1.47253619507239, time_ll is 2.103308753492507[0m
[38;20m2026-09-28 09:36:47,303 - tpp_runner.py[pid:13768;line:136:_train_model] - INFO: [ Epoch 69 (test) ]: test loglike is 0.8437362634737405, num_events is 13081, mark_ll is -1.5400270430395229, time_ll is 2.3837633065132633[0m
[31;1m2026-09-28 09:36:47,303 - tpp_runner.py[pid:13768;line:140:_train_model] - CRITICAL: current best loglike on valid set is 0.6308 (updated at epoch-69), best updated at this epoch[0m
[38;20m2026-09-28 09:36:48,840 - tpp_runner.py[pid:13768;line:104:_train_model] - INFO: [ Epoch 70 (train) ]: train loglike is 0.9415727619452398, num_events is 27940, mark_ll is -1.3641082698136633, time_ll is 2.305681031758903[0m
[38;20m2026-09-28 09:36:48,899 - tpp_runner.py[pid:13768;line:116:_train_model] - INFO: [ Epoch 70 (valid) ]:  valid loglike is 0.6339191013342964, num_events is 7874, mark_ll is -1.4714239506604012, time_ll is 2.105343238030226[0m
[38;20m2026-09-28 09:36:48,989 - tpp_runner.py[pid:13768;line:136:_train_model] - INFO: [ Epoch 70 (test) ]: test loglike is 0.8483432629505581, num_events is 13081, mark_ll is -1.5407095393605228, time_ll is 2.38905269032853[0m
[31;1m2026-09-28 09:36:48,989 - tpp_runner.py[pid:13768;line:140:_train_model] - CRITICAL: current best loglike on valid set is 0.6339 (updated at epoch-70), best updated at this epoch[0m
[38;20m2026-09-28 09:36:50,509 - tpp_runner.py[pid:13768;line:104:_train_model] - INFO: [ Epoch 71 (train) ]: train loglike is 0.949830910335205, num_events is 27940, mark_ll is -1.362657773912849, time_ll is 2.3124887803664103[0m
[38;20m2026-09-28 09:36:50,571 - tpp_runner.py[pid:13768;line:116:_train_model] - INFO: [ Epoch 71 (valid) ]:  valid loglike is 0.6287186641756096, num_events is 7874, mark_ll is -1.4711179842281559, time_ll is 2.099836586391923[0m
[38;20m2026-09-28 09:36:50,693 - tpp_runner.py[pid:13768;line:136:_train_model] - INFO: [ Epoch 71 (test) ]: test loglike is 0.8441258134412507, num_events is 13081, mark_ll is -1.5391205069614327, time_ll is 2.3832463204026832[0m
[31;1m2026-09-28 09:36:50,693 - tpp_runner.py[pid:13768;line:140:_train_model] - CRITICAL: current best loglike on valid set is 0.6339 (updated at epoch-70)[0m
[38;20m2026-09-28 09:36:52,316 - tpp_runner.py[pid:13768;line:104:_train_model] - INFO: [ Epoch 72 (train) ]: train loglike is 0.9549753438940027, num_events is 27940, mark_ll is -1.3622200509182623, time_ll is 2.317195434133411[0m
[38;20m2026-09-28 09:36:52,364 - tpp_runner.py[pid:13768;line:116:_train_model] - INFO: [ Epoch 72 (valid) ]:  valid loglike is 0.6351497263541402, num_events is 7874, mark_ll is -1.4716228846520194, time_ll is 2.1067724869824738[0m
[38;20m2026-09-28 09:36:52,452 - tpp_runner.py[pid:13768;line:136:_train_model] - INFO: [ Epoch 72 (test) ]: test loglike is 0.8354446647929249, num_events is 13081, mark_ll is -1.539892551995738, time_ll is 2.375337216788663[0m
[31;1m2026-09-28 09:36:52,452 - tpp_runner.py[pid:13768;line:140:_train_model] - CRITICAL: current best loglike on valid set is 0.6351 (updated at epoch-72), best updated at this epoch[0m
[38;20m2026-09-28 09:36:54,042 - tpp_runner.py[pid:13768;line:104:_train_model] - INFO: [ Epoch 73 (train) ]: train loglike is 0.9522270928985661, num_events is 27940, mark_ll is -1.3624025185106479, time_ll is 2.314629563350036[0m
[38;20m2026-09-28 09:36:54,092 - tpp_runner.py[pid:13768;line:116:_train_model] - INFO: [ Epoch 73 (valid) ]:  valid loglike is 0.6293506888771591, num_events is 7874, mark_ll is -1.47099085995047, time_ll is 2.1003416108394717[0m
[38;20m2026-09-28 09:36:54,188 - tpp_runner.py[pid:13768;line:136:_train_model] - INFO: [ Epoch 73 (test) ]: test loglike is 0.844615177189244, num_events is 13081, mark_ll is -1.5402293208541968, time_ll is 2.384844460715924[0m
[31;1m2026-09-28 09:36:54,188 - tpp_runner.py[pid:13768;line:140:_train_model] - CRITICAL: current best loglike on valid set is 0.6351 (updated at epoch-72)[0m
[38;20m2026-09-28 09:36:55,699 - tpp_runner.py[pid:13768;line:104:_train_model] - INFO: [ Epoch 74 (train) ]: train loglike is 0.9603590946839209, num_events is 27940, mark_ll is -1.3612037653230136, time_ll is 2.3215629299111935[0m
[38;20m2026-09-28 09:36:55,755 - tpp_runner.py[pid:13768;line:116:_train_model] - INFO: [ Epoch 74 (valid) ]:  valid loglike is 0.6468266803721108, num_events is 7874, mark_ll is -1.4710312916719583, time_ll is 2.11785822009144[0m
[38;20m2026-09-28 09:36:55,866 - tpp_runner.py[pid:13768;line:136:_train_model] - INFO: [ Epoch 74 (test) ]: test loglike is 0.8434013609911322, num_events is 13081, mark_ll is -1.5400331647523124, time_ll is 2.3834345257434446[0m
[31;1m2026-09-28 09:36:55,866 - tpp_runner.py[pid:13768;line:140:_train_model] - CRITICAL: current best loglike on valid set is 0.6468 (updated at epoch-74), best updated at this epoch[0m
[38;20m2026-09-28 09:36:57,461 - tpp_runner.py[pid:13768;line:104:_train_model] - INFO: [ Epoch 75 (train) ]: train loglike is 0.9649855114684928, num_events is 27940, mark_ll is -1.3608615839745883, time_ll is 2.3258470823360327[0m
[38;20m2026-09-28 09:36:57,508 - tpp_runner.py[pid:13768;line:116:_train_model] - INFO: [ Epoch 75 (valid) ]:  valid loglike is 0.6354322523098171, num_events is 7874, mark_ll is -1.471583197072644, time_ll is 2.1070155734061466[0m
[38;20m2026-09-28 09:36:57,604 - tpp_runner.py[pid:13768;line:136:_train_model] - INFO: [ Epoch 75 (test) ]: test loglike is 0.8448741181747381, num_events is 13081, mark_ll is -1.54047579444901, time_ll is 2.385349800641197[0m
[31;1m2026-09-28 09:36:57,604 - tpp_runner.py[pid:13768;line:140:_train_model] - CRITICAL: current best loglike on valid set is 0.6468 (updated at epoch-74)[0m
[38;20m2026-09-28 09:36:59,097 - tpp_runner.py[pid:13768;line:104:_train_model] - INFO: [ Epoch 76 (train) ]: train loglike is 0.9438797772570687, num_events is 27940, mark_ll is -1.3604631296975662, time_ll is 2.3043429419067647[0m
[38;20m2026-09-28 09:36:59,145 - tpp_runner.py[pid:13768;line:116:_train_model] - INFO: [ Epoch 76 (valid) ]:  valid loglike is 0.6502633766986284, num_events is 7874, mark_ll is -1.4708937494046863, time_ll is 2.121157250127[0m
[38;20m2026-09-28 09:36:59,239 - tpp_runner.py[pid:13768;line:136:_train_model] - INFO: [ Epoch 76 (test) ]: test loglike is 0.8470341122740043, num_events is 13081, mark_ll is -1.539181724089328, time_ll is 2.3862158736908494[0m
[31;1m2026-09-28 09:36:59,239 - tpp_runner.py[pid:13768;line:140:_train_model] - CRITICAL: current best loglike on valid set is 0.6503 (updated at epoch-76), best updated at this epoch[0m
[38;20m2026-09-28 09:37:00,776 - tpp_runner.py[pid:13768;line:104:_train_model] - INFO: [ Epoch 77 (train) ]: train loglike is 0.9504417687035835, num_events is 27940, mark_ll is -1.3591901032346099, time_ll is 2.309631863200161[0m
[38;20m2026-09-28 09:37:00,826 - tpp_runner.py[pid:13768;line:116:_train_model] - INFO: [ Epoch 77 (valid) ]:  valid loglike is 0.638103846520193, num_events is 7874, mark_ll is -1.4700815182880367, time_ll is 2.1081853648082296[0m
[38;20m2026-09-28 09:37:00,919 - tpp_runner.py[pid:13768;line:136:_train_model] - INFO: [ Epoch 77 (test) ]: test loglike is 0.8385251181341258, num_events is 13081, mark_ll is -1.5386193477180643, time_ll is 2.3771445405072242[0m
[31;1m2026-09-28 09:37:00,919 - tpp_runner.py[pid:13768;line:140:_train_model] - CRITICAL: current best loglike on valid set is 0.6503 (updated at epoch-76)[0m
[38;20m2026-09-28 09:37:02,476 - tpp_runner.py[pid:13768;line:104:_train_model] - INFO: [ Epoch 78 (train) ]: train loglike is 0.9547706511162312, num_events is 27940, mark_ll is -1.35857854582364, time_ll is 2.313349144511677[0m
[38;20m2026-09-28 09:37:02,560 - tpp_runner.py[pid:13768;line:116:_train_model] - INFO: [ Epoch 78 (valid) ]:  valid loglike is 0.6323123124761875, num_events is 7874, mark_ll is -1.4698422765986157, time_ll is 2.1021545890748032[0m
[38;20m2026-09-28 09:37:02,657 - tpp_runner.py[pid:13768;line:136:_train_model] - INFO: [ Epoch 78 (test) ]: test loglike is 0.8444825151937925, num_events is 13081, mark_ll is -1.5381431979110924, time_ll is 2.382625713104885[0m
[31;1m2026-09-28 09:37:02,657 - tpp_runner.py[pid:13768;line:140:_train_model] - CRITICAL: current best loglike on valid set is 0.6503 (updated at epoch-76)[0m
[38;20m2026-09-28 09:37:04,201 - tpp_runner.py[pid:13768;line:104:_train_model] - INFO: [ Epoch 79 (train) ]: train loglike is 0.965735981749396, num_events is 27940, mark_ll is -1.358588874177926, time_ll is 2.324324952045678[0m
[38;20m2026-09-28 09:37:04,259 - tpp_runner.py[pid:13768;line:116:_train_model] - INFO: [ Epoch 79 (valid) ]:  valid loglike is 0.6449189480410211, num_events is 7874, mark_ll is -1.4707338828740157, time_ll is 2.1156528309150366[0m
[38;20m2026-09-28 09:37:04,347 - tpp_runner.py[pid:13768;line:136:_train_model] - INFO: [ Epoch 79 (test) ]: test loglike is 0.841300754971428, num_events is 13081, mark_ll is -1.5396156564745624, time_ll is 2.3809164861010244[0m
[31;1m2026-09-28 09:37:04,347 - tpp_runner.py[pid:13768;line:140:_train_model] - CRITICAL: current best loglike on valid set is 0.6503 (updated at epoch-76)[0m
[38;20m2026-09-28 09:37:05,871 - tpp_runner.py[pid:13768;line:104:_train_model] - INFO: [ Epoch 80 (train) ]: train loglike is 0.9618203514716245, num_events is 27940, mark_ll is -1.3593110550789638, time_ll is 2.32113139344354[0m
[38;20m2026-09-28 09:37:05,922 - tpp_runner.py[pid:13768;line:116:_train_model] - INFO: [ Epoch 80 (valid) ]:  valid loglike is 0.6366354060833121, num_events is 7874, mark_ll is -1.4707653848901447, time_ll is 2.107400790973457[0m
[38;20m2026-09-28 09:37:06,023 - tpp_runner.py[pid:13768;line:136:_train_model] - INFO: [ Epoch 80 (test) ]: test loglike is 0.8333145700347833, num_events is 13081, mark_ll is -1.5392230083231404, time_ll is 2.372537653012958[0m
[31;1m2026-09-28 09:37:06,023 - tpp_runner.py[pid:13768;line:140:_train_model] - CRITICAL: current best loglike on valid set is 0.6503 (updated at epoch-76)[0m
[38;20m2026-09-28 09:37:07,516 - tpp_runner.py[pid:13768;line:104:_train_model] - INFO: [ Epoch 81 (train) ]: train loglike is 0.9752291155783039, num_events is 27940, mark_ll is -1.3590706368557623, time_ll is 2.33429974806505[0m
[38;20m2026-09-28 09:37:07,580 - tpp_runner.py[pid:13768;line:116:_train_model] - INFO: [ Epoch 81 (valid) ]:  valid loglike is 0.6335258222274257, num_events is 7874, mark_ll is -1.4708292570882018, time_ll is 2.1043550173037846[0m
[38;20m2026-09-28 09:37:07,675 - tpp_runner.py[pid:13768;line:136:_train_model] - INFO: [ Epoch 81 (test) ]: test loglike is 0.8332910536990673, num_events is 13081, mark_ll is -1.5391429034716382, time_ll is 2.372433957170706[0m
[31;1m2026-09-28 09:37:07,675 - tpp_runner.py[pid:13768;line:140:_train_model] - CRITICAL: current best loglike on valid set is 0.6503 (updated at epoch-76)[0m
[38;20m2026-09-28 09:37:09,191 - tpp_runner.py[pid:13768;line:104:_train_model] - INFO: [ Epoch 82 (train) ]: train loglike is 0.9616319026960675, num_events is 27940, mark_ll is -1.3586249447756353, time_ll is 2.3202569261139945[0m
[38;20m2026-09-28 09:37:09,255 - tpp_runner.py[pid:13768;line:116:_train_model] - INFO: [ Epoch 82 (valid) ]:  valid loglike is 0.656463444762827, num_events is 7874, mark_ll is -1.4701006179356109, time_ll is 2.1265641867221237[0m
[38;20m2026-09-28 09:37:09,349 - tpp_runner.py[pid:13768;line:136:_train_model] - INFO: [ Epoch 82 (test) ]: test loglike is 0.8489418096858038, num_events is 13081, mark_ll is -1.5384057596657366, time_ll is 2.3873475693515402[0m
[31;1m2026-09-28 09:37:09,349 - tpp_runner.py[pid:13768;line:140:_train_model] - CRITICAL: current best loglike on valid set is 0.6565 (updated at epoch-82), best updated at this epoch[0m
[38;20m2026-09-28 09:37:10,864 - tpp_runner.py[pid:13768;line:104:_train_model] - INFO: [ Epoch 83 (train) ]: train loglike is 0.9566470125016777, num_events is 27940, mark_ll is -1.3574430559905153, time_ll is 2.314090042278096[0m
[38;20m2026-09-28 09:37:10,911 - tpp_runner.py[pid:13768;line:116:_train_model] - INFO: [ Epoch 83 (valid) ]:  valid loglike is 0.6460976691484633, num_events is 7874, mark_ll is -1.4693339035115571, time_ll is 2.1154315726600204[0m
[38;20m2026-09-28 09:37:11,007 - tpp_runner.py[pid:13768;line:136:_train_model] - INFO: [ Epoch 83 (test) ]: test loglike is 0.8489077296627743, num_events is 13081, mark_ll is -1.5376636886275896, time_ll is 2.386571380962847[0m
[31;1m2026-09-28 09:37:11,007 - tpp_runner.py[pid:13768;line:140:_train_model] - CRITICAL: current best loglike on valid set is 0.6565 (updated at epoch-82)[0m
[38;20m2026-09-28 09:37:12,514 - tpp_runner.py[pid:13768;line:104:_train_model] - INFO: [ Epoch 84 (train) ]: train loglike is 0.9641426015429269, num_events is 27940, mark_ll is -1.3568591107619006, time_ll is 2.3210017210428595[0m
[38;20m2026-09-28 09:37:12,561 - tpp_runner.py[pid:13768;line:116:_train_model] - INFO: [ Epoch 84 (valid) ]:  valid loglike is 0.6391778916370333, num_events is 7874, mark_ll is -1.4695438756111887, time_ll is 2.1087216432245364[0m
[38;20m2026-09-28 09:37:12,653 - tpp_runner.py[pid:13768;line:136:_train_model] - INFO: [ Epoch 84 (test) ]: test loglike is 0.8481784619629615, num_events is 13081, mark_ll is -1.5381581289178963, time_ll is 2.3863366655358917[0m
[31;1m2026-09-28 09:37:12,653 - tpp_runner.py[pid:13768;line:140:_train_model] - CRITICAL: current best loglike on valid set is 0.6565 (updated at epoch-82)[0m
[38;20m2026-09-28 09:37:14,248 - tpp_runner.py[pid:13768;line:104:_train_model] - INFO: [ Epoch 85 (train) ]: train loglike is 0.9645735962525724, num_events is 27940, mark_ll is -1.356955299022459, time_ll is 2.3215288865369987[0m
[38;20m2026-09-28 09:37:14,293 - tpp_runner.py[pid:13768;line:116:_train_model] - INFO: [ Epoch 85 (valid) ]:  valid loglike is 0.6677150595512128, num_events is 7874, mark_ll is -1.4698267736379222, time_ll is 2.1375417711772924[0m
[38;20m2026-09-28 09:37:14,388 - tpp_runner.py[pid:13768;line:136:_train_model] - INFO: [ Epoch 85 (test) ]: test loglike is 0.8456818109877876, num_events is 13081, mark_ll is -1.5384805640098234, time_ll is 2.384162412325128[0m
[31;1m2026-09-28 09:37:14,388 - tpp_runner.py[pid:13768;line:140:_train_model] - CRITICAL: current best loglike on valid set is 0.6677 (updated at epoch-85), best updated at this epoch[0m
[38;20m2026-09-28 09:37:16,080 - tpp_runner.py[pid:13768;line:104:_train_model] - INFO: [ Epoch 86 (train) ]: train loglike is 0.9651936164479129, num_events is 27940, mark_ll is -1.357047904689737, time_ll is 2.3222415429827308[0m
[38;20m2026-09-28 09:37:16,128 - tpp_runner.py[pid:13768;line:116:_train_model] - INFO: [ Epoch 86 (valid) ]:  valid loglike is 0.6546157398955423, num_events is 7874, mark_ll is -1.4703278293275337, time_ll is 2.1249436932467614[0m
[38;20m2026-09-28 09:37:16,220 - tpp_runner.py[pid:13768;line:136:_train_model] - INFO: [ Epoch 86 (test) ]: test loglike is 0.8534098014892784, num_events is 13081, mark_ll is -1.5389131152769284, time_ll is 2.392323028748758[0m
[31;1m2026-09-28 09:37:16,220 - tpp_runner.py[pid:13768;line:140:_train_model] - CRITICAL: current best loglike on valid set is 0.6677 (updated at epoch-85)[0m
[38;20m2026-09-28 09:37:17,800 - tpp_runner.py[pid:13768;line:104:_train_model] - INFO: [ Epoch 87 (train) ]: train loglike is 0.9739232734347039, num_events is 27940, mark_ll is -1.3573083330071134, time_ll is 2.3312316151798496[0m
[38;20m2026-09-28 09:37:17,847 - tpp_runner.py[pid:13768;line:116:_train_model] - INFO: [ Epoch 87 (valid) ]:  valid loglike is 0.6460822902114555, num_events is 7874, mark_ll is -1.4707725782639065, time_ll is 2.116854868475362[0m
[38;20m2026-09-28 09:37:17,945 - tpp_runner.py[pid:13768;line:136:_train_model] - INFO: [ Epoch 87 (test) ]: test loglike is 0.8570798429616429, num_events is 13081, mark_ll is -1.5393866521577098, time_ll is 2.3964663831368016[0m
[31;1m2026-09-28 09:37:17,945 - tpp_runner.py[pid:13768;line:140:_train_model] - CRITICAL: current best loglike on valid set is 0.6677 (updated at epoch-85)[0m
[38;20m2026-09-28 09:37:19,537 - tpp_runner.py[pid:13768;line:104:_train_model] - INFO: [ Epoch 88 (train) ]: train loglike is 0.9705842222242417, num_events is 27940, mark_ll is -1.3577015095125715, time_ll is 2.328285744843862[0m
[38;20m2026-09-28 09:37:19,574 - tpp_runner.py[pid:13768;line:116:_train_model] - INFO: [ Epoch 88 (valid) ]:  valid loglike is 0.6322269841805309, num_events is 7874, mark_ll is -1.4707018847631446, time_ll is 2.10292874491999[0m
[38;20m2026-09-28 09:37:19,670 - tpp_runner.py[pid:13768;line:136:_train_model] - INFO: [ Epoch 88 (test) ]: test loglike is 0.8608307731633668, num_events is 13081, mark_ll is -1.539260522477735, time_ll is 2.400091407623653[0m
[31;1m2026-09-28 09:37:19,670 - tpp_runner.py[pid:13768;line:140:_train_model] - CRITICAL: current best loglike on valid set is 0.6677 (updated at epoch-85)[0m
[38;20m2026-09-28 09:37:21,292 - tpp_runner.py[pid:13768;line:104:_train_model] - INFO: [ Epoch 89 (train) ]: train loglike is 0.969831777148018, num_events is 27940, mark_ll is -1.3576471414750357, time_ll is 2.3274789098850213[0m
[38;20m2026-09-28 09:37:21,341 - tpp_runner.py[pid:13768;line:116:_train_model] - INFO: [ Epoch 89 (valid) ]:  valid loglike is 0.6329692659385319, num_events is 7874, mark_ll is -1.4705598776431927, time_ll is 2.103529019558039[0m
[38;20m2026-09-28 09:37:21,417 - tpp_runner.py[pid:13768;line:136:_train_model] - INFO: [ Epoch 89 (test) ]: test loglike is 0.8443303309069452, num_events is 13081, mark_ll is -1.538935101184447, time_ll is 2.383265506746426[0m
[31;1m2026-09-28 09:37:21,417 - tpp_runner.py[pid:13768;line:140:_train_model] - CRITICAL: current best loglike on valid set is 0.6677 (updated at epoch-85)[0m
[38;20m2026-09-28 09:37:23,079 - tpp_runner.py[pid:13768;line:104:_train_model] - INFO: [ Epoch 90 (train) ]: train loglike is 0.9698214094725863, num_events is 27940, mark_ll is -1.3574618951883501, time_ll is 2.32728330029192[0m
[38;20m2026-09-28 09:37:23,127 - tpp_runner.py[pid:13768;line:116:_train_model] - INFO: [ Epoch 90 (valid) ]:  valid loglike is 0.6302852693596013, num_events is 7874, mark_ll is -1.4704451557340614, time_ll is 2.100730301069977[0m
[38;20m2026-09-28 09:37:23,233 - tpp_runner.py[pid:13768;line:136:_train_model] - INFO: [ Epoch 90 (test) ]: test loglike is 0.8548868513373404, num_events is 13081, mark_ll is -1.5387431630919846, time_ll is 2.3936300144293248[0m
[31;1m2026-09-28 09:37:23,233 - tpp_runner.py[pid:13768;line:140:_train_model] - CRITICAL: current best loglike on valid set is 0.6677 (updated at epoch-85)[0m
[38;20m2026-09-28 09:37:24,830 - tpp_runner.py[pid:13768;line:104:_train_model] - INFO: [ Epoch 91 (train) ]: train loglike is 0.9747638240915243, num_events is 27940, mark_ll is -1.357202235817824, time_ll is 2.3319660642783644[0m
[38;20m2026-09-28 09:37:24,883 - tpp_runner.py[pid:13768;line:116:_train_model] - INFO: [ Epoch 91 (valid) ]:  valid loglike is 0.6446306549839662, num_events is 7874, mark_ll is -1.4702917384350394, time_ll is 2.114922579454534[0m
[38;20m2026-09-28 09:37:24,987 - tpp_runner.py[pid:13768;line:136:_train_model] - INFO: [ Epoch 91 (test) ]: test loglike is 0.858863314396835, num_events is 13081, mark_ll is -1.5385691795352037, time_ll is 2.397432493932039[0m
[31;1m2026-09-28 09:37:24,987 - tpp_runner.py[pid:13768;line:140:_train_model] - CRITICAL: current best loglike on valid set is 0.6677 (updated at epoch-85)[0m
[38;20m2026-09-28 09:37:26,548 - tpp_runner.py[pid:13768;line:104:_train_model] - INFO: [ Epoch 92 (train) ]: train loglike is 0.9735732802853212, num_events is 27940, mark_ll is -1.3569898841546617, time_ll is 2.3305630857976913[0m
[38;20m2026-09-28 09:37:26,603 - tpp_runner.py[pid:13768;line:116:_train_model] - INFO: [ Epoch 92 (valid) ]:  valid loglike is 0.6288520516494158, num_events is 7874, mark_ll is -1.4703060011588773, time_ll is 2.0991579287846074[0m
[38;20m2026-09-28 09:37:26,697 - tpp_runner.py[pid:13768;line:136:_train_model] - INFO: [ Epoch 92 (test) ]: test loglike is 0.8590838080398097, num_events is 13081, mark_ll is -1.5386471940457533, time_ll is 2.397730964758046[0m
[31;1m2026-09-28 09:37:26,697 - tpp_runner.py[pid:13768;line:140:_train_model] - CRITICAL: current best loglike on valid set is 0.6677 (updated at epoch-85)[0m
[38;20m2026-09-28 09:37:28,224 - tpp_runner.py[pid:13768;line:104:_train_model] - INFO: [ Epoch 93 (train) ]: train loglike is 0.974098737494128, num_events is 27940, mark_ll is -1.3569525552802881, time_ll is 2.331051262191303[0m
[38;20m2026-09-28 09:37:28,286 - tpp_runner.py[pid:13768;line:116:_train_model] - INFO: [ Epoch 93 (valid) ]:  valid loglike is 0.6360441851743078, num_events is 7874, mark_ll is -1.4702898780797562, time_ll is 2.1063339392303786[0m
[38;20m2026-09-28 09:37:28,391 - tpp_runner.py[pid:13768;line:136:_train_model] - INFO: [ Epoch 93 (test) ]: test loglike is 0.8576930967385903, num_events is 13081, mark_ll is -1.538685193458069, time_ll is 2.396378140886591[0m
[31;1m2026-09-28 09:37:28,391 - tpp_runner.py[pid:13768;line:140:_train_model] - CRITICAL: current best loglike on valid set is 0.6677 (updated at epoch-85)[0m
[38;20m2026-09-28 09:37:29,986 - tpp_runner.py[pid:13768;line:104:_train_model] - INFO: [ Epoch 94 (train) ]: train loglike is 0.9698476454148398, num_events is 27940, mark_ll is -1.356880134467833, time_ll is 2.3267278410488994[0m
[38;20m2026-09-28 09:37:30,033 - tpp_runner.py[pid:13768;line:116:_train_model] - INFO: [ Epoch 94 (valid) ]:  valid loglike is 0.6426184947096457, num_events is 7874, mark_ll is -1.4702105029210057, time_ll is 2.112828811595123[0m
[38;20m2026-09-28 09:37:30,118 - tpp_runner.py[pid:13768;line:136:_train_model] - INFO: [ Epoch 94 (test) ]: test loglike is 0.8675229250678465, num_events is 13081, mark_ll is -1.538637339581263, time_ll is 2.4061602646491096[0m
[31;1m2026-09-28 09:37:30,118 - tpp_runner.py[pid:13768;line:140:_train_model] - CRITICAL: current best loglike on valid set is 0.6677 (updated at epoch-85)[0m
[38;20m2026-09-28 09:37:31,674 - tpp_runner.py[pid:13768;line:104:_train_model] - INFO: [ Epoch 95 (train) ]: train loglike is 0.9812851618423407, num_events is 27940, mark_ll is -1.3568072418016286, time_ll is 2.3380923861679044[0m
[38;20m2026-09-28 09:37:31,721 - tpp_runner.py[pid:13768;line:116:_train_model] - INFO: [ Epoch 95 (valid) ]:  valid loglike is 0.6397993743253112, num_events is 7874, mark_ll is -1.470203309547244, time_ll is 2.1100028078962407[0m
[38;20m2026-09-28 09:37:31,832 - tpp_runner.py[pid:13768;line:136:_train_model] - INFO: [ Epoch 95 (test) ]: test loglike is 0.8611719839963496, num_events is 13081, mark_ll is -1.5386583176458222, time_ll is 2.3998302643146547[0m
[31;1m2026-09-28 09:37:31,832 - tpp_runner.py[pid:13768;line:140:_train_model] - CRITICAL: current best loglike on valid set is 0.6677 (updated at epoch-85)[0m
[38;20m2026-09-28 09:37:33,460 - tpp_runner.py[pid:13768;line:104:_train_model] - INFO: [ Epoch 96 (train) ]: train loglike is 0.9658402701659806, num_events is 27940, mark_ll is -1.3567990979554403, time_ll is 2.3226393331692914[0m
[38;20m2026-09-28 09:37:33,519 - tpp_runner.py[pid:13768;line:116:_train_model] - INFO: [ Epoch 96 (valid) ]:  valid loglike is 0.6323004062023749, num_events is 7874, mark_ll is -1.470217820318453, time_ll is 2.1025184745681993[0m
[38;20m2026-09-28 09:37:33,601 - tpp_runner.py[pid:13768;line:136:_train_model] - INFO: [ Epoch 96 (test) ]: test loglike is 0.8637146971275131, num_events is 13081, mark_ll is -1.5386714196042925, time_ll is 2.402386079404289[0m
[31;1m2026-09-28 09:37:33,601 - tpp_runner.py[pid:13768;line:140:_train_model] - CRITICAL: current best loglike on valid set is 0.6677 (updated at epoch-85)[0m
[38;20m2026-09-28 09:37:35,111 - tpp_runner.py[pid:13768;line:104:_train_model] - INFO: [ Epoch 97 (train) ]: train loglike is 0.9579252424629228, num_events is 27940, mark_ll is -1.356784715154125, time_ll is 2.31471009305655[0m
[38;20m2026-09-28 09:37:35,163 - tpp_runner.py[pid:13768;line:116:_train_model] - INFO: [ Epoch 97 (valid) ]:  valid loglike is 0.6455849552324104, num_events is 7874, mark_ll is -1.4701954960550545, time_ll is 2.1157803272637796[0m
[38;20m2026-09-28 09:37:35,257 - tpp_runner.py[pid:13768;line:136:_train_model] - INFO: [ Epoch 97 (test) ]: test loglike is 0.8616784437471332, num_events is 13081, mark_ll is -1.5386477912860255, time_ll is 2.400326272360676[0m
[31;1m2026-09-28 09:37:35,257 - tpp_runner.py[pid:13768;line:140:_train_model] - CRITICAL: current best loglike on valid set is 0.6677 (updated at epoch-85)[0m
[38;20m2026-09-28 09:37:36,850 - tpp_runner.py[pid:13768;line:104:_train_model] - INFO: [ Epoch 98 (train) ]: train loglike is 0.9691234897184816, num_events is 27940, mark_ll is -1.3567570330675107, time_ll is 2.3258804790958303[0m
[38;20m2026-09-28 09:37:36,913 - tpp_runner.py[pid:13768;line:116:_train_model] - INFO: [ Epoch 98 (valid) ]:  valid loglike is 0.6287450192087884, num_events is 7874, mark_ll is -1.470184457947041, time_ll is 2.0989297252032[0m
[38;20m2026-09-28 09:37:37,053 - tpp_runner.py[pid:13768;line:136:_train_model] - INFO: [ Epoch 98 (test) ]: test loglike is 0.8577976137862167, num_events is 13081, mark_ll is -1.5386345773450043, time_ll is 2.396432116476187[0m
[31;1m2026-09-28 09:37:37,053 - tpp_runner.py[pid:13768;line:140:_train_model] - CRITICAL: current best loglike on valid set is 0.6677 (updated at epoch-85)[0m
[38;20m2026-09-28 09:37:38,596 - tpp_runner.py[pid:13768;line:104:_train_model] - INFO: [ Epoch 99 (train) ]: train loglike is 0.9676928859484051, num_events is 27940, mark_ll is -1.3567456911014675, time_ll is 2.3244385988949534[0m
[38;20m2026-09-28 09:37:38,655 - tpp_runner.py[pid:13768;line:116:_train_model] - INFO: [ Epoch 99 (valid) ]:  valid loglike is 0.6551329186642748, num_events is 7874, mark_ll is -1.4701830936865, time_ll is 2.125316012350775[0m
[38;20m2026-09-28 09:37:38,754 - tpp_runner.py[pid:13768;line:136:_train_model] - INFO: [ Epoch 99 (test) ]: test loglike is 0.8495157949148574, num_events is 13081, mark_ll is -1.5386330095892897, time_ll is 2.388148841831664[0m
[31;1m2026-09-28 09:37:38,754 - tpp_runner.py[pid:13768;line:140:_train_model] - CRITICAL: current best loglike on valid set is 0.6677 (updated at epoch-85)[0m
[38;20m2026-09-28 09:37:38,754 - base_runner.py[pid:13768;line:118:train] - INFO: End NHP train! Cost time: 2.841m[0m
RESULT {"model": "NHP", "dataset": "lob_goog", "seed": 2019, "ll_per_event": 0.8456818109877876, "mark_ll": -1.5384805640098234, "time_ll": 2.384162412325128, "val_ll": 0.6677150595512128, "best_epoch": 85, "n_params": 231948, "seconds": 171.15867829322815, "max_epoch": 100, "batch_size": 64}
