
=== Mon Sep 28 09:05:17 2026 attempt 1: D:\Quant\.venv\Scripts\python.exe -u -m infodiff.baselines.easytpp_runner AttNHP lob_amzn 6 2019 100 64
[31;1m2026-09-28 09:05:19,210 - config.py[pid:9464;line:33:build_from_yaml_file] - CRITICAL: Load pipeline config class RunnerConfig[0m
[31;1m2026-09-28 09:05:19,217 - runner_config.py[pid:9464;line:205:update_config] - CRITICAL: train model AttNHP using GPU with torch backend[0m
[38;20m2026-09-28 09:05:19,219 - runner_config.py[pid:9464;line:45:__init__] - INFO: Save the config to D:\Quant\results\easytpp\checkpoints/lob_amzn/AttNHP/train_2026_09_28_09_05_19\AttNHP_train_output.yaml[0m
[38;20m2026-09-28 09:05:19,220 - base_runner.py[pid:9464;line:193:save_log] - INFO: Save the log to D:\Quant\results\easytpp\checkpoints/lob_amzn/AttNHP/train_2026_09_28_09_05_19\log[0m
0.41421280161059515 1.2532707187976024
min_dt: 7.275957614183426e-12
max_dt: 26.415379224003118
[38;20m2026-09-28 09:05:23,174 - tpp_runner.py[pid:9464;line:62:_init_model] - INFO: Num of model parameters 20044[0m
[38;20m2026-09-28 09:05:23,925 - base_runner.py[pid:9464;line:103:train] - INFO: Data 'lob_amzn' loaded...[0m
[38;20m2026-09-28 09:05:23,925 - base_runner.py[pid:9464;line:108:train] - INFO: Start AttNHP training...[0m
[38;20m2026-09-28 09:05:27,978 - tpp_runner.py[pid:9464;line:104:_train_model] - INFO: [ Epoch 0 (train) ]: train loglike is -1.9896914456952124, num_events is 33274, mark_ll is -1.7656925836778528, time_ll is -0.22399880882208612[0m
[38;20m2026-09-28 09:05:28,216 - tpp_runner.py[pid:9464;line:116:_train_model] - INFO: [ Epoch 0 (valid) ]:  valid loglike is -2.0338886090776738, num_events is 9144, mark_ll is -1.7024415183880823, time_ll is -0.33144713073890664[0m
[38;20m2026-09-28 09:05:28,592 - tpp_runner.py[pid:9464;line:136:_train_model] - INFO: [ Epoch 0 (test) ]: test loglike is -1.8097748253816135, num_events is 14478, mark_ll is -1.7999745303218677, time_ll is -0.009800202313963427[0m
[31;1m2026-09-28 09:05:28,592 - tpp_runner.py[pid:9464;line:140:_train_model] - CRITICAL: current best loglike on valid set is -2.0339 (updated at epoch-0), best updated at this epoch[0m
[38;20m2026-09-28 09:05:31,688 - tpp_runner.py[pid:9464;line:104:_train_model] - INFO: [ Epoch 1 (train) ]: train loglike is -1.9125148403807215, num_events is 33274, mark_ll is -1.7572361787379973, time_ll is -0.15527865522260484[0m
[38;20m2026-09-28 09:05:31,917 - tpp_runner.py[pid:9464;line:116:_train_model] - INFO: [ Epoch 1 (valid) ]:  valid loglike is -2.0528713970568133, num_events is 9144, mark_ll is -1.724950701963036, time_ll is -0.32792081524172273[0m
[38;20m2026-09-28 09:05:32,277 - tpp_runner.py[pid:9464;line:136:_train_model] - INFO: [ Epoch 1 (test) ]: test loglike is -1.707843433247859, num_events is 14478, mark_ll is -1.842942808161521, time_ll is 0.13509934961935782[0m
[31;1m2026-09-28 09:05:32,279 - tpp_runner.py[pid:9464;line:140:_train_model] - CRITICAL: current best loglike on valid set is -2.0339 (updated at epoch-0)[0m
[38;20m2026-09-28 09:05:35,400 - tpp_runner.py[pid:9464;line:104:_train_model] - INFO: [ Epoch 2 (train) ]: train loglike is -1.856919924399024, num_events is 33274, mark_ll is -1.7366071470498738, time_ll is -0.1203127645089118[0m
[38;20m2026-09-28 09:05:35,633 - tpp_runner.py[pid:9464;line:116:_train_model] - INFO: [ Epoch 2 (valid) ]:  valid loglike is -2.0285690454464675, num_events is 9144, mark_ll is -1.7243517244060313, time_ll is -0.30421730769066463[0m
[38;20m2026-09-28 09:05:36,022 - tpp_runner.py[pid:9464;line:136:_train_model] - INFO: [ Epoch 2 (test) ]: test loglike is -1.6170020084352121, num_events is 14478, mark_ll is -1.747534850829707, time_ll is 0.13053292881670142[0m
[31;1m2026-09-28 09:05:36,022 - tpp_runner.py[pid:9464;line:140:_train_model] - CRITICAL: current best loglike on valid set is -2.0286 (updated at epoch-2), best updated at this epoch[0m
[38;20m2026-09-28 09:05:39,120 - tpp_runner.py[pid:9464;line:104:_train_model] - INFO: [ Epoch 3 (train) ]: train loglike is -1.8031913847664467, num_events is 33274, mark_ll is -1.7083966956299401, time_ll is -0.09479467446194852[0m
[38;20m2026-09-28 09:05:39,340 - tpp_runner.py[pid:9464;line:116:_train_model] - INFO: [ Epoch 3 (valid) ]:  valid loglike is -1.9952551173412894, num_events is 9144, mark_ll is -1.6940719057151548, time_ll is -0.3011832249759063[0m
[38;20m2026-09-28 09:05:39,717 - tpp_runner.py[pid:9464;line:136:_train_model] - INFO: [ Epoch 3 (test) ]: test loglike is -1.6543823360227587, num_events is 14478, mark_ll is -1.810659518968435, time_ll is 0.15627716871763003[0m
[31;1m2026-09-28 09:05:39,717 - tpp_runner.py[pid:9464;line:140:_train_model] - CRITICAL: current best loglike on valid set is -1.9953 (updated at epoch-3), best updated at this epoch[0m
[38;20m2026-09-28 09:05:42,825 - tpp_runner.py[pid:9464;line:104:_train_model] - INFO: [ Epoch 4 (train) ]: train loglike is -1.7852804407861618, num_events is 33274, mark_ll is -1.6994398699118023, time_ll is -0.08584055436548149[0m
[38;20m2026-09-28 09:05:43,059 - tpp_runner.py[pid:9464;line:116:_train_model] - INFO: [ Epoch 4 (valid) ]:  valid loglike is -1.9685941280655348, num_events is 9144, mark_ll is -1.6770147956053834, time_ll is -0.2915793391350373[0m
[38;20m2026-09-28 09:05:43,423 - tpp_runner.py[pid:9464;line:136:_train_model] - INFO: [ Epoch 4 (test) ]: test loglike is -1.5461022758668324, num_events is 14478, mark_ll is -1.7315937057518305, time_ll is 0.18549140037497625[0m
[31;1m2026-09-28 09:05:43,423 - tpp_runner.py[pid:9464;line:140:_train_model] - CRITICAL: current best loglike on valid set is -1.9686 (updated at epoch-4), best updated at this epoch[0m
[38;20m2026-09-28 09:05:46,519 - tpp_runner.py[pid:9464;line:104:_train_model] - INFO: [ Epoch 5 (train) ]: train loglike is -1.7391201651439563, num_events is 33274, mark_ll is -1.6753925906570728, time_ll is -0.06372757827016806[0m
[38;20m2026-09-28 09:05:46,759 - tpp_runner.py[pid:9464;line:116:_train_model] - INFO: [ Epoch 5 (valid) ]:  valid loglike is -1.9375989485079013, num_events is 9144, mark_ll is -1.669968185358056, time_ll is -0.26763074980007384[0m
[38;20m2026-09-28 09:05:47,117 - tpp_runner.py[pid:9464;line:136:_train_model] - INFO: [ Epoch 5 (test) ]: test loglike is -1.496984581671329, num_events is 14478, mark_ll is -1.712116956546139, time_ll is 0.21513236011979922[0m
[31;1m2026-09-28 09:05:47,117 - tpp_runner.py[pid:9464;line:140:_train_model] - CRITICAL: current best loglike on valid set is -1.9376 (updated at epoch-5), best updated at this epoch[0m
[38;20m2026-09-28 09:05:50,237 - tpp_runner.py[pid:9464;line:104:_train_model] - INFO: [ Epoch 6 (train) ]: train loglike is -1.7020309970106164, num_events is 33274, mark_ll is -1.655962551085072, time_ll is -0.046068466446996845[0m
[38;20m2026-09-28 09:05:50,469 - tpp_runner.py[pid:9464;line:116:_train_model] - INFO: [ Epoch 6 (valid) ]:  valid loglike is -1.8947151564550524, num_events is 9144, mark_ll is -1.6529849261853742, time_ll is -0.24173027031899333[0m
[38;20m2026-09-28 09:05:50,827 - tpp_runner.py[pid:9464;line:136:_train_model] - INFO: [ Epoch 6 (test) ]: test loglike is -1.4341262119681586, num_events is 14478, mark_ll is -1.6965281105384031, time_ll is 0.26240194072741835[0m
[31;1m2026-09-28 09:05:50,827 - tpp_runner.py[pid:9464;line:140:_train_model] - CRITICAL: current best loglike on valid set is -1.8947 (updated at epoch-6), best updated at this epoch[0m
[38;20m2026-09-28 09:05:53,940 - tpp_runner.py[pid:9464;line:104:_train_model] - INFO: [ Epoch 7 (train) ]: train loglike is -1.6490166901381333, num_events is 33274, mark_ll is -1.6370320371433025, time_ll is -0.011984644396456846[0m
[38;20m2026-09-28 09:05:54,174 - tpp_runner.py[pid:9464;line:116:_train_model] - INFO: [ Epoch 7 (valid) ]:  valid loglike is -1.84596336544968, num_events is 9144, mark_ll is -1.6321486292027216, time_ll is -0.21381470954741497[0m
[38;20m2026-09-28 09:05:54,542 - tpp_runner.py[pid:9464;line:136:_train_model] - INFO: [ Epoch 7 (test) ]: test loglike is -1.3558557865813647, num_events is 14478, mark_ll is -1.663525316428374, time_ll is 0.307669538278444[0m
[31;1m2026-09-28 09:05:54,542 - tpp_runner.py[pid:9464;line:140:_train_model] - CRITICAL: current best loglike on valid set is -1.8460 (updated at epoch-7), best updated at this epoch[0m
[38;20m2026-09-28 09:05:57,656 - tpp_runner.py[pid:9464;line:104:_train_model] - INFO: [ Epoch 8 (train) ]: train loglike is -1.5887927508034614, num_events is 33274, mark_ll is -1.6156105389566084, time_ll is 0.026817758116160634[0m
[38;20m2026-09-28 09:05:57,876 - tpp_runner.py[pid:9464;line:116:_train_model] - INFO: [ Epoch 8 (valid) ]:  valid loglike is -1.796064882453658, num_events is 9144, mark_ll is -1.6208833842974217, time_ll is -0.1751814714566929[0m
[38;20m2026-09-28 09:05:58,251 - tpp_runner.py[pid:9464;line:136:_train_model] - INFO: [ Epoch 8 (test) ]: test loglike is -1.313386413599513, num_events is 14478, mark_ll is -1.655237958022517, time_ll is 0.34185155285443863[0m
[31;1m2026-09-28 09:05:58,251 - tpp_runner.py[pid:9464;line:140:_train_model] - CRITICAL: current best loglike on valid set is -1.7961 (updated at epoch-8), best updated at this epoch[0m
[38;20m2026-09-28 09:06:01,381 - tpp_runner.py[pid:9464;line:104:_train_model] - INFO: [ Epoch 9 (train) ]: train loglike is -1.5213586947461795, num_events is 33274, mark_ll is -1.6004780501480134, time_ll is 0.07911936824207245[0m
[38;20m2026-09-28 09:06:01,618 - tpp_runner.py[pid:9464;line:116:_train_model] - INFO: [ Epoch 9 (valid) ]:  valid loglike is -1.7310769121999399, num_events is 9144, mark_ll is -1.6037730486478496, time_ll is -0.1273038568772043[0m
[38;20m2026-09-28 09:06:01,988 - tpp_runner.py[pid:9464;line:136:_train_model] - INFO: [ Epoch 9 (test) ]: test loglike is -1.2590453781167978, num_events is 14478, mark_ll is -1.6398776376225999, time_ll is 0.38083229323154094[0m
[31;1m2026-09-28 09:06:01,988 - tpp_runner.py[pid:9464;line:140:_train_model] - CRITICAL: current best loglike on valid set is -1.7311 (updated at epoch-9), best updated at this epoch[0m
[38;20m2026-09-28 09:06:05,135 - tpp_runner.py[pid:9464;line:104:_train_model] - INFO: [ Epoch 10 (train) ]: train loglike is -1.4517936305285517, num_events is 33274, mark_ll is -1.5828312372096551, time_ll is 0.1310376025538838[0m
[38;20m2026-09-28 09:06:05,349 - tpp_runner.py[pid:9464;line:116:_train_model] - INFO: [ Epoch 10 (valid) ]:  valid loglike is -1.6525515792459535, num_events is 9144, mark_ll is -1.5843013653292117, time_ll is -0.06825027857969856[0m
[38;20m2026-09-28 09:06:05,729 - tpp_runner.py[pid:9464;line:136:_train_model] - INFO: [ Epoch 10 (test) ]: test loglike is -1.1801869444696262, num_events is 14478, mark_ll is -1.6150618341190082, time_ll is 0.4348748896493818[0m
[31;1m2026-09-28 09:06:05,729 - tpp_runner.py[pid:9464;line:140:_train_model] - CRITICAL: current best loglike on valid set is -1.6526 (updated at epoch-10), best updated at this epoch[0m
[38;20m2026-09-28 09:06:08,905 - tpp_runner.py[pid:9464;line:104:_train_model] - INFO: [ Epoch 11 (train) ]: train loglike is -1.3697721556186417, num_events is 33274, mark_ll is -1.5701294238803665, time_ll is 0.20035724991852685[0m
[38;20m2026-09-28 09:06:09,141 - tpp_runner.py[pid:9464;line:116:_train_model] - INFO: [ Epoch 11 (valid) ]:  valid loglike is -1.6150761001066274, num_events is 9144, mark_ll is -1.570822968570579, time_ll is -0.044253078136961395[0m
[38;20m2026-09-28 09:06:09,515 - tpp_runner.py[pid:9464;line:136:_train_model] - INFO: [ Epoch 11 (test) ]: test loglike is -1.1377857649321383, num_events is 14478, mark_ll is -1.6065560678270479, time_ll is 0.46877023544343144[0m
[31;1m2026-09-28 09:06:09,517 - tpp_runner.py[pid:9464;line:140:_train_model] - CRITICAL: current best loglike on valid set is -1.6151 (updated at epoch-11), best updated at this epoch[0m
[38;20m2026-09-28 09:06:12,690 - tpp_runner.py[pid:9464;line:104:_train_model] - INFO: [ Epoch 12 (train) ]: train loglike is -1.347131010875139, num_events is 33274, mark_ll is -1.5597912159620688, time_ll is 0.2126602069212495[0m
[38;20m2026-09-28 09:06:12,920 - tpp_runner.py[pid:9464;line:116:_train_model] - INFO: [ Epoch 12 (valid) ]:  valid loglike is -1.5135660914089841, num_events is 9144, mark_ll is -1.5633028419207609, time_ll is 0.0497366704131466[0m
[38;20m2026-09-28 09:06:13,674 - tpp_runner.py[pid:9464;line:136:_train_model] - INFO: [ Epoch 12 (test) ]: test loglike is -1.0446638393705103, num_events is 14478, mark_ll is -1.5997983065901713, time_ll is 0.5551343997681828[0m
[31;1m2026-09-28 09:06:13,674 - tpp_runner.py[pid:9464;line:140:_train_model] - CRITICAL: current best loglike on valid set is -1.5136 (updated at epoch-12), best updated at this epoch[0m
[38;20m2026-09-28 09:06:16,803 - tpp_runner.py[pid:9464;line:104:_train_model] - INFO: [ Epoch 13 (train) ]: train loglike is -1.2633952925954293, num_events is 33274, mark_ll is -1.5516778068086194, time_ll is 0.28828253439070767[0m
[38;20m2026-09-28 09:06:17,044 - tpp_runner.py[pid:9464;line:116:_train_model] - INFO: [ Epoch 13 (valid) ]:  valid loglike is -1.5129006319888725, num_events is 9144, mark_ll is -1.554752566787306, time_ll is 0.041851928123547544[0m
[38;20m2026-09-28 09:06:17,419 - tpp_runner.py[pid:9464;line:136:_train_model] - INFO: [ Epoch 13 (test) ]: test loglike is -0.9633923290941429, num_events is 14478, mark_ll is -1.6035500927053115, time_ll is 0.6401577298854296[0m
[31;1m2026-09-28 09:06:17,419 - tpp_runner.py[pid:9464;line:140:_train_model] - CRITICAL: current best loglike on valid set is -1.5129 (updated at epoch-13), best updated at this epoch[0m
[38;20m2026-09-28 09:06:20,575 - tpp_runner.py[pid:9464;line:104:_train_model] - INFO: [ Epoch 14 (train) ]: train loglike is -1.1729871444119753, num_events is 33274, mark_ll is -1.5469096282887447, time_ll is 0.37392244741966385[0m
[38;20m2026-09-28 09:06:20,808 - tpp_runner.py[pid:9464;line:116:_train_model] - INFO: [ Epoch 14 (valid) ]:  valid loglike is -1.4522566774490102, num_events is 9144, mark_ll is -1.5498860143092466, time_ll is 0.09762935021000793[0m
[38;20m2026-09-28 09:06:21,173 - tpp_runner.py[pid:9464;line:136:_train_model] - INFO: [ Epoch 14 (test) ]: test loglike is -0.8848292317438528, num_events is 14478, mark_ll is -1.5818861618705968, time_ll is 0.6970569301267441[0m
[31;1m2026-09-28 09:06:21,173 - tpp_runner.py[pid:9464;line:140:_train_model] - CRITICAL: current best loglike on valid set is -1.4523 (updated at epoch-14), best updated at this epoch[0m
[38;20m2026-09-28 09:06:24,327 - tpp_runner.py[pid:9464;line:104:_train_model] - INFO: [ Epoch 15 (train) ]: train loglike is -1.0956560691947683, num_events is 33274, mark_ll is -1.5374683367057425, time_ll is 0.44181226475949453[0m
[38;20m2026-09-28 09:06:24,558 - tpp_runner.py[pid:9464;line:116:_train_model] - INFO: [ Epoch 15 (valid) ]:  valid loglike is -1.3118373707314905, num_events is 9144, mark_ll is -1.5390626601972606, time_ll is 0.22722518266759623[0m
[38;20m2026-09-28 09:06:24,924 - tpp_runner.py[pid:9464;line:136:_train_model] - INFO: [ Epoch 15 (test) ]: test loglike is -0.8304844189783637, num_events is 14478, mark_ll is -1.587890625, time_ll is 0.7574061048444192[0m
[31;1m2026-09-28 09:06:24,924 - tpp_runner.py[pid:9464;line:140:_train_model] - CRITICAL: current best loglike on valid set is -1.3118 (updated at epoch-15), best updated at this epoch[0m
[38;20m2026-09-28 09:06:28,132 - tpp_runner.py[pid:9464;line:104:_train_model] - INFO: [ Epoch 16 (train) ]: train loglike is -1.0410592873136448, num_events is 33274, mark_ll is -1.5341875934182376, time_ll is 0.4931282116371242[0m
[38;20m2026-09-28 09:06:28,361 - tpp_runner.py[pid:9464;line:116:_train_model] - INFO: [ Epoch 16 (valid) ]:  valid loglike is -1.2546914034732475, num_events is 9144, mark_ll is -1.5283785442041913, time_ll is 0.2736871807802589[0m
[38;20m2026-09-28 09:06:28,731 - tpp_runner.py[pid:9464;line:136:_train_model] - INFO: [ Epoch 16 (test) ]: test loglike is -0.7933092450614726, num_events is 14478, mark_ll is -1.572536779941981, time_ll is 0.7792275686062474[0m
[31;1m2026-09-28 09:06:28,731 - tpp_runner.py[pid:9464;line:140:_train_model] - CRITICAL: current best loglike on valid set is -1.2547 (updated at epoch-16), best updated at this epoch[0m
[38;20m2026-09-28 09:06:31,884 - tpp_runner.py[pid:9464;line:104:_train_model] - INFO: [ Epoch 17 (train) ]: train loglike is -0.9818099018988174, num_events is 33274, mark_ll is -1.5264408207644764, time_ll is 0.544630902356781[0m
[38;20m2026-09-28 09:06:32,105 - tpp_runner.py[pid:9464;line:116:_train_model] - INFO: [ Epoch 17 (valid) ]:  valid loglike is -1.3049371941300307, num_events is 9144, mark_ll is -1.5311810083798119, time_ll is 0.22624379422512372[0m
[38;20m2026-09-28 09:06:32,474 - tpp_runner.py[pid:9464;line:136:_train_model] - INFO: [ Epoch 17 (test) ]: test loglike is -0.8473796989397707, num_events is 14478, mark_ll is -1.5625983442550766, time_ll is 0.715218645315306[0m
[31;1m2026-09-28 09:06:32,474 - tpp_runner.py[pid:9464;line:140:_train_model] - CRITICAL: current best loglike on valid set is -1.2547 (updated at epoch-16)[0m
[38;20m2026-09-28 09:06:35,671 - tpp_runner.py[pid:9464;line:104:_train_model] - INFO: [ Epoch 18 (train) ]: train loglike is -1.001831285811792, num_events is 33274, mark_ll is -1.5265901380629396, time_ll is 0.5247588118961126[0m
[38;20m2026-09-28 09:06:35,921 - tpp_runner.py[pid:9464;line:116:_train_model] - INFO: [ Epoch 18 (valid) ]:  valid loglike is -1.1677276531229495, num_events is 9144, mark_ll is -1.532930389164001, time_ll is 0.3652027260287227[0m
[38;20m2026-09-28 09:06:36,314 - tpp_runner.py[pid:9464;line:136:_train_model] - INFO: [ Epoch 18 (test) ]: test loglike is -0.7193925765061645, num_events is 14478, mark_ll is -1.593303673569381, time_ll is 0.8739110970632166[0m
[31;1m2026-09-28 09:06:36,314 - tpp_runner.py[pid:9464;line:140:_train_model] - CRITICAL: current best loglike on valid set is -1.1677 (updated at epoch-18), best updated at this epoch[0m
[38;20m2026-09-28 09:06:39,458 - tpp_runner.py[pid:9464;line:104:_train_model] - INFO: [ Epoch 19 (train) ]: train loglike is -0.8831528983896022, num_events is 33274, mark_ll is -1.5279725401448954, time_ll is 0.64481966743577[0m
[38;20m2026-09-28 09:06:39,701 - tpp_runner.py[pid:9464;line:116:_train_model] - INFO: [ Epoch 19 (valid) ]:  valid loglike is -1.1040255595797108, num_events is 9144, mark_ll is -1.5244380653895313, time_ll is 0.4204125525340216[0m
[38;20m2026-09-28 09:06:40,055 - tpp_runner.py[pid:9464;line:136:_train_model] - INFO: [ Epoch 19 (test) ]: test loglike is -0.6308628318882529, num_events is 14478, mark_ll is -1.5605132167124258, time_ll is 0.9296503679613034[0m
[31;1m2026-09-28 09:06:40,055 - tpp_runner.py[pid:9464;line:140:_train_model] - CRITICAL: current best loglike on valid set is -1.1040 (updated at epoch-19), best updated at this epoch[0m
[38;20m2026-09-28 09:06:43,199 - tpp_runner.py[pid:9464;line:104:_train_model] - INFO: [ Epoch 20 (train) ]: train loglike is -0.8150643350241555, num_events is 33274, mark_ll is -1.51656172107445, time_ll is 0.7014973255177419[0m
[38;20m2026-09-28 09:06:43,437 - tpp_runner.py[pid:9464;line:116:_train_model] - INFO: [ Epoch 20 (valid) ]:  valid loglike is -1.0385662355865184, num_events is 9144, mark_ll is -1.514705441025194, time_ll is 0.47613926551264835[0m
[38;20m2026-09-28 09:06:43,802 - tpp_runner.py[pid:9464;line:136:_train_model] - INFO: [ Epoch 20 (test) ]: test loglike is -0.6018379718365796, num_events is 14478, mark_ll is -1.5599274006250863, time_ll is 0.9580894962399849[0m
[31;1m2026-09-28 09:06:43,802 - tpp_runner.py[pid:9464;line:140:_train_model] - CRITICAL: current best loglike on valid set is -1.0386 (updated at epoch-20), best updated at this epoch[0m
[38;20m2026-09-28 09:06:46,941 - tpp_runner.py[pid:9464;line:104:_train_model] - INFO: [ Epoch 21 (train) ]: train loglike is -0.7593431316287914, num_events is 33274, mark_ll is -1.511033514166936, time_ll is 0.7516903807038247[0m
[38;20m2026-09-28 09:06:47,178 - tpp_runner.py[pid:9464;line:116:_train_model] - INFO: [ Epoch 21 (valid) ]:  valid loglike is -0.9958528667192968, num_events is 9144, mark_ll is -1.5150780598531142, time_ll is 0.5192251831214885[0m
[38;20m2026-09-28 09:06:47,541 - tpp_runner.py[pid:9464;line:136:_train_model] - INFO: [ Epoch 21 (test) ]: test loglike is -0.579672910245286, num_events is 14478, mark_ll is -1.5753683255413387, time_ll is 0.9956954490217916[0m
[31;1m2026-09-28 09:06:47,541 - tpp_runner.py[pid:9464;line:140:_train_model] - CRITICAL: current best loglike on valid set is -0.9959 (updated at epoch-21), best updated at this epoch[0m
[38;20m2026-09-28 09:06:50,663 - tpp_runner.py[pid:9464;line:104:_train_model] - INFO: [ Epoch 22 (train) ]: train loglike is -0.73153362032269, num_events is 33274, mark_ll is -1.5108181063269182, time_ll is 0.7792844493178326[0m
[38;20m2026-09-28 09:06:50,885 - tpp_runner.py[pid:9464;line:116:_train_model] - INFO: [ Epoch 22 (valid) ]:  valid loglike is -0.9854143064270287, num_events is 9144, mark_ll is -1.5134413110928273, time_ll is 0.5280268978676249[0m
[38;20m2026-09-28 09:06:51,383 - tpp_runner.py[pid:9464;line:136:_train_model] - INFO: [ Epoch 22 (test) ]: test loglike is -0.5121202211976792, num_events is 14478, mark_ll is -1.559381583264263, time_ll is 1.0472613620665838[0m
[31;1m2026-09-28 09:06:51,383 - tpp_runner.py[pid:9464;line:140:_train_model] - CRITICAL: current best loglike on valid set is -0.9854 (updated at epoch-22), best updated at this epoch[0m
[38;20m2026-09-28 09:06:54,561 - tpp_runner.py[pid:9464;line:104:_train_model] - INFO: [ Epoch 23 (train) ]: train loglike is -0.6794440344046778, num_events is 33274, mark_ll is -1.5100708631481223, time_ll is 0.8306267957256886[0m
[38;20m2026-09-28 09:06:54,811 - tpp_runner.py[pid:9464;line:116:_train_model] - INFO: [ Epoch 23 (valid) ]:  valid loglike is -0.9397564318132109, num_events is 9144, mark_ll is -1.5135530353322535, time_ll is 0.5737965501199557[0m
[38;20m2026-09-28 09:06:55,191 - tpp_runner.py[pid:9464;line:136:_train_model] - INFO: [ Epoch 23 (test) ]: test loglike is -0.49642436341993024, num_events is 14478, mark_ll is -1.5562848859044758, time_ll is 1.0598605562102845[0m
[31;1m2026-09-28 09:06:55,191 - tpp_runner.py[pid:9464;line:140:_train_model] - CRITICAL: current best loglike on valid set is -0.9398 (updated at epoch-23), best updated at this epoch[0m
[38;20m2026-09-28 09:06:58,378 - tpp_runner.py[pid:9464;line:104:_train_model] - INFO: [ Epoch 24 (train) ]: train loglike is -0.6325315354054827, num_events is 33274, mark_ll is -1.5058030723887739, time_ll is 0.8732714911252968[0m
[38;20m2026-09-28 09:06:58,610 - tpp_runner.py[pid:9464;line:116:_train_model] - INFO: [ Epoch 24 (valid) ]:  valid loglike is -0.90526648226894, num_events is 9144, mark_ll is -1.5096194583495666, time_ll is 0.6043529293564257[0m
[38;20m2026-09-28 09:06:59,383 - tpp_runner.py[pid:9464;line:136:_train_model] - INFO: [ Epoch 24 (test) ]: test loglike is -0.46685147697152574, num_events is 14478, mark_ll is -1.5611457766740917, time_ll is 1.0942943671540442[0m
[31;1m2026-09-28 09:06:59,383 - tpp_runner.py[pid:9464;line:140:_train_model] - CRITICAL: current best loglike on valid set is -0.9053 (updated at epoch-24), best updated at this epoch[0m
[38;20m2026-09-28 09:07:02,584 - tpp_runner.py[pid:9464;line:104:_train_model] - INFO: [ Epoch 25 (train) ]: train loglike is -0.5925201839743494, num_events is 33274, mark_ll is -1.5046324278504801, time_ll is 0.9121121558287815[0m
[38;20m2026-09-28 09:07:02,830 - tpp_runner.py[pid:9464;line:116:_train_model] - INFO: [ Epoch 25 (valid) ]:  valid loglike is -0.8897898382819335, num_events is 9144, mark_ll is -1.5153937819540135, time_ll is 0.625604040457925[0m
[38;20m2026-09-28 09:07:03,201 - tpp_runner.py[pid:9464;line:136:_train_model] - INFO: [ Epoch 25 (test) ]: test loglike is -0.4321213010958437, num_events is 14478, mark_ll is -1.560972763632753, time_ll is 1.12885144567404[0m
[31;1m2026-09-28 09:07:03,201 - tpp_runner.py[pid:9464;line:140:_train_model] - CRITICAL: current best loglike on valid set is -0.8898 (updated at epoch-25), best updated at this epoch[0m
[38;20m2026-09-28 09:07:06,401 - tpp_runner.py[pid:9464;line:104:_train_model] - INFO: [ Epoch 26 (train) ]: train loglike is -0.5891884741118488, num_events is 33274, mark_ll is -1.5045879125781392, time_ll is 0.915399465981087[0m
[38;20m2026-09-28 09:07:06,626 - tpp_runner.py[pid:9464;line:116:_train_model] - INFO: [ Epoch 26 (valid) ]:  valid loglike is -1.1206422340212845, num_events is 9144, mark_ll is -1.5229777872614556, time_ll is 0.4023354998410843[0m
[38;20m2026-09-28 09:07:06,995 - tpp_runner.py[pid:9464;line:136:_train_model] - INFO: [ Epoch 26 (test) ]: test loglike is -0.6735041892764021, num_events is 14478, mark_ll is -1.584273674389591, time_ll is 0.9107693839359718[0m
[31;1m2026-09-28 09:07:06,995 - tpp_runner.py[pid:9464;line:140:_train_model] - CRITICAL: current best loglike on valid set is -0.8898 (updated at epoch-25)[0m
[38;20m2026-09-28 09:07:10,143 - tpp_runner.py[pid:9464;line:104:_train_model] - INFO: [ Epoch 27 (train) ]: train loglike is -0.6490542313266834, num_events is 33274, mark_ll is -1.5067754049473687, time_ll is 0.85772121764436[0m
[38;20m2026-09-28 09:07:10,377 - tpp_runner.py[pid:9464;line:116:_train_model] - INFO: [ Epoch 27 (valid) ]:  valid loglike is -0.9163968010315849, num_events is 9144, mark_ll is -1.5136351764775742, time_ll is 0.5972383754459891[0m
[38;20m2026-09-28 09:07:10,740 - tpp_runner.py[pid:9464;line:136:_train_model] - INFO: [ Epoch 27 (test) ]: test loglike is -0.4637868696524468, num_events is 14478, mark_ll is -1.5476113677864691, time_ll is 1.0838244475454137[0m
[31;1m2026-09-28 09:07:10,740 - tpp_runner.py[pid:9464;line:140:_train_model] - CRITICAL: current best loglike on valid set is -0.8898 (updated at epoch-25)[0m
[38;20m2026-09-28 09:07:13,896 - tpp_runner.py[pid:9464;line:104:_train_model] - INFO: [ Epoch 28 (train) ]: train loglike is -0.5830072246005116, num_events is 33274, mark_ll is -1.5045838403882348, time_ll is 0.9215766001960052[0m
[38;20m2026-09-28 09:07:14,134 - tpp_runner.py[pid:9464;line:116:_train_model] - INFO: [ Epoch 28 (valid) ]:  valid loglike is -0.9804701650758011, num_events is 9144, mark_ll is -1.507791220463897, time_ll is 0.5273210987748541[0m
[38;20m2026-09-28 09:07:14,497 - tpp_runner.py[pid:9464;line:136:_train_model] - INFO: [ Epoch 28 (test) ]: test loglike is -0.5281504865410018, num_events is 14478, mark_ll is -1.5482283464566928, time_ll is 1.0200778767785605[0m
[31;1m2026-09-28 09:07:14,497 - tpp_runner.py[pid:9464;line:140:_train_model] - CRITICAL: current best loglike on valid set is -0.8898 (updated at epoch-25)[0m
[38;20m2026-09-28 09:07:17,666 - tpp_runner.py[pid:9464;line:104:_train_model] - INFO: [ Epoch 29 (train) ]: train loglike is -0.5758892521804045, num_events is 33274, mark_ll is -1.4988844877769147, time_ll is 0.9229952007444344[0m
[38;20m2026-09-28 09:07:17,896 - tpp_runner.py[pid:9464;line:116:_train_model] - INFO: [ Epoch 29 (valid) ]:  valid loglike is -0.8382438332598562, num_events is 9144, mark_ll is -1.5177781045801892, time_ll is 0.6795342646454472[0m
[38;20m2026-09-28 09:07:18,265 - tpp_runner.py[pid:9464;line:136:_train_model] - INFO: [ Epoch 29 (test) ]: test loglike is -0.3642339768339247, num_events is 14478, mark_ll is -1.5498450234839065, time_ll is 1.1856110888071556[0m
[31;1m2026-09-28 09:07:18,265 - tpp_runner.py[pid:9464;line:140:_train_model] - CRITICAL: current best loglike on valid set is -0.8382 (updated at epoch-29), best updated at this epoch[0m
[38;20m2026-09-28 09:07:21,464 - tpp_runner.py[pid:9464;line:104:_train_model] - INFO: [ Epoch 30 (train) ]: train loglike is -0.5042101078224904, num_events is 33274, mark_ll is -1.5019575493793014, time_ll is 0.9977473360834238[0m
[38;20m2026-09-28 09:07:21,695 - tpp_runner.py[pid:9464;line:116:_train_model] - INFO: [ Epoch 30 (valid) ]:  valid loglike is -0.8268524463616853, num_events is 9144, mark_ll is -1.5112467020723972, time_ll is 0.684394302434913[0m
[38;20m2026-09-28 09:07:22,062 - tpp_runner.py[pid:9464;line:136:_train_model] - INFO: [ Epoch 30 (test) ]: test loglike is -0.3949536311558917, num_events is 14478, mark_ll is -1.5573784767189873, time_ll is 1.1624248118373566[0m
[31;1m2026-09-28 09:07:22,062 - tpp_runner.py[pid:9464;line:140:_train_model] - CRITICAL: current best loglike on valid set is -0.8269 (updated at epoch-30), best updated at this epoch[0m
[38;20m2026-09-28 09:07:25,202 - tpp_runner.py[pid:9464;line:104:_train_model] - INFO: [ Epoch 31 (train) ]: train loglike is -0.4838537418076344, num_events is 33274, mark_ll is -1.4997345959401485, time_ll is 1.0158808839402105[0m
[38;20m2026-09-28 09:07:25,436 - tpp_runner.py[pid:9464;line:116:_train_model] - INFO: [ Epoch 31 (valid) ]:  valid loglike is -0.8091909920866825, num_events is 9144, mark_ll is -1.5116210830701826, time_ll is 0.7024301644072445[0m
[38;20m2026-09-28 09:07:25,802 - tpp_runner.py[pid:9464;line:136:_train_model] - INFO: [ Epoch 31 (test) ]: test loglike is -0.3500964927120027, num_events is 14478, mark_ll is -1.5547313434607681, time_ll is 1.2046348338858959[0m
[31;1m2026-09-28 09:07:25,802 - tpp_runner.py[pid:9464;line:140:_train_model] - CRITICAL: current best loglike on valid set is -0.8092 (updated at epoch-31), best updated at this epoch[0m
[38;20m2026-09-28 09:07:28,981 - tpp_runner.py[pid:9464;line:104:_train_model] - INFO: [ Epoch 32 (train) ]: train loglike is -0.472970880782539, num_events is 33274, mark_ll is -1.499546416742896, time_ll is 1.0265755515520751[0m
[38;20m2026-09-28 09:07:29,215 - tpp_runner.py[pid:9464;line:116:_train_model] - INFO: [ Epoch 32 (valid) ]:  valid loglike is -0.8394921971118356, num_events is 9144, mark_ll is -1.5118234389097358, time_ll is 0.6723311750490417[0m
[38;20m2026-09-28 09:07:29,578 - tpp_runner.py[pid:9464;line:136:_train_model] - INFO: [ Epoch 32 (test) ]: test loglike is -0.3267850763874499, num_events is 14478, mark_ll is -1.555751142358233, time_ll is 1.2289661334222615[0m
[31;1m2026-09-28 09:07:29,578 - tpp_runner.py[pid:9464;line:140:_train_model] - CRITICAL: current best loglike on valid set is -0.8092 (updated at epoch-31)[0m
[38;20m2026-09-28 09:07:32,724 - tpp_runner.py[pid:9464;line:104:_train_model] - INFO: [ Epoch 33 (train) ]: train loglike is -0.5348884317460324, num_events is 33274, mark_ll is -1.5093563002104684, time_ll is 0.9744678205428319[0m
[38;20m2026-09-28 09:07:32,956 - tpp_runner.py[pid:9464;line:116:_train_model] - INFO: [ Epoch 33 (valid) ]:  valid loglike is -0.9667405389633913, num_events is 9144, mark_ll is -1.5237157893410296, time_ll is 0.5569753304762686[0m
[38;20m2026-09-28 09:07:33,319 - tpp_runner.py[pid:9464;line:136:_train_model] - INFO: [ Epoch 33 (test) ]: test loglike is -0.45715308423232665, num_events is 14478, mark_ll is -1.5455290732058986, time_ll is 1.0883760395621807[0m
[31;1m2026-09-28 09:07:33,319 - tpp_runner.py[pid:9464;line:140:_train_model] - CRITICAL: current best loglike on valid set is -0.8092 (updated at epoch-31)[0m
[38;20m2026-09-28 09:07:36,465 - tpp_runner.py[pid:9464;line:104:_train_model] - INFO: [ Epoch 34 (train) ]: train loglike is -0.6038140922152466, num_events is 33274, mark_ll is -1.5051057630629396, time_ll is 0.9012916575488745[0m
[38;20m2026-09-28 09:07:36,711 - tpp_runner.py[pid:9464;line:116:_train_model] - INFO: [ Epoch 34 (valid) ]:  valid loglike is -0.8865476593257874, num_events is 9144, mark_ll is -1.5170641187399183, time_ll is 0.6305164460643592[0m
[38;20m2026-09-28 09:07:37,066 - tpp_runner.py[pid:9464;line:136:_train_model] - INFO: [ Epoch 34 (test) ]: test loglike is -0.3680029546445469, num_events is 14478, mark_ll is -1.5699430008029425, time_ll is 1.2019400124326565[0m
[31;1m2026-09-28 09:07:37,066 - tpp_runner.py[pid:9464;line:140:_train_model] - CRITICAL: current best loglike on valid set is -0.8092 (updated at epoch-31)[0m
[38;20m2026-09-28 09:07:40,187 - tpp_runner.py[pid:9464;line:104:_train_model] - INFO: [ Epoch 35 (train) ]: train loglike is -0.46602679591572416, num_events is 33274, mark_ll is -1.5034296570356172, time_ll is 1.0374028514897142[0m
[38;20m2026-09-28 09:07:40,431 - tpp_runner.py[pid:9464;line:116:_train_model] - INFO: [ Epoch 35 (valid) ]:  valid loglike is -0.7899405144852499, num_events is 9144, mark_ll is -1.5120007906268798, time_ll is 0.722060269466744[0m
[38;20m2026-09-28 09:07:40,797 - tpp_runner.py[pid:9464;line:136:_train_model] - INFO: [ Epoch 35 (test) ]: test loglike is -0.33624410069372496, num_events is 14478, mark_ll is -1.5470494295223787, time_ll is 1.2108052951029147[0m
[31;1m2026-09-28 09:07:40,797 - tpp_runner.py[pid:9464;line:140:_train_model] - CRITICAL: current best loglike on valid set is -0.7899 (updated at epoch-35), best updated at this epoch[0m
[38;20m2026-09-28 09:07:43,904 - tpp_runner.py[pid:9464;line:104:_train_model] - INFO: [ Epoch 36 (train) ]: train loglike is -0.45121273791237565, num_events is 33274, mark_ll is -1.505082012290471, time_ll is 1.0538692906576832[0m
[38;20m2026-09-28 09:07:44,128 - tpp_runner.py[pid:9464;line:116:_train_model] - INFO: [ Epoch 36 (valid) ]:  valid loglike is -0.8720838491685121, num_events is 9144, mark_ll is -1.509966752660556, time_ll is 0.6378828534304001[0m
[38;20m2026-09-28 09:07:44,502 - tpp_runner.py[pid:9464;line:136:_train_model] - INFO: [ Epoch 36 (test) ]: test loglike is -0.38956737768618765, num_events is 14478, mark_ll is -1.5444327168807845, time_ll is 1.1548652886059885[0m
[31;1m2026-09-28 09:07:44,502 - tpp_runner.py[pid:9464;line:140:_train_model] - CRITICAL: current best loglike on valid set is -0.7899 (updated at epoch-35)[0m
[38;20m2026-09-28 09:07:47,644 - tpp_runner.py[pid:9464;line:104:_train_model] - INFO: [ Epoch 37 (train) ]: train loglike is -0.5283541804631972, num_events is 33274, mark_ll is -1.4950710837067323, time_ll is 0.96671686380566[0m
[38;20m2026-09-28 09:07:47,872 - tpp_runner.py[pid:9464;line:116:_train_model] - INFO: [ Epoch 37 (valid) ]:  valid loglike is -0.8557844454013561, num_events is 9144, mark_ll is -1.5184759772460084, time_ll is 0.6626916386428259[0m
[38;20m2026-09-28 09:07:48,227 - tpp_runner.py[pid:9464;line:136:_train_model] - INFO: [ Epoch 37 (test) ]: test loglike is -0.32884114920590723, num_events is 14478, mark_ll is -1.5710214824863586, time_ll is 1.2421803501433208[0m
[31;1m2026-09-28 09:07:48,227 - tpp_runner.py[pid:9464;line:140:_train_model] - CRITICAL: current best loglike on valid set is -0.7899 (updated at epoch-35)[0m
[38;20m2026-09-28 09:07:51,358 - tpp_runner.py[pid:9464;line:104:_train_model] - INFO: [ Epoch 38 (train) ]: train loglike is -0.39674717180357894, num_events is 33274, mark_ll is -1.5045659190840164, time_ll is 1.1078187557641666[0m
[38;20m2026-09-28 09:07:51,590 - tpp_runner.py[pid:9464;line:116:_train_model] - INFO: [ Epoch 38 (valid) ]:  valid loglike is -0.7536868865512905, num_events is 9144, mark_ll is -1.5136955174456952, time_ll is 0.7600086108697472[0m
[38;20m2026-09-28 09:07:51,954 - tpp_runner.py[pid:9464;line:136:_train_model] - INFO: [ Epoch 38 (test) ]: test loglike is -0.3065622295195728, num_events is 14478, mark_ll is -1.5634254342795966, time_ll is 1.2568631878971543[0m
[31;1m2026-09-28 09:07:51,954 - tpp_runner.py[pid:9464;line:140:_train_model] - CRITICAL: current best loglike on valid set is -0.7537 (updated at epoch-38), best updated at this epoch[0m
[38;20m2026-09-28 09:07:55,076 - tpp_runner.py[pid:9464;line:104:_train_model] - INFO: [ Epoch 39 (train) ]: train loglike is -0.3827621012616202, num_events is 33274, mark_ll is -1.5040280194840565, time_ll is 1.1212659192542413[0m
[38;20m2026-09-28 09:07:55,299 - tpp_runner.py[pid:9464;line:116:_train_model] - INFO: [ Epoch 39 (valid) ]:  valid loglike is -0.7668142510628554, num_events is 9144, mark_ll is -1.51700200225216, time_ll is 0.7501877645390762[0m
[38;20m2026-09-28 09:07:55,660 - tpp_runner.py[pid:9464;line:136:_train_model] - INFO: [ Epoch 39 (test) ]: test loglike is -0.2841975284159587, num_events is 14478, mark_ll is -1.5620924581692914, time_ll is 1.2778948960275935[0m
[31;1m2026-09-28 09:07:55,660 - tpp_runner.py[pid:9464;line:140:_train_model] - CRITICAL: current best loglike on valid set is -0.7537 (updated at epoch-38)[0m
[38;20m2026-09-28 09:07:58,769 - tpp_runner.py[pid:9464;line:104:_train_model] - INFO: [ Epoch 40 (train) ]: train loglike is -0.37011196358656595, num_events is 33274, mark_ll is -1.505167975852486, time_ll is 1.1350560491816057[0m
[38;20m2026-09-28 09:07:59,007 - tpp_runner.py[pid:9464;line:116:_train_model] - INFO: [ Epoch 40 (valid) ]:  valid loglike is -0.7488990176276793, num_events is 9144, mark_ll is -1.5142585974665765, time_ll is 0.7653595664891254[0m
[38;20m2026-09-28 09:07:59,370 - tpp_runner.py[pid:9464;line:136:_train_model] - INFO: [ Epoch 40 (test) ]: test loglike is -0.2728805784395937, num_events is 14478, mark_ll is -1.5495031119413938, time_ll is 1.2766224238931483[0m
[31;1m2026-09-28 09:07:59,370 - tpp_runner.py[pid:9464;line:140:_train_model] - CRITICAL: current best loglike on valid set is -0.7489 (updated at epoch-40), best updated at this epoch[0m
[38;20m2026-09-28 09:08:02,531 - tpp_runner.py[pid:9464;line:104:_train_model] - INFO: [ Epoch 41 (train) ]: train loglike is -0.3542933878205305, num_events is 33274, mark_ll is -1.4993552989653616, time_ll is 1.145061893030923[0m
[38;20m2026-09-28 09:08:02,776 - tpp_runner.py[pid:9464;line:116:_train_model] - INFO: [ Epoch 41 (valid) ]:  valid loglike is -0.755658701231682, num_events is 9144, mark_ll is -1.5121179348736193, time_ll is 0.7564592837035813[0m
[38;20m2026-09-28 09:08:03,130 - tpp_runner.py[pid:9464;line:136:_train_model] - INFO: [ Epoch 41 (test) ]: test loglike is -0.29023223510185714, num_events is 14478, mark_ll is -1.5595743595886862, time_ll is 1.2693420486039162[0m
[31;1m2026-09-28 09:08:03,130 - tpp_runner.py[pid:9464;line:140:_train_model] - CRITICAL: current best loglike on valid set is -0.7489 (updated at epoch-40)[0m
[38;20m2026-09-28 09:08:06,287 - tpp_runner.py[pid:9464;line:104:_train_model] - INFO: [ Epoch 42 (train) ]: train loglike is -0.36953832432936684, num_events is 33274, mark_ll is -1.5035433738558541, time_ll is 1.1340050279732299[0m
[38;20m2026-09-28 09:08:06,519 - tpp_runner.py[pid:9464;line:116:_train_model] - INFO: [ Epoch 42 (valid) ]:  valid loglike is -0.9050962593298885, num_events is 9144, mark_ll is -1.5265153566161895, time_ll is 0.6214191373356163[0m
[38;20m2026-09-28 09:08:06,889 - tpp_runner.py[pid:9464;line:136:_train_model] - INFO: [ Epoch 42 (test) ]: test loglike is -0.3519162830026592, num_events is 14478, mark_ll is -1.5815476903534673, time_ll is 1.22963133989933[0m
[31;1m2026-09-28 09:08:06,889 - tpp_runner.py[pid:9464;line:140:_train_model] - CRITICAL: current best loglike on valid set is -0.7489 (updated at epoch-40)[0m
[38;20m2026-09-28 09:08:10,038 - tpp_runner.py[pid:9464;line:104:_train_model] - INFO: [ Epoch 43 (train) ]: train loglike is -0.3933314278541781, num_events is 33274, mark_ll is -1.5057180443298446, time_ll is 1.112386578872111[0m
[38;20m2026-09-28 09:08:10,266 - tpp_runner.py[pid:9464;line:116:_train_model] - INFO: [ Epoch 43 (valid) ]:  valid loglike is -0.7886574679263725, num_events is 9144, mark_ll is -1.5087936414716958, time_ll is 0.7201362269444103[0m
[38;20m2026-09-28 09:08:10,629 - tpp_runner.py[pid:9464;line:136:_train_model] - INFO: [ Epoch 43 (test) ]: test loglike is -0.29490057719578844, num_events is 14478, mark_ll is -1.5489529102344937, time_ll is 1.2540523499015748[0m
[31;1m2026-09-28 09:08:10,629 - tpp_runner.py[pid:9464;line:140:_train_model] - CRITICAL: current best loglike on valid set is -0.7489 (updated at epoch-40)[0m
[38;20m2026-09-28 09:08:13,728 - tpp_runner.py[pid:9464;line:104:_train_model] - INFO: [ Epoch 44 (train) ]: train loglike is -0.3285816997664045, num_events is 33274, mark_ll is -1.503752108440524, time_ll is 1.175170388496602[0m
[38;20m2026-09-28 09:08:13,976 - tpp_runner.py[pid:9464;line:116:_train_model] - INFO: [ Epoch 44 (valid) ]:  valid loglike is -0.7317063539359826, num_events is 9144, mark_ll is -1.5155668750939824, time_ll is 0.7838604644214701[0m
[38;20m2026-09-28 09:08:14,341 - tpp_runner.py[pid:9464;line:136:_train_model] - INFO: [ Epoch 44 (test) ]: test loglike is -0.25239783259514437, num_events is 14478, mark_ll is -1.5518383495648571, time_ll is 1.2994404495182346[0m
[31;1m2026-09-28 09:08:14,341 - tpp_runner.py[pid:9464;line:140:_train_model] - CRITICAL: current best loglike on valid set is -0.7317 (updated at epoch-44), best updated at this epoch[0m
[38;20m2026-09-28 09:08:17,478 - tpp_runner.py[pid:9464;line:104:_train_model] - INFO: [ Epoch 45 (train) ]: train loglike is -0.3293367094551348, num_events is 33274, mark_ll is -1.5062953561245267, time_ll is 1.1769586338291533[0m
[38;20m2026-09-28 09:08:17,710 - tpp_runner.py[pid:9464;line:116:_train_model] - INFO: [ Epoch 45 (valid) ]:  valid loglike is -0.7904365920019275, num_events is 9144, mark_ll is -1.5156607907379498, time_ll is 0.7252241853862506[0m
[38;20m2026-09-28 09:08:18,073 - tpp_runner.py[pid:9464;line:136:_train_model] - INFO: [ Epoch 45 (test) ]: test loglike is -0.2762090980981921, num_events is 14478, mark_ll is -1.5493112124861859, time_ll is 1.2731020637993853[0m
[31;1m2026-09-28 09:08:18,073 - tpp_runner.py[pid:9464;line:140:_train_model] - CRITICAL: current best loglike on valid set is -0.7317 (updated at epoch-44)[0m
[38;20m2026-09-28 09:08:21,201 - tpp_runner.py[pid:9464;line:104:_train_model] - INFO: [ Epoch 46 (train) ]: train loglike is -0.38433821576643484, num_events is 33274, mark_ll is -1.4953885971228005, time_ll is 1.1110503906426095[0m
[38;20m2026-09-28 09:08:21,438 - tpp_runner.py[pid:9464;line:116:_train_model] - INFO: [ Epoch 46 (valid) ]:  valid loglike is -0.800822153700514, num_events is 9144, mark_ll is -1.5242616615061788, time_ll is 0.7234394210321489[0m
[38;20m2026-09-28 09:08:21,799 - tpp_runner.py[pid:9464;line:136:_train_model] - INFO: [ Epoch 46 (test) ]: test loglike is -0.29727012232730265, num_events is 14478, mark_ll is -1.5795068784319313, time_ll is 1.282236815124672[0m
[31;1m2026-09-28 09:08:21,799 - tpp_runner.py[pid:9464;line:140:_train_model] - CRITICAL: current best loglike on valid set is -0.7317 (updated at epoch-44)[0m
[38;20m2026-09-28 09:08:24,973 - tpp_runner.py[pid:9464;line:104:_train_model] - INFO: [ Epoch 47 (train) ]: train loglike is -0.329293392222898, num_events is 33274, mark_ll is -1.5038454826544374, time_ll is 1.1745520649803525[0m
[38;20m2026-09-28 09:08:25,209 - tpp_runner.py[pid:9464;line:116:_train_model] - INFO: [ Epoch 47 (valid) ]:  valid loglike is -0.7629539776766185, num_events is 9144, mark_ll is -1.5124545093179271, time_ll is 0.7495004648924499[0m
[38;20m2026-09-28 09:08:25,570 - tpp_runner.py[pid:9464;line:136:_train_model] - INFO: [ Epoch 47 (test) ]: test loglike is -0.2818285313277041, num_events is 14478, mark_ll is -1.5530501153690082, time_ll is 1.271221651492782[0m
[31;1m2026-09-28 09:08:25,570 - tpp_runner.py[pid:9464;line:140:_train_model] - CRITICAL: current best loglike on valid set is -0.7317 (updated at epoch-44)[0m
[38;20m2026-09-28 09:08:28,684 - tpp_runner.py[pid:9464;line:104:_train_model] - INFO: [ Epoch 48 (train) ]: train loglike is -0.3267061033235717, num_events is 33274, mark_ll is -1.5030626536719736, time_ll is 1.1763565220310903[0m
[38;20m2026-09-28 09:08:28,915 - tpp_runner.py[pid:9464;line:116:_train_model] - INFO: [ Epoch 48 (valid) ]:  valid loglike is -0.7283480853650618, num_events is 9144, mark_ll is -1.5184055705500192, time_ll is 0.7900575319091583[0m
[38;20m2026-09-28 09:08:29,274 - tpp_runner.py[pid:9464;line:136:_train_model] - INFO: [ Epoch 48 (test) ]: test loglike is -0.23092097000351827, num_events is 14478, mark_ll is -1.5716151229451583, time_ll is 1.340694110784466[0m
[31;1m2026-09-28 09:08:29,274 - tpp_runner.py[pid:9464;line:140:_train_model] - CRITICAL: current best loglike on valid set is -0.7283 (updated at epoch-48), best updated at this epoch[0m
[38;20m2026-09-28 09:08:32,384 - tpp_runner.py[pid:9464;line:104:_train_model] - INFO: [ Epoch 49 (train) ]: train loglike is -0.29823927395818267, num_events is 33274, mark_ll is -1.5008551892290152, time_ll is 1.202615877208697[0m
[38;20m2026-09-28 09:08:32,607 - tpp_runner.py[pid:9464;line:116:_train_model] - INFO: [ Epoch 49 (valid) ]:  valid loglike is -0.6710637076737478, num_events is 9144, mark_ll is -1.5159152507364801, time_ll is 0.844851516363189[0m
[38;20m2026-09-28 09:08:32,985 - tpp_runner.py[pid:9464;line:136:_train_model] - INFO: [ Epoch 49 (test) ]: test loglike is -0.19511067674607593, num_events is 14478, mark_ll is -1.5651877390480384, time_ll is 1.3700770538705278[0m
[31;1m2026-09-28 09:08:32,985 - tpp_runner.py[pid:9464;line:140:_train_model] - CRITICAL: current best loglike on valid set is -0.6711 (updated at epoch-49), best updated at this epoch[0m
[38;20m2026-09-28 09:08:36,081 - tpp_runner.py[pid:9464;line:104:_train_model] - INFO: [ Epoch 50 (train) ]: train loglike is -0.26264522066624785, num_events is 33274, mark_ll is -1.5052601027289514, time_ll is 1.2426148561529367[0m
[38;20m2026-09-28 09:08:36,318 - tpp_runner.py[pid:9464;line:116:_train_model] - INFO: [ Epoch 50 (valid) ]:  valid loglike is -0.6611816459649087, num_events is 9144, mark_ll is -1.5202626172430351, time_ll is 0.8590809779530122[0m
[38;20m2026-09-28 09:08:36,679 - tpp_runner.py[pid:9464;line:136:_train_model] - INFO: [ Epoch 50 (test) ]: test loglike is -0.1930301696296752, num_events is 14478, mark_ll is -1.5753905845291132, time_ll is 1.382360305290786[0m
[31;1m2026-09-28 09:08:36,679 - tpp_runner.py[pid:9464;line:140:_train_model] - CRITICAL: current best loglike on valid set is -0.6612 (updated at epoch-50), best updated at this epoch[0m
[38;20m2026-09-28 09:08:39,810 - tpp_runner.py[pid:9464;line:104:_train_model] - INFO: [ Epoch 51 (train) ]: train loglike is -0.25390945891315936, num_events is 33274, mark_ll is -1.505387195409, time_ll is 1.2514777060002742[0m
[38;20m2026-09-28 09:08:40,042 - tpp_runner.py[pid:9464;line:116:_train_model] - INFO: [ Epoch 51 (valid) ]:  valid loglike is -0.7147083299157918, num_events is 9144, mark_ll is -1.5143406184639518, time_ll is 0.7996322351490731[0m
[38;20m2026-09-28 09:08:40,402 - tpp_runner.py[pid:9464;line:136:_train_model] - INFO: [ Epoch 51 (test) ]: test loglike is -0.19742558618032532, num_events is 14478, mark_ll is -1.5552211086432863, time_ll is 1.3577955561887[0m
[31;1m2026-09-28 09:08:40,402 - tpp_runner.py[pid:9464;line:140:_train_model] - CRITICAL: current best loglike on valid set is -0.6612 (updated at epoch-50)[0m
[38;20m2026-09-28 09:08:43,515 - tpp_runner.py[pid:9464;line:104:_train_model] - INFO: [ Epoch 52 (train) ]: train loglike is -0.254439597047564, num_events is 33274, mark_ll is -1.5067621464840228, time_ll is 1.252322571677586[0m
[38;20m2026-09-28 09:08:43,737 - tpp_runner.py[pid:9464;line:116:_train_model] - INFO: [ Epoch 52 (valid) ]:  valid loglike is -0.6849904565152012, num_events is 9144, mark_ll is -1.5138076822275877, time_ll is 0.8288172323872723[0m
[38;20m2026-09-28 09:08:44,108 - tpp_runner.py[pid:9464;line:136:_train_model] - INFO: [ Epoch 52 (test) ]: test loglike is -0.21805202053600722, num_events is 14478, mark_ll is -1.5545467962166735, time_ll is 1.336494784112101[0m
[31;1m2026-09-28 09:08:44,108 - tpp_runner.py[pid:9464;line:140:_train_model] - CRITICAL: current best loglike on valid set is -0.6612 (updated at epoch-50)[0m
[38;20m2026-09-28 09:08:47,225 - tpp_runner.py[pid:9464;line:104:_train_model] - INFO: [ Epoch 53 (train) ]: train loglike is -0.2996977028626336, num_events is 33274, mark_ll is -1.5025578562067041, time_ll is 1.202860175585198[0m
[38;20m2026-09-28 09:08:47,452 - tpp_runner.py[pid:9464;line:116:_train_model] - INFO: [ Epoch 53 (valid) ]:  valid loglike is -0.7210295536178095, num_events is 9144, mark_ll is -1.532841586482598, time_ll is 0.8118121396629621[0m
[38;20m2026-09-28 09:08:47,805 - tpp_runner.py[pid:9464;line:136:_train_model] - INFO: [ Epoch 53 (test) ]: test loglike is -0.25664537021148465, num_events is 14478, mark_ll is -1.5897972084801077, time_ll is 1.3331518214057536[0m
[31;1m2026-09-28 09:08:47,805 - tpp_runner.py[pid:9464;line:140:_train_model] - CRITICAL: current best loglike on valid set is -0.6612 (updated at epoch-50)[0m
[38;20m2026-09-28 09:08:50,944 - tpp_runner.py[pid:9464;line:104:_train_model] - INFO: [ Epoch 54 (train) ]: train loglike is -0.2875030543029312, num_events is 33274, mark_ll is -1.5089738151879095, time_ll is 1.2214708025011083[0m
[38;20m2026-09-28 09:08:51,177 - tpp_runner.py[pid:9464;line:116:_train_model] - INFO: [ Epoch 54 (valid) ]:  valid loglike is -0.706389606572616, num_events is 9144, mark_ll is -1.5197592774505482, time_ll is 0.8133696174788454[0m
[38;20m2026-09-28 09:08:51,537 - tpp_runner.py[pid:9464;line:136:_train_model] - INFO: [ Epoch 54 (test) ]: test loglike is -0.19264648032791132, num_events is 14478, mark_ll is -1.57338774778975, time_ll is 1.3807412000103605[0m
[31;1m2026-09-28 09:08:51,537 - tpp_runner.py[pid:9464;line:140:_train_model] - CRITICAL: current best loglike on valid set is -0.6612 (updated at epoch-50)[0m
[38;20m2026-09-28 09:08:54,635 - tpp_runner.py[pid:9464;line:104:_train_model] - INFO: [ Epoch 55 (train) ]: train loglike is -0.2669385288773, num_events is 33274, mark_ll is -1.5141899309286155, time_ll is 1.2472514258974725[0m
[38;20m2026-09-28 09:08:54,863 - tpp_runner.py[pid:9464;line:116:_train_model] - INFO: [ Epoch 55 (valid) ]:  valid loglike is -0.6917982526964402, num_events is 9144, mark_ll is -1.5178595515373812, time_ll is 0.8260612654665115[0m
[38;20m2026-09-28 09:08:55,226 - tpp_runner.py[pid:9464;line:136:_train_model] - INFO: [ Epoch 55 (test) ]: test loglike is -0.20536927087380422, num_events is 14478, mark_ll is -1.560084427666114, time_ll is 1.3547151146351362[0m
[31;1m2026-09-28 09:08:55,226 - tpp_runner.py[pid:9464;line:140:_train_model] - CRITICAL: current best loglike on valid set is -0.6612 (updated at epoch-50)[0m
[38;20m2026-09-28 09:08:58,360 - tpp_runner.py[pid:9464;line:104:_train_model] - INFO: [ Epoch 56 (train) ]: train loglike is -0.2612082026301005, num_events is 33274, mark_ll is -1.5022787534467603, time_ll is 1.2410705826879658[0m
[38;20m2026-09-28 09:08:58,602 - tpp_runner.py[pid:9464;line:116:_train_model] - INFO: [ Epoch 56 (valid) ]:  valid loglike is -0.6762251299092984, num_events is 9144, mark_ll is -1.5335371362881398, time_ll is 0.8573120597779281[0m
[38;20m2026-09-28 09:08:58,961 - tpp_runner.py[pid:9464;line:136:_train_model] - INFO: [ Epoch 56 (test) ]: test loglike is -0.20146253185058796, num_events is 14478, mark_ll is -1.5859024252313856, time_ll is 1.384439766909276[0m
[31;1m2026-09-28 09:08:58,963 - tpp_runner.py[pid:9464;line:140:_train_model] - CRITICAL: current best loglike on valid set is -0.6612 (updated at epoch-50)[0m
[38;20m2026-09-28 09:09:02,069 - tpp_runner.py[pid:9464;line:104:_train_model] - INFO: [ Epoch 57 (train) ]: train loglike is -0.23727691498142084, num_events is 33274, mark_ll is -1.5120838089846802, time_ll is 1.274806856399704[0m
[38;20m2026-09-28 09:09:02,303 - tpp_runner.py[pid:9464;line:116:_train_model] - INFO: [ Epoch 57 (valid) ]:  valid loglike is -0.7007745590944199, num_events is 9144, mark_ll is -1.5187796845523704, time_ll is 0.8180050987584071[0m
[38;20m2026-09-28 09:09:02,667 - tpp_runner.py[pid:9464;line:136:_train_model] - INFO: [ Epoch 57 (test) ]: test loglike is -0.18176303256989051, num_events is 14478, mark_ll is -1.5610417664948542, time_ll is 1.3792787170620942[0m
[31;1m2026-09-28 09:09:02,667 - tpp_runner.py[pid:9464;line:140:_train_model] - CRITICAL: current best loglike on valid set is -0.6612 (updated at epoch-50)[0m
[38;20m2026-09-28 09:09:05,758 - tpp_runner.py[pid:9464;line:104:_train_model] - INFO: [ Epoch 58 (train) ]: train loglike is -0.24313081086824784, num_events is 33274, mark_ll is -1.5108723875177503, time_ll is 1.267741555554825[0m
[38;20m2026-09-28 09:09:05,995 - tpp_runner.py[pid:9464;line:116:_train_model] - INFO: [ Epoch 58 (valid) ]:  valid loglike is -0.6520009812616196, num_events is 9144, mark_ll is -1.5307765369965962, time_ll is 0.8787755690847482[0m
[38;20m2026-09-28 09:09:06,365 - tpp_runner.py[pid:9464;line:136:_train_model] - INFO: [ Epoch 58 (test) ]: test loglike is -0.14347047432958626, num_events is 14478, mark_ll is -1.5834840199354192, time_ll is 1.4400135118800939[0m
[31;1m2026-09-28 09:09:06,365 - tpp_runner.py[pid:9464;line:140:_train_model] - CRITICAL: current best loglike on valid set is -0.6520 (updated at epoch-58), best updated at this epoch[0m
[38;20m2026-09-28 09:09:09,481 - tpp_runner.py[pid:9464;line:104:_train_model] - INFO: [ Epoch 59 (train) ]: train loglike is -0.22087768483149028, num_events is 33274, mark_ll is -1.5069678544410614, time_ll is 1.2860901719024709[0m
[38;20m2026-09-28 09:09:09,713 - tpp_runner.py[pid:9464;line:116:_train_model] - INFO: [ Epoch 59 (valid) ]:  valid loglike is -0.6456749249422435, num_events is 9144, mark_ll is -1.5287846576093271, time_ll is 0.8831097326670836[0m
[38;20m2026-09-28 09:09:10,281 - tpp_runner.py[pid:9464;line:136:_train_model] - INFO: [ Epoch 59 (test) ]: test loglike is -0.1519080513929, num_events is 14478, mark_ll is -1.5728477312560436, time_ll is 1.4209397178046002[0m
[31;1m2026-09-28 09:09:10,281 - tpp_runner.py[pid:9464;line:140:_train_model] - CRITICAL: current best loglike on valid set is -0.6457 (updated at epoch-59), best updated at this epoch[0m
[38;20m2026-09-28 09:09:13,390 - tpp_runner.py[pid:9464;line:104:_train_model] - INFO: [ Epoch 60 (train) ]: train loglike is -0.20532833034476172, num_events is 33274, mark_ll is -1.5146325522907338, time_ll is 1.3093041747122378[0m
[38;20m2026-09-28 09:09:13,610 - tpp_runner.py[pid:9464;line:116:_train_model] - INFO: [ Epoch 60 (valid) ]:  valid loglike is -0.7152005092991306, num_events is 9144, mark_ll is -1.5236381470687745, time_ll is 0.8084375710207855[0m
[38;20m2026-09-28 09:09:13,982 - tpp_runner.py[pid:9464;line:136:_train_model] - INFO: [ Epoch 60 (test) ]: test loglike is -0.1874658063163183, num_events is 14478, mark_ll is -1.5631453757425058, time_ll is 1.3756796410933831[0m
[31;1m2026-09-28 09:09:13,982 - tpp_runner.py[pid:9464;line:140:_train_model] - CRITICAL: current best loglike on valid set is -0.6457 (updated at epoch-59)[0m
[38;20m2026-09-28 09:09:17,084 - tpp_runner.py[pid:9464;line:104:_train_model] - INFO: [ Epoch 61 (train) ]: train loglike is -0.225216399565005, num_events is 33274, mark_ll is -1.5124018726966812, time_ll is 1.2871854625843375[0m
[38;20m2026-09-28 09:09:17,321 - tpp_runner.py[pid:9464;line:116:_train_model] - INFO: [ Epoch 61 (valid) ]:  valid loglike is -0.689786255203207, num_events is 9144, mark_ll is -1.5413504372744422, time_ll is 0.8515641820712352[0m
[38;20m2026-09-28 09:09:17,684 - tpp_runner.py[pid:9464;line:136:_train_model] - INFO: [ Epoch 61 (test) ]: test loglike is -0.1948775096334201, num_events is 14478, mark_ll is -1.6103543954620805, time_ll is 1.4154768225928995[0m
[31;1m2026-09-28 09:09:17,684 - tpp_runner.py[pid:9464;line:140:_train_model] - CRITICAL: current best loglike on valid set is -0.6457 (updated at epoch-59)[0m
[38;20m2026-09-28 09:09:20,790 - tpp_runner.py[pid:9464;line:104:_train_model] - INFO: [ Epoch 62 (train) ]: train loglike is -0.21090198986202277, num_events is 33274, mark_ll is -1.5158319076021725, time_ll is 1.3049298760093748[0m
[38;20m2026-09-28 09:09:21,029 - tpp_runner.py[pid:9464;line:116:_train_model] - INFO: [ Epoch 62 (valid) ]:  valid loglike is -0.6954735783454314, num_events is 9144, mark_ll is -1.5259753983999071, time_ll is 0.8305018534289049[0m
[38;20m2026-09-28 09:09:21,382 - tpp_runner.py[pid:9464;line:136:_train_model] - INFO: [ Epoch 62 (test) ]: test loglike is -0.15695344303371928, num_events is 14478, mark_ll is -1.5666000380965948, time_ll is 1.4096465866314407[0m
[31;1m2026-09-28 09:09:21,382 - tpp_runner.py[pid:9464;line:140:_train_model] - CRITICAL: current best loglike on valid set is -0.6457 (updated at epoch-59)[0m
[38;20m2026-09-28 09:09:24,509 - tpp_runner.py[pid:9464;line:104:_train_model] - INFO: [ Epoch 63 (train) ]: train loglike is -0.21502719550577862, num_events is 33274, mark_ll is -1.5155340837745874, time_ll is 1.3005069091341963[0m
[38;20m2026-09-28 09:09:24,747 - tpp_runner.py[pid:9464;line:116:_train_model] - INFO: [ Epoch 63 (valid) ]:  valid loglike is -0.7075841708446112, num_events is 9144, mark_ll is -1.5281139383791627, time_ll is 0.8205297742094372[0m
[38;20m2026-09-28 09:09:25,107 - tpp_runner.py[pid:9464;line:136:_train_model] - INFO: [ Epoch 63 (test) ]: test loglike is -0.1826790700154437, num_events is 14478, mark_ll is -1.5686393660856126, time_ll is 1.3859603255801907[0m
[31;1m2026-09-28 09:09:25,107 - tpp_runner.py[pid:9464;line:140:_train_model] - CRITICAL: current best loglike on valid set is -0.6457 (updated at epoch-59)[0m
[38;20m2026-09-28 09:09:28,271 - tpp_runner.py[pid:9464;line:104:_train_model] - INFO: [ Epoch 64 (train) ]: train loglike is -0.22230635946413327, num_events is 33274, mark_ll is -1.5163372113397002, time_ll is 1.294030843162548[0m
[38;20m2026-09-28 09:09:28,502 - tpp_runner.py[pid:9464;line:116:_train_model] - INFO: [ Epoch 64 (valid) ]:  valid loglike is -0.5846298898611795, num_events is 9144, mark_ll is -1.543455562775112, time_ll is 0.9588256528892751[0m
[38;20m2026-09-28 09:09:28,882 - tpp_runner.py[pid:9464;line:136:_train_model] - INFO: [ Epoch 64 (test) ]: test loglike is -0.16786280059076703, num_events is 14478, mark_ll is -1.612751755896878, time_ll is 1.4448889721689806[0m
[31;1m2026-09-28 09:09:28,882 - tpp_runner.py[pid:9464;line:140:_train_model] - CRITICAL: current best loglike on valid set is -0.5846 (updated at epoch-64), best updated at this epoch[0m
[38;20m2026-09-28 09:09:31,974 - tpp_runner.py[pid:9464;line:104:_train_model] - INFO: [ Epoch 65 (train) ]: train loglike is -0.20064346823417462, num_events is 33274, mark_ll is -1.520573004224864, time_ll is 1.3199295820779737[0m
[38;20m2026-09-28 09:09:32,211 - tpp_runner.py[pid:9464;line:116:_train_model] - INFO: [ Epoch 65 (valid) ]:  valid loglike is -0.6243929324813402, num_events is 9144, mark_ll is -1.5353750260587544, time_ll is 0.9109821870258161[0m
[38;20m2026-09-28 09:09:32,560 - tpp_runner.py[pid:9464;line:136:_train_model] - INFO: [ Epoch 65 (test) ]: test loglike is -0.12594018929043205, num_events is 14478, mark_ll is -1.5836805735426165, time_ll is 1.457740434840793[0m
[31;1m2026-09-28 09:09:32,576 - tpp_runner.py[pid:9464;line:140:_train_model] - CRITICAL: current best loglike on valid set is -0.5846 (updated at epoch-64)[0m
[38;20m2026-09-28 09:09:35,687 - tpp_runner.py[pid:9464;line:104:_train_model] - INFO: [ Epoch 66 (train) ]: train loglike is -0.15825029224015819, num_events is 33274, mark_ll is -1.5146700898106442, time_ll is 1.3564198888278949[0m
[38;20m2026-09-28 09:09:35,923 - tpp_runner.py[pid:9464;line:116:_train_model] - INFO: [ Epoch 66 (valid) ]:  valid loglike is -0.6295792920904418, num_events is 9144, mark_ll is -1.5284811638993123, time_ll is 0.8989017783604686[0m
[38;20m2026-09-28 09:09:36,287 - tpp_runner.py[pid:9464;line:136:_train_model] - INFO: [ Epoch 66 (test) ]: test loglike is -0.1394314123691981, num_events is 14478, mark_ll is -1.571073892284846, time_ll is 1.4316425136413868[0m
[31;1m2026-09-28 09:09:36,287 - tpp_runner.py[pid:9464;line:140:_train_model] - CRITICAL: current best loglike on valid set is -0.5846 (updated at epoch-64)[0m
[38;20m2026-09-28 09:09:39,403 - tpp_runner.py[pid:9464;line:104:_train_model] - INFO: [ Epoch 67 (train) ]: train loglike is -0.17452616209220576, num_events is 33274, mark_ll is -1.5133432969670388, time_ll is 1.3388170812209796[0m
[38;20m2026-09-28 09:09:39,634 - tpp_runner.py[pid:9464;line:116:_train_model] - INFO: [ Epoch 67 (valid) ]:  valid loglike is -0.6350208192359744, num_events is 9144, mark_ll is -1.5300713086065658, time_ll is 0.8950504760208197[0m
[38;20m2026-09-28 09:09:39,990 - tpp_runner.py[pid:9464;line:136:_train_model] - INFO: [ Epoch 67 (test) ]: test loglike is -0.10926498663921122, num_events is 14478, mark_ll is -1.5801125927053115, time_ll is 1.4708476735175784[0m
[31;1m2026-09-28 09:09:39,990 - tpp_runner.py[pid:9464;line:140:_train_model] - CRITICAL: current best loglike on valid set is -0.5846 (updated at epoch-64)[0m
[38;20m2026-09-28 09:09:43,107 - tpp_runner.py[pid:9464;line:104:_train_model] - INFO: [ Epoch 68 (train) ]: train loglike is -0.15116800559414703, num_events is 33274, mark_ll is -1.5128884516979286, time_ll is 1.3617205116807136[0m
[38;20m2026-09-28 09:09:43,328 - tpp_runner.py[pid:9464;line:116:_train_model] - INFO: [ Epoch 68 (valid) ]:  valid loglike is -0.6850958930121528, num_events is 9144, mark_ll is -1.527500316122594, time_ll is 0.8424043830611262[0m
[38;20m2026-09-28 09:09:43,704 - tpp_runner.py[pid:9464;line:136:_train_model] - INFO: [ Epoch 68 (test) ]: test loglike is -0.122554892350139, num_events is 14478, mark_ll is -1.5756991750414422, time_ll is 1.453144291122738[0m
[31;1m2026-09-28 09:09:43,704 - tpp_runner.py[pid:9464;line:140:_train_model] - CRITICAL: current best loglike on valid set is -0.5846 (updated at epoch-64)[0m
[38;20m2026-09-28 09:09:46,833 - tpp_runner.py[pid:9464;line:104:_train_model] - INFO: [ Epoch 69 (train) ]: train loglike is -0.1427524867249544, num_events is 33274, mark_ll is -1.5134362382814848, time_ll is 1.370683640121604[0m
[38;20m2026-09-28 09:09:47,064 - tpp_runner.py[pid:9464;line:116:_train_model] - INFO: [ Epoch 69 (valid) ]:  valid loglike is -0.6014630175012303, num_events is 9144, mark_ll is -1.5286929580274633, time_ll is 0.9272298270531736[0m
[38;20m2026-09-28 09:09:47,425 - tpp_runner.py[pid:9464;line:136:_train_model] - INFO: [ Epoch 69 (test) ]: test loglike is -0.1153584983668648, num_events is 14478, mark_ll is -1.5721617497237188, time_ll is 1.456803264004006[0m
[31;1m2026-09-28 09:09:47,425 - tpp_runner.py[pid:9464;line:140:_train_model] - CRITICAL: current best loglike on valid set is -0.5846 (updated at epoch-64)[0m
[38;20m2026-09-28 09:09:50,553 - tpp_runner.py[pid:9464;line:104:_train_model] - INFO: [ Epoch 70 (train) ]: train loglike is -0.14403566311290933, num_events is 33274, mark_ll is -1.5114610500832106, time_ll is 1.3674254186123174[0m
[38;20m2026-09-28 09:09:50,801 - tpp_runner.py[pid:9464;line:116:_train_model] - INFO: [ Epoch 70 (valid) ]:  valid loglike is -0.5996803156868575, num_events is 9144, mark_ll is -1.5319500353288358, time_ll is 0.932269779715951[0m
[38;20m2026-09-28 09:09:52,409 - tpp_runner.py[pid:9464;line:136:_train_model] - INFO: [ Epoch 70 (test) ]: test loglike is -0.09386641071191527, num_events is 14478, mark_ll is -1.5754628250621632, time_ll is 1.4815964038109546[0m
[31;1m2026-09-28 09:09:52,409 - tpp_runner.py[pid:9464;line:140:_train_model] - CRITICAL: current best loglike on valid set is -0.5846 (updated at epoch-64)[0m
[38;20m2026-09-28 09:09:55,529 - tpp_runner.py[pid:9464;line:104:_train_model] - INFO: [ Epoch 71 (train) ]: train loglike is -0.12715645476144805, num_events is 33274, mark_ll is -1.5129600928911275, time_ll is 1.385803706916671[0m
[38;20m2026-09-28 09:09:55,759 - tpp_runner.py[pid:9464;line:116:_train_model] - INFO: [ Epoch 71 (valid) ]:  valid loglike is -0.6536426827872102, num_events is 9144, mark_ll is -1.5301318631710343, time_ll is 0.8764891269847372[0m
[38;20m2026-09-28 09:09:56,120 - tpp_runner.py[pid:9464;line:136:_train_model] - INFO: [ Epoch 71 (test) ]: test loglike is -0.10161325091369772, num_events is 14478, mark_ll is -1.5832929298979486, time_ll is 1.4816796389349358[0m
[31;1m2026-09-28 09:09:56,120 - tpp_runner.py[pid:9464;line:140:_train_model] - CRITICAL: current best loglike on valid set is -0.5846 (updated at epoch-64)[0m
[38;20m2026-09-28 09:09:59,240 - tpp_runner.py[pid:9464;line:104:_train_model] - INFO: [ Epoch 72 (train) ]: train loglike is -0.12516667546651009, num_events is 33274, mark_ll is -1.5143789245638486, time_ll is 1.389212228919821[0m
[38;20m2026-09-28 09:09:59,473 - tpp_runner.py[pid:9464;line:116:_train_model] - INFO: [ Epoch 72 (valid) ]:  valid loglike is -0.6283574141855315, num_events is 9144, mark_ll is -1.5329229132918443, time_ll is 0.9045654724067694[0m
[38;20m2026-09-28 09:09:59,839 - tpp_runner.py[pid:9464;line:136:_train_model] - INFO: [ Epoch 72 (test) ]: test loglike is -0.08065615254947701, num_events is 14478, mark_ll is -1.5822143807630542, time_ll is 1.5015581291442188[0m
[31;1m2026-09-28 09:09:59,841 - tpp_runner.py[pid:9464;line:140:_train_model] - CRITICAL: current best loglike on valid set is -0.5846 (updated at epoch-64)[0m
[38;20m2026-09-28 09:10:02,963 - tpp_runner.py[pid:9464;line:104:_train_model] - INFO: [ Epoch 73 (train) ]: train loglike is -0.11610956748618009, num_events is 33274, mark_ll is -1.5136244321532955, time_ll is 1.3975148775073538[0m
[38;20m2026-09-28 09:10:03,199 - tpp_runner.py[pid:9464;line:116:_train_model] - INFO: [ Epoch 73 (valid) ]:  valid loglike is -0.6175124067438348, num_events is 9144, mark_ll is -1.5314377111399893, time_ll is 0.9139252176226385[0m
[38;20m2026-09-28 09:10:03,558 - tpp_runner.py[pid:9464;line:136:_train_model] - INFO: [ Epoch 73 (test) ]: test loglike is -0.08313395097977319, num_events is 14478, mark_ll is -1.5807397565487291, time_ll is 1.4976058097846734[0m
[31;1m2026-09-28 09:10:03,558 - tpp_runner.py[pid:9464;line:140:_train_model] - CRITICAL: current best loglike on valid set is -0.5846 (updated at epoch-64)[0m
[38;20m2026-09-28 09:10:06,686 - tpp_runner.py[pid:9464;line:104:_train_model] - INFO: [ Epoch 74 (train) ]: train loglike is -0.10763705676010525, num_events is 33274, mark_ll is -1.5128407813955715, time_ll is 1.4052037480230435[0m
[38;20m2026-09-28 09:10:06,919 - tpp_runner.py[pid:9464;line:116:_train_model] - INFO: [ Epoch 74 (valid) ]:  valid loglike is -0.6114019225380031, num_events is 9144, mark_ll is -1.530068652001996, time_ll is 0.9186667828630796[0m
[38;20m2026-09-28 09:10:07,281 - tpp_runner.py[pid:9464;line:136:_train_model] - INFO: [ Epoch 74 (test) ]: test loglike is -0.08615995075907196, num_events is 14478, mark_ll is -1.5828870069027146, time_ll is 1.4967270519279252[0m
[31;1m2026-09-28 09:10:07,344 - tpp_runner.py[pid:9464;line:140:_train_model] - CRITICAL: current best loglike on valid set is -0.5846 (updated at epoch-64)[0m
[38;20m2026-09-28 09:10:10,460 - tpp_runner.py[pid:9464;line:104:_train_model] - INFO: [ Epoch 75 (train) ]: train loglike is -0.106523721645305, num_events is 33274, mark_ll is -1.512661927880064, time_ll is 1.4061382018782496[0m
[38;20m2026-09-28 09:10:10,691 - tpp_runner.py[pid:9464;line:116:_train_model] - INFO: [ Epoch 75 (valid) ]:  valid loglike is -0.6377385390607913, num_events is 9144, mark_ll is -1.526996522437869, time_ll is 0.8892579433277628[0m
[38;20m2026-09-28 09:10:11,050 - tpp_runner.py[pid:9464;line:136:_train_model] - INFO: [ Epoch 75 (test) ]: test loglike is -0.08887364387116983, num_events is 14478, mark_ll is -1.5783030719021964, time_ll is 1.4894295439632546[0m
[31;1m2026-09-28 09:10:11,050 - tpp_runner.py[pid:9464;line:140:_train_model] - CRITICAL: current best loglike on valid set is -0.5846 (updated at epoch-64)[0m
[38;20m2026-09-28 09:10:14,195 - tpp_runner.py[pid:9464;line:104:_train_model] - INFO: [ Epoch 76 (train) ]: train loglike is -0.101127663491014, num_events is 33274, mark_ll is -1.5112252996368694, time_ll is 1.4100975957908202[0m
[38;20m2026-09-28 09:10:14,417 - tpp_runner.py[pid:9464;line:116:_train_model] - INFO: [ Epoch 76 (valid) ]:  valid loglike is -0.6037494062021544, num_events is 9144, mark_ll is -1.5342190693265392, time_ll is 0.9304697165234717[0m
[38;20m2026-09-28 09:10:14,797 - tpp_runner.py[pid:9464;line:136:_train_model] - INFO: [ Epoch 76 (test) ]: test loglike is -0.07514116793381014, num_events is 14478, mark_ll is -1.5905405912202997, time_ll is 1.5153995097086959[0m
[31;1m2026-09-28 09:10:14,797 - tpp_runner.py[pid:9464;line:140:_train_model] - CRITICAL: current best loglike on valid set is -0.5846 (updated at epoch-64)[0m
[38;20m2026-09-28 09:10:17,988 - tpp_runner.py[pid:9464;line:104:_train_model] - INFO: [ Epoch 77 (train) ]: train loglike is -0.08784403006761214, num_events is 33274, mark_ll is -1.513216567482306, time_ll is 1.4253725562164716[0m
[38;20m2026-09-28 09:10:18,224 - tpp_runner.py[pid:9464;line:116:_train_model] - INFO: [ Epoch 77 (valid) ]:  valid loglike is -0.5955144660262194, num_events is 9144, mark_ll is -1.5303079600096374, time_ll is 0.934793493983418[0m
[38;20m2026-09-28 09:10:18,588 - tpp_runner.py[pid:9464;line:136:_train_model] - INFO: [ Epoch 77 (test) ]: test loglike is -0.06320492327748486, num_events is 14478, mark_ll is -1.5827179734985841, time_ll is 1.5195129031979555[0m
[31;1m2026-09-28 09:10:18,588 - tpp_runner.py[pid:9464;line:140:_train_model] - CRITICAL: current best loglike on valid set is -0.5846 (updated at epoch-64)[0m
[38;20m2026-09-28 09:10:21,763 - tpp_runner.py[pid:9464;line:104:_train_model] - INFO: [ Epoch 78 (train) ]: train loglike is -0.09952263460355917, num_events is 33274, mark_ll is -1.517290397268466, time_ll is 1.4177677672507063[0m
[38;20m2026-09-28 09:10:21,997 - tpp_runner.py[pid:9464;line:116:_train_model] - INFO: [ Epoch 78 (valid) ]:  valid loglike is -0.6230187870803259, num_events is 9144, mark_ll is -1.5306906312156536, time_ll is 0.9076717640366976[0m
[38;20m2026-09-28 09:10:22,352 - tpp_runner.py[pid:9464;line:136:_train_model] - INFO: [ Epoch 78 (test) ]: test loglike is -0.06786272344313894, num_events is 14478, mark_ll is -1.5800982929919534, time_ll is 1.5122355632252382[0m
[31;1m2026-09-28 09:10:22,352 - tpp_runner.py[pid:9464;line:140:_train_model] - CRITICAL: current best loglike on valid set is -0.5846 (updated at epoch-64)[0m
[38;20m2026-09-28 09:10:25,533 - tpp_runner.py[pid:9464;line:104:_train_model] - INFO: [ Epoch 79 (train) ]: train loglike is -0.09184316268382525, num_events is 33274, mark_ll is -1.5115713330568255, time_ll is 1.4197281378138242[0m
[38;20m2026-09-28 09:10:25,776 - tpp_runner.py[pid:9464;line:116:_train_model] - INFO: [ Epoch 79 (valid) ]:  valid loglike is -0.6058171790415846, num_events is 9144, mark_ll is -1.5376485188802083, time_ll is 0.9318313598632812[0m
[38;20m2026-09-28 09:10:26,138 - tpp_runner.py[pid:9464;line:136:_train_model] - INFO: [ Epoch 79 (test) ]: test loglike is -0.0785430526680702, num_events is 14478, mark_ll is -1.590154161702238, time_ll is 1.511611097440945[0m
[31;1m2026-09-28 09:10:26,138 - tpp_runner.py[pid:9464;line:140:_train_model] - CRITICAL: current best loglike on valid set is -0.5846 (updated at epoch-64)[0m
[38;20m2026-09-28 09:10:29,257 - tpp_runner.py[pid:9464;line:104:_train_model] - INFO: [ Epoch 80 (train) ]: train loglike is -0.0888381428806557, num_events is 33274, mark_ll is -1.51642617951751, time_ll is 1.4275880843291684[0m
[38;20m2026-09-28 09:10:29,491 - tpp_runner.py[pid:9464;line:116:_train_model] - INFO: [ Epoch 80 (valid) ]:  valid loglike is -0.6293653753485893, num_events is 9144, mark_ll is -1.5300016895471074, time_ll is 0.900636367597605[0m
[38;20m2026-09-28 09:10:29,854 - tpp_runner.py[pid:9464;line:136:_train_model] - INFO: [ Epoch 80 (test) ]: test loglike is -0.08178289998119453, num_events is 14478, mark_ll is -1.5803836127443363, time_ll is 1.4986007190867179[0m
[31;1m2026-09-28 09:10:29,854 - tpp_runner.py[pid:9464;line:140:_train_model] - CRITICAL: current best loglike on valid set is -0.5846 (updated at epoch-64)[0m
[38;20m2026-09-28 09:10:33,001 - tpp_runner.py[pid:9464;line:104:_train_model] - INFO: [ Epoch 81 (train) ]: train loglike is -0.08538582740999683, num_events is 33274, mark_ll is -1.5125539598180073, time_ll is 1.4271681424967693[0m
[38;20m2026-09-28 09:10:33,238 - tpp_runner.py[pid:9464;line:116:_train_model] - INFO: [ Epoch 81 (valid) ]:  valid loglike is -0.6336788467847769, num_events is 9144, mark_ll is -1.534638919646763, time_ll is 0.900960072861986[0m
[38;20m2026-09-28 09:10:33,602 - tpp_runner.py[pid:9464;line:136:_train_model] - INFO: [ Epoch 81 (test) ]: test loglike is -0.07545160282249361, num_events is 14478, mark_ll is -1.5886159981955381, time_ll is 1.513164302627262[0m
[31;1m2026-09-28 09:10:33,602 - tpp_runner.py[pid:9464;line:140:_train_model] - CRITICAL: current best loglike on valid set is -0.5846 (updated at epoch-64)[0m
[38;20m2026-09-28 09:10:36,764 - tpp_runner.py[pid:9464;line:104:_train_model] - INFO: [ Epoch 82 (train) ]: train loglike is -0.0947121259447774, num_events is 33274, mark_ll is -1.5142698118862512, time_ll is 1.4195576084414634[0m
[38;20m2026-09-28 09:10:37,001 - tpp_runner.py[pid:9464;line:116:_train_model] - INFO: [ Epoch 82 (valid) ]:  valid loglike is -0.623311974766582, num_events is 9144, mark_ll is -1.529761820849054, time_ll is 0.9064499528806458[0m
[38;20m2026-09-28 09:10:37,351 - tpp_runner.py[pid:9464;line:136:_train_model] - INFO: [ Epoch 82 (test) ]: test loglike is -0.08856844068775685, num_events is 14478, mark_ll is -1.5795089694277524, time_ll is 1.4909405919757563[0m
[31;1m2026-09-28 09:10:37,351 - tpp_runner.py[pid:9464;line:140:_train_model] - CRITICAL: current best loglike on valid set is -0.5846 (updated at epoch-64)[0m
[38;20m2026-09-28 09:10:40,465 - tpp_runner.py[pid:9464;line:104:_train_model] - INFO: [ Epoch 83 (train) ]: train loglike is -0.09420836211870215, num_events is 33274, mark_ll is -1.5126852457530655, time_ll is 1.418476926282298[0m
[38;20m2026-09-28 09:10:40,703 - tpp_runner.py[pid:9464;line:116:_train_model] - INFO: [ Epoch 83 (valid) ]:  valid loglike is -0.6429210539356408, num_events is 9144, mark_ll is -1.5333547250075186, time_ll is 0.8904337244709646[0m
[38;20m2026-09-28 09:10:41,064 - tpp_runner.py[pid:9464;line:136:_train_model] - INFO: [ Epoch 83 (test) ]: test loglike is -0.07160174015033045, num_events is 14478, mark_ll is -1.5865783564934728, time_ll is 1.5149765889409794[0m
[31;1m2026-09-28 09:10:41,065 - tpp_runner.py[pid:9464;line:140:_train_model] - CRITICAL: current best loglike on valid set is -0.5846 (updated at epoch-64)[0m
[38;20m2026-09-28 09:10:44,171 - tpp_runner.py[pid:9464;line:104:_train_model] - INFO: [ Epoch 84 (train) ]: train loglike is -0.08026759464121527, num_events is 33274, mark_ll is -1.5157827845185523, time_ll is 1.435515214640654[0m
[38;20m2026-09-28 09:10:44,398 - tpp_runner.py[pid:9464;line:116:_train_model] - INFO: [ Epoch 84 (valid) ]:  valid loglike is -0.6419138136602554, num_events is 9144, mark_ll is -1.5312843356128336, time_ll is 0.8893704151544045[0m
[38;20m2026-09-28 09:10:44,761 - tpp_runner.py[pid:9464;line:136:_train_model] - INFO: [ Epoch 84 (test) ]: test loglike is -0.07379681887193879, num_events is 14478, mark_ll is -1.5831448739035088, time_ll is 1.5093480328990538[0m
[31;1m2026-09-28 09:10:44,761 - tpp_runner.py[pid:9464;line:140:_train_model] - CRITICAL: current best loglike on valid set is -0.5846 (updated at epoch-64)[0m
[38;20m2026-09-28 09:10:47,871 - tpp_runner.py[pid:9464;line:104:_train_model] - INFO: [ Epoch 85 (train) ]: train loglike is -0.08104402826777758, num_events is 33274, mark_ll is -1.5124052551823495, time_ll is 1.4313611407015425[0m
[38;20m2026-09-28 09:10:48,105 - tpp_runner.py[pid:9464;line:116:_train_model] - INFO: [ Epoch 85 (valid) ]:  valid loglike is -0.6207741831648486, num_events is 9144, mark_ll is -1.5354644561794277, time_ll is 0.9146901995908349[0m
[38;20m2026-09-28 09:10:48,467 - tpp_runner.py[pid:9464;line:136:_train_model] - INFO: [ Epoch 85 (test) ]: test loglike is -0.07373778301965699, num_events is 14478, mark_ll is -1.5894201547175024, time_ll is 1.5156824686593453[0m
[31;1m2026-09-28 09:10:48,467 - tpp_runner.py[pid:9464;line:140:_train_model] - CRITICAL: current best loglike on valid set is -0.5846 (updated at epoch-64)[0m
[38;20m2026-09-28 09:10:51,591 - tpp_runner.py[pid:9464;line:104:_train_model] - INFO: [ Epoch 86 (train) ]: train loglike is -0.0827284662341057, num_events is 33274, mark_ll is -1.5177628263269558, time_ll is 1.4350343513798312[0m
[38;20m2026-09-28 09:10:51,823 - tpp_runner.py[pid:9464;line:116:_train_model] - INFO: [ Epoch 86 (valid) ]:  valid loglike is -0.6162103501100449, num_events is 9144, mark_ll is -1.5329477171676782, time_ll is 0.9167372402348022[0m
[38;20m2026-09-28 09:10:52,191 - tpp_runner.py[pid:9464;line:136:_train_model] - INFO: [ Epoch 86 (test) ]: test loglike is -0.07475672928828168, num_events is 14478, mark_ll is -1.5849981032644358, time_ll is 1.5102412253721162[0m
[31;1m2026-09-28 09:10:52,191 - tpp_runner.py[pid:9464;line:140:_train_model] - CRITICAL: current best loglike on valid set is -0.5846 (updated at epoch-64)[0m
[38;20m2026-09-28 09:10:55,328 - tpp_runner.py[pid:9464;line:104:_train_model] - INFO: [ Epoch 87 (train) ]: train loglike is -0.07598281899789437, num_events is 33274, mark_ll is -1.5145525245875158, time_ll is 1.4385697679564937[0m
[38;20m2026-09-28 09:10:55,561 - tpp_runner.py[pid:9464;line:116:_train_model] - INFO: [ Epoch 87 (valid) ]:  valid loglike is -0.6284463770641951, num_events is 9144, mark_ll is -1.534212995180412, time_ll is 0.9057666314659887[0m
[38;20m2026-09-28 09:10:55,921 - tpp_runner.py[pid:9464;line:136:_train_model] - INFO: [ Epoch 87 (test) ]: test loglike is -0.0644831735795663, num_events is 14478, mark_ll is -1.587475730958178, time_ll is 1.5229925225989431[0m
[31;1m2026-09-28 09:10:55,921 - tpp_runner.py[pid:9464;line:140:_train_model] - CRITICAL: current best loglike on valid set is -0.5846 (updated at epoch-64)[0m
[38;20m2026-09-28 09:10:59,028 - tpp_runner.py[pid:9464;line:104:_train_model] - INFO: [ Epoch 88 (train) ]: train loglike is -0.08049538230540597, num_events is 33274, mark_ll is -1.5155290247206434, time_ll is 1.435033661675595[0m
[38;20m2026-09-28 09:10:59,257 - tpp_runner.py[pid:9464;line:116:_train_model] - INFO: [ Epoch 88 (valid) ]:  valid loglike is -0.6211076871616634, num_events is 9144, mark_ll is -1.5331808175314756, time_ll is 0.9120731437195839[0m
[38;20m2026-09-28 09:10:59,620 - tpp_runner.py[pid:9464;line:136:_train_model] - INFO: [ Epoch 88 (test) ]: test loglike is -0.06404769524369949, num_events is 14478, mark_ll is -1.5863452441851429, time_ll is 1.5222975700200303[0m
[31;1m2026-09-28 09:10:59,620 - tpp_runner.py[pid:9464;line:140:_train_model] - CRITICAL: current best loglike on valid set is -0.5846 (updated at epoch-64)[0m
[38;20m2026-09-28 09:11:02,733 - tpp_runner.py[pid:9464;line:104:_train_model] - INFO: [ Epoch 89 (train) ]: train loglike is -0.07620609056679484, num_events is 33274, mark_ll is -1.5149624510339341, time_ll is 1.4387563329523427[0m
[38;20m2026-09-28 09:11:02,965 - tpp_runner.py[pid:9464;line:116:_train_model] - INFO: [ Epoch 89 (valid) ]:  valid loglike is -0.6379424434738626, num_events is 9144, mark_ll is -1.5332354447973056, time_ll is 0.8952930213481005[0m
[38;20m2026-09-28 09:11:03,322 - tpp_runner.py[pid:9464;line:136:_train_model] - INFO: [ Epoch 89 (test) ]: test loglike is -0.06343882023621238, num_events is 14478, mark_ll is -1.5864866899347285, time_ll is 1.523047832810989[0m
[31;1m2026-09-28 09:11:03,322 - tpp_runner.py[pid:9464;line:140:_train_model] - CRITICAL: current best loglike on valid set is -0.5846 (updated at epoch-64)[0m
[38;20m2026-09-28 09:11:06,431 - tpp_runner.py[pid:9464;line:104:_train_model] - INFO: [ Epoch 90 (train) ]: train loglike is -0.0674485004083636, num_events is 33274, mark_ll is -1.5150461473767056, time_ll is 1.4475976185363855[0m
[38;20m2026-09-28 09:11:06,668 - tpp_runner.py[pid:9464;line:116:_train_model] - INFO: [ Epoch 90 (valid) ]:  valid loglike is -0.6215314089156824, num_events is 9144, mark_ll is -1.5330513914947643, time_ll is 0.9115198023571639[0m
[38;20m2026-09-28 09:11:07,033 - tpp_runner.py[pid:9464;line:136:_train_model] - INFO: [ Epoch 90 (test) ]: test loglike is -0.06558101699898661, num_events is 14478, mark_ll is -1.5859939568871737, time_ll is 1.5204129082703066[0m
[31;1m2026-09-28 09:11:07,033 - tpp_runner.py[pid:9464;line:140:_train_model] - CRITICAL: current best loglike on valid set is -0.5846 (updated at epoch-64)[0m
[38;20m2026-09-28 09:11:10,142 - tpp_runner.py[pid:9464;line:104:_train_model] - INFO: [ Epoch 91 (train) ]: train loglike is -0.07569007669467082, num_events is 33274, mark_ll is -1.514575064708932, time_ll is 1.4388850068160388[0m
[38;20m2026-09-28 09:11:10,371 - tpp_runner.py[pid:9464;line:116:_train_model] - INFO: [ Epoch 91 (valid) ]:  valid loglike is -0.61005279460917, num_events is 9144, mark_ll is -1.5332840913654104, time_ll is 0.9232313101060121[0m
[38;20m2026-09-28 09:11:10,722 - tpp_runner.py[pid:9464;line:136:_train_model] - INFO: [ Epoch 91 (test) ]: test loglike is -0.06695812850848863, num_events is 14478, mark_ll is -1.5861899034310678, time_ll is 1.5192317654372152[0m
[31;1m2026-09-28 09:11:10,722 - tpp_runner.py[pid:9464;line:140:_train_model] - CRITICAL: current best loglike on valid set is -0.5846 (updated at epoch-64)[0m
[38;20m2026-09-28 09:11:13,848 - tpp_runner.py[pid:9464;line:104:_train_model] - INFO: [ Epoch 92 (train) ]: train loglike is -0.06771503119913798, num_events is 33274, mark_ll is -1.5146481953697895, time_ll is 1.4469331655463913[0m
[38;20m2026-09-28 09:11:14,065 - tpp_runner.py[pid:9464;line:116:_train_model] - INFO: [ Epoch 92 (valid) ]:  valid loglike is -0.6238045813426154, num_events is 9144, mark_ll is -1.5338945363763123, time_ll is 0.9100900017578979[0m
[38;20m2026-09-28 09:11:14,439 - tpp_runner.py[pid:9464;line:136:_train_model] - INFO: [ Epoch 92 (test) ]: test loglike is -0.06933576887130474, num_events is 14478, mark_ll is -1.5871038035079086, time_ll is 1.517768068362343[0m
[31;1m2026-09-28 09:11:14,439 - tpp_runner.py[pid:9464;line:140:_train_model] - CRITICAL: current best loglike on valid set is -0.5846 (updated at epoch-64)[0m
[38;20m2026-09-28 09:11:17,562 - tpp_runner.py[pid:9464;line:104:_train_model] - INFO: [ Epoch 93 (train) ]: train loglike is -0.07074563563597305, num_events is 33274, mark_ll is -1.515331127297214, time_ll is 1.4445854453446667[0m
[38;20m2026-09-28 09:11:17,806 - tpp_runner.py[pid:9464;line:116:_train_model] - INFO: [ Epoch 93 (valid) ]:  valid loglike is -0.5973999610827455, num_events is 9144, mark_ll is -1.5335481365000274, time_ll is 0.9361480686191082[0m
[38;20m2026-09-28 09:11:18,161 - tpp_runner.py[pid:9464;line:136:_train_model] - INFO: [ Epoch 93 (test) ]: test loglike is -0.06193442567966807, num_events is 14478, mark_ll is -1.5865473962650227, time_ll is 1.5246128420059746[0m
[31;1m2026-09-28 09:11:18,914 - tpp_runner.py[pid:9464;line:140:_train_model] - CRITICAL: current best loglike on valid set is -0.5846 (updated at epoch-64)[0m
[38;20m2026-09-28 09:11:22,033 - tpp_runner.py[pid:9464;line:104:_train_model] - INFO: [ Epoch 94 (train) ]: train loglike is -0.06613450744816007, num_events is 33274, mark_ll is -1.5146398455461658, time_ll is 1.4485053757015613[0m
[38;20m2026-09-28 09:11:22,264 - tpp_runner.py[pid:9464;line:116:_train_model] - INFO: [ Epoch 94 (valid) ]:  valid loglike is -0.612967290068966, num_events is 9144, mark_ll is -1.5337053834609784, time_ll is 0.9207382135399579[0m
[38;20m2026-09-28 09:11:22,629 - tpp_runner.py[pid:9464;line:136:_train_model] - INFO: [ Epoch 94 (test) ]: test loglike is -0.08150686956206184, num_events is 14478, mark_ll is -1.586887756423539, time_ll is 1.505380874214325[0m
[31;1m2026-09-28 09:11:22,629 - tpp_runner.py[pid:9464;line:140:_train_model] - CRITICAL: current best loglike on valid set is -0.5846 (updated at epoch-64)[0m
[38;20m2026-09-28 09:11:25,765 - tpp_runner.py[pid:9464;line:104:_train_model] - INFO: [ Epoch 95 (train) ]: train loglike is -0.07177488117569977, num_events is 33274, mark_ll is -1.5151558763857478, time_ll is 1.4433810309792838[0m
[38;20m2026-09-28 09:11:25,994 - tpp_runner.py[pid:9464;line:116:_train_model] - INFO: [ Epoch 95 (valid) ]:  valid loglike is -0.6293012964443898, num_events is 9144, mark_ll is -1.534102232124549, time_ll is 0.9048008155322137[0m
[38;20m2026-09-28 09:11:26,355 - tpp_runner.py[pid:9464;line:136:_train_model] - INFO: [ Epoch 95 (test) ]: test loglike is -0.07516196617551199, num_events is 14478, mark_ll is -1.5874768776333057, time_ll is 1.5123148187120112[0m
[31;1m2026-09-28 09:11:26,355 - tpp_runner.py[pid:9464;line:140:_train_model] - CRITICAL: current best loglike on valid set is -0.5846 (updated at epoch-64)[0m
[38;20m2026-09-28 09:11:29,447 - tpp_runner.py[pid:9464;line:104:_train_model] - INFO: [ Epoch 96 (train) ]: train loglike is -0.07148643163933364, num_events is 33274, mark_ll is -1.5154859365490887, time_ll is 1.4439995159156735[0m
[38;20m2026-09-28 09:11:29,672 - tpp_runner.py[pid:9464;line:116:_train_model] - INFO: [ Epoch 96 (valid) ]:  valid loglike is -0.5979272770652203, num_events is 9144, mark_ll is -1.5340012811508914, time_ll is 0.936074004085671[0m
[38;20m2026-09-28 09:11:30,044 - tpp_runner.py[pid:9464;line:136:_train_model] - INFO: [ Epoch 96 (test) ]: test loglike is -0.08085992557269003, num_events is 14478, mark_ll is -1.5872669686334437, time_ll is 1.5064070810022103[0m
[31;1m2026-09-28 09:11:30,044 - tpp_runner.py[pid:9464;line:140:_train_model] - CRITICAL: current best loglike on valid set is -0.5846 (updated at epoch-64)[0m
[38;20m2026-09-28 09:11:33,188 - tpp_runner.py[pid:9464;line:104:_train_model] - INFO: [ Epoch 97 (train) ]: train loglike is -0.0692183589780532, num_events is 33274, mark_ll is -1.5152652568740326, time_ll is 1.446046917614917[0m
[38;20m2026-09-28 09:11:33,420 - tpp_runner.py[pid:9464;line:116:_train_model] - INFO: [ Epoch 97 (valid) ]:  valid loglike is -0.6084531982635472, num_events is 9144, mark_ll is -1.5338776889644166, time_ll is 0.9254245440999562[0m
[38;20m2026-09-28 09:11:33,791 - tpp_runner.py[pid:9464;line:136:_train_model] - INFO: [ Epoch 97 (test) ]: test loglike is -0.06849399550314486, num_events is 14478, mark_ll is -1.58707135934694, time_ll is 1.5185774860995993[0m
[31;1m2026-09-28 09:11:33,791 - tpp_runner.py[pid:9464;line:140:_train_model] - CRITICAL: current best loglike on valid set is -0.5846 (updated at epoch-64)[0m
[38;20m2026-09-28 09:11:36,905 - tpp_runner.py[pid:9464;line:104:_train_model] - INFO: [ Epoch 98 (train) ]: train loglike is -0.0749359048314985, num_events is 33274, mark_ll is -1.515110539338147, time_ll is 1.4401745336190608[0m
[38;20m2026-09-28 09:11:37,137 - tpp_runner.py[pid:9464;line:116:_train_model] - INFO: [ Epoch 98 (valid) ]:  valid loglike is -0.6202127718654309, num_events is 9144, mark_ll is -1.5337842672620023, time_ll is 0.9135714353225989[0m
[38;20m2026-09-28 09:11:37,496 - tpp_runner.py[pid:9464;line:136:_train_model] - INFO: [ Epoch 98 (test) ]: test loglike is -0.05554147207336805, num_events is 14478, mark_ll is -1.5869408407368075, time_ll is 1.5313994050240018[0m
[31;1m2026-09-28 09:11:37,496 - tpp_runner.py[pid:9464;line:140:_train_model] - CRITICAL: current best loglike on valid set is -0.5846 (updated at epoch-64)[0m
[38;20m2026-09-28 09:11:40,604 - tpp_runner.py[pid:9464;line:104:_train_model] - INFO: [ Epoch 99 (train) ]: train loglike is -0.0636296153906884, num_events is 33274, mark_ll is -1.5150072047678462, time_ll is 1.4513776086375154[0m
[38;20m2026-09-28 09:11:40,833 - tpp_runner.py[pid:9464;line:116:_train_model] - INFO: [ Epoch 99 (valid) ]:  valid loglike is -0.6149241530050443, num_events is 9144, mark_ll is -1.5337688349259078, time_ll is 0.9188446685710917[0m
[38;20m2026-09-28 09:11:41,196 - tpp_runner.py[pid:9464;line:136:_train_model] - INFO: [ Epoch 99 (test) ]: test loglike is -0.06282915056599885, num_events is 14478, mark_ll is -1.5869192562638141, time_ll is 1.5240900930506631[0m
[31;1m2026-09-28 09:11:41,196 - tpp_runner.py[pid:9464;line:140:_train_model] - CRITICAL: current best loglike on valid set is -0.5846 (updated at epoch-64)[0m
[38;20m2026-09-28 09:11:41,196 - base_runner.py[pid:9464;line:118:train] - INFO: End AttNHP train! Cost time: 6.288m[0m
RESULT {"model": "AttNHP", "dataset": "lob_amzn", "seed": 2019, "ll_per_event": -0.16786280059076703, "mark_ll": -1.612751755896878, "time_ll": 1.4448889721689806, "val_ll": -0.5846298898611795, "best_epoch": 64, "n_params": 20044, "seconds": 378.0220890045166, "max_epoch": 100, "batch_size": 64}
