
=== Mon Sep 28 13:43:43 2026 attempt 1: D:\Quant\.venv\Scripts\python.exe -u -m infodiff.baselines.easytpp_runner SAHP lob_intc 6 2019 100 64
[31;1m2026-09-28 13:43:44,907 - config.py[pid:12828;line:33:build_from_yaml_file] - CRITICAL: Load pipeline config class RunnerConfig[0m
[31;1m2026-09-28 13:43:44,920 - runner_config.py[pid:12828;line:205:update_config] - CRITICAL: train model SAHP using GPU with torch backend[0m
[38;20m2026-09-28 13:43:44,922 - runner_config.py[pid:12828;line:45:__init__] - INFO: Save the config to D:\Quant\results\easytpp\checkpoints/lob_intc/SAHP/train_2026_09_28_13_43_44\SAHP_train_output.yaml[0m
[38;20m2026-09-28 13:43:44,923 - base_runner.py[pid:12828;line:193:save_log] - INFO: Save the log to D:\Quant\results\easytpp\checkpoints/lob_intc/SAHP/train_2026_09_28_13_43_44\log[0m
0.05594760211174467 0.25143732741296776
min_dt: 7.275957614183426e-12
max_dt: 9.741414969998004
[38;20m2026-09-28 13:43:49,302 - tpp_runner.py[pid:12828;line:62:_init_model] - INFO: Num of model parameters 2148[0m
[38;20m2026-09-28 13:43:50,092 - base_runner.py[pid:12828;line:103:train] - INFO: Data 'lob_intc' loaded...[0m
[38;20m2026-09-28 13:43:50,092 - base_runner.py[pid:12828;line:108:train] - INFO: Start SAHP training...[0m
[38;20m2026-09-28 13:43:51,500 - tpp_runner.py[pid:12828;line:104:_train_model] - INFO: [ Epoch 0 (train) ]: train loglike is -0.13231021773863647, num_events is 248539, mark_ll is -1.7169114508311574, time_ll is 1.584601280979796[0m
[38;20m2026-09-28 13:43:51,603 - tpp_runner.py[pid:12828;line:116:_train_model] - INFO: [ Epoch 0 (valid) ]:  valid loglike is 0.7707407224538956, num_events is 48260, mark_ll is -1.6525724307462184, time_ll is 2.4233130924937836[0m
[38;20m2026-09-28 13:43:51,839 - tpp_runner.py[pid:12828;line:136:_train_model] - INFO: [ Epoch 0 (test) ]: test loglike is 1.2590443901366022, num_events is 104775, mark_ll is -1.7156263794440467, time_ll is 2.9746707602600813[0m
[31;1m2026-09-28 13:43:51,839 - tpp_runner.py[pid:12828;line:140:_train_model] - CRITICAL: current best loglike on valid set is 0.7707 (updated at epoch-0), best updated at this epoch[0m
[38;20m2026-09-28 13:43:53,003 - tpp_runner.py[pid:12828;line:104:_train_model] - INFO: [ Epoch 1 (train) ]: train loglike is 2.4853866071446533, num_events is 248539, mark_ll is -1.7162327933505908, time_ll is 4.201619412282881[0m
[38;20m2026-09-28 13:43:53,086 - tpp_runner.py[pid:12828;line:116:_train_model] - INFO: [ Epoch 1 (valid) ]:  valid loglike is 2.345101889504766, num_events is 48260, mark_ll is -1.738847012762899, time_ll is 4.083948922503108[0m
[38;20m2026-09-28 13:43:53,273 - tpp_runner.py[pid:12828;line:136:_train_model] - INFO: [ Epoch 1 (test) ]: test loglike is 2.8847721493975187, num_events is 104775, mark_ll is -1.8130086420305416, time_ll is 4.697780772786924[0m
[31;1m2026-09-28 13:43:53,273 - tpp_runner.py[pid:12828;line:140:_train_model] - CRITICAL: current best loglike on valid set is 2.3451 (updated at epoch-1), best updated at this epoch[0m
[38;20m2026-09-28 13:43:54,353 - tpp_runner.py[pid:12828;line:104:_train_model] - INFO: [ Epoch 2 (train) ]: train loglike is 3.554418317522602, num_events is 248539, mark_ll is -1.6687210232379275, time_ll is 5.223139409521745[0m
[38;20m2026-09-28 13:43:54,449 - tpp_runner.py[pid:12828;line:116:_train_model] - INFO: [ Epoch 2 (valid) ]:  valid loglike is 2.8959430768882095, num_events is 48260, mark_ll is -1.6901410693703378, time_ll is 4.586084085552217[0m
[38;20m2026-09-28 13:43:54,643 - tpp_runner.py[pid:12828;line:136:_train_model] - INFO: [ Epoch 2 (test) ]: test loglike is 3.389436459824624, num_events is 104775, mark_ll is -1.7727999172333573, time_ll is 5.162236414340253[0m
[31;1m2026-09-28 13:43:54,643 - tpp_runner.py[pid:12828;line:140:_train_model] - CRITICAL: current best loglike on valid set is 2.8959 (updated at epoch-2), best updated at this epoch[0m
[38;20m2026-09-28 13:43:55,714 - tpp_runner.py[pid:12828;line:104:_train_model] - INFO: [ Epoch 3 (train) ]: train loglike is 3.9186841259696665, num_events is 248539, mark_ll is -1.6701654547299418, time_ll is 5.58884954926591[0m
[38;20m2026-09-28 13:43:55,800 - tpp_runner.py[pid:12828;line:116:_train_model] - INFO: [ Epoch 3 (valid) ]:  valid loglike is 3.0694150580838166, num_events is 48260, mark_ll is -1.708342385321695, time_ll is 4.777757281521964[0m
[38;20m2026-09-28 13:43:55,994 - tpp_runner.py[pid:12828;line:136:_train_model] - INFO: [ Epoch 3 (test) ]: test loglike is 3.5906826756740635, num_events is 104775, mark_ll is -1.7994784303418039, time_ll is 5.390161059413028[0m
[31;1m2026-09-28 13:43:55,994 - tpp_runner.py[pid:12828;line:140:_train_model] - CRITICAL: current best loglike on valid set is 3.0694 (updated at epoch-3), best updated at this epoch[0m
[38;20m2026-09-28 13:43:57,123 - tpp_runner.py[pid:12828;line:104:_train_model] - INFO: [ Epoch 4 (train) ]: train loglike is 4.074127993053907, num_events is 248539, mark_ll is -1.6807721119094992, time_ll is 5.754900081388132[0m
[38;20m2026-09-28 13:43:57,203 - tpp_runner.py[pid:12828;line:116:_train_model] - INFO: [ Epoch 4 (valid) ]:  valid loglike is 3.163607809586096, num_events is 48260, mark_ll is -1.7168640566721922, time_ll is 4.880471825787402[0m
[38;20m2026-09-28 13:43:57,397 - tpp_runner.py[pid:12828;line:136:_train_model] - INFO: [ Epoch 4 (test) ]: test loglike is 3.647372084526366, num_events is 104775, mark_ll is -1.8137037513421619, time_ll is 5.4610758917919355[0m
[31;1m2026-09-28 13:43:57,397 - tpp_runner.py[pid:12828;line:140:_train_model] - CRITICAL: current best loglike on valid set is 3.1636 (updated at epoch-4), best updated at this epoch[0m
[38;20m2026-09-28 13:43:58,515 - tpp_runner.py[pid:12828;line:104:_train_model] - INFO: [ Epoch 5 (train) ]: train loglike is 4.172573236745541, num_events is 248539, mark_ll is -1.685896248771571, time_ll is 5.858469536596872[0m
[38;20m2026-09-28 13:43:58,610 - tpp_runner.py[pid:12828;line:116:_train_model] - INFO: [ Epoch 5 (valid) ]:  valid loglike is 3.1894940410666184, num_events is 48260, mark_ll is -1.7214483154398053, time_ll is 4.910942316035537[0m
[38;20m2026-09-28 13:43:58,792 - tpp_runner.py[pid:12828;line:136:_train_model] - INFO: [ Epoch 5 (test) ]: test loglike is 3.716037304640897, num_events is 104775, mark_ll is -1.8224452230225483, time_ll is 5.538482387854927[0m
[31;1m2026-09-28 13:43:58,792 - tpp_runner.py[pid:12828;line:140:_train_model] - CRITICAL: current best loglike on valid set is 3.1895 (updated at epoch-5), best updated at this epoch[0m
[38;20m2026-09-28 13:43:59,916 - tpp_runner.py[pid:12828;line:104:_train_model] - INFO: [ Epoch 6 (train) ]: train loglike is 4.249014074187049, num_events is 248539, mark_ll is -1.68994604468514, time_ll is 5.938960095296915[0m
[38;20m2026-09-28 13:44:00,002 - tpp_runner.py[pid:12828;line:116:_train_model] - INFO: [ Epoch 6 (valid) ]:  valid loglike is 3.2078138760101536, num_events is 48260, mark_ll is -1.7253602111285227, time_ll is 4.933174147845007[0m
[38;20m2026-09-28 13:44:00,190 - tpp_runner.py[pid:12828;line:136:_train_model] - INFO: [ Epoch 6 (test) ]: test loglike is 3.7467641784478647, num_events is 104775, mark_ll is -1.8302410485266045, time_ll is 5.577005189692198[0m
[31;1m2026-09-28 13:44:00,190 - tpp_runner.py[pid:12828;line:140:_train_model] - CRITICAL: current best loglike on valid set is 3.2078 (updated at epoch-6), best updated at this epoch[0m
[38;20m2026-09-28 13:44:01,287 - tpp_runner.py[pid:12828;line:104:_train_model] - INFO: [ Epoch 7 (train) ]: train loglike is 4.264220432331546, num_events is 248539, mark_ll is -1.6920855479421741, time_ll is 5.956305917406323[0m
[38;20m2026-09-28 13:44:01,375 - tpp_runner.py[pid:12828;line:116:_train_model] - INFO: [ Epoch 7 (valid) ]:  valid loglike is 3.180953287692965, num_events is 48260, mark_ll is -1.7262225850212392, time_ll is 4.907175973891421[0m
[38;20m2026-09-28 13:44:01,554 - tpp_runner.py[pid:12828;line:136:_train_model] - INFO: [ Epoch 7 (test) ]: test loglike is 3.7693208475005964, num_events is 104775, mark_ll is -1.8328997218742544, time_ll is 5.602220382963493[0m
[31;1m2026-09-28 13:44:01,556 - tpp_runner.py[pid:12828;line:140:_train_model] - CRITICAL: current best loglike on valid set is 3.2078 (updated at epoch-6)[0m
[38;20m2026-09-28 13:44:02,651 - tpp_runner.py[pid:12828;line:104:_train_model] - INFO: [ Epoch 8 (train) ]: train loglike is 4.290994705873626, num_events is 248539, mark_ll is -1.6926343980000371, time_ll is 5.983628976174263[0m
[38;20m2026-09-28 13:44:02,734 - tpp_runner.py[pid:12828;line:116:_train_model] - INFO: [ Epoch 8 (valid) ]:  valid loglike is 3.2080764511241195, num_events is 48260, mark_ll is -1.72708793352414, time_ll is 4.935164303706486[0m
[38;20m2026-09-28 13:44:02,915 - tpp_runner.py[pid:12828;line:136:_train_model] - INFO: [ Epoch 8 (test) ]: test loglike is 3.758433659926032, num_events is 104775, mark_ll is -1.835628597739203, time_ll is 5.594062276306371[0m
[31;1m2026-09-28 13:44:02,915 - tpp_runner.py[pid:12828;line:140:_train_model] - CRITICAL: current best loglike on valid set is 3.2081 (updated at epoch-8), best updated at this epoch[0m
[38;20m2026-09-28 13:44:03,994 - tpp_runner.py[pid:12828;line:104:_train_model] - INFO: [ Epoch 9 (train) ]: train loglike is 4.294839432267169, num_events is 248539, mark_ll is -1.6936877903530734, time_ll is 5.988527250124729[0m
[38;20m2026-09-28 13:44:04,095 - tpp_runner.py[pid:12828;line:116:_train_model] - INFO: [ Epoch 9 (valid) ]:  valid loglike is 3.1925199683355783, num_events is 48260, mark_ll is -1.7276667683834956, time_ll is 4.92018659507097[0m
[38;20m2026-09-28 13:44:04,261 - tpp_runner.py[pid:12828;line:136:_train_model] - INFO: [ Epoch 9 (test) ]: test loglike is 3.7814410530004774, num_events is 104775, mark_ll is -1.8370646549152947, time_ll is 5.618505763839179[0m
[31;1m2026-09-28 13:44:04,261 - tpp_runner.py[pid:12828;line:140:_train_model] - CRITICAL: current best loglike on valid set is 3.2081 (updated at epoch-8)[0m
[38;20m2026-09-28 13:44:05,341 - tpp_runner.py[pid:12828;line:104:_train_model] - INFO: [ Epoch 10 (train) ]: train loglike is 4.307181763978692, num_events is 248539, mark_ll is -1.6939259693806856, time_ll is 6.001107707819497[0m
[38;20m2026-09-28 13:44:05,426 - tpp_runner.py[pid:12828;line:116:_train_model] - INFO: [ Epoch 10 (valid) ]:  valid loglike is 3.207159906949337, num_events is 48260, mark_ll is -1.728228949472907, time_ll is 4.93538871477414[0m
[38;20m2026-09-28 13:44:05,594 - tpp_runner.py[pid:12828;line:136:_train_model] - INFO: [ Epoch 10 (test) ]: test loglike is 3.7614002102720114, num_events is 104775, mark_ll is -1.8380676505458124, time_ll is 5.599467907420664[0m
[31;1m2026-09-28 13:44:05,594 - tpp_runner.py[pid:12828;line:140:_train_model] - CRITICAL: current best loglike on valid set is 3.2081 (updated at epoch-8)[0m
[38;20m2026-09-28 13:44:06,681 - tpp_runner.py[pid:12828;line:104:_train_model] - INFO: [ Epoch 11 (train) ]: train loglike is 4.314954736102784, num_events is 248539, mark_ll is -1.6943253993525664, time_ll is 6.009280139384563[0m
[38;20m2026-09-28 13:44:06,766 - tpp_runner.py[pid:12828;line:116:_train_model] - INFO: [ Epoch 11 (valid) ]:  valid loglike is 3.332823629493887, num_events is 48260, mark_ll is -1.728884294543877, time_ll is 5.061707903802321[0m
[38;20m2026-09-28 13:44:06,956 - tpp_runner.py[pid:12828;line:136:_train_model] - INFO: [ Epoch 11 (test) ]: test loglike is 3.7696922534896204, num_events is 104775, mark_ll is -1.8384046543187784, time_ll is 5.608096963731806[0m
[31;1m2026-09-28 13:44:06,956 - tpp_runner.py[pid:12828;line:140:_train_model] - CRITICAL: current best loglike on valid set is 3.3328 (updated at epoch-11), best updated at this epoch[0m
[38;20m2026-09-28 13:44:08,053 - tpp_runner.py[pid:12828;line:104:_train_model] - INFO: [ Epoch 12 (train) ]: train loglike is 4.317962744591895, num_events is 248539, mark_ll is -1.6950548419023272, time_ll is 6.013017621857133[0m
[38;20m2026-09-28 13:44:08,132 - tpp_runner.py[pid:12828;line:116:_train_model] - INFO: [ Epoch 12 (valid) ]:  valid loglike is 3.2479434718840654, num_events is 48260, mark_ll is -1.7302741255050766, time_ll is 4.9782175973891425[0m
[38;20m2026-09-28 13:44:08,319 - tpp_runner.py[pid:12828;line:136:_train_model] - INFO: [ Epoch 12 (test) ]: test loglike is 3.771299212598425, num_events is 104775, mark_ll is -1.8398580197894296, time_ll is 5.6111573162729655[0m
[31;1m2026-09-28 13:44:08,319 - tpp_runner.py[pid:12828;line:140:_train_model] - CRITICAL: current best loglike on valid set is 3.3328 (updated at epoch-11)[0m
[38;20m2026-09-28 13:44:09,417 - tpp_runner.py[pid:12828;line:104:_train_model] - INFO: [ Epoch 13 (train) ]: train loglike is 4.329591767099429, num_events is 248539, mark_ll is -1.6957164760705312, time_ll is 6.025308260851416[0m
[38;20m2026-09-28 13:44:09,508 - tpp_runner.py[pid:12828;line:116:_train_model] - INFO: [ Epoch 13 (valid) ]:  valid loglike is 3.291803593167219, num_events is 48260, mark_ll is -1.731531859491556, time_ll is 5.023335513365105[0m
[38;20m2026-09-28 13:44:09,697 - tpp_runner.py[pid:12828;line:136:_train_model] - INFO: [ Epoch 13 (test) ]: test loglike is 3.801912114501312, num_events is 104775, mark_ll is -1.840066353122763, time_ll is 5.641978383738964[0m
[31;1m2026-09-28 13:44:09,697 - tpp_runner.py[pid:12828;line:140:_train_model] - CRITICAL: current best loglike on valid set is 3.3328 (updated at epoch-11)[0m
[38;20m2026-09-28 13:44:10,735 - tpp_runner.py[pid:12828;line:104:_train_model] - INFO: [ Epoch 14 (train) ]: train loglike is 4.333862695152974, num_events is 248539, mark_ll is -1.6969754035552518, time_ll is 6.030838124248106[0m
[38;20m2026-09-28 13:44:10,835 - tpp_runner.py[pid:12828;line:116:_train_model] - INFO: [ Epoch 14 (valid) ]:  valid loglike is 3.327904595550145, num_events is 48260, mark_ll is -1.7337480047852776, time_ll is 5.061652539629092[0m
[38;20m2026-09-28 13:44:11,020 - tpp_runner.py[pid:12828;line:136:_train_model] - INFO: [ Epoch 14 (test) ]: test loglike is 3.809974703978764, num_events is 104775, mark_ll is -1.8415727060218325, time_ll is 5.6515474379623[0m
[31;1m2026-09-28 13:44:11,020 - tpp_runner.py[pid:12828;line:140:_train_model] - CRITICAL: current best loglike on valid set is 3.3328 (updated at epoch-11)[0m
[38;20m2026-09-28 13:44:12,132 - tpp_runner.py[pid:12828;line:104:_train_model] - INFO: [ Epoch 15 (train) ]: train loglike is 4.3303016893224004, num_events is 248539, mark_ll is -1.6983050057819145, time_ll is 6.0286067324318315[0m
[38;20m2026-09-28 13:44:12,221 - tpp_runner.py[pid:12828;line:116:_train_model] - INFO: [ Epoch 15 (valid) ]:  valid loglike is 3.26473229317758, num_events is 48260, mark_ll is -1.7358851913787299, time_ll is 5.000617504791753[0m
[38;20m2026-09-28 13:44:12,400 - tpp_runner.py[pid:12828;line:136:_train_model] - INFO: [ Epoch 15 (test) ]: test loglike is 3.837149807623479, num_events is 104775, mark_ll is -1.8428473868855881, time_ll is 5.679997091982821[0m
[31;1m2026-09-28 13:44:12,400 - tpp_runner.py[pid:12828;line:140:_train_model] - CRITICAL: current best loglike on valid set is 3.3328 (updated at epoch-11)[0m
[38;20m2026-09-28 13:44:13,491 - tpp_runner.py[pid:12828;line:104:_train_model] - INFO: [ Epoch 16 (train) ]: train loglike is 4.321323706364997, num_events is 248539, mark_ll is -1.6996691536432662, time_ll is 6.020992885548143[0m
[38;20m2026-09-28 13:44:13,578 - tpp_runner.py[pid:12828;line:116:_train_model] - INFO: [ Epoch 16 (valid) ]:  valid loglike is 3.2352133948922503, num_events is 48260, mark_ll is -1.7386759827950167, time_ll is 4.973889316980936[0m
[38;20m2026-09-28 13:44:13,760 - tpp_runner.py[pid:12828;line:136:_train_model] - INFO: [ Epoch 16 (test) ]: test loglike is 3.810451544231687, num_events is 104775, mark_ll is -1.84486312746063, time_ll is 5.655314736936292[0m
[31;1m2026-09-28 13:44:13,760 - tpp_runner.py[pid:12828;line:140:_train_model] - CRITICAL: current best loglike on valid set is 3.3328 (updated at epoch-11)[0m
[38;20m2026-09-28 13:44:14,888 - tpp_runner.py[pid:12828;line:104:_train_model] - INFO: [ Epoch 17 (train) ]: train loglike is 4.344574262301389, num_events is 248539, mark_ll is -1.7023573851525817, time_ll is 6.046931674958457[0m
[38;20m2026-09-28 13:44:14,978 - tpp_runner.py[pid:12828;line:116:_train_model] - INFO: [ Epoch 17 (valid) ]:  valid loglike is 3.2856048697808746, num_events is 48260, mark_ll is -1.7424117694195504, time_ll is 5.0280166189649815[0m
[38;20m2026-09-28 13:44:15,153 - tpp_runner.py[pid:12828;line:136:_train_model] - INFO: [ Epoch 17 (test) ]: test loglike is 3.8114348641434024, num_events is 104775, mark_ll is -1.8483250939513243, time_ll is 5.659759939453591[0m
[31;1m2026-09-28 13:44:15,153 - tpp_runner.py[pid:12828;line:140:_train_model] - CRITICAL: current best loglike on valid set is 3.3328 (updated at epoch-11)[0m
[38;20m2026-09-28 13:44:16,268 - tpp_runner.py[pid:12828;line:104:_train_model] - INFO: [ Epoch 18 (train) ]: train loglike is 4.341657859468232, num_events is 248539, mark_ll is -1.70412723990249, time_ll is 6.045785115087572[0m
[38;20m2026-09-28 13:44:16,359 - tpp_runner.py[pid:12828;line:116:_train_model] - INFO: [ Epoch 18 (valid) ]:  valid loglike is 3.250136670184936, num_events is 48260, mark_ll is -1.7442176613331435, time_ll is 4.994354351753523[0m
[38;20m2026-09-28 13:44:16,534 - tpp_runner.py[pid:12828;line:136:_train_model] - INFO: [ Epoch 18 (test) ]: test loglike is 3.832311836375567, num_events is 104775, mark_ll is -1.849931875969339, time_ll is 5.682243721665474[0m
[31;1m2026-09-28 13:44:16,534 - tpp_runner.py[pid:12828;line:140:_train_model] - CRITICAL: current best loglike on valid set is 3.3328 (updated at epoch-11)[0m
[38;20m2026-09-28 13:44:17,650 - tpp_runner.py[pid:12828;line:104:_train_model] - INFO: [ Epoch 19 (train) ]: train loglike is 4.355595655699408, num_events is 248539, mark_ll is -1.7059046741029578, time_ll is 6.061500329802365[0m
[38;20m2026-09-28 13:44:17,729 - tpp_runner.py[pid:12828;line:116:_train_model] - INFO: [ Epoch 19 (valid) ]:  valid loglike is 3.3159456103657274, num_events is 48260, mark_ll is -1.747002867767043, time_ll is 5.062948579309988[0m
[38;20m2026-09-28 13:44:17,915 - tpp_runner.py[pid:12828;line:136:_train_model] - INFO: [ Epoch 19 (test) ]: test loglike is 3.830295611130995, num_events is 104775, mark_ll is -1.85213883731508, time_ll is 5.682434457766643[0m
[31;1m2026-09-28 13:44:17,915 - tpp_runner.py[pid:12828;line:140:_train_model] - CRITICAL: current best loglike on valid set is 3.3328 (updated at epoch-11)[0m
[38;20m2026-09-28 13:44:19,027 - tpp_runner.py[pid:12828;line:104:_train_model] - INFO: [ Epoch 20 (train) ]: train loglike is 4.324335031109303, num_events is 248539, mark_ll is -1.7064067684988573, time_ll is 6.030741858546345[0m
[38;20m2026-09-28 13:44:19,111 - tpp_runner.py[pid:12828;line:116:_train_model] - INFO: [ Epoch 20 (valid) ]:  valid loglike is 3.2560580465836098, num_events is 48260, mark_ll is -1.7461173242915975, time_ll is 5.002175229227103[0m
[38;20m2026-09-28 13:44:19,289 - tpp_runner.py[pid:12828;line:136:_train_model] - INFO: [ Epoch 20 (test) ]: test loglike is 3.864054335182534, num_events is 104775, mark_ll is -1.85087091386304, time_ll is 5.714925286327845[0m
[31;1m2026-09-28 13:44:19,289 - tpp_runner.py[pid:12828;line:140:_train_model] - CRITICAL: current best loglike on valid set is 3.3328 (updated at epoch-11)[0m
[38;20m2026-09-28 13:44:20,385 - tpp_runner.py[pid:12828;line:104:_train_model] - INFO: [ Epoch 21 (train) ]: train loglike is 4.338549561763949, num_events is 248539, mark_ll is -1.7074728463138582, time_ll is 6.046022455228354[0m
[38;20m2026-09-28 13:44:20,480 - tpp_runner.py[pid:12828;line:116:_train_model] - INFO: [ Epoch 21 (valid) ]:  valid loglike is 3.25393514621322, num_events is 48260, mark_ll is -1.7488365024735806, time_ll is 5.00277152727414[0m
[38;20m2026-09-28 13:44:20,675 - tpp_runner.py[pid:12828;line:136:_train_model] - INFO: [ Epoch 21 (test) ]: test loglike is 3.8629509290742066, num_events is 104775, mark_ll is -1.8534477992275114, time_ll is 5.7163986816988785[0m
[31;1m2026-09-28 13:44:20,675 - tpp_runner.py[pid:12828;line:140:_train_model] - CRITICAL: current best loglike on valid set is 3.3328 (updated at epoch-11)[0m
[38;20m2026-09-28 13:44:21,784 - tpp_runner.py[pid:12828;line:104:_train_model] - INFO: [ Epoch 22 (train) ]: train loglike is 4.34758323737673, num_events is 248539, mark_ll is -1.709604294685643, time_ll is 6.05718757921292[0m
[38;20m2026-09-28 13:44:21,874 - tpp_runner.py[pid:12828;line:116:_train_model] - INFO: [ Epoch 22 (valid) ]:  valid loglike is 3.3255981597078326, num_events is 48260, mark_ll is -1.7500813060117075, time_ll is 5.075679425248653[0m
[38;20m2026-09-28 13:44:22,049 - tpp_runner.py[pid:12828;line:136:_train_model] - INFO: [ Epoch 22 (test) ]: test loglike is 3.8501238517060368, num_events is 104775, mark_ll is -1.8543907424391552, time_ll is 5.704514584824624[0m
[31;1m2026-09-28 13:44:22,049 - tpp_runner.py[pid:12828;line:140:_train_model] - CRITICAL: current best loglike on valid set is 3.3328 (updated at epoch-11)[0m
[38;20m2026-09-28 13:44:23,216 - tpp_runner.py[pid:12828;line:104:_train_model] - INFO: [ Epoch 23 (train) ]: train loglike is 4.396029120744129, num_events is 248539, mark_ll is -1.710873025555094, time_ll is 6.106902205237407[0m
[38;20m2026-09-28 13:44:23,295 - tpp_runner.py[pid:12828;line:116:_train_model] - INFO: [ Epoch 23 (valid) ]:  valid loglike is 3.1945108526730213, num_events is 48260, mark_ll is -1.7548446889245752, time_ll is 4.949355541597597[0m
[38;20m2026-09-28 13:44:23,483 - tpp_runner.py[pid:12828;line:136:_train_model] - INFO: [ Epoch 23 (test) ]: test loglike is 3.835914124015748, num_events is 104775, mark_ll is -1.858878959377237, time_ll is 5.694793046110713[0m
[31;1m2026-09-28 13:44:23,483 - tpp_runner.py[pid:12828;line:140:_train_model] - CRITICAL: current best loglike on valid set is 3.3328 (updated at epoch-11)[0m
[38;20m2026-09-28 13:44:24,603 - tpp_runner.py[pid:12828;line:104:_train_model] - INFO: [ Epoch 24 (train) ]: train loglike is 4.354158121939615, num_events is 248539, mark_ll is -1.7128899884676048, time_ll is 6.067048118265644[0m
[38;20m2026-09-28 13:44:24,677 - tpp_runner.py[pid:12828;line:116:_train_model] - INFO: [ Epoch 24 (valid) ]:  valid loglike is 3.2516624833259944, num_events is 48260, mark_ll is -1.7536242083894529, time_ll is 5.005286631009117[0m
[38;20m2026-09-28 13:44:24,873 - tpp_runner.py[pid:12828;line:136:_train_model] - INFO: [ Epoch 24 (test) ]: test loglike is 3.847482458691243, num_events is 104775, mark_ll is -1.8579658140211166, time_ll is 5.70544809562157[0m
[31;1m2026-09-28 13:44:24,873 - tpp_runner.py[pid:12828;line:140:_train_model] - CRITICAL: current best loglike on valid set is 3.3328 (updated at epoch-11)[0m
[38;20m2026-09-28 13:44:26,027 - tpp_runner.py[pid:12828;line:104:_train_model] - INFO: [ Epoch 25 (train) ]: train loglike is 4.3597064919263175, num_events is 248539, mark_ll is -1.7118355646963355, time_ll is 6.071541981967619[0m
[38;20m2026-09-28 13:44:26,120 - tpp_runner.py[pid:12828;line:116:_train_model] - INFO: [ Epoch 25 (valid) ]:  valid loglike is 3.311230509220887, num_events is 48260, mark_ll is -1.752429345925715, time_ll is 5.063659814675715[0m
[38;20m2026-09-28 13:44:26,299 - tpp_runner.py[pid:12828;line:136:_train_model] - INFO: [ Epoch 25 (test) ]: test loglike is 3.86526669872942, num_events is 104775, mark_ll is -1.8562703561202576, time_ll is 5.721536849797184[0m
[31;1m2026-09-28 13:44:26,299 - tpp_runner.py[pid:12828;line:140:_train_model] - CRITICAL: current best loglike on valid set is 3.3328 (updated at epoch-11)[0m
[38;20m2026-09-28 13:44:27,425 - tpp_runner.py[pid:12828;line:104:_train_model] - INFO: [ Epoch 26 (train) ]: train loglike is 4.371022984886175, num_events is 248539, mark_ll is -1.7127648705598015, time_ll is 6.083787859375189[0m
[38;20m2026-09-28 13:44:27,512 - tpp_runner.py[pid:12828;line:116:_train_model] - INFO: [ Epoch 26 (valid) ]:  valid loglike is 3.3121181167115625, num_events is 48260, mark_ll is -1.754933805817447, time_ll is 5.067052084412557[0m
[38;20m2026-09-28 13:44:27,684 - tpp_runner.py[pid:12828;line:136:_train_model] - INFO: [ Epoch 26 (test) ]: test loglike is 3.810822857015032, num_events is 104775, mark_ll is -1.8586882325966356, time_ll is 5.6695110430088285[0m
[31;1m2026-09-28 13:44:27,684 - tpp_runner.py[pid:12828;line:140:_train_model] - CRITICAL: current best loglike on valid set is 3.3328 (updated at epoch-11)[0m
[38;20m2026-09-28 13:44:29,110 - tpp_runner.py[pid:12828;line:104:_train_model] - INFO: [ Epoch 27 (train) ]: train loglike is 4.34848841787657, num_events is 248539, mark_ll is -1.7139280588572114, time_ll is 6.062416433512447[0m
[38;20m2026-09-28 13:44:29,214 - tpp_runner.py[pid:12828;line:116:_train_model] - INFO: [ Epoch 27 (valid) ]:  valid loglike is 3.3023223813717366, num_events is 48260, mark_ll is -1.7561862785886344, time_ll is 5.058508518312267[0m
[38;20m2026-09-28 13:44:29,447 - tpp_runner.py[pid:12828;line:136:_train_model] - INFO: [ Epoch 27 (test) ]: test loglike is 3.8457672877893105, num_events is 104775, mark_ll is -1.858779369109401, time_ll is 5.704546610295872[0m
[31;1m2026-09-28 13:44:29,447 - tpp_runner.py[pid:12828;line:140:_train_model] - CRITICAL: current best loglike on valid set is 3.3328 (updated at epoch-11)[0m
[38;20m2026-09-28 13:44:30,691 - tpp_runner.py[pid:12828;line:104:_train_model] - INFO: [ Epoch 28 (train) ]: train loglike is 4.375960723845151, num_events is 248539, mark_ll is -1.7150039400569428, time_ll is 6.090964644256032[0m
[38;20m2026-09-28 13:44:30,804 - tpp_runner.py[pid:12828;line:116:_train_model] - INFO: [ Epoch 28 (valid) ]:  valid loglike is 3.271985283166701, num_events is 48260, mark_ll is -1.7575130761435453, time_ll is 5.029498420016576[0m
[38;20m2026-09-28 13:44:31,033 - tpp_runner.py[pid:12828;line:136:_train_model] - INFO: [ Epoch 28 (test) ]: test loglike is 3.8746187142090194, num_events is 104775, mark_ll is -1.8606085771593892, time_ll is 5.735227272727273[0m
[31;1m2026-09-28 13:44:31,033 - tpp_runner.py[pid:12828;line:140:_train_model] - CRITICAL: current best loglike on valid set is 3.3328 (updated at epoch-11)[0m
[38;20m2026-09-28 13:44:32,331 - tpp_runner.py[pid:12828;line:104:_train_model] - INFO: [ Epoch 29 (train) ]: train loglike is 4.386254010625596, num_events is 248539, mark_ll is -1.715456675687719, time_ll is 6.101710654879616[0m
[38;20m2026-09-28 13:44:32,435 - tpp_runner.py[pid:12828;line:116:_train_model] - INFO: [ Epoch 29 (valid) ]:  valid loglike is 3.2804377088297763, num_events is 48260, mark_ll is -1.7595917620700372, time_ll is 5.040029349487153[0m
[38;20m2026-09-28 13:44:32,638 - tpp_runner.py[pid:12828;line:136:_train_model] - INFO: [ Epoch 29 (test) ]: test loglike is 3.8103387840014316, num_events is 104775, mark_ll is -1.8632528875119303, time_ll is 5.673591885886423[0m
[31;1m2026-09-28 13:44:32,638 - tpp_runner.py[pid:12828;line:140:_train_model] - CRITICAL: current best loglike on valid set is 3.3328 (updated at epoch-11)[0m
[38;20m2026-09-28 13:44:33,866 - tpp_runner.py[pid:12828;line:104:_train_model] - INFO: [ Epoch 30 (train) ]: train loglike is 4.379474296224637, num_events is 248539, mark_ll is -1.718156571063797, time_ll is 6.097630780845763[0m
[38;20m2026-09-28 13:44:33,985 - tpp_runner.py[pid:12828;line:116:_train_model] - INFO: [ Epoch 30 (valid) ]:  valid loglike is 3.3530965084956486, num_events is 48260, mark_ll is -1.7609630776004972, time_ll is 5.114059747979693[0m
[38;20m2026-09-28 13:44:34,214 - tpp_runner.py[pid:12828;line:136:_train_model] - INFO: [ Epoch 30 (test) ]: test loglike is 3.837876718712718, num_events is 104775, mark_ll is -1.8650215491529467, time_ll is 5.702898174659985[0m
[31;1m2026-09-28 13:44:34,214 - tpp_runner.py[pid:12828;line:140:_train_model] - CRITICAL: current best loglike on valid set is 3.3531 (updated at epoch-30), best updated at this epoch[0m
[38;20m2026-09-28 13:44:35,396 - tpp_runner.py[pid:12828;line:104:_train_model] - INFO: [ Epoch 31 (train) ]: train loglike is 4.3764915132786, num_events is 248539, mark_ll is -1.7165611969160273, time_ll is 6.093052619822744[0m
[38;20m2026-09-28 13:44:35,481 - tpp_runner.py[pid:12828;line:116:_train_model] - INFO: [ Epoch 31 (valid) ]:  valid loglike is 3.2822264815582263, num_events is 48260, mark_ll is -1.75954141628678, time_ll is 5.041767816903232[0m
[38;20m2026-09-28 13:44:35,670 - tpp_runner.py[pid:12828;line:136:_train_model] - INFO: [ Epoch 31 (test) ]: test loglike is 3.814995414280601, num_events is 104775, mark_ll is -1.8632084377236937, time_ll is 5.678203777439752[0m
[31;1m2026-09-28 13:44:35,670 - tpp_runner.py[pid:12828;line:140:_train_model] - CRITICAL: current best loglike on valid set is 3.3531 (updated at epoch-30)[0m
[38;20m2026-09-28 13:44:36,881 - tpp_runner.py[pid:12828;line:104:_train_model] - INFO: [ Epoch 32 (train) ]: train loglike is 4.397329517135641, num_events is 248539, mark_ll is -1.7168680133889953, time_ll is 6.114197558029122[0m
[38;20m2026-09-28 13:44:36,980 - tpp_runner.py[pid:12828;line:116:_train_model] - INFO: [ Epoch 32 (valid) ]:  valid loglike is 3.2424107374119355, num_events is 48260, mark_ll is -1.7598424589787092, time_ll is 5.002253135684314[0m
[38;20m2026-09-28 13:44:37,195 - tpp_runner.py[pid:12828;line:136:_train_model] - INFO: [ Epoch 32 (test) ]: test loglike is 3.8414905824982104, num_events is 104775, mark_ll is -1.863514748866619, time_ll is 5.705005368647101[0m
[31;1m2026-09-28 13:44:37,195 - tpp_runner.py[pid:12828;line:140:_train_model] - CRITICAL: current best loglike on valid set is 3.3531 (updated at epoch-30)[0m
[38;20m2026-09-28 13:44:38,492 - tpp_runner.py[pid:12828;line:104:_train_model] - INFO: [ Epoch 33 (train) ]: train loglike is 4.386282811751878, num_events is 248539, mark_ll is -1.715957457726705, time_ll is 6.102240257690946[0m
[38;20m2026-09-28 13:44:38,624 - tpp_runner.py[pid:12828;line:116:_train_model] - INFO: [ Epoch 33 (valid) ]:  valid loglike is 3.3405761516395565, num_events is 48260, mark_ll is -1.759455820361065, time_ll is 5.100031972000622[0m
[38;20m2026-09-28 13:44:38,875 - tpp_runner.py[pid:12828;line:136:_train_model] - INFO: [ Epoch 33 (test) ]: test loglike is 3.8432664489382007, num_events is 104775, mark_ll is -1.8619274747971843, time_ll is 5.705193867811978[0m
[31;1m2026-09-28 13:44:38,875 - tpp_runner.py[pid:12828;line:140:_train_model] - CRITICAL: current best loglike on valid set is 3.3531 (updated at epoch-30)[0m
[38;20m2026-09-28 13:44:40,275 - tpp_runner.py[pid:12828;line:104:_train_model] - INFO: [ Epoch 34 (train) ]: train loglike is 4.366336550488555, num_events is 248539, mark_ll is -1.7158820915052566, time_ll is 6.0822186891443595[0m
[38;20m2026-09-28 13:44:40,385 - tpp_runner.py[pid:12828;line:116:_train_model] - INFO: [ Epoch 34 (valid) ]:  valid loglike is 3.273363074039059, num_events is 48260, mark_ll is -1.7597654024101224, time_ll is 5.033128496684625[0m
[38;20m2026-09-28 13:44:40,627 - tpp_runner.py[pid:12828;line:136:_train_model] - INFO: [ Epoch 34 (test) ]: test loglike is 3.861519998210451, num_events is 104775, mark_ll is -1.8620060937872822, time_ll is 5.723526119959437[0m
[31;1m2026-09-28 13:44:40,627 - tpp_runner.py[pid:12828;line:140:_train_model] - CRITICAL: current best loglike on valid set is 3.3531 (updated at epoch-30)[0m
[38;20m2026-09-28 13:44:41,833 - tpp_runner.py[pid:12828;line:104:_train_model] - INFO: [ Epoch 35 (train) ]: train loglike is 4.367252599189665, num_events is 248539, mark_ll is -1.715757637634335, time_ll is 6.083010189673452[0m
[38;20m2026-09-28 13:44:41,932 - tpp_runner.py[pid:12828;line:116:_train_model] - INFO: [ Epoch 35 (valid) ]:  valid loglike is 3.3763563413023205, num_events is 48260, mark_ll is -1.7599596829025073, time_ll is 5.136316064675714[0m
[38;20m2026-09-28 13:44:42,142 - tpp_runner.py[pid:12828;line:136:_train_model] - INFO: [ Epoch 35 (test) ]: test loglike is 3.8446755510319734, num_events is 104775, mark_ll is -1.8618812354599141, time_ll is 5.706556944941541[0m
[31;1m2026-09-28 13:44:42,142 - tpp_runner.py[pid:12828;line:140:_train_model] - CRITICAL: current best loglike on valid set is 3.3764 (updated at epoch-35), best updated at this epoch[0m
[38;20m2026-09-28 13:44:43,368 - tpp_runner.py[pid:12828;line:104:_train_model] - INFO: [ Epoch 36 (train) ]: train loglike is 4.3906892976303515, num_events is 248539, mark_ll is -1.7165877898249873, time_ll is 6.107277193544071[0m
[38;20m2026-09-28 13:44:43,451 - tpp_runner.py[pid:12828;line:116:_train_model] - INFO: [ Epoch 36 (valid) ]:  valid loglike is 3.276587025357439, num_events is 48260, mark_ll is -1.761895344714826, time_ll is 5.038482309365935[0m
[38;20m2026-09-28 13:44:43,652 - tpp_runner.py[pid:12828;line:136:_train_model] - INFO: [ Epoch 36 (test) ]: test loglike is 3.8854659724707705, num_events is 104775, mark_ll is -1.8639059051389884, time_ll is 5.749371719160105[0m
[31;1m2026-09-28 13:44:43,653 - tpp_runner.py[pid:12828;line:140:_train_model] - CRITICAL: current best loglike on valid set is 3.3764 (updated at epoch-35)[0m
[38;20m2026-09-28 13:44:44,823 - tpp_runner.py[pid:12828;line:104:_train_model] - INFO: [ Epoch 37 (train) ]: train loglike is 4.380249199760903, num_events is 248539, mark_ll is -1.7178709487620656, time_ll is 6.098120085655571[0m
[38;20m2026-09-28 13:44:44,928 - tpp_runner.py[pid:12828;line:116:_train_model] - INFO: [ Epoch 37 (valid) ]:  valid loglike is 3.269478637847078, num_events is 48260, mark_ll is -1.7628868005011915, time_ll is 5.032365418112827[0m
[38;20m2026-09-28 13:44:45,154 - tpp_runner.py[pid:12828;line:136:_train_model] - INFO: [ Epoch 37 (test) ]: test loglike is 3.832211286089239, num_events is 104775, mark_ll is -1.8645533677075876, time_ll is 5.6967646071939875[0m
[31;1m2026-09-28 13:44:45,154 - tpp_runner.py[pid:12828;line:140:_train_model] - CRITICAL: current best loglike on valid set is 3.3764 (updated at epoch-35)[0m
[38;20m2026-09-28 13:44:46,305 - tpp_runner.py[pid:12828;line:104:_train_model] - INFO: [ Epoch 38 (train) ]: train loglike is 4.374661239030897, num_events is 248539, mark_ll is -1.7173559665497669, time_ll is 6.092017201651451[0m
[38;20m2026-09-28 13:44:46,390 - tpp_runner.py[pid:12828;line:116:_train_model] - INFO: [ Epoch 38 (valid) ]:  valid loglike is 3.275324293216432, num_events is 48260, mark_ll is -1.7616127162764195, time_ll is 5.036936969021965[0m
[38;20m2026-09-28 13:44:46,575 - tpp_runner.py[pid:12828;line:136:_train_model] - INFO: [ Epoch 38 (test) ]: test loglike is 3.900037468682892, num_events is 104775, mark_ll is -1.8629714156824146, time_ll is 5.763008828441899[0m
[31;1m2026-09-28 13:44:46,575 - tpp_runner.py[pid:12828;line:140:_train_model] - CRITICAL: current best loglike on valid set is 3.3764 (updated at epoch-35)[0m
[38;20m2026-09-28 13:44:47,756 - tpp_runner.py[pid:12828;line:104:_train_model] - INFO: [ Epoch 39 (train) ]: train loglike is 4.367546032765482, num_events is 248539, mark_ll is -1.7179027753818314, time_ll is 6.085448792430464[0m
[38;20m2026-09-28 13:44:47,851 - tpp_runner.py[pid:12828;line:116:_train_model] - INFO: [ Epoch 39 (valid) ]:  valid loglike is 3.3182206407998343, num_events is 48260, mark_ll is -1.7629856101714672, time_ll is 5.0812062914421885[0m
[38;20m2026-09-28 13:44:48,043 - tpp_runner.py[pid:12828;line:136:_train_model] - INFO: [ Epoch 39 (test) ]: test loglike is 3.8835760409210214, num_events is 104775, mark_ll is -1.864172147160582, time_ll is 5.747748225363875[0m
[31;1m2026-09-28 13:44:48,043 - tpp_runner.py[pid:12828;line:140:_train_model] - CRITICAL: current best loglike on valid set is 3.3764 (updated at epoch-35)[0m
[38;20m2026-09-28 13:44:49,200 - tpp_runner.py[pid:12828;line:104:_train_model] - INFO: [ Epoch 40 (train) ]: train loglike is 4.395231600661767, num_events is 248539, mark_ll is -1.7183770745298022, time_ll is 6.11360871055448[0m
[38;20m2026-09-28 13:44:49,287 - tpp_runner.py[pid:12828;line:116:_train_model] - INFO: [ Epoch 40 (valid) ]:  valid loglike is 3.291425149904165, num_events is 48260, mark_ll is -1.7624566759156133, time_ll is 5.053881886526108[0m
[38;20m2026-09-28 13:44:49,479 - tpp_runner.py[pid:12828;line:136:_train_model] - INFO: [ Epoch 40 (test) ]: test loglike is 3.872269465073968, num_events is 104775, mark_ll is -1.8639849155929373, time_ll is 5.736254362025769[0m
[31;1m2026-09-28 13:44:49,479 - tpp_runner.py[pid:12828;line:140:_train_model] - CRITICAL: current best loglike on valid set is 3.3764 (updated at epoch-35)[0m
[38;20m2026-09-28 13:44:50,618 - tpp_runner.py[pid:12828;line:104:_train_model] - INFO: [ Epoch 41 (train) ]: train loglike is 4.395633763400815, num_events is 248539, mark_ll is -1.7184467080304802, time_ll is 6.114080420351534[0m
[38;20m2026-09-28 13:44:50,711 - tpp_runner.py[pid:12828;line:116:_train_model] - INFO: [ Epoch 41 (valid) ]:  valid loglike is 3.2977100762795275, num_events is 48260, mark_ll is -1.763020637724047, time_ll is 5.060730612826357[0m
[38;20m2026-09-28 13:44:50,895 - tpp_runner.py[pid:12828;line:136:_train_model] - INFO: [ Epoch 41 (test) ]: test loglike is 3.8849077636602245, num_events is 104775, mark_ll is -1.8638210972918159, time_ll is 5.748728935516583[0m
[31;1m2026-09-28 13:44:50,895 - tpp_runner.py[pid:12828;line:140:_train_model] - CRITICAL: current best loglike on valid set is 3.3764 (updated at epoch-35)[0m
[38;20m2026-09-28 13:44:52,097 - tpp_runner.py[pid:12828;line:104:_train_model] - INFO: [ Epoch 42 (train) ]: train loglike is 4.389656975678364, num_events is 248539, mark_ll is -1.7171173887071043, time_ll is 6.106774364385469[0m
[38;20m2026-09-28 13:44:52,186 - tpp_runner.py[pid:12828;line:116:_train_model] - INFO: [ Epoch 42 (valid) ]:  valid loglike is 3.2630778837935144, num_events is 48260, mark_ll is -1.7606915179496478, time_ll is 5.0237696040975965[0m
[38;20m2026-09-28 13:44:52,384 - tpp_runner.py[pid:12828;line:136:_train_model] - INFO: [ Epoch 42 (test) ]: test loglike is 3.8881361473991887, num_events is 104775, mark_ll is -1.8599763443987116, time_ll is 5.748112547721307[0m
[31;1m2026-09-28 13:44:52,384 - tpp_runner.py[pid:12828;line:140:_train_model] - CRITICAL: current best loglike on valid set is 3.3764 (updated at epoch-35)[0m
[38;20m2026-09-28 13:44:53,601 - tpp_runner.py[pid:12828;line:104:_train_model] - INFO: [ Epoch 43 (train) ]: train loglike is 4.409210763640213, num_events is 248539, mark_ll is -1.7171515885711095, time_ll is 6.12636229720235[0m
[38;20m2026-09-28 13:44:53,687 - tpp_runner.py[pid:12828;line:116:_train_model] - INFO: [ Epoch 43 (valid) ]:  valid loglike is 3.2977377988370287, num_events is 48260, mark_ll is -1.761178827898363, time_ll is 5.058916707677166[0m
[38;20m2026-09-28 13:44:53,908 - tpp_runner.py[pid:12828;line:136:_train_model] - INFO: [ Epoch 43 (test) ]: test loglike is 3.881335972918158, num_events is 104775, mark_ll is -1.8597607969458363, time_ll is 5.7410968444285375[0m
[31;1m2026-09-28 13:44:53,908 - tpp_runner.py[pid:12828;line:140:_train_model] - CRITICAL: current best loglike on valid set is 3.3764 (updated at epoch-35)[0m
[38;20m2026-09-28 13:44:55,035 - tpp_runner.py[pid:12828;line:104:_train_model] - INFO: [ Epoch 44 (train) ]: train loglike is 4.409001650960715, num_events is 248539, mark_ll is -1.7172876964857628, time_ll is 6.126289394597025[0m
[38;20m2026-09-28 13:44:55,127 - tpp_runner.py[pid:12828;line:116:_train_model] - INFO: [ Epoch 44 (valid) ]:  valid loglike is 3.257226279203792, num_events is 48260, mark_ll is -1.7603033819091898, time_ll is 5.017529559935765[0m
[38;20m2026-09-28 13:44:55,333 - tpp_runner.py[pid:12828;line:136:_train_model] - INFO: [ Epoch 44 (test) ]: test loglike is 3.881397451383918, num_events is 104775, mark_ll is -1.859530206096397, time_ll is 5.7409275456335[0m
[31;1m2026-09-28 13:44:55,333 - tpp_runner.py[pid:12828;line:140:_train_model] - CRITICAL: current best loglike on valid set is 3.3764 (updated at epoch-35)[0m
[38;20m2026-09-28 13:44:56,444 - tpp_runner.py[pid:12828;line:104:_train_model] - INFO: [ Epoch 45 (train) ]: train loglike is 4.403378570931021, num_events is 248539, mark_ll is -1.7154627777544469, time_ll is 6.118841336897831[0m
[38;20m2026-09-28 13:44:56,538 - tpp_runner.py[pid:12828;line:116:_train_model] - INFO: [ Epoch 45 (valid) ]:  valid loglike is 3.303633111984563, num_events is 48260, mark_ll is -1.7603291820995648, time_ll is 5.063962375025901[0m
[38;20m2026-09-28 13:44:56,728 - tpp_runner.py[pid:12828;line:136:_train_model] - INFO: [ Epoch 45 (test) ]: test loglike is 3.8950868863338104, num_events is 104775, mark_ll is -1.8590017951413744, time_ll is 5.754088672154617[0m
[31;1m2026-09-28 13:44:56,728 - tpp_runner.py[pid:12828;line:140:_train_model] - CRITICAL: current best loglike on valid set is 3.3764 (updated at epoch-35)[0m
[38;20m2026-09-28 13:44:57,805 - tpp_runner.py[pid:12828;line:104:_train_model] - INFO: [ Epoch 46 (train) ]: train loglike is 4.399901210172247, num_events is 248539, mark_ll is -1.7145861115483887, time_ll is 6.114487376729608[0m
[38;20m2026-09-28 13:44:57,900 - tpp_runner.py[pid:12828;line:116:_train_model] - INFO: [ Epoch 46 (valid) ]:  valid loglike is 3.314905994223995, num_events is 48260, mark_ll is -1.7590020000712288, time_ll is 5.073907893118006[0m
[38;20m2026-09-28 13:44:58,210 - tpp_runner.py[pid:12828;line:136:_train_model] - INFO: [ Epoch 46 (test) ]: test loglike is 3.8682035537461226, num_events is 104775, mark_ll is -1.857525538356001, time_ll is 5.725729129384395[0m
[31;1m2026-09-28 13:44:58,210 - tpp_runner.py[pid:12828;line:140:_train_model] - CRITICAL: current best loglike on valid set is 3.3764 (updated at epoch-35)[0m
[38;20m2026-09-28 13:44:59,322 - tpp_runner.py[pid:12828;line:104:_train_model] - INFO: [ Epoch 47 (train) ]: train loglike is 4.417869403795782, num_events is 248539, mark_ll is -1.7147748394743882, time_ll is 6.132644203978048[0m
[38;20m2026-09-28 13:44:59,449 - tpp_runner.py[pid:12828;line:116:_train_model] - INFO: [ Epoch 47 (valid) ]:  valid loglike is 3.285075631993369, num_events is 48260, mark_ll is -1.7595163648078118, time_ll is 5.044591956330295[0m
[38;20m2026-09-28 13:44:59,625 - tpp_runner.py[pid:12828;line:136:_train_model] - INFO: [ Epoch 47 (test) ]: test loglike is 3.8670492014137436, num_events is 104775, mark_ll is -1.8581008131263421, time_ll is 5.725149986578383[0m
[31;1m2026-09-28 13:44:59,625 - tpp_runner.py[pid:12828;line:140:_train_model] - CRITICAL: current best loglike on valid set is 3.3764 (updated at epoch-35)[0m
[38;20m2026-09-28 13:45:00,731 - tpp_runner.py[pid:12828;line:104:_train_model] - INFO: [ Epoch 48 (train) ]: train loglike is 4.373455010141768, num_events is 248539, mark_ll is -1.7131240752205892, time_ll is 6.086579046070234[0m
[38;20m2026-09-28 13:45:00,824 - tpp_runner.py[pid:12828;line:116:_train_model] - INFO: [ Epoch 48 (valid) ]:  valid loglike is 3.3159329025072526, num_events is 48260, mark_ll is -1.7547860263740676, time_ll is 5.070718908645876[0m
[38;20m2026-09-28 13:45:01,017 - tpp_runner.py[pid:12828;line:136:_train_model] - INFO: [ Epoch 48 (test) ]: test loglike is 3.891579463433548, num_events is 104775, mark_ll is -1.8525814244810308, time_ll is 5.744160887914579[0m
[31;1m2026-09-28 13:45:01,019 - tpp_runner.py[pid:12828;line:140:_train_model] - CRITICAL: current best loglike on valid set is 3.3764 (updated at epoch-35)[0m
[38;20m2026-09-28 13:45:02,129 - tpp_runner.py[pid:12828;line:104:_train_model] - INFO: [ Epoch 49 (train) ]: train loglike is 4.397168820210309, num_events is 248539, mark_ll is -1.7114973184540454, time_ll is 6.108666217248601[0m
[38;20m2026-09-28 13:45:02,221 - tpp_runner.py[pid:12828;line:116:_train_model] - INFO: [ Epoch 49 (valid) ]:  valid loglike is 3.3426541293255285, num_events is 48260, mark_ll is -1.7564474979278906, time_ll is 5.09910187007874[0m
[38;20m2026-09-28 13:45:02,423 - tpp_runner.py[pid:12828;line:136:_train_model] - INFO: [ Epoch 49 (test) ]: test loglike is 3.9056278334526366, num_events is 104775, mark_ll is -1.8541601422691483, time_ll is 5.759787938439513[0m
[31;1m2026-09-28 13:45:02,423 - tpp_runner.py[pid:12828;line:140:_train_model] - CRITICAL: current best loglike on valid set is 3.3764 (updated at epoch-35)[0m
[38;20m2026-09-28 13:45:03,580 - tpp_runner.py[pid:12828;line:104:_train_model] - INFO: [ Epoch 50 (train) ]: train loglike is 4.3876834187743174, num_events is 248539, mark_ll is -1.7126554695012655, time_ll is 6.100338809691336[0m
[38;20m2026-09-28 13:45:03,660 - tpp_runner.py[pid:12828;line:116:_train_model] - INFO: [ Epoch 50 (valid) ]:  valid loglike is 3.285060900590551, num_events is 48260, mark_ll is -1.7567572823313822, time_ll is 5.041818122215603[0m
[38;20m2026-09-28 13:45:03,845 - tpp_runner.py[pid:12828;line:136:_train_model] - INFO: [ Epoch 50 (test) ]: test loglike is 3.934899524278215, num_events is 104775, mark_ll is -1.8552746212121212, time_ll is 5.790174145490337[0m
[31;1m2026-09-28 13:45:03,845 - tpp_runner.py[pid:12828;line:140:_train_model] - CRITICAL: current best loglike on valid set is 3.3764 (updated at epoch-35)[0m
[38;20m2026-09-28 13:45:04,956 - tpp_runner.py[pid:12828;line:104:_train_model] - INFO: [ Epoch 51 (train) ]: train loglike is 4.433087148797573, num_events is 248539, mark_ll is -1.7125613609370662, time_ll is 6.145648537239126[0m
[38;20m2026-09-28 13:45:05,048 - tpp_runner.py[pid:12828;line:116:_train_model] - INFO: [ Epoch 51 (valid) ]:  valid loglike is 3.232290304146809, num_events is 48260, mark_ll is -1.7570587094967365, time_ll is 4.989348791053668[0m
[38;20m2026-09-28 13:45:05,263 - tpp_runner.py[pid:12828;line:136:_train_model] - INFO: [ Epoch 51 (test) ]: test loglike is 3.897364236608208, num_events is 104775, mark_ll is -1.8546174838940588, time_ll is 5.751981739143402[0m
[31;1m2026-09-28 13:45:05,263 - tpp_runner.py[pid:12828;line:140:_train_model] - CRITICAL: current best loglike on valid set is 3.3764 (updated at epoch-35)[0m
[38;20m2026-09-28 13:45:06,386 - tpp_runner.py[pid:12828;line:104:_train_model] - INFO: [ Epoch 52 (train) ]: train loglike is 4.432299467462853, num_events is 248539, mark_ll is -1.7126156587220718, time_ll is 6.144915102609651[0m
[38;20m2026-09-28 13:45:06,460 - tpp_runner.py[pid:12828;line:116:_train_model] - INFO: [ Epoch 52 (valid) ]:  valid loglike is 3.3195362279190843, num_events is 48260, mark_ll is -1.755840050151523, time_ll is 5.07537629830605[0m
[38;20m2026-09-28 13:45:06,654 - tpp_runner.py[pid:12828;line:136:_train_model] - INFO: [ Epoch 52 (test) ]: test loglike is 3.896315784568122, num_events is 104775, mark_ll is -1.8544115273055357, time_ll is 5.750727377117633[0m
[31;1m2026-09-28 13:45:06,654 - tpp_runner.py[pid:12828;line:140:_train_model] - CRITICAL: current best loglike on valid set is 3.3764 (updated at epoch-35)[0m
[38;20m2026-09-28 13:45:07,762 - tpp_runner.py[pid:12828;line:104:_train_model] - INFO: [ Epoch 53 (train) ]: train loglike is 4.406668885466667, num_events is 248539, mark_ll is -1.7107586697598265, time_ll is 6.117427527722008[0m
[38;20m2026-09-28 13:45:07,857 - tpp_runner.py[pid:12828;line:116:_train_model] - INFO: [ Epoch 53 (valid) ]:  valid loglike is 3.131174481325114, num_events is 48260, mark_ll is -1.751005033768908, time_ll is 4.882179454387692[0m
[38;20m2026-09-28 13:45:08,034 - tpp_runner.py[pid:12828;line:136:_train_model] - INFO: [ Epoch 53 (test) ]: test loglike is 3.7902980717609163, num_events is 104775, mark_ll is -1.8494099614501311, time_ll is 5.639708005249344[0m
[31;1m2026-09-28 13:45:08,034 - tpp_runner.py[pid:12828;line:140:_train_model] - CRITICAL: current best loglike on valid set is 3.3764 (updated at epoch-35)[0m
[38;20m2026-09-28 13:45:09,212 - tpp_runner.py[pid:12828;line:104:_train_model] - INFO: [ Epoch 54 (train) ]: train loglike is 4.425497034356278, num_events is 248539, mark_ll is -1.71003406799964, time_ll is 6.135531153435678[0m
[38;20m2026-09-28 13:45:09,294 - tpp_runner.py[pid:12828;line:116:_train_model] - INFO: [ Epoch 54 (valid) ]:  valid loglike is 3.364079902481351, num_events is 48260, mark_ll is -1.754066110003108, time_ll is 5.118145931542686[0m
[38;20m2026-09-28 13:45:09,477 - tpp_runner.py[pid:12828;line:136:_train_model] - INFO: [ Epoch 54 (test) ]: test loglike is 3.9250469756621333, num_events is 104775, mark_ll is -1.8538465704038416, time_ll is 5.77889361130995[0m
[31;1m2026-09-28 13:45:09,477 - tpp_runner.py[pid:12828;line:140:_train_model] - CRITICAL: current best loglike on valid set is 3.3764 (updated at epoch-35)[0m
[38;20m2026-09-28 13:45:10,610 - tpp_runner.py[pid:12828;line:104:_train_model] - INFO: [ Epoch 55 (train) ]: train loglike is 4.411465117773267, num_events is 248539, mark_ll is -1.710377748342564, time_ll is 6.121842752168674[0m
[38;20m2026-09-28 13:45:10,687 - tpp_runner.py[pid:12828;line:116:_train_model] - INFO: [ Epoch 55 (valid) ]:  valid loglike is 3.3673598655071486, num_events is 48260, mark_ll is -1.7528767718154268, time_ll is 5.120236576616246[0m
[38;20m2026-09-28 13:45:10,893 - tpp_runner.py[pid:12828;line:136:_train_model] - INFO: [ Epoch 55 (test) ]: test loglike is 3.9031323818897636, num_events is 104775, mark_ll is -1.8523671632665235, time_ll is 5.755499619720831[0m
[31;1m2026-09-28 13:45:10,893 - tpp_runner.py[pid:12828;line:140:_train_model] - CRITICAL: current best loglike on valid set is 3.3764 (updated at epoch-35)[0m
[38;20m2026-09-28 13:45:12,031 - tpp_runner.py[pid:12828;line:104:_train_model] - INFO: [ Epoch 56 (train) ]: train loglike is 4.404258258701351, num_events is 248539, mark_ll is -1.708851756225884, time_ll is 6.113109936342989[0m
[38;20m2026-09-28 13:45:12,110 - tpp_runner.py[pid:12828;line:116:_train_model] - INFO: [ Epoch 56 (valid) ]:  valid loglike is 3.3626024722855368, num_events is 48260, mark_ll is -1.7520167047632615, time_ll is 5.114619217519685[0m
[38;20m2026-09-28 13:45:12,299 - tpp_runner.py[pid:12828;line:136:_train_model] - INFO: [ Epoch 56 (test) ]: test loglike is 3.884170003429969, num_events is 104775, mark_ll is -1.849835258962658, time_ll is 5.734005308995466[0m
[31;1m2026-09-28 13:45:12,299 - tpp_runner.py[pid:12828;line:140:_train_model] - CRITICAL: current best loglike on valid set is 3.3764 (updated at epoch-35)[0m
[38;20m2026-09-28 13:45:13,419 - tpp_runner.py[pid:12828;line:104:_train_model] - INFO: [ Epoch 57 (train) ]: train loglike is 4.385312422044428, num_events is 248539, mark_ll is -1.709257030901086, time_ll is 6.094569397936541[0m
[38;20m2026-09-28 13:45:13,491 - tpp_runner.py[pid:12828;line:116:_train_model] - INFO: [ Epoch 57 (valid) ]:  valid loglike is 3.3963960675248654, num_events is 48260, mark_ll is -1.751671548804652, time_ll is 5.148067596094074[0m
[38;20m2026-09-28 13:45:13,691 - tpp_runner.py[pid:12828;line:136:_train_model] - INFO: [ Epoch 57 (test) ]: test loglike is 3.920616928388213, num_events is 104775, mark_ll is -1.8495455477511333, time_ll is 5.770162587986161[0m
[31;1m2026-09-28 13:45:13,691 - tpp_runner.py[pid:12828;line:140:_train_model] - CRITICAL: current best loglike on valid set is 3.3964 (updated at epoch-57), best updated at this epoch[0m
[38;20m2026-09-28 13:45:14,789 - tpp_runner.py[pid:12828;line:104:_train_model] - INFO: [ Epoch 58 (train) ]: train loglike is 4.435682393532805, num_events is 248539, mark_ll is -1.7071323604205477, time_ll is 6.142814687156744[0m
[38;20m2026-09-28 13:45:14,877 - tpp_runner.py[pid:12828;line:116:_train_model] - INFO: [ Epoch 58 (valid) ]:  valid loglike is 3.3326067055403024, num_events is 48260, mark_ll is -1.7507155050442913, time_ll is 5.083322190349151[0m
[38;20m2026-09-28 13:45:15,058 - tpp_runner.py[pid:12828;line:136:_train_model] - INFO: [ Epoch 58 (test) ]: test loglike is 3.919005271713195, num_events is 104775, mark_ll is -1.8496161417322834, time_ll is 5.768621413445478[0m
[31;1m2026-09-28 13:45:15,058 - tpp_runner.py[pid:12828;line:140:_train_model] - CRITICAL: current best loglike on valid set is 3.3964 (updated at epoch-57)[0m
[38;20m2026-09-28 13:45:16,179 - tpp_runner.py[pid:12828;line:104:_train_model] - INFO: [ Epoch 59 (train) ]: train loglike is 4.423750970986948, num_events is 248539, mark_ll is -1.7079255505109359, time_ll is 6.131676462559699[0m
[38;20m2026-09-28 13:45:16,293 - tpp_runner.py[pid:12828;line:116:_train_model] - INFO: [ Epoch 59 (valid) ]:  valid loglike is 3.372309900150228, num_events is 48260, mark_ll is -1.75041397670172, time_ll is 5.122723917322834[0m
[38;20m2026-09-28 13:45:16,513 - tpp_runner.py[pid:12828;line:136:_train_model] - INFO: [ Epoch 59 (test) ]: test loglike is 3.932698416249105, num_events is 104775, mark_ll is -1.849163516314722, time_ll is 5.781861951204963[0m
[31;1m2026-09-28 13:45:16,513 - tpp_runner.py[pid:12828;line:140:_train_model] - CRITICAL: current best loglike on valid set is 3.3964 (updated at epoch-57)[0m
[38;20m2026-09-28 13:45:17,592 - tpp_runner.py[pid:12828;line:104:_train_model] - INFO: [ Epoch 60 (train) ]: train loglike is 4.432679913445425, num_events is 248539, mark_ll is -1.707517533245537, time_ll is 6.140197517416784[0m
[38;20m2026-09-28 13:45:17,689 - tpp_runner.py[pid:12828;line:116:_train_model] - INFO: [ Epoch 60 (valid) ]:  valid loglike is 3.368182355340862, num_events is 48260, mark_ll is -1.751210241400746, time_ll is 5.119392677683382[0m
[38;20m2026-09-28 13:45:17,855 - tpp_runner.py[pid:12828;line:136:_train_model] - INFO: [ Epoch 60 (test) ]: test loglike is 3.8755031242543545, num_events is 104775, mark_ll is -1.8493978260707469, time_ll is 5.724901015569077[0m
[31;1m2026-09-28 13:45:17,855 - tpp_runner.py[pid:12828;line:140:_train_model] - CRITICAL: current best loglike on valid set is 3.3964 (updated at epoch-57)[0m
[38;20m2026-09-28 13:45:18,999 - tpp_runner.py[pid:12828;line:104:_train_model] - INFO: [ Epoch 61 (train) ]: train loglike is 4.446013031405534, num_events is 248539, mark_ll is -1.7065546483336116, time_ll is 6.152567683668358[0m
[38;20m2026-09-28 13:45:19,095 - tpp_runner.py[pid:12828;line:116:_train_model] - INFO: [ Epoch 61 (valid) ]:  valid loglike is 3.3472799921648364, num_events is 48260, mark_ll is -1.749663545282066, time_ll is 5.096943476740572[0m
[38;20m2026-09-28 13:45:19,310 - tpp_runner.py[pid:12828;line:136:_train_model] - INFO: [ Epoch 61 (test) ]: test loglike is 3.937203829634932, num_events is 104775, mark_ll is -1.8476715823341685, time_ll is 5.784875439930804[0m
[31;1m2026-09-28 13:45:19,310 - tpp_runner.py[pid:12828;line:140:_train_model] - CRITICAL: current best loglike on valid set is 3.3964 (updated at epoch-57)[0m
[38;20m2026-09-28 13:45:20,407 - tpp_runner.py[pid:12828;line:104:_train_model] - INFO: [ Epoch 62 (train) ]: train loglike is 4.433461406270746, num_events is 248539, mark_ll is -1.7065317999639895, time_ll is 6.139993119792065[0m
[38;20m2026-09-28 13:45:20,486 - tpp_runner.py[pid:12828;line:116:_train_model] - INFO: [ Epoch 62 (valid) ]:  valid loglike is 3.423413257938769, num_events is 48260, mark_ll is -1.7497364535847493, time_ll is 5.173149751994405[0m
[38;20m2026-09-28 13:45:20,744 - tpp_runner.py[pid:12828;line:136:_train_model] - INFO: [ Epoch 62 (test) ]: test loglike is 3.924942827636602, num_events is 104775, mark_ll is -1.8477427355493916, time_ll is 5.772685553865426[0m
[31;1m2026-09-28 13:45:20,746 - tpp_runner.py[pid:12828;line:140:_train_model] - CRITICAL: current best loglike on valid set is 3.4234 (updated at epoch-62), best updated at this epoch[0m
[38;20m2026-09-28 13:45:21,857 - tpp_runner.py[pid:12828;line:104:_train_model] - INFO: [ Epoch 63 (train) ]: train loglike is 4.44151604790898, num_events is 248539, mark_ll is -1.705872442774323, time_ll is 6.147388541763063[0m
[38;20m2026-09-28 13:45:21,926 - tpp_runner.py[pid:12828;line:116:_train_model] - INFO: [ Epoch 63 (valid) ]:  valid loglike is 3.391182931646291, num_events is 48260, mark_ll is -1.7487435408464567, time_ll is 5.1399266343762955[0m
[38;20m2026-09-28 13:45:22,114 - tpp_runner.py[pid:12828;line:136:_train_model] - INFO: [ Epoch 63 (test) ]: test loglike is 3.9451654214387974, num_events is 104775, mark_ll is -1.8467727160880458, time_ll is 5.791938305297065[0m
[31;1m2026-09-28 13:45:22,114 - tpp_runner.py[pid:12828;line:140:_train_model] - CRITICAL: current best loglike on valid set is 3.4234 (updated at epoch-62)[0m
[38;20m2026-09-28 13:45:23,316 - tpp_runner.py[pid:12828;line:104:_train_model] - INFO: [ Epoch 64 (train) ]: train loglike is 4.451244934773818, num_events is 248539, mark_ll is -1.7055870680129679, time_ll is 6.156831979211512[0m
[38;20m2026-09-28 13:45:23,404 - tpp_runner.py[pid:12828;line:116:_train_model] - INFO: [ Epoch 64 (valid) ]:  valid loglike is 3.4405791464851845, num_events is 48260, mark_ll is -1.7485829321319415, time_ll is 5.18916222026523[0m
[38;20m2026-09-28 13:45:23,633 - tpp_runner.py[pid:12828;line:136:_train_model] - INFO: [ Epoch 64 (test) ]: test loglike is 3.9152187910104987, num_events is 104775, mark_ll is -1.8469706756293247, time_ll is 5.762189513242663[0m
[31;1m2026-09-28 13:45:23,633 - tpp_runner.py[pid:12828;line:140:_train_model] - CRITICAL: current best loglike on valid set is 3.4406 (updated at epoch-64), best updated at this epoch[0m
[38;20m2026-09-28 13:45:24,776 - tpp_runner.py[pid:12828;line:104:_train_model] - INFO: [ Epoch 65 (train) ]: train loglike is 4.428238634391886, num_events is 248539, mark_ll is -1.705577433584367, time_ll is 6.133816099409952[0m
[38;20m2026-09-28 13:45:24,871 - tpp_runner.py[pid:12828;line:116:_train_model] - INFO: [ Epoch 65 (valid) ]:  valid loglike is 3.299733256384687, num_events is 48260, mark_ll is -1.7486566296169188, time_ll is 5.048389906237049[0m
[38;20m2026-09-28 13:45:25,040 - tpp_runner.py[pid:12828;line:136:_train_model] - INFO: [ Epoch 65 (test) ]: test loglike is 3.94072171021236, num_events is 104775, mark_ll is -1.8467599469100453, time_ll is 5.787481507993319[0m
[31;1m2026-09-28 13:45:25,040 - tpp_runner.py[pid:12828;line:140:_train_model] - CRITICAL: current best loglike on valid set is 3.4406 (updated at epoch-64)[0m
[38;20m2026-09-28 13:45:26,183 - tpp_runner.py[pid:12828;line:104:_train_model] - INFO: [ Epoch 66 (train) ]: train loglike is 4.432477861560459, num_events is 248539, mark_ll is -1.705053304165795, time_ll is 6.137531161797042[0m
[38;20m2026-09-28 13:45:26,265 - tpp_runner.py[pid:12828;line:116:_train_model] - INFO: [ Epoch 66 (valid) ]:  valid loglike is 3.360577511461355, num_events is 48260, mark_ll is -1.7479213343089515, time_ll is 5.10849880529942[0m
[38;20m2026-09-28 13:45:26,462 - tpp_runner.py[pid:12828;line:136:_train_model] - INFO: [ Epoch 66 (test) ]: test loglike is 3.930966076861131, num_events is 104775, mark_ll is -1.8461023435635886, time_ll is 5.777068494989263[0m
[31;1m2026-09-28 13:45:26,462 - tpp_runner.py[pid:12828;line:140:_train_model] - CRITICAL: current best loglike on valid set is 3.4406 (updated at epoch-64)[0m
[38;20m2026-09-28 13:45:27,560 - tpp_runner.py[pid:12828;line:104:_train_model] - INFO: [ Epoch 67 (train) ]: train loglike is 4.4394815489219, num_events is 248539, mark_ll is -1.7048399479369938, time_ll is 6.144321485071257[0m
[38;20m2026-09-28 13:45:27,666 - tpp_runner.py[pid:12828;line:116:_train_model] - INFO: [ Epoch 67 (valid) ]:  valid loglike is 3.3586705637432654, num_events is 48260, mark_ll is -1.7477418459257148, time_ll is 5.106412369198094[0m
[38;20m2026-09-28 13:45:27,861 - tpp_runner.py[pid:12828;line:136:_train_model] - INFO: [ Epoch 67 (test) ]: test loglike is 3.8849617483894057, num_events is 104775, mark_ll is -1.8466520333750895, time_ll is 5.731613800405631[0m
[31;1m2026-09-28 13:45:27,861 - tpp_runner.py[pid:12828;line:140:_train_model] - CRITICAL: current best loglike on valid set is 3.4406 (updated at epoch-64)[0m
[38;20m2026-09-28 13:45:28,988 - tpp_runner.py[pid:12828;line:104:_train_model] - INFO: [ Epoch 68 (train) ]: train loglike is 4.441527670519013, num_events is 248539, mark_ll is -1.7047896854530376, time_ll is 6.146317399193386[0m
[38;20m2026-09-28 13:45:29,094 - tpp_runner.py[pid:12828;line:116:_train_model] - INFO: [ Epoch 68 (valid) ]:  valid loglike is 3.3876482853294654, num_events is 48260, mark_ll is -1.7487758973205034, time_ll is 5.136424202885412[0m
[38;20m2026-09-28 13:45:29,316 - tpp_runner.py[pid:12828;line:136:_train_model] - INFO: [ Epoch 68 (test) ]: test loglike is 3.929021992811978, num_events is 104775, mark_ll is -1.8475535000596517, time_ll is 5.776575399665951[0m
[31;1m2026-09-28 13:45:29,316 - tpp_runner.py[pid:12828;line:140:_train_model] - CRITICAL: current best loglike on valid set is 3.4406 (updated at epoch-64)[0m
[38;20m2026-09-28 13:45:30,475 - tpp_runner.py[pid:12828;line:104:_train_model] - INFO: [ Epoch 69 (train) ]: train loglike is 4.4228554484909814, num_events is 248539, mark_ll is -1.704997686165451, time_ll is 6.127853056072186[0m
[38;20m2026-09-28 13:45:30,554 - tpp_runner.py[pid:12828;line:116:_train_model] - INFO: [ Epoch 69 (valid) ]:  valid loglike is 3.3193033989069622, num_events is 48260, mark_ll is -1.7450848107905097, time_ll is 5.064388128755699[0m
[38;20m2026-09-28 13:45:30,738 - tpp_runner.py[pid:12828;line:136:_train_model] - INFO: [ Epoch 69 (test) ]: test loglike is 3.944521258351229, num_events is 104775, mark_ll is -1.8443238673645908, time_ll is 5.788845107074684[0m
[31;1m2026-09-28 13:45:30,738 - tpp_runner.py[pid:12828;line:140:_train_model] - CRITICAL: current best loglike on valid set is 3.4406 (updated at epoch-64)[0m
[38;20m2026-09-28 13:45:31,834 - tpp_runner.py[pid:12828;line:104:_train_model] - INFO: [ Epoch 70 (train) ]: train loglike is 4.436793433324348, num_events is 248539, mark_ll is -1.7026220961863632, time_ll is 6.13941569846684[0m
[38;20m2026-09-28 13:45:31,960 - tpp_runner.py[pid:12828;line:116:_train_model] - INFO: [ Epoch 70 (valid) ]:  valid loglike is 3.338550543281185, num_events is 48260, mark_ll is -1.7444992779993784, time_ll is 5.0830498212805635[0m
[38;20m2026-09-28 13:45:32,165 - tpp_runner.py[pid:12828;line:136:_train_model] - INFO: [ Epoch 70 (test) ]: test loglike is 3.920306497554283, num_events is 104775, mark_ll is -1.8439062686411358, time_ll is 5.764212747554283[0m
[31;1m2026-09-28 13:45:32,165 - tpp_runner.py[pid:12828;line:140:_train_model] - CRITICAL: current best loglike on valid set is 3.4406 (updated at epoch-64)[0m
[38;20m2026-09-28 13:45:33,258 - tpp_runner.py[pid:12828;line:104:_train_model] - INFO: [ Epoch 71 (train) ]: train loglike is 4.451291338771279, num_events is 248539, mark_ll is -1.7019446371155533, time_ll is 6.15323598767447[0m
[38;20m2026-09-28 13:45:33,353 - tpp_runner.py[pid:12828;line:116:_train_model] - INFO: [ Epoch 71 (valid) ]:  valid loglike is 3.3499355703481144, num_events is 48260, mark_ll is -1.74257954148104, time_ll is 5.0925151118291545[0m
[38;20m2026-09-28 13:45:33,543 - tpp_runner.py[pid:12828;line:136:_train_model] - INFO: [ Epoch 71 (test) ]: test loglike is 3.94089156824147, num_events is 104775, mark_ll is -1.8423803518700788, time_ll is 5.783271854867573[0m
[31;1m2026-09-28 13:45:33,543 - tpp_runner.py[pid:12828;line:140:_train_model] - CRITICAL: current best loglike on valid set is 3.4406 (updated at epoch-64)[0m
[38;20m2026-09-28 13:45:34,671 - tpp_runner.py[pid:12828;line:104:_train_model] - INFO: [ Epoch 72 (train) ]: train loglike is 4.438905659989478, num_events is 248539, mark_ll is -1.701481555868747, time_ll is 6.140387141203192[0m
[38;20m2026-09-28 13:45:34,759 - tpp_runner.py[pid:12828;line:116:_train_model] - INFO: [ Epoch 72 (valid) ]:  valid loglike is 3.389428599642561, num_events is 48260, mark_ll is -1.742114794051751, time_ll is 5.131543535342416[0m
[38;20m2026-09-28 13:45:34,949 - tpp_runner.py[pid:12828;line:136:_train_model] - INFO: [ Epoch 72 (test) ]: test loglike is 3.947387519386781, num_events is 104775, mark_ll is -1.8419939956901694, time_ll is 5.789381487115247[0m
[31;1m2026-09-28 13:45:34,949 - tpp_runner.py[pid:12828;line:140:_train_model] - CRITICAL: current best loglike on valid set is 3.4406 (updated at epoch-64)[0m
[38;20m2026-09-28 13:45:36,001 - tpp_runner.py[pid:12828;line:104:_train_model] - INFO: [ Epoch 73 (train) ]: train loglike is 4.41979866276017, num_events is 248539, mark_ll is -1.7009808681308567, time_ll is 6.12077957018315[0m
[38;20m2026-09-28 13:45:36,078 - tpp_runner.py[pid:12828;line:116:_train_model] - INFO: [ Epoch 73 (valid) ]:  valid loglike is 3.2640141372901987, num_events is 48260, mark_ll is -1.7424691369016785, time_ll is 5.006483193250103[0m
[38;20m2026-09-28 13:45:36,316 - tpp_runner.py[pid:12828;line:136:_train_model] - INFO: [ Epoch 73 (test) ]: test loglike is 3.917447898025531, num_events is 104775, mark_ll is -1.8425576011095204, time_ll is 5.760005368647101[0m
[31;1m2026-09-28 13:45:36,316 - tpp_runner.py[pid:12828;line:140:_train_model] - CRITICAL: current best loglike on valid set is 3.4406 (updated at epoch-64)[0m
[38;20m2026-09-28 13:45:37,427 - tpp_runner.py[pid:12828;line:104:_train_model] - INFO: [ Epoch 74 (train) ]: train loglike is 4.46238966614646, num_events is 248539, mark_ll is -1.7009651119894664, time_ll is 6.163354833144899[0m
[38;20m2026-09-28 13:45:37,512 - tpp_runner.py[pid:12828;line:116:_train_model] - INFO: [ Epoch 74 (valid) ]:  valid loglike is 3.3987382796311647, num_events is 48260, mark_ll is -1.741634485566463, time_ll is 5.140372866374845[0m
[38;20m2026-09-28 13:45:37,693 - tpp_runner.py[pid:12828;line:136:_train_model] - INFO: [ Epoch 74 (test) ]: test loglike is 3.9177661767776186, num_events is 104775, mark_ll is -1.8423668463672154, time_ll is 5.76013291129802[0m
[31;1m2026-09-28 13:45:37,693 - tpp_runner.py[pid:12828;line:140:_train_model] - CRITICAL: current best loglike on valid set is 3.4406 (updated at epoch-64)[0m
[38;20m2026-09-28 13:45:38,884 - tpp_runner.py[pid:12828;line:104:_train_model] - INFO: [ Epoch 75 (train) ]: train loglike is 4.433449775802289, num_events is 248539, mark_ll is -1.7003161907877133, time_ll is 6.1337660491034605[0m
[38;20m2026-09-28 13:45:38,988 - tpp_runner.py[pid:12828;line:116:_train_model] - INFO: [ Epoch 75 (valid) ]:  valid loglike is 3.3429306264245753, num_events is 48260, mark_ll is -1.7407435189921778, time_ll is 5.083674206123083[0m
[38;20m2026-09-28 13:45:39,196 - tpp_runner.py[pid:12828;line:136:_train_model] - INFO: [ Epoch 75 (test) ]: test loglike is 3.9127749008291577, num_events is 104775, mark_ll is -1.8408808682295394, time_ll is 5.753655862264376[0m
[31;1m2026-09-28 13:45:39,196 - tpp_runner.py[pid:12828;line:140:_train_model] - CRITICAL: current best loglike on valid set is 3.4406 (updated at epoch-64)[0m
[38;20m2026-09-28 13:45:40,349 - tpp_runner.py[pid:12828;line:104:_train_model] - INFO: [ Epoch 76 (train) ]: train loglike is 4.462187508172762, num_events is 248539, mark_ll is -1.699830732676763, time_ll is 6.162018193698977[0m
[38;20m2026-09-28 13:45:40,427 - tpp_runner.py[pid:12828;line:116:_train_model] - INFO: [ Epoch 76 (valid) ]:  valid loglike is 3.4206056711044344, num_events is 48260, mark_ll is -1.7403384054146809, time_ll is 5.160943975341898[0m
[38;20m2026-09-28 13:45:40,617 - tpp_runner.py[pid:12828;line:136:_train_model] - INFO: [ Epoch 76 (test) ]: test loglike is 3.94504082408733, num_events is 104775, mark_ll is -1.8408408270699117, time_ll is 5.785881651157242[0m
[31;1m2026-09-28 13:45:40,617 - tpp_runner.py[pid:12828;line:140:_train_model] - CRITICAL: current best loglike on valid set is 3.4406 (updated at epoch-64)[0m
[38;20m2026-09-28 13:45:41,798 - tpp_runner.py[pid:12828;line:104:_train_model] - INFO: [ Epoch 77 (train) ]: train loglike is 4.466492376762299, num_events is 248539, mark_ll is -1.6996540792202128, time_ll is 6.166146428478026[0m
[38;20m2026-09-28 13:45:41,884 - tpp_runner.py[pid:12828;line:116:_train_model] - INFO: [ Epoch 77 (valid) ]:  valid loglike is 3.4164293588763988, num_events is 48260, mark_ll is -1.7405950110728345, time_ll is 5.157024208065686[0m
[38;20m2026-09-28 13:45:42,056 - tpp_runner.py[pid:12828;line:136:_train_model] - INFO: [ Epoch 77 (test) ]: test loglike is 3.9275002796170364, num_events is 104775, mark_ll is -1.8412290380428298, time_ll is 5.7687293829038415[0m
[31;1m2026-09-28 13:45:42,056 - tpp_runner.py[pid:12828;line:140:_train_model] - CRITICAL: current best loglike on valid set is 3.4406 (updated at epoch-64)[0m
[38;20m2026-09-28 13:45:43,183 - tpp_runner.py[pid:12828;line:104:_train_model] - INFO: [ Epoch 78 (train) ]: train loglike is 4.422434519833909, num_events is 248539, mark_ll is -1.699293719371004, time_ll is 6.121728262780187[0m
[38;20m2026-09-28 13:45:43,282 - tpp_runner.py[pid:12828;line:116:_train_model] - INFO: [ Epoch 78 (valid) ]:  valid loglike is 3.414838367372047, num_events is 48260, mark_ll is -1.7395989820762536, time_ll is 5.1544374708609615[0m
[38;20m2026-09-28 13:45:43,476 - tpp_runner.py[pid:12828;line:136:_train_model] - INFO: [ Epoch 78 (test) ]: test loglike is 3.9496213239680267, num_events is 104775, mark_ll is -1.8405397820478406, time_ll is 5.790161096695299[0m
[31;1m2026-09-28 13:45:43,476 - tpp_runner.py[pid:12828;line:140:_train_model] - CRITICAL: current best loglike on valid set is 3.4406 (updated at epoch-64)[0m
[38;20m2026-09-28 13:45:44,576 - tpp_runner.py[pid:12828;line:104:_train_model] - INFO: [ Epoch 79 (train) ]: train loglike is 4.434769276024085, num_events is 248539, mark_ll is -1.6990133661429896, time_ll is 6.133782646096287[0m
[38;20m2026-09-28 13:45:44,676 - tpp_runner.py[pid:12828;line:116:_train_model] - INFO: [ Epoch 79 (valid) ]:  valid loglike is 3.3418999543488397, num_events is 48260, mark_ll is -1.740469045437474, time_ll is 5.0823690200217575[0m
[38;20m2026-09-28 13:45:44,859 - tpp_runner.py[pid:12828;line:136:_train_model] - INFO: [ Epoch 79 (test) ]: test loglike is 3.9572819359937963, num_events is 104775, mark_ll is -1.8404177012497018, time_ll is 5.797699646564066[0m
[31;1m2026-09-28 13:45:44,859 - tpp_runner.py[pid:12828;line:140:_train_model] - CRITICAL: current best loglike on valid set is 3.4406 (updated at epoch-64)[0m
[38;20m2026-09-28 13:45:46,003 - tpp_runner.py[pid:12828;line:104:_train_model] - INFO: [ Epoch 80 (train) ]: train loglike is 4.445016763905765, num_events is 248539, mark_ll is -1.6989498072045535, time_ll is 6.143966614331654[0m
[38;20m2026-09-28 13:45:46,089 - tpp_runner.py[pid:12828;line:116:_train_model] - INFO: [ Epoch 80 (valid) ]:  valid loglike is 3.3882819784759635, num_events is 48260, mark_ll is -1.7403819318535019, time_ll is 5.128663829387691[0m
[38;20m2026-09-28 13:45:46,268 - tpp_runner.py[pid:12828;line:136:_train_model] - INFO: [ Epoch 80 (test) ]: test loglike is 3.9630856112801243, num_events is 104775, mark_ll is -1.8404185960242185, time_ll is 5.803504160701503[0m
[31;1m2026-09-28 13:45:46,268 - tpp_runner.py[pid:12828;line:140:_train_model] - CRITICAL: current best loglike on valid set is 3.4406 (updated at epoch-64)[0m
[38;20m2026-09-28 13:45:47,411 - tpp_runner.py[pid:12828;line:104:_train_model] - INFO: [ Epoch 81 (train) ]: train loglike is 4.434377085625898, num_events is 248539, mark_ll is -1.6986370851254733, time_ll is 6.133014241477193[0m
[38;20m2026-09-28 13:45:47,506 - tpp_runner.py[pid:12828;line:116:_train_model] - INFO: [ Epoch 81 (valid) ]:  valid loglike is 3.391885668125777, num_events is 48260, mark_ll is -1.7392481601934833, time_ll is 5.131133605729382[0m
[38;20m2026-09-28 13:45:47,707 - tpp_runner.py[pid:12828;line:136:_train_model] - INFO: [ Epoch 81 (test) ]: test loglike is 3.92293739560964, num_events is 104775, mark_ll is -1.8402450377296589, time_ll is 5.7631824892627055[0m
[31;1m2026-09-28 13:45:47,707 - tpp_runner.py[pid:12828;line:140:_train_model] - CRITICAL: current best loglike on valid set is 3.4406 (updated at epoch-64)[0m
[38;20m2026-09-28 13:45:48,848 - tpp_runner.py[pid:12828;line:104:_train_model] - INFO: [ Epoch 82 (train) ]: train loglike is 4.47086030920952, num_events is 248539, mark_ll is -1.6985501788074509, time_ll is 6.169410393715876[0m
[38;20m2026-09-28 13:45:48,927 - tpp_runner.py[pid:12828;line:116:_train_model] - INFO: [ Epoch 82 (valid) ]:  valid loglike is 3.3835564763131996, num_events is 48260, mark_ll is -1.7394346298047036, time_ll is 5.122991106117903[0m
[38;20m2026-09-28 13:45:49,166 - tpp_runner.py[pid:12828;line:136:_train_model] - INFO: [ Epoch 82 (test) ]: test loglike is 3.928127087807206, num_events is 104775, mark_ll is -1.840504373210451, time_ll is 5.768631516941064[0m
[31;1m2026-09-28 13:45:49,167 - tpp_runner.py[pid:12828;line:140:_train_model] - CRITICAL: current best loglike on valid set is 3.4406 (updated at epoch-64)[0m
[38;20m2026-09-28 13:45:50,336 - tpp_runner.py[pid:12828;line:104:_train_model] - INFO: [ Epoch 83 (train) ]: train loglike is 4.435933729527861, num_events is 248539, mark_ll is -1.6985819936395796, time_ll is 6.134515813539323[0m
[38;20m2026-09-28 13:45:50,447 - tpp_runner.py[pid:12828;line:116:_train_model] - INFO: [ Epoch 83 (valid) ]:  valid loglike is 3.4033267878418982, num_events is 48260, mark_ll is -1.739636842590914, time_ll is 5.142963650668255[0m
[38;20m2026-09-28 13:45:50,668 - tpp_runner.py[pid:12828;line:136:_train_model] - INFO: [ Epoch 83 (test) ]: test loglike is 3.9422495190586972, num_events is 104775, mark_ll is -1.8403066746450727, time_ll is 5.7825563335122885[0m
[31;1m2026-09-28 13:45:50,668 - tpp_runner.py[pid:12828;line:140:_train_model] - CRITICAL: current best loglike on valid set is 3.4406 (updated at epoch-64)[0m
[38;20m2026-09-28 13:45:51,969 - tpp_runner.py[pid:12828;line:104:_train_model] - INFO: [ Epoch 84 (train) ]: train loglike is 4.442497431552493, num_events is 248539, mark_ll is -1.698559510686703, time_ll is 6.141056859725738[0m
[38;20m2026-09-28 13:45:52,059 - tpp_runner.py[pid:12828;line:116:_train_model] - INFO: [ Epoch 84 (valid) ]:  valid loglike is 3.3720658202315583, num_events is 48260, mark_ll is -1.739601815038334, time_ll is 5.111667837624327[0m
[38;20m2026-09-28 13:45:52,256 - tpp_runner.py[pid:12828;line:136:_train_model] - INFO: [ Epoch 84 (test) ]: test loglike is 3.9389883269207826, num_events is 104775, mark_ll is -1.8403910817078264, time_ll is 5.779379399308041[0m
[31;1m2026-09-28 13:45:52,256 - tpp_runner.py[pid:12828;line:140:_train_model] - CRITICAL: current best loglike on valid set is 3.4406 (updated at epoch-64)[0m
[38;20m2026-09-28 13:45:53,405 - tpp_runner.py[pid:12828;line:104:_train_model] - INFO: [ Epoch 85 (train) ]: train loglike is 4.4678313344434875, num_events is 248539, mark_ll is -1.6983821853348469, time_ll is 6.166213578716519[0m
[38;20m2026-09-28 13:45:53,484 - tpp_runner.py[pid:12828;line:116:_train_model] - INFO: [ Epoch 85 (valid) ]:  valid loglike is 3.3903790584205344, num_events is 48260, mark_ll is -1.7400121291247928, time_ll is 5.130391207780771[0m
[38;20m2026-09-28 13:45:53,673 - tpp_runner.py[pid:12828;line:136:_train_model] - INFO: [ Epoch 85 (test) ]: test loglike is 3.9317077517298973, num_events is 104775, mark_ll is -1.8403085387586495, time_ll is 5.772016337091387[0m
[31;1m2026-09-28 13:45:53,673 - tpp_runner.py[pid:12828;line:140:_train_model] - CRITICAL: current best loglike on valid set is 3.4406 (updated at epoch-64)[0m
[38;20m2026-09-28 13:45:54,891 - tpp_runner.py[pid:12828;line:104:_train_model] - INFO: [ Epoch 86 (train) ]: train loglike is 4.473433628940025, num_events is 248539, mark_ll is -1.6983380956434402, time_ll is 6.171771708866617[0m
[38;20m2026-09-28 13:45:54,982 - tpp_runner.py[pid:12828;line:116:_train_model] - INFO: [ Epoch 86 (valid) ]:  valid loglike is 3.3905345880387485, num_events is 48260, mark_ll is -1.7395883584684522, time_ll is 5.13012288580087[0m
[38;20m2026-09-28 13:45:55,184 - tpp_runner.py[pid:12828;line:136:_train_model] - INFO: [ Epoch 86 (test) ]: test loglike is 3.9541363188976377, num_events is 104775, mark_ll is -1.8407596635647816, time_ll is 5.794895982462419[0m
[31;1m2026-09-28 13:45:55,184 - tpp_runner.py[pid:12828;line:140:_train_model] - CRITICAL: current best loglike on valid set is 3.4406 (updated at epoch-64)[0m
[38;20m2026-09-28 13:45:56,302 - tpp_runner.py[pid:12828;line:104:_train_model] - INFO: [ Epoch 87 (train) ]: train loglike is 4.467471174984107, num_events is 248539, mark_ll is -1.6984531036879524, time_ll is 6.165924247238361[0m
[38;20m2026-09-28 13:45:56,407 - tpp_runner.py[pid:12828;line:116:_train_model] - INFO: [ Epoch 87 (valid) ]:  valid loglike is 3.359208340887899, num_events is 48260, mark_ll is -1.7395350987813407, time_ll is 5.0987432575502485[0m
[38;20m2026-09-28 13:45:56,615 - tpp_runner.py[pid:12828;line:136:_train_model] - INFO: [ Epoch 87 (test) ]: test loglike is 3.9241341565258887, num_events is 104775, mark_ll is -1.8407054644625387, time_ll is 5.764839686232403[0m
[31;1m2026-09-28 13:45:56,615 - tpp_runner.py[pid:12828;line:140:_train_model] - CRITICAL: current best loglike on valid set is 3.4406 (updated at epoch-64)[0m
[38;20m2026-09-28 13:45:57,720 - tpp_runner.py[pid:12828;line:104:_train_model] - INFO: [ Epoch 88 (train) ]: train loglike is 4.451547594140155, num_events is 248539, mark_ll is -1.6984946433205654, time_ll is 6.150042174593324[0m
[38;20m2026-09-28 13:45:57,810 - tpp_runner.py[pid:12828;line:116:_train_model] - INFO: [ Epoch 88 (valid) ]:  valid loglike is 3.438091522482387, num_events is 48260, mark_ll is -1.7395448522650745, time_ll is 5.177636192628471[0m
[38;20m2026-09-28 13:45:57,994 - tpp_runner.py[pid:12828;line:136:_train_model] - INFO: [ Epoch 88 (test) ]: test loglike is 3.922669056460272, num_events is 104775, mark_ll is -1.840835747360415, time_ll is 5.763504906346934[0m
[31;1m2026-09-28 13:45:57,994 - tpp_runner.py[pid:12828;line:140:_train_model] - CRITICAL: current best loglike on valid set is 3.4406 (updated at epoch-64)[0m
[38;20m2026-09-28 13:45:59,120 - tpp_runner.py[pid:12828;line:104:_train_model] - INFO: [ Epoch 89 (train) ]: train loglike is 4.452540631827399, num_events is 248539, mark_ll is -1.6984320391807222, time_ll is 6.150972706371032[0m
[38;20m2026-09-28 13:45:59,214 - tpp_runner.py[pid:12828;line:116:_train_model] - INFO: [ Epoch 89 (valid) ]:  valid loglike is 3.3872039149917117, num_events is 48260, mark_ll is -1.7393895250012952, time_ll is 5.126593338815789[0m
[38;20m2026-09-28 13:45:59,436 - tpp_runner.py[pid:12828;line:136:_train_model] - INFO: [ Epoch 89 (test) ]: test loglike is 3.8874509738129324, num_events is 104775, mark_ll is -1.840657966848604, time_ll is 5.728109117752326[0m
[31;1m2026-09-28 13:45:59,436 - tpp_runner.py[pid:12828;line:140:_train_model] - CRITICAL: current best loglike on valid set is 3.4406 (updated at epoch-64)[0m
[38;20m2026-09-28 13:46:00,574 - tpp_runner.py[pid:12828;line:104:_train_model] - INFO: [ Epoch 90 (train) ]: train loglike is 4.448576535963672, num_events is 248539, mark_ll is -1.6983919454982417, time_ll is 6.146968414665304[0m
[38;20m2026-09-28 13:46:00,670 - tpp_runner.py[pid:12828;line:116:_train_model] - INFO: [ Epoch 90 (valid) ]:  valid loglike is 3.36797842254196, num_events is 48260, mark_ll is -1.7393777682086615, time_ll is 5.107356150279735[0m
[38;20m2026-09-28 13:46:00,886 - tpp_runner.py[pid:12828;line:136:_train_model] - INFO: [ Epoch 90 (test) ]: test loglike is 3.8653929737831065, num_events is 104775, mark_ll is -1.8405029098812933, time_ll is 5.705895781138153[0m
[31;1m2026-09-28 13:46:00,886 - tpp_runner.py[pid:12828;line:140:_train_model] - CRITICAL: current best loglike on valid set is 3.4406 (updated at epoch-64)[0m
[38;20m2026-09-28 13:46:02,000 - tpp_runner.py[pid:12828;line:104:_train_model] - INFO: [ Epoch 91 (train) ]: train loglike is 4.455441537847179, num_events is 248539, mark_ll is -1.6983240251341338, time_ll is 6.153765527618402[0m
[38;20m2026-09-28 13:46:02,087 - tpp_runner.py[pid:12828;line:116:_train_model] - INFO: [ Epoch 91 (valid) ]:  valid loglike is 3.4234709694234358, num_events is 48260, mark_ll is -1.739346747273881, time_ll is 5.162817534578326[0m
[38;20m2026-09-28 13:46:02,267 - tpp_runner.py[pid:12828;line:136:_train_model] - INFO: [ Epoch 91 (test) ]: test loglike is 3.9739109102839416, num_events is 104775, mark_ll is -1.8404175707617514, time_ll is 5.81432858357194[0m
[31;1m2026-09-28 13:46:02,267 - tpp_runner.py[pid:12828;line:140:_train_model] - CRITICAL: current best loglike on valid set is 3.4406 (updated at epoch-64)[0m
[38;20m2026-09-28 13:46:03,416 - tpp_runner.py[pid:12828;line:104:_train_model] - INFO: [ Epoch 92 (train) ]: train loglike is 4.46522588947308, num_events is 248539, mark_ll is -1.6982741044916492, time_ll is 6.163500041115277[0m
[38;20m2026-09-28 13:46:03,504 - tpp_runner.py[pid:12828;line:116:_train_model] - INFO: [ Epoch 92 (valid) ]:  valid loglike is 3.4050215871710527, num_events is 48260, mark_ll is -1.7393935518545378, time_ll is 5.1444150985547035[0m
[38;20m2026-09-28 13:46:03,689 - tpp_runner.py[pid:12828;line:136:_train_model] - INFO: [ Epoch 92 (test) ]: test loglike is 3.9518684942436173, num_events is 104775, mark_ll is -1.8404491115634694, time_ll is 5.792317652409926[0m
[31;1m2026-09-28 13:46:03,689 - tpp_runner.py[pid:12828;line:140:_train_model] - CRITICAL: current best loglike on valid set is 3.4406 (updated at epoch-64)[0m
[38;20m2026-09-28 13:46:04,817 - tpp_runner.py[pid:12828;line:104:_train_model] - INFO: [ Epoch 93 (train) ]: train loglike is 4.4422982283464565, num_events is 248539, mark_ll is -1.6982244353187528, time_ll is 6.140522620443874[0m
[38;20m2026-09-28 13:46:04,896 - tpp_runner.py[pid:12828;line:116:_train_model] - INFO: [ Epoch 93 (valid) ]:  valid loglike is 3.406095158386863, num_events is 48260, mark_ll is -1.7393328252888003, time_ll is 5.14542808485288[0m
[38;20m2026-09-28 13:46:05,089 - tpp_runner.py[pid:12828;line:136:_train_model] - INFO: [ Epoch 93 (test) ]: test loglike is 3.953579713224767, num_events is 104775, mark_ll is -1.840500775471248, time_ll is 5.794080507337151[0m
[31;1m2026-09-28 13:46:05,089 - tpp_runner.py[pid:12828;line:140:_train_model] - CRITICAL: current best loglike on valid set is 3.4406 (updated at epoch-64)[0m
[38;20m2026-09-28 13:46:06,288 - tpp_runner.py[pid:12828;line:104:_train_model] - INFO: [ Epoch 94 (train) ]: train loglike is 4.471553343677954, num_events is 248539, mark_ll is -1.6981498392229188, time_ll is 6.16970314360875[0m
[38;20m2026-09-28 13:46:06,367 - tpp_runner.py[pid:12828;line:116:_train_model] - INFO: [ Epoch 94 (valid) ]:  valid loglike is 3.434360349538956, num_events is 48260, mark_ll is -1.7393600419602155, time_ll is 5.173720391499171[0m
[38;20m2026-09-28 13:46:06,596 - tpp_runner.py[pid:12828;line:136:_train_model] - INFO: [ Epoch 94 (test) ]: test loglike is 3.927736052702219, num_events is 104775, mark_ll is -1.8404304517865664, time_ll is 5.7681664951682174[0m
[31;1m2026-09-28 13:46:06,596 - tpp_runner.py[pid:12828;line:140:_train_model] - CRITICAL: current best loglike on valid set is 3.4406 (updated at epoch-64)[0m
[38;20m2026-09-28 13:46:07,775 - tpp_runner.py[pid:12828;line:104:_train_model] - INFO: [ Epoch 95 (train) ]: train loglike is 4.448203630139536, num_events is 248539, mark_ll is -1.6981656150103706, time_ll is 6.146369209786995[0m
[38;20m2026-09-28 13:46:07,869 - tpp_runner.py[pid:12828;line:116:_train_model] - INFO: [ Epoch 95 (valid) ]:  valid loglike is 3.399613422088686, num_events is 48260, mark_ll is -1.7393657483552631, time_ll is 5.13897929185661[0m
[38;20m2026-09-28 13:46:08,053 - tpp_runner.py[pid:12828;line:136:_train_model] - INFO: [ Epoch 95 (test) ]: test loglike is 3.934911641016464, num_events is 104775, mark_ll is -1.8404388775799332, time_ll is 5.775350490634693[0m
[31;1m2026-09-28 13:46:08,053 - tpp_runner.py[pid:12828;line:140:_train_model] - CRITICAL: current best loglike on valid set is 3.4406 (updated at epoch-64)[0m
[38;20m2026-09-28 13:46:09,234 - tpp_runner.py[pid:12828;line:104:_train_model] - INFO: [ Epoch 96 (train) ]: train loglike is 4.46381824130217, num_events is 248539, mark_ll is -1.6981444915649555, time_ll is 6.161962776088461[0m
[38;20m2026-09-28 13:46:09,325 - tpp_runner.py[pid:12828;line:116:_train_model] - INFO: [ Epoch 96 (valid) ]:  valid loglike is 3.32742760567758, num_events is 48260, mark_ll is -1.73940636089023, time_ll is 5.066834108215914[0m
[38;20m2026-09-28 13:46:09,574 - tpp_runner.py[pid:12828;line:136:_train_model] - INFO: [ Epoch 96 (test) ]: test loglike is 3.9344232246182296, num_events is 104775, mark_ll is -1.8404511900501073, time_ll is 5.774874433309472[0m
[31;1m2026-09-28 13:46:09,574 - tpp_runner.py[pid:12828;line:140:_train_model] - CRITICAL: current best loglike on valid set is 3.4406 (updated at epoch-64)[0m
[38;20m2026-09-28 13:46:10,692 - tpp_runner.py[pid:12828;line:104:_train_model] - INFO: [ Epoch 97 (train) ]: train loglike is 4.4868138542266, num_events is 248539, mark_ll is -1.698135937669742, time_ll is 6.184949768321069[0m
[38;20m2026-09-28 13:46:10,783 - tpp_runner.py[pid:12828;line:116:_train_model] - INFO: [ Epoch 97 (valid) ]:  valid loglike is 3.3976785899295483, num_events is 48260, mark_ll is -1.7392851505840758, time_ll is 5.136963679807294[0m
[38;20m2026-09-28 13:46:10,969 - tpp_runner.py[pid:12828;line:136:_train_model] - INFO: [ Epoch 97 (test) ]: test loglike is 3.9749804081663087, num_events is 104775, mark_ll is -1.8404539023353614, time_ll is 5.815434114769745[0m
[31;1m2026-09-28 13:46:10,969 - tpp_runner.py[pid:12828;line:140:_train_model] - CRITICAL: current best loglike on valid set is 3.4406 (updated at epoch-64)[0m
[38;20m2026-09-28 13:46:12,124 - tpp_runner.py[pid:12828;line:104:_train_model] - INFO: [ Epoch 98 (train) ]: train loglike is 4.441182426349587, num_events is 248539, mark_ll is -1.6981484482817586, time_ll is 6.139330819622373[0m
[38;20m2026-09-28 13:46:12,211 - tpp_runner.py[pid:12828;line:116:_train_model] - INFO: [ Epoch 98 (valid) ]:  valid loglike is 3.423068972104227, num_events is 48260, mark_ll is -1.739296178900746, time_ll is 5.162365231946747[0m
[38;20m2026-09-28 13:46:12,394 - tpp_runner.py[pid:12828;line:136:_train_model] - INFO: [ Epoch 98 (test) ]: test loglike is 3.9741628265926985, num_events is 104775, mark_ll is -1.8404575000745644, time_ll is 5.814620391911238[0m
[31;1m2026-09-28 13:46:12,395 - tpp_runner.py[pid:12828;line:140:_train_model] - CRITICAL: current best loglike on valid set is 3.4406 (updated at epoch-64)[0m
[38;20m2026-09-28 13:46:13,536 - tpp_runner.py[pid:12828;line:104:_train_model] - INFO: [ Epoch 99 (train) ]: train loglike is 4.495701433867019, num_events is 248539, mark_ll is -1.698145886435328, time_ll is 6.193847296727073[0m
[38;20m2026-09-28 13:46:13,636 - tpp_runner.py[pid:12828;line:116:_train_model] - INFO: [ Epoch 99 (valid) ]:  valid loglike is 3.3971845618136136, num_events is 48260, mark_ll is -1.7392973323210215, time_ll is 5.136481995311852[0m
[38;20m2026-09-28 13:46:13,821 - tpp_runner.py[pid:12828;line:136:_train_model] - INFO: [ Epoch 99 (test) ]: test loglike is 3.9749135983357196, num_events is 104775, mark_ll is -1.8404586092221427, time_ll is 5.815372151634455[0m
[31;1m2026-09-28 13:46:13,821 - tpp_runner.py[pid:12828;line:140:_train_model] - CRITICAL: current best loglike on valid set is 3.4406 (updated at epoch-64)[0m
[38;20m2026-09-28 13:46:13,821 - base_runner.py[pid:12828;line:118:train] - INFO: End SAHP train! Cost time: 2.395m[0m
RESULT {"model": "SAHP", "dataset": "lob_intc", "seed": 2019, "ll_per_event": 3.9152187910104987, "mark_ll": -1.8469706756293247, "time_ll": 5.762189513242663, "val_ll": 3.4405791464851845, "best_epoch": 64, "n_params": 2148, "seconds": 144.5193226337433, "max_epoch": 100, "batch_size": 64}
