
=== Mon Sep 28 13:41:50 2026 attempt 1: D:\Quant\.venv\Scripts\python.exe -u -m infodiff.baselines.easytpp_runner RMTPP lob_intc 6 2019 100 64
[31;1m2026-09-28 13:41:51,780 - config.py[pid:3180;line:33:build_from_yaml_file] - CRITICAL: Load pipeline config class RunnerConfig[0m
[31;1m2026-09-28 13:41:52,007 - runner_config.py[pid:3180;line:205:update_config] - CRITICAL: train model RMTPP using GPU with torch backend[0m
[38;20m2026-09-28 13:41:52,009 - runner_config.py[pid:3180;line:45:__init__] - INFO: Save the config to D:\Quant\results\easytpp\checkpoints/lob_intc/RMTPP/train_2026_09_28_13_41_51\RMTPP_train_output.yaml[0m
[38;20m2026-09-28 13:41:52,010 - base_runner.py[pid:3180;line:193:save_log] - INFO: Save the log to D:\Quant\results\easytpp\checkpoints/lob_intc/RMTPP/train_2026_09_28_13_41_51\log[0m
0.05594760211174467 0.25143732741296776
min_dt: 7.275957614183426e-12
max_dt: 9.741414969998004
[38;20m2026-09-28 13:41:56,512 - tpp_runner.py[pid:3180;line:62:_init_model] - INFO: Num of model parameters 34962[0m
[38;20m2026-09-28 13:41:57,461 - base_runner.py[pid:3180;line:103:train] - INFO: Data 'lob_intc' loaded...[0m
[38;20m2026-09-28 13:41:57,463 - base_runner.py[pid:3180;line:108:train] - INFO: Start RMTPP training...[0m
[38;20m2026-09-28 13:41:58,496 - tpp_runner.py[pid:3180;line:104:_train_model] - INFO: [ Epoch 0 (train) ]: train loglike is 0.5218110185238942, num_events is 248539, mark_ll is -1.5815233914496316, time_ll is 2.1033343861526763[0m
[38;20m2026-09-28 13:41:58,566 - tpp_runner.py[pid:3180;line:116:_train_model] - INFO: [ Epoch 0 (valid) ]:  valid loglike is 0.7357079288942706, num_events is 48260, mark_ll is -1.4017922127538334, time_ll is 2.1375001618835476[0m
[38;20m2026-09-28 13:41:58,732 - tpp_runner.py[pid:3180;line:136:_train_model] - INFO: [ Epoch 0 (test) ]: test loglike is 1.590675265822596, num_events is 104775, mark_ll is -1.3697878825161058, time_ll is 2.960463139018134[0m
[31;1m2026-09-28 13:41:58,732 - tpp_runner.py[pid:3180;line:140:_train_model] - CRITICAL: current best loglike on valid set is 0.7357 (updated at epoch-0), best updated at this epoch[0m
[38;20m2026-09-28 13:41:59,360 - tpp_runner.py[pid:3180;line:104:_train_model] - INFO: [ Epoch 1 (train) ]: train loglike is 1.6247590894331, num_events is 248539, mark_ll is -1.3759251448276226, time_ll is 3.0006842173159947[0m
[38;20m2026-09-28 13:41:59,431 - tpp_runner.py[pid:3180;line:116:_train_model] - INFO: [ Epoch 1 (valid) ]:  valid loglike is 1.2436717900111376, num_events is 48260, mark_ll is -1.4058192885865624, time_ll is 2.6494910988331433[0m
[38;20m2026-09-28 13:41:59,614 - tpp_runner.py[pid:3180;line:136:_train_model] - INFO: [ Epoch 1 (test) ]: test loglike is 1.9881577431549748, num_events is 104775, mark_ll is -1.3903237685665712, time_ll is 3.378481474439275[0m
[31;1m2026-09-28 13:41:59,614 - tpp_runner.py[pid:3180;line:140:_train_model] - CRITICAL: current best loglike on valid set is 1.2437 (updated at epoch-1), best updated at this epoch[0m
[38;20m2026-09-28 13:42:00,240 - tpp_runner.py[pid:3180;line:104:_train_model] - INFO: [ Epoch 2 (train) ]: train loglike is 1.880712304582983, num_events is 248539, mark_ll is -1.3435830516978724, time_ll is 3.2242953484224306[0m
[38;20m2026-09-28 13:42:00,310 - tpp_runner.py[pid:3180;line:116:_train_model] - INFO: [ Epoch 2 (valid) ]:  valid loglike is 1.3572354230947925, num_events is 48260, mark_ll is -1.3887107472868316, time_ll is 2.7459460717338375[0m
[38;20m2026-09-28 13:42:00,463 - tpp_runner.py[pid:3180;line:136:_train_model] - INFO: [ Epoch 2 (test) ]: test loglike is 1.9824971572267955, num_events is 104775, mark_ll is -1.3602240664519207, time_ll is 3.3427211025113337[0m
[31;1m2026-09-28 13:42:00,463 - tpp_runner.py[pid:3180;line:140:_train_model] - CRITICAL: current best loglike on valid set is 1.3572 (updated at epoch-2), best updated at this epoch[0m
[38;20m2026-09-28 13:42:01,085 - tpp_runner.py[pid:3180;line:104:_train_model] - INFO: [ Epoch 3 (train) ]: train loglike is 2.048610667655843, num_events is 248539, mark_ll is -1.3197092048116694, time_ll is 3.3683198596975727[0m
[38;20m2026-09-28 13:42:01,157 - tpp_runner.py[pid:3180;line:116:_train_model] - INFO: [ Epoch 3 (valid) ]:  valid loglike is 1.3799127002499483, num_events is 48260, mark_ll is -1.3773460366051078, time_ll is 2.757258777325943[0m
[38;20m2026-09-28 13:42:01,312 - tpp_runner.py[pid:3180;line:136:_train_model] - INFO: [ Epoch 3 (test) ]: test loglike is 2.073126370123479, num_events is 104775, mark_ll is -1.348773040443808, time_ll is 3.4218993826055835[0m
[31;1m2026-09-28 13:42:01,312 - tpp_runner.py[pid:3180;line:140:_train_model] - CRITICAL: current best loglike on valid set is 1.3799 (updated at epoch-3), best updated at this epoch[0m
[38;20m2026-09-28 13:42:01,929 - tpp_runner.py[pid:3180;line:104:_train_model] - INFO: [ Epoch 4 (train) ]: train loglike is 2.1220933141089025, num_events is 248539, mark_ll is -1.3040858098949009, time_ll is 3.4261791377560464[0m
[38;20m2026-09-28 13:42:01,997 - tpp_runner.py[pid:3180;line:116:_train_model] - INFO: [ Epoch 4 (valid) ]:  valid loglike is 1.6229767389530667, num_events is 48260, mark_ll is -1.33827641372902, time_ll is 2.961253132446643[0m
[38;20m2026-09-28 13:42:02,365 - tpp_runner.py[pid:3180;line:136:_train_model] - INFO: [ Epoch 4 (test) ]: test loglike is 2.252053731209735, num_events is 104775, mark_ll is -1.3223870253966834, time_ll is 3.5744408404915293[0m
[31;1m2026-09-28 13:42:02,366 - tpp_runner.py[pid:3180;line:140:_train_model] - CRITICAL: current best loglike on valid set is 1.6230 (updated at epoch-4), best updated at this epoch[0m
[38;20m2026-09-28 13:42:03,027 - tpp_runner.py[pid:3180;line:104:_train_model] - INFO: [ Epoch 5 (train) ]: train loglike is 2.05062858634925, num_events is 248539, mark_ll is -1.3327302274020627, time_ll is 3.383358841255799[0m
[38;20m2026-09-28 13:42:03,102 - tpp_runner.py[pid:3180;line:116:_train_model] - INFO: [ Epoch 5 (valid) ]:  valid loglike is 1.4013316439436128, num_events is 48260, mark_ll is -1.3839068530162142, time_ll is 2.7852385070775485[0m
[38;20m2026-09-28 13:42:03,270 - tpp_runner.py[pid:3180;line:136:_train_model] - INFO: [ Epoch 5 (test) ]: test loglike is 2.0865182179819852, num_events is 104775, mark_ll is -1.3537441094010976, time_ll is 3.440262280780243[0m
[31;1m2026-09-28 13:42:03,270 - tpp_runner.py[pid:3180;line:140:_train_model] - CRITICAL: current best loglike on valid set is 1.6230 (updated at epoch-4)[0m
[38;20m2026-09-28 13:42:03,929 - tpp_runner.py[pid:3180;line:104:_train_model] - INFO: [ Epoch 6 (train) ]: train loglike is 2.037012187897951, num_events is 248539, mark_ll is -1.3458030134355172, time_ll is 3.3828152229441355[0m
[38;20m2026-09-28 13:42:04,006 - tpp_runner.py[pid:3180;line:116:_train_model] - INFO: [ Epoch 6 (valid) ]:  valid loglike is 1.4249805638565842, num_events is 48260, mark_ll is -1.4088875686386242, time_ll is 2.8338681223774866[0m
[38;20m2026-09-28 13:42:04,171 - tpp_runner.py[pid:3180;line:136:_train_model] - INFO: [ Epoch 6 (test) ]: test loglike is 1.9550692704605106, num_events is 104775, mark_ll is -1.3800559793307086, time_ll is 3.3351253057146266[0m
[31;1m2026-09-28 13:42:04,171 - tpp_runner.py[pid:3180;line:140:_train_model] - CRITICAL: current best loglike on valid set is 1.6230 (updated at epoch-4)[0m
[38;20m2026-09-28 13:42:04,869 - tpp_runner.py[pid:3180;line:104:_train_model] - INFO: [ Epoch 7 (train) ]: train loglike is 2.1640607770403992, num_events is 248539, mark_ll is -1.3529559204931116, time_ll is 3.5170166955689046[0m
[38;20m2026-09-28 13:42:04,946 - tpp_runner.py[pid:3180;line:116:_train_model] - INFO: [ Epoch 7 (valid) ]:  valid loglike is 1.3382718051067783, num_events is 48260, mark_ll is -1.4066380348632408, time_ll is 2.7449098956174884[0m
[38;20m2026-09-28 13:42:05,109 - tpp_runner.py[pid:3180;line:136:_train_model] - INFO: [ Epoch 7 (test) ]: test loglike is 1.9771038851855165, num_events is 104775, mark_ll is -1.371516316586137, time_ll is 3.3486202017716535[0m
[31;1m2026-09-28 13:42:05,109 - tpp_runner.py[pid:3180;line:140:_train_model] - CRITICAL: current best loglike on valid set is 1.6230 (updated at epoch-4)[0m
[38;20m2026-09-28 13:42:05,820 - tpp_runner.py[pid:3180;line:104:_train_model] - INFO: [ Epoch 8 (train) ]: train loglike is 2.2033201737988053, num_events is 248539, mark_ll is -1.3320527467205852, time_ll is 3.53537294605927[0m
[38;20m2026-09-28 13:42:05,897 - tpp_runner.py[pid:3180;line:116:_train_model] - INFO: [ Epoch 8 (valid) ]:  valid loglike is 1.6698499987049316, num_events is 48260, mark_ll is -1.4067282647055015, time_ll is 3.0765782431749895[0m
[38;20m2026-09-28 13:42:06,062 - tpp_runner.py[pid:3180;line:136:_train_model] - INFO: [ Epoch 8 (test) ]: test loglike is 2.267530888361966, num_events is 104775, mark_ll is -1.3689526664280602, time_ll is 3.6364834615843473[0m
[31;1m2026-09-28 13:42:06,838 - tpp_runner.py[pid:3180;line:140:_train_model] - CRITICAL: current best loglike on valid set is 1.6698 (updated at epoch-8), best updated at this epoch[0m
[38;20m2026-09-28 13:42:07,629 - tpp_runner.py[pid:3180;line:104:_train_model] - INFO: [ Epoch 9 (train) ]: train loglike is 2.288443821945449, num_events is 248539, mark_ll is -1.3576331251709992, time_ll is 3.6460769706917224[0m
[38;20m2026-09-28 13:42:07,713 - tpp_runner.py[pid:3180;line:116:_train_model] - INFO: [ Epoch 9 (valid) ]:  valid loglike is 1.4934232077063043, num_events is 48260, mark_ll is -1.4000337527196436, time_ll is 2.89345703125[0m
[38;20m2026-09-28 13:42:07,879 - tpp_runner.py[pid:3180;line:136:_train_model] - INFO: [ Epoch 9 (test) ]: test loglike is 2.103762620048914, num_events is 104775, mark_ll is -1.364355557295395, time_ll is 3.4681182332677167[0m
[31;1m2026-09-28 13:42:07,879 - tpp_runner.py[pid:3180;line:140:_train_model] - CRITICAL: current best loglike on valid set is 1.6698 (updated at epoch-8)[0m
[38;20m2026-09-28 13:42:08,651 - tpp_runner.py[pid:3180;line:104:_train_model] - INFO: [ Epoch 10 (train) ]: train loglike is 2.088723751604376, num_events is 248539, mark_ll is -1.365059322697469, time_ll is 3.4537830959125126[0m
[38;20m2026-09-28 13:42:08,729 - tpp_runner.py[pid:3180;line:116:_train_model] - INFO: [ Epoch 10 (valid) ]:  valid loglike is 1.4296289689798747, num_events is 48260, mark_ll is -1.4402289114302735, time_ll is 2.869857930998757[0m
[38;20m2026-09-28 13:42:08,900 - tpp_runner.py[pid:3180;line:136:_train_model] - INFO: [ Epoch 10 (test) ]: test loglike is 2.0245148085182536, num_events is 104775, mark_ll is -1.4062930423824862, time_ll is 3.430807832259604[0m
[31;1m2026-09-28 13:42:08,900 - tpp_runner.py[pid:3180;line:140:_train_model] - CRITICAL: current best loglike on valid set is 1.6698 (updated at epoch-8)[0m
[38;20m2026-09-28 13:42:09,672 - tpp_runner.py[pid:3180;line:104:_train_model] - INFO: [ Epoch 11 (train) ]: train loglike is 2.276993103163638, num_events is 248539, mark_ll is -1.3264292776988722, time_ll is 3.6034223926501476[0m
[38;20m2026-09-28 13:42:09,752 - tpp_runner.py[pid:3180;line:116:_train_model] - INFO: [ Epoch 11 (valid) ]:  valid loglike is 1.660083928525176, num_events is 48260, mark_ll is -1.3876299924886033, time_ll is 3.0477139210137794[0m
[38;20m2026-09-28 13:42:09,925 - tpp_runner.py[pid:3180;line:136:_train_model] - INFO: [ Epoch 11 (test) ]: test loglike is 2.207470453799809, num_events is 104775, mark_ll is -1.3514065575787402, time_ll is 3.5588769647757097[0m
[31;1m2026-09-28 13:42:09,925 - tpp_runner.py[pid:3180;line:140:_train_model] - CRITICAL: current best loglike on valid set is 1.6698 (updated at epoch-8)[0m
[38;20m2026-09-28 13:42:10,678 - tpp_runner.py[pid:3180;line:104:_train_model] - INFO: [ Epoch 12 (train) ]: train loglike is 2.2716929984925653, num_events is 248539, mark_ll is -1.3566370423442096, time_ll is 3.6283300310137445[0m
[38;20m2026-09-28 13:42:10,768 - tpp_runner.py[pid:3180;line:116:_train_model] - INFO: [ Epoch 12 (valid) ]:  valid loglike is 1.6675753527442498, num_events is 48260, mark_ll is -1.4743430765644425, time_ll is 3.1419184900150228[0m
[38;20m2026-09-28 13:42:10,944 - tpp_runner.py[pid:3180;line:136:_train_model] - INFO: [ Epoch 12 (test) ]: test loglike is 2.2622089745884035, num_events is 104775, mark_ll is -1.4440081238069673, time_ll is 3.706217023830828[0m
[31;1m2026-09-28 13:42:10,944 - tpp_runner.py[pid:3180;line:140:_train_model] - CRITICAL: current best loglike on valid set is 1.6698 (updated at epoch-8)[0m
[38;20m2026-09-28 13:42:11,717 - tpp_runner.py[pid:3180;line:104:_train_model] - INFO: [ Epoch 13 (train) ]: train loglike is 2.367828405608627, num_events is 248539, mark_ll is -1.3423593103094484, time_ll is 3.7101877355641366[0m
[38;20m2026-09-28 13:42:11,795 - tpp_runner.py[pid:3180;line:116:_train_model] - INFO: [ Epoch 13 (valid) ]:  valid loglike is 1.6347158458091586, num_events is 48260, mark_ll is -1.439891546117385, time_ll is 3.0746074728683173[0m
[38;20m2026-09-28 13:42:11,965 - tpp_runner.py[pid:3180;line:136:_train_model] - INFO: [ Epoch 13 (test) ]: test loglike is 2.295228773338702, num_events is 104775, mark_ll is -1.4108014476706037, time_ll is 3.70603020236817[0m
[31;1m2026-09-28 13:42:11,965 - tpp_runner.py[pid:3180;line:140:_train_model] - CRITICAL: current best loglike on valid set is 1.6698 (updated at epoch-8)[0m
[38;20m2026-09-28 13:42:12,726 - tpp_runner.py[pid:3180;line:104:_train_model] - INFO: [ Epoch 14 (train) ]: train loglike is 2.3499154743917203, num_events is 248539, mark_ll is -1.3495800611115107, time_ll is 3.699495531574019[0m
[38;20m2026-09-28 13:42:12,804 - tpp_runner.py[pid:3180;line:116:_train_model] - INFO: [ Epoch 14 (valid) ]:  valid loglike is 1.7052083603139245, num_events is 48260, mark_ll is -1.4409661493408101, time_ll is 3.146174489419291[0m
[38;20m2026-09-28 13:42:12,982 - tpp_runner.py[pid:3180;line:136:_train_model] - INFO: [ Epoch 14 (test) ]: test loglike is 2.314018050211763, num_events is 104775, mark_ll is -1.4020570772936054, time_ll is 3.71607516478764[0m
[31;1m2026-09-28 13:42:12,982 - tpp_runner.py[pid:3180;line:140:_train_model] - CRITICAL: current best loglike on valid set is 1.7052 (updated at epoch-14), best updated at this epoch[0m
[38;20m2026-09-28 13:42:13,763 - tpp_runner.py[pid:3180;line:104:_train_model] - INFO: [ Epoch 15 (train) ]: train loglike is 2.377158986256307, num_events is 248539, mark_ll is -1.3449713072413938, time_ll is 3.7221302934977007[0m
[38;20m2026-09-28 13:42:13,828 - tpp_runner.py[pid:3180;line:116:_train_model] - INFO: [ Epoch 15 (valid) ]:  valid loglike is 1.8256468158315633, num_events is 48260, mark_ll is -1.4144841661702239, time_ll is 3.240131093296726[0m
[38;20m2026-09-28 13:42:14,016 - tpp_runner.py[pid:3180;line:136:_train_model] - INFO: [ Epoch 15 (test) ]: test loglike is 2.3762931076264615, num_events is 104775, mark_ll is -1.391292734803746, time_ll is 3.767585898353615[0m
[31;1m2026-09-28 13:42:14,016 - tpp_runner.py[pid:3180;line:140:_train_model] - CRITICAL: current best loglike on valid set is 1.8256 (updated at epoch-15), best updated at this epoch[0m
[38;20m2026-09-28 13:42:14,778 - tpp_runner.py[pid:3180;line:104:_train_model] - INFO: [ Epoch 16 (train) ]: train loglike is 2.3839169269272125, num_events is 248539, mark_ll is -1.3587235424916966, time_ll is 3.7426405303217[0m
[38;20m2026-09-28 13:42:14,864 - tpp_runner.py[pid:3180;line:116:_train_model] - INFO: [ Epoch 16 (valid) ]:  valid loglike is 1.592534497383962, num_events is 48260, mark_ll is -1.5198309976235496, time_ll is 3.1123655961847287[0m
[38;20m2026-09-28 13:42:15,028 - tpp_runner.py[pid:3180;line:136:_train_model] - INFO: [ Epoch 16 (test) ]: test loglike is 2.1758285984848484, num_events is 104775, mark_ll is -1.4777872319404677, time_ll is 3.6536158024636123[0m
[31;1m2026-09-28 13:42:15,028 - tpp_runner.py[pid:3180;line:140:_train_model] - CRITICAL: current best loglike on valid set is 1.8256 (updated at epoch-15)[0m
[38;20m2026-09-28 13:42:15,809 - tpp_runner.py[pid:3180;line:104:_train_model] - INFO: [ Epoch 17 (train) ]: train loglike is 2.2435466754431648, num_events is 248539, mark_ll is -1.421152561271194, time_ll is 3.664699228855934[0m
[38;20m2026-09-28 13:42:15,878 - tpp_runner.py[pid:3180;line:116:_train_model] - INFO: [ Epoch 17 (valid) ]:  valid loglike is 1.476908526082677, num_events is 48260, mark_ll is -1.436040032991867, time_ll is 2.9129486197808743[0m
[38;20m2026-09-28 13:42:16,061 - tpp_runner.py[pid:3180;line:136:_train_model] - INFO: [ Epoch 17 (test) ]: test loglike is 2.086169237279289, num_events is 104775, mark_ll is -1.4065029788534955, time_ll is 3.492672169529945[0m
[31;1m2026-09-28 13:42:16,061 - tpp_runner.py[pid:3180;line:140:_train_model] - CRITICAL: current best loglike on valid set is 1.8256 (updated at epoch-15)[0m
[38;20m2026-09-28 13:42:16,823 - tpp_runner.py[pid:3180;line:104:_train_model] - INFO: [ Epoch 18 (train) ]: train loglike is 2.1577779488644135, num_events is 248539, mark_ll is -1.3820791026980423, time_ll is 3.5398570338810007[0m
[38;20m2026-09-28 13:42:16,902 - tpp_runner.py[pid:3180;line:116:_train_model] - INFO: [ Epoch 18 (valid) ]:  valid loglike is 1.6322077131844437, num_events is 48260, mark_ll is -1.4442500380426337, time_ll is 3.076457720873912[0m
[38;20m2026-09-28 13:42:17,300 - tpp_runner.py[pid:3180;line:136:_train_model] - INFO: [ Epoch 18 (test) ]: test loglike is 2.251507834869363, num_events is 104775, mark_ll is -1.4131707173854688, time_ll is 3.664678533613696[0m
[31;1m2026-09-28 13:42:17,300 - tpp_runner.py[pid:3180;line:140:_train_model] - CRITICAL: current best loglike on valid set is 1.8256 (updated at epoch-15)[0m
[38;20m2026-09-28 13:42:18,059 - tpp_runner.py[pid:3180;line:104:_train_model] - INFO: [ Epoch 19 (train) ]: train loglike is 2.3090326999893627, num_events is 248539, mark_ll is -1.3708430662541895, time_ll is 3.679875740703672[0m
[38;20m2026-09-28 13:42:18,137 - tpp_runner.py[pid:3180;line:116:_train_model] - INFO: [ Epoch 19 (valid) ]:  valid loglike is 1.5819887859219592, num_events is 48260, mark_ll is -1.5200074911611583, time_ll is 3.1019962669653958[0m
[38;20m2026-09-28 13:42:18,311 - tpp_runner.py[pid:3180;line:136:_train_model] - INFO: [ Epoch 19 (test) ]: test loglike is 2.1730248225363873, num_events is 104775, mark_ll is -1.461530083064901, time_ll is 3.63455494288356[0m
[31;1m2026-09-28 13:42:18,311 - tpp_runner.py[pid:3180;line:140:_train_model] - CRITICAL: current best loglike on valid set is 1.8256 (updated at epoch-15)[0m
[38;20m2026-09-28 13:42:19,065 - tpp_runner.py[pid:3180;line:104:_train_model] - INFO: [ Epoch 20 (train) ]: train loglike is 2.2231906287689003, num_events is 248539, mark_ll is -1.4143181050842373, time_ll is 3.6375087338531378[0m
[38;20m2026-09-28 13:42:19,143 - tpp_runner.py[pid:3180;line:116:_train_model] - INFO: [ Epoch 20 (valid) ]:  valid loglike is 1.4493325541338582, num_events is 48260, mark_ll is -1.455411099221664, time_ll is 2.9047436735909655[0m
[38;20m2026-09-28 13:42:19,314 - tpp_runner.py[pid:3180;line:136:_train_model] - INFO: [ Epoch 20 (test) ]: test loglike is 2.023863589760797, num_events is 104775, mark_ll is -1.404561821462658, time_ll is 3.428425420544023[0m
[31;1m2026-09-28 13:42:19,315 - tpp_runner.py[pid:3180;line:140:_train_model] - CRITICAL: current best loglike on valid set is 1.8256 (updated at epoch-15)[0m
[38;20m2026-09-28 13:42:20,074 - tpp_runner.py[pid:3180;line:104:_train_model] - INFO: [ Epoch 21 (train) ]: train loglike is 2.1496432632774685, num_events is 248539, mark_ll is -1.3526330217541311, time_ll is 3.502276279137781[0m
[38;20m2026-09-28 13:42:20,156 - tpp_runner.py[pid:3180;line:116:_train_model] - INFO: [ Epoch 21 (valid) ]:  valid loglike is 1.541929012445607, num_events is 48260, mark_ll is -1.468801175436438, time_ll is 3.0107302081174887[0m
[38;20m2026-09-28 13:42:20,328 - tpp_runner.py[pid:3180;line:136:_train_model] - INFO: [ Epoch 21 (test) ]: test loglike is 2.227190957930685, num_events is 104775, mark_ll is -1.3941390591445955, time_ll is 3.6213300636781196[0m
[31;1m2026-09-28 13:42:20,328 - tpp_runner.py[pid:3180;line:140:_train_model] - CRITICAL: current best loglike on valid set is 1.8256 (updated at epoch-15)[0m
[38;20m2026-09-28 13:42:21,077 - tpp_runner.py[pid:3180;line:104:_train_model] - INFO: [ Epoch 22 (train) ]: train loglike is 2.275851867375442, num_events is 248539, mark_ll is -1.3706232130728226, time_ll is 3.6464750784836584[0m
[38;20m2026-09-28 13:42:21,165 - tpp_runner.py[pid:3180;line:116:_train_model] - INFO: [ Epoch 22 (valid) ]:  valid loglike is 1.664361802443794, num_events is 48260, mark_ll is -1.4276624379986014, time_ll is 3.0920242809132823[0m
[38;20m2026-09-28 13:42:21,327 - tpp_runner.py[pid:3180;line:136:_train_model] - INFO: [ Epoch 22 (test) ]: test loglike is 2.2401329112980197, num_events is 104775, mark_ll is -1.3954461383023145, time_ll is 3.635579049600334[0m
[31;1m2026-09-28 13:42:21,343 - tpp_runner.py[pid:3180;line:140:_train_model] - CRITICAL: current best loglike on valid set is 1.8256 (updated at epoch-15)[0m
[38;20m2026-09-28 13:42:22,103 - tpp_runner.py[pid:3180;line:104:_train_model] - INFO: [ Epoch 23 (train) ]: train loglike is 2.3887903093176526, num_events is 248539, mark_ll is -1.317922495705528, time_ll is 3.7067127716248756[0m
[38;20m2026-09-28 13:42:22,177 - tpp_runner.py[pid:3180;line:116:_train_model] - INFO: [ Epoch 23 (valid) ]:  valid loglike is 1.6682225226960734, num_events is 48260, mark_ll is -1.3988450620661521, time_ll is 3.0670675847622255[0m
[38;20m2026-09-28 13:42:22,371 - tpp_runner.py[pid:3180;line:136:_train_model] - INFO: [ Epoch 23 (test) ]: test loglike is 2.2929650404139825, num_events is 104775, mark_ll is -1.3844355743706753, time_ll is 3.6774005495406823[0m
[31;1m2026-09-28 13:42:22,371 - tpp_runner.py[pid:3180;line:140:_train_model] - CRITICAL: current best loglike on valid set is 1.8256 (updated at epoch-15)[0m
[38;20m2026-09-28 13:42:23,127 - tpp_runner.py[pid:3180;line:104:_train_model] - INFO: [ Epoch 24 (train) ]: train loglike is 2.307046457623351, num_events is 248539, mark_ll is -1.3691884945936552, time_ll is 3.676234987579917[0m
[38;20m2026-09-28 13:42:23,208 - tpp_runner.py[pid:3180;line:116:_train_model] - INFO: [ Epoch 24 (valid) ]:  valid loglike is 1.6906583682462184, num_events is 48260, mark_ll is -1.436767962598425, time_ll is 3.127426351080087[0m
[38;20m2026-09-28 13:42:23,378 - tpp_runner.py[pid:3180;line:136:_train_model] - INFO: [ Epoch 24 (test) ]: test loglike is 2.29849690929969, num_events is 104775, mark_ll is -1.39907835428597, time_ll is 3.697575291547363[0m
[31;1m2026-09-28 13:42:23,378 - tpp_runner.py[pid:3180;line:140:_train_model] - CRITICAL: current best loglike on valid set is 1.8256 (updated at epoch-15)[0m
[38;20m2026-09-28 13:42:24,153 - tpp_runner.py[pid:3180;line:104:_train_model] - INFO: [ Epoch 25 (train) ]: train loglike is 2.417876315280248, num_events is 248539, mark_ll is -1.3939070297914764, time_ll is 3.8117833116734197[0m
[38;20m2026-09-28 13:42:24,236 - tpp_runner.py[pid:3180;line:116:_train_model] - INFO: [ Epoch 25 (valid) ]:  valid loglike is 1.8637278057656443, num_events is 48260, mark_ll is -1.4308157878548486, time_ll is 3.294543674562267[0m
[38;20m2026-09-28 13:42:24,419 - tpp_runner.py[pid:3180;line:136:_train_model] - INFO: [ Epoch 25 (test) ]: test loglike is 2.362651123687664, num_events is 104775, mark_ll is -1.4129057149994035, time_ll is 3.775556885289907[0m
[31;1m2026-09-28 13:42:24,419 - tpp_runner.py[pid:3180;line:140:_train_model] - CRITICAL: current best loglike on valid set is 1.8637 (updated at epoch-25), best updated at this epoch[0m
[38;20m2026-09-28 13:42:25,195 - tpp_runner.py[pid:3180;line:104:_train_model] - INFO: [ Epoch 26 (train) ]: train loglike is 2.402857235182406, num_events is 248539, mark_ll is -1.4027370366484233, time_ll is 3.8055942757600416[0m
[38;20m2026-09-28 13:42:25,277 - tpp_runner.py[pid:3180;line:116:_train_model] - INFO: [ Epoch 26 (valid) ]:  valid loglike is 1.6470273728890386, num_events is 48260, mark_ll is -1.489976069564598, time_ll is 3.137003381747306[0m
[38;20m2026-09-28 13:42:25,464 - tpp_runner.py[pid:3180;line:136:_train_model] - INFO: [ Epoch 26 (test) ]: test loglike is 2.257832343489024, num_events is 104775, mark_ll is -1.4439139021862324, time_ll is 3.701746301598664[0m
[31;1m2026-09-28 13:42:25,464 - tpp_runner.py[pid:3180;line:140:_train_model] - CRITICAL: current best loglike on valid set is 1.8637 (updated at epoch-25)[0m
[38;20m2026-09-28 13:42:26,236 - tpp_runner.py[pid:3180;line:104:_train_model] - INFO: [ Epoch 27 (train) ]: train loglike is 2.387382122844654, num_events is 248539, mark_ll is -1.4157824694703347, time_ll is 3.8031645765981397[0m
[38;20m2026-09-28 13:42:26,316 - tpp_runner.py[pid:3180;line:116:_train_model] - INFO: [ Epoch 27 (valid) ]:  valid loglike is 1.6693092216558096, num_events is 48260, mark_ll is -1.5165846051984044, time_ll is 3.1858937712067448[0m
[38;20m2026-09-28 13:42:26,492 - tpp_runner.py[pid:3180;line:136:_train_model] - INFO: [ Epoch 27 (test) ]: test loglike is 2.2468233267716538, num_events is 104775, mark_ll is -1.4810128567913385, time_ll is 3.72783619288356[0m
[31;1m2026-09-28 13:42:26,492 - tpp_runner.py[pid:3180;line:140:_train_model] - CRITICAL: current best loglike on valid set is 1.8637 (updated at epoch-25)[0m
[38;20m2026-09-28 13:42:27,274 - tpp_runner.py[pid:3180;line:104:_train_model] - INFO: [ Epoch 28 (train) ]: train loglike is 2.447381587843105, num_events is 248539, mark_ll is -1.393376570411862, time_ll is 3.8407581641487853[0m
[38;20m2026-09-28 13:42:27,357 - tpp_runner.py[pid:3180;line:116:_train_model] - INFO: [ Epoch 28 (valid) ]:  valid loglike is 1.8585104204439495, num_events is 48260, mark_ll is -1.4557219358682139, time_ll is 3.3142323158412763[0m
[38;20m2026-09-28 13:42:27,527 - tpp_runner.py[pid:3180;line:136:_train_model] - INFO: [ Epoch 28 (test) ]: test loglike is 2.422697717206514, num_events is 104775, mark_ll is -1.3997382691332618, time_ll is 3.822436042263183[0m
[31;1m2026-09-28 13:42:27,527 - tpp_runner.py[pid:3180;line:140:_train_model] - CRITICAL: current best loglike on valid set is 1.8637 (updated at epoch-25)[0m
[38;20m2026-09-28 13:42:28,305 - tpp_runner.py[pid:3180;line:104:_train_model] - INFO: [ Epoch 29 (train) ]: train loglike is 2.4220578950103153, num_events is 248539, mark_ll is -1.3741972933573805, time_ll is 3.796255190332302[0m
[38;20m2026-09-28 13:42:28,380 - tpp_runner.py[pid:3180;line:116:_train_model] - INFO: [ Epoch 29 (valid) ]:  valid loglike is 1.8285761492113033, num_events is 48260, mark_ll is -1.4216029749339516, time_ll is 3.2501790027325943[0m
[38;20m2026-09-28 13:42:28,560 - tpp_runner.py[pid:3180;line:136:_train_model] - INFO: [ Epoch 29 (test) ]: test loglike is 2.343552450563708, num_events is 104775, mark_ll is -1.3919516430297065, time_ll is 3.7355041122345503[0m
[31;1m2026-09-28 13:42:28,560 - tpp_runner.py[pid:3180;line:140:_train_model] - CRITICAL: current best loglike on valid set is 1.8637 (updated at epoch-25)[0m
[38;20m2026-09-28 13:42:29,327 - tpp_runner.py[pid:3180;line:104:_train_model] - INFO: [ Epoch 30 (train) ]: train loglike is 2.532034915169249, num_events is 248539, mark_ll is -1.3688195278048667, time_ll is 3.900854421363448[0m
[38;20m2026-09-28 13:42:29,422 - tpp_runner.py[pid:3180;line:116:_train_model] - INFO: [ Epoch 30 (valid) ]:  valid loglike is 1.8639628809119873, num_events is 48260, mark_ll is -1.4240224459632718, time_ll is 3.287985367346146[0m
[38;20m2026-09-28 13:42:29,612 - tpp_runner.py[pid:3180;line:136:_train_model] - INFO: [ Epoch 30 (test) ]: test loglike is 2.4283724983595802, num_events is 104775, mark_ll is -1.3914987379951085, time_ll is 3.819871152469578[0m
[31;1m2026-09-28 13:42:29,612 - tpp_runner.py[pid:3180;line:140:_train_model] - CRITICAL: current best loglike on valid set is 1.8640 (updated at epoch-30), best updated at this epoch[0m
[38;20m2026-09-28 13:42:30,412 - tpp_runner.py[pid:3180;line:104:_train_model] - INFO: [ Epoch 31 (train) ]: train loglike is 2.4113098353025078, num_events is 248539, mark_ll is -1.4035852573219143, time_ll is 3.814895106376665[0m
[38;20m2026-09-28 13:42:30,496 - tpp_runner.py[pid:3180;line:116:_train_model] - INFO: [ Epoch 31 (valid) ]:  valid loglike is 1.904009774528595, num_events is 48260, mark_ll is -1.4296178698391524, time_ll is 3.3336275836614173[0m
[38;20m2026-09-28 13:42:30,677 - tpp_runner.py[pid:3180;line:136:_train_model] - INFO: [ Epoch 31 (test) ]: test loglike is 2.516986986623121, num_events is 104775, mark_ll is -1.391080785090074, time_ll is 3.9080678089954666[0m
[31;1m2026-09-28 13:42:30,678 - tpp_runner.py[pid:3180;line:140:_train_model] - CRITICAL: current best loglike on valid set is 1.9040 (updated at epoch-31), best updated at this epoch[0m
[38;20m2026-09-28 13:42:31,445 - tpp_runner.py[pid:3180;line:104:_train_model] - INFO: [ Epoch 32 (train) ]: train loglike is 2.6045473536409274, num_events is 248539, mark_ll is -1.3693830554353392, time_ll is 3.9739304188992977[0m
[38;20m2026-09-28 13:42:31,523 - tpp_runner.py[pid:3180;line:116:_train_model] - INFO: [ Epoch 32 (valid) ]:  valid loglike is 1.8272890333609615, num_events is 48260, mark_ll is -1.4270827330151783, time_ll is 3.2543718675533566[0m
[38;20m2026-09-28 13:42:31,698 - tpp_runner.py[pid:3180;line:136:_train_model] - INFO: [ Epoch 32 (test) ]: test loglike is 2.424384506979241, num_events is 104775, mark_ll is -1.393784020072775, time_ll is 3.8181686016165592[0m
[31;1m2026-09-28 13:42:31,698 - tpp_runner.py[pid:3180;line:140:_train_model] - CRITICAL: current best loglike on valid set is 1.9040 (updated at epoch-31)[0m
[38;20m2026-09-28 13:42:32,463 - tpp_runner.py[pid:3180;line:104:_train_model] - INFO: [ Epoch 33 (train) ]: train loglike is 2.4436276066080174, num_events is 248539, mark_ll is -1.3460113461663712, time_ll is 3.7896389547389946[0m
[38;20m2026-09-28 13:42:32,542 - tpp_runner.py[pid:3180;line:116:_train_model] - INFO: [ Epoch 33 (valid) ]:  valid loglike is 1.8699919301051595, num_events is 48260, mark_ll is -1.419311452613448, time_ll is 3.2893033827186073[0m
[38;20m2026-09-28 13:42:32,717 - tpp_runner.py[pid:3180;line:136:_train_model] - INFO: [ Epoch 33 (test) ]: test loglike is 2.473198241022429, num_events is 104775, mark_ll is -1.3818866879921259, time_ll is 3.8550848917322833[0m
[31;1m2026-09-28 13:42:32,717 - tpp_runner.py[pid:3180;line:140:_train_model] - CRITICAL: current best loglike on valid set is 1.9040 (updated at epoch-31)[0m
[38;20m2026-09-28 13:42:33,494 - tpp_runner.py[pid:3180;line:104:_train_model] - INFO: [ Epoch 34 (train) ]: train loglike is 2.538211564240798, num_events is 248539, mark_ll is -1.3682319160674985, time_ll is 3.9064434429807795[0m
[38;20m2026-09-28 13:42:33,576 - tpp_runner.py[pid:3180;line:116:_train_model] - INFO: [ Epoch 34 (valid) ]:  valid loglike is 2.0166295278828223, num_events is 48260, mark_ll is -1.4066201872021342, time_ll is 3.423249593672296[0m
[38;20m2026-09-28 13:42:33,755 - tpp_runner.py[pid:3180;line:136:_train_model] - INFO: [ Epoch 34 (test) ]: test loglike is 2.50604284105822, num_events is 104775, mark_ll is -1.3799715536268193, time_ll is 3.886014413326175[0m
[31;1m2026-09-28 13:42:33,755 - tpp_runner.py[pid:3180;line:140:_train_model] - CRITICAL: current best loglike on valid set is 2.0166 (updated at epoch-34), best updated at this epoch[0m
[38;20m2026-09-28 13:42:34,526 - tpp_runner.py[pid:3180;line:104:_train_model] - INFO: [ Epoch 35 (train) ]: train loglike is 2.5535689711297826, num_events is 248539, mark_ll is -1.37280604571868, time_ll is 3.926374985414764[0m
[38;20m2026-09-28 13:42:34,615 - tpp_runner.py[pid:3180;line:116:_train_model] - INFO: [ Epoch 35 (valid) ]:  valid loglike is 1.4958098669641007, num_events is 48260, mark_ll is -1.426757954148104, time_ll is 2.9225677806413177[0m
[38;20m2026-09-28 13:42:34,793 - tpp_runner.py[pid:3180;line:136:_train_model] - INFO: [ Epoch 35 (test) ]: test loglike is 2.101360047945001, num_events is 104775, mark_ll is -1.380262709526366, time_ll is 3.481622766791935[0m
[31;1m2026-09-28 13:42:34,793 - tpp_runner.py[pid:3180;line:140:_train_model] - CRITICAL: current best loglike on valid set is 2.0166 (updated at epoch-34)[0m
[38;20m2026-09-28 13:42:35,576 - tpp_runner.py[pid:3180;line:104:_train_model] - INFO: [ Epoch 36 (train) ]: train loglike is 2.2298132846951333, num_events is 248539, mark_ll is -1.4036940198834489, time_ll is 3.6335072554634285[0m
[38;20m2026-09-28 13:42:35,672 - tpp_runner.py[pid:3180;line:116:_train_model] - INFO: [ Epoch 36 (valid) ]:  valid loglike is 1.7631031173914733, num_events is 48260, mark_ll is -1.4405479029605264, time_ll is 3.2036509191747826[0m
[38;20m2026-09-28 13:42:35,858 - tpp_runner.py[pid:3180;line:136:_train_model] - INFO: [ Epoch 36 (test) ]: test loglike is 2.3963468686620137, num_events is 104775, mark_ll is -1.387611585838702, time_ll is 3.7839584824624195[0m
[31;1m2026-09-28 13:42:35,858 - tpp_runner.py[pid:3180;line:140:_train_model] - CRITICAL: current best loglike on valid set is 2.0166 (updated at epoch-34)[0m
[38;20m2026-09-28 13:42:36,647 - tpp_runner.py[pid:3180;line:104:_train_model] - INFO: [ Epoch 37 (train) ]: train loglike is 2.487637872916826, num_events is 248539, mark_ll is -1.3533116497656053, time_ll is 3.8409494774964896[0m
[38;20m2026-09-28 13:42:36,726 - tpp_runner.py[pid:3180;line:116:_train_model] - INFO: [ Epoch 37 (valid) ]:  valid loglike is 1.8214747226934833, num_events is 48260, mark_ll is -1.4122521765242955, time_ll is 3.233726777805118[0m
[38;20m2026-09-28 13:42:36,919 - tpp_runner.py[pid:3180;line:136:_train_model] - INFO: [ Epoch 37 (test) ]: test loglike is 2.3609355986041516, num_events is 104775, mark_ll is -1.3773864568420424, time_ll is 3.7383220181639225[0m
[31;1m2026-09-28 13:42:36,919 - tpp_runner.py[pid:3180;line:140:_train_model] - CRITICAL: current best loglike on valid set is 2.0166 (updated at epoch-34)[0m
[38;20m2026-09-28 13:42:37,700 - tpp_runner.py[pid:3180;line:104:_train_model] - INFO: [ Epoch 38 (train) ]: train loglike is 2.5905048046093873, num_events is 248539, mark_ll is -1.3585328637117817, time_ll is 3.949037660462744[0m
[38;20m2026-09-28 13:42:37,781 - tpp_runner.py[pid:3180;line:116:_train_model] - INFO: [ Epoch 38 (valid) ]:  valid loglike is 2.0137448642444573, num_events is 48260, mark_ll is -1.3967936332819624, time_ll is 3.4105384975264195[0m
[38;20m2026-09-28 13:42:37,963 - tpp_runner.py[pid:3180;line:136:_train_model] - INFO: [ Epoch 38 (test) ]: test loglike is 2.517022852168337, num_events is 104775, mark_ll is -1.371411767776187, time_ll is 3.8884345919828203[0m
[31;1m2026-09-28 13:42:37,963 - tpp_runner.py[pid:3180;line:140:_train_model] - CRITICAL: current best loglike on valid set is 2.0166 (updated at epoch-34)[0m
[38;20m2026-09-28 13:42:38,746 - tpp_runner.py[pid:3180;line:104:_train_model] - INFO: [ Epoch 39 (train) ]: train loglike is 2.5418277322830876, num_events is 248539, mark_ll is -1.3569772394404147, time_ll is 3.898804983511139[0m
[38;20m2026-09-28 13:42:38,827 - tpp_runner.py[pid:3180;line:116:_train_model] - INFO: [ Epoch 39 (valid) ]:  valid loglike is 1.8452061728624896, num_events is 48260, mark_ll is -1.4366180584334853, time_ll is 3.28182432235547[0m
[38;20m2026-09-28 13:42:39,001 - tpp_runner.py[pid:3180;line:136:_train_model] - INFO: [ Epoch 39 (test) ]: test loglike is 2.4947569195895967, num_events is 104775, mark_ll is -1.4166336345740873, time_ll is 3.911390498240277[0m
[31;1m2026-09-28 13:42:39,002 - tpp_runner.py[pid:3180;line:140:_train_model] - CRITICAL: current best loglike on valid set is 2.0166 (updated at epoch-34)[0m
[38;20m2026-09-28 13:42:39,776 - tpp_runner.py[pid:3180;line:104:_train_model] - INFO: [ Epoch 40 (train) ]: train loglike is 2.5132258229593747, num_events is 248539, mark_ll is -1.426028629278252, time_ll is 3.9392544325915653[0m
[38;20m2026-09-28 13:42:39,859 - tpp_runner.py[pid:3180;line:116:_train_model] - INFO: [ Epoch 40 (valid) ]:  valid loglike is 1.7645794245201771, num_events is 48260, mark_ll is -1.5058021491659759, time_ll is 3.2703816242747616[0m
[38;20m2026-09-28 13:42:40,039 - tpp_runner.py[pid:3180;line:136:_train_model] - INFO: [ Epoch 40 (test) ]: test loglike is 2.236473162356836, num_events is 104775, mark_ll is -1.4995824571999523, time_ll is 3.736055572953949[0m
[31;1m2026-09-28 13:42:40,039 - tpp_runner.py[pid:3180;line:140:_train_model] - CRITICAL: current best loglike on valid set is 2.0166 (updated at epoch-34)[0m
[38;20m2026-09-28 13:42:40,826 - tpp_runner.py[pid:3180;line:104:_train_model] - INFO: [ Epoch 41 (train) ]: train loglike is 2.543866724324452, num_events is 248539, mark_ll is -1.3779677812134112, time_ll is 3.921834552688411[0m
[38;20m2026-09-28 13:42:40,907 - tpp_runner.py[pid:3180;line:116:_train_model] - INFO: [ Epoch 41 (valid) ]:  valid loglike is 2.0223761105211353, num_events is 48260, mark_ll is -1.4327067091017405, time_ll is 3.45508290056465[0m
[38;20m2026-09-28 13:42:41,090 - tpp_runner.py[pid:3180;line:136:_train_model] - INFO: [ Epoch 41 (test) ]: test loglike is 2.4958463448460986, num_events is 104775, mark_ll is -1.3921894479986876, time_ll is 3.888035764883083[0m
[31;1m2026-09-28 13:42:41,090 - tpp_runner.py[pid:3180;line:140:_train_model] - CRITICAL: current best loglike on valid set is 2.0224 (updated at epoch-41), best updated at this epoch[0m
[38;20m2026-09-28 13:42:41,882 - tpp_runner.py[pid:3180;line:104:_train_model] - INFO: [ Epoch 42 (train) ]: train loglike is 2.578059979394582, num_events is 248539, mark_ll is -1.3696119850971578, time_ll is 3.9476719448456783[0m
[38;20m2026-09-28 13:42:41,962 - tpp_runner.py[pid:3180;line:116:_train_model] - INFO: [ Epoch 42 (valid) ]:  valid loglike is 1.937278958133677, num_events is 48260, mark_ll is -1.4936491263144944, time_ll is 3.430928094565893[0m
[38;20m2026-09-28 13:42:42,141 - tpp_runner.py[pid:3180;line:136:_train_model] - INFO: [ Epoch 42 (test) ]: test loglike is 2.5618438506621333, num_events is 104775, mark_ll is -1.4347017791099976, time_ll is 3.996545592489859[0m
[31;1m2026-09-28 13:42:42,141 - tpp_runner.py[pid:3180;line:140:_train_model] - CRITICAL: current best loglike on valid set is 2.0224 (updated at epoch-41)[0m
[38;20m2026-09-28 13:42:42,919 - tpp_runner.py[pid:3180;line:104:_train_model] - INFO: [ Epoch 43 (train) ]: train loglike is 2.6192553108491023, num_events is 248539, mark_ll is -1.3995080610462542, time_ll is 4.018763340461658[0m
[38;20m2026-09-28 13:42:42,998 - tpp_runner.py[pid:3180;line:116:_train_model] - INFO: [ Epoch 43 (valid) ]:  valid loglike is 1.6104915462387976, num_events is 48260, mark_ll is -1.4484495400888417, time_ll is 3.058941172328274[0m
[38;20m2026-09-28 13:42:43,171 - tpp_runner.py[pid:3180;line:136:_train_model] - INFO: [ Epoch 43 (test) ]: test loglike is 2.1500233387019803, num_events is 104775, mark_ll is -1.4007446854121928, time_ll is 3.550767958870198[0m
[31;1m2026-09-28 13:42:43,171 - tpp_runner.py[pid:3180;line:140:_train_model] - CRITICAL: current best loglike on valid set is 2.0224 (updated at epoch-41)[0m
[38;20m2026-09-28 13:42:43,949 - tpp_runner.py[pid:3180;line:104:_train_model] - INFO: [ Epoch 44 (train) ]: train loglike is 2.4126598537163684, num_events is 248539, mark_ll is -1.3761758049981592, time_ll is 3.7888356822898017[0m
[38;20m2026-09-28 13:42:44,029 - tpp_runner.py[pid:3180;line:116:_train_model] - INFO: [ Epoch 44 (valid) ]:  valid loglike is 2.058152475685091, num_events is 48260, mark_ll is -1.4201478239613552, time_ll is 3.4783004008236635[0m
[38;20m2026-09-28 13:42:44,204 - tpp_runner.py[pid:3180;line:136:_train_model] - INFO: [ Epoch 44 (test) ]: test loglike is 2.628034357477332, num_events is 104775, mark_ll is -1.3853936448639943, time_ll is 4.0134279557384875[0m
[31;1m2026-09-28 13:42:44,204 - tpp_runner.py[pid:3180;line:140:_train_model] - CRITICAL: current best loglike on valid set is 2.0582 (updated at epoch-44), best updated at this epoch[0m
[38;20m2026-09-28 13:42:44,993 - tpp_runner.py[pid:3180;line:104:_train_model] - INFO: [ Epoch 45 (train) ]: train loglike is 2.6239264665046282, num_events is 248539, mark_ll is -1.3784382827776778, time_ll is 4.00236477285758[0m
[38;20m2026-09-28 13:42:45,074 - tpp_runner.py[pid:3180;line:116:_train_model] - INFO: [ Epoch 45 (valid) ]:  valid loglike is 1.8100783637782325, num_events is 48260, mark_ll is -1.4557062938704413, time_ll is 3.265784698119561[0m
[38;20m2026-09-28 13:42:45,264 - tpp_runner.py[pid:3180;line:136:_train_model] - INFO: [ Epoch 45 (test) ]: test loglike is 2.4372557638391794, num_events is 104775, mark_ll is -1.4213556299958243, time_ll is 3.858611421796707[0m
[31;1m2026-09-28 13:42:45,264 - tpp_runner.py[pid:3180;line:140:_train_model] - CRITICAL: current best loglike on valid set is 2.0582 (updated at epoch-44)[0m
[38;20m2026-09-28 13:42:46,043 - tpp_runner.py[pid:3180;line:104:_train_model] - INFO: [ Epoch 46 (train) ]: train loglike is 2.533248570269656, num_events is 248539, mark_ll is -1.4005216681599768, time_ll is 3.9337703130846666[0m
[38;20m2026-09-28 13:42:46,125 - tpp_runner.py[pid:3180;line:116:_train_model] - INFO: [ Epoch 46 (valid) ]:  valid loglike is 1.7095565523984666, num_events is 48260, mark_ll is -1.4698540862645049, time_ll is 3.1794105577211975[0m
[38;20m2026-09-28 13:42:46,303 - tpp_runner.py[pid:3180;line:136:_train_model] - INFO: [ Epoch 46 (test) ]: test loglike is 2.3603976154259128, num_events is 104775, mark_ll is -1.4260260267537581, time_ll is 3.786423530332856[0m
[31;1m2026-09-28 13:42:46,303 - tpp_runner.py[pid:3180;line:140:_train_model] - CRITICAL: current best loglike on valid set is 2.0582 (updated at epoch-44)[0m
[38;20m2026-09-28 13:42:47,164 - tpp_runner.py[pid:3180;line:104:_train_model] - INFO: [ Epoch 47 (train) ]: train loglike is 2.685694984693675, num_events is 248539, mark_ll is -1.384677594927255, time_ll is 4.0703725383642[0m
[38;20m2026-09-28 13:42:47,249 - tpp_runner.py[pid:3180;line:116:_train_model] - INFO: [ Epoch 47 (valid) ]:  valid loglike is 2.0692069365481247, num_events is 48260, mark_ll is -1.4438920528128885, time_ll is 3.5130990500673436[0m
[38;20m2026-09-28 13:42:47,435 - tpp_runner.py[pid:3180;line:136:_train_model] - INFO: [ Epoch 47 (test) ]: test loglike is 2.6903990507933666, num_events is 104775, mark_ll is -1.398830688156168, time_ll is 4.089229785552374[0m
[31;1m2026-09-28 13:42:47,435 - tpp_runner.py[pid:3180;line:140:_train_model] - CRITICAL: current best loglike on valid set is 2.0692 (updated at epoch-47), best updated at this epoch[0m
[38;20m2026-09-28 13:42:48,197 - tpp_runner.py[pid:3180;line:104:_train_model] - INFO: [ Epoch 48 (train) ]: train loglike is 2.6822943634160534, num_events is 248539, mark_ll is -1.356392708205503, time_ll is 4.038687055904707[0m
[38;20m2026-09-28 13:42:48,275 - tpp_runner.py[pid:3180;line:116:_train_model] - INFO: [ Epoch 48 (valid) ]:  valid loglike is 1.8716304749015749, num_events is 48260, mark_ll is -1.4523650579219334, time_ll is 3.323995472117178[0m
[38;20m2026-09-28 13:42:48,458 - tpp_runner.py[pid:3180;line:136:_train_model] - INFO: [ Epoch 48 (test) ]: test loglike is 2.4964790529557384, num_events is 104775, mark_ll is -1.4136676900650202, time_ll is 3.910146798944166[0m
[31;1m2026-09-28 13:42:48,459 - tpp_runner.py[pid:3180;line:140:_train_model] - CRITICAL: current best loglike on valid set is 2.0692 (updated at epoch-47)[0m
[38;20m2026-09-28 13:42:49,225 - tpp_runner.py[pid:3180;line:104:_train_model] - INFO: [ Epoch 49 (train) ]: train loglike is 2.712582580648183, num_events is 248539, mark_ll is -1.3376057060272735, time_ll is 4.050188253277152[0m
[38;20m2026-09-28 13:42:49,305 - tpp_runner.py[pid:3180;line:116:_train_model] - INFO: [ Epoch 49 (valid) ]:  valid loglike is 2.088045972499223, num_events is 48260, mark_ll is -1.3956891220731455, time_ll is 3.4837351957495857[0m
[38;20m2026-09-28 13:42:49,475 - tpp_runner.py[pid:3180;line:136:_train_model] - INFO: [ Epoch 49 (test) ]: test loglike is 2.710095144356955, num_events is 104775, mark_ll is -1.3695311101914818, time_ll is 4.079626226586734[0m
[31;1m2026-09-28 13:42:49,475 - tpp_runner.py[pid:3180;line:140:_train_model] - CRITICAL: current best loglike on valid set is 2.0880 (updated at epoch-49), best updated at this epoch[0m
[38;20m2026-09-28 13:42:50,258 - tpp_runner.py[pid:3180;line:104:_train_model] - INFO: [ Epoch 50 (train) ]: train loglike is 2.7088623297362284, num_events is 248539, mark_ll is -1.3525613313108054, time_ll is 4.061423678728489[0m
[38;20m2026-09-28 13:42:50,347 - tpp_runner.py[pid:3180;line:116:_train_model] - INFO: [ Epoch 50 (valid) ]:  valid loglike is 1.91556726827989, num_events is 48260, mark_ll is -1.4481030890618525, time_ll is 3.363670377577186[0m
[38;20m2026-09-28 13:42:50,525 - tpp_runner.py[pid:3180;line:136:_train_model] - INFO: [ Epoch 50 (test) ]: test loglike is 2.508981960972918, num_events is 104775, mark_ll is -1.4038886527678358, time_ll is 3.9128706417024577[0m
[31;1m2026-09-28 13:42:50,525 - tpp_runner.py[pid:3180;line:140:_train_model] - CRITICAL: current best loglike on valid set is 2.0880 (updated at epoch-49)[0m
[38;20m2026-09-28 13:42:51,300 - tpp_runner.py[pid:3180;line:104:_train_model] - INFO: [ Epoch 51 (train) ]: train loglike is 2.662120038882228, num_events is 248539, mark_ll is -1.382444112770028, time_ll is 4.044564143793831[0m
[38;20m2026-09-28 13:42:51,385 - tpp_runner.py[pid:3180;line:116:_train_model] - INFO: [ Epoch 51 (valid) ]:  valid loglike is 2.05522590444338, num_events is 48260, mark_ll is -1.4495924784047347, time_ll is 3.504818261435454[0m
[38;20m2026-09-28 13:42:51,568 - tpp_runner.py[pid:3180;line:136:_train_model] - INFO: [ Epoch 51 (test) ]: test loglike is 2.6490654173377477, num_events is 104775, mark_ll is -1.403274669679074, time_ll is 4.052340077696254[0m
[31;1m2026-09-28 13:42:51,568 - tpp_runner.py[pid:3180;line:140:_train_model] - CRITICAL: current best loglike on valid set is 2.0880 (updated at epoch-49)[0m
[38;20m2026-09-28 13:42:52,329 - tpp_runner.py[pid:3180;line:104:_train_model] - INFO: [ Epoch 52 (train) ]: train loglike is 2.7138949473850182, num_events is 248539, mark_ll is -1.3761808068854384, time_ll is 4.0900757621288815[0m
[38;20m2026-09-28 13:42:52,422 - tpp_runner.py[pid:3180;line:116:_train_model] - INFO: [ Epoch 52 (valid) ]:  valid loglike is 1.9988421279268545, num_events is 48260, mark_ll is -1.4628611824298072, time_ll is 3.461703452004766[0m
[38;20m2026-09-28 13:42:52,608 - tpp_runner.py[pid:3180;line:136:_train_model] - INFO: [ Epoch 52 (test) ]: test loglike is 2.6553476571820567, num_events is 104775, mark_ll is -1.421280263883918, time_ll is 4.0766279863099495[0m
[31;1m2026-09-28 13:42:52,608 - tpp_runner.py[pid:3180;line:140:_train_model] - CRITICAL: current best loglike on valid set is 2.0880 (updated at epoch-49)[0m
[38;20m2026-09-28 13:42:53,358 - tpp_runner.py[pid:3180;line:104:_train_model] - INFO: [ Epoch 53 (train) ]: train loglike is 2.7275194184030225, num_events is 248539, mark_ll is -1.3803866102094389, time_ll is 4.107906048258523[0m
[38;20m2026-09-28 13:42:53,445 - tpp_runner.py[pid:3180;line:116:_train_model] - INFO: [ Epoch 53 (valid) ]:  valid loglike is 1.863514605133651, num_events is 48260, mark_ll is -1.4375681732089205, time_ll is 3.301082717636241[0m
[38;20m2026-09-28 13:42:53,626 - tpp_runner.py[pid:3180;line:136:_train_model] - INFO: [ Epoch 53 (test) ]: test loglike is 2.6026996652052015, num_events is 104775, mark_ll is -1.3916454250924601, time_ll is 3.9943451182593654[0m
[31;1m2026-09-28 13:42:53,626 - tpp_runner.py[pid:3180;line:140:_train_model] - CRITICAL: current best loglike on valid set is 2.0880 (updated at epoch-49)[0m
[38;20m2026-09-28 13:42:54,402 - tpp_runner.py[pid:3180;line:104:_train_model] - INFO: [ Epoch 54 (train) ]: train loglike is 2.6357426432886286, num_events is 248539, mark_ll is -1.3675640285578923, time_ll is 4.003306691492583[0m
[38;20m2026-09-28 13:42:54,483 - tpp_runner.py[pid:3180;line:116:_train_model] - INFO: [ Epoch 54 (valid) ]:  valid loglike is 1.9058950197336044, num_events is 48260, mark_ll is -1.4380703359731144, time_ll is 3.3439652646472235[0m
[38;20m2026-09-28 13:42:54,658 - tpp_runner.py[pid:3180;line:136:_train_model] - INFO: [ Epoch 54 (test) ]: test loglike is 2.622648663057743, num_events is 104775, mark_ll is -1.3940607197715342, time_ll is 4.016709373508709[0m
[31;1m2026-09-28 13:42:54,658 - tpp_runner.py[pid:3180;line:140:_train_model] - CRITICAL: current best loglike on valid set is 2.0880 (updated at epoch-49)[0m
[38;20m2026-09-28 13:42:55,425 - tpp_runner.py[pid:3180;line:104:_train_model] - INFO: [ Epoch 55 (train) ]: train loglike is 2.7182816889716, num_events is 248539, mark_ll is -1.3566562169003153, time_ll is 4.074937866579792[0m
[38;20m2026-09-28 13:42:55,515 - tpp_runner.py[pid:3180;line:116:_train_model] - INFO: [ Epoch 55 (valid) ]:  valid loglike is 1.8630048136072834, num_events is 48260, mark_ll is -1.4032827352815478, time_ll is 3.2662875488888314[0m
[38;20m2026-09-28 13:42:55,695 - tpp_runner.py[pid:3180;line:136:_train_model] - INFO: [ Epoch 55 (test) ]: test loglike is 2.5158363438767597, num_events is 104775, mark_ll is -1.3785273316332618, time_ll is 3.894363647548318[0m
[31;1m2026-09-28 13:42:55,695 - tpp_runner.py[pid:3180;line:140:_train_model] - CRITICAL: current best loglike on valid set is 2.0880 (updated at epoch-49)[0m
[38;20m2026-09-28 13:42:56,471 - tpp_runner.py[pid:3180;line:104:_train_model] - INFO: [ Epoch 56 (train) ]: train loglike is 2.7099836404887663, num_events is 248539, mark_ll is -1.3356637399902531, time_ll is 4.045647356903745[0m
[38;20m2026-09-28 13:42:56,554 - tpp_runner.py[pid:3180;line:116:_train_model] - INFO: [ Epoch 56 (valid) ]:  valid loglike is 1.9288316014491815, num_events is 48260, mark_ll is -1.4010598313497202, time_ll is 3.3298912709153545[0m
[38;20m2026-09-28 13:42:56,731 - tpp_runner.py[pid:3180;line:136:_train_model] - INFO: [ Epoch 56 (test) ]: test loglike is 2.560564425629325, num_events is 104775, mark_ll is -1.3700237115246958, time_ll is 3.930588258321403[0m
[31;1m2026-09-28 13:42:56,731 - tpp_runner.py[pid:3180;line:140:_train_model] - CRITICAL: current best loglike on valid set is 2.0880 (updated at epoch-49)[0m
[38;20m2026-09-28 13:42:57,492 - tpp_runner.py[pid:3180;line:104:_train_model] - INFO: [ Epoch 57 (train) ]: train loglike is 2.8164701940012433, num_events is 248539, mark_ll is -1.3370722368710242, time_ll is 4.153542513385726[0m
[38;20m2026-09-28 13:42:57,574 - tpp_runner.py[pid:3180;line:116:_train_model] - INFO: [ Epoch 57 (valid) ]:  valid loglike is 1.9855808401917996, num_events is 48260, mark_ll is -1.3918376898894012, time_ll is 3.3774184187862617[0m
[38;20m2026-09-28 13:42:57,758 - tpp_runner.py[pid:3180;line:136:_train_model] - INFO: [ Epoch 57 (test) ]: test loglike is 2.6900991522011455, num_events is 104775, mark_ll is -1.3723382881472201, time_ll is 4.062437384424959[0m
[31;1m2026-09-28 13:42:57,758 - tpp_runner.py[pid:3180;line:140:_train_model] - CRITICAL: current best loglike on valid set is 2.0880 (updated at epoch-49)[0m
[38;20m2026-09-28 13:42:58,520 - tpp_runner.py[pid:3180;line:104:_train_model] - INFO: [ Epoch 58 (train) ]: train loglike is 2.8522082778319, num_events is 248539, mark_ll is -1.3271466909651253, time_ll is 4.179354923611083[0m
[38;20m2026-09-28 13:42:58,600 - tpp_runner.py[pid:3180;line:116:_train_model] - INFO: [ Epoch 58 (valid) ]:  valid loglike is 2.2347583807112517, num_events is 48260, mark_ll is -1.3893330681141214, time_ll is 3.6240915095317034[0m
[38;20m2026-09-28 13:42:58,774 - tpp_runner.py[pid:3180;line:136:_train_model] - INFO: [ Epoch 58 (test) ]: test loglike is 2.7523887869840133, num_events is 104775, mark_ll is -1.351672808920902, time_ll is 4.104061605225483[0m
[31;1m2026-09-28 13:42:58,774 - tpp_runner.py[pid:3180;line:140:_train_model] - CRITICAL: current best loglike on valid set is 2.2348 (updated at epoch-58), best updated at this epoch[0m
[38;20m2026-09-28 13:42:59,524 - tpp_runner.py[pid:3180;line:104:_train_model] - INFO: [ Epoch 59 (train) ]: train loglike is 2.779172876917707, num_events is 248539, mark_ll is -1.3257880381071985, time_ll is 4.104960891449632[0m
[38;20m2026-09-28 13:42:59,620 - tpp_runner.py[pid:3180;line:116:_train_model] - INFO: [ Epoch 59 (valid) ]:  valid loglike is 2.1200742478890384, num_events is 48260, mark_ll is -1.4084501795288542, time_ll is 3.5285243667115624[0m
[38;20m2026-09-28 13:42:59,791 - tpp_runner.py[pid:3180;line:136:_train_model] - INFO: [ Epoch 59 (test) ]: test loglike is 2.680622427523264, num_events is 104775, mark_ll is -1.3779632695060844, time_ll is 4.0585857156704845[0m
[31;1m2026-09-28 13:42:59,791 - tpp_runner.py[pid:3180;line:140:_train_model] - CRITICAL: current best loglike on valid set is 2.2348 (updated at epoch-58)[0m
[38;20m2026-09-28 13:43:00,574 - tpp_runner.py[pid:3180;line:104:_train_model] - INFO: [ Epoch 60 (train) ]: train loglike is 2.812591287389756, num_events is 248539, mark_ll is -1.3339665108362018, time_ll is 4.146557749110803[0m
[38;20m2026-09-28 13:43:00,710 - tpp_runner.py[pid:3180;line:116:_train_model] - INFO: [ Epoch 60 (valid) ]:  valid loglike is 1.9234505720964568, num_events is 48260, mark_ll is -1.3924186697057606, time_ll is 3.3158692013313305[0m
[38;20m2026-09-28 13:43:00,877 - tpp_runner.py[pid:3180;line:136:_train_model] - INFO: [ Epoch 60 (test) ]: test loglike is 2.510522949102243, num_events is 104775, mark_ll is -1.3679343664250776, time_ll is 3.8784572968861846[0m
[31;1m2026-09-28 13:43:00,877 - tpp_runner.py[pid:3180;line:140:_train_model] - CRITICAL: current best loglike on valid set is 2.2348 (updated at epoch-58)[0m
[38;20m2026-09-28 13:43:01,663 - tpp_runner.py[pid:3180;line:104:_train_model] - INFO: [ Epoch 61 (train) ]: train loglike is 2.8258350000528085, num_events is 248539, mark_ll is -1.3163122593121703, time_ll is 4.142147302586315[0m
[38;20m2026-09-28 13:43:01,744 - tpp_runner.py[pid:3180;line:116:_train_model] - INFO: [ Epoch 61 (valid) ]:  valid loglike is 1.920257156062215, num_events is 48260, mark_ll is -1.376006025305636, time_ll is 3.296263120661521[0m
[38;20m2026-09-28 13:43:01,914 - tpp_runner.py[pid:3180;line:136:_train_model] - INFO: [ Epoch 61 (test) ]: test loglike is 2.522374246898115, num_events is 104775, mark_ll is -1.3429909795544024, time_ll is 3.865365310337628[0m
[31;1m2026-09-28 13:43:01,914 - tpp_runner.py[pid:3180;line:140:_train_model] - CRITICAL: current best loglike on valid set is 2.2348 (updated at epoch-58)[0m
[38;20m2026-09-28 13:43:02,724 - tpp_runner.py[pid:3180;line:104:_train_model] - INFO: [ Epoch 62 (train) ]: train loglike is 2.8700476600880545, num_events is 248539, mark_ll is -1.311861000059347, time_ll is 4.181908620855278[0m
[38;20m2026-09-28 13:43:02,807 - tpp_runner.py[pid:3180;line:116:_train_model] - INFO: [ Epoch 62 (valid) ]:  valid loglike is 2.0717743084334854, num_events is 48260, mark_ll is -1.3728654844850807, time_ll is 3.4446398738603397[0m
[38;20m2026-09-28 13:43:02,974 - tpp_runner.py[pid:3180;line:136:_train_model] - INFO: [ Epoch 62 (test) ]: test loglike is 2.693307207781556, num_events is 104775, mark_ll is -1.346594749164877, time_ll is 4.039901966267001[0m
[31;1m2026-09-28 13:43:02,974 - tpp_runner.py[pid:3180;line:140:_train_model] - CRITICAL: current best loglike on valid set is 2.2348 (updated at epoch-58)[0m
[38;20m2026-09-28 13:43:03,759 - tpp_runner.py[pid:3180;line:104:_train_model] - INFO: [ Epoch 63 (train) ]: train loglike is 2.899940592667298, num_events is 248539, mark_ll is -1.3112738283937582, time_ll is 4.211214391591963[0m
[38;20m2026-09-28 13:43:03,824 - tpp_runner.py[pid:3180;line:116:_train_model] - INFO: [ Epoch 63 (valid) ]:  valid loglike is 2.1476120962624328, num_events is 48260, mark_ll is -1.3708757535679135, time_ll is 3.518487789124016[0m
[38;20m2026-09-28 13:43:04,012 - tpp_runner.py[pid:3180;line:136:_train_model] - INFO: [ Epoch 63 (test) ]: test loglike is 2.7660735802911, num_events is 104775, mark_ll is -1.3445204940646625, time_ll is 4.1105940557146265[0m
[31;1m2026-09-28 13:43:04,013 - tpp_runner.py[pid:3180;line:140:_train_model] - CRITICAL: current best loglike on valid set is 2.2348 (updated at epoch-58)[0m
[38;20m2026-09-28 13:43:04,807 - tpp_runner.py[pid:3180;line:104:_train_model] - INFO: [ Epoch 64 (train) ]: train loglike is 2.9150202651482764, num_events is 248539, mark_ll is -1.3122644221109414, time_ll is 4.227284728515947[0m
[38;20m2026-09-28 13:43:04,891 - tpp_runner.py[pid:3180;line:116:_train_model] - INFO: [ Epoch 64 (valid) ]:  valid loglike is 1.9259668292517096, num_events is 48260, mark_ll is -1.3792057547982284, time_ll is 3.305172543579051[0m
[38;20m2026-09-28 13:43:05,091 - tpp_runner.py[pid:3180;line:136:_train_model] - INFO: [ Epoch 64 (test) ]: test loglike is 2.5790218996062992, num_events is 104775, mark_ll is -1.3531519364411835, time_ll is 3.9321738174063467[0m
[31;1m2026-09-28 13:43:05,091 - tpp_runner.py[pid:3180;line:140:_train_model] - CRITICAL: current best loglike on valid set is 2.2348 (updated at epoch-58)[0m
[38;20m2026-09-28 13:43:06,019 - tpp_runner.py[pid:3180;line:104:_train_model] - INFO: [ Epoch 65 (train) ]: train loglike is 2.897758154907278, num_events is 248539, mark_ll is -1.2977538940694417, time_ll is 4.195512025401446[0m
[38;20m2026-09-28 13:43:06,105 - tpp_runner.py[pid:3180;line:116:_train_model] - INFO: [ Epoch 65 (valid) ]:  valid loglike is 2.147666893843245, num_events is 48260, mark_ll is -1.379388622500518, time_ll is 3.527055516343763[0m
[38;20m2026-09-28 13:43:06,286 - tpp_runner.py[pid:3180;line:136:_train_model] - INFO: [ Epoch 65 (test) ]: test loglike is 2.751221572267955, num_events is 104775, mark_ll is -1.3489494601527081, time_ll is 4.100171106985206[0m
[31;1m2026-09-28 13:43:06,286 - tpp_runner.py[pid:3180;line:140:_train_model] - CRITICAL: current best loglike on valid set is 2.2348 (updated at epoch-58)[0m
[38;20m2026-09-28 13:43:07,252 - tpp_runner.py[pid:3180;line:104:_train_model] - INFO: [ Epoch 66 (train) ]: train loglike is 2.929208918010604, num_events is 248539, mark_ll is -1.2929747322257523, time_ll is 4.222183573616716[0m
[38;20m2026-09-28 13:43:07,355 - tpp_runner.py[pid:3180;line:116:_train_model] - INFO: [ Epoch 66 (valid) ]:  valid loglike is 2.1154119005452237, num_events is 48260, mark_ll is -1.3673057154605264, time_ll is 3.4827176362411936[0m
[38;20m2026-09-28 13:43:07,555 - tpp_runner.py[pid:3180;line:136:_train_model] - INFO: [ Epoch 66 (test) ]: test loglike is 2.7294327315974707, num_events is 104775, mark_ll is -1.3357368374940348, time_ll is 4.065169522488667[0m
[31;1m2026-09-28 13:43:07,556 - tpp_runner.py[pid:3180;line:140:_train_model] - CRITICAL: current best loglike on valid set is 2.2348 (updated at epoch-58)[0m
[38;20m2026-09-28 13:43:08,390 - tpp_runner.py[pid:3180;line:104:_train_model] - INFO: [ Epoch 67 (train) ]: train loglike is 2.9549049135334395, num_events is 248539, mark_ll is -1.2981646716064934, time_ll is 4.2530696185382375[0m
[38;20m2026-09-28 13:43:08,481 - tpp_runner.py[pid:3180;line:116:_train_model] - INFO: [ Epoch 67 (valid) ]:  valid loglike is 2.1792948514556567, num_events is 48260, mark_ll is -1.3715732085966639, time_ll is 3.550868181464981[0m
[38;20m2026-09-28 13:43:08,673 - tpp_runner.py[pid:3180;line:136:_train_model] - INFO: [ Epoch 67 (test) ]: test loglike is 2.768667466371391, num_events is 104775, mark_ll is -1.3443135401753759, time_ll is 4.11298103450847[0m
[31;1m2026-09-28 13:43:08,673 - tpp_runner.py[pid:3180;line:140:_train_model] - CRITICAL: current best loglike on valid set is 2.2348 (updated at epoch-58)[0m
[38;20m2026-09-28 13:43:09,523 - tpp_runner.py[pid:3180;line:104:_train_model] - INFO: [ Epoch 68 (train) ]: train loglike is 2.890096025862641, num_events is 248539, mark_ll is -1.287753013375793, time_ll is 4.177849068707527[0m
[38;20m2026-09-28 13:43:09,619 - tpp_runner.py[pid:3180;line:116:_train_model] - INFO: [ Epoch 68 (valid) ]:  valid loglike is 2.2302878249002798, num_events is 48260, mark_ll is -1.36003382556724, time_ll is 3.5903215897611895[0m
[38;20m2026-09-28 13:43:09,843 - tpp_runner.py[pid:3180;line:136:_train_model] - INFO: [ Epoch 68 (test) ]: test loglike is 2.7402583008977572, num_events is 104775, mark_ll is -1.3357036749135052, time_ll is 4.075961957170127[0m
[31;1m2026-09-28 13:43:09,843 - tpp_runner.py[pid:3180;line:140:_train_model] - CRITICAL: current best loglike on valid set is 2.2348 (updated at epoch-58)[0m
[38;20m2026-09-28 13:43:10,635 - tpp_runner.py[pid:3180;line:104:_train_model] - INFO: [ Epoch 69 (train) ]: train loglike is 2.881264728259448, num_events is 248539, mark_ll is -1.300857853923328, time_ll is 4.182122613616475[0m
[38;20m2026-09-28 13:43:10,721 - tpp_runner.py[pid:3180;line:116:_train_model] - INFO: [ Epoch 69 (valid) ]:  valid loglike is 2.250921582800197, num_events is 48260, mark_ll is -1.3664779037051906, time_ll is 3.617399567447161[0m
[38;20m2026-09-28 13:43:10,907 - tpp_runner.py[pid:3180;line:136:_train_model] - INFO: [ Epoch 69 (test) ]: test loglike is 2.7406455891344548, num_events is 104775, mark_ll is -1.3386058946999522, time_ll is 4.079251446552136[0m
[31;1m2026-09-28 13:43:10,907 - tpp_runner.py[pid:3180;line:140:_train_model] - CRITICAL: current best loglike on valid set is 2.2509 (updated at epoch-69), best updated at this epoch[0m
[38;20m2026-09-28 13:43:11,718 - tpp_runner.py[pid:3180;line:104:_train_model] - INFO: [ Epoch 70 (train) ]: train loglike is 2.9323334079988452, num_events is 248539, mark_ll is -1.303389325578053, time_ll is 4.235722766975203[0m
[38;20m2026-09-28 13:43:11,800 - tpp_runner.py[pid:3180;line:116:_train_model] - INFO: [ Epoch 70 (valid) ]:  valid loglike is 2.2722999443120595, num_events is 48260, mark_ll is -1.3589479916727103, time_ll is 3.631247895513883[0m
[38;20m2026-09-28 13:43:11,971 - tpp_runner.py[pid:3180;line:136:_train_model] - INFO: [ Epoch 70 (test) ]: test loglike is 2.8288885409210214, num_events is 104775, mark_ll is -1.3344499746480554, time_ll is 4.163338496927941[0m
[31;1m2026-09-28 13:43:11,971 - tpp_runner.py[pid:3180;line:140:_train_model] - CRITICAL: current best loglike on valid set is 2.2723 (updated at epoch-70), best updated at this epoch[0m
[38;20m2026-09-28 13:43:12,767 - tpp_runner.py[pid:3180;line:104:_train_model] - INFO: [ Epoch 71 (train) ]: train loglike is 2.9629507890989943, num_events is 248539, mark_ll is -1.287518358851629, time_ll is 4.250469242251719[0m
[38;20m2026-09-28 13:43:12,846 - tpp_runner.py[pid:3180;line:116:_train_model] - INFO: [ Epoch 71 (valid) ]:  valid loglike is 2.279110324447006, num_events is 48260, mark_ll is -1.3594919203921467, time_ll is 3.638602426958143[0m
[38;20m2026-09-28 13:43:13,020 - tpp_runner.py[pid:3180;line:136:_train_model] - INFO: [ Epoch 71 (test) ]: test loglike is 2.8354565214149368, num_events is 104775, mark_ll is -1.3334765158971607, time_ll is 4.168933037312097[0m
[31;1m2026-09-28 13:43:13,020 - tpp_runner.py[pid:3180;line:140:_train_model] - CRITICAL: current best loglike on valid set is 2.2791 (updated at epoch-71), best updated at this epoch[0m
[38;20m2026-09-28 13:43:13,822 - tpp_runner.py[pid:3180;line:104:_train_model] - INFO: [ Epoch 72 (train) ]: train loglike is 2.940305811223289, num_events is 248539, mark_ll is -1.287722214245048, time_ll is 4.228028080477309[0m
[38;20m2026-09-28 13:43:13,900 - tpp_runner.py[pid:3180;line:116:_train_model] - INFO: [ Epoch 72 (valid) ]:  valid loglike is 2.3200677523116973, num_events is 48260, mark_ll is -1.3653110470951617, time_ll is 3.6853788398777456[0m
[38;20m2026-09-28 13:43:14,070 - tpp_runner.py[pid:3180;line:136:_train_model] - INFO: [ Epoch 72 (test) ]: test loglike is 2.7839977034120733, num_events is 104775, mark_ll is -1.3367705816780004, time_ll is 4.120768368975185[0m
[31;1m2026-09-28 13:43:14,070 - tpp_runner.py[pid:3180;line:140:_train_model] - CRITICAL: current best loglike on valid set is 2.3201 (updated at epoch-72), best updated at this epoch[0m
[38;20m2026-09-28 13:43:14,853 - tpp_runner.py[pid:3180;line:104:_train_model] - INFO: [ Epoch 73 (train) ]: train loglike is 2.979967225339886, num_events is 248539, mark_ll is -1.285194787714403, time_ll is 4.2651620366295635[0m
[38;20m2026-09-28 13:43:14,948 - tpp_runner.py[pid:3180;line:116:_train_model] - INFO: [ Epoch 73 (valid) ]:  valid loglike is 2.298926064546208, num_events is 48260, mark_ll is -1.3641467199155615, time_ll is 3.6630727035199957[0m
[38;20m2026-09-28 13:43:15,118 - tpp_runner.py[pid:3180;line:136:_train_model] - INFO: [ Epoch 73 (test) ]: test loglike is 2.7951023491559295, num_events is 104775, mark_ll is -1.3360902547870437, time_ll is 4.131192678507516[0m
[31;1m2026-09-28 13:43:15,118 - tpp_runner.py[pid:3180;line:140:_train_model] - CRITICAL: current best loglike on valid set is 2.3201 (updated at epoch-72)[0m
[38;20m2026-09-28 13:43:15,917 - tpp_runner.py[pid:3180;line:104:_train_model] - INFO: [ Epoch 74 (train) ]: train loglike is 2.9846487089299867, num_events is 248539, mark_ll is -1.2858879479176306, time_ll is 4.270536664706042[0m
[38;20m2026-09-28 13:43:16,015 - tpp_runner.py[pid:3180;line:116:_train_model] - INFO: [ Epoch 74 (valid) ]:  valid loglike is 2.321132440167841, num_events is 48260, mark_ll is -1.362298353806206, time_ll is 3.6834307332677168[0m
[38;20m2026-09-28 13:43:16,207 - tpp_runner.py[pid:3180;line:136:_train_model] - INFO: [ Epoch 74 (test) ]: test loglike is 2.797599254727392, num_events is 104775, mark_ll is -1.33657483111131, time_ll is 4.134174067197566[0m
[31;1m2026-09-28 13:43:16,207 - tpp_runner.py[pid:3180;line:140:_train_model] - CRITICAL: current best loglike on valid set is 2.3211 (updated at epoch-74), best updated at this epoch[0m
[38;20m2026-09-28 13:43:16,970 - tpp_runner.py[pid:3180;line:104:_train_model] - INFO: [ Epoch 75 (train) ]: train loglike is 2.97048229148016, num_events is 248539, mark_ll is -1.2852890023673347, time_ll is 4.255771242767735[0m
[38;20m2026-09-28 13:43:17,058 - tpp_runner.py[pid:3180;line:116:_train_model] - INFO: [ Epoch 75 (valid) ]:  valid loglike is 2.2978457346922916, num_events is 48260, mark_ll is -1.3604715789149917, time_ll is 3.65831729337184[0m
[38;20m2026-09-28 13:43:17,216 - tpp_runner.py[pid:3180;line:136:_train_model] - INFO: [ Epoch 75 (test) ]: test loglike is 2.7808083542114055, num_events is 104775, mark_ll is -1.336787013839179, time_ll is 4.11759525620377[0m
[31;1m2026-09-28 13:43:17,216 - tpp_runner.py[pid:3180;line:140:_train_model] - CRITICAL: current best loglike on valid set is 2.3211 (updated at epoch-74)[0m
[38;20m2026-09-28 13:43:18,004 - tpp_runner.py[pid:3180;line:104:_train_model] - INFO: [ Epoch 76 (train) ]: train loglike is 2.9771382710560514, num_events is 248539, mark_ll is -1.2800886780784404, time_ll is 4.257226913771581[0m
[38;20m2026-09-28 13:43:18,086 - tpp_runner.py[pid:3180;line:116:_train_model] - INFO: [ Epoch 76 (valid) ]:  valid loglike is 2.3028085986065063, num_events is 48260, mark_ll is -1.358915331667012, time_ll is 3.661723970744405[0m
[38;20m2026-09-28 13:43:18,278 - tpp_runner.py[pid:3180;line:136:_train_model] - INFO: [ Epoch 76 (test) ]: test loglike is 2.7230183354211404, num_events is 104775, mark_ll is -1.3359957255875685, time_ll is 4.0590141821760914[0m
[31;1m2026-09-28 13:43:18,278 - tpp_runner.py[pid:3180;line:140:_train_model] - CRITICAL: current best loglike on valid set is 2.3211 (updated at epoch-74)[0m
[38;20m2026-09-28 13:43:19,038 - tpp_runner.py[pid:3180;line:104:_train_model] - INFO: [ Epoch 77 (train) ]: train loglike is 2.975876247352025, num_events is 248539, mark_ll is -1.2869088967645672, time_ll is 4.262785051780103[0m
[38;20m2026-09-28 13:43:19,129 - tpp_runner.py[pid:3180;line:116:_train_model] - INFO: [ Epoch 77 (valid) ]:  valid loglike is 2.3094021762005283, num_events is 48260, mark_ll is -1.36559474801207, time_ll is 3.6749970051543723[0m
[38;20m2026-09-28 13:43:19,298 - tpp_runner.py[pid:3180;line:136:_train_model] - INFO: [ Epoch 77 (test) ]: test loglike is 2.809534306802618, num_events is 104774, mark_ll is -1.337981501404213, time_ll is 4.147515817527488[0m
[31;1m2026-09-28 13:43:19,298 - tpp_runner.py[pid:3180;line:140:_train_model] - CRITICAL: current best loglike on valid set is 2.3211 (updated at epoch-74)[0m
[38;20m2026-09-28 13:43:20,073 - tpp_runner.py[pid:3180;line:104:_train_model] - INFO: [ Epoch 78 (train) ]: train loglike is 2.9905361856564765, num_events is 248539, mark_ll is -1.290315973738025, time_ll is 4.2808521908282[0m
[38;20m2026-09-28 13:43:20,156 - tpp_runner.py[pid:3180;line:116:_train_model] - INFO: [ Epoch 78 (valid) ]:  valid loglike is 2.3422187637601017, num_events is 48260, mark_ll is -1.3623297592144115, time_ll is 3.704548522974513[0m
[38;20m2026-09-28 13:43:20,332 - tpp_runner.py[pid:3180;line:136:_train_model] - INFO: [ Epoch 78 (test) ]: test loglike is 2.7371661745406826, num_events is 104775, mark_ll is -1.3360799742006682, time_ll is 4.073246130100215[0m
[31;1m2026-09-28 13:43:20,332 - tpp_runner.py[pid:3180;line:140:_train_model] - CRITICAL: current best loglike on valid set is 2.3422 (updated at epoch-78), best updated at this epoch[0m
[38;20m2026-09-28 13:43:21,130 - tpp_runner.py[pid:3180;line:104:_train_model] - INFO: [ Epoch 79 (train) ]: train loglike is 3.003896898474686, num_events is 248539, mark_ll is -1.2859693317277419, time_ll is 4.289866181087274[0m
[38;20m2026-09-28 13:43:21,211 - tpp_runner.py[pid:3180;line:116:_train_model] - INFO: [ Epoch 79 (valid) ]:  valid loglike is 2.3191459873925093, num_events is 48260, mark_ll is -1.367534031968763, time_ll is 3.6866799788903855[0m
[38;20m2026-09-28 13:43:21,386 - tpp_runner.py[pid:3180;line:136:_train_model] - INFO: [ Epoch 79 (test) ]: test loglike is 2.794332255875686, num_events is 104775, mark_ll is -1.3364597966624912, time_ll is 4.130792061858745[0m
[31;1m2026-09-28 13:43:21,386 - tpp_runner.py[pid:3180;line:140:_train_model] - CRITICAL: current best loglike on valid set is 2.3422 (updated at epoch-78)[0m
[38;20m2026-09-28 13:43:22,149 - tpp_runner.py[pid:3180;line:104:_train_model] - INFO: [ Epoch 80 (train) ]: train loglike is 3.0173007854778326, num_events is 248539, mark_ll is -1.2855890036215394, time_ll is 4.30288974391343[0m
[38;20m2026-09-28 13:43:22,238 - tpp_runner.py[pid:3180;line:116:_train_model] - INFO: [ Epoch 80 (valid) ]:  valid loglike is 2.3199667369780874, num_events is 48260, mark_ll is -1.3581570084244199, time_ll is 3.6781237049316204[0m
[38;20m2026-09-28 13:43:22,397 - tpp_runner.py[pid:3180;line:136:_train_model] - INFO: [ Epoch 80 (test) ]: test loglike is 2.7927428287550704, num_events is 104775, mark_ll is -1.3342974249135051, time_ll is 4.127040272309712[0m
[31;1m2026-09-28 13:43:22,397 - tpp_runner.py[pid:3180;line:140:_train_model] - CRITICAL: current best loglike on valid set is 2.3422 (updated at epoch-78)[0m
[38;20m2026-09-28 13:43:23,198 - tpp_runner.py[pid:3180;line:104:_train_model] - INFO: [ Epoch 81 (train) ]: train loglike is 3.017054368856598, num_events is 248539, mark_ll is -1.2820916706765588, time_ll is 4.299146084719099[0m
[38;20m2026-09-28 13:43:23,283 - tpp_runner.py[pid:3180;line:116:_train_model] - INFO: [ Epoch 81 (valid) ]:  valid loglike is 2.3228299712818585, num_events is 48260, mark_ll is -1.3583600508638105, time_ll is 3.6811900221456693[0m
[38;20m2026-09-28 13:43:23,460 - tpp_runner.py[pid:3180;line:136:_train_model] - INFO: [ Epoch 81 (test) ]: test loglike is 2.8054470144356953, num_events is 104775, mark_ll is -1.3330258944016942, time_ll is 4.138472899516822[0m
[31;1m2026-09-28 13:43:23,460 - tpp_runner.py[pid:3180;line:140:_train_model] - CRITICAL: current best loglike on valid set is 2.3422 (updated at epoch-78)[0m
[38;20m2026-09-28 13:43:24,234 - tpp_runner.py[pid:3180;line:104:_train_model] - INFO: [ Epoch 82 (train) ]: train loglike is 3.0282487654729238, num_events is 248539, mark_ll is -1.2820793467021272, time_ll is 4.310328112175051[0m
[38;20m2026-09-28 13:43:24,314 - tpp_runner.py[pid:3180;line:116:_train_model] - INFO: [ Epoch 82 (valid) ]:  valid loglike is 2.3400183414059263, num_events is 48260, mark_ll is -1.3562996173072939, time_ll is 3.696318080125881[0m
[38;20m2026-09-28 13:43:24,487 - tpp_runner.py[pid:3180;line:136:_train_model] - INFO: [ Epoch 82 (test) ]: test loglike is 2.7951648622047243, num_events is 104775, mark_ll is -1.3325615716714387, time_ll is 4.127726489799571[0m
[31;1m2026-09-28 13:43:24,487 - tpp_runner.py[pid:3180;line:140:_train_model] - CRITICAL: current best loglike on valid set is 2.3422 (updated at epoch-78)[0m
[38;20m2026-09-28 13:43:25,291 - tpp_runner.py[pid:3180;line:104:_train_model] - INFO: [ Epoch 83 (train) ]: train loglike is 3.0413745388990763, num_events is 248539, mark_ll is -1.2806953052388157, time_ll is 4.322069918792926[0m
[38;20m2026-09-28 13:43:25,372 - tpp_runner.py[pid:3180;line:116:_train_model] - INFO: [ Epoch 83 (valid) ]:  valid loglike is 2.337615989561749, num_events is 48260, mark_ll is -1.3567221536015852, time_ll is 3.6943380824570036[0m
[38;20m2026-09-28 13:43:25,549 - tpp_runner.py[pid:3180;line:136:_train_model] - INFO: [ Epoch 83 (test) ]: test loglike is 2.837129619273443, num_events is 104775, mark_ll is -1.332146424257337, time_ll is 4.169275959645669[0m
[31;1m2026-09-28 13:43:25,549 - tpp_runner.py[pid:3180;line:140:_train_model] - CRITICAL: current best loglike on valid set is 2.3422 (updated at epoch-78)[0m
[38;20m2026-09-28 13:43:26,320 - tpp_runner.py[pid:3180;line:104:_train_model] - INFO: [ Epoch 84 (train) ]: train loglike is 3.0468209890474935, num_events is 248539, mark_ll is -1.2819478516827338, time_ll is 4.328768832871803[0m
[38;20m2026-09-28 13:43:26,410 - tpp_runner.py[pid:3180;line:116:_train_model] - INFO: [ Epoch 84 (valid) ]:  valid loglike is 2.3345060852025488, num_events is 48260, mark_ll is -1.3547938574906755, time_ll is 3.6892999022223374[0m
[38;20m2026-09-28 13:43:26,581 - tpp_runner.py[pid:3180;line:136:_train_model] - INFO: [ Epoch 84 (test) ]: test loglike is 2.8541655854807924, num_events is 104775, mark_ll is -1.3317686523204486, time_ll is 4.185934293724648[0m
[31;1m2026-09-28 13:43:26,581 - tpp_runner.py[pid:3180;line:140:_train_model] - CRITICAL: current best loglike on valid set is 2.3422 (updated at epoch-78)[0m
[38;20m2026-09-28 13:43:27,379 - tpp_runner.py[pid:3180;line:104:_train_model] - INFO: [ Epoch 85 (train) ]: train loglike is 3.040465028407262, num_events is 248539, mark_ll is -1.2789362558227784, time_ll is 4.319401276371615[0m
[38;20m2026-09-28 13:43:27,459 - tpp_runner.py[pid:3180;line:116:_train_model] - INFO: [ Epoch 85 (valid) ]:  valid loglike is 2.3297021706964878, num_events is 48260, mark_ll is -1.3533503621334957, time_ll is 3.6830524923590966[0m
[38;20m2026-09-28 13:43:27,630 - tpp_runner.py[pid:3180;line:136:_train_model] - INFO: [ Epoch 85 (test) ]: test loglike is 2.864544466565259, num_events is 104775, mark_ll is -1.3296818424152947, time_ll is 4.194226318301121[0m
[31;1m2026-09-28 13:43:27,630 - tpp_runner.py[pid:3180;line:140:_train_model] - CRITICAL: current best loglike on valid set is 2.3422 (updated at epoch-78)[0m
[38;20m2026-09-28 13:43:28,414 - tpp_runner.py[pid:3180;line:104:_train_model] - INFO: [ Epoch 86 (train) ]: train loglike is 3.0561674299606905, num_events is 248539, mark_ll is -1.2788807556988038, time_ll is 4.33504816208422[0m
[38;20m2026-09-28 13:43:28,485 - tpp_runner.py[pid:3180;line:116:_train_model] - INFO: [ Epoch 86 (valid) ]:  valid loglike is 2.3377614419291337, num_events is 48260, mark_ll is -1.3541081592545587, time_ll is 3.691869439300145[0m
[38;20m2026-09-28 13:43:28,666 - tpp_runner.py[pid:3180;line:136:_train_model] - INFO: [ Epoch 86 (test) ]: test loglike is 2.8459991089537104, num_events is 104775, mark_ll is -1.3308920063081604, time_ll is 4.176891124582439[0m
[31;1m2026-09-28 13:43:28,666 - tpp_runner.py[pid:3180;line:140:_train_model] - CRITICAL: current best loglike on valid set is 2.3422 (updated at epoch-78)[0m
[38;20m2026-09-28 13:43:29,446 - tpp_runner.py[pid:3180;line:104:_train_model] - INFO: [ Epoch 87 (train) ]: train loglike is 3.0433116130667623, num_events is 248539, mark_ll is -1.277605555381273, time_ll is 4.320917190058703[0m
[38;20m2026-09-28 13:43:29,524 - tpp_runner.py[pid:3180;line:116:_train_model] - INFO: [ Epoch 87 (valid) ]:  valid loglike is 2.327941322879973, num_events is 48260, mark_ll is -1.3545141429561232, time_ll is 3.6824555872487568[0m
[38;20m2026-09-28 13:43:29,701 - tpp_runner.py[pid:3180;line:136:_train_model] - INFO: [ Epoch 87 (test) ]: test loglike is 2.855543687365784, num_events is 104775, mark_ll is -1.3324815452755905, time_ll is 4.188025158076831[0m
[31;1m2026-09-28 13:43:29,701 - tpp_runner.py[pid:3180;line:140:_train_model] - CRITICAL: current best loglike on valid set is 2.3422 (updated at epoch-78)[0m
[38;20m2026-09-28 13:43:30,454 - tpp_runner.py[pid:3180;line:104:_train_model] - INFO: [ Epoch 88 (train) ]: train loglike is 3.058168617085749, num_events is 248539, mark_ll is -1.2781776408361716, time_ll is 4.336346255957315[0m
[38;20m2026-09-28 13:43:30,536 - tpp_runner.py[pid:3180;line:116:_train_model] - INFO: [ Epoch 88 (valid) ]:  valid loglike is 2.350617322672762, num_events is 48260, mark_ll is -1.3533544901639556, time_ll is 3.703971731894944[0m
[38;20m2026-09-28 13:43:30,723 - tpp_runner.py[pid:3180;line:136:_train_model] - INFO: [ Epoch 88 (test) ]: test loglike is 2.854475074937366, num_events is 104775, mark_ll is -1.3301441146206157, time_ll is 4.184619273443093[0m
[31;1m2026-09-28 13:43:30,723 - tpp_runner.py[pid:3180;line:140:_train_model] - CRITICAL: current best loglike on valid set is 2.3506 (updated at epoch-88), best updated at this epoch[0m
[38;20m2026-09-28 13:43:31,513 - tpp_runner.py[pid:3180;line:104:_train_model] - INFO: [ Epoch 89 (train) ]: train loglike is 3.047056120970954, num_events is 248539, mark_ll is -1.2768548106069368, time_ll is 4.323910966940802[0m
[38;20m2026-09-28 13:43:31,602 - tpp_runner.py[pid:3180;line:116:_train_model] - INFO: [ Epoch 89 (valid) ]:  valid loglike is 2.3451902779216742, num_events is 48260, mark_ll is -1.3532630057242023, time_ll is 3.6984532431749897[0m
[38;20m2026-09-28 13:43:31,787 - tpp_runner.py[pid:3180;line:136:_train_model] - INFO: [ Epoch 89 (test) ]: test loglike is 2.8263203330052495, num_events is 104775, mark_ll is -1.33070264033047, time_ll is 4.157022991976855[0m
[31;1m2026-09-28 13:43:31,787 - tpp_runner.py[pid:3180;line:140:_train_model] - CRITICAL: current best loglike on valid set is 2.3506 (updated at epoch-88)[0m
[38;20m2026-09-28 13:43:32,575 - tpp_runner.py[pid:3180;line:104:_train_model] - INFO: [ Epoch 90 (train) ]: train loglike is 3.0493626314683007, num_events is 248539, mark_ll is -1.2765461709794539, time_ll is 4.325908798518542[0m
[38;20m2026-09-28 13:43:32,651 - tpp_runner.py[pid:3180;line:116:_train_model] - INFO: [ Epoch 90 (valid) ]:  valid loglike is 2.342446007789836, num_events is 48260, mark_ll is -1.3539034777442498, time_ll is 3.6963494450631993[0m
[38;20m2026-09-28 13:43:32,831 - tpp_runner.py[pid:3180;line:136:_train_model] - INFO: [ Epoch 90 (test) ]: test loglike is 2.8521861205559533, num_events is 104775, mark_ll is -1.332091843011811, time_ll is 4.18427802881174[0m
[31;1m2026-09-28 13:43:32,831 - tpp_runner.py[pid:3180;line:140:_train_model] - CRITICAL: current best loglike on valid set is 2.3506 (updated at epoch-88)[0m
[38;20m2026-09-28 13:43:33,614 - tpp_runner.py[pid:3180;line:104:_train_model] - INFO: [ Epoch 91 (train) ]: train loglike is 3.0488575665878894, num_events is 248539, mark_ll is -1.277267776715249, time_ll is 4.3261253609845935[0m
[38;20m2026-09-28 13:43:33,698 - tpp_runner.py[pid:3180;line:116:_train_model] - INFO: [ Epoch 91 (valid) ]:  valid loglike is 2.3480679198611685, num_events is 48260, mark_ll is -1.3528627284176855, time_ll is 3.7009306280434107[0m
[38;20m2026-09-28 13:43:33,888 - tpp_runner.py[pid:3180;line:136:_train_model] - INFO: [ Epoch 91 (test) ]: test loglike is 2.883284782495228, num_events is 104775, mark_ll is -1.3311730307504175, time_ll is 4.214457692078263[0m
[31;1m2026-09-28 13:43:33,888 - tpp_runner.py[pid:3180;line:140:_train_model] - CRITICAL: current best loglike on valid set is 2.3506 (updated at epoch-88)[0m
[38;20m2026-09-28 13:43:34,670 - tpp_runner.py[pid:3180;line:104:_train_model] - INFO: [ Epoch 92 (train) ]: train loglike is 3.0670265468900255, num_events is 248539, mark_ll is -1.2771814538852555, time_ll is 4.344208059713465[0m
[38;20m2026-09-28 13:43:34,754 - tpp_runner.py[pid:3180;line:116:_train_model] - INFO: [ Epoch 92 (valid) ]:  valid loglike is 2.3524157274722857, num_events is 48260, mark_ll is -1.351335761856351, time_ll is 3.7037515702704105[0m
[38;20m2026-09-28 13:43:34,922 - tpp_runner.py[pid:3180;line:136:_train_model] - INFO: [ Epoch 92 (test) ]: test loglike is 2.8816400098425197, num_events is 104775, mark_ll is -1.3295720274844907, time_ll is 4.2112119348007635[0m
[31;1m2026-09-28 13:43:34,922 - tpp_runner.py[pid:3180;line:140:_train_model] - CRITICAL: current best loglike on valid set is 2.3524 (updated at epoch-92), best updated at this epoch[0m
[38;20m2026-09-28 13:43:35,703 - tpp_runner.py[pid:3180;line:104:_train_model] - INFO: [ Epoch 93 (train) ]: train loglike is 3.0719146088176803, num_events is 248539, mark_ll is -1.2765005999750039, time_ll is 4.348415263801657[0m
[38;20m2026-09-28 13:43:35,794 - tpp_runner.py[pid:3180;line:116:_train_model] - INFO: [ Epoch 93 (valid) ]:  valid loglike is 2.3475519565245544, num_events is 48260, mark_ll is -1.3521389875479175, time_ll is 3.6996910452496894[0m
[38;20m2026-09-28 13:43:35,973 - tpp_runner.py[pid:3180;line:136:_train_model] - INFO: [ Epoch 93 (test) ]: test loglike is 2.8948983685277976, num_events is 104775, mark_ll is -1.3289679987622285, time_ll is 4.223866320687187[0m
[31;1m2026-09-28 13:43:35,973 - tpp_runner.py[pid:3180;line:140:_train_model] - CRITICAL: current best loglike on valid set is 2.3524 (updated at epoch-92)[0m
[38;20m2026-09-28 13:43:36,752 - tpp_runner.py[pid:3180;line:104:_train_model] - INFO: [ Epoch 94 (train) ]: train loglike is 3.0801918835549955, num_events is 248539, mark_ll is -1.2759123752805144, time_ll is 4.356104252941691[0m
[38;20m2026-09-28 13:43:36,831 - tpp_runner.py[pid:3180;line:116:_train_model] - INFO: [ Epoch 94 (valid) ]:  valid loglike is 2.350858124449596, num_events is 48260, mark_ll is -1.351473281929911, time_ll is 3.70233136590862[0m
[38;20m2026-09-28 13:43:37,008 - tpp_runner.py[pid:3180;line:136:_train_model] - INFO: [ Epoch 94 (test) ]: test loglike is 2.903883750149129, num_events is 104775, mark_ll is -1.3288589854002624, time_ll is 4.232742856716774[0m
[31;1m2026-09-28 13:43:37,008 - tpp_runner.py[pid:3180;line:140:_train_model] - CRITICAL: current best loglike on valid set is 2.3524 (updated at epoch-92)[0m
[38;20m2026-09-28 13:43:37,769 - tpp_runner.py[pid:3180;line:104:_train_model] - INFO: [ Epoch 95 (train) ]: train loglike is 3.080921003909346, num_events is 248539, mark_ll is -1.2759506163393874, time_ll is 4.35687169883298[0m
[38;20m2026-09-28 13:43:37,848 - tpp_runner.py[pid:3180;line:116:_train_model] - INFO: [ Epoch 95 (valid) ]:  valid loglike is 2.3396860754247824, num_events is 48260, mark_ll is -1.3510002784397017, time_ll is 3.6906862324518235[0m
[38;20m2026-09-28 13:43:38,021 - tpp_runner.py[pid:3180;line:136:_train_model] - INFO: [ Epoch 95 (test) ]: test loglike is 2.909954627475543, num_events is 104775, mark_ll is -1.328467596113696, time_ll is 4.238422158345264[0m
[31;1m2026-09-28 13:43:38,021 - tpp_runner.py[pid:3180;line:140:_train_model] - CRITICAL: current best loglike on valid set is 2.3524 (updated at epoch-92)[0m
[38;20m2026-09-28 13:43:38,820 - tpp_runner.py[pid:3180;line:104:_train_model] - INFO: [ Epoch 96 (train) ]: train loglike is 3.083580475549109, num_events is 248539, mark_ll is -1.275718093412905, time_ll is 4.35929854538674[0m
[38;20m2026-09-28 13:43:38,896 - tpp_runner.py[pid:3180;line:116:_train_model] - INFO: [ Epoch 96 (valid) ]:  valid loglike is 2.346909238370286, num_events is 48260, mark_ll is -1.3505256358785744, time_ll is 3.697434955190634[0m
[38;20m2026-09-28 13:43:39,074 - tpp_runner.py[pid:3180;line:136:_train_model] - INFO: [ Epoch 96 (test) ]: test loglike is 2.8944328341237173, num_events is 104775, mark_ll is -1.3285490485564304, time_ll is 4.222981817436173[0m
[31;1m2026-09-28 13:43:39,074 - tpp_runner.py[pid:3180;line:140:_train_model] - CRITICAL: current best loglike on valid set is 2.3524 (updated at epoch-92)[0m
[38;20m2026-09-28 13:43:39,852 - tpp_runner.py[pid:3180;line:104:_train_model] - INFO: [ Epoch 97 (train) ]: train loglike is 3.0743850656989444, num_events is 248539, mark_ll is -1.2757692851555742, time_ll is 4.350154341031488[0m
[38;20m2026-09-28 13:43:39,936 - tpp_runner.py[pid:3180;line:116:_train_model] - INFO: [ Epoch 97 (valid) ]:  valid loglike is 2.3458526851624018, num_events is 48260, mark_ll is -1.3507661543592002, time_ll is 3.696618900227932[0m
[38;20m2026-09-28 13:43:40,106 - tpp_runner.py[pid:3180;line:136:_train_model] - INFO: [ Epoch 97 (test) ]: test loglike is 2.9078262385170603, num_events is 104775, mark_ll is -1.3282759372763064, time_ll is 4.236102175793366[0m
[31;1m2026-09-28 13:43:40,106 - tpp_runner.py[pid:3180;line:140:_train_model] - CRITICAL: current best loglike on valid set is 2.3524 (updated at epoch-92)[0m
[38;20m2026-09-28 13:43:40,883 - tpp_runner.py[pid:3180;line:104:_train_model] - INFO: [ Epoch 98 (train) ]: train loglike is 3.0853137178986496, num_events is 248539, mark_ll is -1.2755785906588102, time_ll is 4.360892288911399[0m
[38;20m2026-09-28 13:43:40,970 - tpp_runner.py[pid:3180;line:116:_train_model] - INFO: [ Epoch 98 (valid) ]:  valid loglike is 2.3345990873005595, num_events is 48260, mark_ll is -1.3507507349513055, time_ll is 3.6853499436645256[0m
[38;20m2026-09-28 13:43:41,136 - tpp_runner.py[pid:3180;line:136:_train_model] - INFO: [ Epoch 98 (test) ]: test loglike is 2.9104929555147936, num_events is 104775, mark_ll is -1.3282483111130996, time_ll is 4.238741331871868[0m
[31;1m2026-09-28 13:43:41,136 - tpp_runner.py[pid:3180;line:140:_train_model] - CRITICAL: current best loglike on valid set is 2.3524 (updated at epoch-92)[0m
[38;20m2026-09-28 13:43:41,944 - tpp_runner.py[pid:3180;line:104:_train_model] - INFO: [ Epoch 99 (train) ]: train loglike is 3.0885939736507653, num_events is 248539, mark_ll is -1.2755740583124027, time_ll is 4.364168041786199[0m
[38;20m2026-09-28 13:43:42,008 - tpp_runner.py[pid:3180;line:116:_train_model] - INFO: [ Epoch 99 (valid) ]:  valid loglike is 2.342165969488189, num_events is 48260, mark_ll is -1.3507450083208143, time_ll is 3.69291095757356[0m
[38;20m2026-09-28 13:43:42,198 - tpp_runner.py[pid:3180;line:136:_train_model] - INFO: [ Epoch 99 (test) ]: test loglike is 2.8963887832557864, num_events is 104775, mark_ll is -1.3282381330529707, time_ll is 4.224627009514435[0m
[31;1m2026-09-28 13:43:42,198 - tpp_runner.py[pid:3180;line:140:_train_model] - CRITICAL: current best loglike on valid set is 2.3524 (updated at epoch-92)[0m
[38;20m2026-09-28 13:43:42,198 - base_runner.py[pid:3180;line:118:train] - INFO: End RMTPP train! Cost time: 1.746m[0m
RESULT {"model": "RMTPP", "dataset": "lob_intc", "seed": 2019, "ll_per_event": 2.8816400098425197, "mark_ll": -1.3295720274844907, "time_ll": 4.2112119348007635, "val_ll": 2.3524157274722857, "best_epoch": 92, "n_params": 34962, "seconds": 105.68594169616699, "max_epoch": 100, "batch_size": 64}
