
=== Mon Sep 28 09:30:31 2026 attempt 1: D:\Quant\.venv\Scripts\python.exe -u -m infodiff.baselines.easytpp_runner S2P2 lob_goog 6 2019 100 32
[31;1m2026-09-28 09:30:32,931 - config.py[pid:28788;line:33:build_from_yaml_file] - CRITICAL: Load pipeline config class RunnerConfig[0m
[31;1m2026-09-28 09:30:32,931 - runner_config.py[pid:28788;line:205:update_config] - CRITICAL: train model S2P2 using GPU with torch backend[0m
[38;20m2026-09-28 09:30:32,931 - runner_config.py[pid:28788;line:45:__init__] - INFO: Save the config to D:\Quant\results\easytpp\checkpoints/lob_goog/S2P2/train_2026_09_28_09_30_32\S2P2_train_output.yaml[0m
[38;20m2026-09-28 09:30:32,931 - base_runner.py[pid:28788;line:193:save_log] - INFO: Save the log to D:\Quant\results\easytpp\checkpoints/lob_goog/S2P2/train_2026_09_28_09_30_32\log[0m
Generating train split: 0 examples [00:00, ? examples/s]Generating train split: 220 examples [00:00, 16344.24 examples/s]
0.4950103427465081 1.5277294467620006
min_dt: 7.275957614183426e-12
max_dt: 36.42092722700181
[38;20m2026-09-28 09:30:36,809 - tpp_runner.py[pid:28788;line:62:_init_model] - INFO: Num of model parameters 34060[0m
Generating validation split: 0 examples [00:00, ? examples/s]Generating validation split: 62 examples [00:00, ? examples/s]
Generating test split: 0 examples [00:00, ? examples/s]Generating test split: 103 examples [00:00, 6386.86 examples/s]
[38;20m2026-09-28 09:30:37,571 - base_runner.py[pid:28788;line:103:train] - INFO: Data 'lob_goog' loaded...[0m
[38;20m2026-09-28 09:30:37,571 - base_runner.py[pid:28788;line:108:train] - INFO: Start S2P2 training...[0m
[38;20m2026-09-28 09:30:40,201 - tpp_runner.py[pid:28788;line:104:_train_model] - INFO: [ Epoch 0 (train) ]: train loglike is -2.2511197788508857, num_events is 27940, mark_ll is -1.7811869463582677, time_ll is -0.46993282812360193[0m
[38;20m2026-09-28 09:30:40,297 - tpp_runner.py[pid:28788;line:116:_train_model] - INFO: [ Epoch 0 (valid) ]:  valid loglike is -1.5732772241911672, num_events is 7874, mark_ll is -1.519863013358839, time_ll is -0.05341420695658774[0m
[38;20m2026-09-28 09:30:40,459 - tpp_runner.py[pid:28788;line:136:_train_model] - INFO: [ Epoch 0 (test) ]: test loglike is -1.086156752503034, num_events is 13081, mark_ll is -1.5820360839134526, time_ll is 0.49587931799584234[0m
[31;1m2026-09-28 09:30:40,459 - tpp_runner.py[pid:28788;line:140:_train_model] - CRITICAL: current best loglike on valid set is -1.5733 (updated at epoch-0), best updated at this epoch[0m
[38;20m2026-09-28 09:30:42,589 - tpp_runner.py[pid:28788;line:104:_train_model] - INFO: [ Epoch 1 (train) ]: train loglike is -0.9851320106981478, num_events is 27940, mark_ll is -1.547798819736489, time_ll is 0.562666806853833[0m
[38;20m2026-09-28 09:30:42,673 - tpp_runner.py[pid:28788;line:116:_train_model] - INFO: [ Epoch 1 (valid) ]:  valid loglike is -1.0214277581875477, num_events is 7874, mark_ll is -1.614413958320104, time_ll is 0.5929861071147924[0m
[38;20m2026-09-28 09:30:42,837 - tpp_runner.py[pid:28788;line:136:_train_model] - INFO: [ Epoch 1 (test) ]: test loglike is -0.7635163638981992, num_events is 13081, mark_ll is -1.6662899262587436, time_ll is 0.9027735203670878[0m
[31;1m2026-09-28 09:30:42,837 - tpp_runner.py[pid:28788;line:140:_train_model] - CRITICAL: current best loglike on valid set is -1.0214 (updated at epoch-1), best updated at this epoch[0m
[38;20m2026-09-28 09:30:45,042 - tpp_runner.py[pid:28788;line:104:_train_model] - INFO: [ Epoch 2 (train) ]: train loglike is -0.6725149156028404, num_events is 27940, mark_ll is -1.6037749698013601, time_ll is 0.9312600487372494[0m
[38;20m2026-09-28 09:30:45,130 - tpp_runner.py[pid:28788;line:116:_train_model] - INFO: [ Epoch 2 (valid) ]:  valid loglike is -0.7917800139799498, num_events is 7874, mark_ll is -1.6444092106934214, time_ll is 0.8526292897312358[0m
[38;20m2026-09-28 09:30:45,288 - tpp_runner.py[pid:28788;line:136:_train_model] - INFO: [ Epoch 2 (test) ]: test loglike is -0.5454043214924975, num_events is 13081, mark_ll is -1.7007946991043785, time_ll is 1.155390365947032[0m
[31;1m2026-09-28 09:30:45,288 - tpp_runner.py[pid:28788;line:140:_train_model] - CRITICAL: current best loglike on valid set is -0.7918 (updated at epoch-2), best updated at this epoch[0m
[38;20m2026-09-28 09:30:47,421 - tpp_runner.py[pid:28788;line:104:_train_model] - INFO: [ Epoch 3 (train) ]: train loglike is -0.4804477961983268, num_events is 27940, mark_ll is -1.606482134568495, time_ll is 1.1260342990490224[0m
[38;20m2026-09-28 09:30:47,516 - tpp_runner.py[pid:28788;line:116:_train_model] - INFO: [ Epoch 3 (valid) ]:  valid loglike is -0.7010514480013335, num_events is 7874, mark_ll is -1.6418639346067754, time_ll is 0.9408124866054419[0m
[38;20m2026-09-28 09:30:47,666 - tpp_runner.py[pid:28788;line:136:_train_model] - INFO: [ Epoch 3 (test) ]: test loglike is -0.45249903620351084, num_events is 13081, mark_ll is -1.692318618502623, time_ll is 1.2398195822991123[0m
[31;1m2026-09-28 09:30:47,666 - tpp_runner.py[pid:28788;line:140:_train_model] - CRITICAL: current best loglike on valid set is -0.7011 (updated at epoch-3), best updated at this epoch[0m
[38;20m2026-09-28 09:30:49,835 - tpp_runner.py[pid:28788;line:104:_train_model] - INFO: [ Epoch 4 (train) ]: train loglike is -0.34608351121054604, num_events is 27940, mark_ll is -1.6038114423485594, time_ll is 1.2577279158464567[0m
[38;20m2026-09-28 09:30:49,924 - tpp_runner.py[pid:28788;line:116:_train_model] - INFO: [ Epoch 4 (valid) ]:  valid loglike is -0.5307081250148828, num_events is 7874, mark_ll is -1.6389943985942659, time_ll is 1.1082862580764223[0m
[38;20m2026-09-28 09:30:50,082 - tpp_runner.py[pid:28788;line:136:_train_model] - INFO: [ Epoch 4 (test) ]: test loglike is -0.3088907090615683, num_events is 13081, mark_ll is -1.6924498433886697, time_ll is 1.3835591063314636[0m
[31;1m2026-09-28 09:30:50,083 - tpp_runner.py[pid:28788;line:140:_train_model] - CRITICAL: current best loglike on valid set is -0.5307 (updated at epoch-4), best updated at this epoch[0m
[38;20m2026-09-28 09:30:52,222 - tpp_runner.py[pid:28788;line:104:_train_model] - INFO: [ Epoch 5 (train) ]: train loglike is -0.21194433322870995, num_events is 27940, mark_ll is -1.5811349900176719, time_ll is 1.369190685187567[0m
[38;20m2026-09-28 09:30:52,313 - tpp_runner.py[pid:28788;line:116:_train_model] - INFO: [ Epoch 5 (valid) ]:  valid loglike is -0.2517286653836003, num_events is 7874, mark_ll is -1.5963107170354967, time_ll is 1.3445820749063373[0m
[38;20m2026-09-28 09:30:52,472 - tpp_runner.py[pid:28788;line:136:_train_model] - INFO: [ Epoch 5 (test) ]: test loglike is -0.12753015008872004, num_events is 13081, mark_ll is -1.6675200265861507, time_ll is 1.5399898181731853[0m
[31;1m2026-09-28 09:30:52,472 - tpp_runner.py[pid:28788;line:140:_train_model] - CRITICAL: current best loglike on valid set is -0.2517 (updated at epoch-5), best updated at this epoch[0m
[38;20m2026-09-28 09:30:54,644 - tpp_runner.py[pid:28788;line:104:_train_model] - INFO: [ Epoch 6 (train) ]: train loglike is -0.037633606426700494, num_events is 27940, mark_ll is -1.5546761056057623, time_ll is 1.5170424836144416[0m
[38;20m2026-09-28 09:30:54,735 - tpp_runner.py[pid:28788;line:116:_train_model] - INFO: [ Epoch 6 (valid) ]:  valid loglike is -0.15854652139296954, num_events is 7874, mark_ll is -1.6421804430522924, time_ll is 1.4836339584788545[0m
[38;20m2026-09-28 09:30:54,919 - tpp_runner.py[pid:28788;line:136:_train_model] - INFO: [ Epoch 6 (test) ]: test loglike is 0.008858586750157374, num_events is 13081, mark_ll is -1.6787058422939283, time_ll is 1.6875645019493923[0m
[31;1m2026-09-28 09:30:54,919 - tpp_runner.py[pid:28788;line:140:_train_model] - CRITICAL: current best loglike on valid set is -0.1585 (updated at epoch-6), best updated at this epoch[0m
[38;20m2026-09-28 09:30:57,067 - tpp_runner.py[pid:28788;line:104:_train_model] - INFO: [ Epoch 7 (train) ]: train loglike is 0.024883156669250794, num_events is 27940, mark_ll is -1.6049090440732372, time_ll is 1.6297922165801717[0m
[38;20m2026-09-28 09:30:57,157 - tpp_runner.py[pid:28788;line:116:_train_model] - INFO: [ Epoch 7 (valid) ]:  valid loglike is -0.011032379669739809, num_events is 7874, mark_ll is -1.650755874753937, time_ll is 1.639723533841599[0m
[38;20m2026-09-28 09:30:57,304 - tpp_runner.py[pid:28788;line:136:_train_model] - INFO: [ Epoch 7 (test) ]: test loglike is 0.15694721269458087, num_events is 13081, mark_ll is -1.7335249591189035, time_ll is 1.8904720598309332[0m
[31;1m2026-09-28 09:30:57,304 - tpp_runner.py[pid:28788;line:140:_train_model] - CRITICAL: current best loglike on valid set is -0.0110 (updated at epoch-7), best updated at this epoch[0m
[38;20m2026-09-28 09:30:59,510 - tpp_runner.py[pid:28788;line:104:_train_model] - INFO: [ Epoch 8 (train) ]: train loglike is 0.12393448869927746, num_events is 27940, mark_ll is -1.6203478366029886, time_ll is 1.7442823121952173[0m
[38;20m2026-09-28 09:30:59,603 - tpp_runner.py[pid:28788;line:116:_train_model] - INFO: [ Epoch 8 (valid) ]:  valid loglike is -0.15302481831770304, num_events is 7874, mark_ll is -1.678681357850997, time_ll is 1.5256565937936564[0m
[38;20m2026-09-28 09:30:59,765 - tpp_runner.py[pid:28788;line:136:_train_model] - INFO: [ Epoch 8 (test) ]: test loglike is 0.17139411426430748, num_events is 13081, mark_ll is -1.7495358509897465, time_ll is 1.9209299139287181[0m
[31;1m2026-09-28 09:30:59,765 - tpp_runner.py[pid:28788;line:140:_train_model] - CRITICAL: current best loglike on valid set is -0.0110 (updated at epoch-7)[0m
[38;20m2026-09-28 09:31:01,914 - tpp_runner.py[pid:28788;line:104:_train_model] - INFO: [ Epoch 9 (train) ]: train loglike is 0.0982107174763444, num_events is 27940, mark_ll is -1.625568898336838, time_ll is 1.7237795415399069[0m
[38;20m2026-09-28 09:31:01,999 - tpp_runner.py[pid:28788;line:116:_train_model] - INFO: [ Epoch 9 (valid) ]:  valid loglike is -0.13174100996486904, num_events is 7874, mark_ll is -1.6968399136993586, time_ll is 1.5650989163306452[0m
[38;20m2026-09-28 09:31:02,156 - tpp_runner.py[pid:28788;line:136:_train_model] - INFO: [ Epoch 9 (test) ]: test loglike is 0.09941053714931544, num_events is 13081, mark_ll is -1.779873165203229, time_ll is 1.8792836125332066[0m
[31;1m2026-09-28 09:31:02,156 - tpp_runner.py[pid:28788;line:140:_train_model] - CRITICAL: current best loglike on valid set is -0.0110 (updated at epoch-7)[0m
[38;20m2026-09-28 09:31:04,299 - tpp_runner.py[pid:28788;line:104:_train_model] - INFO: [ Epoch 10 (train) ]: train loglike is 0.12157525217524578, num_events is 27940, mark_ll is -1.6262486648286507, time_ll is 1.747823950317645[0m
[38;20m2026-09-28 09:31:04,388 - tpp_runner.py[pid:28788;line:116:_train_model] - INFO: [ Epoch 10 (valid) ]:  valid loglike is -0.11348594915512585, num_events is 7874, mark_ll is -1.7023406122007556, time_ll is 1.5888546611077596[0m
[38;20m2026-09-28 09:31:04,544 - tpp_runner.py[pid:28788;line:136:_train_model] - INFO: [ Epoch 10 (test) ]: test loglike is 0.15750966138790876, num_events is 13081, mark_ll is -1.805200632044449, time_ll is 1.9627102957653275[0m
[31;1m2026-09-28 09:31:04,544 - tpp_runner.py[pid:28788;line:140:_train_model] - CRITICAL: current best loglike on valid set is -0.0110 (updated at epoch-7)[0m
[38;20m2026-09-28 09:31:06,712 - tpp_runner.py[pid:28788;line:104:_train_model] - INFO: [ Epoch 11 (train) ]: train loglike is 0.1620433362279522, num_events is 27940, mark_ll is -1.619816546757561, time_ll is 1.7818598098044918[0m
[38;20m2026-09-28 09:31:06,797 - tpp_runner.py[pid:28788;line:116:_train_model] - INFO: [ Epoch 11 (valid) ]:  valid loglike is -0.039385988653569105, num_events is 7874, mark_ll is -1.7018274642018034, time_ll is 1.6624414484180532[0m
[38;20m2026-09-28 09:31:06,949 - tpp_runner.py[pid:28788;line:136:_train_model] - INFO: [ Epoch 11 (test) ]: test loglike is 0.19785006893272566, num_events is 13081, mark_ll is -1.781053563941738, time_ll is 1.9789036818668297[0m
[31;1m2026-09-28 09:31:06,949 - tpp_runner.py[pid:28788;line:140:_train_model] - CRITICAL: current best loglike on valid set is -0.0110 (updated at epoch-7)[0m
[38;20m2026-09-28 09:31:09,108 - tpp_runner.py[pid:28788;line:104:_train_model] - INFO: [ Epoch 12 (train) ]: train loglike is 0.20524751066564234, num_events is 27940, mark_ll is -1.6194655924246153, time_ll is 1.8247130954444792[0m
[38;20m2026-09-28 09:31:09,204 - tpp_runner.py[pid:28788;line:116:_train_model] - INFO: [ Epoch 12 (valid) ]:  valid loglike is 0.0009305419611815786, num_events is 7874, mark_ll is -1.6945687299577725, time_ll is 1.6954992176585915[0m
[38;20m2026-09-28 09:31:09,361 - tpp_runner.py[pid:28788;line:136:_train_model] - INFO: [ Epoch 12 (test) ]: test loglike is 0.18955912231697272, num_events is 13081, mark_ll is -1.7635066820734748, time_ll is 1.953065873213057[0m
[31;1m2026-09-28 09:31:09,361 - tpp_runner.py[pid:28788;line:140:_train_model] - CRITICAL: current best loglike on valid set is 0.0009 (updated at epoch-12), best updated at this epoch[0m
[38;20m2026-09-28 09:31:11,524 - tpp_runner.py[pid:28788;line:104:_train_model] - INFO: [ Epoch 13 (train) ]: train loglike is 0.2782898691951503, num_events is 27940, mark_ll is -1.6083843343157211, time_ll is 1.8866742209869363[0m
[38;20m2026-09-28 09:31:11,606 - tpp_runner.py[pid:28788;line:116:_train_model] - INFO: [ Epoch 13 (valid) ]:  valid loglike is 0.0991127279648358, num_events is 7874, mark_ll is -1.6773092218059436, time_ll is 1.7764219439571691[0m
[38;20m2026-09-28 09:31:11,763 - tpp_runner.py[pid:28788;line:136:_train_model] - INFO: [ Epoch 13 (test) ]: test loglike is 0.24664269283945867, num_events is 13081, mark_ll is -1.7554313776899702, time_ll is 2.002074038159473[0m
[31;1m2026-09-28 09:31:11,763 - tpp_runner.py[pid:28788;line:140:_train_model] - CRITICAL: current best loglike on valid set is 0.0991 (updated at epoch-13), best updated at this epoch[0m
[38;20m2026-09-28 09:31:13,912 - tpp_runner.py[pid:28788;line:104:_train_model] - INFO: [ Epoch 14 (train) ]: train loglike is 0.3218628217769505, num_events is 27940, mark_ll is -1.591465651144193, time_ll is 1.9133285052791698[0m
[38;20m2026-09-28 09:31:13,991 - tpp_runner.py[pid:28788;line:116:_train_model] - INFO: [ Epoch 14 (valid) ]:  valid loglike is 0.16402150242044625, num_events is 7874, mark_ll is -1.6604489458978917, time_ll is 1.8244705180816612[0m
[38;20m2026-09-28 09:31:14,164 - tpp_runner.py[pid:28788;line:136:_train_model] - INFO: [ Epoch 14 (test) ]: test loglike is 0.3105715449892885, num_events is 13081, mark_ll is -1.761526121348473, time_ll is 2.0720977538241296[0m
[31;1m2026-09-28 09:31:14,164 - tpp_runner.py[pid:28788;line:140:_train_model] - CRITICAL: current best loglike on valid set is 0.1640 (updated at epoch-14), best updated at this epoch[0m
[38;20m2026-09-28 09:31:16,350 - tpp_runner.py[pid:28788;line:104:_train_model] - INFO: [ Epoch 15 (train) ]: train loglike is 0.3650343010915375, num_events is 27940, mark_ll is -1.5863284220931013, time_ll is 1.9513627136274159[0m
[38;20m2026-09-28 09:31:16,449 - tpp_runner.py[pid:28788;line:116:_train_model] - INFO: [ Epoch 15 (valid) ]:  valid loglike is 0.1719498366670073, num_events is 7874, mark_ll is -1.6561758338360426, time_ll is 1.8281256821302705[0m
[38;20m2026-09-28 09:31:16,604 - tpp_runner.py[pid:28788;line:136:_train_model] - INFO: [ Epoch 15 (test) ]: test loglike is 0.33082481298540706, num_events is 13081, mark_ll is -1.7509463832024978, time_ll is 2.081771207852754[0m
[31;1m2026-09-28 09:31:16,604 - tpp_runner.py[pid:28788;line:140:_train_model] - CRITICAL: current best loglike on valid set is 0.1719 (updated at epoch-15), best updated at this epoch[0m
[38;20m2026-09-28 09:31:18,771 - tpp_runner.py[pid:28788;line:104:_train_model] - INFO: [ Epoch 16 (train) ]: train loglike is 0.37337506948920257, num_events is 27940, mark_ll is -1.5810514369519506, time_ll is 1.9544265299246153[0m
[38;20m2026-09-28 09:31:18,858 - tpp_runner.py[pid:28788;line:116:_train_model] - INFO: [ Epoch 16 (valid) ]:  valid loglike is 0.22803657963883311, num_events is 7874, mark_ll is -1.6459143001293814, time_ll is 1.8739508836439547[0m
[38;20m2026-09-28 09:31:19,008 - tpp_runner.py[pid:28788;line:136:_train_model] - INFO: [ Epoch 16 (test) ]: test loglike is 0.3738217557591133, num_events is 13081, mark_ll is -1.7387876350957496, time_ll is 2.112609401353227[0m
[31;1m2026-09-28 09:31:19,008 - tpp_runner.py[pid:28788;line:140:_train_model] - CRITICAL: current best loglike on valid set is 0.2280 (updated at epoch-16), best updated at this epoch[0m
[38;20m2026-09-28 09:31:21,161 - tpp_runner.py[pid:28788;line:104:_train_model] - INFO: [ Epoch 17 (train) ]: train loglike is 0.4093149566104264, num_events is 27940, mark_ll is -1.5735572984240784, time_ll is 1.9828723030936828[0m
[38;20m2026-09-28 09:31:21,252 - tpp_runner.py[pid:28788;line:116:_train_model] - INFO: [ Epoch 17 (valid) ]:  valid loglike is 0.21039469871298142, num_events is 7874, mark_ll is -1.642862821370174, time_ll is 1.8532575937222187[0m
[38;20m2026-09-28 09:31:21,407 - tpp_runner.py[pid:28788;line:136:_train_model] - INFO: [ Epoch 17 (test) ]: test loglike is 0.3954110269143342, num_events is 13081, mark_ll is -1.7200747815743014, time_ll is 2.1154858131545753[0m
[31;1m2026-09-28 09:31:21,407 - tpp_runner.py[pid:28788;line:140:_train_model] - CRITICAL: current best loglike on valid set is 0.2280 (updated at epoch-16)[0m
[38;20m2026-09-28 09:31:23,561 - tpp_runner.py[pid:28788;line:104:_train_model] - INFO: [ Epoch 18 (train) ]: train loglike is 0.4392360930282385, num_events is 27940, mark_ll is -1.5677879601098337, time_ll is 2.0070241022895043[0m
[38;20m2026-09-28 09:31:23,654 - tpp_runner.py[pid:28788;line:116:_train_model] - INFO: [ Epoch 18 (valid) ]:  valid loglike is 0.22732419921626953, num_events is 7874, mark_ll is -1.647424226489078, time_ll is 1.8747484179538672[0m
[38;20m2026-09-28 09:31:23,818 - tpp_runner.py[pid:28788;line:136:_train_model] - INFO: [ Epoch 18 (test) ]: test loglike is 0.3950862728504128, num_events is 13081, mark_ll is -1.7191069910407988, time_ll is 2.114193198568057[0m
[31;1m2026-09-28 09:31:23,818 - tpp_runner.py[pid:28788;line:140:_train_model] - CRITICAL: current best loglike on valid set is 0.2280 (updated at epoch-16)[0m
[38;20m2026-09-28 09:31:25,980 - tpp_runner.py[pid:28788;line:104:_train_model] - INFO: [ Epoch 19 (train) ]: train loglike is 0.46530927522914617, num_events is 27940, mark_ll is -1.5721616773666787, time_ll is 2.037470954780333[0m
[38;20m2026-09-28 09:31:26,074 - tpp_runner.py[pid:28788;line:116:_train_model] - INFO: [ Epoch 19 (valid) ]:  valid loglike is 0.24847084221756335, num_events is 7874, mark_ll is -1.651597623507747, time_ll is 1.9000684734767908[0m
[38;20m2026-09-28 09:31:26,238 - tpp_runner.py[pid:28788;line:136:_train_model] - INFO: [ Epoch 19 (test) ]: test loglike is 0.4696782910215974, num_events is 13081, mark_ll is -1.7382845534852553, time_ll is 2.2079627955144865[0m
[31;1m2026-09-28 09:31:26,238 - tpp_runner.py[pid:28788;line:140:_train_model] - CRITICAL: current best loglike on valid set is 0.2485 (updated at epoch-19), best updated at this epoch[0m
[38;20m2026-09-28 09:31:28,411 - tpp_runner.py[pid:28788;line:104:_train_model] - INFO: [ Epoch 20 (train) ]: train loglike is 0.4980509698604292, num_events is 27940, mark_ll is -1.5687642255167322, time_ll is 2.0668151724398265[0m
[38;20m2026-09-28 09:31:28,501 - tpp_runner.py[pid:28788;line:116:_train_model] - INFO: [ Epoch 20 (valid) ]:  valid loglike is 0.2643873676419228, num_events is 7874, mark_ll is -1.6413921485069534, time_ll is 1.905779516148876[0m
[38;20m2026-09-28 09:31:28,651 - tpp_runner.py[pid:28788;line:136:_train_model] - INFO: [ Epoch 20 (test) ]: test loglike is 0.43628202644968134, num_events is 13081, mark_ll is -1.7116428407614097, time_ll is 2.147924918536427[0m
[31;1m2026-09-28 09:31:28,651 - tpp_runner.py[pid:28788;line:140:_train_model] - CRITICAL: current best loglike on valid set is 0.2644 (updated at epoch-20), best updated at this epoch[0m
[38;20m2026-09-28 09:31:30,813 - tpp_runner.py[pid:28788;line:104:_train_model] - INFO: [ Epoch 21 (train) ]: train loglike is 0.5083361528051181, num_events is 27940, mark_ll is -1.5627316627147458, time_ll is 2.0710678504719935[0m
[38;20m2026-09-28 09:31:30,914 - tpp_runner.py[pid:28788;line:116:_train_model] - INFO: [ Epoch 21 (valid) ]:  valid loglike is 0.315701818720532, num_events is 7874, mark_ll is -1.6338382999031622, time_ll is 1.949540157381096[0m
[38;20m2026-09-28 09:31:31,067 - tpp_runner.py[pid:28788;line:136:_train_model] - INFO: [ Epoch 21 (test) ]: test loglike is 0.5020500085703979, num_events is 13081, mark_ll is -1.7202913091685939, time_ll is 2.222341261747716[0m
[31;1m2026-09-28 09:31:31,067 - tpp_runner.py[pid:28788;line:140:_train_model] - CRITICAL: current best loglike on valid set is 0.3157 (updated at epoch-21), best updated at this epoch[0m
[38;20m2026-09-28 09:31:33,235 - tpp_runner.py[pid:28788;line:104:_train_model] - INFO: [ Epoch 22 (train) ]: train loglike is 0.530564371380707, num_events is 27940, mark_ll is -1.5585179737831067, time_ll is 2.089082335333527[0m
[38;20m2026-09-28 09:31:33,319 - tpp_runner.py[pid:28788;line:116:_train_model] - INFO: [ Epoch 22 (valid) ]:  valid loglike is 0.3452810413921609, num_events is 7874, mark_ll is -1.6276101404741872, time_ll is 1.9728912128722695[0m
[38;20m2026-09-28 09:31:33,477 - tpp_runner.py[pid:28788;line:136:_train_model] - INFO: [ Epoch 22 (test) ]: test loglike is 0.4892250436060054, num_events is 13081, mark_ll is -1.7100824199041071, time_ll is 2.199307421516656[0m
[31;1m2026-09-28 09:31:33,477 - tpp_runner.py[pid:28788;line:140:_train_model] - CRITICAL: current best loglike on valid set is 0.3453 (updated at epoch-22), best updated at this epoch[0m
[38;20m2026-09-28 09:31:35,625 - tpp_runner.py[pid:28788;line:104:_train_model] - INFO: [ Epoch 23 (train) ]: train loglike is 0.5436004190847715, num_events is 27940, mark_ll is -1.5525305691325162, time_ll is 2.096130974017985[0m
[38;20m2026-09-28 09:31:35,728 - tpp_runner.py[pid:28788;line:116:_train_model] - INFO: [ Epoch 23 (valid) ]:  valid loglike is 0.3249493347741578, num_events is 7874, mark_ll is -1.6270515377944819, time_ll is 1.9520008493141987[0m
[38;20m2026-09-28 09:31:35,878 - tpp_runner.py[pid:28788;line:136:_train_model] - INFO: [ Epoch 23 (test) ]: test loglike is 0.5007868127332223, num_events is 13081, mark_ll is -1.7002720952024883, time_ll is 2.201058977924805[0m
[31;1m2026-09-28 09:31:35,878 - tpp_runner.py[pid:28788;line:140:_train_model] - CRITICAL: current best loglike on valid set is 0.3453 (updated at epoch-22)[0m
[38;20m2026-09-28 09:31:38,025 - tpp_runner.py[pid:28788;line:104:_train_model] - INFO: [ Epoch 24 (train) ]: train loglike is 0.572524052854086, num_events is 27940, mark_ll is -1.550811588448461, time_ll is 2.1233357193987117[0m
[38;20m2026-09-28 09:31:38,115 - tpp_runner.py[pid:28788;line:116:_train_model] - INFO: [ Epoch 24 (valid) ]:  valid loglike is 0.333340242486149, num_events is 7874, mark_ll is -1.6254632284655195, time_ll is 1.9588034244427863[0m
[38;20m2026-09-28 09:31:38,269 - tpp_runner.py[pid:28788;line:136:_train_model] - INFO: [ Epoch 24 (test) ]: test loglike is 0.5019458694638813, num_events is 13081, mark_ll is -1.7125754594420104, time_ll is 2.2145213335718315[0m
[31;1m2026-09-28 09:31:38,269 - tpp_runner.py[pid:28788;line:140:_train_model] - CRITICAL: current best loglike on valid set is 0.3453 (updated at epoch-22)[0m
[38;20m2026-09-28 09:31:40,405 - tpp_runner.py[pid:28788;line:104:_train_model] - INFO: [ Epoch 25 (train) ]: train loglike is 0.5746747420358077, num_events is 27940, mark_ll is -1.5559030476858895, time_ll is 2.1305778181203023[0m
[38;20m2026-09-28 09:31:40,485 - tpp_runner.py[pid:28788;line:116:_train_model] - INFO: [ Epoch 25 (valid) ]:  valid loglike is 0.38193810201096967, num_events is 7874, mark_ll is -1.627340885052864, time_ll is 2.009278956057912[0m
[38;20m2026-09-28 09:31:40,659 - tpp_runner.py[pid:28788;line:136:_train_model] - INFO: [ Epoch 25 (test) ]: test loglike is 0.566363537988662, num_events is 13081, mark_ll is -1.703599600715016, time_ll is 2.2699632693499874[0m
[31;1m2026-09-28 09:31:40,659 - tpp_runner.py[pid:28788;line:140:_train_model] - CRITICAL: current best loglike on valid set is 0.3819 (updated at epoch-25), best updated at this epoch[0m
[38;20m2026-09-28 09:31:42,798 - tpp_runner.py[pid:28788;line:104:_train_model] - INFO: [ Epoch 26 (train) ]: train loglike is 0.5885318567689692, num_events is 27940, mark_ll is -1.5515979938875717, time_ll is 2.140129780752282[0m
[38;20m2026-09-28 09:31:42,886 - tpp_runner.py[pid:28788;line:116:_train_model] - INFO: [ Epoch 26 (valid) ]:  valid loglike is 0.3859206575835027, num_events is 7874, mark_ll is -1.6231922307594615, time_ll is 2.009112950354807[0m
[38;20m2026-09-28 09:31:43,043 - tpp_runner.py[pid:28788;line:136:_train_model] - INFO: [ Epoch 26 (test) ]: test loglike is 0.5530445503355594, num_events is 13081, mark_ll is -1.7189999730495327, time_ll is 2.272044502388364[0m
[31;1m2026-09-28 09:31:43,043 - tpp_runner.py[pid:28788;line:140:_train_model] - CRITICAL: current best loglike on valid set is 0.3859 (updated at epoch-26), best updated at this epoch[0m
[38;20m2026-09-28 09:31:45,177 - tpp_runner.py[pid:28788;line:104:_train_model] - INFO: [ Epoch 27 (train) ]: train loglike is 0.6110782628752286, num_events is 27940, mark_ll is -1.5452771633970115, time_ll is 2.1563554505748925[0m
[38;20m2026-09-28 09:31:45,271 - tpp_runner.py[pid:28788;line:116:_train_model] - INFO: [ Epoch 27 (valid) ]:  valid loglike is 0.41869514122329027, num_events is 7874, mark_ll is -1.6170211222258382, time_ll is 2.035716340963932[0m
[38;20m2026-09-28 09:31:45,430 - tpp_runner.py[pid:28788;line:136:_train_model] - INFO: [ Epoch 27 (test) ]: test loglike is 0.5997641745460078, num_events is 13081, mark_ll is -1.7032702040411665, time_ll is 2.3030343762542045[0m
[31;1m2026-09-28 09:31:45,430 - tpp_runner.py[pid:28788;line:140:_train_model] - CRITICAL: current best loglike on valid set is 0.4187 (updated at epoch-27), best updated at this epoch[0m
[38;20m2026-09-28 09:31:47,582 - tpp_runner.py[pid:28788;line:104:_train_model] - INFO: [ Epoch 28 (train) ]: train loglike is 0.6279604224366807, num_events is 27940, mark_ll is -1.5340614094935576, time_ll is 2.162021889819703[0m
[38;20m2026-09-28 09:31:47,677 - tpp_runner.py[pid:28788;line:116:_train_model] - INFO: [ Epoch 28 (valid) ]:  valid loglike is 0.41603058535706916, num_events is 7874, mark_ll is -1.6162988702930532, time_ll is 2.032329378135319[0m
[38;20m2026-09-28 09:31:47,836 - tpp_runner.py[pid:28788;line:136:_train_model] - INFO: [ Epoch 28 (test) ]: test loglike is 0.6161973642816274, num_events is 13081, mark_ll is -1.701410136541071, time_ll is 2.317607533484276[0m
[31;1m2026-09-28 09:31:47,836 - tpp_runner.py[pid:28788;line:140:_train_model] - CRITICAL: current best loglike on valid set is 0.4187 (updated at epoch-27)[0m
[38;20m2026-09-28 09:31:49,987 - tpp_runner.py[pid:28788;line:104:_train_model] - INFO: [ Epoch 29 (train) ]: train loglike is 0.652518851977207, num_events is 27940, mark_ll is -1.5404270136620883, time_ll is 2.1929459262593953[0m
[38;20m2026-09-28 09:31:50,075 - tpp_runner.py[pid:28788;line:116:_train_model] - INFO: [ Epoch 29 (valid) ]:  valid loglike is 0.44237141782389033, num_events is 7874, mark_ll is -1.622836158758255, time_ll is 2.0652075610791845[0m
[38;20m2026-09-28 09:31:50,235 - tpp_runner.py[pid:28788;line:136:_train_model] - INFO: [ Epoch 29 (test) ]: test loglike is 0.6009389391624183, num_events is 13081, mark_ll is -1.7160343671462903, time_ll is 2.316973254983373[0m
[31;1m2026-09-28 09:31:50,235 - tpp_runner.py[pid:28788;line:140:_train_model] - CRITICAL: current best loglike on valid set is 0.4424 (updated at epoch-29), best updated at this epoch[0m
[38;20m2026-09-28 09:31:52,371 - tpp_runner.py[pid:28788;line:104:_train_model] - INFO: [ Epoch 30 (train) ]: train loglike is 0.6507017759570243, num_events is 27940, mark_ll is -1.5480851475818718, time_ll is 2.198786986343504[0m
[38;20m2026-09-28 09:31:52,470 - tpp_runner.py[pid:28788;line:116:_train_model] - INFO: [ Epoch 30 (valid) ]:  valid loglike is 0.4529987748940342, num_events is 7874, mark_ll is -1.619382595210503, time_ll is 2.072381277086773[0m
[38;20m2026-09-28 09:31:52,625 - tpp_runner.py[pid:28788;line:136:_train_model] - INFO: [ Epoch 30 (test) ]: test loglike is 0.6435849787800532, num_events is 13081, mark_ll is -1.708190120093074, time_ll is 2.3517751175368855[0m
[31;1m2026-09-28 09:31:52,625 - tpp_runner.py[pid:28788;line:140:_train_model] - CRITICAL: current best loglike on valid set is 0.4530 (updated at epoch-30), best updated at this epoch[0m
[38;20m2026-09-28 09:31:54,760 - tpp_runner.py[pid:28788;line:104:_train_model] - INFO: [ Epoch 31 (train) ]: train loglike is 0.680054225389157, num_events is 27940, mark_ll is -1.541331242729957, time_ll is 2.22138551290153[0m
[38;20m2026-09-28 09:31:54,855 - tpp_runner.py[pid:28788;line:116:_train_model] - INFO: [ Epoch 31 (valid) ]:  valid loglike is 0.46979173694675513, num_events is 7874, mark_ll is -1.6130380395526416, time_ll is 2.0828298385112394[0m
[38;20m2026-09-28 09:31:55,011 - tpp_runner.py[pid:28788;line:136:_train_model] - INFO: [ Epoch 31 (test) ]: test loglike is 0.6366205599665068, num_events is 13081, mark_ll is -1.6978076765382522, time_ll is 2.334428180513483[0m
[31;1m2026-09-28 09:31:55,011 - tpp_runner.py[pid:28788;line:140:_train_model] - CRITICAL: current best loglike on valid set is 0.4698 (updated at epoch-31), best updated at this epoch[0m
[38;20m2026-09-28 09:31:57,200 - tpp_runner.py[pid:28788;line:104:_train_model] - INFO: [ Epoch 32 (train) ]: train loglike is 0.6590794229473314, num_events is 27940, mark_ll is -1.5393495618401039, time_ll is 2.1984289542043216[0m
[38;20m2026-09-28 09:31:57,290 - tpp_runner.py[pid:28788;line:116:_train_model] - INFO: [ Epoch 32 (valid) ]:  valid loglike is 0.4642371656569485, num_events is 7874, mark_ll is -1.6104897248856997, time_ll is 2.0747268750396874[0m
[38;20m2026-09-28 09:31:57,433 - tpp_runner.py[pid:28788;line:136:_train_model] - INFO: [ Epoch 32 (test) ]: test loglike is 0.6126391793799213, num_events is 13081, mark_ll is -1.6942066349810794, time_ll is 2.3068457583697253[0m
[31;1m2026-09-28 09:31:57,433 - tpp_runner.py[pid:28788;line:140:_train_model] - CRITICAL: current best loglike on valid set is 0.4698 (updated at epoch-31)[0m
[38;20m2026-09-28 09:31:59,595 - tpp_runner.py[pid:28788;line:104:_train_model] - INFO: [ Epoch 33 (train) ]: train loglike is 0.6840120483485818, num_events is 27940, mark_ll is -1.5343885439502059, time_ll is 2.21840060103682[0m
[38;20m2026-09-28 09:31:59,683 - tpp_runner.py[pid:28788;line:116:_train_model] - INFO: [ Epoch 33 (valid) ]:  valid loglike is 0.5018258766986284, num_events is 7874, mark_ll is -1.6037921978187706, time_ll is 2.105618136529242[0m
[38;20m2026-09-28 09:31:59,844 - tpp_runner.py[pid:28788;line:136:_train_model] - INFO: [ Epoch 33 (test) ]: test loglike is 0.682495341152602, num_events is 13081, mark_ll is -1.6997187707540995, time_ll is 2.382214121238581[0m
[31;1m2026-09-28 09:31:59,844 - tpp_runner.py[pid:28788;line:140:_train_model] - CRITICAL: current best loglike on valid set is 0.5018 (updated at epoch-33), best updated at this epoch[0m
[38;20m2026-09-28 09:32:02,007 - tpp_runner.py[pid:28788;line:104:_train_model] - INFO: [ Epoch 34 (train) ]: train loglike is 0.7041007717080686, num_events is 27940, mark_ll is -1.5307670664258233, time_ll is 2.234867842502908[0m
[38;20m2026-09-28 09:32:02,094 - tpp_runner.py[pid:28788;line:116:_train_model] - INFO: [ Epoch 34 (valid) ]:  valid loglike is 0.5090640540167799, num_events is 7874, mark_ll is -1.6062912130707074, time_ll is 2.1153553601052515[0m
[38;20m2026-09-28 09:32:02,240 - tpp_runner.py[pid:28788;line:136:_train_model] - INFO: [ Epoch 34 (test) ]: test loglike is 0.6544008041392334, num_events is 13081, mark_ll is -1.7008334170713966, time_ll is 2.3552340905643203[0m
[31;1m2026-09-28 09:32:02,240 - tpp_runner.py[pid:28788;line:140:_train_model] - CRITICAL: current best loglike on valid set is 0.5091 (updated at epoch-34), best updated at this epoch[0m
[38;20m2026-09-28 09:32:04,374 - tpp_runner.py[pid:28788;line:104:_train_model] - INFO: [ Epoch 35 (train) ]: train loglike is 0.7157057634488804, num_events is 27940, mark_ll is -1.5358524439927075, time_ll is 2.2515582183641283[0m
[38;20m2026-09-28 09:32:04,466 - tpp_runner.py[pid:28788;line:116:_train_model] - INFO: [ Epoch 35 (valid) ]:  valid loglike is 0.5251239895790338, num_events is 7874, mark_ll is -1.6096366279646621, time_ll is 2.1347606640525782[0m
[38;20m2026-09-28 09:32:04,622 - tpp_runner.py[pid:28788;line:136:_train_model] - INFO: [ Epoch 35 (test) ]: test loglike is 0.6708009100299337, num_events is 13081, mark_ll is -1.7059064972574727, time_ll is 2.3767073606280102[0m
[31;1m2026-09-28 09:32:04,622 - tpp_runner.py[pid:28788;line:140:_train_model] - CRITICAL: current best loglike on valid set is 0.5251 (updated at epoch-35), best updated at this epoch[0m
[38;20m2026-09-28 09:32:06,760 - tpp_runner.py[pid:28788;line:104:_train_model] - INFO: [ Epoch 36 (train) ]: train loglike is 0.7214273265710284, num_events is 27940, mark_ll is -1.5389612786327846, time_ll is 2.260388471948819[0m
[38;20m2026-09-28 09:32:06,858 - tpp_runner.py[pid:28788;line:116:_train_model] - INFO: [ Epoch 36 (valid) ]:  valid loglike is 0.5417071190587693, num_events is 7874, mark_ll is -1.609210544592964, time_ll is 2.1509179737109476[0m
[38;20m2026-09-28 09:32:07,014 - tpp_runner.py[pid:28788;line:136:_train_model] - INFO: [ Epoch 36 (test) ]: test loglike is 0.6832070975809977, num_events is 13081, mark_ll is -1.6984135767943487, time_ll is 2.3816206510456484[0m
[31;1m2026-09-28 09:32:07,014 - tpp_runner.py[pid:28788;line:140:_train_model] - CRITICAL: current best loglike on valid set is 0.5417 (updated at epoch-36), best updated at this epoch[0m
[38;20m2026-09-28 09:32:09,165 - tpp_runner.py[pid:28788;line:104:_train_model] - INFO: [ Epoch 37 (train) ]: train loglike is 0.7324836987636733, num_events is 27940, mark_ll is -1.5361362902368916, time_ll is 2.268619995554089[0m
[38;20m2026-09-28 09:32:09,246 - tpp_runner.py[pid:28788;line:116:_train_model] - INFO: [ Epoch 37 (valid) ]:  valid loglike is 0.5206936154839107, num_events is 7874, mark_ll is -1.603471782627159, time_ll is 2.1241654446199516[0m
[38;20m2026-09-28 09:32:09,405 - tpp_runner.py[pid:28788;line:136:_train_model] - INFO: [ Epoch 37 (test) ]: test loglike is 0.683338924373256, num_events is 13081, mark_ll is -1.6873278548234318, time_ll is 2.3706667978604465[0m
[31;1m2026-09-28 09:32:09,405 - tpp_runner.py[pid:28788;line:140:_train_model] - CRITICAL: current best loglike on valid set is 0.5417 (updated at epoch-36)[0m
[38;20m2026-09-28 09:32:11,585 - tpp_runner.py[pid:28788;line:104:_train_model] - INFO: [ Epoch 38 (train) ]: train loglike is 0.7255433723597161, num_events is 27940, mark_ll is -1.5294797095897459, time_ll is 2.255023110348067[0m
[38;20m2026-09-28 09:32:11,676 - tpp_runner.py[pid:28788;line:116:_train_model] - INFO: [ Epoch 38 (valid) ]:  valid loglike is 0.5682021439726473, num_events is 7874, mark_ll is -1.606340884556769, time_ll is 2.174542997523495[0m
[38;20m2026-09-28 09:32:11,825 - tpp_runner.py[pid:28788;line:136:_train_model] - INFO: [ Epoch 38 (test) ]: test loglike is 0.7048730242918522, num_events is 13081, mark_ll is -1.7128230528623338, time_ll is 2.4176961471432805[0m
[31;1m2026-09-28 09:32:11,825 - tpp_runner.py[pid:28788;line:140:_train_model] - CRITICAL: current best loglike on valid set is 0.5682 (updated at epoch-38), best updated at this epoch[0m
[38;20m2026-09-28 09:32:13,964 - tpp_runner.py[pid:28788;line:104:_train_model] - INFO: [ Epoch 39 (train) ]: train loglike is 0.7483689239217967, num_events is 27940, mark_ll is -1.5340355099655512, time_ll is 2.2824043989352183[0m
[38;20m2026-09-28 09:32:14,044 - tpp_runner.py[pid:28788;line:116:_train_model] - INFO: [ Epoch 39 (valid) ]:  valid loglike is 0.5390363775112316, num_events is 7874, mark_ll is -1.6098353759207518, time_ll is 2.1488718309467867[0m
[38;20m2026-09-28 09:32:14,217 - tpp_runner.py[pid:28788;line:136:_train_model] - INFO: [ Epoch 39 (test) ]: test loglike is 0.720917333622298, num_events is 13081, mark_ll is -1.6870633147103862, time_ll is 2.4079806343348653[0m
[31;1m2026-09-28 09:32:14,217 - tpp_runner.py[pid:28788;line:140:_train_model] - CRITICAL: current best loglike on valid set is 0.5682 (updated at epoch-38)[0m
[38;20m2026-09-28 09:32:16,347 - tpp_runner.py[pid:28788;line:104:_train_model] - INFO: [ Epoch 40 (train) ]: train loglike is 0.7451102069043738, num_events is 27940, mark_ll is -1.532756157167144, time_ll is 2.2778663367651664[0m
[38;20m2026-09-28 09:32:16,443 - tpp_runner.py[pid:28788;line:116:_train_model] - INFO: [ Epoch 40 (valid) ]:  valid loglike is 0.526558432023114, num_events is 7874, mark_ll is -1.611052730406242, time_ll is 2.1376112244411987[0m
[38;20m2026-09-28 09:32:16,586 - tpp_runner.py[pid:28788;line:136:_train_model] - INFO: [ Epoch 40 (test) ]: test loglike is 0.7282211878787996, num_events is 13081, mark_ll is -1.6821594774864308, time_ll is 2.4103807376872943[0m
[31;1m2026-09-28 09:32:16,586 - tpp_runner.py[pid:28788;line:140:_train_model] - CRITICAL: current best loglike on valid set is 0.5682 (updated at epoch-38)[0m
[38;20m2026-09-28 09:32:18,753 - tpp_runner.py[pid:28788;line:104:_train_model] - INFO: [ Epoch 41 (train) ]: train loglike is 0.7487490392533386, num_events is 27940, mark_ll is -1.5315922512526843, time_ll is 2.280341244631353[0m
[38;20m2026-09-28 09:32:18,845 - tpp_runner.py[pid:28788;line:116:_train_model] - INFO: [ Epoch 41 (valid) ]:  valid loglike is 0.5475717030535624, num_events is 7874, mark_ll is -1.605954302728918, time_ll is 2.153526067794323[0m
[38;20m2026-09-28 09:32:18,995 - tpp_runner.py[pid:28788;line:136:_train_model] - INFO: [ Epoch 41 (test) ]: test loglike is 0.7415448531363774, num_events is 13081, mark_ll is -1.6856880476693297, time_ll is 2.42723286114522[0m
[31;1m2026-09-28 09:32:18,995 - tpp_runner.py[pid:28788;line:140:_train_model] - CRITICAL: current best loglike on valid set is 0.5682 (updated at epoch-38)[0m
[38;20m2026-09-28 09:32:21,123 - tpp_runner.py[pid:28788;line:104:_train_model] - INFO: [ Epoch 42 (train) ]: train loglike is 0.7628867846347642, num_events is 27940, mark_ll is -1.5305009933395222, time_ll is 2.2933878085573998[0m
[38;20m2026-09-28 09:32:21,208 - tpp_runner.py[pid:28788;line:116:_train_model] - INFO: [ Epoch 42 (valid) ]:  valid loglike is 0.5763510582196946, num_events is 7874, mark_ll is -1.606552158905099, time_ll is 2.182903062095187[0m
[38;20m2026-09-28 09:32:21,380 - tpp_runner.py[pid:28788;line:136:_train_model] - INFO: [ Epoch 42 (test) ]: test loglike is 0.7187319008201901, num_events is 13081, mark_ll is -1.7092499789472804, time_ll is 2.427981949756565[0m
[31;1m2026-09-28 09:32:21,380 - tpp_runner.py[pid:28788;line:140:_train_model] - CRITICAL: current best loglike on valid set is 0.5764 (updated at epoch-42), best updated at this epoch[0m
[38;20m2026-09-28 09:32:23,532 - tpp_runner.py[pid:28788;line:104:_train_model] - INFO: [ Epoch 43 (train) ]: train loglike is 0.7788075626621779, num_events is 27940, mark_ll is -1.533135317868647, time_ll is 2.3119429329590195[0m
[38;20m2026-09-28 09:32:23,621 - tpp_runner.py[pid:28788;line:116:_train_model] - INFO: [ Epoch 43 (valid) ]:  valid loglike is 0.5947249656950486, num_events is 7874, mark_ll is -1.60525009624238, time_ll is 2.1999751704581536[0m
[38;20m2026-09-28 09:32:23,772 - tpp_runner.py[pid:28788;line:136:_train_model] - INFO: [ Epoch 43 (test) ]: test loglike is 0.7347428136877616, num_events is 13081, mark_ll is -1.6881317308978672, time_ll is 2.422874518922961[0m
[31;1m2026-09-28 09:32:23,772 - tpp_runner.py[pid:28788;line:140:_train_model] - CRITICAL: current best loglike on valid set is 0.5947 (updated at epoch-43), best updated at this epoch[0m
[38;20m2026-09-28 09:32:25,908 - tpp_runner.py[pid:28788;line:104:_train_model] - INFO: [ Epoch 44 (train) ]: train loglike is 0.7700737671247959, num_events is 27940, mark_ll is -1.5331228574344578, time_ll is 2.3031966343895403[0m
[38;20m2026-09-28 09:32:25,999 - tpp_runner.py[pid:28788;line:116:_train_model] - INFO: [ Epoch 44 (valid) ]:  valid loglike is 0.586989763457066, num_events is 7874, mark_ll is -1.6044624218154686, time_ll is 2.191452262787338[0m
[38;20m2026-09-28 09:32:26,145 - tpp_runner.py[pid:28788;line:136:_train_model] - INFO: [ Epoch 44 (test) ]: test loglike is 0.7500502055103776, num_events is 13081, mark_ll is -1.694175699801358, time_ll is 2.4442258959798564[0m
[31;1m2026-09-28 09:32:26,145 - tpp_runner.py[pid:28788;line:140:_train_model] - CRITICAL: current best loglike on valid set is 0.5947 (updated at epoch-43)[0m
[38;20m2026-09-28 09:32:28,290 - tpp_runner.py[pid:28788;line:104:_train_model] - INFO: [ Epoch 45 (train) ]: train loglike is 0.7907870970543743, num_events is 27940, mark_ll is -1.5290468798932981, time_ll is 2.319833917965954[0m
[38;20m2026-09-28 09:32:28,380 - tpp_runner.py[pid:28788;line:116:_train_model] - INFO: [ Epoch 45 (valid) ]:  valid loglike is 0.5813228577140748, num_events is 7874, mark_ll is -1.5990226809555181, time_ll is 2.1803454456518288[0m
[38;20m2026-09-28 09:32:28,534 - tpp_runner.py[pid:28788;line:136:_train_model] - INFO: [ Epoch 45 (test) ]: test loglike is 0.7558879725439688, num_events is 13081, mark_ll is -1.6944878604942282, time_ll is 2.450375959018567[0m
[31;1m2026-09-28 09:32:28,534 - tpp_runner.py[pid:28788;line:140:_train_model] - CRITICAL: current best loglike on valid set is 0.5947 (updated at epoch-43)[0m
[38;20m2026-09-28 09:32:30,676 - tpp_runner.py[pid:28788;line:104:_train_model] - INFO: [ Epoch 46 (train) ]: train loglike is 0.8100490649256777, num_events is 27940, mark_ll is -1.5230116782055296, time_ll is 2.3330607649762887[0m
[38;20m2026-09-28 09:32:30,771 - tpp_runner.py[pid:28788;line:116:_train_model] - INFO: [ Epoch 46 (valid) ]:  valid loglike is 0.6032084338338598, num_events is 7874, mark_ll is -1.6051271887700025, time_ll is 2.2083356071009015[0m
[38;20m2026-09-28 09:32:30,932 - tpp_runner.py[pid:28788;line:136:_train_model] - INFO: [ Epoch 46 (test) ]: test loglike is 0.7526193838511008, num_events is 13081, mark_ll is -1.67573768878765, time_ll is 2.428357221948819[0m
[31;1m2026-09-28 09:32:30,932 - tpp_runner.py[pid:28788;line:140:_train_model] - CRITICAL: current best loglike on valid set is 0.6032 (updated at epoch-46), best updated at this epoch[0m
[38;20m2026-09-28 09:32:33,061 - tpp_runner.py[pid:28788;line:104:_train_model] - INFO: [ Epoch 47 (train) ]: train loglike is 0.7965881282121007, num_events is 27940, mark_ll is -1.5270067240906855, time_ll is 2.3235949243915535[0m
[38;20m2026-09-28 09:32:33,156 - tpp_runner.py[pid:28788;line:116:_train_model] - INFO: [ Epoch 47 (valid) ]:  valid loglike is 0.6008929736365332, num_events is 7874, mark_ll is -1.5960041304848234, time_ll is 2.196897150630239[0m
[38;20m2026-09-28 09:32:33,314 - tpp_runner.py[pid:28788;line:136:_train_model] - INFO: [ Epoch 47 (test) ]: test loglike is 0.7586385346217199, num_events is 13081, mark_ll is -1.681221754267879, time_ll is 2.4398604428656068[0m
[31;1m2026-09-28 09:32:33,314 - tpp_runner.py[pid:28788;line:140:_train_model] - CRITICAL: current best loglike on valid set is 0.6032 (updated at epoch-46)[0m
[38;20m2026-09-28 09:32:35,436 - tpp_runner.py[pid:28788;line:104:_train_model] - INFO: [ Epoch 48 (train) ]: train loglike is 0.8042603347330496, num_events is 27940, mark_ll is -1.5218620677120616, time_ll is 2.326122347832409[0m
[38;20m2026-09-28 09:32:35,518 - tpp_runner.py[pid:28788;line:116:_train_model] - INFO: [ Epoch 48 (valid) ]:  valid loglike is 0.6174685376714504, num_events is 7874, mark_ll is -1.6008351630961075, time_ll is 2.218303638755715[0m
[38;20m2026-09-28 09:32:35,686 - tpp_runner.py[pid:28788;line:136:_train_model] - INFO: [ Epoch 48 (test) ]: test loglike is 0.7596057885721658, num_events is 13081, mark_ll is -1.7124548635664323, time_ll is 2.472060726793632[0m
[31;1m2026-09-28 09:32:35,686 - tpp_runner.py[pid:28788;line:140:_train_model] - CRITICAL: current best loglike on valid set is 0.6175 (updated at epoch-48), best updated at this epoch[0m
[38;20m2026-09-28 09:32:37,805 - tpp_runner.py[pid:28788;line:104:_train_model] - INFO: [ Epoch 49 (train) ]: train loglike is 0.8041375446251314, num_events is 27940, mark_ll is -1.5253889822499105, time_ll is 2.329526510491231[0m
[38;20m2026-09-28 09:32:37,897 - tpp_runner.py[pid:28788;line:116:_train_model] - INFO: [ Epoch 49 (valid) ]:  valid loglike is 0.640920362407131, num_events is 7874, mark_ll is -1.5948245412115825, time_ll is 2.235744841606871[0m
[38;20m2026-09-28 09:32:38,044 - tpp_runner.py[pid:28788;line:136:_train_model] - INFO: [ Epoch 49 (test) ]: test loglike is 0.787289060335004, num_events is 13081, mark_ll is -1.6836414359029794, time_ll is 2.4709304495785873[0m
[31;1m2026-09-28 09:32:38,044 - tpp_runner.py[pid:28788;line:140:_train_model] - CRITICAL: current best loglike on valid set is 0.6409 (updated at epoch-49), best updated at this epoch[0m
[38;20m2026-09-28 09:32:40,193 - tpp_runner.py[pid:28788;line:104:_train_model] - INFO: [ Epoch 50 (train) ]: train loglike is 0.8301465962218146, num_events is 27940, mark_ll is -1.5174222909303419, time_ll is 2.347568922104286[0m
[38;20m2026-09-28 09:32:40,288 - tpp_runner.py[pid:28788;line:116:_train_model] - INFO: [ Epoch 50 (valid) ]:  valid loglike is 0.6603314954676784, num_events is 7874, mark_ll is -1.5961478739363728, time_ll is 2.256479245380366[0m
[38;20m2026-09-28 09:32:40,446 - tpp_runner.py[pid:28788;line:136:_train_model] - INFO: [ Epoch 50 (test) ]: test loglike is 0.8314538819647175, num_events is 13081, mark_ll is -1.6847592643911016, time_ll is 2.5162131883492758[0m
[31;1m2026-09-28 09:32:40,446 - tpp_runner.py[pid:28788;line:140:_train_model] - CRITICAL: current best loglike on valid set is 0.6603 (updated at epoch-50), best updated at this epoch[0m
[38;20m2026-09-28 09:32:42,610 - tpp_runner.py[pid:28788;line:104:_train_model] - INFO: [ Epoch 51 (train) ]: train loglike is 0.8245324999755335, num_events is 27940, mark_ll is -1.5278118289191125, time_ll is 2.3523442393298137[0m
[38;20m2026-09-28 09:32:42,693 - tpp_runner.py[pid:28788;line:116:_train_model] - INFO: [ Epoch 51 (valid) ]:  valid loglike is 0.6448340693312246, num_events is 7874, mark_ll is -1.5968765130889637, time_ll is 2.2417106289290705[0m
[38;20m2026-09-28 09:32:42,868 - tpp_runner.py[pid:28788;line:136:_train_model] - INFO: [ Epoch 51 (test) ]: test loglike is 0.8233588546544129, num_events is 13081, mark_ll is -1.6839090928636955, time_ll is 2.507267816871799[0m
[31;1m2026-09-28 09:32:42,868 - tpp_runner.py[pid:28788;line:140:_train_model] - CRITICAL: current best loglike on valid set is 0.6603 (updated at epoch-50)[0m
[38;20m2026-09-28 09:32:45,025 - tpp_runner.py[pid:28788;line:104:_train_model] - INFO: [ Epoch 52 (train) ]: train loglike is 0.8540260811916999, num_events is 27940, mark_ll is -1.520841587861265, time_ll is 2.3748676362853436[0m
[38;20m2026-09-28 09:32:45,115 - tpp_runner.py[pid:28788;line:116:_train_model] - INFO: [ Epoch 52 (valid) ]:  valid loglike is 0.6593727613724759, num_events is 7874, mark_ll is -1.5918570264874905, time_ll is 2.251229570818517[0m
[38;20m2026-09-28 09:32:45,261 - tpp_runner.py[pid:28788;line:136:_train_model] - INFO: [ Epoch 52 (test) ]: test loglike is 0.8027355928102424, num_events is 13081, mark_ll is -1.673373681144169, time_ll is 2.4761093066159887[0m
[31;1m2026-09-28 09:32:45,261 - tpp_runner.py[pid:28788;line:140:_train_model] - CRITICAL: current best loglike on valid set is 0.6603 (updated at epoch-50)[0m
[38;20m2026-09-28 09:32:47,418 - tpp_runner.py[pid:28788;line:104:_train_model] - INFO: [ Epoch 53 (train) ]: train loglike is 0.8189635662496645, num_events is 27940, mark_ll is -1.515907727776038, time_ll is 2.3348714076201236[0m
[38;20m2026-09-28 09:32:47,509 - tpp_runner.py[pid:28788;line:116:_train_model] - INFO: [ Epoch 53 (valid) ]:  valid loglike is 0.6726983002305849, num_events is 7874, mark_ll is -1.5924489295267652, time_ll is 2.2651470127159006[0m
[38;20m2026-09-28 09:32:47,666 - tpp_runner.py[pid:28788;line:136:_train_model] - INFO: [ Epoch 53 (test) ]: test loglike is 0.8556076270270335, num_events is 13081, mark_ll is -1.688584802967448, time_ll is 2.544192308680051[0m
[31;1m2026-09-28 09:32:47,666 - tpp_runner.py[pid:28788;line:140:_train_model] - CRITICAL: current best loglike on valid set is 0.6727 (updated at epoch-53), best updated at this epoch[0m
[38;20m2026-09-28 09:32:49,791 - tpp_runner.py[pid:28788;line:104:_train_model] - INFO: [ Epoch 54 (train) ]: train loglike is 0.8653571443550913, num_events is 27940, mark_ll is -1.5167771445228615, time_ll is 2.382134271401888[0m
[38;20m2026-09-28 09:32:49,874 - tpp_runner.py[pid:28788;line:116:_train_model] - INFO: [ Epoch 54 (valid) ]:  valid loglike is 0.6558491554483109, num_events is 7874, mark_ll is -1.5937326366840234, time_ll is 2.249581668108649[0m
[38;20m2026-09-28 09:32:50,031 - tpp_runner.py[pid:28788;line:136:_train_model] - INFO: [ Epoch 54 (test) ]: test loglike is 0.7886967299937947, num_events is 13081, mark_ll is -1.6675372065758542, time_ll is 2.456233896909162[0m
[31;1m2026-09-28 09:32:50,031 - tpp_runner.py[pid:28788;line:140:_train_model] - CRITICAL: current best loglike on valid set is 0.6727 (updated at epoch-53)[0m
[38;20m2026-09-28 09:32:52,181 - tpp_runner.py[pid:28788;line:104:_train_model] - INFO: [ Epoch 55 (train) ]: train loglike is 0.8673775565735169, num_events is 27940, mark_ll is -1.5193223585976647, time_ll is 2.3866998758500357[0m
[38;20m2026-09-28 09:32:52,271 - tpp_runner.py[pid:28788;line:116:_train_model] - INFO: [ Epoch 55 (valid) ]:  valid loglike is 0.7256926598814135, num_events is 7874, mark_ll is -1.5921536911433198, time_ll is 2.317846164989205[0m
[38;20m2026-09-28 09:32:52,444 - tpp_runner.py[pid:28788;line:136:_train_model] - INFO: [ Epoch 55 (test) ]: test loglike is 0.8770296930692656, num_events is 13081, mark_ll is -1.6920778933454295, time_ll is 2.569107511759661[0m
[31;1m2026-09-28 09:32:52,444 - tpp_runner.py[pid:28788;line:140:_train_model] - CRITICAL: current best loglike on valid set is 0.7257 (updated at epoch-55), best updated at this epoch[0m
[38;20m2026-09-28 09:32:54,589 - tpp_runner.py[pid:28788;line:104:_train_model] - INFO: [ Epoch 56 (train) ]: train loglike is 0.8850348809145994, num_events is 27940, mark_ll is -1.5233883398297692, time_ll is 2.4084231836077308[0m
[38;20m2026-09-28 09:32:54,678 - tpp_runner.py[pid:28788;line:116:_train_model] - INFO: [ Epoch 56 (valid) ]:  valid loglike is 0.6572981241665609, num_events is 7874, mark_ll is -1.6042783086542736, time_ll is 2.2615763708089918[0m
[38;20m2026-09-28 09:32:54,823 - tpp_runner.py[pid:28788;line:136:_train_model] - INFO: [ Epoch 56 (test) ]: test loglike is 0.8295261490081631, num_events is 13081, mark_ll is -1.662095358517363, time_ll is 2.491621465532069[0m
[31;1m2026-09-28 09:32:54,823 - tpp_runner.py[pid:28788;line:140:_train_model] - CRITICAL: current best loglike on valid set is 0.7257 (updated at epoch-55)[0m
[38;20m2026-09-28 09:32:56,963 - tpp_runner.py[pid:28788;line:104:_train_model] - INFO: [ Epoch 57 (train) ]: train loglike is 0.8751646114231948, num_events is 27940, mark_ll is -1.517121527855449, time_ll is 2.3922861523856924[0m
[38;20m2026-09-28 09:32:57,070 - tpp_runner.py[pid:28788;line:116:_train_model] - INFO: [ Epoch 57 (valid) ]:  valid loglike is 0.6712870967245841, num_events is 7874, mark_ll is -1.5949442240681357, time_ll is 2.266231351798641[0m
[38;20m2026-09-28 09:32:57,219 - tpp_runner.py[pid:28788;line:136:_train_model] - INFO: [ Epoch 57 (test) ]: test loglike is 0.8783020294821688, num_events is 13081, mark_ll is -1.6652786864954419, time_ll is 2.543580734641369[0m
[31;1m2026-09-28 09:32:57,219 - tpp_runner.py[pid:28788;line:140:_train_model] - CRITICAL: current best loglike on valid set is 0.7257 (updated at epoch-55)[0m
[38;20m2026-09-28 09:32:59,356 - tpp_runner.py[pid:28788;line:104:_train_model] - INFO: [ Epoch 58 (train) ]: train loglike is 0.8914483148879295, num_events is 27940, mark_ll is -1.511631334723962, time_ll is 2.4030796496118914[0m
[38;20m2026-09-28 09:32:59,447 - tpp_runner.py[pid:28788;line:116:_train_model] - INFO: [ Epoch 58 (valid) ]:  valid loglike is 0.6961578764466123, num_events is 7874, mark_ll is -1.590181838566802, time_ll is 2.2863398080311788[0m
[38;20m2026-09-28 09:32:59,593 - tpp_runner.py[pid:28788;line:136:_train_model] - INFO: [ Epoch 58 (test) ]: test loglike is 0.8774635694632243, num_events is 13081, mark_ll is -1.68285970437801, time_ll is 2.5603233951556645[0m
[31;1m2026-09-28 09:33:00,595 - tpp_runner.py[pid:28788;line:140:_train_model] - CRITICAL: current best loglike on valid set is 0.7257 (updated at epoch-55)[0m
[38;20m2026-09-28 09:33:02,748 - tpp_runner.py[pid:28788;line:104:_train_model] - INFO: [ Epoch 59 (train) ]: train loglike is 0.9014838183873367, num_events is 27940, mark_ll is -1.5167467536462063, time_ll is 2.418230576402559[0m
[38;20m2026-09-28 09:33:02,839 - tpp_runner.py[pid:28788;line:116:_train_model] - INFO: [ Epoch 59 (valid) ]:  valid loglike is 0.7244591203049594, num_events is 7874, mark_ll is -1.5843578103171831, time_ll is 2.3088169926339854[0m
[38;20m2026-09-28 09:33:02,998 - tpp_runner.py[pid:28788;line:136:_train_model] - INFO: [ Epoch 59 (test) ]: test loglike is 0.877467218228012, num_events is 13081, mark_ll is -1.6645893965663463, time_ll is 2.5420566521218753[0m
[31;1m2026-09-28 09:33:02,998 - tpp_runner.py[pid:28788;line:140:_train_model] - CRITICAL: current best loglike on valid set is 0.7257 (updated at epoch-55)[0m
[38;20m2026-09-28 09:33:05,170 - tpp_runner.py[pid:28788;line:104:_train_model] - INFO: [ Epoch 60 (train) ]: train loglike is 0.9145155058132381, num_events is 27940, mark_ll is -1.504426390116097, time_ll is 2.4189418347631086[0m
[38;20m2026-09-28 09:33:05,264 - tpp_runner.py[pid:28788;line:116:_train_model] - INFO: [ Epoch 60 (valid) ]:  valid loglike is 0.6874656764450248, num_events is 7874, mark_ll is -1.5823525333574104, time_ll is 2.269818116784671[0m
[38;20m2026-09-28 09:33:05,420 - tpp_runner.py[pid:28788;line:136:_train_model] - INFO: [ Epoch 60 (test) ]: test loglike is 0.8924499889659859, num_events is 13081, mark_ll is -1.6684620797966756, time_ll is 2.560912012771386[0m
[31;1m2026-09-28 09:33:05,420 - tpp_runner.py[pid:28788;line:140:_train_model] - CRITICAL: current best loglike on valid set is 0.7257 (updated at epoch-55)[0m
[38;20m2026-09-28 09:33:07,561 - tpp_runner.py[pid:28788;line:104:_train_model] - INFO: [ Epoch 61 (train) ]: train loglike is 0.8969919585635514, num_events is 27940, mark_ll is -1.5065013058115604, time_ll is 2.403493308065274[0m
[38;20m2026-09-28 09:33:07,652 - tpp_runner.py[pid:28788;line:116:_train_model] - INFO: [ Epoch 61 (valid) ]:  valid loglike is 0.7105732424355474, num_events is 7874, mark_ll is -1.5806602921799593, time_ll is 2.2912335346155066[0m
[38;20m2026-09-28 09:33:07,803 - tpp_runner.py[pid:28788;line:136:_train_model] - INFO: [ Epoch 61 (test) ]: test loglike is 0.8896416298940855, num_events is 13081, mark_ll is -1.6715656948621809, time_ll is 2.5612073854134816[0m
[31;1m2026-09-28 09:33:07,803 - tpp_runner.py[pid:28788;line:140:_train_model] - CRITICAL: current best loglike on valid set is 0.7257 (updated at epoch-55)[0m
[38;20m2026-09-28 09:33:09,926 - tpp_runner.py[pid:28788;line:104:_train_model] - INFO: [ Epoch 62 (train) ]: train loglike is 0.909564208984375, num_events is 27940, mark_ll is -1.507614129188663, time_ll is 2.4171783425420545[0m
[38;20m2026-09-28 09:33:10,005 - tpp_runner.py[pid:28788;line:116:_train_model] - INFO: [ Epoch 62 (valid) ]:  valid loglike is 0.7256765678082138, num_events is 7874, mark_ll is -1.5829453045624842, time_ll is 2.3086219033766193[0m
[38;20m2026-09-28 09:33:10,163 - tpp_runner.py[pid:28788;line:136:_train_model] - INFO: [ Epoch 62 (test) ]: test loglike is 0.8881491777793173, num_events is 13081, mark_ll is -1.6684246029695982, time_ll is 2.556573883399587[0m
[31;1m2026-09-28 09:33:10,163 - tpp_runner.py[pid:28788;line:140:_train_model] - CRITICAL: current best loglike on valid set is 0.7257 (updated at epoch-55)[0m
[38;20m2026-09-28 09:33:12,296 - tpp_runner.py[pid:28788;line:104:_train_model] - INFO: [ Epoch 63 (train) ]: train loglike is 0.9231243463951772, num_events is 27940, mark_ll is -1.510859539275009, time_ll is 2.4339838507180565[0m
[38;20m2026-09-28 09:33:12,397 - tpp_runner.py[pid:28788;line:116:_train_model] - INFO: [ Epoch 63 (valid) ]:  valid loglike is 0.7375415107275527, num_events is 7874, mark_ll is -1.5824853627246318, time_ll is 2.32002699747587[0m
[38;20m2026-09-28 09:33:12,547 - tpp_runner.py[pid:28788;line:136:_train_model] - INFO: [ Epoch 63 (test) ]: test loglike is 0.9079453458334726, num_events is 13081, mark_ll is -1.6734268541921489, time_ll is 2.5813722140234403[0m
[31;1m2026-09-28 09:33:12,547 - tpp_runner.py[pid:28788;line:140:_train_model] - CRITICAL: current best loglike on valid set is 0.7375 (updated at epoch-63), best updated at this epoch[0m
[38;20m2026-09-28 09:33:14,695 - tpp_runner.py[pid:28788;line:104:_train_model] - INFO: [ Epoch 64 (train) ]: train loglike is 0.9182959849440206, num_events is 27940, mark_ll is -1.511105287697969, time_ll is 2.429401242058876[0m
[38;20m2026-09-28 09:33:14,774 - tpp_runner.py[pid:28788;line:116:_train_model] - INFO: [ Epoch 64 (valid) ]:  valid loglike is 0.7334068090987744, num_events is 7874, mark_ll is -1.5845274127071691, time_ll is 2.317934097782258[0m
[38;20m2026-09-28 09:33:14,932 - tpp_runner.py[pid:28788;line:136:_train_model] - INFO: [ Epoch 64 (test) ]: test loglike is 0.9090296775410185, num_events is 13081, mark_ll is -1.6733576116480964, time_ll is 2.582387317184753[0m
[31;1m2026-09-28 09:33:14,932 - tpp_runner.py[pid:28788;line:140:_train_model] - CRITICAL: current best loglike on valid set is 0.7375 (updated at epoch-63)[0m
[38;20m2026-09-28 09:33:17,079 - tpp_runner.py[pid:28788;line:104:_train_model] - INFO: [ Epoch 65 (train) ]: train loglike is 0.9209026951062824, num_events is 27940, mark_ll is -1.5113239482205172, time_ll is 2.4322267023085185[0m
[38;20m2026-09-28 09:33:17,174 - tpp_runner.py[pid:28788;line:116:_train_model] - INFO: [ Epoch 65 (valid) ]:  valid loglike is 0.7550762894494539, num_events is 7874, mark_ll is -1.5796705211574487, time_ll is 2.334746624571374[0m
[38;20m2026-09-28 09:33:17,332 - tpp_runner.py[pid:28788;line:136:_train_model] - INFO: [ Epoch 65 (test) ]: test loglike is 0.9168191651267822, num_events is 13081, mark_ll is -1.6691422711435002, time_ll is 2.5859615389209543[0m
[31;1m2026-09-28 09:33:17,332 - tpp_runner.py[pid:28788;line:140:_train_model] - CRITICAL: current best loglike on valid set is 0.7551 (updated at epoch-65), best updated at this epoch[0m
[38;20m2026-09-28 09:33:19,465 - tpp_runner.py[pid:28788;line:104:_train_model] - INFO: [ Epoch 66 (train) ]: train loglike is 0.9383963495471602, num_events is 27940, mark_ll is -1.5063460134999105, time_ll is 2.4447423608625627[0m
[38;20m2026-09-28 09:33:19,560 - tpp_runner.py[pid:28788;line:116:_train_model] - INFO: [ Epoch 66 (valid) ]:  valid loglike is 0.7756058060944246, num_events is 7874, mark_ll is -1.5811713937881, time_ll is 2.356777199882525[0m
[38;20m2026-09-28 09:33:19,720 - tpp_runner.py[pid:28788;line:136:_train_model] - INFO: [ Epoch 66 (test) ]: test loglike is 0.9289809554261668, num_events is 13081, mark_ll is -1.6759065584746005, time_ll is 2.604887467241371[0m
[31;1m2026-09-28 09:33:19,720 - tpp_runner.py[pid:28788;line:140:_train_model] - CRITICAL: current best loglike on valid set is 0.7756 (updated at epoch-66), best updated at this epoch[0m
[38;20m2026-09-28 09:33:21,841 - tpp_runner.py[pid:28788;line:104:_train_model] - INFO: [ Epoch 67 (train) ]: train loglike is 0.9336681805599052, num_events is 27940, mark_ll is -1.5050735462710272, time_ll is 2.438741744306997[0m
[38;20m2026-09-28 09:33:21,931 - tpp_runner.py[pid:28788;line:116:_train_model] - INFO: [ Epoch 67 (valid) ]:  valid loglike is 0.7499343604644241, num_events is 7874, mark_ll is -1.5812691864641542, time_ll is 2.3312036399463425[0m
[38;20m2026-09-28 09:33:22,073 - tpp_runner.py[pid:28788;line:136:_train_model] - INFO: [ Epoch 67 (test) ]: test loglike is 0.9232172881797789, num_events is 13081, mark_ll is -1.6656609669290143, time_ll is 2.5888783857551028[0m
[31;1m2026-09-28 09:33:22,073 - tpp_runner.py[pid:28788;line:140:_train_model] - CRITICAL: current best loglike on valid set is 0.7756 (updated at epoch-66)[0m
[38;20m2026-09-28 09:33:24,208 - tpp_runner.py[pid:28788;line:104:_train_model] - INFO: [ Epoch 68 (train) ]: train loglike is 0.9354870544302524, num_events is 27940, mark_ll is -1.5067691964085987, time_ll is 2.4422562333627864[0m
[38;20m2026-09-28 09:33:24,304 - tpp_runner.py[pid:28788;line:116:_train_model] - INFO: [ Epoch 68 (valid) ]:  valid loglike is 0.7770620922101219, num_events is 7874, mark_ll is -1.579250638970028, time_ll is 2.3563128552038353[0m
[38;20m2026-09-28 09:33:24,460 - tpp_runner.py[pid:28788;line:136:_train_model] - INFO: [ Epoch 68 (test) ]: test loglike is 0.9386985725733531, num_events is 13081, mark_ll is -1.67299460154518, time_ll is 2.611693113461318[0m
[31;1m2026-09-28 09:33:24,460 - tpp_runner.py[pid:28788;line:140:_train_model] - CRITICAL: current best loglike on valid set is 0.7771 (updated at epoch-68), best updated at this epoch[0m
[38;20m2026-09-28 09:33:26,611 - tpp_runner.py[pid:28788;line:104:_train_model] - INFO: [ Epoch 69 (train) ]: train loglike is 0.967573742876756, num_events is 27940, mark_ll is -1.5062226499586167, time_ll is 2.4737963185620973[0m
[38;20m2026-09-28 09:33:26,692 - tpp_runner.py[pid:28788;line:116:_train_model] - INFO: [ Epoch 69 (valid) ]:  valid loglike is 0.7542123404559309, num_events is 7874, mark_ll is -1.5830130835066358, time_ll is 2.3372254859744093[0m
[38;20m2026-09-28 09:33:26,847 - tpp_runner.py[pid:28788;line:136:_train_model] - INFO: [ Epoch 69 (test) ]: test loglike is 0.9443479662923563, num_events is 13081, mark_ll is -1.661716941481801, time_ll is 2.6060650197567083[0m
[31;1m2026-09-28 09:33:26,847 - tpp_runner.py[pid:28788;line:140:_train_model] - CRITICAL: current best loglike on valid set is 0.7771 (updated at epoch-68)[0m
[38;20m2026-09-28 09:33:28,994 - tpp_runner.py[pid:28788;line:104:_train_model] - INFO: [ Epoch 70 (train) ]: train loglike is 0.9672622538671036, num_events is 27940, mark_ll is -1.5042411438294112, time_ll is 2.471503406434547[0m
[38;20m2026-09-28 09:33:29,091 - tpp_runner.py[pid:28788;line:116:_train_model] - INFO: [ Epoch 70 (valid) ]:  valid loglike is 0.799084854029083, num_events is 7874, mark_ll is -1.5804918060031432, time_ll is 2.379576722044069[0m
[38;20m2026-09-28 09:33:29,248 - tpp_runner.py[pid:28788;line:136:_train_model] - INFO: [ Epoch 70 (test) ]: test loglike is 0.9444630190316585, num_events is 13081, mark_ll is -1.6695400145009938, time_ll is 2.6140030895239277[0m
[31;1m2026-09-28 09:33:29,248 - tpp_runner.py[pid:28788;line:140:_train_model] - CRITICAL: current best loglike on valid set is 0.7991 (updated at epoch-70), best updated at this epoch[0m
[38;20m2026-09-28 09:33:31,369 - tpp_runner.py[pid:28788;line:104:_train_model] - INFO: [ Epoch 71 (train) ]: train loglike is 0.9745669300076615, num_events is 27940, mark_ll is -1.5051608217385468, time_ll is 2.4797277998053864[0m
[38;20m2026-09-28 09:33:31,456 - tpp_runner.py[pid:28788;line:116:_train_model] - INFO: [ Epoch 71 (valid) ]:  valid loglike is 0.8207949521367792, num_events is 7874, mark_ll is -1.580788904741872, time_ll is 2.401583856878651[0m
[38;20m2026-09-28 09:33:31,613 - tpp_runner.py[pid:28788;line:136:_train_model] - INFO: [ Epoch 71 (test) ]: test loglike is 0.950329677563415, num_events is 13081, mark_ll is -1.683962919143223, time_ll is 2.6342926107044566[0m
[31;1m2026-09-28 09:33:31,613 - tpp_runner.py[pid:28788;line:140:_train_model] - CRITICAL: current best loglike on valid set is 0.8208 (updated at epoch-71), best updated at this epoch[0m
[38;20m2026-09-28 09:33:33,749 - tpp_runner.py[pid:28788;line:104:_train_model] - INFO: [ Epoch 72 (train) ]: train loglike is 0.9640309469650367, num_events is 27940, mark_ll is -1.5034358292882068, time_ll is 2.4674667675152113[0m
[38;20m2026-09-28 09:33:33,833 - tpp_runner.py[pid:28788;line:116:_train_model] - INFO: [ Epoch 72 (valid) ]:  valid loglike is 0.7651398193421387, num_events is 7874, mark_ll is -1.5802924379286258, time_ll is 2.3454322572707644[0m
[38;20m2026-09-28 09:33:33,988 - tpp_runner.py[pid:28788;line:136:_train_model] - INFO: [ Epoch 72 (test) ]: test loglike is 0.9526317261946, num_events is 13081, mark_ll is -1.6562307203374647, time_ll is 2.608862343881393[0m
[31;1m2026-09-28 09:33:33,988 - tpp_runner.py[pid:28788;line:140:_train_model] - CRITICAL: current best loglike on valid set is 0.8208 (updated at epoch-71)[0m
[38;20m2026-09-28 09:33:36,109 - tpp_runner.py[pid:28788;line:104:_train_model] - INFO: [ Epoch 73 (train) ]: train loglike is 0.9627149031686203, num_events is 27940, mark_ll is -1.5025021880033107, time_ll is 2.465217091171931[0m
[38;20m2026-09-28 09:33:36,203 - tpp_runner.py[pid:28788;line:116:_train_model] - INFO: [ Epoch 73 (valid) ]:  valid loglike is 0.7599608072751302, num_events is 7874, mark_ll is -1.5802245349607886, time_ll is 2.3401853112299973[0m
[38;20m2026-09-28 09:33:36,376 - tpp_runner.py[pid:28788;line:136:_train_model] - INFO: [ Epoch 73 (test) ]: test loglike is 0.9751290300280464, num_events is 13081, mark_ll is -1.657771833536594, time_ll is 2.6329009288877954[0m
[31;1m2026-09-28 09:33:36,376 - tpp_runner.py[pid:28788;line:140:_train_model] - CRITICAL: current best loglike on valid set is 0.8208 (updated at epoch-71)[0m
[38;20m2026-09-28 09:33:38,506 - tpp_runner.py[pid:28788;line:104:_train_model] - INFO: [ Epoch 74 (train) ]: train loglike is 0.9843673979118199, num_events is 27940, mark_ll is -1.5021781118579993, time_ll is 2.486545457341625[0m
[38;20m2026-09-28 09:33:38,600 - tpp_runner.py[pid:28788;line:116:_train_model] - INFO: [ Epoch 74 (valid) ]:  valid loglike is 0.7841741994519146, num_events is 7874, mark_ll is -1.5788935127674943, time_ll is 2.363067805237173[0m
[38;20m2026-09-28 09:33:38,759 - tpp_runner.py[pid:28788;line:136:_train_model] - INFO: [ Epoch 74 (test) ]: test loglike is 0.9488563511351746, num_events is 13081, mark_ll is -1.6588819352286952, time_ll is 2.607738337689206[0m
[31;1m2026-09-28 09:33:38,759 - tpp_runner.py[pid:28788;line:140:_train_model] - CRITICAL: current best loglike on valid set is 0.8208 (updated at epoch-71)[0m
[38;20m2026-09-28 09:33:40,908 - tpp_runner.py[pid:28788;line:104:_train_model] - INFO: [ Epoch 75 (train) ]: train loglike is 0.9893511172098693, num_events is 27940, mark_ll is -1.5034307961815498, time_ll is 2.492782035723873[0m
[38;20m2026-09-28 09:33:40,986 - tpp_runner.py[pid:28788;line:116:_train_model] - INFO: [ Epoch 75 (valid) ]:  valid loglike is 0.7894272846651162, num_events is 7874, mark_ll is -1.5783465063023876, time_ll is 2.3677737599615822[0m
[38;20m2026-09-28 09:33:41,157 - tpp_runner.py[pid:28788;line:136:_train_model] - INFO: [ Epoch 75 (test) ]: test loglike is 0.9586482593730888, num_events is 13081, mark_ll is -1.6649751951183969, time_ll is 2.623623510482761[0m
[31;1m2026-09-28 09:33:41,157 - tpp_runner.py[pid:28788;line:140:_train_model] - CRITICAL: current best loglike on valid set is 0.8208 (updated at epoch-71)[0m
[38;20m2026-09-28 09:33:43,294 - tpp_runner.py[pid:28788;line:104:_train_model] - INFO: [ Epoch 76 (train) ]: train loglike is 0.9956351605840641, num_events is 27940, mark_ll is -1.5042894476724677, time_ll is 2.4999246432086615[0m
[38;20m2026-09-28 09:33:43,392 - tpp_runner.py[pid:28788;line:116:_train_model] - INFO: [ Epoch 76 (valid) ]:  valid loglike is 0.8130776403154368, num_events is 7874, mark_ll is -1.5781014975115888, time_ll is 2.3911791378270255[0m
[38;20m2026-09-28 09:33:43,530 - tpp_runner.py[pid:28788;line:136:_train_model] - INFO: [ Epoch 76 (test) ]: test loglike is 0.9589873472035418, num_events is 13081, mark_ll is -1.664564835060154, time_ll is 2.623552177597756[0m
[31;1m2026-09-28 09:33:43,530 - tpp_runner.py[pid:28788;line:140:_train_model] - CRITICAL: current best loglike on valid set is 0.8208 (updated at epoch-71)[0m
[38;20m2026-09-28 09:33:45,707 - tpp_runner.py[pid:28788;line:104:_train_model] - INFO: [ Epoch 77 (train) ]: train loglike is 0.9816388074892627, num_events is 27940, mark_ll is -1.5035203260614263, time_ll is 2.485159116074624[0m
[38;20m2026-09-28 09:33:45,788 - tpp_runner.py[pid:28788;line:116:_train_model] - INFO: [ Epoch 77 (valid) ]:  valid loglike is 0.7884524584967139, num_events is 7874, mark_ll is -1.5768183484609157, time_ll is 2.3652708379635508[0m
[38;20m2026-09-28 09:33:45,946 - tpp_runner.py[pid:28788;line:136:_train_model] - INFO: [ Epoch 77 (test) ]: test loglike is 0.9595120461123242, num_events is 13081, mark_ll is -1.6619017966779106, time_ll is 2.6214137961308386[0m
[31;1m2026-09-28 09:33:45,946 - tpp_runner.py[pid:28788;line:140:_train_model] - CRITICAL: current best loglike on valid set is 0.8208 (updated at epoch-71)[0m
[38;20m2026-09-28 09:33:48,110 - tpp_runner.py[pid:28788;line:104:_train_model] - INFO: [ Epoch 78 (train) ]: train loglike is 0.9905229703647884, num_events is 27940, mark_ll is -1.5019798109509217, time_ll is 2.4925026983044023[0m
[38;20m2026-09-28 09:33:48,189 - tpp_runner.py[pid:28788;line:116:_train_model] - INFO: [ Epoch 78 (valid) ]:  valid loglike is 0.7924595707589853, num_events is 7874, mark_ll is -1.5758461888017525, time_ll is 2.368305945596266[0m
[38;20m2026-09-28 09:33:48,346 - tpp_runner.py[pid:28788;line:136:_train_model] - INFO: [ Epoch 78 (test) ]: test loglike is 0.9761664970379869, num_events is 13081, mark_ll is -1.6656637758246693, time_ll is 2.641830417506785[0m
[31;1m2026-09-28 09:33:48,346 - tpp_runner.py[pid:28788;line:140:_train_model] - CRITICAL: current best loglike on valid set is 0.8208 (updated at epoch-71)[0m
[38;20m2026-09-28 09:33:50,480 - tpp_runner.py[pid:28788;line:104:_train_model] - INFO: [ Epoch 79 (train) ]: train loglike is 0.9913929681907659, num_events is 27940, mark_ll is -1.501748445329277, time_ll is 2.493141483424302[0m
[38;20m2026-09-28 09:33:50,574 - tpp_runner.py[pid:28788;line:116:_train_model] - INFO: [ Epoch 79 (valid) ]:  valid loglike is 0.8215466907008033, num_events is 7874, mark_ll is -1.5764814381191263, time_ll is 2.398028097814008[0m
[38;20m2026-09-28 09:33:50,732 - tpp_runner.py[pid:28788;line:136:_train_model] - INFO: [ Epoch 79 (test) ]: test loglike is 0.9782161556629129, num_events is 13081, mark_ll is -1.6672569142506306, time_ll is 2.645473023254147[0m
[31;1m2026-09-28 09:33:50,732 - tpp_runner.py[pid:28788;line:140:_train_model] - CRITICAL: current best loglike on valid set is 0.8215 (updated at epoch-79), best updated at this epoch[0m
[38;20m2026-09-28 09:33:52,879 - tpp_runner.py[pid:28788;line:104:_train_model] - INFO: [ Epoch 80 (train) ]: train loglike is 0.9905336176572567, num_events is 27940, mark_ll is -1.5019606746599856, time_ll is 2.492494292317242[0m
[38;20m2026-09-28 09:33:52,958 - tpp_runner.py[pid:28788;line:116:_train_model] - INFO: [ Epoch 80 (valid) ]:  valid loglike is 0.7899216740816294, num_events is 7874, mark_ll is -1.5773074358648718, time_ll is 2.3672290479346585[0m
[38;20m2026-09-28 09:33:53,117 - tpp_runner.py[pid:28788;line:136:_train_model] - INFO: [ Epoch 80 (test) ]: test loglike is 0.9751715927293164, num_events is 13081, mark_ll is -1.664311707835434, time_ll is 2.639483393883543[0m
[31;1m2026-09-28 09:33:53,117 - tpp_runner.py[pid:28788;line:140:_train_model] - CRITICAL: current best loglike on valid set is 0.8215 (updated at epoch-79)[0m
[38;20m2026-09-28 09:33:55,265 - tpp_runner.py[pid:28788;line:104:_train_model] - INFO: [ Epoch 81 (train) ]: train loglike is 0.9839033384876074, num_events is 27940, mark_ll is -1.502243297579635, time_ll is 2.4861466011151125[0m
[38;20m2026-09-28 09:33:55,360 - tpp_runner.py[pid:28788;line:116:_train_model] - INFO: [ Epoch 81 (valid) ]:  valid loglike is 0.7914016797271876, num_events is 7874, mark_ll is -1.5788297645931229, time_ll is 2.3702312892907034[0m
[38;20m2026-09-28 09:33:55,517 - tpp_runner.py[pid:28788;line:136:_train_model] - INFO: [ Epoch 81 (test) ]: test loglike is 0.984390938849763, num_events is 13081, mark_ll is -1.6600951821821726, time_ll is 2.6444861583594528[0m
[31;1m2026-09-28 09:33:55,517 - tpp_runner.py[pid:28788;line:140:_train_model] - CRITICAL: current best loglike on valid set is 0.8215 (updated at epoch-79)[0m
[38;20m2026-09-28 09:33:57,682 - tpp_runner.py[pid:28788;line:104:_train_model] - INFO: [ Epoch 82 (train) ]: train loglike is 1.0028838696271587, num_events is 27940, mark_ll is -1.5023438723324534, time_ll is 2.5052278249709197[0m
[38;20m2026-09-28 09:33:57,761 - tpp_runner.py[pid:28788;line:116:_train_model] - INFO: [ Epoch 82 (valid) ]:  valid loglike is 0.7927986515152717, num_events is 7874, mark_ll is -1.579279908559817, time_ll is 2.372078622086932[0m
[38;20m2026-09-28 09:33:57,919 - tpp_runner.py[pid:28788;line:136:_train_model] - INFO: [ Epoch 82 (test) ]: test loglike is 1.005583617968093, num_events is 13081, mark_ll is -1.666866533745867, time_ll is 2.6724501237183222[0m
[31;1m2026-09-28 09:33:57,919 - tpp_runner.py[pid:28788;line:140:_train_model] - CRITICAL: current best loglike on valid set is 0.8215 (updated at epoch-79)[0m
[38;20m2026-09-28 09:34:00,084 - tpp_runner.py[pid:28788;line:104:_train_model] - INFO: [ Epoch 83 (train) ]: train loglike is 1.0057077788760513, num_events is 27940, mark_ll is -1.5027097512247227, time_ll is 2.5084175213627415[0m
[38;20m2026-09-28 09:34:00,172 - tpp_runner.py[pid:28788;line:116:_train_model] - INFO: [ Epoch 83 (valid) ]:  valid loglike is 0.83113852751143, num_events is 7874, mark_ll is -1.578960733605061, time_ll is 2.4100993231283336[0m
[38;20m2026-09-28 09:34:00,322 - tpp_runner.py[pid:28788;line:136:_train_model] - INFO: [ Epoch 83 (test) ]: test loglike is 0.964027812471631, num_events is 13081, mark_ll is -1.665909820153037, time_ll is 2.629937571967453[0m
[31;1m2026-09-28 09:34:00,322 - tpp_runner.py[pid:28788;line:140:_train_model] - CRITICAL: current best loglike on valid set is 0.8311 (updated at epoch-83), best updated at this epoch[0m
[38;20m2026-09-28 09:34:02,501 - tpp_runner.py[pid:28788;line:104:_train_model] - INFO: [ Epoch 84 (train) ]: train loglike is 0.9985341885129128, num_events is 27940, mark_ll is -1.5040423186403902, time_ll is 2.5025764787546976[0m
[38;20m2026-09-28 09:34:02,596 - tpp_runner.py[pid:28788;line:116:_train_model] - INFO: [ Epoch 84 (valid) ]:  valid loglike is 0.8216127953252, num_events is 7874, mark_ll is -1.577621091765621, time_ll is 2.399233732061214[0m
[38;20m2026-09-28 09:34:02,745 - tpp_runner.py[pid:28788;line:136:_train_model] - INFO: [ Epoch 84 (test) ]: test loglike is 0.9747367458199153, num_events is 13081, mark_ll is -1.6652876264357657, time_ll is 2.6400243255962845[0m
[31;1m2026-09-28 09:34:02,745 - tpp_runner.py[pid:28788;line:140:_train_model] - CRITICAL: current best loglike on valid set is 0.8311 (updated at epoch-83)[0m
[38;20m2026-09-28 09:34:04,906 - tpp_runner.py[pid:28788;line:104:_train_model] - INFO: [ Epoch 85 (train) ]: train loglike is 1.0117730044431148, num_events is 27940, mark_ll is -1.5029888964074802, time_ll is 2.514761874636498[0m
[38;20m2026-09-28 09:34:05,001 - tpp_runner.py[pid:28788;line:116:_train_model] - INFO: [ Epoch 85 (valid) ]:  valid loglike is 0.8024489344877127, num_events is 7874, mark_ll is -1.5772535475735014, time_ll is 2.379702482061214[0m
[38;20m2026-09-28 09:34:05,143 - tpp_runner.py[pid:28788;line:136:_train_model] - INFO: [ Epoch 85 (test) ]: test loglike is 0.9695205332698666, num_events is 13081, mark_ll is -1.6644341700868626, time_ll is 2.6339547220204875[0m
[31;1m2026-09-28 09:34:05,143 - tpp_runner.py[pid:28788;line:140:_train_model] - CRITICAL: current best loglike on valid set is 0.8311 (updated at epoch-83)[0m
[38;20m2026-09-28 09:34:07,351 - tpp_runner.py[pid:28788;line:104:_train_model] - INFO: [ Epoch 86 (train) ]: train loglike is 0.9878272393130368, num_events is 27940, mark_ll is -1.5013420044906496, time_ll is 2.4891692438036865[0m
[38;20m2026-09-28 09:34:07,431 - tpp_runner.py[pid:28788;line:116:_train_model] - INFO: [ Epoch 86 (valid) ]:  valid loglike is 0.8080895627123286, num_events is 7874, mark_ll is -1.577670391180626, time_ll is 2.385759922887033[0m
[38;20m2026-09-28 09:34:07,590 - tpp_runner.py[pid:28788;line:136:_train_model] - INFO: [ Epoch 86 (test) ]: test loglike is 0.9773399295286341, num_events is 13081, mark_ll is -1.6641310333212294, time_ll is 2.641470916190467[0m
[31;1m2026-09-28 09:34:07,590 - tpp_runner.py[pid:28788;line:140:_train_model] - CRITICAL: current best loglike on valid set is 0.8311 (updated at epoch-83)[0m
[38;20m2026-09-28 09:34:09,730 - tpp_runner.py[pid:28788;line:104:_train_model] - INFO: [ Epoch 87 (train) ]: train loglike is 1.010047863446224, num_events is 27940, mark_ll is -1.5004774460898354, time_ll is 2.5105252745839297[0m
[38;20m2026-09-28 09:34:09,825 - tpp_runner.py[pid:28788;line:116:_train_model] - INFO: [ Epoch 87 (valid) ]:  valid loglike is 0.8288243075509588, num_events is 7874, mark_ll is -1.5775244773145796, time_ll is 2.406348846877381[0m
[38;20m2026-09-28 09:34:09,984 - tpp_runner.py[pid:28788;line:136:_train_model] - INFO: [ Epoch 87 (test) ]: test loglike is 0.9927209615434003, num_events is 13081, mark_ll is -1.6628777619376385, time_ll is 2.655598784138254[0m
[31;1m2026-09-28 09:34:09,984 - tpp_runner.py[pid:28788;line:140:_train_model] - CRITICAL: current best loglike on valid set is 0.8311 (updated at epoch-83)[0m
[38;20m2026-09-28 09:34:12,129 - tpp_runner.py[pid:28788;line:104:_train_model] - INFO: [ Epoch 88 (train) ]: train loglike is 1.020700285139473, num_events is 27940, mark_ll is -1.50029055705306, time_ll is 2.5209908509305654[0m
[38;20m2026-09-28 09:34:12,235 - tpp_runner.py[pid:28788;line:116:_train_model] - INFO: [ Epoch 88 (valid) ]:  valid loglike is 0.7927220668894462, num_events is 7874, mark_ll is -1.5756256126770065, time_ll is 2.3683477415782956[0m
[38;20m2026-09-28 09:34:12,381 - tpp_runner.py[pid:28788;line:136:_train_model] - INFO: [ Epoch 88 (test) ]: test loglike is 0.9897976943763259, num_events is 13081, mark_ll is -1.6619845891106375, time_ll is 2.6517822321616276[0m
[31;1m2026-09-28 09:34:12,381 - tpp_runner.py[pid:28788;line:140:_train_model] - CRITICAL: current best loglike on valid set is 0.8311 (updated at epoch-83)[0m
[38;20m2026-09-28 09:34:14,542 - tpp_runner.py[pid:28788;line:104:_train_model] - INFO: [ Epoch 89 (train) ]: train loglike is 1.005550197199915, num_events is 27940, mark_ll is -1.5012647952364442, time_ll is 2.506814966222262[0m
[38;20m2026-09-28 09:34:14,636 - tpp_runner.py[pid:28788;line:116:_train_model] - INFO: [ Epoch 89 (valid) ]:  valid loglike is 0.8007575924819819, num_events is 7874, mark_ll is -1.575688554697422, time_ll is 2.3764461161734824[0m
[38;20m2026-09-28 09:34:14,780 - tpp_runner.py[pid:28788;line:136:_train_model] - INFO: [ Epoch 89 (test) ]: test loglike is 0.9879536917063633, num_events is 13081, mark_ll is -1.6619270394112884, time_ll is 2.6498808804277196[0m
[31;1m2026-09-28 09:34:14,780 - tpp_runner.py[pid:28788;line:140:_train_model] - CRITICAL: current best loglike on valid set is 0.8311 (updated at epoch-83)[0m
[38;20m2026-09-28 09:34:16,929 - tpp_runner.py[pid:28788;line:104:_train_model] - INFO: [ Epoch 90 (train) ]: train loglike is 1.0125400289263824, num_events is 27940, mark_ll is -1.5014412510625448, time_ll is 2.5139813586312187[0m
[38;20m2026-09-28 09:34:17,024 - tpp_runner.py[pid:28788;line:116:_train_model] - INFO: [ Epoch 90 (valid) ]:  valid loglike is 0.8039312655773749, num_events is 7874, mark_ll is -1.5755319747944183, time_ll is 2.379463364395479[0m
[38;20m2026-09-28 09:34:17,178 - tpp_runner.py[pid:28788;line:136:_train_model] - INFO: [ Epoch 90 (test) ]: test loglike is 0.979551449599192, num_events is 13081, mark_ll is -1.6611560115518214, time_ll is 2.6407074938125907[0m
[31;1m2026-09-28 09:34:17,178 - tpp_runner.py[pid:28788;line:140:_train_model] - CRITICAL: current best loglike on valid set is 0.8311 (updated at epoch-83)[0m
[38;20m2026-09-28 09:34:19,344 - tpp_runner.py[pid:28788;line:104:_train_model] - INFO: [ Epoch 91 (train) ]: train loglike is 1.0194120370240918, num_events is 27940, mark_ll is -1.500067317801539, time_ll is 2.5194794159918574[0m
[38;20m2026-09-28 09:34:19,423 - tpp_runner.py[pid:28788;line:116:_train_model] - INFO: [ Epoch 91 (valid) ]:  valid loglike is 0.8307469847361569, num_events is 7874, mark_ll is -1.575092868935738, time_ll is 2.4058399776955803[0m
[38;20m2026-09-28 09:34:19,582 - tpp_runner.py[pid:28788;line:136:_train_model] - INFO: [ Epoch 91 (test) ]: test loglike is 0.9842143190370934, num_events is 13081, mark_ll is -1.6617881903798926, time_ll is 2.646002607401718[0m
[31;1m2026-09-28 09:34:19,582 - tpp_runner.py[pid:28788;line:140:_train_model] - CRITICAL: current best loglike on valid set is 0.8311 (updated at epoch-83)[0m
[38;20m2026-09-28 09:34:21,729 - tpp_runner.py[pid:28788;line:104:_train_model] - INFO: [ Epoch 92 (train) ]: train loglike is 1.013450628019864, num_events is 27940, mark_ll is -1.5015517522201594, time_ll is 2.515002397716088[0m
[38;20m2026-09-28 09:34:21,824 - tpp_runner.py[pid:28788;line:116:_train_model] - INFO: [ Epoch 92 (valid) ]:  valid loglike is 0.8232328237117412, num_events is 7874, mark_ll is -1.5749547685618808, time_ll is 2.398187592273622[0m
[38;20m2026-09-28 09:34:21,967 - tpp_runner.py[pid:28788;line:136:_train_model] - INFO: [ Epoch 92 (test) ]: test loglike is 0.9862794685815782, num_events is 13081, mark_ll is -1.6628400238179422, time_ll is 2.649119473735762[0m
[31;1m2026-09-28 09:34:21,967 - tpp_runner.py[pid:28788;line:140:_train_model] - CRITICAL: current best loglike on valid set is 0.8311 (updated at epoch-83)[0m
[38;20m2026-09-28 09:34:24,144 - tpp_runner.py[pid:28788;line:104:_train_model] - INFO: [ Epoch 93 (train) ]: train loglike is 1.0143094193193003, num_events is 27940, mark_ll is -1.4995831084746332, time_ll is 2.513892580222128[0m
[38;20m2026-09-28 09:34:24,240 - tpp_runner.py[pid:28788;line:116:_train_model] - INFO: [ Epoch 93 (valid) ]:  valid loglike is 0.8484112441857696, num_events is 7874, mark_ll is -1.574192456978664, time_ll is 2.4226037631762765[0m
[38;20m2026-09-28 09:34:24,414 - tpp_runner.py[pid:28788;line:136:_train_model] - INFO: [ Epoch 93 (test) ]: test loglike is 0.990490236465341, num_events is 13081, mark_ll is -1.6636592135062305, time_ll is 2.654149617945398[0m
[31;1m2026-09-28 09:34:24,414 - tpp_runner.py[pid:28788;line:140:_train_model] - CRITICAL: current best loglike on valid set is 0.8484 (updated at epoch-93), best updated at this epoch[0m
[38;20m2026-09-28 09:34:26,562 - tpp_runner.py[pid:28788;line:104:_train_model] - INFO: [ Epoch 94 (train) ]: train loglike is 1.018775016986735, num_events is 27940, mark_ll is -1.4997526088269506, time_ll is 2.518527634551718[0m
[38;20m2026-09-28 09:34:26,642 - tpp_runner.py[pid:28788;line:116:_train_model] - INFO: [ Epoch 94 (valid) ]:  valid loglike is 0.8417476996086805, num_events is 7874, mark_ll is -1.5742131689341503, time_ll is 2.415960806530988[0m
[38;20m2026-09-28 09:34:26,801 - tpp_runner.py[pid:28788;line:136:_train_model] - INFO: [ Epoch 94 (test) ]: test loglike is 0.9937452146123193, num_events is 13081, mark_ll is -1.663883486560302, time_ll is 2.657628579858191[0m
[31;1m2026-09-28 09:34:26,801 - tpp_runner.py[pid:28788;line:140:_train_model] - CRITICAL: current best loglike on valid set is 0.8484 (updated at epoch-93)[0m
[38;20m2026-09-28 09:34:28,945 - tpp_runner.py[pid:28788;line:104:_train_model] - INFO: [ Epoch 95 (train) ]: train loglike is 1.0234114606634752, num_events is 27940, mark_ll is -1.500053389377908, time_ll is 2.5234648675174483[0m
[38;20m2026-09-28 09:34:29,040 - tpp_runner.py[pid:28788;line:116:_train_model] - INFO: [ Epoch 95 (valid) ]:  valid loglike is 0.8142828404797434, num_events is 7874, mark_ll is -1.5741344138938278, time_ll is 2.388417254373571[0m
[38;20m2026-09-28 09:34:29,199 - tpp_runner.py[pid:28788;line:136:_train_model] - INFO: [ Epoch 95 (test) ]: test loglike is 0.9954143705266704, num_events is 13081, mark_ll is -1.663995795727104, time_ll is 2.659410184917533[0m
[31;1m2026-09-28 09:34:29,199 - tpp_runner.py[pid:28788;line:140:_train_model] - CRITICAL: current best loglike on valid set is 0.8484 (updated at epoch-93)[0m
[38;20m2026-09-28 09:34:31,331 - tpp_runner.py[pid:28788;line:104:_train_model] - INFO: [ Epoch 96 (train) ]: train loglike is 1.0276786088772816, num_events is 27940, mark_ll is -1.5004652477966178, time_ll is 2.5281439091020936[0m
[38;20m2026-09-28 09:34:31,427 - tpp_runner.py[pid:28788;line:116:_train_model] - INFO: [ Epoch 96 (valid) ]:  valid loglike is 0.7996323875948533, num_events is 7874, mark_ll is -1.5741067566119507, time_ll is 2.3737391752127253[0m
[38;20m2026-09-28 09:34:31,585 - tpp_runner.py[pid:28788;line:136:_train_model] - INFO: [ Epoch 96 (test) ]: test loglike is 0.9995817358400304, num_events is 13081, mark_ll is -1.664108132889544, time_ll is 2.6636897847426613[0m
[31;1m2026-09-28 09:34:31,585 - tpp_runner.py[pid:28788;line:140:_train_model] - CRITICAL: current best loglike on valid set is 0.8484 (updated at epoch-93)[0m
[38;20m2026-09-28 09:34:33,720 - tpp_runner.py[pid:28788;line:104:_train_model] - INFO: [ Epoch 97 (train) ]: train loglike is 1.0194301160131085, num_events is 27940, mark_ll is -1.500763406937858, time_ll is 2.5201934355706426[0m
[38;20m2026-09-28 09:34:33,812 - tpp_runner.py[pid:28788;line:116:_train_model] - INFO: [ Epoch 97 (valid) ]:  valid loglike is 0.8227884778523463, num_events is 7874, mark_ll is -1.5744879434094805, time_ll is 2.3972763902559056[0m
[38;20m2026-09-28 09:34:33,977 - tpp_runner.py[pid:28788;line:136:_train_model] - INFO: [ Epoch 97 (test) ]: test loglike is 1.000386895047863, num_events is 13081, mark_ll is -1.6637017575437418, time_ll is 2.6640884799518387[0m
[31;1m2026-09-28 09:34:33,977 - tpp_runner.py[pid:28788;line:140:_train_model] - CRITICAL: current best loglike on valid set is 0.8484 (updated at epoch-93)[0m
[38;20m2026-09-28 09:34:36,114 - tpp_runner.py[pid:28788;line:104:_train_model] - INFO: [ Epoch 98 (train) ]: train loglike is 1.0135443434172557, num_events is 27940, mark_ll is -1.501015289459556, time_ll is 2.5145595367584557[0m
[38;20m2026-09-28 09:34:36,214 - tpp_runner.py[pid:28788;line:116:_train_model] - INFO: [ Epoch 98 (valid) ]:  valid loglike is 0.8342589324338805, num_events is 7874, mark_ll is -1.5742762349782513, time_ll is 2.4085351364062104[0m
[38;20m2026-09-28 09:34:36,368 - tpp_runner.py[pid:28788;line:136:_train_model] - INFO: [ Epoch 98 (test) ]: test loglike is 0.9884408717946115, num_events is 13081, mark_ll is -1.6637254698489221, time_ll is 2.652166220329103[0m
[31;1m2026-09-28 09:34:37,023 - tpp_runner.py[pid:28788;line:140:_train_model] - CRITICAL: current best loglike on valid set is 0.8484 (updated at epoch-93)[0m
[38;20m2026-09-28 09:34:39,168 - tpp_runner.py[pid:28788;line:104:_train_model] - INFO: [ Epoch 99 (train) ]: train loglike is 1.017749831705496, num_events is 27940, mark_ll is -1.4985323950317644, time_ll is 2.516282274796439[0m
[38;20m2026-09-28 09:34:39,263 - tpp_runner.py[pid:28788;line:116:_train_model] - INFO: [ Epoch 99 (valid) ]:  valid loglike is 0.829180751623222, num_events is 7874, mark_ll is -1.574386740082074, time_ll is 2.4035673676816103[0m
[38;20m2026-09-28 09:34:39,422 - tpp_runner.py[pid:28788;line:136:_train_model] - INFO: [ Epoch 99 (test) ]: test loglike is 0.9823970475352491, num_events is 13081, mark_ll is -1.663778717551936, time_ll is 2.6461756391068154[0m
[31;1m2026-09-28 09:34:39,422 - tpp_runner.py[pid:28788;line:140:_train_model] - CRITICAL: current best loglike on valid set is 0.8484 (updated at epoch-93)[0m
[38;20m2026-09-28 09:34:39,422 - base_runner.py[pid:28788;line:118:train] - INFO: End S2P2 train! Cost time: 4.031m[0m
RESULT {"model": "S2P2", "dataset": "lob_goog", "seed": 2019, "ll_per_event": 0.990490236465341, "mark_ll": -1.6636592135062305, "time_ll": 2.654149617945398, "val_ll": 0.8484112441857696, "best_epoch": 93, "n_params": 34060, "seconds": 242.61314463615417, "max_epoch": 100, "batch_size": 32}
