
=== Mon Sep 28 09:38:22 2026 attempt 1: D:\Quant\.venv\Scripts\python.exe -u -m infodiff.baselines.easytpp_runner SAHP lob_goog 6 2019 100 64
[31;1m2026-09-28 09:38:24,094 - config.py[pid:25880;line:33:build_from_yaml_file] - CRITICAL: Load pipeline config class RunnerConfig[0m
[31;1m2026-09-28 09:38:24,094 - runner_config.py[pid:25880;line:205:update_config] - CRITICAL: train model SAHP using GPU with torch backend[0m
[38;20m2026-09-28 09:38:24,094 - runner_config.py[pid:25880;line:45:__init__] - INFO: Save the config to D:\Quant\results\easytpp\checkpoints/lob_goog/SAHP/train_2026_09_28_09_38_24\SAHP_train_output.yaml[0m
[38;20m2026-09-28 09:38:24,094 - base_runner.py[pid:25880;line:193:save_log] - INFO: Save the log to D:\Quant\results\easytpp\checkpoints/lob_goog/SAHP/train_2026_09_28_09_38_24\log[0m
0.4950103427465081 1.5277294467620006
min_dt: 7.275957614183426e-12
max_dt: 36.42092722700181
[38;20m2026-09-28 09:38:27,938 - tpp_runner.py[pid:25880;line:62:_init_model] - INFO: Num of model parameters 2148[0m
[38;20m2026-09-28 09:38:28,653 - base_runner.py[pid:25880;line:103:train] - INFO: Data 'lob_goog' loaded...[0m
[38;20m2026-09-28 09:38:28,669 - base_runner.py[pid:25880;line:108:train] - INFO: Start SAHP training...[0m
[38;20m2026-09-28 09:38:29,097 - tpp_runner.py[pid:25880;line:104:_train_model] - INFO: [ Epoch 0 (train) ]: train loglike is -2.451937186828919, num_events is 27940, mark_ll is -1.8049672044168308, time_ll is -0.646970039209299[0m
[38;20m2026-09-28 09:38:29,112 - tpp_runner.py[pid:25880;line:116:_train_model] - INFO: [ Epoch 0 (valid) ]:  valid loglike is -2.7531931138081025, num_events is 7874, mark_ll is -1.7884886424069724, time_ll is -0.9647044093892875[0m
[38;20m2026-09-28 09:38:29,160 - tpp_runner.py[pid:25880;line:136:_train_model] - INFO: [ Epoch 0 (test) ]: test loglike is -1.8173445891225823, num_events is 13081, mark_ll is -1.7905936747477258, time_ll is -0.026750970366132176[0m
[31;1m2026-09-28 09:38:29,160 - tpp_runner.py[pid:25880;line:140:_train_model] - CRITICAL: current best loglike on valid set is -2.7532 (updated at epoch-0), best updated at this epoch[0m
[38;20m2026-09-28 09:38:29,286 - tpp_runner.py[pid:25880;line:104:_train_model] - INFO: [ Epoch 1 (train) ]: train loglike is -2.336993403834109, num_events is 27940, mark_ll is -1.7755108253735683, time_ll is -0.5614826221507024[0m
[38;20m2026-09-28 09:38:29,302 - tpp_runner.py[pid:25880;line:116:_train_model] - INFO: [ Epoch 1 (valid) ]:  valid loglike is -2.5864705538004826, num_events is 7874, mark_ll is -1.741111470504191, time_ll is -0.8453590832962916[0m
[38;20m2026-09-28 09:38:29,318 - tpp_runner.py[pid:25880;line:136:_train_model] - INFO: [ Epoch 1 (test) ]: test loglike is -1.7306810689167496, num_events is 13081, mark_ll is -1.769257191370117, time_ll is 0.038576197108401496[0m
[31;1m2026-09-28 09:38:29,318 - tpp_runner.py[pid:25880;line:140:_train_model] - CRITICAL: current best loglike on valid set is -2.5865 (updated at epoch-1), best updated at this epoch[0m
[38;20m2026-09-28 09:38:29,469 - tpp_runner.py[pid:25880;line:104:_train_model] - INFO: [ Epoch 2 (train) ]: train loglike is -2.1788035606433427, num_events is 27940, mark_ll is -1.7401413848592968, time_ll is -0.4386620621896251[0m
[38;20m2026-09-28 09:38:29,483 - tpp_runner.py[pid:25880;line:116:_train_model] - INFO: [ Epoch 2 (valid) ]:  valid loglike is -2.395362952835281, num_events is 7874, mark_ll is -1.7257419592964185, time_ll is -0.6696209935388621[0m
[38;20m2026-09-28 09:38:29,510 - tpp_runner.py[pid:25880;line:136:_train_model] - INFO: [ Epoch 2 (test) ]: test loglike is -1.6044198467720359, num_events is 13081, mark_ll is -1.7859018298247458, time_ll is 0.18148194572519302[0m
[31;1m2026-09-28 09:38:29,510 - tpp_runner.py[pid:25880;line:140:_train_model] - CRITICAL: current best loglike on valid set is -2.3954 (updated at epoch-2), best updated at this epoch[0m
[38;20m2026-09-28 09:38:29,648 - tpp_runner.py[pid:25880;line:104:_train_model] - INFO: [ Epoch 3 (train) ]: train loglike is -1.999399976791786, num_events is 27940, mark_ll is -1.7643674573304402, time_ll is -0.23503254130642673[0m
[38;20m2026-09-28 09:38:29,664 - tpp_runner.py[pid:25880;line:116:_train_model] - INFO: [ Epoch 3 (valid) ]:  valid loglike is -2.2083570631985014, num_events is 7874, mark_ll is -1.7853782523971298, time_ll is -0.4229786867776861[0m
[38;20m2026-09-28 09:38:29,712 - tpp_runner.py[pid:25880;line:136:_train_model] - INFO: [ Epoch 3 (test) ]: test loglike is -1.466253199714758, num_events is 13081, mark_ll is -1.8960046417513952, time_ll is 0.4297515050268221[0m
[31;1m2026-09-28 09:38:29,712 - tpp_runner.py[pid:25880;line:140:_train_model] - CRITICAL: current best loglike on valid set is -2.2084 (updated at epoch-3), best updated at this epoch[0m
[38;20m2026-09-28 09:38:29,854 - tpp_runner.py[pid:25880;line:104:_train_model] - INFO: [ Epoch 4 (train) ]: train loglike is -1.7859038760513601, num_events is 27940, mark_ll is -1.8540090092609163, time_ll is 0.0681051244715238[0m
[38;20m2026-09-28 09:38:29,870 - tpp_runner.py[pid:25880;line:116:_train_model] - INFO: [ Epoch 4 (valid) ]:  valid loglike is -1.939879766478283, num_events is 7874, mark_ll is -1.8643015928609983, time_ll is -0.07557818912024543[0m
[38;20m2026-09-28 09:38:29,896 - tpp_runner.py[pid:25880;line:136:_train_model] - INFO: [ Epoch 4 (test) ]: test loglike is -1.2904981163041815, num_events is 13081, mark_ll is -2.0498255162544914, time_ll is 0.7593274372778266[0m
[31;1m2026-09-28 09:38:29,896 - tpp_runner.py[pid:25880;line:140:_train_model] - CRITICAL: current best loglike on valid set is -1.9399 (updated at epoch-4), best updated at this epoch[0m
[38;20m2026-09-28 09:38:30,027 - tpp_runner.py[pid:25880;line:104:_train_model] - INFO: [ Epoch 5 (train) ]: train loglike is -1.50327188632449, num_events is 27940, mark_ll is -1.935433944669381, time_ll is 0.4321620670829232[0m
[38;20m2026-09-28 09:38:30,045 - tpp_runner.py[pid:25880;line:116:_train_model] - INFO: [ Epoch 5 (valid) ]:  valid loglike is -1.6785477223298197, num_events is 7874, mark_ll is -1.9353325620713742, time_ll is 0.25678490175339724[0m
[38;20m2026-09-28 09:38:30,069 - tpp_runner.py[pid:25880;line:136:_train_model] - INFO: [ Epoch 5 (test) ]: test loglike is -1.1494286202316337, num_events is 13081, mark_ll is -2.1994393556255254, time_ll is 1.0500108100489258[0m
[31;1m2026-09-28 09:38:30,071 - tpp_runner.py[pid:25880;line:140:_train_model] - CRITICAL: current best loglike on valid set is -1.6785 (updated at epoch-5), best updated at this epoch[0m
[38;20m2026-09-28 09:38:30,195 - tpp_runner.py[pid:25880;line:104:_train_model] - INFO: [ Epoch 6 (train) ]: train loglike is -1.3070441648118736, num_events is 27940, mark_ll is -2.0016982540712243, time_ll is 0.6946541547945934[0m
[38;20m2026-09-28 09:38:30,208 - tpp_runner.py[pid:25880;line:116:_train_model] - INFO: [ Epoch 6 (valid) ]:  valid loglike is -1.5244791749349125, num_events is 7874, mark_ll is -1.9994623573231523, time_ll is 0.4749831513823184[0m
[38;20m2026-09-28 09:38:30,234 - tpp_runner.py[pid:25880;line:136:_train_model] - INFO: [ Epoch 6 (test) ]: test loglike is -1.0481064907774158, num_events is 13081, mark_ll is -2.2960420737854523, time_ll is 1.247935564344278[0m
[31;1m2026-09-28 09:38:30,234 - tpp_runner.py[pid:25880;line:140:_train_model] - CRITICAL: current best loglike on valid set is -1.5245 (updated at epoch-6), best updated at this epoch[0m
[38;20m2026-09-28 09:38:30,358 - tpp_runner.py[pid:25880;line:104:_train_model] - INFO: [ Epoch 7 (train) ]: train loglike is -1.1191608185928552, num_events is 27940, mark_ll is -2.0506504241790444, time_ll is 0.9314895231210084[0m
[38;20m2026-09-28 09:38:30,374 - tpp_runner.py[pid:25880;line:116:_train_model] - INFO: [ Epoch 7 (valid) ]:  valid loglike is -1.3671760898209298, num_events is 7874, mark_ll is -2.057159044005588, time_ll is 0.6899827061372873[0m
[38;20m2026-09-28 09:38:30,406 - tpp_runner.py[pid:25880;line:136:_train_model] - INFO: [ Epoch 7 (test) ]: test loglike is -0.9311690291501032, num_events is 13081, mark_ll is -2.3584876502656527, time_ll is 1.4273185464605151[0m
[31;1m2026-09-28 09:38:30,406 - tpp_runner.py[pid:25880;line:140:_train_model] - CRITICAL: current best loglike on valid set is -1.3672 (updated at epoch-7), best updated at this epoch[0m
[38;20m2026-09-28 09:38:30,531 - tpp_runner.py[pid:25880;line:104:_train_model] - INFO: [ Epoch 8 (train) ]: train loglike is -0.9776171324503959, num_events is 27940, mark_ll is -2.099347041791562, time_ll is 1.121729947570058[0m
[38;20m2026-09-28 09:38:30,531 - tpp_runner.py[pid:25880;line:116:_train_model] - INFO: [ Epoch 8 (valid) ]:  valid loglike is -1.200349846012192, num_events is 7874, mark_ll is -2.08915269002413, time_ll is 0.8888027199882524[0m
[38;20m2026-09-28 09:38:30,562 - tpp_runner.py[pid:25880;line:136:_train_model] - INFO: [ Epoch 8 (test) ]: test loglike is -0.8051864942473816, num_events is 13081, mark_ll is -2.41711962364307, time_ll is 1.6119333533607905[0m
[31;1m2026-09-28 09:38:30,562 - tpp_runner.py[pid:25880;line:140:_train_model] - CRITICAL: current best loglike on valid set is -1.2003 (updated at epoch-8), best updated at this epoch[0m
[38;20m2026-09-28 09:38:30,704 - tpp_runner.py[pid:25880;line:104:_train_model] - INFO: [ Epoch 9 (train) ]: train loglike is -0.8690133926948651, num_events is 27940, mark_ll is -2.1459701068416694, time_ll is 1.2769566420580374[0m
[38;20m2026-09-28 09:38:30,720 - tpp_runner.py[pid:25880;line:116:_train_model] - INFO: [ Epoch 9 (valid) ]:  valid loglike is -1.0916914548672847, num_events is 7874, mark_ll is -2.130904271574168, time_ll is 1.0392128167068835[0m
[38;20m2026-09-28 09:38:30,736 - tpp_runner.py[pid:25880;line:136:_train_model] - INFO: [ Epoch 9 (test) ]: test loglike is -0.7337609250176783, num_events is 13081, mark_ll is -2.4786050617307547, time_ll is 1.7448440993855592[0m
[31;1m2026-09-28 09:38:30,736 - tpp_runner.py[pid:25880;line:140:_train_model] - CRITICAL: current best loglike on valid set is -1.0917 (updated at epoch-9), best updated at this epoch[0m
[38;20m2026-09-28 09:38:30,887 - tpp_runner.py[pid:25880;line:104:_train_model] - INFO: [ Epoch 10 (train) ]: train loglike is -0.8037382919103995, num_events is 27940, mark_ll is -2.195711024181281, time_ll is 1.3919726317835093[0m
[38;20m2026-09-28 09:38:30,903 - tpp_runner.py[pid:25880;line:116:_train_model] - INFO: [ Epoch 10 (valid) ]:  valid loglike is -1.0676611216503682, num_events is 7874, mark_ll is -2.178084617887986, time_ll is 1.1104234962376174[0m
[38;20m2026-09-28 09:38:30,933 - tpp_runner.py[pid:25880;line:136:_train_model] - INFO: [ Epoch 10 (test) ]: test loglike is -0.7007397156718236, num_events is 13081, mark_ll is -2.540345446759613, time_ll is 1.83960560044148[0m
[31;1m2026-09-28 09:38:30,933 - tpp_runner.py[pid:25880;line:140:_train_model] - CRITICAL: current best loglike on valid set is -1.0677 (updated at epoch-10), best updated at this epoch[0m
[38;20m2026-09-28 09:38:31,067 - tpp_runner.py[pid:25880;line:104:_train_model] - INFO: [ Epoch 11 (train) ]: train loglike is -0.7465897720544442, num_events is 27940, mark_ll is -2.241525122192645, time_ll is 1.494935244189558[0m
[38;20m2026-09-28 09:38:31,083 - tpp_runner.py[pid:25880;line:116:_train_model] - INFO: [ Epoch 11 (valid) ]:  valid loglike is -0.97557006246825, num_events is 7874, mark_ll is -2.2176749626936756, time_ll is 1.2421051482727965[0m
[38;20m2026-09-28 09:38:31,115 - tpp_runner.py[pid:25880;line:136:_train_model] - INFO: [ Epoch 11 (test) ]: test loglike is -0.6567376280184524, num_events is 13081, mark_ll is -2.5879846156878297, time_ll is 1.9312468943505847[0m
[31;1m2026-09-28 09:38:31,115 - tpp_runner.py[pid:25880;line:140:_train_model] - CRITICAL: current best loglike on valid set is -0.9756 (updated at epoch-11), best updated at this epoch[0m
[38;20m2026-09-28 09:38:31,241 - tpp_runner.py[pid:25880;line:104:_train_model] - INFO: [ Epoch 12 (train) ]: train loglike is -0.7104905135988251, num_events is 27940, mark_ll is -2.2797590819613456, time_ll is 1.569268663388623[0m
[38;20m2026-09-28 09:38:31,256 - tpp_runner.py[pid:25880;line:116:_train_model] - INFO: [ Epoch 12 (valid) ]:  valid loglike is -0.9110374382858141, num_events is 7874, mark_ll is -2.2394190432912118, time_ll is 1.3283817290290831[0m
[38;20m2026-09-28 09:38:31,288 - tpp_runner.py[pid:25880;line:136:_train_model] - INFO: [ Epoch 12 (test) ]: test loglike is -0.656883205334789, num_events is 13081, mark_ll is -2.615046692244477, time_ll is 1.958163393590895[0m
[31;1m2026-09-28 09:38:31,288 - tpp_runner.py[pid:25880;line:140:_train_model] - CRITICAL: current best loglike on valid set is -0.9110 (updated at epoch-12), best updated at this epoch[0m
[38;20m2026-09-28 09:38:31,415 - tpp_runner.py[pid:25880;line:104:_train_model] - INFO: [ Epoch 13 (train) ]: train loglike is -0.6832803408077297, num_events is 27940, mark_ll is -2.3120246160858087, time_ll is 1.6287442206653766[0m
[38;20m2026-09-28 09:38:31,431 - tpp_runner.py[pid:25880;line:116:_train_model] - INFO: [ Epoch 13 (valid) ]:  valid loglike is -0.8995743011017272, num_events is 7874, mark_ll is -2.2718018756350014, time_ll is 1.3722275745332742[0m
[38;20m2026-09-28 09:38:31,456 - tpp_runner.py[pid:25880;line:136:_train_model] - INFO: [ Epoch 13 (test) ]: test loglike is -0.6445424762507406, num_events is 13081, mark_ll is -2.654728381096629, time_ll is 2.0101859328415257[0m
[31;1m2026-09-28 09:38:31,456 - tpp_runner.py[pid:25880;line:140:_train_model] - CRITICAL: current best loglike on valid set is -0.8996 (updated at epoch-13), best updated at this epoch[0m
[38;20m2026-09-28 09:38:31,602 - tpp_runner.py[pid:25880;line:104:_train_model] - INFO: [ Epoch 14 (train) ]: train loglike is -0.6768055093228689, num_events is 27940, mark_ll is -2.336430989117305, time_ll is 1.659625598030937[0m
[38;20m2026-09-28 09:38:31,614 - tpp_runner.py[pid:25880;line:116:_train_model] - INFO: [ Epoch 14 (valid) ]:  valid loglike is -0.8472364298244222, num_events is 7874, mark_ll is -2.290754183070866, time_ll is 1.4435178772701296[0m
[38;20m2026-09-28 09:38:31,642 - tpp_runner.py[pid:25880;line:136:_train_model] - INFO: [ Epoch 14 (test) ]: test loglike is -0.6033083826255637, num_events is 13081, mark_ll is -2.684982930873022, time_ll is 2.081674548247458[0m
[31;1m2026-09-28 09:38:31,644 - tpp_runner.py[pid:25880;line:140:_train_model] - CRITICAL: current best loglike on valid set is -0.8472 (updated at epoch-14), best updated at this epoch[0m
[38;20m2026-09-28 09:38:31,774 - tpp_runner.py[pid:25880;line:104:_train_model] - INFO: [ Epoch 15 (train) ]: train loglike is -0.629078804294638, num_events is 27940, mark_ll is -2.355089729107015, time_ll is 1.7260108505391016[0m
[38;20m2026-09-28 09:38:31,787 - tpp_runner.py[pid:25880;line:116:_train_model] - INFO: [ Epoch 15 (valid) ]:  valid loglike is -0.8455500797720346, num_events is 7874, mark_ll is -2.3099852957518414, time_ll is 1.464435464027178[0m
[38;20m2026-09-28 09:38:31,813 - tpp_runner.py[pid:25880;line:136:_train_model] - INFO: [ Epoch 15 (test) ]: test loglike is -0.6118404731665918, num_events is 13081, mark_ll is -2.7076126634049387, time_ll is 2.0957723302165356[0m
[31;1m2026-09-28 09:38:31,813 - tpp_runner.py[pid:25880;line:140:_train_model] - CRITICAL: current best loglike on valid set is -0.8456 (updated at epoch-15), best updated at this epoch[0m
[38;20m2026-09-28 09:38:31,935 - tpp_runner.py[pid:25880;line:104:_train_model] - INFO: [ Epoch 16 (train) ]: train loglike is -0.6341344528908207, num_events is 27940, mark_ll is -2.3691895579813886, time_ll is 1.7350550985370436[0m
[38;20m2026-09-28 09:38:31,950 - tpp_runner.py[pid:25880;line:116:_train_model] - INFO: [ Epoch 16 (valid) ]:  valid loglike is -0.8434633812627, num_events is 7874, mark_ll is -2.3243278908432816, time_ll is 1.4808643855568961[0m
[38;20m2026-09-28 09:38:31,966 - tpp_runner.py[pid:25880;line:136:_train_model] - INFO: [ Epoch 16 (test) ]: test loglike is -0.5922459530252608, num_events is 13081, mark_ll is -2.727094417117384, time_ll is 2.1348483427776928[0m
[31;1m2026-09-28 09:38:31,966 - tpp_runner.py[pid:25880;line:140:_train_model] - CRITICAL: current best loglike on valid set is -0.8435 (updated at epoch-16), best updated at this epoch[0m
[38;20m2026-09-28 09:38:32,108 - tpp_runner.py[pid:25880;line:104:_train_model] - INFO: [ Epoch 17 (train) ]: train loglike is -0.631082096523102, num_events is 27940, mark_ll is -2.3820899695776663, time_ll is 1.7510078970841536[0m
[38;20m2026-09-28 09:38:32,124 - tpp_runner.py[pid:25880;line:116:_train_model] - INFO: [ Epoch 17 (valid) ]:  valid loglike is -0.8167037208097854, num_events is 7874, mark_ll is -2.3333027408242315, time_ll is 1.516598833978918[0m
[38;20m2026-09-28 09:38:32,155 - tpp_runner.py[pid:25880;line:136:_train_model] - INFO: [ Epoch 17 (test) ]: test loglike is -0.5991612208307852, num_events is 13081, mark_ll is -2.7401491189511504, time_ll is 2.1409878234653315[0m
[31;1m2026-09-28 09:38:32,155 - tpp_runner.py[pid:25880;line:140:_train_model] - CRITICAL: current best loglike on valid set is -0.8167 (updated at epoch-17), best updated at this epoch[0m
[38;20m2026-09-28 09:38:32,282 - tpp_runner.py[pid:25880;line:104:_train_model] - INFO: [ Epoch 18 (train) ]: train loglike is -0.6009146142193652, num_events is 27940, mark_ll is -2.389739767414549, time_ll is 1.7888251400881352[0m
[38;20m2026-09-28 09:38:32,297 - tpp_runner.py[pid:25880;line:116:_train_model] - INFO: [ Epoch 18 (valid) ]:  valid loglike is -0.7882893363442977, num_events is 7874, mark_ll is -2.3401964733616967, time_ll is 1.5519070129937136[0m
[38;20m2026-09-28 09:38:32,318 - tpp_runner.py[pid:25880;line:136:_train_model] - INFO: [ Epoch 18 (test) ]: test loglike is -0.5593323402471858, num_events is 13081, mark_ll is -2.7479117493884258, time_ll is 2.188579138516742[0m
[31;1m2026-09-28 09:38:32,318 - tpp_runner.py[pid:25880;line:140:_train_model] - CRITICAL: current best loglike on valid set is -0.7883 (updated at epoch-18), best updated at this epoch[0m
[38;20m2026-09-28 09:38:32,446 - tpp_runner.py[pid:25880;line:104:_train_model] - INFO: [ Epoch 19 (train) ]: train loglike is -0.6134032504082408, num_events is 27940, mark_ll is -2.396574376733626, time_ll is 1.7831710564211256[0m
[38;20m2026-09-28 09:38:32,455 - tpp_runner.py[pid:25880;line:116:_train_model] - INFO: [ Epoch 19 (valid) ]:  valid loglike is -0.759244725520701, num_events is 7874, mark_ll is -2.345501214439929, time_ll is 1.5862566129429134[0m
[38;20m2026-09-28 09:38:32,487 - tpp_runner.py[pid:25880;line:136:_train_model] - INFO: [ Epoch 19 (test) ]: test loglike is -0.5752578174272323, num_events is 13081, mark_ll is -2.753885943830747, time_ll is 2.178628145067273[0m
[31;1m2026-09-28 09:38:32,487 - tpp_runner.py[pid:25880;line:140:_train_model] - CRITICAL: current best loglike on valid set is -0.7592 (updated at epoch-19), best updated at this epoch[0m
[38;20m2026-09-28 09:38:32,621 - tpp_runner.py[pid:25880;line:104:_train_model] - INFO: [ Epoch 20 (train) ]: train loglike is -0.58226148404645, num_events is 27940, mark_ll is -2.40171859621063, time_ll is 1.8194569592486132[0m
[38;20m2026-09-28 09:38:32,635 - tpp_runner.py[pid:25880;line:116:_train_model] - INFO: [ Epoch 20 (valid) ]:  valid loglike is -0.7364039654837122, num_events is 7874, mark_ll is -2.353541669973965, time_ll is 1.6171376424784099[0m
[38;20m2026-09-28 09:38:32,664 - tpp_runner.py[pid:25880;line:136:_train_model] - INFO: [ Epoch 20 (test) ]: test loglike is -0.5844849370030961, num_events is 13081, mark_ll is -2.760103215063833, time_ll is 2.175618502025839[0m
[31;1m2026-09-28 09:38:32,664 - tpp_runner.py[pid:25880;line:140:_train_model] - CRITICAL: current best loglike on valid set is -0.7364 (updated at epoch-20), best updated at this epoch[0m
[38;20m2026-09-28 09:38:32,796 - tpp_runner.py[pid:25880;line:104:_train_model] - INFO: [ Epoch 21 (train) ]: train loglike is -0.5738559010204624, num_events is 27940, mark_ll is -2.4053659208348246, time_ll is 1.8315100613200161[0m
[38;20m2026-09-28 09:38:32,810 - tpp_runner.py[pid:25880;line:116:_train_model] - INFO: [ Epoch 21 (valid) ]:  valid loglike is -0.7697195179546609, num_events is 7874, mark_ll is -2.352332190992507, time_ll is 1.582612673037846[0m
[38;20m2026-09-28 09:38:32,835 - tpp_runner.py[pid:25880;line:136:_train_model] - INFO: [ Epoch 21 (test) ]: test loglike is -0.5608627031214165, num_events is 13081, mark_ll is -2.763703155459254, time_ll is 2.2028403403552863[0m
[31;1m2026-09-28 09:38:32,835 - tpp_runner.py[pid:25880;line:140:_train_model] - CRITICAL: current best loglike on valid set is -0.7364 (updated at epoch-20)[0m
[38;20m2026-09-28 09:38:32,975 - tpp_runner.py[pid:25880;line:104:_train_model] - INFO: [ Epoch 22 (train) ]: train loglike is -0.5704982989672345, num_events is 27940, mark_ll is -2.406494385289907, time_ll is 1.8359960622930833[0m
[38;20m2026-09-28 09:38:32,991 - tpp_runner.py[pid:25880;line:116:_train_model] - INFO: [ Epoch 22 (valid) ]:  valid loglike is -0.720566946993269, num_events is 7874, mark_ll is -2.3559623642684784, time_ll is 1.6353954172752097[0m
[38;20m2026-09-28 09:38:33,012 - tpp_runner.py[pid:25880;line:136:_train_model] - INFO: [ Epoch 22 (test) ]: test loglike is -0.5829670321876672, num_events is 13081, mark_ll is -2.7699267723702317, time_ll is 2.1869596468637718[0m
[31;1m2026-09-28 09:38:33,012 - tpp_runner.py[pid:25880;line:140:_train_model] - CRITICAL: current best loglike on valid set is -0.7206 (updated at epoch-22), best updated at this epoch[0m
[38;20m2026-09-28 09:38:33,147 - tpp_runner.py[pid:25880;line:104:_train_model] - INFO: [ Epoch 23 (train) ]: train loglike is -0.5534395014463191, num_events is 27940, mark_ll is -2.410009835529259, time_ll is 1.8565704848139988[0m
[38;20m2026-09-28 09:38:33,157 - tpp_runner.py[pid:25880;line:116:_train_model] - INFO: [ Epoch 23 (valid) ]:  valid loglike is -0.6931276367435547, num_events is 7874, mark_ll is -2.363644639398654, time_ll is 1.6705169406432563[0m
[38;20m2026-09-28 09:38:33,180 - tpp_runner.py[pid:25880;line:136:_train_model] - INFO: [ Epoch 23 (test) ]: test loglike is -0.5648051981404327, num_events is 13081, mark_ll is -2.7786128109232857, time_ll is 2.213807687437887[0m
[31;1m2026-09-28 09:38:33,180 - tpp_runner.py[pid:25880;line:140:_train_model] - CRITICAL: current best loglike on valid set is -0.6931 (updated at epoch-23), best updated at this epoch[0m
[38;20m2026-09-28 09:38:33,305 - tpp_runner.py[pid:25880;line:104:_train_model] - INFO: [ Epoch 24 (train) ]: train loglike is -0.5459764288081044, num_events is 27940, mark_ll is -2.4152140678127236, time_ll is 1.8692375996834736[0m
[38;20m2026-09-28 09:38:33,333 - tpp_runner.py[pid:25880;line:116:_train_model] - INFO: [ Epoch 24 (valid) ]:  valid loglike is -0.7016643730553086, num_events is 7874, mark_ll is -2.3661308181991365, time_ll is 1.6644665691675133[0m
[38;20m2026-09-28 09:38:33,357 - tpp_runner.py[pid:25880;line:136:_train_model] - INFO: [ Epoch 24 (test) ]: test loglike is -0.5673372449336108, num_events is 13081, mark_ll is -2.782942280311138, time_ll is 2.215605082036924[0m
[31;1m2026-09-28 09:38:33,357 - tpp_runner.py[pid:25880;line:140:_train_model] - CRITICAL: current best loglike on valid set is -0.6931 (updated at epoch-23)[0m
[38;20m2026-09-28 09:38:33,490 - tpp_runner.py[pid:25880;line:104:_train_model] - INFO: [ Epoch 25 (train) ]: train loglike is -0.5312207843887012, num_events is 27940, mark_ll is -2.4200837033598783, time_ll is 1.8888629233401932[0m
[38;20m2026-09-28 09:38:33,494 - tpp_runner.py[pid:25880;line:116:_train_model] - INFO: [ Epoch 25 (valid) ]:  valid loglike is -0.7162142117252984, num_events is 7874, mark_ll is -2.375078382969266, time_ll is 1.6588644192913387[0m
[38;20m2026-09-28 09:38:33,528 - tpp_runner.py[pid:25880;line:136:_train_model] - INFO: [ Epoch 25 (test) ]: test loglike is -0.5282087405516589, num_events is 13081, mark_ll is -2.7932808080421987, time_ll is 2.265072104818057[0m
[31;1m2026-09-28 09:38:33,528 - tpp_runner.py[pid:25880;line:140:_train_model] - CRITICAL: current best loglike on valid set is -0.6931 (updated at epoch-23)[0m
[38;20m2026-09-28 09:38:33,653 - tpp_runner.py[pid:25880;line:104:_train_model] - INFO: [ Epoch 26 (train) ]: train loglike is -0.5511924574352967, num_events is 27940, mark_ll is -2.426404865895669, time_ll is 1.8752123691392268[0m
[38;20m2026-09-28 09:38:33,668 - tpp_runner.py[pid:25880;line:116:_train_model] - INFO: [ Epoch 26 (valid) ]:  valid loglike is -0.7081989329994285, num_events is 7874, mark_ll is -2.378956851663703, time_ll is 1.6707577946405894[0m
[38;20m2026-09-28 09:38:33,684 - tpp_runner.py[pid:25880;line:136:_train_model] - INFO: [ Epoch 26 (test) ]: test loglike is -0.562071181484596, num_events is 13081, mark_ll is -2.796791834292103, time_ll is 2.2347208021175753[0m
[31;1m2026-09-28 09:38:33,684 - tpp_runner.py[pid:25880;line:140:_train_model] - CRITICAL: current best loglike on valid set is -0.6931 (updated at epoch-23)[0m
[38;20m2026-09-28 09:38:33,830 - tpp_runner.py[pid:25880;line:104:_train_model] - INFO: [ Epoch 27 (train) ]: train loglike is -0.5330752482649763, num_events is 27940, mark_ll is -2.4297810318987114, time_ll is 1.8967058142168487[0m
[38;20m2026-09-28 09:38:33,842 - tpp_runner.py[pid:25880;line:116:_train_model] - INFO: [ Epoch 27 (valid) ]:  valid loglike is -0.688221197731458, num_events is 7874, mark_ll is -2.382351131889764, time_ll is 1.6941298101346203[0m
[38;20m2026-09-28 09:38:33,874 - tpp_runner.py[pid:25880;line:136:_train_model] - INFO: [ Epoch 27 (test) ]: test loglike is -0.5520424721447137, num_events is 13081, mark_ll is -2.802489207868282, time_ll is 2.2504465117584664[0m
[31;1m2026-09-28 09:38:33,874 - tpp_runner.py[pid:25880;line:140:_train_model] - CRITICAL: current best loglike on valid set is -0.6882 (updated at epoch-27), best updated at this epoch[0m
[38;20m2026-09-28 09:38:34,016 - tpp_runner.py[pid:25880;line:104:_train_model] - INFO: [ Epoch 28 (train) ]: train loglike is -0.5200575853810621, num_events is 27940, mark_ll is -2.435745927377863, time_ll is 1.9156882633545096[0m
[38;20m2026-09-28 09:38:34,036 - tpp_runner.py[pid:25880;line:116:_train_model] - INFO: [ Epoch 28 (valid) ]:  valid loglike is -0.6881034992538735, num_events is 7874, mark_ll is -2.3881571767049783, time_ll is 1.7000538014747903[0m
[38;20m2026-09-28 09:38:34,064 - tpp_runner.py[pid:25880;line:136:_train_model] - INFO: [ Epoch 28 (test) ]: test loglike is -0.5336451947839423, num_events is 13081, mark_ll is -2.8099883060354713, time_ll is 2.276342999268978[0m
[31;1m2026-09-28 09:38:34,064 - tpp_runner.py[pid:25880;line:140:_train_model] - CRITICAL: current best loglike on valid set is -0.6881 (updated at epoch-28), best updated at this epoch[0m
[38;20m2026-09-28 09:38:34,190 - tpp_runner.py[pid:25880;line:104:_train_model] - INFO: [ Epoch 29 (train) ]: train loglike is -0.5033331137174526, num_events is 27940, mark_ll is -2.4346942527514317, time_ll is 1.9313611477720114[0m
[38;20m2026-09-28 09:38:34,206 - tpp_runner.py[pid:25880;line:116:_train_model] - INFO: [ Epoch 29 (valid) ]:  valid loglike is -0.6376618261049022, num_events is 7874, mark_ll is -2.373479469615189, time_ll is 1.7358177675339725[0m
[38;20m2026-09-28 09:38:34,233 - tpp_runner.py[pid:25880;line:136:_train_model] - INFO: [ Epoch 29 (test) ]: test loglike is -0.5407431994489861, num_events is 13081, mark_ll is -2.807413677877265, time_ll is 2.2666706184064673[0m
[31;1m2026-09-28 09:38:34,233 - tpp_runner.py[pid:25880;line:140:_train_model] - CRITICAL: current best loglike on valid set is -0.6377 (updated at epoch-29), best updated at this epoch[0m
[38;20m2026-09-28 09:38:34,364 - tpp_runner.py[pid:25880;line:104:_train_model] - INFO: [ Epoch 30 (train) ]: train loglike is -0.4785329044590529, num_events is 27940, mark_ll is -2.4277021491365427, time_ll is 1.949169362640927[0m
[38;20m2026-09-28 09:38:34,364 - tpp_runner.py[pid:25880;line:116:_train_model] - INFO: [ Epoch 30 (valid) ]:  valid loglike is -0.6390740838122301, num_events is 7874, mark_ll is -2.3706266768002284, time_ll is 1.731552468964313[0m
[38;20m2026-09-28 09:38:34,395 - tpp_runner.py[pid:25880;line:136:_train_model] - INFO: [ Epoch 30 (test) ]: test loglike is -0.5257359605236125, num_events is 13081, mark_ll is -2.8130497596705144, time_ll is 2.2873139297932115[0m
[31;1m2026-09-28 09:38:34,395 - tpp_runner.py[pid:25880;line:140:_train_model] - CRITICAL: current best loglike on valid set is -0.6377 (updated at epoch-29)[0m
[38;20m2026-09-28 09:38:34,533 - tpp_runner.py[pid:25880;line:104:_train_model] - INFO: [ Epoch 31 (train) ]: train loglike is -0.4612589722116589, num_events is 27940, mark_ll is -2.4159789951682176, time_ll is 1.9547200579086883[0m
[38;20m2026-09-28 09:38:34,546 - tpp_runner.py[pid:25880;line:116:_train_model] - INFO: [ Epoch 31 (valid) ]:  valid loglike is -0.5890100627857505, num_events is 7874, mark_ll is -2.374180947580645, time_ll is 1.7851708847948946[0m
[38;20m2026-09-28 09:38:34,574 - tpp_runner.py[pid:25880;line:136:_train_model] - INFO: [ Epoch 31 (test) ]: test loglike is -0.47678026873423285, num_events is 13081, mark_ll is -2.8247911301458224, time_ll is 2.3480110107216574[0m
[31;1m2026-09-28 09:38:34,574 - tpp_runner.py[pid:25880;line:140:_train_model] - CRITICAL: current best loglike on valid set is -0.5890 (updated at epoch-31), best updated at this epoch[0m
[38;20m2026-09-28 09:38:34,701 - tpp_runner.py[pid:25880;line:104:_train_model] - INFO: [ Epoch 32 (train) ]: train loglike is -0.45197987211714835, num_events is 27940, mark_ll is -2.416401216893343, time_ll is 1.9644214583706157[0m
[38;20m2026-09-28 09:38:34,714 - tpp_runner.py[pid:25880;line:116:_train_model] - INFO: [ Epoch 32 (valid) ]:  valid loglike is -0.5727831758397892, num_events is 7874, mark_ll is -2.3811265220186693, time_ll is 1.8083434702025654[0m
[38;20m2026-09-28 09:38:34,740 - tpp_runner.py[pid:25880;line:136:_train_model] - INFO: [ Epoch 32 (test) ]: test loglike is -0.4887715562677978, num_events is 13081, mark_ll is -2.8397870121741455, time_ll is 2.351015353255676[0m
[31;1m2026-09-28 09:38:34,742 - tpp_runner.py[pid:25880;line:140:_train_model] - CRITICAL: current best loglike on valid set is -0.5728 (updated at epoch-32), best updated at this epoch[0m
[38;20m2026-09-28 09:38:34,866 - tpp_runner.py[pid:25880;line:104:_train_model] - INFO: [ Epoch 33 (train) ]: train loglike is -0.39723352146899604, num_events is 27940, mark_ll is -2.422546010983357, time_ll is 2.0253124545622314[0m
[38;20m2026-09-28 09:38:34,882 - tpp_runner.py[pid:25880;line:116:_train_model] - INFO: [ Epoch 33 (valid) ]:  valid loglike is -0.596758070469266, num_events is 7874, mark_ll is -2.3897106973901447, time_ll is 1.7929526269208789[0m
[38;20m2026-09-28 09:38:34,923 - tpp_runner.py[pid:25880;line:136:_train_model] - INFO: [ Epoch 33 (test) ]: test loglike is -0.5321262821255542, num_events is 13081, mark_ll is -2.8570030602591543, time_ll is 2.3248768341248756[0m
[31;1m2026-09-28 09:38:34,923 - tpp_runner.py[pid:25880;line:140:_train_model] - CRITICAL: current best loglike on valid set is -0.5728 (updated at epoch-32)[0m
[38;20m2026-09-28 09:38:35,055 - tpp_runner.py[pid:25880;line:104:_train_model] - INFO: [ Epoch 34 (train) ]: train loglike is -0.4214418469963538, num_events is 27940, mark_ll is -2.431083418150501, time_ll is 2.00964154494005[0m
[38;20m2026-09-28 09:38:35,070 - tpp_runner.py[pid:25880;line:116:_train_model] - INFO: [ Epoch 34 (valid) ]:  valid loglike is -0.5478585078263907, num_events is 7874, mark_ll is -2.4041247301244604, time_ll is 1.8562664703454408[0m
[38;20m2026-09-28 09:38:35,098 - tpp_runner.py[pid:25880;line:136:_train_model] - INFO: [ Epoch 34 (test) ]: test loglike is -0.5280507611677958, num_events is 13081, mark_ll is -2.8761944805443007, time_ll is 2.348143672717109[0m
[31;1m2026-09-28 09:38:35,098 - tpp_runner.py[pid:25880;line:140:_train_model] - CRITICAL: current best loglike on valid set is -0.5479 (updated at epoch-34), best updated at this epoch[0m
[38;20m2026-09-28 09:38:35,227 - tpp_runner.py[pid:25880;line:104:_train_model] - INFO: [ Epoch 35 (train) ]: train loglike is -0.4122877531932266, num_events is 27940, mark_ll is -2.4398434703829635, time_ll is 2.027555760879899[0m
[38;20m2026-09-28 09:38:35,241 - tpp_runner.py[pid:25880;line:116:_train_model] - INFO: [ Epoch 35 (valid) ]:  valid loglike is -0.5218068365824232, num_events is 7874, mark_ll is -2.4130214451835155, time_ll is 1.891214360553721[0m
[38;20m2026-09-28 09:38:35,262 - tpp_runner.py[pid:25880;line:136:_train_model] - INFO: [ Epoch 35 (test) ]: test loglike is -0.510105212085993, num_events is 13081, mark_ll is -2.888937049680835, time_ll is 2.3788318935861175[0m
[31;1m2026-09-28 09:38:35,262 - tpp_runner.py[pid:25880;line:140:_train_model] - CRITICAL: current best loglike on valid set is -0.5218 (updated at epoch-35), best updated at this epoch[0m
[38;20m2026-09-28 09:38:35,435 - tpp_runner.py[pid:25880;line:104:_train_model] - INFO: [ Epoch 36 (train) ]: train loglike is -0.3977767387286373, num_events is 27940, mark_ll is -2.4469871963358982, time_ll is 2.0492104226551313[0m
[38;20m2026-09-28 09:38:35,450 - tpp_runner.py[pid:25880;line:116:_train_model] - INFO: [ Epoch 36 (valid) ]:  valid loglike is -0.531219862244412, num_events is 7874, mark_ll is -2.418740673418847, time_ll is 1.8875208111744348[0m
[38;20m2026-09-28 09:38:35,470 - tpp_runner.py[pid:25880;line:136:_train_model] - INFO: [ Epoch 36 (test) ]: test loglike is -0.5186976705539045, num_events is 13081, mark_ll is -2.896481836728843, time_ll is 2.3777840355286295[0m
[31;1m2026-09-28 09:38:35,470 - tpp_runner.py[pid:25880;line:140:_train_model] - CRITICAL: current best loglike on valid set is -0.5218 (updated at epoch-35)[0m
[38;20m2026-09-28 09:38:35,608 - tpp_runner.py[pid:25880;line:104:_train_model] - INFO: [ Epoch 37 (train) ]: train loglike is -0.4056363978894506, num_events is 27940, mark_ll is -2.451002916405691, time_ll is 2.0453663961837867[0m
[38;20m2026-09-28 09:38:35,624 - tpp_runner.py[pid:25880;line:116:_train_model] - INFO: [ Epoch 37 (valid) ]:  valid loglike is -0.550303386739586, num_events is 7874, mark_ll is -2.421796368983363, time_ll is 1.8714931062674625[0m
[38;20m2026-09-28 09:38:35,654 - tpp_runner.py[pid:25880;line:136:_train_model] - INFO: [ Epoch 37 (test) ]: test loglike is -0.5134567098600785, num_events is 13081, mark_ll is -2.9006774496407, time_ll is 2.3872208051037767[0m
[31;1m2026-09-28 09:38:35,654 - tpp_runner.py[pid:25880;line:140:_train_model] - CRITICAL: current best loglike on valid set is -0.5218 (updated at epoch-35)[0m
[38;20m2026-09-28 09:38:35,791 - tpp_runner.py[pid:25880;line:104:_train_model] - INFO: [ Epoch 38 (train) ]: train loglike is -0.38642479822135606, num_events is 27940, mark_ll is -2.4528521636766283, time_ll is 2.0664274484665803[0m
[38;20m2026-09-28 09:38:35,805 - tpp_runner.py[pid:25880;line:116:_train_model] - INFO: [ Epoch 38 (valid) ]:  valid loglike is -0.5259766369142114, num_events is 7874, mark_ll is -2.424606001555753, time_ll is 1.8986294886652273[0m
[38;20m2026-09-28 09:38:35,828 - tpp_runner.py[pid:25880;line:136:_train_model] - INFO: [ Epoch 38 (test) ]: test loglike is -0.4978678895559399, num_events is 13081, mark_ll is -2.9038577540899015, time_ll is 2.4059897525514105[0m
[31;1m2026-09-28 09:38:35,828 - tpp_runner.py[pid:25880;line:140:_train_model] - CRITICAL: current best loglike on valid set is -0.5218 (updated at epoch-35)[0m
[38;20m2026-09-28 09:38:35,964 - tpp_runner.py[pid:25880;line:104:_train_model] - INFO: [ Epoch 39 (train) ]: train loglike is -0.38720601763824264, num_events is 27940, mark_ll is -2.454596554558876, time_ll is 2.0673906068248926[0m
[38;20m2026-09-28 09:38:35,978 - tpp_runner.py[pid:25880;line:116:_train_model] - INFO: [ Epoch 39 (valid) ]:  valid loglike is -0.5338065622420307, num_events is 7874, mark_ll is -2.426040459502794, time_ll is 1.8922338352489205[0m
[38;20m2026-09-28 09:38:36,003 - tpp_runner.py[pid:25880;line:136:_train_model] - INFO: [ Epoch 39 (test) ]: test loglike is -0.4629960752355516, num_events is 13081, mark_ll is -2.906091134087608, time_ll is 2.4430947975594375[0m
[31;1m2026-09-28 09:38:36,003 - tpp_runner.py[pid:25880;line:140:_train_model] - CRITICAL: current best loglike on valid set is -0.5218 (updated at epoch-35)[0m
[38;20m2026-09-28 09:38:36,128 - tpp_runner.py[pid:25880;line:104:_train_model] - INFO: [ Epoch 40 (train) ]: train loglike is -0.38118558322521473, num_events is 27940, mark_ll is -2.4560936241723335, time_ll is 2.0749079186146653[0m
[38;20m2026-09-28 09:38:36,144 - tpp_runner.py[pid:25880;line:116:_train_model] - INFO: [ Epoch 40 (valid) ]:  valid loglike is -0.4912958627186786, num_events is 7874, mark_ll is -2.4273253448850647, time_ll is 1.9360294511604648[0m
[38;20m2026-09-28 09:38:36,159 - tpp_runner.py[pid:25880;line:136:_train_model] - INFO: [ Epoch 40 (test) ]: test loglike is -0.47205323329459237, num_events is 13081, mark_ll is -2.9083012217147006, time_ll is 2.4362480350795046[0m
[31;1m2026-09-28 09:38:36,159 - tpp_runner.py[pid:25880;line:140:_train_model] - CRITICAL: current best loglike on valid set is -0.4913 (updated at epoch-40), best updated at this epoch[0m
[38;20m2026-09-28 09:38:36,303 - tpp_runner.py[pid:25880;line:104:_train_model] - INFO: [ Epoch 41 (train) ]: train loglike is -0.3798774429790958, num_events is 27940, mark_ll is -2.4575715050666607, time_ll is 2.0776940402424837[0m
[38;20m2026-09-28 09:38:36,317 - tpp_runner.py[pid:25880;line:116:_train_model] - INFO: [ Epoch 41 (valid) ]:  valid loglike is -0.49655341278455994, num_events is 7874, mark_ll is -2.4295793513462027, time_ll is 1.9330257215201931[0m
[38;20m2026-09-28 09:38:36,349 - tpp_runner.py[pid:25880;line:136:_train_model] - INFO: [ Epoch 41 (test) ]: test loglike is -0.48934411371932574, num_events is 13081, mark_ll is -2.911614188159353, time_ll is 2.4222702237500955[0m
[31;1m2026-09-28 09:38:36,349 - tpp_runner.py[pid:25880;line:140:_train_model] - CRITICAL: current best loglike on valid set is -0.4913 (updated at epoch-40)[0m
[38;20m2026-09-28 09:38:36,477 - tpp_runner.py[pid:25880;line:104:_train_model] - INFO: [ Epoch 42 (train) ]: train loglike is -0.36752041466507473, num_events is 27940, mark_ll is -2.4601157055297067, time_ll is 2.0925951466870973[0m
[38;20m2026-09-28 09:38:36,491 - tpp_runner.py[pid:25880;line:116:_train_model] - INFO: [ Epoch 42 (valid) ]:  valid loglike is -0.5494415461487173, num_events is 7874, mark_ll is -2.433232593027686, time_ll is 1.8837910468789687[0m
[38;20m2026-09-28 09:38:36,523 - tpp_runner.py[pid:25880;line:136:_train_model] - INFO: [ Epoch 42 (test) ]: test loglike is -0.462340772010693, num_events is 13081, mark_ll is -2.916350228862472, time_ll is 2.4540092888779528[0m
[31;1m2026-09-28 09:38:36,523 - tpp_runner.py[pid:25880;line:140:_train_model] - CRITICAL: current best loglike on valid set is -0.4913 (updated at epoch-40)[0m
[38;20m2026-09-28 09:38:36,656 - tpp_runner.py[pid:25880;line:104:_train_model] - INFO: [ Epoch 43 (train) ]: train loglike is -0.3424799968962509, num_events is 27940, mark_ll is -2.463767853547781, time_ll is 2.1212877517951414[0m
[38;20m2026-09-28 09:38:36,674 - tpp_runner.py[pid:25880;line:116:_train_model] - INFO: [ Epoch 43 (valid) ]:  valid loglike is -0.5159637706970727, num_events is 7874, mark_ll is -2.4390443429324358, time_ll is 1.9230805102235204[0m
[38;20m2026-09-28 09:38:36,699 - tpp_runner.py[pid:25880;line:136:_train_model] - INFO: [ Epoch 43 (test) ]: test loglike is -0.47964885108888844, num_events is 13081, mark_ll is -2.9239805705794666, time_ll is 2.444331831473129[0m
[31;1m2026-09-28 09:38:36,699 - tpp_runner.py[pid:25880;line:140:_train_model] - CRITICAL: current best loglike on valid set is -0.4913 (updated at epoch-40)[0m
[38;20m2026-09-28 09:38:36,837 - tpp_runner.py[pid:25880;line:104:_train_model] - INFO: [ Epoch 44 (train) ]: train loglike is -0.324134620224141, num_events is 27940, mark_ll is -2.4683094633589837, time_ll is 2.1441749479912313[0m
[38;20m2026-09-28 09:38:36,850 - tpp_runner.py[pid:25880;line:116:_train_model] - INFO: [ Epoch 44 (valid) ]:  valid loglike is -0.44945076730973776, num_events is 7874, mark_ll is -2.4445435531496065, time_ll is 1.9950926308102617[0m
[38;20m2026-09-28 09:38:36,875 - tpp_runner.py[pid:25880;line:136:_train_model] - INFO: [ Epoch 44 (test) ]: test loglike is -0.4695472597720453, num_events is 13081, mark_ll is -2.932140216487654, time_ll is 2.462592900724333[0m
[31;1m2026-09-28 09:38:36,875 - tpp_runner.py[pid:25880;line:140:_train_model] - CRITICAL: current best loglike on valid set is -0.4495 (updated at epoch-44), best updated at this epoch[0m
[38;20m2026-09-28 09:38:37,011 - tpp_runner.py[pid:25880;line:104:_train_model] - INFO: [ Epoch 45 (train) ]: train loglike is -0.3416455759691526, num_events is 27940, mark_ll is -2.4733931806997136, time_ll is 2.1317473688036865[0m
[38;20m2026-09-28 09:38:37,025 - tpp_runner.py[pid:25880;line:116:_train_model] - INFO: [ Epoch 45 (valid) ]:  valid loglike is -0.45413225836217297, num_events is 7874, mark_ll is -2.4490218003873507, time_ll is 1.994889480013335[0m
[38;20m2026-09-28 09:38:37,061 - tpp_runner.py[pid:25880;line:136:_train_model] - INFO: [ Epoch 45 (test) ]: test loglike is -0.4737266165502446, num_events is 13081, mark_ll is -2.939191160485628, time_ll is 2.465464506607866[0m
[31;1m2026-09-28 09:38:37,061 - tpp_runner.py[pid:25880;line:140:_train_model] - CRITICAL: current best loglike on valid set is -0.4495 (updated at epoch-44)[0m
[38;20m2026-09-28 09:38:37,196 - tpp_runner.py[pid:25880;line:104:_train_model] - INFO: [ Epoch 46 (train) ]: train loglike is -0.3503031572957677, num_events is 27940, mark_ll is -2.477660066772548, time_ll is 2.1273569968571047[0m
[38;20m2026-09-28 09:38:37,202 - tpp_runner.py[pid:25880;line:116:_train_model] - INFO: [ Epoch 46 (valid) ]:  valid loglike is -0.49920119444731076, num_events is 7874, mark_ll is -2.4531892442691134, time_ll is 1.9539880808277241[0m
[38;20m2026-09-28 09:38:37,234 - tpp_runner.py[pid:25880;line:136:_train_model] - INFO: [ Epoch 46 (test) ]: test loglike is -0.47338324072127513, num_events is 13081, mark_ll is -2.94535318699354, time_ll is 2.471969946272265[0m
[31;1m2026-09-28 09:38:37,234 - tpp_runner.py[pid:25880;line:140:_train_model] - CRITICAL: current best loglike on valid set is -0.4495 (updated at epoch-44)[0m
[38;20m2026-09-28 09:38:37,372 - tpp_runner.py[pid:25880;line:104:_train_model] - INFO: [ Epoch 47 (train) ]: train loglike is -0.3537940318190207, num_events is 27940, mark_ll is -2.480708731321582, time_ll is 2.126914695133545[0m
[38;20m2026-09-28 09:38:37,387 - tpp_runner.py[pid:25880;line:116:_train_model] - INFO: [ Epoch 47 (valid) ]:  valid loglike is -0.5020980776824835, num_events is 7874, mark_ll is -2.4568913512827026, time_ll is 1.9547932425942978[0m
[38;20m2026-09-28 09:38:37,409 - tpp_runner.py[pid:25880;line:136:_train_model] - INFO: [ Epoch 47 (test) ]: test loglike is -0.44453385732706313, num_events is 13081, mark_ll is -2.9502649656467397, time_ll is 2.505731042996522[0m
[31;1m2026-09-28 09:38:37,409 - tpp_runner.py[pid:25880;line:140:_train_model] - CRITICAL: current best loglike on valid set is -0.4495 (updated at epoch-44)[0m
[38;20m2026-09-28 09:38:37,535 - tpp_runner.py[pid:25880;line:104:_train_model] - INFO: [ Epoch 48 (train) ]: train loglike is -0.33301576410947564, num_events is 27940, mark_ll is -2.483581272089746, time_ll is 2.1505654905042055[0m
[38;20m2026-09-28 09:38:37,563 - tpp_runner.py[pid:25880;line:116:_train_model] - INFO: [ Epoch 48 (valid) ]:  valid loglike is -0.469835486301832, num_events is 7874, mark_ll is -2.4599939278003555, time_ll is 1.990158224457074[0m
[38;20m2026-09-28 09:38:37,600 - tpp_runner.py[pid:25880;line:136:_train_model] - INFO: [ Epoch 48 (test) ]: test loglike is -0.443585654408111, num_events is 13081, mark_ll is -2.9547070148258925, time_ll is 2.5111213604177816[0m
[31;1m2026-09-28 09:38:37,601 - tpp_runner.py[pid:25880;line:140:_train_model] - CRITICAL: current best loglike on valid set is -0.4495 (updated at epoch-44)[0m
[38;20m2026-09-28 09:38:37,724 - tpp_runner.py[pid:25880;line:104:_train_model] - INFO: [ Epoch 49 (train) ]: train loglike is -0.325808726742853, num_events is 27940, mark_ll is -2.4857861572789908, time_ll is 2.159977417429089[0m
[38;20m2026-09-28 09:38:37,740 - tpp_runner.py[pid:25880;line:116:_train_model] - INFO: [ Epoch 49 (valid) ]:  valid loglike is -0.4673283164925705, num_events is 7874, mark_ll is -2.4626671343186435, time_ll is 1.9953389418497587[0m
[38;20m2026-09-28 09:38:37,771 - tpp_runner.py[pid:25880;line:136:_train_model] - INFO: [ Epoch 49 (test) ]: test loglike is -0.4973821745727343, num_events is 13081, mark_ll is -2.957885004969039, time_ll is 2.4605027837369087[0m
[31;1m2026-09-28 09:38:37,771 - tpp_runner.py[pid:25880;line:140:_train_model] - CRITICAL: current best loglike on valid set is -0.4495 (updated at epoch-44)[0m
[38;20m2026-09-28 09:38:37,913 - tpp_runner.py[pid:25880;line:104:_train_model] - INFO: [ Epoch 50 (train) ]: train loglike is -0.34953741730326143, num_events is 27940, mark_ll is -2.4875514145825877, time_ll is 2.1380140234934233[0m
[38;20m2026-09-28 09:38:37,913 - tpp_runner.py[pid:25880;line:116:_train_model] - INFO: [ Epoch 50 (valid) ]:  valid loglike is -0.4589527799661068, num_events is 7874, mark_ll is -2.4649151876428754, time_ll is 2.0059623146590044[0m
[38;20m2026-09-28 09:38:37,945 - tpp_runner.py[pid:25880;line:136:_train_model] - INFO: [ Epoch 50 (test) ]: test loglike is -0.4626313294030942, num_events is 13081, mark_ll is -2.9605811715226285, time_ll is 2.4979499727658436[0m
[31;1m2026-09-28 09:38:37,945 - tpp_runner.py[pid:25880;line:140:_train_model] - CRITICAL: current best loglike on valid set is -0.4495 (updated at epoch-44)[0m
[38;20m2026-09-28 09:38:38,086 - tpp_runner.py[pid:25880;line:104:_train_model] - INFO: [ Epoch 51 (train) ]: train loglike is -0.3207345163813641, num_events is 27940, mark_ll is -2.488497708538386, time_ll is 2.167763179049973[0m
[38;20m2026-09-28 09:38:38,100 - tpp_runner.py[pid:25880;line:116:_train_model] - INFO: [ Epoch 51 (valid) ]:  valid loglike is -0.43338349884707583, num_events is 7874, mark_ll is -2.466370481569088, time_ll is 2.032986951716091[0m
[38;20m2026-09-28 09:38:38,125 - tpp_runner.py[pid:25880;line:136:_train_model] - INFO: [ Epoch 51 (test) ]: test loglike is -0.502598163157681, num_events is 13081, mark_ll is -2.962748929745432, time_ll is 2.4601507852515097[0m
[31;1m2026-09-28 09:38:38,127 - tpp_runner.py[pid:25880;line:140:_train_model] - CRITICAL: current best loglike on valid set is -0.4334 (updated at epoch-51), best updated at this epoch[0m
[38;20m2026-09-28 09:38:38,259 - tpp_runner.py[pid:25880;line:104:_train_model] - INFO: [ Epoch 52 (train) ]: train loglike is -0.3212900062074982, num_events is 27940, mark_ll is -2.489186824724857, time_ll is 2.167897028230136[0m
[38;20m2026-09-28 09:38:38,276 - tpp_runner.py[pid:25880;line:116:_train_model] - INFO: [ Epoch 52 (valid) ]:  valid loglike is -0.41830696259048766, num_events is 7874, mark_ll is -2.4674551927228854, time_ll is 2.0491483541560833[0m
[38;20m2026-09-28 09:38:38,290 - tpp_runner.py[pid:25880;line:136:_train_model] - INFO: [ Epoch 52 (test) ]: test loglike is -0.4321623143777234, num_events is 13081, mark_ll is -2.9637157124359756, time_ll is 2.5315533980582523[0m
[31;1m2026-09-28 09:38:38,290 - tpp_runner.py[pid:25880;line:140:_train_model] - CRITICAL: current best loglike on valid set is -0.4183 (updated at epoch-52), best updated at this epoch[0m
[38;20m2026-09-28 09:38:38,431 - tpp_runner.py[pid:25880;line:104:_train_model] - INFO: [ Epoch 53 (train) ]: train loglike is -0.3039227670657268, num_events is 27940, mark_ll is -2.4888931569322654, time_ll is 2.184970304670723[0m
[38;20m2026-09-28 09:38:38,445 - tpp_runner.py[pid:25880;line:116:_train_model] - INFO: [ Epoch 53 (valid) ]:  valid loglike is -0.41564175559991745, num_events is 7874, mark_ll is -2.4681016041719586, time_ll is 2.052460034607569[0m
[38;20m2026-09-28 09:38:38,471 - tpp_runner.py[pid:25880;line:136:_train_model] - INFO: [ Epoch 53 (test) ]: test loglike is -0.439809388154217, num_events is 13081, mark_ll is -2.9640863000248454, time_ll is 2.5242769958575413[0m
[31;1m2026-09-28 09:38:38,471 - tpp_runner.py[pid:25880;line:140:_train_model] - CRITICAL: current best loglike on valid set is -0.4156 (updated at epoch-53), best updated at this epoch[0m
[38;20m2026-09-28 09:38:38,609 - tpp_runner.py[pid:25880;line:104:_train_model] - INFO: [ Epoch 54 (train) ]: train loglike is -0.31991983903845295, num_events is 27940, mark_ll is -2.488576700351199, time_ll is 2.1686567826704546[0m
[38;20m2026-09-28 09:38:38,623 - tpp_runner.py[pid:25880;line:116:_train_model] - INFO: [ Epoch 54 (valid) ]:  valid loglike is -0.43408258935658495, num_events is 7874, mark_ll is -2.468696917862586, time_ll is 2.0346142664941578[0m
[38;20m2026-09-28 09:38:38,645 - tpp_runner.py[pid:25880;line:136:_train_model] - INFO: [ Epoch 54 (test) ]: test loglike is -0.4686633161736249, num_events is 13081, mark_ll is -2.96579634823408, time_ll is 2.4971330227285757[0m
[31;1m2026-09-28 09:38:38,645 - tpp_runner.py[pid:25880;line:140:_train_model] - CRITICAL: current best loglike on valid set is -0.4156 (updated at epoch-53)[0m
[38;20m2026-09-28 09:38:38,778 - tpp_runner.py[pid:25880;line:104:_train_model] - INFO: [ Epoch 55 (train) ]: train loglike is -0.2903591322574602, num_events is 27940, mark_ll is -2.4890236332319255, time_ll is 2.1986645665097084[0m
[38;20m2026-09-28 09:38:38,783 - tpp_runner.py[pid:25880;line:116:_train_model] - INFO: [ Epoch 55 (valid) ]:  valid loglike is -0.4323595903051181, num_events is 7874, mark_ll is -2.469589888398527, time_ll is 2.0372304221170943[0m
[38;20m2026-09-28 09:38:38,811 - tpp_runner.py[pid:25880;line:136:_train_model] - INFO: [ Epoch 55 (test) ]: test loglike is -0.4657774418467147, num_events is 13081, mark_ll is -2.967432637269704, time_ll is 2.501655102104197[0m
[31;1m2026-09-28 09:38:38,811 - tpp_runner.py[pid:25880;line:140:_train_model] - CRITICAL: current best loglike on valid set is -0.4156 (updated at epoch-53)[0m
[38;20m2026-09-28 09:38:38,938 - tpp_runner.py[pid:25880;line:104:_train_model] - INFO: [ Epoch 56 (train) ]: train loglike is -0.30411375423969333, num_events is 27940, mark_ll is -2.4910252717877595, time_ll is 2.1869114760424124[0m
[38;20m2026-09-28 09:38:38,954 - tpp_runner.py[pid:25880;line:116:_train_model] - INFO: [ Epoch 56 (valid) ]:  valid loglike is -0.41337171907742254, num_events is 7874, mark_ll is -2.470975481013462, time_ll is 2.057603420870904[0m
[38;20m2026-09-28 09:38:39,001 - tpp_runner.py[pid:25880;line:136:_train_model] - INFO: [ Epoch 56 (test) ]: test loglike is -0.4385907660382903, num_events is 13081, mark_ll is -2.9694393645841295, time_ll is 2.530848430572013[0m
[31;1m2026-09-28 09:38:39,001 - tpp_runner.py[pid:25880;line:140:_train_model] - CRITICAL: current best loglike on valid set is -0.4134 (updated at epoch-56), best updated at this epoch[0m
[38;20m2026-09-28 09:38:39,143 - tpp_runner.py[pid:25880;line:104:_train_model] - INFO: [ Epoch 57 (train) ]: train loglike is -0.3038224085792099, num_events is 27940, mark_ll is -2.4919134753042234, time_ll is 2.188090900702398[0m
[38;20m2026-09-28 09:38:39,143 - tpp_runner.py[pid:25880;line:116:_train_model] - INFO: [ Epoch 57 (valid) ]:  valid loglike is -0.4373699611657036, num_events is 7874, mark_ll is -2.4721293973837946, time_ll is 2.0347596222536195[0m
[38;20m2026-09-28 09:38:39,181 - tpp_runner.py[pid:25880;line:136:_train_model] - INFO: [ Epoch 57 (test) ]: test loglike is -0.4602729395509231, num_events is 13081, mark_ll is -2.9709796472460055, time_ll is 2.510706726358841[0m
[31;1m2026-09-28 09:38:39,181 - tpp_runner.py[pid:25880;line:140:_train_model] - CRITICAL: current best loglike on valid set is -0.4134 (updated at epoch-56)[0m
[38;20m2026-09-28 09:38:39,302 - tpp_runner.py[pid:25880;line:104:_train_model] - INFO: [ Epoch 58 (train) ]: train loglike is -0.27203171879543775, num_events is 27940, mark_ll is -2.4927610644461344, time_ll is 2.2207292866689783[0m
[38;20m2026-09-28 09:38:39,319 - tpp_runner.py[pid:25880;line:116:_train_model] - INFO: [ Epoch 58 (valid) ]:  valid loglike is -0.43730078695508956, num_events is 7874, mark_ll is -2.4734172593345187, time_ll is 2.036116689420879[0m
[38;20m2026-09-28 09:38:39,349 - tpp_runner.py[pid:25880;line:136:_train_model] - INFO: [ Epoch 58 (test) ]: test loglike is -0.4321970009729044, num_events is 13081, mark_ll is -2.973153751146701, time_ll is 2.5409568714882274[0m
[31;1m2026-09-28 09:38:39,349 - tpp_runner.py[pid:25880;line:140:_train_model] - CRITICAL: current best loglike on valid set is -0.4134 (updated at epoch-56)[0m
[38;20m2026-09-28 09:38:39,475 - tpp_runner.py[pid:25880;line:104:_train_model] - INFO: [ Epoch 59 (train) ]: train loglike is -0.2990749132488144, num_events is 27940, mark_ll is -2.493420611130995, time_ll is 2.194345794000537[0m
[38;20m2026-09-28 09:38:39,483 - tpp_runner.py[pid:25880;line:116:_train_model] - INFO: [ Epoch 59 (valid) ]:  valid loglike is -0.43036274695596266, num_events is 7874, mark_ll is -2.4750350242887986, time_ll is 2.0446722153209933[0m
[38;20m2026-09-28 09:38:39,507 - tpp_runner.py[pid:25880;line:136:_train_model] - INFO: [ Epoch 59 (test) ]: test loglike is -0.41054915944404097, num_events is 13081, mark_ll is -2.9751991497687484, time_ll is 2.5646499903247078[0m
[31;1m2026-09-28 09:38:39,507 - tpp_runner.py[pid:25880;line:140:_train_model] - CRITICAL: current best loglike on valid set is -0.4134 (updated at epoch-56)[0m
[38;20m2026-09-28 09:38:39,642 - tpp_runner.py[pid:25880;line:104:_train_model] - INFO: [ Epoch 60 (train) ]: train loglike is -0.2985059777753389, num_events is 27940, mark_ll is -2.4942666274270757, time_ll is 2.19576076106165[0m
[38;20m2026-09-28 09:38:39,656 - tpp_runner.py[pid:25880;line:116:_train_model] - INFO: [ Epoch 60 (valid) ]:  valid loglike is -0.40405682715662306, num_events is 7874, mark_ll is -2.476132881953264, time_ll is 2.0720762408321693[0m
[38;20m2026-09-28 09:38:39,680 - tpp_runner.py[pid:25880;line:136:_train_model] - INFO: [ Epoch 60 (test) ]: test loglike is -0.4417413204564349, num_events is 13081, mark_ll is -2.9767491375850472, time_ll is 2.5350078357923707[0m
[31;1m2026-09-28 09:38:39,680 - tpp_runner.py[pid:25880;line:140:_train_model] - CRITICAL: current best loglike on valid set is -0.4041 (updated at epoch-60), best updated at this epoch[0m
[38;20m2026-09-28 09:38:39,823 - tpp_runner.py[pid:25880;line:104:_train_model] - INFO: [ Epoch 61 (train) ]: train loglike is -0.27741570988124664, num_events is 27940, mark_ll is -2.494626739217967, time_ll is 2.217210882974678[0m
[38;20m2026-09-28 09:38:39,823 - tpp_runner.py[pid:25880;line:116:_train_model] - INFO: [ Epoch 61 (valid) ]:  valid loglike is -0.452170079633128, num_events is 7874, mark_ll is -2.4771327609061466, time_ll is 2.0249627432848616[0m
[38;20m2026-09-28 09:38:39,854 - tpp_runner.py[pid:25880;line:136:_train_model] - INFO: [ Epoch 61 (test) ]: test loglike is -0.40960141378717224, num_events is 13081, mark_ll is -2.9781683297817447, time_ll is 2.5685669159945723[0m
[31;1m2026-09-28 09:38:39,854 - tpp_runner.py[pid:25880;line:140:_train_model] - CRITICAL: current best loglike on valid set is -0.4041 (updated at epoch-60)[0m
[38;20m2026-09-28 09:38:39,994 - tpp_runner.py[pid:25880;line:104:_train_model] - INFO: [ Epoch 62 (train) ]: train loglike is -0.26457089620056373, num_events is 27940, mark_ll is -2.4943000067108088, time_ll is 2.2297291629384395[0m
[38;20m2026-09-28 09:38:39,997 - tpp_runner.py[pid:25880;line:116:_train_model] - INFO: [ Epoch 62 (valid) ]:  valid loglike is -0.4381127390184468, num_events is 7874, mark_ll is -2.4792657202501904, time_ll is 2.041152919219901[0m
[38;20m2026-09-28 09:38:40,028 - tpp_runner.py[pid:25880;line:136:_train_model] - INFO: [ Epoch 62 (test) ]: test loglike is -0.4531885127701915, num_events is 13081, mark_ll is -2.980549228126672, time_ll is 2.527360771347756[0m
[31;1m2026-09-28 09:38:40,028 - tpp_runner.py[pid:25880;line:140:_train_model] - CRITICAL: current best loglike on valid set is -0.4041 (updated at epoch-60)[0m
[38;20m2026-09-28 09:38:40,155 - tpp_runner.py[pid:25880;line:104:_train_model] - INFO: [ Epoch 63 (train) ]: train loglike is -0.30633052533749777, num_events is 27940, mark_ll is -2.49565751247092, time_ll is 2.189326965288341[0m
[38;20m2026-09-28 09:38:40,179 - tpp_runner.py[pid:25880;line:116:_train_model] - INFO: [ Epoch 63 (valid) ]:  valid loglike is -0.3801922515954407, num_events is 7874, mark_ll is -2.4798605378460756, time_ll is 2.0996684102743206[0m
[38;20m2026-09-28 09:38:40,207 - tpp_runner.py[pid:25880;line:136:_train_model] - INFO: [ Epoch 63 (test) ]: test loglike is -0.4300968895428006, num_events is 13081, mark_ll is -2.9820160502350737, time_ll is 2.5519191420285146[0m
[31;1m2026-09-28 09:38:40,207 - tpp_runner.py[pid:25880;line:140:_train_model] - CRITICAL: current best loglike on valid set is -0.3802 (updated at epoch-63), best updated at this epoch[0m
[38;20m2026-09-28 09:38:40,329 - tpp_runner.py[pid:25880;line:104:_train_model] - INFO: [ Epoch 64 (train) ]: train loglike is -0.26223711192650545, num_events is 27940, mark_ll is -2.496496328628311, time_ll is 2.2342592210708214[0m
[38;20m2026-09-28 09:38:40,345 - tpp_runner.py[pid:25880;line:116:_train_model] - INFO: [ Epoch 64 (valid) ]:  valid loglike is -0.3822487503373444, num_events is 7874, mark_ll is -2.4818898133890017, time_ll is 2.0996411250635[0m
[38;20m2026-09-28 09:38:40,378 - tpp_runner.py[pid:25880;line:136:_train_model] - INFO: [ Epoch 64 (test) ]: test loglike is -0.42786951927533257, num_events is 13081, mark_ll is -2.9839161701609203, time_ll is 2.5560467442043806[0m
[31;1m2026-09-28 09:38:40,378 - tpp_runner.py[pid:25880;line:140:_train_model] - CRITICAL: current best loglike on valid set is -0.3802 (updated at epoch-63)[0m
[38;20m2026-09-28 09:38:40,526 - tpp_runner.py[pid:25880;line:104:_train_model] - INFO: [ Epoch 65 (train) ]: train loglike is -0.3035687129157905, num_events is 27940, mark_ll is -2.4979116102585897, time_ll is 2.1943427881173942[0m
[38;20m2026-09-28 09:38:40,540 - tpp_runner.py[pid:25880;line:116:_train_model] - INFO: [ Epoch 65 (valid) ]:  valid loglike is -0.3880874753937008, num_events is 7874, mark_ll is -2.4817313111188724, time_ll is 2.0936438357251714[0m
[38;20m2026-09-28 09:38:40,566 - tpp_runner.py[pid:25880;line:136:_train_model] - INFO: [ Epoch 65 (test) ]: test loglike is -0.44213662819344374, num_events is 13081, mark_ll is -2.9833607367078203, time_ll is 2.5412240618549804[0m
[31;1m2026-09-28 09:38:40,568 - tpp_runner.py[pid:25880;line:140:_train_model] - CRITICAL: current best loglike on valid set is -0.3802 (updated at epoch-63)[0m
[38;20m2026-09-28 09:38:40,698 - tpp_runner.py[pid:25880;line:104:_train_model] - INFO: [ Epoch 66 (train) ]: train loglike is -0.2823103864447253, num_events is 27940, mark_ll is -2.498323905578919, time_ll is 2.216013527872226[0m
[38;20m2026-09-28 09:38:40,705 - tpp_runner.py[pid:25880;line:116:_train_model] - INFO: [ Epoch 66 (valid) ]:  valid loglike is -0.3826406651836741, num_events is 7874, mark_ll is -2.481591412401575, time_ll is 2.0989505611823724[0m
[38;20m2026-09-28 09:38:40,721 - tpp_runner.py[pid:25880;line:136:_train_model] - INFO: [ Epoch 66 (test) ]: test loglike is -0.40696037997620593, num_events is 13081, mark_ll is -2.9855847101712407, time_ll is 2.578624367522552[0m
[31;1m2026-09-28 09:38:40,721 - tpp_runner.py[pid:25880;line:140:_train_model] - CRITICAL: current best loglike on valid set is -0.3802 (updated at epoch-63)[0m
[38;20m2026-09-28 09:38:40,862 - tpp_runner.py[pid:25880;line:104:_train_model] - INFO: [ Epoch 67 (train) ]: train loglike is -0.2668717424615247, num_events is 27940, mark_ll is -2.4976678191548856, time_ll is 2.23079614659762[0m
[38;20m2026-09-28 09:38:40,878 - tpp_runner.py[pid:25880;line:116:_train_model] - INFO: [ Epoch 67 (valid) ]:  valid loglike is -0.4272389313821596, num_events is 7874, mark_ll is -2.4824017831629415, time_ll is 2.0551627587630175[0m
[38;20m2026-09-28 09:38:40,902 - tpp_runner.py[pid:25880;line:136:_train_model] - INFO: [ Epoch 67 (test) ]: test loglike is -0.425996732423816, num_events is 13081, mark_ll is -2.986899758595482, time_ll is 2.560903128822338[0m
[31;1m2026-09-28 09:38:40,902 - tpp_runner.py[pid:25880;line:140:_train_model] - CRITICAL: current best loglike on valid set is -0.3802 (updated at epoch-63)[0m
[38;20m2026-09-28 09:38:41,038 - tpp_runner.py[pid:25880;line:104:_train_model] - INFO: [ Epoch 68 (train) ]: train loglike is -0.2591319232304436, num_events is 27940, mark_ll is -2.4987490283307983, time_ll is 2.2396171029158465[0m
[38;20m2026-09-28 09:38:41,051 - tpp_runner.py[pid:25880;line:116:_train_model] - INFO: [ Epoch 68 (valid) ]:  valid loglike is -0.40751699496563054, num_events is 7874, mark_ll is -2.481557926006477, time_ll is 2.074040900034925[0m
[38;20m2026-09-28 09:38:41,075 - tpp_runner.py[pid:25880;line:136:_train_model] - INFO: [ Epoch 68 (test) ]: test loglike is -0.4074957965483096, num_events is 13081, mark_ll is -2.9875727737271616, time_ll is 2.5800769305194557[0m
[31;1m2026-09-28 09:38:41,075 - tpp_runner.py[pid:25880;line:140:_train_model] - CRITICAL: current best loglike on valid set is -0.3802 (updated at epoch-63)[0m
[38;20m2026-09-28 09:38:41,205 - tpp_runner.py[pid:25880;line:104:_train_model] - INFO: [ Epoch 69 (train) ]: train loglike is -0.2591907072510989, num_events is 27940, mark_ll is -2.497937824355762, time_ll is 2.238747196839209[0m
[38;20m2026-09-28 09:38:41,213 - tpp_runner.py[pid:25880;line:116:_train_model] - INFO: [ Epoch 69 (valid) ]:  valid loglike is -0.3637834529087027, num_events is 7874, mark_ll is -2.4836938619189737, time_ll is 2.119910564039878[0m
[38;20m2026-09-28 09:38:41,240 - tpp_runner.py[pid:25880;line:136:_train_model] - INFO: [ Epoch 69 (test) ]: test loglike is -0.40263317823501166, num_events is 13081, mark_ll is -2.990074314607064, time_ll is 2.587440977730105[0m
[31;1m2026-09-28 09:38:41,240 - tpp_runner.py[pid:25880;line:140:_train_model] - CRITICAL: current best loglike on valid set is -0.3638 (updated at epoch-69), best updated at this epoch[0m
[38;20m2026-09-28 09:38:41,379 - tpp_runner.py[pid:25880;line:104:_train_model] - INFO: [ Epoch 70 (train) ]: train loglike is -0.2766413410817544, num_events is 27940, mark_ll is -2.500942693886453, time_ll is 2.2243013069300286[0m
[38;20m2026-09-28 09:38:41,383 - tpp_runner.py[pid:25880;line:116:_train_model] - INFO: [ Epoch 70 (valid) ]:  valid loglike is -0.3845661639077184, num_events is 7874, mark_ll is -2.484105124460249, time_ll is 2.099538929546609[0m
[38;20m2026-09-28 09:38:41,415 - tpp_runner.py[pid:25880;line:136:_train_model] - INFO: [ Epoch 70 (test) ]: test loglike is -0.3973756441236335, num_events is 13081, mark_ll is -2.9913353874417092, time_ll is 2.593959780645593[0m
[31;1m2026-09-28 09:38:41,415 - tpp_runner.py[pid:25880;line:140:_train_model] - CRITICAL: current best loglike on valid set is -0.3638 (updated at epoch-69)[0m
[38;20m2026-09-28 09:38:41,546 - tpp_runner.py[pid:25880;line:104:_train_model] - INFO: [ Epoch 71 (train) ]: train loglike is -0.2603208341168436, num_events is 27940, mark_ll is -2.4994265753623837, time_ll is 2.23910573578427[0m
[38;20m2026-09-28 09:38:41,556 - tpp_runner.py[pid:25880;line:116:_train_model] - INFO: [ Epoch 71 (valid) ]:  valid loglike is -0.35947012616681484, num_events is 7874, mark_ll is -2.486485387033274, time_ll is 2.1270151368427737[0m
[38;20m2026-09-28 09:38:41,593 - tpp_runner.py[pid:25880;line:136:_train_model] - INFO: [ Epoch 71 (test) ]: test loglike is -0.41198786460025516, num_events is 13081, mark_ll is -2.993735696095482, time_ll is 2.5817478594908647[0m
[31;1m2026-09-28 09:38:41,593 - tpp_runner.py[pid:25880;line:140:_train_model] - CRITICAL: current best loglike on valid set is -0.3595 (updated at epoch-71), best updated at this epoch[0m
[38;20m2026-09-28 09:38:41,729 - tpp_runner.py[pid:25880;line:104:_train_model] - INFO: [ Epoch 72 (train) ]: train loglike is -0.24180023040443807, num_events is 27940, mark_ll is -2.5010307033486936, time_ll is 2.259230612752774[0m
[38;20m2026-09-28 09:38:41,745 - tpp_runner.py[pid:25880;line:116:_train_model] - INFO: [ Epoch 72 (valid) ]:  valid loglike is -0.3702673801831979, num_events is 7874, mark_ll is -2.488896655527686, time_ll is 2.1186291513208024[0m
[38;20m2026-09-28 09:38:41,761 - tpp_runner.py[pid:25880;line:136:_train_model] - INFO: [ Epoch 72 (test) ]: test loglike is -0.45203640828957553, num_events is 13081, mark_ll is -2.9962532131526642, time_ll is 2.544216683548658[0m
[31;1m2026-09-28 09:38:41,761 - tpp_runner.py[pid:25880;line:140:_train_model] - CRITICAL: current best loglike on valid set is -0.3595 (updated at epoch-71)[0m
[38;20m2026-09-28 09:38:41,912 - tpp_runner.py[pid:25880;line:104:_train_model] - INFO: [ Epoch 73 (train) ]: train loglike is -0.261643585445374, num_events is 27940, mark_ll is -2.4986444515591444, time_ll is 2.2370007962095113[0m
[38;20m2026-09-28 09:38:41,926 - tpp_runner.py[pid:25880;line:116:_train_model] - INFO: [ Epoch 73 (valid) ]:  valid loglike is -0.38722622391533845, num_events is 7874, mark_ll is -2.4911146951200154, time_ll is 2.1038886882461263[0m
[38;20m2026-09-28 09:38:41,953 - tpp_runner.py[pid:25880;line:136:_train_model] - INFO: [ Epoch 73 (test) ]: test loglike is -0.40035298953097526, num_events is 13081, mark_ll is -2.9984337373862853, time_ll is 2.598080663868397[0m
[31;1m2026-09-28 09:38:41,953 - tpp_runner.py[pid:25880;line:140:_train_model] - CRITICAL: current best loglike on valid set is -0.3595 (updated at epoch-71)[0m
[38;20m2026-09-28 09:38:42,074 - tpp_runner.py[pid:25880;line:104:_train_model] - INFO: [ Epoch 74 (train) ]: train loglike is -0.24950094912507828, num_events is 27940, mark_ll is -2.5033925235996777, time_ll is 2.253891535153454[0m
[38;20m2026-09-28 09:38:42,096 - tpp_runner.py[pid:25880;line:116:_train_model] - INFO: [ Epoch 74 (valid) ]:  valid loglike is -0.33601665811730064, num_events is 7874, mark_ll is -2.491687188452502, time_ll is 2.1556705613411227[0m
[38;20m2026-09-28 09:38:42,121 - tpp_runner.py[pid:25880;line:136:_train_model] - INFO: [ Epoch 74 (test) ]: test loglike is -0.43141989806004416, num_events is 13081, mark_ll is -2.999878088329447, time_ll is 2.568458218265041[0m
[31;1m2026-09-28 09:38:42,121 - tpp_runner.py[pid:25880;line:140:_train_model] - CRITICAL: current best loglike on valid set is -0.3360 (updated at epoch-74), best updated at this epoch[0m
[38;20m2026-09-28 09:38:42,248 - tpp_runner.py[pid:25880;line:104:_train_model] - INFO: [ Epoch 75 (train) ]: train loglike is -0.23739269914674863, num_events is 27940, mark_ll is -2.5059819870705082, time_ll is 2.268589255156138[0m
[38;20m2026-09-28 09:38:42,263 - tpp_runner.py[pid:25880;line:116:_train_model] - INFO: [ Epoch 75 (valid) ]:  valid loglike is -0.3594238653321057, num_events is 7874, mark_ll is -2.4913719202438407, time_ll is 2.1319483029591058[0m
[38;20m2026-09-28 09:38:42,279 - tpp_runner.py[pid:25880;line:136:_train_model] - INFO: [ Epoch 75 (test) ]: test loglike is -0.4237001476079333, num_events is 13081, mark_ll is -3.001110418975996, time_ll is 2.577410252704304[0m
[31;1m2026-09-28 09:38:42,279 - tpp_runner.py[pid:25880;line:140:_train_model] - CRITICAL: current best loglike on valid set is -0.3360 (updated at epoch-74)[0m
[38;20m2026-09-28 09:38:42,421 - tpp_runner.py[pid:25880;line:104:_train_model] - INFO: [ Epoch 76 (train) ]: train loglike is -0.3005409169726143, num_events is 27940, mark_ll is -2.5044352504809413, time_ll is 2.2038941915153005[0m
[38;20m2026-09-28 09:38:42,436 - tpp_runner.py[pid:25880;line:116:_train_model] - INFO: [ Epoch 76 (valid) ]:  valid loglike is -0.3547969136953899, num_events is 7874, mark_ll is -2.493938466392558, time_ll is 2.1391416767208535[0m
[38;20m2026-09-28 09:38:42,462 - tpp_runner.py[pid:25880;line:136:_train_model] - INFO: [ Epoch 76 (test) ]: test loglike is -0.42925124397683184, num_events is 13081, mark_ll is -3.003453093943506, time_ll is 2.574201728652244[0m
[31;1m2026-09-28 09:38:42,462 - tpp_runner.py[pid:25880;line:140:_train_model] - CRITICAL: current best loglike on valid set is -0.3360 (updated at epoch-74)[0m
[38;20m2026-09-28 09:38:42,587 - tpp_runner.py[pid:25880;line:104:_train_model] - INFO: [ Epoch 77 (train) ]: train loglike is -0.26689639681991545, num_events is 27940, mark_ll is -2.5063706547512528, time_ll is 2.2394742885144505[0m
[38;20m2026-09-28 09:38:42,594 - tpp_runner.py[pid:25880;line:116:_train_model] - INFO: [ Epoch 77 (valid) ]:  valid loglike is -0.3675115738903353, num_events is 7874, mark_ll is -2.4941098671259843, time_ll is 2.1265984172593346[0m
[38;20m2026-09-28 09:38:42,628 - tpp_runner.py[pid:25880;line:136:_train_model] - INFO: [ Epoch 77 (test) ]: test loglike is -0.43780692550860983, num_events is 13081, mark_ll is -3.0039993448274216, time_ll is 2.5661924379825702[0m
[31;1m2026-09-28 09:38:42,628 - tpp_runner.py[pid:25880;line:140:_train_model] - CRITICAL: current best loglike on valid set is -0.3360 (updated at epoch-74)[0m
[38;20m2026-09-28 09:38:42,752 - tpp_runner.py[pid:25880;line:104:_train_model] - INFO: [ Epoch 78 (train) ]: train loglike is -0.28558292702939053, num_events is 27940, mark_ll is -2.5041412331670543, time_ll is 2.2185583924257335[0m
[38;20m2026-09-28 09:38:42,768 - tpp_runner.py[pid:25880;line:116:_train_model] - INFO: [ Epoch 78 (valid) ]:  valid loglike is -0.37232592531591313, num_events is 7874, mark_ll is -2.4866361998348996, time_ll is 2.114310150495301[0m
[38;20m2026-09-28 09:38:42,784 - tpp_runner.py[pid:25880;line:136:_train_model] - INFO: [ Epoch 78 (test) ]: test loglike is -0.4284198295267229, num_events is 13081, mark_ll is -2.999252703109472, time_ll is 2.5708328455871112[0m
[31;1m2026-09-28 09:38:42,784 - tpp_runner.py[pid:25880;line:140:_train_model] - CRITICAL: current best loglike on valid set is -0.3360 (updated at epoch-74)[0m
[38;20m2026-09-28 09:38:42,927 - tpp_runner.py[pid:25880;line:104:_train_model] - INFO: [ Epoch 79 (train) ]: train loglike is -0.2379000708130145, num_events is 27940, mark_ll is -2.503549353805029, time_ll is 2.265649116969399[0m
[38;20m2026-09-28 09:38:42,943 - tpp_runner.py[pid:25880;line:116:_train_model] - INFO: [ Epoch 79 (valid) ]:  valid loglike is -0.3355031690532131, num_events is 7874, mark_ll is -2.494943802387605, time_ll is 2.1594408813817627[0m
[38;20m2026-09-28 09:38:42,958 - tpp_runner.py[pid:25880;line:136:_train_model] - INFO: [ Epoch 79 (test) ]: test loglike is -0.4409304921319567, num_events is 13081, mark_ll is -3.005100879854369, time_ll is 2.5641703317311366[0m
[31;1m2026-09-28 09:38:42,958 - tpp_runner.py[pid:25880;line:140:_train_model] - CRITICAL: current best loglike on valid set is -0.3355 (updated at epoch-79), best updated at this epoch[0m
[38;20m2026-09-28 09:38:43,100 - tpp_runner.py[pid:25880;line:104:_train_model] - INFO: [ Epoch 80 (train) ]: train loglike is -0.2681263142000716, num_events is 27940, mark_ll is -2.50286887079456, time_ll is 2.234742574070553[0m
[38;20m2026-09-28 09:38:43,116 - tpp_runner.py[pid:25880;line:116:_train_model] - INFO: [ Epoch 80 (valid) ]:  valid loglike is -0.37010435104854583, num_events is 7874, mark_ll is -2.494915028892558, time_ll is 2.124810739855855[0m
[38;20m2026-09-28 09:38:43,140 - tpp_runner.py[pid:25880;line:136:_train_model] - INFO: [ Epoch 80 (test) ]: test loglike is -0.4538088121159745, num_events is 13081, mark_ll is -3.005735372988495, time_ll is 2.5519264582218484[0m
[31;1m2026-09-28 09:38:43,140 - tpp_runner.py[pid:25880;line:140:_train_model] - CRITICAL: current best loglike on valid set is -0.3355 (updated at epoch-79)[0m
[38;20m2026-09-28 09:38:43,258 - tpp_runner.py[pid:25880;line:104:_train_model] - INFO: [ Epoch 81 (train) ]: train loglike is -0.22889205943539728, num_events is 27940, mark_ll is -2.508220496208393, time_ll is 2.2793283668687367[0m
[38;20m2026-09-28 09:38:43,274 - tpp_runner.py[pid:25880;line:116:_train_model] - INFO: [ Epoch 81 (valid) ]:  valid loglike is -0.36760812632953394, num_events is 7874, mark_ll is -2.492993157861316, time_ll is 2.12538521756731[0m
[38;20m2026-09-28 09:38:43,305 - tpp_runner.py[pid:25880;line:136:_train_model] - INFO: [ Epoch 81 (test) ]: test loglike is -0.429101999231949, num_events is 13081, mark_ll is -3.00512820359682, time_ll is 2.576026297683663[0m
[31;1m2026-09-28 09:38:43,305 - tpp_runner.py[pid:25880;line:140:_train_model] - CRITICAL: current best loglike on valid set is -0.3355 (updated at epoch-79)[0m
[38;20m2026-09-28 09:38:43,418 - tpp_runner.py[pid:25880;line:104:_train_model] - INFO: [ Epoch 82 (train) ]: train loglike is -0.2690869712966122, num_events is 27940, mark_ll is -2.5079465064647457, time_ll is 2.2388594630793666[0m
[38;20m2026-09-28 09:38:43,441 - tpp_runner.py[pid:25880;line:116:_train_model] - INFO: [ Epoch 82 (valid) ]:  valid loglike is -0.34066230632461264, num_events is 7874, mark_ll is -2.4967942357759716, time_ll is 2.15613217749873[0m
[38;20m2026-09-28 09:38:43,464 - tpp_runner.py[pid:25880;line:136:_train_model] - INFO: [ Epoch 82 (test) ]: test loglike is -0.4330599291792485, num_events is 13081, mark_ll is -3.007809215178503, time_ll is 2.5747492486717376[0m
[31;1m2026-09-28 09:38:43,464 - tpp_runner.py[pid:25880;line:140:_train_model] - CRITICAL: current best loglike on valid set is -0.3355 (updated at epoch-79)[0m
[38;20m2026-09-28 09:38:43,593 - tpp_runner.py[pid:25880;line:104:_train_model] - INFO: [ Epoch 83 (train) ]: train loglike is -0.27129183682528407, num_events is 27940, mark_ll is -2.508029832341625, time_ll is 2.2367380785276487[0m
[38;20m2026-09-28 09:38:43,607 - tpp_runner.py[pid:25880;line:116:_train_model] - INFO: [ Epoch 83 (valid) ]:  valid loglike is -0.3526919216924371, num_events is 7874, mark_ll is -2.4969643962725425, time_ll is 2.144272536591948[0m
[38;20m2026-09-28 09:38:43,631 - tpp_runner.py[pid:25880;line:136:_train_model] - INFO: [ Epoch 83 (test) ]: test loglike is -0.4255557451378669, num_events is 13081, mark_ll is -3.007963004548582, time_ll is 2.5824072127513187[0m
[31;1m2026-09-28 09:38:43,631 - tpp_runner.py[pid:25880;line:140:_train_model] - CRITICAL: current best loglike on valid set is -0.3355 (updated at epoch-79)[0m
[38;20m2026-09-28 09:38:43,764 - tpp_runner.py[pid:25880;line:104:_train_model] - INFO: [ Epoch 84 (train) ]: train loglike is -0.2611806707034046, num_events is 27940, mark_ll is -2.509113558070866, time_ll is 2.247932896105494[0m
[38;20m2026-09-28 09:38:43,777 - tpp_runner.py[pid:25880;line:116:_train_model] - INFO: [ Epoch 84 (valid) ]:  valid loglike is -0.3763126046759906, num_events is 7874, mark_ll is -2.4950368201517654, time_ll is 2.118724153463932[0m
[38;20m2026-09-28 09:38:43,801 - tpp_runner.py[pid:25880;line:136:_train_model] - INFO: [ Epoch 84 (test) ]: test loglike is -0.4246751796797359, num_events is 13081, mark_ll is -3.006958297100757, time_ll is 2.5822832853948476[0m
[31;1m2026-09-28 09:38:43,801 - tpp_runner.py[pid:25880;line:140:_train_model] - CRITICAL: current best loglike on valid set is -0.3355 (updated at epoch-79)[0m
[38;20m2026-09-28 09:38:43,922 - tpp_runner.py[pid:25880;line:104:_train_model] - INFO: [ Epoch 85 (train) ]: train loglike is -0.23415923395068114, num_events is 27940, mark_ll is -2.509160254115963, time_ll is 2.275000891279304[0m
[38;20m2026-09-28 09:38:43,947 - tpp_runner.py[pid:25880;line:116:_train_model] - INFO: [ Epoch 85 (valid) ]:  valid loglike is -0.3237182214110522, num_events is 7874, mark_ll is -2.4968465737712724, time_ll is 2.1731283833661417[0m
[38;20m2026-09-28 09:38:43,968 - tpp_runner.py[pid:25880;line:136:_train_model] - INFO: [ Epoch 85 (test) ]: test loglike is -0.4279412907586624, num_events is 13081, mark_ll is -3.0082323599113217, time_ll is 2.5802910411570217[0m
[31;1m2026-09-28 09:38:43,968 - tpp_runner.py[pid:25880;line:140:_train_model] - CRITICAL: current best loglike on valid set is -0.3237 (updated at epoch-85), best updated at this epoch[0m
[38;20m2026-09-28 09:38:44,111 - tpp_runner.py[pid:25880;line:104:_train_model] - INFO: [ Epoch 86 (train) ]: train loglike is -0.2518253553058731, num_events is 27940, mark_ll is -2.5084332847731745, time_ll is 2.2566080146631173[0m
[38;20m2026-09-28 09:38:44,126 - tpp_runner.py[pid:25880;line:116:_train_model] - INFO: [ Epoch 86 (valid) ]:  valid loglike is -0.3331122404432309, num_events is 7874, mark_ll is -2.4969743181673865, time_ll is 2.1638620777241555[0m
[38;20m2026-09-28 09:38:44,158 - tpp_runner.py[pid:25880;line:136:_train_model] - INFO: [ Epoch 86 (test) ]: test loglike is -0.41383971071472936, num_events is 13081, mark_ll is -3.008353002446296, time_ll is 2.594513347722842[0m
[31;1m2026-09-28 09:38:44,158 - tpp_runner.py[pid:25880;line:140:_train_model] - CRITICAL: current best loglike on valid set is -0.3237 (updated at epoch-85)[0m
[38;20m2026-09-28 09:38:44,310 - tpp_runner.py[pid:25880;line:104:_train_model] - INFO: [ Epoch 87 (train) ]: train loglike is -0.23473741426242617, num_events is 27940, mark_ll is -2.509865832755458, time_ll is 2.2751284141240156[0m
[38;20m2026-09-28 09:38:44,316 - tpp_runner.py[pid:25880;line:116:_train_model] - INFO: [ Epoch 87 (valid) ]:  valid loglike is -0.3424507898820485, num_events is 7874, mark_ll is -2.4974376706565913, time_ll is 2.1549869427863855[0m
[38;20m2026-09-28 09:38:44,347 - tpp_runner.py[pid:25880;line:136:_train_model] - INFO: [ Epoch 87 (test) ]: test loglike is -0.41182207443345786, num_events is 13081, mark_ll is -3.0090283318840303, time_ll is 2.597206378765003[0m
[31;1m2026-09-28 09:38:44,347 - tpp_runner.py[pid:25880;line:140:_train_model] - CRITICAL: current best loglike on valid set is -0.3237 (updated at epoch-85)[0m
[38;20m2026-09-28 09:38:44,474 - tpp_runner.py[pid:25880;line:104:_train_model] - INFO: [ Epoch 88 (train) ]: train loglike is -0.2420350999770714, num_events is 27940, mark_ll is -2.5102319213605044, time_ll is 2.2681968301214654[0m
[38;20m2026-09-28 09:38:44,487 - tpp_runner.py[pid:25880;line:116:_train_model] - INFO: [ Epoch 88 (valid) ]:  valid loglike is -0.37217250801689106, num_events is 7874, mark_ll is -2.497901023145796, time_ll is 2.1257287631762765[0m
[38;20m2026-09-28 09:38:44,511 - tpp_runner.py[pid:25880;line:136:_train_model] - INFO: [ Epoch 88 (test) ]: test loglike is -0.38863173858733563, num_events is 13081, mark_ll is -3.0094596140155567, time_ll is 2.620828052733927[0m
[31;1m2026-09-28 09:38:44,511 - tpp_runner.py[pid:25880;line:140:_train_model] - CRITICAL: current best loglike on valid set is -0.3237 (updated at epoch-85)[0m
[38;20m2026-09-28 09:38:44,641 - tpp_runner.py[pid:25880;line:104:_train_model] - INFO: [ Epoch 89 (train) ]: train loglike is -0.25047479846602094, num_events is 27940, mark_ll is -2.5110004837374733, time_ll is 2.260525589153096[0m
[38;20m2026-09-28 09:38:44,653 - tpp_runner.py[pid:25880;line:116:_train_model] - INFO: [ Epoch 89 (valid) ]:  valid loglike is -0.3774199501524003, num_events is 7874, mark_ll is -2.498173379159258, time_ll is 2.120753429006858[0m
[38;20m2026-09-28 09:38:44,676 - tpp_runner.py[pid:25880;line:136:_train_model] - INFO: [ Epoch 89 (test) ]: test loglike is -0.413260630279604, num_events is 13081, mark_ll is -3.0097505446831283, time_ll is 2.596489989058558[0m
[31;1m2026-09-28 09:38:44,676 - tpp_runner.py[pid:25880;line:140:_train_model] - CRITICAL: current best loglike on valid set is -0.3237 (updated at epoch-85)[0m
[38;20m2026-09-28 09:38:44,803 - tpp_runner.py[pid:25880;line:104:_train_model] - INFO: [ Epoch 90 (train) ]: train loglike is -0.24130367860678015, num_events is 27940, mark_ll is -2.5107503662983177, time_ll is 2.269446700798586[0m
[38;20m2026-09-28 09:38:44,821 - tpp_runner.py[pid:25880;line:116:_train_model] - INFO: [ Epoch 90 (valid) ]:  valid loglike is -0.36212286877698757, num_events is 7874, mark_ll is -2.4985566123475995, time_ll is 2.136433495523241[0m
[38;20m2026-09-28 09:38:44,856 - tpp_runner.py[pid:25880;line:136:_train_model] - INFO: [ Epoch 90 (test) ]: test loglike is -0.4057510990714108, num_events is 13081, mark_ll is -3.010107694365874, time_ll is 2.604356240683052[0m
[31;1m2026-09-28 09:38:44,856 - tpp_runner.py[pid:25880;line:140:_train_model] - CRITICAL: current best loglike on valid set is -0.3237 (updated at epoch-85)[0m
[38;20m2026-09-28 09:38:44,985 - tpp_runner.py[pid:25880;line:104:_train_model] - INFO: [ Epoch 91 (train) ]: train loglike is -0.23968396852420926, num_events is 27940, mark_ll is -2.5110193578874376, time_ll is 2.271335251739218[0m
[38;20m2026-09-28 09:38:45,000 - tpp_runner.py[pid:25880;line:116:_train_model] - INFO: [ Epoch 91 (valid) ]:  valid loglike is -0.3356534857600965, num_events is 7874, mark_ll is -2.4986719543751588, time_ll is 2.1630182205676913[0m
[38;20m2026-09-28 09:38:45,025 - tpp_runner.py[pid:25880;line:136:_train_model] - INFO: [ Epoch 91 (test) ]: test loglike is -0.393882143142965, num_events is 13081, mark_ll is -3.010356444939225, time_ll is 2.6164743951150524[0m
[31;1m2026-09-28 09:38:45,025 - tpp_runner.py[pid:25880;line:140:_train_model] - CRITICAL: current best loglike on valid set is -0.3237 (updated at epoch-85)[0m
[38;20m2026-09-28 09:38:45,156 - tpp_runner.py[pid:25880;line:104:_train_model] - INFO: [ Epoch 92 (train) ]: train loglike is -0.24046760619156005, num_events is 27940, mark_ll is -2.511312606254474, time_ll is 2.270845048122092[0m
[38;20m2026-09-28 09:38:45,165 - tpp_runner.py[pid:25880;line:116:_train_model] - INFO: [ Epoch 92 (valid) ]:  valid loglike is -0.37740754778384555, num_events is 7874, mark_ll is -2.4987468646812294, time_ll is 2.1213393168973838[0m
[38;20m2026-09-28 09:38:45,196 - tpp_runner.py[pid:25880;line:136:_train_model] - INFO: [ Epoch 92 (test) ]: test loglike is -0.39713361250334456, num_events is 13081, mark_ll is -3.0104617085371914, time_ll is 2.613328133361364[0m
[31;1m2026-09-28 09:38:45,196 - tpp_runner.py[pid:25880;line:140:_train_model] - CRITICAL: current best loglike on valid set is -0.3237 (updated at epoch-85)[0m
[38;20m2026-09-28 09:38:45,323 - tpp_runner.py[pid:25880;line:104:_train_model] - INFO: [ Epoch 93 (train) ]: train loglike is -0.2409663894642398, num_events is 27940, mark_ll is -2.5115178801113993, time_ll is 2.2705516424704726[0m
[38;20m2026-09-28 09:38:45,339 - tpp_runner.py[pid:25880;line:116:_train_model] - INFO: [ Epoch 93 (valid) ]:  valid loglike is -0.36256315286068075, num_events is 7874, mark_ll is -2.4988282242189483, time_ll is 2.1362650713582676[0m
[38;20m2026-09-28 09:38:45,371 - tpp_runner.py[pid:25880;line:136:_train_model] - INFO: [ Epoch 93 (test) ]: test loglike is -0.41568512716439876, num_events is 13081, mark_ll is -3.010526957036924, time_ll is 2.594841755217491[0m
[31;1m2026-09-28 09:38:45,371 - tpp_runner.py[pid:25880;line:140:_train_model] - CRITICAL: current best loglike on valid set is -0.3237 (updated at epoch-85)[0m
[38;20m2026-09-28 09:38:45,513 - tpp_runner.py[pid:25880;line:104:_train_model] - INFO: [ Epoch 94 (train) ]: train loglike is -0.2574411532839623, num_events is 27940, mark_ll is -2.5114618518477094, time_ll is 2.2540206832721905[0m
[38;20m2026-09-28 09:38:45,513 - tpp_runner.py[pid:25880;line:116:_train_model] - INFO: [ Epoch 94 (valid) ]:  valid loglike is -0.34862961889009714, num_events is 7874, mark_ll is -2.4988594781877063, time_ll is 2.1502298903035304[0m
[38;20m2026-09-28 09:38:45,545 - tpp_runner.py[pid:25880;line:136:_train_model] - INFO: [ Epoch 94 (test) ]: test loglike is -0.38120002592022784, num_events is 13081, mark_ll is -3.0105051577669903, time_ll is 2.6293052811568307[0m
[31;1m2026-09-28 09:38:45,545 - tpp_runner.py[pid:25880;line:140:_train_model] - CRITICAL: current best loglike on valid set is -0.3237 (updated at epoch-85)[0m
[38;20m2026-09-28 09:38:45,697 - tpp_runner.py[pid:25880;line:104:_train_model] - INFO: [ Epoch 95 (train) ]: train loglike is -0.211771915465828, num_events is 27940, mark_ll is -2.511363985884932, time_ll is 2.299592003791607[0m
[38;20m2026-09-28 09:38:45,711 - tpp_runner.py[pid:25880;line:116:_train_model] - INFO: [ Epoch 95 (valid) ]:  valid loglike is -0.35596028687174563, num_events is 7874, mark_ll is -2.49888750754064, time_ll is 2.1429273756985014[0m
[38;20m2026-09-28 09:38:45,734 - tpp_runner.py[pid:25880;line:136:_train_model] - INFO: [ Epoch 95 (test) ]: test loglike is -0.39907263703379425, num_events is 13081, mark_ll is -3.010523522905359, time_ll is 2.611450932530961[0m
[31;1m2026-09-28 09:38:45,734 - tpp_runner.py[pid:25880;line:140:_train_model] - CRITICAL: current best loglike on valid set is -0.3237 (updated at epoch-85)[0m
[38;20m2026-09-28 09:38:45,860 - tpp_runner.py[pid:25880;line:104:_train_model] - INFO: [ Epoch 96 (train) ]: train loglike is -0.2684734237987652, num_events is 27940, mark_ll is -2.511354618714209, time_ll is 2.2428811599633143[0m
[38;20m2026-09-28 09:38:45,870 - tpp_runner.py[pid:25880;line:116:_train_model] - INFO: [ Epoch 96 (valid) ]:  valid loglike is -0.3664219017891161, num_events is 7874, mark_ll is -2.4988798180721363, time_ll is 2.1324577922593346[0m
[38;20m2026-09-28 09:38:45,896 - tpp_runner.py[pid:25880;line:136:_train_model] - INFO: [ Epoch 96 (test) ]: test loglike is -0.3879981506454973, num_events is 13081, mark_ll is -3.0105335266799176, time_ll is 2.6225354880169713[0m
[31;1m2026-09-28 09:38:45,896 - tpp_runner.py[pid:25880;line:140:_train_model] - CRITICAL: current best loglike on valid set is -0.3237 (updated at epoch-85)[0m
[38;20m2026-09-28 09:38:46,028 - tpp_runner.py[pid:25880;line:104:_train_model] - INFO: [ Epoch 97 (train) ]: train loglike is -0.26955157466334106, num_events is 27940, mark_ll is -2.5113616790443807, time_ll is 2.2418101218571045[0m
[38;20m2026-09-28 09:38:46,043 - tpp_runner.py[pid:25880;line:116:_train_model] - INFO: [ Epoch 97 (valid) ]:  valid loglike is -0.35945189468503935, num_events is 7874, mark_ll is -2.498874857124714, time_ll is 2.139422962439675[0m
[38;20m2026-09-28 09:38:46,069 - tpp_runner.py[pid:25880;line:136:_train_model] - INFO: [ Epoch 97 (test) ]: test loglike is -0.3912152786902282, num_events is 13081, mark_ll is -3.010531734959101, time_ll is 2.6193165122601485[0m
[31;1m2026-09-28 09:38:46,069 - tpp_runner.py[pid:25880;line:140:_train_model] - CRITICAL: current best loglike on valid set is -0.3237 (updated at epoch-85)[0m
[38;20m2026-09-28 09:38:46,217 - tpp_runner.py[pid:25880;line:104:_train_model] - INFO: [ Epoch 98 (train) ]: train loglike is -0.23687015607174414, num_events is 27940, mark_ll is -2.5113682849968684, time_ll is 2.2744980699434056[0m
[38;20m2026-09-28 09:38:46,230 - tpp_runner.py[pid:25880;line:116:_train_model] - INFO: [ Epoch 98 (valid) ]:  valid loglike is -0.41508957114593914, num_events is 7874, mark_ll is -2.498874857124714, time_ll is 2.083785192961011[0m
[38;20m2026-09-28 09:38:46,253 - tpp_runner.py[pid:25880;line:136:_train_model] - INFO: [ Epoch 98 (test) ]: test loglike is -0.39750818480465466, num_events is 13081, mark_ll is -3.0105332280597814, time_ll is 2.6130251832333156[0m
[31;1m2026-09-28 09:38:46,255 - tpp_runner.py[pid:25880;line:140:_train_model] - CRITICAL: current best loglike on valid set is -0.3237 (updated at epoch-85)[0m
[38;20m2026-09-28 09:38:46,379 - tpp_runner.py[pid:25880;line:104:_train_model] - INFO: [ Epoch 99 (train) ]: train loglike is -0.25009172858727685, num_events is 27940, mark_ll is -2.511375100662133, time_ll is 2.2612834911305475[0m
[38;20m2026-09-28 09:38:46,390 - tpp_runner.py[pid:25880;line:116:_train_model] - INFO: [ Epoch 99 (valid) ]:  valid loglike is -0.32839822417926084, num_events is 7874, mark_ll is -2.498874857124714, time_ll is 2.1704767569691388[0m
[38;20m2026-09-28 09:38:46,406 - tpp_runner.py[pid:25880;line:136:_train_model] - INFO: [ Epoch 99 (test) ]: test loglike is -0.41381744485083327, num_events is 13081, mark_ll is -3.0105336759899854, time_ll is 2.596716492431771[0m
[31;1m2026-09-28 09:38:46,406 - tpp_runner.py[pid:25880;line:140:_train_model] - CRITICAL: current best loglike on valid set is -0.3237 (updated at epoch-85)[0m
[38;20m2026-09-28 09:38:46,406 - base_runner.py[pid:25880;line:118:train] - INFO: End SAHP train! Cost time: 0.296m[0m
RESULT {"model": "SAHP", "dataset": "lob_goog", "seed": 2019, "ll_per_event": -0.4279412907586624, "mark_ll": -3.0082323599113217, "time_ll": 2.5802910411570217, "val_ll": -0.3237182214110522, "best_epoch": 85, "n_params": 2148, "seconds": 18.48355770111084, "max_epoch": 100, "batch_size": 64}
