
=== Mon Sep 28 12:33:30 2026 attempt 1: D:\Quant\.venv\Scripts\python.exe -u -m infodiff.baselines.easytpp_runner S2P2 lob_intc 6 2019 100 32
[31;1m2026-09-28 12:33:36,040 - config.py[pid:20248;line:33:build_from_yaml_file] - CRITICAL: Load pipeline config class RunnerConfig[0m
[31;1m2026-09-28 12:33:36,072 - runner_config.py[pid:20248;line:205:update_config] - CRITICAL: train model S2P2 using GPU with torch backend[0m
[38;20m2026-09-28 12:33:36,072 - runner_config.py[pid:20248;line:45:__init__] - INFO: Save the config to D:\Quant\results\easytpp\checkpoints/lob_intc/S2P2/train_2026_09_28_12_33_36\S2P2_train_output.yaml[0m
[38;20m2026-09-28 12:33:36,072 - base_runner.py[pid:20248;line:193:save_log] - INFO: Save the log to D:\Quant\results\easytpp\checkpoints/lob_intc/S2P2/train_2026_09_28_12_33_36\log[0m
Generating train split: 0 examples [00:00, ? examples/s]Generating train split: 1730 examples [00:00, 15417.97 examples/s]Generating train split: 1957 examples [00:00, 15261.09 examples/s]
0.05594760211174467 0.25143732741296776
min_dt: 7.275957614183426e-12
max_dt: 9.741414969998004
[38;20m2026-09-28 12:33:46,810 - tpp_runner.py[pid:20248;line:62:_init_model] - INFO: Num of model parameters 34060[0m
Generating validation split: 0 examples [00:00, ? examples/s]Generating validation split: 380 examples [00:00, 20507.67 examples/s]
Generating test split: 0 examples [00:00, ? examples/s]Generating test split: 825 examples [00:00, 18073.04 examples/s]
[38;20m2026-09-28 12:33:47,722 - base_runner.py[pid:20248;line:103:train] - INFO: Data 'lob_intc' loaded...[0m
[38;20m2026-09-28 12:33:47,722 - base_runner.py[pid:20248;line:108:train] - INFO: Start S2P2 training...[0m
[38;20m2026-09-28 12:34:07,616 - tpp_runner.py[pid:20248;line:104:_train_model] - INFO: [ Epoch 0 (train) ]: train loglike is 0.4169644043159808, num_events is 248539, mark_ll is -1.626247819601501, time_ll is 2.0432122383757556[0m
[38;20m2026-09-28 12:34:08,169 - tpp_runner.py[pid:20248;line:116:_train_model] - INFO: [ Epoch 0 (valid) ]:  valid loglike is 1.030143619542096, num_events is 48260, mark_ll is -1.6065726946164007, time_ll is 2.6367162913936233[0m
[38;20m2026-09-28 12:34:09,448 - tpp_runner.py[pid:20248;line:136:_train_model] - INFO: [ Epoch 0 (test) ]: test loglike is 1.4240560455067406, num_events is 104775, mark_ll is -1.6446103489993438, time_ll is 3.068666366544381[0m
[31;1m2026-09-28 12:34:09,448 - tpp_runner.py[pid:20248;line:140:_train_model] - CRITICAL: current best loglike on valid set is 1.0301 (updated at epoch-0), best updated at this epoch[0m
[38;20m2026-09-28 12:34:28,511 - tpp_runner.py[pid:20248;line:104:_train_model] - INFO: [ Epoch 1 (train) ]: train loglike is 1.9295444589902138, num_events is 248539, mark_ll is -1.6827932849730072, time_ll is 3.6123377478924334[0m
[38;20m2026-09-28 12:34:29,062 - tpp_runner.py[pid:20248;line:116:_train_model] - INFO: [ Epoch 1 (valid) ]:  valid loglike is 1.9903868794194208, num_events is 48260, mark_ll is -1.626309030835578, time_ll is 3.6166959608436073[0m
[38;20m2026-09-28 12:34:30,267 - tpp_runner.py[pid:20248;line:136:_train_model] - INFO: [ Epoch 1 (test) ]: test loglike is 2.3035165244348006, num_events is 104775, mark_ll is -1.6691148396489501, time_ll is 3.9726314106865903[0m
[31;1m2026-09-28 12:34:30,267 - tpp_runner.py[pid:20248;line:140:_train_model] - CRITICAL: current best loglike on valid set is 1.9904 (updated at epoch-1), best updated at this epoch[0m
[38;20m2026-09-28 12:34:50,267 - tpp_runner.py[pid:20248;line:104:_train_model] - INFO: [ Epoch 2 (train) ]: train loglike is 2.7104195615465847, num_events is 248539, mark_ll is -1.6414025744183383, time_ll is 4.351822140385287[0m
[38;20m2026-09-28 12:34:50,819 - tpp_runner.py[pid:20248;line:116:_train_model] - INFO: [ Epoch 2 (valid) ]:  valid loglike is 2.5101666611356457, num_events is 48260, mark_ll is -1.587229128354227, time_ll is 4.0973957793721505[0m
[38;20m2026-09-28 12:34:54,315 - tpp_runner.py[pid:20248;line:136:_train_model] - INFO: [ Epoch 2 (test) ]: test loglike is 2.851395438141255, num_events is 104775, mark_ll is -1.633591028394178, time_ll is 4.484986373329754[0m
[31;1m2026-09-28 12:34:54,315 - tpp_runner.py[pid:20248;line:140:_train_model] - CRITICAL: current best loglike on valid set is 2.5102 (updated at epoch-2), best updated at this epoch[0m
[38;20m2026-09-28 12:35:13,236 - tpp_runner.py[pid:20248;line:104:_train_model] - INFO: [ Epoch 3 (train) ]: train loglike is 3.223471480024576, num_events is 248539, mark_ll is -1.5974067013053974, time_ll is 4.820878145475911[0m
[38;20m2026-09-28 12:35:13,785 - tpp_runner.py[pid:20248;line:116:_train_model] - INFO: [ Epoch 3 (valid) ]:  valid loglike is 2.8582122208318226, num_events is 48260, mark_ll is -1.5460367973444622, time_ll is 4.404248957469955[0m
[38;20m2026-09-28 12:35:14,990 - tpp_runner.py[pid:20248;line:136:_train_model] - INFO: [ Epoch 3 (test) ]: test loglike is 3.237997671722143, num_events is 104775, mark_ll is -1.593667554916786, time_ll is 4.8316652499403485[0m
[31;1m2026-09-28 12:35:14,990 - tpp_runner.py[pid:20248;line:140:_train_model] - CRITICAL: current best loglike on valid set is 2.8582 (updated at epoch-3), best updated at this epoch[0m
[38;20m2026-09-28 12:35:34,030 - tpp_runner.py[pid:20248;line:104:_train_model] - INFO: [ Epoch 4 (train) ]: train loglike is 3.6021977745562253, num_events is 248539, mark_ll is -1.565670094390996, time_ll is 5.167867876314494[0m
[38;20m2026-09-28 12:35:34,576 - tpp_runner.py[pid:20248;line:116:_train_model] - INFO: [ Epoch 4 (valid) ]:  valid loglike is 3.0969915055655566, num_events is 48260, mark_ll is -1.5189442501392199, time_ll is 4.615935735469333[0m
[38;20m2026-09-28 12:35:35,782 - tpp_runner.py[pid:20248;line:136:_train_model] - INFO: [ Epoch 4 (test) ]: test loglike is 3.500863037983178, num_events is 104775, mark_ll is -1.5692085672795872, time_ll is 5.070071600602481[0m
[31;1m2026-09-28 12:35:35,782 - tpp_runner.py[pid:20248;line:140:_train_model] - CRITICAL: current best loglike on valid set is 3.0970 (updated at epoch-4), best updated at this epoch[0m
[38;20m2026-09-28 12:35:54,816 - tpp_runner.py[pid:20248;line:104:_train_model] - INFO: [ Epoch 5 (train) ]: train loglike is 3.892652337997633, num_events is 248539, mark_ll is -1.5403606513378245, time_ll is 5.43301297116285[0m
[38;20m2026-09-28 12:35:55,362 - tpp_runner.py[pid:20248;line:116:_train_model] - INFO: [ Epoch 5 (valid) ]:  valid loglike is 3.329482616135257, num_events is 48260, mark_ll is -1.5052238707813148, time_ll is 4.834706618446954[0m
[38;20m2026-09-28 12:35:56,564 - tpp_runner.py[pid:20248;line:136:_train_model] - INFO: [ Epoch 5 (test) ]: test loglike is 3.7317451551688143, num_events is 104775, mark_ll is -1.558798187335958, time_ll is 5.290543333184204[0m
[31;1m2026-09-28 12:35:56,564 - tpp_runner.py[pid:20248;line:140:_train_model] - CRITICAL: current best loglike on valid set is 3.3295 (updated at epoch-5), best updated at this epoch[0m
[38;20m2026-09-28 12:36:15,766 - tpp_runner.py[pid:20248;line:104:_train_model] - INFO: [ Epoch 6 (train) ]: train loglike is 4.1169534839728374, num_events is 248539, mark_ll is -1.524103378945385, time_ll is 5.641056817486705[0m
[38;20m2026-09-28 12:36:16,318 - tpp_runner.py[pid:20248;line:116:_train_model] - INFO: [ Epoch 6 (valid) ]:  valid loglike is 3.487173622532895, num_events is 48260, mark_ll is -1.4883204865248134, time_ll is 4.975494129293152[0m
[38;20m2026-09-28 12:36:17,520 - tpp_runner.py[pid:20248;line:136:_train_model] - INFO: [ Epoch 6 (test) ]: test loglike is 3.9135737480613217, num_events is 104775, mark_ll is -1.5417476763824267, time_ll is 5.455321466386304[0m
[31;1m2026-09-28 12:36:17,520 - tpp_runner.py[pid:20248;line:140:_train_model] - CRITICAL: current best loglike on valid set is 3.4872 (updated at epoch-6), best updated at this epoch[0m
[38;20m2026-09-28 12:36:36,711 - tpp_runner.py[pid:20248;line:104:_train_model] - INFO: [ Epoch 7 (train) ]: train loglike is 4.281772630424073, num_events is 248539, mark_ll is -1.5095866402926672, time_ll is 5.791359302396015[0m
[38;20m2026-09-28 12:36:37,261 - tpp_runner.py[pid:20248;line:116:_train_model] - INFO: [ Epoch 7 (valid) ]:  valid loglike is 3.586039102161469, num_events is 48260, mark_ll is -1.4748529692680274, time_ll is 5.060892071429496[0m
[38;20m2026-09-28 12:36:38,454 - tpp_runner.py[pid:20248;line:136:_train_model] - INFO: [ Epoch 7 (test) ]: test loglike is 4.024493967728466, num_events is 104775, mark_ll is -1.527808412930983, time_ll is 5.552302366678597[0m
[31;1m2026-09-28 12:36:38,454 - tpp_runner.py[pid:20248;line:140:_train_model] - CRITICAL: current best loglike on valid set is 3.5860 (updated at epoch-7), best updated at this epoch[0m
[38;20m2026-09-28 12:36:57,435 - tpp_runner.py[pid:20248;line:104:_train_model] - INFO: [ Epoch 8 (train) ]: train loglike is 4.419111161604982, num_events is 248539, mark_ll is -1.4997336170863778, time_ll is 5.918844705018629[0m
[38;20m2026-09-28 12:36:57,985 - tpp_runner.py[pid:20248;line:116:_train_model] - INFO: [ Epoch 8 (valid) ]:  valid loglike is 3.658849849772068, num_events is 48260, mark_ll is -1.4614094613648725, time_ll is 5.120259240312889[0m
[38;20m2026-09-28 12:36:59,181 - tpp_runner.py[pid:20248;line:136:_train_model] - INFO: [ Epoch 8 (test) ]: test loglike is 4.096433242364591, num_events is 104775, mark_ll is -1.51493803686471, time_ll is 5.611371316511573[0m
[31;1m2026-09-28 12:36:59,181 - tpp_runner.py[pid:20248;line:140:_train_model] - CRITICAL: current best loglike on valid set is 3.6588 (updated at epoch-8), best updated at this epoch[0m
[38;20m2026-09-28 12:37:18,287 - tpp_runner.py[pid:20248;line:104:_train_model] - INFO: [ Epoch 9 (train) ]: train loglike is 4.541758851226568, num_events is 248539, mark_ll is -1.4927837520752527, time_ll is 6.0345426072310335[0m
[38;20m2026-09-28 12:37:18,840 - tpp_runner.py[pid:20248;line:116:_train_model] - INFO: [ Epoch 9 (valid) ]:  valid loglike is 3.706062862619146, num_events is 48260, mark_ll is -1.4576015859731144, time_ll is 5.1636644688277045[0m
[38;20m2026-09-28 12:37:20,044 - tpp_runner.py[pid:20248;line:136:_train_model] - INFO: [ Epoch 9 (test) ]: test loglike is 4.187976933458602, num_events is 104775, mark_ll is -1.5081919309979719, time_ll is 5.696168929700549[0m
[31;1m2026-09-28 12:37:20,044 - tpp_runner.py[pid:20248;line:140:_train_model] - CRITICAL: current best loglike on valid set is 3.7061 (updated at epoch-9), best updated at this epoch[0m
[38;20m2026-09-28 12:37:39,116 - tpp_runner.py[pid:20248;line:104:_train_model] - INFO: [ Epoch 10 (train) ]: train loglike is 4.628839927843002, num_events is 248539, mark_ll is -1.4840994038202222, time_ll is 6.1129393436964365[0m
[38;20m2026-09-28 12:37:39,664 - tpp_runner.py[pid:20248;line:116:_train_model] - INFO: [ Epoch 10 (valid) ]:  valid loglike is 3.7584976721145877, num_events is 48260, mark_ll is -1.4514360385962755, time_ll is 5.209933741064028[0m
[38;20m2026-09-28 12:37:40,866 - tpp_runner.py[pid:20248;line:136:_train_model] - INFO: [ Epoch 10 (test) ]: test loglike is 4.221751828695418, num_events is 104775, mark_ll is -1.5024152946790743, time_ll is 5.724167169977332[0m
[31;1m2026-09-28 12:37:40,866 - tpp_runner.py[pid:20248;line:140:_train_model] - CRITICAL: current best loglike on valid set is 3.7585 (updated at epoch-10), best updated at this epoch[0m
[38;20m2026-09-28 12:37:59,826 - tpp_runner.py[pid:20248;line:104:_train_model] - INFO: [ Epoch 11 (train) ]: train loglike is 4.707979762835573, num_events is 248539, mark_ll is -1.4763748653773276, time_ll is 6.184354649823569[0m
[38;20m2026-09-28 12:38:00,382 - tpp_runner.py[pid:20248;line:116:_train_model] - INFO: [ Epoch 11 (valid) ]:  valid loglike is 3.8019398100782222, num_events is 48260, mark_ll is -1.443193677071462, time_ll is 5.245133497267406[0m
[38;20m2026-09-28 12:38:01,573 - tpp_runner.py[pid:20248;line:136:_train_model] - INFO: [ Epoch 11 (test) ]: test loglike is 4.297037392254235, num_events is 104775, mark_ll is -1.4918960178805774, time_ll is 5.788933279646862[0m
[31;1m2026-09-28 12:39:01,553 - tpp_runner.py[pid:20248;line:140:_train_model] - CRITICAL: current best loglike on valid set is 3.8019 (updated at epoch-11), best updated at this epoch[0m
[38;20m2026-09-28 12:39:20,797 - tpp_runner.py[pid:20248;line:104:_train_model] - INFO: [ Epoch 12 (train) ]: train loglike is 4.767714342932598, num_events is 248539, mark_ll is -1.469372929953429, time_ll is 6.237087350979122[0m
[38;20m2026-09-28 12:39:21,346 - tpp_runner.py[pid:20248;line:116:_train_model] - INFO: [ Epoch 12 (valid) ]:  valid loglike is 3.861464714243162, num_events is 48260, mark_ll is -1.4351345373691982, time_ll is 5.29659925161236[0m
[38;20m2026-09-28 12:40:07,835 - tpp_runner.py[pid:20248;line:136:_train_model] - INFO: [ Epoch 12 (test) ]: test loglike is 4.343717797437963, num_events is 104775, mark_ll is -1.4857424577964686, time_ll is 5.829460208631591[0m
[31;1m2026-09-28 12:40:07,835 - tpp_runner.py[pid:20248;line:140:_train_model] - CRITICAL: current best loglike on valid set is 3.8615 (updated at epoch-12), best updated at this epoch[0m
[38;20m2026-09-28 12:40:26,871 - tpp_runner.py[pid:20248;line:104:_train_model] - INFO: [ Epoch 13 (train) ]: train loglike is 4.82357560081114, num_events is 248539, mark_ll is -1.4644653398405594, time_ll is 6.28804091854988[0m
[38;20m2026-09-28 12:40:27,418 - tpp_runner.py[pid:20248;line:116:_train_model] - INFO: [ Epoch 13 (valid) ]:  valid loglike is 3.886707357445348, num_events is 48260, mark_ll is -1.434837693531781, time_ll is 5.321544959917634[0m
[38;20m2026-09-28 12:41:19,382 - tpp_runner.py[pid:20248;line:136:_train_model] - INFO: [ Epoch 13 (test) ]: test loglike is 4.374136691720353, num_events is 104775, mark_ll is -1.4834137558533167, time_ll is 5.8575505547602[0m
[31;1m2026-09-28 12:41:19,382 - tpp_runner.py[pid:20248;line:140:_train_model] - CRITICAL: current best loglike on valid set is 3.8867 (updated at epoch-13), best updated at this epoch[0m
[38;20m2026-09-28 12:41:38,422 - tpp_runner.py[pid:20248;line:104:_train_model] - INFO: [ Epoch 14 (train) ]: train loglike is 4.8692666259982715, num_events is 248539, mark_ll is -1.458092318069297, time_ll is 6.327358964695933[0m
[38;20m2026-09-28 12:41:38,963 - tpp_runner.py[pid:20248;line:116:_train_model] - INFO: [ Epoch 14 (valid) ]:  valid loglike is 3.895289573242592, num_events is 48260, mark_ll is -1.432533058643934, time_ll is 5.327822581297918[0m
[38;20m2026-09-28 12:42:34,174 - tpp_runner.py[pid:20248;line:136:_train_model] - INFO: [ Epoch 14 (test) ]: test loglike is 4.393329334809711, num_events is 104775, mark_ll is -1.4818593833885112, time_ll is 5.875188648293963[0m
[31;1m2026-09-28 12:42:34,174 - tpp_runner.py[pid:20248;line:140:_train_model] - CRITICAL: current best loglike on valid set is 3.8953 (updated at epoch-14), best updated at this epoch[0m
[38;20m2026-09-28 12:42:53,226 - tpp_runner.py[pid:20248;line:104:_train_model] - INFO: [ Epoch 15 (train) ]: train loglike is 4.906778585145339, num_events is 248539, mark_ll is -1.4499314678575344, time_ll is 6.356710149268576[0m
[38;20m2026-09-28 12:42:53,776 - tpp_runner.py[pid:20248;line:116:_train_model] - INFO: [ Epoch 15 (valid) ]:  valid loglike is 3.91549089971638, num_events is 48260, mark_ll is -1.4235135447964153, time_ll is 5.339004363571021[0m
[38;20m2026-09-28 12:42:54,974 - tpp_runner.py[pid:20248;line:136:_train_model] - INFO: [ Epoch 15 (test) ]: test loglike is 4.443934146459675, num_events is 104775, mark_ll is -1.4695359196045097, time_ll is 5.913470121987593[0m
[31;1m2026-09-28 12:42:54,974 - tpp_runner.py[pid:20248;line:140:_train_model] - CRITICAL: current best loglike on valid set is 3.9155 (updated at epoch-15), best updated at this epoch[0m
[38;20m2026-09-28 12:43:14,059 - tpp_runner.py[pid:20248;line:104:_train_model] - INFO: [ Epoch 16 (train) ]: train loglike is 4.961651670683788, num_events is 248539, mark_ll is -1.444892454678972, time_ll is 6.406544138869428[0m
[38;20m2026-09-28 12:43:14,608 - tpp_runner.py[pid:20248;line:116:_train_model] - INFO: [ Epoch 16 (valid) ]:  valid loglike is 3.938896872895514, num_events is 48260, mark_ll is -1.4216792119670794, time_ll is 5.360576054509428[0m
[38;20m2026-09-28 12:43:15,936 - tpp_runner.py[pid:20248;line:136:_train_model] - INFO: [ Epoch 16 (test) ]: test loglike is 4.452724895982462, num_events is 104775, mark_ll is -1.4667254142060366, time_ll is 5.9194502915473635[0m
[31;1m2026-09-28 12:43:15,936 - tpp_runner.py[pid:20248;line:140:_train_model] - CRITICAL: current best loglike on valid set is 3.9389 (updated at epoch-16), best updated at this epoch[0m
[38;20m2026-09-28 12:43:34,999 - tpp_runner.py[pid:20248;line:104:_train_model] - INFO: [ Epoch 17 (train) ]: train loglike is 4.995515401380668, num_events is 248539, mark_ll is -1.4396540484643034, time_ll is 6.43516947612158[0m
[38;20m2026-09-28 12:43:35,547 - tpp_runner.py[pid:20248;line:116:_train_model] - INFO: [ Epoch 17 (valid) ]:  valid loglike is 3.987800658218504, num_events is 48260, mark_ll is -1.4103342510781445, time_ll is 5.398135121768805[0m
[38;20m2026-09-28 12:43:36,742 - tpp_runner.py[pid:20248;line:136:_train_model] - INFO: [ Epoch 17 (test) ]: test loglike is 4.486246933533167, num_events is 104775, mark_ll is -1.4561499204023503, time_ll is 5.942396821313529[0m
[31;1m2026-09-28 12:43:36,742 - tpp_runner.py[pid:20248;line:140:_train_model] - CRITICAL: current best loglike on valid set is 3.9878 (updated at epoch-17), best updated at this epoch[0m
[38;20m2026-09-28 12:43:55,682 - tpp_runner.py[pid:20248;line:104:_train_model] - INFO: [ Epoch 18 (train) ]: train loglike is 5.02475228320241, num_events is 248539, mark_ll is -1.4326743428046629, time_ll is 6.45742667315762[0m
[38;20m2026-09-28 12:43:56,229 - tpp_runner.py[pid:20248;line:116:_train_model] - INFO: [ Epoch 18 (valid) ]:  valid loglike is 4.022489651594229, num_events is 48260, mark_ll is -1.4027437945989174, time_ll is 5.425233678900746[0m
[38;20m2026-09-28 12:44:44,296 - tpp_runner.py[pid:20248;line:136:_train_model] - INFO: [ Epoch 18 (test) ]: test loglike is 4.510554163684085, num_events is 104775, mark_ll is -1.446069987212181, time_ll is 5.956624164877118[0m
[31;1m2026-09-28 12:44:44,296 - tpp_runner.py[pid:20248;line:140:_train_model] - CRITICAL: current best loglike on valid set is 4.0225 (updated at epoch-18), best updated at this epoch[0m
[38;20m2026-09-28 12:45:03,219 - tpp_runner.py[pid:20248;line:104:_train_model] - INFO: [ Epoch 19 (train) ]: train loglike is 5.053844738967023, num_events is 248539, mark_ll is -1.4286065378375916, time_ll is 6.482451308729465[0m
[38;20m2026-09-28 12:45:03,774 - tpp_runner.py[pid:20248;line:116:_train_model] - INFO: [ Epoch 19 (valid) ]:  valid loglike is 4.020898417264557, num_events is 48260, mark_ll is -1.402657925494716, time_ll is 5.423556423701046[0m
[38;20m2026-09-28 12:45:04,963 - tpp_runner.py[pid:20248;line:136:_train_model] - INFO: [ Epoch 19 (test) ]: test loglike is 4.53971872390241, num_events is 104775, mark_ll is -1.4461919934457768, time_ll is 5.9859106754056315[0m
[31;1m2026-09-28 12:45:04,963 - tpp_runner.py[pid:20248;line:140:_train_model] - CRITICAL: current best loglike on valid set is 4.0225 (updated at epoch-18)[0m
[38;20m2026-09-28 12:45:23,896 - tpp_runner.py[pid:20248;line:104:_train_model] - INFO: [ Epoch 20 (train) ]: train loglike is 5.059422798081991, num_events is 248539, mark_ll is -1.4168759913599136, time_ll is 6.476298765375479[0m
[38;20m2026-09-28 12:45:24,455 - tpp_runner.py[pid:20248;line:116:_train_model] - INFO: [ Epoch 20 (valid) ]:  valid loglike is 4.067217934106921, num_events is 48260, mark_ll is -1.402783698893364, time_ll is 5.47000160264712[0m
[38;20m2026-09-28 12:45:25,647 - tpp_runner.py[pid:20248;line:136:_train_model] - INFO: [ Epoch 20 (test) ]: test loglike is 4.562119525098425, num_events is 104775, mark_ll is -1.448153413751193, time_ll is 6.010272962151038[0m
[31;1m2026-09-28 12:45:25,647 - tpp_runner.py[pid:20248;line:140:_train_model] - CRITICAL: current best loglike on valid set is 4.0672 (updated at epoch-20), best updated at this epoch[0m
[38;20m2026-09-28 12:45:44,592 - tpp_runner.py[pid:20248;line:104:_train_model] - INFO: [ Epoch 21 (train) ]: train loglike is 5.108590460070527, num_events is 248539, mark_ll is -1.4124690717946302, time_ll is 6.521059462121639[0m
[38;20m2026-09-28 12:45:45,141 - tpp_runner.py[pid:20248;line:116:_train_model] - INFO: [ Epoch 21 (valid) ]:  valid loglike is 4.067046762490935, num_events is 48260, mark_ll is -1.3921256908380388, time_ll is 5.459172544388469[0m
[38;20m2026-09-28 12:45:46,347 - tpp_runner.py[pid:20248;line:136:_train_model] - INFO: [ Epoch 21 (test) ]: test loglike is 4.588900601735863, num_events is 104775, mark_ll is -1.4348083644640302, time_ll is 6.023708989501312[0m
[31;1m2026-09-28 12:45:46,347 - tpp_runner.py[pid:20248;line:140:_train_model] - CRITICAL: current best loglike on valid set is 4.0672 (updated at epoch-20)[0m
[38;20m2026-09-28 12:46:05,322 - tpp_runner.py[pid:20248;line:104:_train_model] - INFO: [ Epoch 22 (train) ]: train loglike is 5.131964758690412, num_events is 248539, mark_ll is -1.4099998172523351, time_ll is 6.541964661403115[0m
[38;20m2026-09-28 12:46:05,876 - tpp_runner.py[pid:20248;line:116:_train_model] - INFO: [ Epoch 22 (valid) ]:  valid loglike is 4.087731372060195, num_events is 48260, mark_ll is -1.393115416493991, time_ll is 5.480846849260516[0m
[38;20m2026-09-28 12:46:07,084 - tpp_runner.py[pid:20248;line:136:_train_model] - INFO: [ Epoch 22 (test) ]: test loglike is 4.60013128019864, num_events is 104775, mark_ll is -1.4379410259708303, time_ll is 6.038072301509186[0m
[31;1m2026-09-28 12:46:07,084 - tpp_runner.py[pid:20248;line:140:_train_model] - CRITICAL: current best loglike on valid set is 4.0877 (updated at epoch-22), best updated at this epoch[0m
[38;20m2026-09-28 12:46:26,125 - tpp_runner.py[pid:20248;line:104:_train_model] - INFO: [ Epoch 23 (train) ]: train loglike is 5.157091702110257, num_events is 248539, mark_ll is -1.4029484624060982, time_ll is 6.560040168691144[0m
[38;20m2026-09-28 12:46:26,670 - tpp_runner.py[pid:20248;line:116:_train_model] - INFO: [ Epoch 23 (valid) ]:  valid loglike is 4.109434492203689, num_events is 48260, mark_ll is -1.383394339822705, time_ll is 5.492828842144116[0m
[38;20m2026-09-28 12:46:27,873 - tpp_runner.py[pid:20248;line:136:_train_model] - INFO: [ Epoch 23 (test) ]: test loglike is 4.623908701309353, num_events is 104775, mark_ll is -1.4277509749314006, time_ll is 6.051659508470532[0m
[31;1m2026-09-28 12:46:27,873 - tpp_runner.py[pid:20248;line:140:_train_model] - CRITICAL: current best loglike on valid set is 4.1094 (updated at epoch-23), best updated at this epoch[0m
[38;20m2026-09-28 12:46:46,894 - tpp_runner.py[pid:20248;line:104:_train_model] - INFO: [ Epoch 24 (train) ]: train loglike is 5.180947048300267, num_events is 248539, mark_ll is -1.4029346205278335, time_ll is 6.583881658513918[0m
[38;20m2026-09-28 12:47:32,982 - tpp_runner.py[pid:20248;line:116:_train_model] - INFO: [ Epoch 24 (valid) ]:  valid loglike is 4.1439163960513365, num_events is 48260, mark_ll is -1.3869199408963169, time_ll is 5.530836306594488[0m
[38;20m2026-09-28 12:47:34,168 - tpp_runner.py[pid:20248;line:136:_train_model] - INFO: [ Epoch 24 (test) ]: test loglike is 4.652850061888571, num_events is 104775, mark_ll is -1.4311941185352541, time_ll is 6.084044119840134[0m
[31;1m2026-09-28 12:47:34,168 - tpp_runner.py[pid:20248;line:140:_train_model] - CRITICAL: current best loglike on valid set is 4.1439 (updated at epoch-24), best updated at this epoch[0m
[38;20m2026-09-28 12:47:53,173 - tpp_runner.py[pid:20248;line:104:_train_model] - INFO: [ Epoch 25 (train) ]: train loglike is 5.2007355320430095, num_events is 248539, mark_ll is -1.3984410458685401, time_ll is 6.599176607626218[0m
[38;20m2026-09-28 12:47:53,728 - tpp_runner.py[pid:20248;line:116:_train_model] - INFO: [ Epoch 25 (valid) ]:  valid loglike is 4.147520247584698, num_events is 48260, mark_ll is -1.3842650608358371, time_ll is 5.531785308420535[0m
[38;20m2026-09-28 12:47:54,931 - tpp_runner.py[pid:20248;line:136:_train_model] - INFO: [ Epoch 25 (test) ]: test loglike is 4.655528699892627, num_events is 104775, mark_ll is -1.429911706260439, time_ll is 6.085440378191363[0m
[31;1m2026-09-28 12:48:51,961 - tpp_runner.py[pid:20248;line:140:_train_model] - CRITICAL: current best loglike on valid set is 4.1475 (updated at epoch-25), best updated at this epoch[0m
[38;20m2026-09-28 12:49:11,406 - tpp_runner.py[pid:20248;line:104:_train_model] - INFO: [ Epoch 26 (train) ]: train loglike is 5.21961287270622, num_events is 248539, mark_ll is -1.3956140426841965, time_ll is 6.615226923248842[0m
[38;20m2026-09-28 12:49:11,957 - tpp_runner.py[pid:20248;line:116:_train_model] - INFO: [ Epoch 26 (valid) ]:  valid loglike is 4.1271877144957, num_events is 48260, mark_ll is -1.3780520006378212, time_ll is 5.505239624074026[0m
[38;20m2026-09-28 12:49:13,153 - tpp_runner.py[pid:20248;line:136:_train_model] - INFO: [ Epoch 26 (test) ]: test loglike is 4.6358580980822, num_events is 104775, mark_ll is -1.4207948533688262, time_ll is 6.056653021355285[0m
[31;1m2026-09-28 12:49:13,153 - tpp_runner.py[pid:20248;line:140:_train_model] - CRITICAL: current best loglike on valid set is 4.1475 (updated at epoch-25)[0m
[38;20m2026-09-28 12:49:32,291 - tpp_runner.py[pid:20248;line:104:_train_model] - INFO: [ Epoch 27 (train) ]: train loglike is 5.231757179975402, num_events is 248539, mark_ll is -1.3899817216382855, time_ll is 6.621738875582655[0m
[38;20m2026-09-28 12:49:32,840 - tpp_runner.py[pid:20248;line:116:_train_model] - INFO: [ Epoch 27 (valid) ]:  valid loglike is 4.161512469889661, num_events is 48260, mark_ll is -1.3761260821915147, time_ll is 5.537638410433071[0m
[38;20m2026-09-28 12:49:34,057 - tpp_runner.py[pid:20248;line:136:_train_model] - INFO: [ Epoch 27 (test) ]: test loglike is 4.680356903185397, num_events is 104775, mark_ll is -1.418969657823312, time_ll is 6.099326551688141[0m
[31;1m2026-09-28 12:49:34,058 - tpp_runner.py[pid:20248;line:140:_train_model] - CRITICAL: current best loglike on valid set is 4.1615 (updated at epoch-27), best updated at this epoch[0m
[38;20m2026-09-28 12:49:53,067 - tpp_runner.py[pid:20248;line:104:_train_model] - INFO: [ Epoch 28 (train) ]: train loglike is 5.256141464939859, num_events is 248539, mark_ll is -1.3872721805371215, time_ll is 6.643413634671646[0m
[38;20m2026-09-28 12:49:53,638 - tpp_runner.py[pid:20248;line:116:_train_model] - INFO: [ Epoch 28 (valid) ]:  valid loglike is 4.180736444681155, num_events is 48260, mark_ll is -1.3768584130070192, time_ll is 5.557594928512225[0m
[38;20m2026-09-28 12:50:49,731 - tpp_runner.py[pid:20248;line:136:_train_model] - INFO: [ Epoch 28 (test) ]: test loglike is 4.702370155168814, num_events is 104775, mark_ll is -1.4205072998687664, time_ll is 6.122877389793605[0m
[31;1m2026-09-28 12:50:49,731 - tpp_runner.py[pid:20248;line:140:_train_model] - CRITICAL: current best loglike on valid set is 4.1807 (updated at epoch-28), best updated at this epoch[0m
[38;20m2026-09-28 12:51:08,761 - tpp_runner.py[pid:20248;line:104:_train_model] - INFO: [ Epoch 29 (train) ]: train loglike is 5.25890947714066, num_events is 248539, mark_ll is -1.3834078571971475, time_ll is 6.642317359877688[0m
[38;20m2026-09-28 12:51:09,318 - tpp_runner.py[pid:20248;line:116:_train_model] - INFO: [ Epoch 29 (valid) ]:  valid loglike is 4.199163385826772, num_events is 48260, mark_ll is -1.373283933219799, time_ll is 5.572447238104797[0m
[38;20m2026-09-28 12:51:10,522 - tpp_runner.py[pid:20248;line:136:_train_model] - INFO: [ Epoch 29 (test) ]: test loglike is 4.739194674973157, num_events is 104775, mark_ll is -1.4162896077532212, time_ll is 6.15548429670723[0m
[31;1m2026-09-28 12:52:02,771 - tpp_runner.py[pid:20248;line:140:_train_model] - CRITICAL: current best loglike on valid set is 4.1992 (updated at epoch-29), best updated at this epoch[0m
[38;20m2026-09-28 12:52:23,063 - tpp_runner.py[pid:20248;line:104:_train_model] - INFO: [ Epoch 30 (train) ]: train loglike is 5.285602429740026, num_events is 248539, mark_ll is -1.3801416810406422, time_ll is 6.665744118393516[0m
[38;20m2026-09-28 12:52:23,647 - tpp_runner.py[pid:20248;line:116:_train_model] - INFO: [ Epoch 30 (valid) ]:  valid loglike is 4.211842550442913, num_events is 48260, mark_ll is -1.3677253479686853, time_ll is 5.579567949000207[0m
[38;20m2026-09-28 12:52:24,923 - tpp_runner.py[pid:20248;line:136:_train_model] - INFO: [ Epoch 30 (test) ]: test loglike is 4.754979075325101, num_events is 104775, mark_ll is -1.41110462710272, time_ll is 6.16608366514555[0m
[31;1m2026-09-28 12:53:13,678 - tpp_runner.py[pid:20248;line:140:_train_model] - CRITICAL: current best loglike on valid set is 4.2118 (updated at epoch-30), best updated at this epoch[0m
[38;20m2026-09-28 12:53:32,805 - tpp_runner.py[pid:20248;line:104:_train_model] - INFO: [ Epoch 31 (train) ]: train loglike is 5.300310261213406, num_events is 248539, mark_ll is -1.3782650408597217, time_ll is 6.678575286356279[0m
[38;20m2026-09-28 12:53:33,354 - tpp_runner.py[pid:20248;line:116:_train_model] - INFO: [ Epoch 31 (valid) ]:  valid loglike is 4.2004656984951305, num_events is 48260, mark_ll is -1.3658975208344126, time_ll is 5.566363350859925[0m
[38;20m2026-09-28 12:53:34,556 - tpp_runner.py[pid:20248;line:136:_train_model] - INFO: [ Epoch 31 (test) ]: test loglike is 4.728979500342997, num_events is 104775, mark_ll is -1.4069886922870436, time_ll is 6.135968257874016[0m
[31;1m2026-09-28 12:53:34,556 - tpp_runner.py[pid:20248;line:140:_train_model] - CRITICAL: current best loglike on valid set is 4.2118 (updated at epoch-30)[0m
[38;20m2026-09-28 12:53:53,511 - tpp_runner.py[pid:20248;line:104:_train_model] - INFO: [ Epoch 32 (train) ]: train loglike is 5.301320357575924, num_events is 248539, mark_ll is -1.3745858826324793, time_ll is 6.675906231367676[0m
[38;20m2026-09-28 12:53:54,075 - tpp_runner.py[pid:20248;line:116:_train_model] - INFO: [ Epoch 32 (valid) ]:  valid loglike is 4.212625095511293, num_events is 48260, mark_ll is -1.3674713020941256, time_ll is 5.580096377369975[0m
[38;20m2026-09-28 12:53:55,283 - tpp_runner.py[pid:20248;line:136:_train_model] - INFO: [ Epoch 32 (test) ]: test loglike is 4.738423547109878, num_events is 104775, mark_ll is -1.4116831780526724, time_ll is 6.1501068137079455[0m
[31;1m2026-09-28 12:53:55,283 - tpp_runner.py[pid:20248;line:140:_train_model] - CRITICAL: current best loglike on valid set is 4.2126 (updated at epoch-32), best updated at this epoch[0m
[38;20m2026-09-28 12:54:14,364 - tpp_runner.py[pid:20248;line:104:_train_model] - INFO: [ Epoch 33 (train) ]: train loglike is 5.32156471835469, num_events is 248539, mark_ll is -1.3717572738737527, time_ll is 6.693321949252683[0m
[38;20m2026-09-28 12:54:14,916 - tpp_runner.py[pid:20248;line:116:_train_model] - INFO: [ Epoch 33 (valid) ]:  valid loglike is 4.201126952315582, num_events is 48260, mark_ll is -1.365867005785718, time_ll is 5.566993887277248[0m
[38;20m2026-09-28 12:54:16,099 - tpp_runner.py[pid:20248;line:136:_train_model] - INFO: [ Epoch 33 (test) ]: test loglike is 4.740326061426271, num_events is 104775, mark_ll is -1.4050263958482463, time_ll is 6.145352429312813[0m
[31;1m2026-09-28 12:54:16,114 - tpp_runner.py[pid:20248;line:140:_train_model] - CRITICAL: current best loglike on valid set is 4.2126 (updated at epoch-32)[0m
[38;20m2026-09-28 12:54:35,324 - tpp_runner.py[pid:20248;line:104:_train_model] - INFO: [ Epoch 34 (train) ]: train loglike is 5.322133506218151, num_events is 248539, mark_ll is -1.369729279206511, time_ll is 6.691862821524301[0m
[38;20m2026-09-28 12:54:35,883 - tpp_runner.py[pid:20248;line:116:_train_model] - INFO: [ Epoch 34 (valid) ]:  valid loglike is 4.240170491705087, num_events is 48260, mark_ll is -1.364974926262044, time_ll is 5.605145428084853[0m
[38;20m2026-09-28 12:54:37,081 - tpp_runner.py[pid:20248;line:136:_train_model] - INFO: [ Epoch 34 (test) ]: test loglike is 4.785826165816631, num_events is 104775, mark_ll is -1.4072170042576355, time_ll is 6.193043202696254[0m
[31;1m2026-09-28 12:54:37,081 - tpp_runner.py[pid:20248;line:140:_train_model] - CRITICAL: current best loglike on valid set is 4.2402 (updated at epoch-34), best updated at this epoch[0m
[38;20m2026-09-28 12:54:56,214 - tpp_runner.py[pid:20248;line:104:_train_model] - INFO: [ Epoch 35 (train) ]: train loglike is 5.336323836854138, num_events is 248539, mark_ll is -1.3678401760552732, time_ll is 6.704163977055349[0m
[38;20m2026-09-28 12:54:56,779 - tpp_runner.py[pid:20248;line:116:_train_model] - INFO: [ Epoch 35 (valid) ]:  valid loglike is 4.265730406424834, num_events is 48260, mark_ll is -1.3577327419997152, time_ll is 5.623463138306827[0m
[38;20m2026-09-28 12:54:57,984 - tpp_runner.py[pid:20248;line:136:_train_model] - INFO: [ Epoch 35 (test) ]: test loglike is 4.785766924287163, num_events is 104775, mark_ll is -1.3990222770892986, time_ll is 6.1847892619601526[0m
[31;1m2026-09-28 12:54:57,984 - tpp_runner.py[pid:20248;line:140:_train_model] - CRITICAL: current best loglike on valid set is 4.2657 (updated at epoch-35), best updated at this epoch[0m
[38;20m2026-09-28 12:55:17,125 - tpp_runner.py[pid:20248;line:104:_train_model] - INFO: [ Epoch 36 (train) ]: train loglike is 5.342321839376189, num_events is 248539, mark_ll is -1.366633753161287, time_ll is 6.7089555493161415[0m
[38;20m2026-09-28 12:55:17,674 - tpp_runner.py[pid:20248;line:116:_train_model] - INFO: [ Epoch 36 (valid) ]:  valid loglike is 4.25845333625803, num_events is 48260, mark_ll is -1.3679539680085733, time_ll is 5.626407334619768[0m
[38;20m2026-09-28 12:55:18,873 - tpp_runner.py[pid:20248;line:136:_train_model] - INFO: [ Epoch 36 (test) ]: test loglike is 4.79224484013362, num_events is 104775, mark_ll is -1.4081195148458006, time_ll is 6.200364322357433[0m
[31;1m2026-09-28 12:55:18,873 - tpp_runner.py[pid:20248;line:140:_train_model] - CRITICAL: current best loglike on valid set is 4.2657 (updated at epoch-35)[0m
[38;20m2026-09-28 12:55:38,004 - tpp_runner.py[pid:20248;line:104:_train_model] - INFO: [ Epoch 37 (train) ]: train loglike is 5.342777658456331, num_events is 248539, mark_ll is -1.365257021751915, time_ll is 6.70803459990497[0m
[38;20m2026-09-28 12:55:38,560 - tpp_runner.py[pid:20248;line:116:_train_model] - INFO: [ Epoch 37 (valid) ]:  valid loglike is 4.283118884848995, num_events is 48260, mark_ll is -1.361111069516033, time_ll is 5.644229822834646[0m
[38;20m2026-09-28 12:55:39,757 - tpp_runner.py[pid:20248;line:136:_train_model] - INFO: [ Epoch 37 (test) ]: test loglike is 4.801662491052255, num_events is 104775, mark_ll is -1.401369018991589, time_ll is 6.20303145878072[0m
[31;1m2026-09-28 12:55:39,757 - tpp_runner.py[pid:20248;line:140:_train_model] - CRITICAL: current best loglike on valid set is 4.2831 (updated at epoch-37), best updated at this epoch[0m
[38;20m2026-09-28 12:55:58,748 - tpp_runner.py[pid:20248;line:104:_train_model] - INFO: [ Epoch 38 (train) ]: train loglike is 5.360206382034107, num_events is 248539, mark_ll is -1.3591221529772333, time_ll is 6.719328566690615[0m
[38;20m2026-09-28 12:55:59,288 - tpp_runner.py[pid:20248;line:116:_train_model] - INFO: [ Epoch 38 (valid) ]:  valid loglike is 4.2431552196112206, num_events is 48260, mark_ll is -1.3566960094086717, time_ll is 5.599851006430015[0m
[38;20m2026-09-28 12:56:00,510 - tpp_runner.py[pid:20248;line:136:_train_model] - INFO: [ Epoch 38 (test) ]: test loglike is 4.779004199847888, num_events is 104775, mark_ll is -1.3952634551717966, time_ll is 6.174267627057981[0m
[31;1m2026-09-28 12:56:00,510 - tpp_runner.py[pid:20248;line:140:_train_model] - CRITICAL: current best loglike on valid set is 4.2831 (updated at epoch-37)[0m
[38;20m2026-09-28 12:56:19,607 - tpp_runner.py[pid:20248;line:104:_train_model] - INFO: [ Epoch 39 (train) ]: train loglike is 5.363279945501511, num_events is 248539, mark_ll is -1.358453302319458, time_ll is 6.721733290796728[0m
[38;20m2026-09-28 12:56:20,161 - tpp_runner.py[pid:20248;line:116:_train_model] - INFO: [ Epoch 39 (valid) ]:  valid loglike is 4.275369074252746, num_events is 48260, mark_ll is -1.358598727919084, time_ll is 5.633967822407273[0m
[38;20m2026-09-28 12:56:21,357 - tpp_runner.py[pid:20248;line:136:_train_model] - INFO: [ Epoch 39 (test) ]: test loglike is 4.818059886512765, num_events is 104775, mark_ll is -1.398091473917323, time_ll is 6.216151295186113[0m
[31;1m2026-09-28 12:56:21,357 - tpp_runner.py[pid:20248;line:140:_train_model] - CRITICAL: current best loglike on valid set is 4.2831 (updated at epoch-37)[0m
[38;20m2026-09-28 12:56:40,376 - tpp_runner.py[pid:20248;line:104:_train_model] - INFO: [ Epoch 40 (train) ]: train loglike is 5.368167628260178, num_events is 248539, mark_ll is -1.3569324262827904, time_ll is 6.725100057981028[0m
[38;20m2026-09-28 12:56:40,926 - tpp_runner.py[pid:20248;line:116:_train_model] - INFO: [ Epoch 40 (valid) ]:  valid loglike is 4.312100248815012, num_events is 48260, mark_ll is -1.3544457269218815, time_ll is 5.666545995972338[0m
[38;20m2026-09-28 12:56:42,124 - tpp_runner.py[pid:20248;line:136:_train_model] - INFO: [ Epoch 40 (test) ]: test loglike is 4.837793225065616, num_events is 104775, mark_ll is -1.394312165391613, time_ll is 6.232105348514675[0m
[31;1m2026-09-28 12:56:42,124 - tpp_runner.py[pid:20248;line:140:_train_model] - CRITICAL: current best loglike on valid set is 4.3121 (updated at epoch-40), best updated at this epoch[0m
[38;20m2026-09-28 12:57:01,075 - tpp_runner.py[pid:20248;line:104:_train_model] - INFO: [ Epoch 41 (train) ]: train loglike is 5.380647049207129, num_events is 248539, mark_ll is -1.3539136055836873, time_ll is 6.7345606336713[0m
[38;20m2026-09-28 12:57:01,633 - tpp_runner.py[pid:20248;line:116:_train_model] - INFO: [ Epoch 41 (valid) ]:  valid loglike is 4.318314634434573, num_events is 48260, mark_ll is -1.3532379845983993, time_ll is 5.671552649386138[0m
[38;20m2026-09-28 12:57:02,828 - tpp_runner.py[pid:20248;line:136:_train_model] - INFO: [ Epoch 41 (test) ]: test loglike is 4.852630105807086, num_events is 104775, mark_ll is -1.391711051210928, time_ll is 6.244341054491768[0m
[31;1m2026-09-28 12:57:02,828 - tpp_runner.py[pid:20248;line:140:_train_model] - CRITICAL: current best loglike on valid set is 4.3183 (updated at epoch-41), best updated at this epoch[0m
[38;20m2026-09-28 12:57:21,978 - tpp_runner.py[pid:20248;line:104:_train_model] - INFO: [ Epoch 42 (train) ]: train loglike is 5.380313808781331, num_events is 248539, mark_ll is -1.3511070807172114, time_ll is 6.731420927808362[0m
[38;20m2026-09-28 12:57:22,531 - tpp_runner.py[pid:20248;line:116:_train_model] - INFO: [ Epoch 42 (valid) ]:  valid loglike is 4.284986434158723, num_events is 48260, mark_ll is -1.3524810677191255, time_ll is 5.637467542348736[0m
[38;20m2026-09-28 12:57:23,761 - tpp_runner.py[pid:20248;line:136:_train_model] - INFO: [ Epoch 42 (test) ]: test loglike is 4.816920642820926, num_events is 104775, mark_ll is -1.392347035500179, time_ll is 6.209267682981388[0m
[31;1m2026-09-28 12:57:23,761 - tpp_runner.py[pid:20248;line:140:_train_model] - CRITICAL: current best loglike on valid set is 4.3183 (updated at epoch-41)[0m
[38;20m2026-09-28 12:57:43,035 - tpp_runner.py[pid:20248;line:104:_train_model] - INFO: [ Epoch 43 (train) ]: train loglike is 5.37875753913684, num_events is 248539, mark_ll is -1.3493543730498534, time_ll is 6.728111912186694[0m
[38;20m2026-09-28 12:57:43,599 - tpp_runner.py[pid:20248;line:116:_train_model] - INFO: [ Epoch 43 (valid) ]:  valid loglike is 4.3224253635904475, num_events is 48260, mark_ll is -1.3486541001864898, time_ll is 5.6710794637769375[0m
[38;20m2026-09-28 12:57:44,849 - tpp_runner.py[pid:20248;line:136:_train_model] - INFO: [ Epoch 43 (test) ]: test loglike is 4.860377352511334, num_events is 104775, mark_ll is -1.3860268656048675, time_ll is 6.246404162192794[0m
[31;1m2026-09-28 12:57:44,849 - tpp_runner.py[pid:20248;line:140:_train_model] - CRITICAL: current best loglike on valid set is 4.3224 (updated at epoch-43), best updated at this epoch[0m
[38;20m2026-09-28 12:58:04,239 - tpp_runner.py[pid:20248;line:104:_train_model] - INFO: [ Epoch 44 (train) ]: train loglike is 5.396554925971754, num_events is 248539, mark_ll is -1.3468625235721305, time_ll is 6.7434174760660675[0m
[38;20m2026-09-28 12:58:04,799 - tpp_runner.py[pid:20248;line:116:_train_model] - INFO: [ Epoch 44 (valid) ]:  valid loglike is 4.300830179302217, num_events is 48260, mark_ll is -1.3492125276011449, time_ll is 5.650042615843867[0m
[38;20m2026-09-28 12:58:06,225 - tpp_runner.py[pid:20248;line:136:_train_model] - INFO: [ Epoch 44 (test) ]: test loglike is 4.840991587255428, num_events is 104775, mark_ll is -1.385717366827726, time_ll is 6.226708944762587[0m
[31;1m2026-09-28 12:58:06,225 - tpp_runner.py[pid:20248;line:140:_train_model] - CRITICAL: current best loglike on valid set is 4.3224 (updated at epoch-43)[0m
[38;20m2026-09-28 12:58:25,427 - tpp_runner.py[pid:20248;line:104:_train_model] - INFO: [ Epoch 45 (train) ]: train loglike is 5.399690930516689, num_events is 248539, mark_ll is -1.3471311714310776, time_ll is 6.746822053078189[0m
[38;20m2026-09-28 12:58:26,001 - tpp_runner.py[pid:20248;line:116:_train_model] - INFO: [ Epoch 45 (valid) ]:  valid loglike is 4.3207798780369355, num_events is 48260, mark_ll is -1.3481614581984305, time_ll is 5.668941265411314[0m
[38;20m2026-09-28 12:58:27,216 - tpp_runner.py[pid:20248;line:136:_train_model] - INFO: [ Epoch 45 (test) ]: test loglike is 4.8667833881382725, num_events is 104775, mark_ll is -1.3834725360146742, time_ll is 6.250255905511811[0m
[31;1m2026-09-28 12:58:27,216 - tpp_runner.py[pid:20248;line:140:_train_model] - CRITICAL: current best loglike on valid set is 4.3224 (updated at epoch-43)[0m
[38;20m2026-09-28 12:58:46,493 - tpp_runner.py[pid:20248;line:104:_train_model] - INFO: [ Epoch 46 (train) ]: train loglike is 5.393174546031382, num_events is 248539, mark_ll is -1.3462830585653496, time_ll is 6.739457638486188[0m
[38;20m2026-09-28 12:58:47,050 - tpp_runner.py[pid:20248;line:116:_train_model] - INFO: [ Epoch 46 (valid) ]:  valid loglike is 4.311764421395825, num_events is 48260, mark_ll is -1.3510197752894477, time_ll is 5.662784105625777[0m
[38;20m2026-09-28 12:58:48,291 - tpp_runner.py[pid:20248;line:136:_train_model] - INFO: [ Epoch 46 (test) ]: test loglike is 4.854160645579814, num_events is 104775, mark_ll is -1.38766921957021, time_ll is 6.241829795245764[0m
[31;1m2026-09-28 12:58:48,291 - tpp_runner.py[pid:20248;line:140:_train_model] - CRITICAL: current best loglike on valid set is 4.3224 (updated at epoch-43)[0m
[38;20m2026-09-28 12:59:07,708 - tpp_runner.py[pid:20248;line:104:_train_model] - INFO: [ Epoch 47 (train) ]: train loglike is 5.411609356210507, num_events is 248539, mark_ll is -1.3433787358498848, time_ll is 6.754988178257487[0m
[38;20m2026-09-28 12:59:08,261 - tpp_runner.py[pid:20248;line:116:_train_model] - INFO: [ Epoch 47 (valid) ]:  valid loglike is 4.3162589359718195, num_events is 48260, mark_ll is -1.3454753953196228, time_ll is 5.661734250349668[0m
[38;20m2026-09-28 12:59:09,503 - tpp_runner.py[pid:20248;line:136:_train_model] - INFO: [ Epoch 47 (test) ]: test loglike is 4.863696891404199, num_events is 104775, mark_ll is -1.3803813976377952, time_ll is 6.244078251759723[0m
[31;1m2026-09-28 12:59:09,505 - tpp_runner.py[pid:20248;line:140:_train_model] - CRITICAL: current best loglike on valid set is 4.3224 (updated at epoch-43)[0m
[38;20m2026-09-28 12:59:28,776 - tpp_runner.py[pid:20248;line:104:_train_model] - INFO: [ Epoch 48 (train) ]: train loglike is 5.416609103051357, num_events is 248539, mark_ll is -1.339399726415233, time_ll is 6.756008802944407[0m
[38;20m2026-09-28 12:59:29,335 - tpp_runner.py[pid:20248;line:116:_train_model] - INFO: [ Epoch 48 (valid) ]:  valid loglike is 4.351219772294602, num_events is 48260, mark_ll is -1.346205469883185, time_ll is 5.697425221942344[0m
[38;20m2026-09-28 12:59:30,594 - tpp_runner.py[pid:20248;line:136:_train_model] - INFO: [ Epoch 48 (test) ]: test loglike is 4.88974453255488, num_events is 104775, mark_ll is -1.3820476681803269, time_ll is 6.271792270639465[0m
[31;1m2026-09-28 12:59:30,594 - tpp_runner.py[pid:20248;line:140:_train_model] - CRITICAL: current best loglike on valid set is 4.3512 (updated at epoch-48), best updated at this epoch[0m
[38;20m2026-09-28 12:59:49,815 - tpp_runner.py[pid:20248;line:104:_train_model] - INFO: [ Epoch 49 (train) ]: train loglike is 5.41772825273712, num_events is 248539, mark_ll is -1.3370421260891618, time_ll is 6.754770391841799[0m
[38;20m2026-09-28 12:59:50,381 - tpp_runner.py[pid:20248;line:116:_train_model] - INFO: [ Epoch 49 (valid) ]:  valid loglike is 4.342142496373809, num_events is 48260, mark_ll is -1.3490855603113345, time_ll is 5.6912280566851425[0m
[38;20m2026-09-28 12:59:51,578 - tpp_runner.py[pid:20248;line:136:_train_model] - INFO: [ Epoch 49 (test) ]: test loglike is 4.898099582811382, num_events is 104775, mark_ll is -1.3853125279617036, time_ll is 6.283412148055357[0m
[31;1m2026-09-28 12:59:51,578 - tpp_runner.py[pid:20248;line:140:_train_model] - CRITICAL: current best loglike on valid set is 4.3512 (updated at epoch-48)[0m
[38;20m2026-09-28 13:00:10,749 - tpp_runner.py[pid:20248;line:104:_train_model] - INFO: [ Epoch 50 (train) ]: train loglike is 5.410671946346637, num_events is 248539, mark_ll is -1.333891417203858, time_ll is 6.744563401369164[0m
[38;20m2026-09-28 13:00:11,307 - tpp_runner.py[pid:20248;line:116:_train_model] - INFO: [ Epoch 50 (valid) ]:  valid loglike is 4.337441863571022, num_events is 48260, mark_ll is -1.3451197574013158, time_ll is 5.682561620972337[0m
[38;20m2026-09-28 13:00:12,518 - tpp_runner.py[pid:20248;line:136:_train_model] - INFO: [ Epoch 50 (test) ]: test loglike is 4.891216473917323, num_events is 104775, mark_ll is -1.3798551583750895, time_ll is 6.271071622971845[0m
[31;1m2026-09-28 13:00:12,518 - tpp_runner.py[pid:20248;line:140:_train_model] - CRITICAL: current best loglike on valid set is 4.3512 (updated at epoch-48)[0m
[38;20m2026-09-28 13:00:31,931 - tpp_runner.py[pid:20248;line:104:_train_model] - INFO: [ Epoch 51 (train) ]: train loglike is 5.430748803822036, num_events is 248539, mark_ll is -1.3338308592013288, time_ll is 6.764579619310878[0m
[38;20m2026-09-28 13:00:32,491 - tpp_runner.py[pid:20248;line:116:_train_model] - INFO: [ Epoch 51 (valid) ]:  valid loglike is 4.308016655388779, num_events is 48260, mark_ll is -1.3385790853741453, time_ll is 5.646595791351533[0m
[38;20m2026-09-28 13:00:33,707 - tpp_runner.py[pid:20248;line:136:_train_model] - INFO: [ Epoch 51 (test) ]: test loglike is 4.859637448550465, num_events is 104775, mark_ll is -1.3725142930908494, time_ll is 6.232151671737055[0m
[31;1m2026-09-28 13:00:33,707 - tpp_runner.py[pid:20248;line:140:_train_model] - CRITICAL: current best loglike on valid set is 4.3512 (updated at epoch-48)[0m
[38;20m2026-09-28 13:00:52,898 - tpp_runner.py[pid:20248;line:104:_train_model] - INFO: [ Epoch 52 (train) ]: train loglike is 5.432307550834891, num_events is 248539, mark_ll is -1.3330286412544912, time_ll is 6.7653362245053845[0m
[38;20m2026-09-28 13:00:53,464 - tpp_runner.py[pid:20248;line:116:_train_model] - INFO: [ Epoch 52 (valid) ]:  valid loglike is 4.384537247785433, num_events is 48260, mark_ll is -1.3375147111673746, time_ll is 5.722052019659138[0m
[38;20m2026-09-28 13:00:54,691 - tpp_runner.py[pid:20248;line:136:_train_model] - INFO: [ Epoch 52 (test) ]: test loglike is 4.910882051941661, num_events is 104775, mark_ll is -1.3712570137273323, time_ll is 6.282139163534956[0m
[31;1m2026-09-28 13:00:54,691 - tpp_runner.py[pid:20248;line:140:_train_model] - CRITICAL: current best loglike on valid set is 4.3845 (updated at epoch-52), best updated at this epoch[0m
[38;20m2026-09-28 13:01:14,058 - tpp_runner.py[pid:20248;line:104:_train_model] - INFO: [ Epoch 53 (train) ]: train loglike is 5.442652539173304, num_events is 248539, mark_ll is -1.3293151377823877, time_ll is 6.77196759345993[0m
[38;20m2026-09-28 13:01:14,617 - tpp_runner.py[pid:20248;line:116:_train_model] - INFO: [ Epoch 53 (valid) ]:  valid loglike is 4.343014482102155, num_events is 48260, mark_ll is -1.3386402267664732, time_ll is 5.681654708868629[0m
[38;20m2026-09-28 13:01:15,839 - tpp_runner.py[pid:20248;line:136:_train_model] - INFO: [ Epoch 53 (test) ]: test loglike is 4.890411726765689, num_events is 104775, mark_ll is -1.3731354203948938, time_ll is 6.263547128519447[0m
[31;1m2026-09-28 13:01:15,839 - tpp_runner.py[pid:20248;line:140:_train_model] - CRITICAL: current best loglike on valid set is 4.3845 (updated at epoch-52)[0m
[38;20m2026-09-28 13:01:35,109 - tpp_runner.py[pid:20248;line:104:_train_model] - INFO: [ Epoch 54 (train) ]: train loglike is 5.422473489761667, num_events is 248539, mark_ll is -1.3246724760378559, time_ll is 6.747145917421096[0m
[38;20m2026-09-28 13:01:35,672 - tpp_runner.py[pid:20248;line:116:_train_model] - INFO: [ Epoch 54 (valid) ]:  valid loglike is 4.366636913819675, num_events is 48260, mark_ll is -1.3367432753574389, time_ll is 5.703380047529009[0m
[38;20m2026-09-28 13:01:36,874 - tpp_runner.py[pid:20248;line:136:_train_model] - INFO: [ Epoch 54 (test) ]: test loglike is 4.909552612741589, num_events is 104775, mark_ll is -1.3706953469861012, time_ll is 6.280247889823431[0m
[31;1m2026-09-28 13:01:36,875 - tpp_runner.py[pid:20248;line:140:_train_model] - CRITICAL: current best loglike on valid set is 4.3845 (updated at epoch-52)[0m
[38;20m2026-09-28 13:01:55,938 - tpp_runner.py[pid:20248;line:104:_train_model] - INFO: [ Epoch 55 (train) ]: train loglike is 5.4411516615994495, num_events is 248539, mark_ll is -1.3269874542333209, time_ll is 6.76813911239471[0m
[38;20m2026-09-28 13:01:56,494 - tpp_runner.py[pid:20248;line:116:_train_model] - INFO: [ Epoch 55 (valid) ]:  valid loglike is 4.348294394944053, num_events is 48260, mark_ll is -1.336546890378937, time_ll is 5.684841184145773[0m
[38;20m2026-09-28 13:01:57,711 - tpp_runner.py[pid:20248;line:136:_train_model] - INFO: [ Epoch 55 (test) ]: test loglike is 4.8801855538654255, num_events is 104775, mark_ll is -1.369347853846039, time_ll is 6.249533393730613[0m
[31;1m2026-09-28 13:01:57,711 - tpp_runner.py[pid:20248;line:140:_train_model] - CRITICAL: current best loglike on valid set is 4.3845 (updated at epoch-52)[0m
[38;20m2026-09-28 13:02:16,940 - tpp_runner.py[pid:20248;line:104:_train_model] - INFO: [ Epoch 56 (train) ]: train loglike is 5.454436932558874, num_events is 248539, mark_ll is -1.324660940852797, time_ll is 6.779097921298946[0m
[38;20m2026-09-28 13:02:17,501 - tpp_runner.py[pid:20248;line:116:_train_model] - INFO: [ Epoch 56 (valid) ]:  valid loglike is 4.368726688769167, num_events is 48260, mark_ll is -1.3355154291209075, time_ll is 5.704242036948301[0m
[38;20m2026-09-28 13:02:18,694 - tpp_runner.py[pid:20248;line:136:_train_model] - INFO: [ Epoch 56 (test) ]: test loglike is 4.918755312723694, num_events is 104775, mark_ll is -1.367289075548795, time_ll is 6.286044388272488[0m
[31;1m2026-09-28 13:02:18,694 - tpp_runner.py[pid:20248;line:140:_train_model] - CRITICAL: current best loglike on valid set is 4.3845 (updated at epoch-52)[0m
[38;20m2026-09-28 13:02:38,042 - tpp_runner.py[pid:20248;line:104:_train_model] - INFO: [ Epoch 57 (train) ]: train loglike is 5.457546343212547, num_events is 248539, mark_ll is -1.3218655138009339, time_ll is 6.779411882062209[0m
[38;20m2026-09-28 13:02:38,596 - tpp_runner.py[pid:20248;line:116:_train_model] - INFO: [ Epoch 57 (valid) ]:  valid loglike is 4.367584782460889, num_events is 48260, mark_ll is -1.3327043213194156, time_ll is 5.700289306134739[0m
[38;20m2026-09-28 13:02:39,818 - tpp_runner.py[pid:20248;line:136:_train_model] - INFO: [ Epoch 57 (test) ]: test loglike is 4.91343089171737, num_events is 104775, mark_ll is -1.365690789228406, time_ll is 6.279121722888332[0m
[31;1m2026-09-28 13:02:39,818 - tpp_runner.py[pid:20248;line:140:_train_model] - CRITICAL: current best loglike on valid set is 4.3845 (updated at epoch-52)[0m
[38;20m2026-09-28 13:02:58,873 - tpp_runner.py[pid:20248;line:104:_train_model] - INFO: [ Epoch 58 (train) ]: train loglike is 5.446702156307713, num_events is 248539, mark_ll is -1.3217306229597958, time_ll is 6.768432827891511[0m
[38;20m2026-09-28 13:02:59,428 - tpp_runner.py[pid:20248;line:116:_train_model] - INFO: [ Epoch 58 (valid) ]:  valid loglike is 4.335589855081849, num_events is 48260, mark_ll is -1.3326825075113966, time_ll is 5.668272524476793[0m
[38;20m2026-09-28 13:03:00,628 - tpp_runner.py[pid:20248;line:136:_train_model] - INFO: [ Epoch 58 (test) ]: test loglike is 4.877902928149607, num_events is 104775, mark_ll is -1.3638246624090313, time_ll is 6.241727567257218[0m
[31;1m2026-09-28 13:03:00,628 - tpp_runner.py[pid:20248;line:140:_train_model] - CRITICAL: current best loglike on valid set is 4.3845 (updated at epoch-52)[0m
[38;20m2026-09-28 13:03:19,746 - tpp_runner.py[pid:20248;line:104:_train_model] - INFO: [ Epoch 59 (train) ]: train loglike is 5.461096002460253, num_events is 248539, mark_ll is -1.3210863907817914, time_ll is 6.782182384401317[0m
[38;20m2026-09-28 13:03:20,300 - tpp_runner.py[pid:20248;line:116:_train_model] - INFO: [ Epoch 59 (valid) ]:  valid loglike is 4.376030894665614, num_events is 48260, mark_ll is -1.3342570172470731, time_ll is 5.710287901794965[0m
[38;20m2026-09-28 13:03:21,513 - tpp_runner.py[pid:20248;line:136:_train_model] - INFO: [ Epoch 59 (test) ]: test loglike is 4.929398357343116, num_events is 104775, mark_ll is -1.365575218846934, time_ll is 6.294973585510618[0m
[31;1m2026-09-28 13:03:21,513 - tpp_runner.py[pid:20248;line:140:_train_model] - CRITICAL: current best loglike on valid set is 4.3845 (updated at epoch-52)[0m
[38;20m2026-09-28 13:03:40,561 - tpp_runner.py[pid:20248;line:104:_train_model] - INFO: [ Epoch 60 (train) ]: train loglike is 5.459775811679392, num_events is 248539, mark_ll is -1.3178904343153264, time_ll is 6.777666216525626[0m
[38;20m2026-09-28 13:03:41,113 - tpp_runner.py[pid:20248;line:116:_train_model] - INFO: [ Epoch 60 (valid) ]:  valid loglike is 4.374314908827186, num_events is 48260, mark_ll is -1.3308272411158308, time_ll is 5.705142352297451[0m
[38;20m2026-09-28 13:03:42,330 - tpp_runner.py[pid:20248;line:136:_train_model] - INFO: [ Epoch 60 (test) ]: test loglike is 4.89822822528931, num_events is 104775, mark_ll is -1.3623546783658436, time_ll is 6.260583001521117[0m
[31;1m2026-09-28 13:03:42,330 - tpp_runner.py[pid:20248;line:140:_train_model] - CRITICAL: current best loglike on valid set is 4.3845 (updated at epoch-52)[0m
[38;20m2026-09-28 13:04:01,515 - tpp_runner.py[pid:20248;line:104:_train_model] - INFO: [ Epoch 61 (train) ]: train loglike is 5.466072368523212, num_events is 248539, mark_ll is -1.3164319136502471, time_ll is 6.782504295925702[0m
[38;20m2026-09-28 13:04:02,091 - tpp_runner.py[pid:20248;line:116:_train_model] - INFO: [ Epoch 61 (valid) ]:  valid loglike is 4.376080309618473, num_events is 48260, mark_ll is -1.3261631029352725, time_ll is 5.702243503613241[0m
[38;20m2026-09-28 13:04:03,298 - tpp_runner.py[pid:20248;line:136:_train_model] - INFO: [ Epoch 61 (test) ]: test loglike is 4.930458916800883, num_events is 104775, mark_ll is -1.3558951193778335, time_ll is 6.286353961614173[0m
[31;1m2026-09-28 13:04:03,298 - tpp_runner.py[pid:20248;line:140:_train_model] - CRITICAL: current best loglike on valid set is 4.3845 (updated at epoch-52)[0m
[38;20m2026-09-28 13:04:22,522 - tpp_runner.py[pid:20248;line:104:_train_model] - INFO: [ Epoch 62 (train) ]: train loglike is 5.461476866903936, num_events is 248539, mark_ll is -1.3162333477133337, time_ll is 6.77771023549121[0m
[38;20m2026-09-28 13:04:23,076 - tpp_runner.py[pid:20248;line:116:_train_model] - INFO: [ Epoch 62 (valid) ]:  valid loglike is 4.354207151043825, num_events is 48260, mark_ll is -1.3271365694124275, time_ll is 5.681343730573975[0m
[38;20m2026-09-28 13:04:24,290 - tpp_runner.py[pid:20248;line:136:_train_model] - INFO: [ Epoch 62 (test) ]: test loglike is 4.91844326943152, num_events is 104775, mark_ll is -1.3589990875164042, time_ll is 6.277442454813887[0m
[31;1m2026-09-28 13:04:24,290 - tpp_runner.py[pid:20248;line:140:_train_model] - CRITICAL: current best loglike on valid set is 4.3845 (updated at epoch-52)[0m
[38;20m2026-09-28 13:04:43,440 - tpp_runner.py[pid:20248;line:104:_train_model] - INFO: [ Epoch 63 (train) ]: train loglike is 5.471187003567599, num_events is 248539, mark_ll is -1.3163323690208075, time_ll is 6.787519400092893[0m
[38;20m2026-09-28 13:04:44,006 - tpp_runner.py[pid:20248;line:116:_train_model] - INFO: [ Epoch 63 (valid) ]:  valid loglike is 4.380262449654217, num_events is 48260, mark_ll is -1.3280376537084284, time_ll is 5.708300093244923[0m
[38;20m2026-09-28 13:04:45,200 - tpp_runner.py[pid:20248;line:136:_train_model] - INFO: [ Epoch 63 (test) ]: test loglike is 4.931697825325101, num_events is 104775, mark_ll is -1.3579388822402172, time_ll is 6.289636684263899[0m
[31;1m2026-09-28 13:04:45,200 - tpp_runner.py[pid:20248;line:140:_train_model] - CRITICAL: current best loglike on valid set is 4.3845 (updated at epoch-52)[0m
[38;20m2026-09-28 13:05:04,353 - tpp_runner.py[pid:20248;line:104:_train_model] - INFO: [ Epoch 64 (train) ]: train loglike is 5.468988169204581, num_events is 248539, mark_ll is -1.3117520832762288, time_ll is 6.7807402397108705[0m
[38;20m2026-09-28 13:05:04,906 - tpp_runner.py[pid:20248;line:116:_train_model] - INFO: [ Epoch 64 (valid) ]:  valid loglike is 4.409334731467571, num_events is 48260, mark_ll is -1.3264856356681258, time_ll is 5.735820397488863[0m
[38;20m2026-09-28 13:05:06,115 - tpp_runner.py[pid:20248;line:136:_train_model] - INFO: [ Epoch 64 (test) ]: test loglike is 4.937091181251492, num_events is 104775, mark_ll is -1.3582606422244095, time_ll is 6.29535173959079[0m
[31;1m2026-09-28 13:05:06,115 - tpp_runner.py[pid:20248;line:140:_train_model] - CRITICAL: current best loglike on valid set is 4.4093 (updated at epoch-64), best updated at this epoch[0m
[38;20m2026-09-28 13:05:25,299 - tpp_runner.py[pid:20248;line:104:_train_model] - INFO: [ Epoch 65 (train) ]: train loglike is 5.481046426724025, num_events is 248539, mark_ll is -1.3116065631790466, time_ll is 6.792653049577984[0m
[38;20m2026-09-28 13:05:25,849 - tpp_runner.py[pid:20248;line:116:_train_model] - INFO: [ Epoch 65 (valid) ]:  valid loglike is 4.372528564351947, num_events is 48260, mark_ll is -1.3253092582819623, time_ll is 5.6978377619275795[0m
[38;20m2026-09-28 13:05:27,064 - tpp_runner.py[pid:20248;line:136:_train_model] - INFO: [ Epoch 65 (test) ]: test loglike is 4.920986805804104, num_events is 104775, mark_ll is -1.3566508217012647, time_ll is 6.277637627505369[0m
[31;1m2026-09-28 13:05:27,064 - tpp_runner.py[pid:20248;line:140:_train_model] - CRITICAL: current best loglike on valid set is 4.4093 (updated at epoch-64)[0m
[38;20m2026-09-28 13:05:46,068 - tpp_runner.py[pid:20248;line:104:_train_model] - INFO: [ Epoch 66 (train) ]: train loglike is 5.482846756444663, num_events is 248539, mark_ll is -1.3112142038247299, time_ll is 6.794060944306968[0m
[38;20m2026-09-28 13:05:46,654 - tpp_runner.py[pid:20248;line:116:_train_model] - INFO: [ Epoch 66 (valid) ]:  valid loglike is 4.407004255918462, num_events is 48260, mark_ll is -1.3260357714074804, time_ll is 5.733040088032273[0m
[38;20m2026-09-28 13:05:47,856 - tpp_runner.py[pid:20248;line:136:_train_model] - INFO: [ Epoch 66 (test) ]: test loglike is 4.950055084556192, num_events is 104775, mark_ll is -1.3564247093846933, time_ll is 6.306479789280601[0m
[31;1m2026-09-28 13:05:47,856 - tpp_runner.py[pid:20248;line:140:_train_model] - CRITICAL: current best loglike on valid set is 4.4093 (updated at epoch-64)[0m
[38;20m2026-09-28 13:06:07,064 - tpp_runner.py[pid:20248;line:104:_train_model] - INFO: [ Epoch 67 (train) ]: train loglike is 5.482540197335101, num_events is 248539, mark_ll is -1.3088630211302508, time_ll is 6.791403253582687[0m
[38;20m2026-09-28 13:06:07,618 - tpp_runner.py[pid:20248;line:116:_train_model] - INFO: [ Epoch 67 (valid) ]:  valid loglike is 4.393397498575425, num_events is 48260, mark_ll is -1.3234991169252486, time_ll is 5.716896635736117[0m
[38;20m2026-09-28 13:06:08,830 - tpp_runner.py[pid:20248;line:136:_train_model] - INFO: [ Epoch 67 (test) ]: test loglike is 4.932368207170127, num_events is 104775, mark_ll is -1.3531203863188976, time_ll is 6.285488696015271[0m
[31;1m2026-09-28 13:06:08,830 - tpp_runner.py[pid:20248;line:140:_train_model] - CRITICAL: current best loglike on valid set is 4.4093 (updated at epoch-64)[0m
[38;20m2026-09-28 13:06:28,114 - tpp_runner.py[pid:20248;line:104:_train_model] - INFO: [ Epoch 68 (train) ]: train loglike is 5.480503769104773, num_events is 248539, mark_ll is -1.3072365538975397, time_ll is 6.7877402512941885[0m
[38;20m2026-09-28 13:06:28,676 - tpp_runner.py[pid:20248;line:116:_train_model] - INFO: [ Epoch 68 (valid) ]:  valid loglike is 4.430999728035641, num_events is 48260, mark_ll is -1.3251286468316152, time_ll is 5.756128202865987[0m
[38;20m2026-09-28 13:06:29,900 - tpp_runner.py[pid:20248;line:136:_train_model] - INFO: [ Epoch 68 (test) ]: test loglike is 4.962992890270819, num_events is 104775, mark_ll is -1.357001470785612, time_ll is 6.3199943890181345[0m
[31;1m2026-09-28 13:06:29,900 - tpp_runner.py[pid:20248;line:140:_train_model] - CRITICAL: current best loglike on valid set is 4.4310 (updated at epoch-68), best updated at this epoch[0m
[38;20m2026-09-28 13:06:49,179 - tpp_runner.py[pid:20248;line:104:_train_model] - INFO: [ Epoch 69 (train) ]: train loglike is 5.482830129982744, num_events is 248539, mark_ll is -1.30979019220355, time_ll is 6.792620358531508[0m
[38;20m2026-09-28 13:06:49,738 - tpp_runner.py[pid:20248;line:116:_train_model] - INFO: [ Epoch 69 (valid) ]:  valid loglike is 4.393525386577911, num_events is 48260, mark_ll is -1.3257910540723425, time_ll is 5.719316531709749[0m
[38;20m2026-09-28 13:06:50,942 - tpp_runner.py[pid:20248;line:136:_train_model] - INFO: [ Epoch 69 (test) ]: test loglike is 4.927936351706037, num_events is 104775, mark_ll is -1.3561438340715224, time_ll is 6.284080153155571[0m
[31;1m2026-09-28 13:06:50,942 - tpp_runner.py[pid:20248;line:140:_train_model] - CRITICAL: current best loglike on valid set is 4.4310 (updated at epoch-68)[0m
[38;20m2026-09-28 13:07:10,159 - tpp_runner.py[pid:20248;line:104:_train_model] - INFO: [ Epoch 70 (train) ]: train loglike is 5.491217317558499, num_events is 248539, mark_ll is -1.3059756033596275, time_ll is 6.797192919444672[0m
[38;20m2026-09-28 13:07:10,712 - tpp_runner.py[pid:20248;line:116:_train_model] - INFO: [ Epoch 70 (valid) ]:  valid loglike is 4.420184409643079, num_events is 48260, mark_ll is -1.321074890566722, time_ll is 5.741259320445245[0m
[38;20m2026-09-28 13:07:11,929 - tpp_runner.py[pid:20248;line:136:_train_model] - INFO: [ Epoch 70 (test) ]: test loglike is 4.968269021414937, num_events is 104775, mark_ll is -1.3510489879727392, time_ll is 6.319318069971367[0m
[31;1m2026-09-28 13:07:11,929 - tpp_runner.py[pid:20248;line:140:_train_model] - CRITICAL: current best loglike on valid set is 4.4310 (updated at epoch-68)[0m
[38;20m2026-09-28 13:07:31,172 - tpp_runner.py[pid:20248;line:104:_train_model] - INFO: [ Epoch 71 (train) ]: train loglike is 5.487940732672991, num_events is 248539, mark_ll is -1.3051412950446473, time_ll is 6.793082051784063[0m
[38;20m2026-09-28 13:07:31,724 - tpp_runner.py[pid:20248;line:116:_train_model] - INFO: [ Epoch 71 (valid) ]:  valid loglike is 4.4177192874533775, num_events is 48260, mark_ll is -1.3200921360210318, time_ll is 5.737811342532636[0m
[38;20m2026-09-28 13:07:32,925 - tpp_runner.py[pid:20248;line:136:_train_model] - INFO: [ Epoch 71 (test) ]: test loglike is 4.962176203471725, num_events is 104775, mark_ll is -1.3495904728883321, time_ll is 6.311766695001193[0m
[31;1m2026-09-28 13:07:32,925 - tpp_runner.py[pid:20248;line:140:_train_model] - CRITICAL: current best loglike on valid set is 4.4310 (updated at epoch-68)[0m
[38;20m2026-09-28 13:07:52,024 - tpp_runner.py[pid:20248;line:104:_train_model] - INFO: [ Epoch 72 (train) ]: train loglike is 5.49218351872562, num_events is 248539, mark_ll is -1.3040443365677457, time_ll is 6.796227744784269[0m
[38;20m2026-09-28 13:07:52,580 - tpp_runner.py[pid:20248;line:116:_train_model] - INFO: [ Epoch 72 (valid) ]:  valid loglike is 4.412846410556102, num_events is 48260, mark_ll is -1.3173321530673694, time_ll is 5.730178573741194[0m
[38;20m2026-09-28 13:07:53,827 - tpp_runner.py[pid:20248;line:136:_train_model] - INFO: [ Epoch 72 (test) ]: test loglike is 4.945453231254474, num_events is 104775, mark_ll is -1.3467031753310665, time_ll is 6.292156294738726[0m
[31;1m2026-09-28 13:07:53,827 - tpp_runner.py[pid:20248;line:140:_train_model] - CRITICAL: current best loglike on valid set is 4.4310 (updated at epoch-68)[0m
[38;20m2026-09-28 13:08:12,928 - tpp_runner.py[pid:20248;line:104:_train_model] - INFO: [ Epoch 73 (train) ]: train loglike is 5.499471584793094, num_events is 248539, mark_ll is -1.3026451300639217, time_ll is 6.802116706753015[0m
[38;20m2026-09-28 13:08:13,512 - tpp_runner.py[pid:20248;line:116:_train_model] - INFO: [ Epoch 73 (valid) ]:  valid loglike is 4.420760553188458, num_events is 48260, mark_ll is -1.3152727211653026, time_ll is 5.736033274353761[0m
[38;20m2026-09-28 13:08:14,716 - tpp_runner.py[pid:20248;line:136:_train_model] - INFO: [ Epoch 73 (test) ]: test loglike is 4.963557306579576, num_events is 104775, mark_ll is -1.3447264180311977, time_ll is 6.3082835615008355[0m
[31;1m2026-09-28 13:08:15,286 - tpp_runner.py[pid:20248;line:140:_train_model] - CRITICAL: current best loglike on valid set is 4.4310 (updated at epoch-68)[0m
[38;20m2026-09-28 13:08:34,574 - tpp_runner.py[pid:20248;line:104:_train_model] - INFO: [ Epoch 74 (train) ]: train loglike is 5.509168255063843, num_events is 248539, mark_ll is -1.3018818204053237, time_ll is 6.811050137354261[0m
[38;20m2026-09-28 13:08:35,127 - tpp_runner.py[pid:20248;line:116:_train_model] - INFO: [ Epoch 74 (valid) ]:  valid loglike is 4.411273206006527, num_events is 48260, mark_ll is -1.3175519201007564, time_ll is 5.728825146342727[0m
[38;20m2026-09-28 13:08:36,339 - tpp_runner.py[pid:20248;line:136:_train_model] - INFO: [ Epoch 74 (test) ]: test loglike is 4.960583066765092, num_events is 104775, mark_ll is -1.3467868274278216, time_ll is 6.307369884872346[0m
[31;1m2026-09-28 13:08:36,339 - tpp_runner.py[pid:20248;line:140:_train_model] - CRITICAL: current best loglike on valid set is 4.4310 (updated at epoch-68)[0m
[38;20m2026-09-28 13:08:55,431 - tpp_runner.py[pid:20248;line:104:_train_model] - INFO: [ Epoch 75 (train) ]: train loglike is 5.508175889271905, num_events is 248539, mark_ll is -1.3015639785625948, time_ll is 6.809739881586743[0m
[38;20m2026-09-28 13:08:55,998 - tpp_runner.py[pid:20248;line:116:_train_model] - INFO: [ Epoch 75 (valid) ]:  valid loglike is 4.441092661333143, num_events is 48260, mark_ll is -1.3163176086400488, time_ll is 5.757410239620027[0m
[38;20m2026-09-28 13:08:57,198 - tpp_runner.py[pid:20248;line:136:_train_model] - INFO: [ Epoch 75 (test) ]: test loglike is 4.965167416040324, num_events is 104775, mark_ll is -1.3464541437380697, time_ll is 6.3116215364769745[0m
[31;1m2026-09-28 13:08:57,198 - tpp_runner.py[pid:20248;line:140:_train_model] - CRITICAL: current best loglike on valid set is 4.4411 (updated at epoch-75), best updated at this epoch[0m
[38;20m2026-09-28 13:09:16,258 - tpp_runner.py[pid:20248;line:104:_train_model] - INFO: [ Epoch 76 (train) ]: train loglike is 5.505698562162905, num_events is 248539, mark_ll is -1.2987221850863635, time_ll is 6.804420692731448[0m
[38;20m2026-09-28 13:09:16,801 - tpp_runner.py[pid:20248;line:116:_train_model] - INFO: [ Epoch 76 (valid) ]:  valid loglike is 4.416684244521861, num_events is 48260, mark_ll is -1.3136166018862672, time_ll is 5.730300795819519[0m
[38;20m2026-09-28 13:09:18,027 - tpp_runner.py[pid:20248;line:136:_train_model] - INFO: [ Epoch 76 (test) ]: test loglike is 4.955523983685278, num_events is 104775, mark_ll is -1.34286052422602, time_ll is 6.298384559174421[0m
[31;1m2026-09-28 13:09:18,027 - tpp_runner.py[pid:20248;line:140:_train_model] - CRITICAL: current best loglike on valid set is 4.4411 (updated at epoch-75)[0m
[38;20m2026-09-28 13:09:37,093 - tpp_runner.py[pid:20248;line:104:_train_model] - INFO: [ Epoch 77 (train) ]: train loglike is 5.5040229004552605, num_events is 248539, mark_ll is -1.2973370454082094, time_ll is 6.801359893310255[0m
[38;20m2026-09-28 13:09:37,656 - tpp_runner.py[pid:20248;line:116:_train_model] - INFO: [ Epoch 77 (valid) ]:  valid loglike is 4.443446852821954, num_events is 48260, mark_ll is -1.3161271121755853, time_ll is 5.7595737727608265[0m
[38;20m2026-09-28 13:09:38,901 - tpp_runner.py[pid:20248;line:136:_train_model] - INFO: [ Epoch 77 (test) ]: test loglike is 4.949061334929015, num_events is 104775, mark_ll is -1.3448129129011572, time_ll is 6.293874112681937[0m
[31;1m2026-09-28 13:09:38,901 - tpp_runner.py[pid:20248;line:140:_train_model] - CRITICAL: current best loglike on valid set is 4.4434 (updated at epoch-77), best updated at this epoch[0m
[38;20m2026-09-28 13:09:58,103 - tpp_runner.py[pid:20248;line:104:_train_model] - INFO: [ Epoch 78 (train) ]: train loglike is 5.501922004656148, num_events is 248539, mark_ll is -1.2992517382913873, time_ll is 6.801173727230686[0m
[38;20m2026-09-28 13:09:58,671 - tpp_runner.py[pid:20248;line:116:_train_model] - INFO: [ Epoch 78 (valid) ]:  valid loglike is 4.434478382880491, num_events is 48260, mark_ll is -1.3153971387892405, time_ll is 5.749875430610237[0m
[38;20m2026-09-28 13:09:59,873 - tpp_runner.py[pid:20248;line:136:_train_model] - INFO: [ Epoch 78 (test) ]: test loglike is 4.969832313663207, num_events is 104775, mark_ll is -1.3448299136169768, time_ll is 6.314662315825578[0m
[31;1m2026-09-28 13:09:59,873 - tpp_runner.py[pid:20248;line:140:_train_model] - CRITICAL: current best loglike on valid set is 4.4434 (updated at epoch-77)[0m
[38;20m2026-09-28 13:10:19,101 - tpp_runner.py[pid:20248;line:104:_train_model] - INFO: [ Epoch 79 (train) ]: train loglike is 5.506639795150359, num_events is 248539, mark_ll is -1.2969186063982916, time_ll is 6.803558420212409[0m
[38;20m2026-09-28 13:10:19,636 - tpp_runner.py[pid:20248;line:116:_train_model] - INFO: [ Epoch 79 (valid) ]:  valid loglike is 4.4132919545495755, num_events is 48260, mark_ll is -1.314349458823301, time_ll is 5.727641251489328[0m
[38;20m2026-09-28 13:10:20,851 - tpp_runner.py[pid:20248;line:136:_train_model] - INFO: [ Epoch 79 (test) ]: test loglike is 4.966048507963493, num_events is 104775, mark_ll is -1.343235695724469, time_ll is 6.309284105822[0m
[31;1m2026-09-28 13:10:20,851 - tpp_runner.py[pid:20248;line:140:_train_model] - CRITICAL: current best loglike on valid set is 4.4434 (updated at epoch-77)[0m
[38;20m2026-09-28 13:10:40,078 - tpp_runner.py[pid:20248;line:104:_train_model] - INFO: [ Epoch 80 (train) ]: train loglike is 5.5122610313971725, num_events is 248539, mark_ll is -1.2969782636288973, time_ll is 6.809239313689829[0m
[38;20m2026-09-28 13:10:40,646 - tpp_runner.py[pid:20248;line:116:_train_model] - INFO: [ Epoch 80 (valid) ]:  valid loglike is 4.394022794012899, num_events is 48260, mark_ll is -1.3144245019652663, time_ll is 5.708447306095887[0m
[38;20m2026-09-28 13:10:41,855 - tpp_runner.py[pid:20248;line:136:_train_model] - INFO: [ Epoch 80 (test) ]: test loglike is 4.979522721680387, num_events is 104775, mark_ll is -1.3431894610474826, time_ll is 6.322712173407301[0m
[31;1m2026-09-28 13:10:41,855 - tpp_runner.py[pid:20248;line:140:_train_model] - CRITICAL: current best loglike on valid set is 4.4434 (updated at epoch-77)[0m
[38;20m2026-09-28 13:11:00,966 - tpp_runner.py[pid:20248;line:104:_train_model] - INFO: [ Epoch 81 (train) ]: train loglike is 5.504510567765836, num_events is 248539, mark_ll is -1.2953046038549283, time_ll is 6.799815077319669[0m
[38;20m2026-09-28 13:11:01,522 - tpp_runner.py[pid:20248;line:116:_train_model] - INFO: [ Epoch 81 (valid) ]:  valid loglike is 4.3971450015217055, num_events is 48260, mark_ll is -1.3124881420301493, time_ll is 5.709633305435402[0m
[38;20m2026-09-28 13:11:02,740 - tpp_runner.py[pid:20248;line:136:_train_model] - INFO: [ Epoch 81 (test) ]: test loglike is 4.9686207144028876, num_events is 104775, mark_ll is -1.3419882076175138, time_ll is 6.310608987264376[0m
[31;1m2026-09-28 13:11:02,740 - tpp_runner.py[pid:20248;line:140:_train_model] - CRITICAL: current best loglike on valid set is 4.4434 (updated at epoch-77)[0m
[38;20m2026-09-28 13:11:21,864 - tpp_runner.py[pid:20248;line:104:_train_model] - INFO: [ Epoch 82 (train) ]: train loglike is 5.511221637845318, num_events is 248539, mark_ll is -1.29556730681564, time_ll is 6.806788929189684[0m
[38;20m2026-09-28 13:11:22,422 - tpp_runner.py[pid:20248;line:116:_train_model] - INFO: [ Epoch 82 (valid) ]:  valid loglike is 4.431257729939391, num_events is 48260, mark_ll is -1.312562315048047, time_ll is 5.743819953927942[0m
[38;20m2026-09-28 13:11:23,618 - tpp_runner.py[pid:20248;line:136:_train_model] - INFO: [ Epoch 82 (test) ]: test loglike is 4.966139169127296, num_events is 104775, mark_ll is -1.341737479681162, time_ll is 6.307876625507039[0m
[31;1m2026-09-28 13:11:23,618 - tpp_runner.py[pid:20248;line:140:_train_model] - CRITICAL: current best loglike on valid set is 4.4434 (updated at epoch-77)[0m
[38;20m2026-09-28 13:11:42,707 - tpp_runner.py[pid:20248;line:104:_train_model] - INFO: [ Epoch 83 (train) ]: train loglike is 5.509507184989076, num_events is 248539, mark_ll is -1.294348813872568, time_ll is 6.803856001071826[0m
[38;20m2026-09-28 13:11:43,270 - tpp_runner.py[pid:20248;line:116:_train_model] - INFO: [ Epoch 83 (valid) ]:  valid loglike is 4.420564572918825, num_events is 48260, mark_ll is -1.3128107152338893, time_ll is 5.733375308388158[0m
[38;20m2026-09-28 13:11:44,469 - tpp_runner.py[pid:20248;line:136:_train_model] - INFO: [ Epoch 83 (test) ]: test loglike is 4.966601087151038, num_events is 104775, mark_ll is -1.342571474774815, time_ll is 6.3091725945478405[0m
[31;1m2026-09-28 13:11:44,469 - tpp_runner.py[pid:20248;line:140:_train_model] - CRITICAL: current best loglike on valid set is 4.4434 (updated at epoch-77)[0m
[38;20m2026-09-28 13:12:03,775 - tpp_runner.py[pid:20248;line:104:_train_model] - INFO: [ Epoch 84 (train) ]: train loglike is 5.512578139459501, num_events is 248539, mark_ll is -1.2948894850294181, time_ll is 6.807467647573042[0m
[38;20m2026-09-28 13:12:04,328 - tpp_runner.py[pid:20248;line:116:_train_model] - INFO: [ Epoch 84 (valid) ]:  valid loglike is 4.4396901629843555, num_events is 48260, mark_ll is -1.3120874397793203, time_ll is 5.751777562292789[0m
[38;20m2026-09-28 13:12:05,551 - tpp_runner.py[pid:20248;line:136:_train_model] - INFO: [ Epoch 84 (test) ]: test loglike is 4.971506492707587, num_events is 104775, mark_ll is -1.3413680449922454, time_ll is 6.312874444494154[0m
[31;1m2026-09-28 13:12:05,551 - tpp_runner.py[pid:20248;line:140:_train_model] - CRITICAL: current best loglike on valid set is 4.4434 (updated at epoch-77)[0m
[38;20m2026-09-28 13:12:24,959 - tpp_runner.py[pid:20248;line:104:_train_model] - INFO: [ Epoch 85 (train) ]: train loglike is 5.511739099390589, num_events is 248539, mark_ll is -1.294728808978027, time_ll is 6.806467957729345[0m
[38;20m2026-09-28 13:12:25,514 - tpp_runner.py[pid:20248;line:116:_train_model] - INFO: [ Epoch 85 (valid) ]:  valid loglike is 4.408772772968038, num_events is 48260, mark_ll is -1.3130736039972286, time_ll is 5.721846387082988[0m
[38;20m2026-09-28 13:12:26,719 - tpp_runner.py[pid:20248;line:136:_train_model] - INFO: [ Epoch 85 (test) ]: test loglike is 4.961736589566929, num_events is 104775, mark_ll is -1.342381777916965, time_ll is 6.304118404766165[0m
[31;1m2026-09-28 13:12:26,719 - tpp_runner.py[pid:20248;line:140:_train_model] - CRITICAL: current best loglike on valid set is 4.4434 (updated at epoch-77)[0m
[38;20m2026-09-28 13:12:45,872 - tpp_runner.py[pid:20248;line:104:_train_model] - INFO: [ Epoch 86 (train) ]: train loglike is 5.517736542982188, num_events is 248539, mark_ll is -1.2942800489733879, time_ll is 6.812016726531097[0m
[38;20m2026-09-28 13:12:46,426 - tpp_runner.py[pid:20248;line:116:_train_model] - INFO: [ Epoch 86 (valid) ]:  valid loglike is 4.387836980839463, num_events is 48260, mark_ll is -1.3117187297645565, time_ll is 5.699555629662246[0m
[38;20m2026-09-28 13:12:47,648 - tpp_runner.py[pid:20248;line:136:_train_model] - INFO: [ Epoch 86 (test) ]: test loglike is 4.963024198058339, num_events is 104775, mark_ll is -1.3407572588582677, time_ll is 6.303781447596039[0m
[31;1m2026-09-28 13:12:47,650 - tpp_runner.py[pid:20248;line:140:_train_model] - CRITICAL: current best loglike on valid set is 4.4434 (updated at epoch-77)[0m
[38;20m2026-09-28 13:13:06,841 - tpp_runner.py[pid:20248;line:104:_train_model] - INFO: [ Epoch 87 (train) ]: train loglike is 5.519284958131257, num_events is 248539, mark_ll is -1.2932668895442938, time_ll is 6.812551890160158[0m
[38;20m2026-09-28 13:13:07,413 - tpp_runner.py[pid:20248;line:116:_train_model] - INFO: [ Epoch 87 (valid) ]:  valid loglike is 4.399121417517095, num_events is 48260, mark_ll is -1.3113466404307397, time_ll is 5.710468118654165[0m
[38;20m2026-09-28 13:13:08,614 - tpp_runner.py[pid:20248;line:136:_train_model] - INFO: [ Epoch 87 (test) ]: test loglike is 4.960305313842162, num_events is 104775, mark_ll is -1.3403838815691362, time_ll is 6.3006892187127175[0m
[31;1m2026-09-28 13:13:08,614 - tpp_runner.py[pid:20248;line:140:_train_model] - CRITICAL: current best loglike on valid set is 4.4434 (updated at epoch-77)[0m
[38;20m2026-09-28 13:13:27,805 - tpp_runner.py[pid:20248;line:104:_train_model] - INFO: [ Epoch 88 (train) ]: train loglike is 5.5173311700766785, num_events is 248539, mark_ll is -1.293319810385958, time_ll is 6.810651032524699[0m
[38;20m2026-09-28 13:13:28,351 - tpp_runner.py[pid:20248;line:116:_train_model] - INFO: [ Epoch 88 (valid) ]:  valid loglike is 4.401252533477518, num_events is 48260, mark_ll is -1.3123510873717883, time_ll is 5.713603722026523[0m
[38;20m2026-09-28 13:13:29,591 - tpp_runner.py[pid:20248;line:136:_train_model] - INFO: [ Epoch 88 (test) ]: test loglike is 4.952667397399189, num_events is 104775, mark_ll is -1.3409480881651157, time_ll is 6.29361550420544[0m
[31;1m2026-09-28 13:13:29,591 - tpp_runner.py[pid:20248;line:140:_train_model] - CRITICAL: current best loglike on valid set is 4.4434 (updated at epoch-77)[0m
[38;20m2026-09-28 13:13:48,632 - tpp_runner.py[pid:20248;line:104:_train_model] - INFO: [ Epoch 89 (train) ]: train loglike is 5.518358093290942, num_events is 248539, mark_ll is -1.2932180455059838, time_ll is 6.811576178334625[0m
[38;20m2026-09-28 13:13:49,199 - tpp_runner.py[pid:20248;line:116:_train_model] - INFO: [ Epoch 89 (valid) ]:  valid loglike is 4.405672844682449, num_events is 48260, mark_ll is -1.3121747354822835, time_ll is 5.717847701577393[0m
[38;20m2026-09-28 13:13:50,406 - tpp_runner.py[pid:20248;line:136:_train_model] - INFO: [ Epoch 89 (test) ]: test loglike is 4.962247105031615, num_events is 104775, mark_ll is -1.340434897697447, time_ll is 6.302682049331902[0m
[31;1m2026-09-28 13:13:50,406 - tpp_runner.py[pid:20248;line:140:_train_model] - CRITICAL: current best loglike on valid set is 4.4434 (updated at epoch-77)[0m
[38;20m2026-09-28 13:14:09,518 - tpp_runner.py[pid:20248;line:104:_train_model] - INFO: [ Epoch 90 (train) ]: train loglike is 5.513383840161906, num_events is 248539, mark_ll is -1.2927053252921008, time_ll is 6.806089113883095[0m
[38;20m2026-09-28 13:14:10,078 - tpp_runner.py[pid:20248;line:116:_train_model] - INFO: [ Epoch 90 (valid) ]:  valid loglike is 4.4221077885412345, num_events is 48260, mark_ll is -1.3118849234614587, time_ll is 5.733992712002694[0m
[38;20m2026-09-28 13:14:11,271 - tpp_runner.py[pid:20248;line:136:_train_model] - INFO: [ Epoch 90 (test) ]: test loglike is 4.966143782808399, num_events is 104775, mark_ll is -1.3403423258172273, time_ll is 6.306486127266762[0m
[31;1m2026-09-28 13:14:11,271 - tpp_runner.py[pid:20248;line:140:_train_model] - CRITICAL: current best loglike on valid set is 4.4434 (updated at epoch-77)[0m
[38;20m2026-09-28 13:14:30,620 - tpp_runner.py[pid:20248;line:104:_train_model] - INFO: [ Epoch 91 (train) ]: train loglike is 5.5138012227048625, num_events is 248539, mark_ll is -1.2930823258466226, time_ll is 6.8068835210469985[0m
[38;20m2026-09-28 13:14:31,184 - tpp_runner.py[pid:20248;line:116:_train_model] - INFO: [ Epoch 91 (valid) ]:  valid loglike is 4.415485820620079, num_events is 48260, mark_ll is -1.3126071062020825, time_ll is 5.728092866115831[0m
[38;20m2026-09-28 13:14:32,402 - tpp_runner.py[pid:20248;line:136:_train_model] - INFO: [ Epoch 91 (test) ]: test loglike is 4.956707127251849, num_events is 104775, mark_ll is -1.3404794546722143, time_ll is 6.297186605225483[0m
[31;1m2026-09-28 13:14:32,402 - tpp_runner.py[pid:20248;line:140:_train_model] - CRITICAL: current best loglike on valid set is 4.4434 (updated at epoch-77)[0m
[38;20m2026-09-28 13:14:51,509 - tpp_runner.py[pid:20248;line:104:_train_model] - INFO: [ Epoch 92 (train) ]: train loglike is 5.517410398713833, num_events is 248539, mark_ll is -1.2934287630231385, time_ll is 6.810839196608732[0m
[38;20m2026-09-28 13:14:52,081 - tpp_runner.py[pid:20248;line:116:_train_model] - INFO: [ Epoch 92 (valid) ]:  valid loglike is 4.399610103475964, num_events is 48260, mark_ll is -1.3125085494748499, time_ll is 5.712118541655874[0m
[38;20m2026-09-28 13:14:53,276 - tpp_runner.py[pid:20248;line:136:_train_model] - INFO: [ Epoch 92 (test) ]: test loglike is 4.947903888168098, num_events is 104775, mark_ll is -1.3405391342683728, time_ll is 6.2884430364173225[0m
[31;1m2026-09-28 13:14:53,276 - tpp_runner.py[pid:20248;line:140:_train_model] - CRITICAL: current best loglike on valid set is 4.4434 (updated at epoch-77)[0m
[38;20m2026-09-28 13:15:12,322 - tpp_runner.py[pid:20248;line:104:_train_model] - INFO: [ Epoch 93 (train) ]: train loglike is 5.518092614096153, num_events is 248539, mark_ll is -1.2927010463798878, time_ll is 6.810793645250343[0m
[38;20m2026-09-28 13:15:12,878 - tpp_runner.py[pid:20248;line:116:_train_model] - INFO: [ Epoch 93 (valid) ]:  valid loglike is 4.433224837630802, num_events is 48260, mark_ll is -1.3121435324285122, time_ll is 5.7453684307656445[0m
[38;20m2026-09-28 13:15:14,104 - tpp_runner.py[pid:20248;line:136:_train_model] - INFO: [ Epoch 93 (test) ]: test loglike is 4.952451458482463, num_events is 104775, mark_ll is -1.3402959000685994, time_ll is 6.292747386512765[0m
[31;1m2026-09-28 13:15:14,104 - tpp_runner.py[pid:20248;line:140:_train_model] - CRITICAL: current best loglike on valid set is 4.4434 (updated at epoch-77)[0m
[38;20m2026-09-28 13:15:33,184 - tpp_runner.py[pid:20248;line:104:_train_model] - INFO: [ Epoch 94 (train) ]: train loglike is 5.507185878060448, num_events is 248539, mark_ll is -1.2924431363214752, time_ll is 6.7996289613375565[0m
[38;20m2026-09-28 13:15:33,745 - tpp_runner.py[pid:20248;line:116:_train_model] - INFO: [ Epoch 94 (valid) ]:  valid loglike is 4.427413622986169, num_events is 48260, mark_ll is -1.3122437889329932, time_ll is 5.73965734109511[0m
[38;20m2026-09-28 13:15:34,999 - tpp_runner.py[pid:20248;line:136:_train_model] - INFO: [ Epoch 94 (test) ]: test loglike is 4.961569266732283, num_events is 104775, mark_ll is -1.34021772846576, time_ll is 6.301787162968266[0m
[31;1m2026-09-28 13:15:34,999 - tpp_runner.py[pid:20248;line:140:_train_model] - CRITICAL: current best loglike on valid set is 4.4434 (updated at epoch-77)[0m
[38;20m2026-09-28 13:15:54,140 - tpp_runner.py[pid:20248;line:104:_train_model] - INFO: [ Epoch 95 (train) ]: train loglike is 5.507734373506899, num_events is 248539, mark_ll is -1.2922391213038056, time_ll is 6.799973523788646[0m
[38;20m2026-09-28 13:15:54,694 - tpp_runner.py[pid:20248;line:116:_train_model] - INFO: [ Epoch 95 (valid) ]:  valid loglike is 4.417387871360858, num_events is 48260, mark_ll is -1.3121188553052476, time_ll is 5.729506676077497[0m
[38;20m2026-09-28 13:15:55,919 - tpp_runner.py[pid:20248;line:136:_train_model] - INFO: [ Epoch 95 (test) ]: test loglike is 4.96232097985266, num_events is 104775, mark_ll is -1.3401121823550466, time_ll is 6.302433190169411[0m
[31;1m2026-09-28 13:15:55,919 - tpp_runner.py[pid:20248;line:140:_train_model] - CRITICAL: current best loglike on valid set is 4.4434 (updated at epoch-77)[0m
[38;20m2026-09-28 13:16:15,183 - tpp_runner.py[pid:20248;line:104:_train_model] - INFO: [ Epoch 96 (train) ]: train loglike is 5.5193540346660885, num_events is 248539, mark_ll is -1.2920050522322766, time_ll is 6.811359153203823[0m
[38;20m2026-09-28 13:16:15,736 - tpp_runner.py[pid:20248;line:116:_train_model] - INFO: [ Epoch 96 (valid) ]:  valid loglike is 4.389352595317033, num_events is 48260, mark_ll is -1.3119487055791546, time_ll is 5.701301300896187[0m
[38;20m2026-09-28 13:16:16,950 - tpp_runner.py[pid:20248;line:136:_train_model] - INFO: [ Epoch 96 (test) ]: test loglike is 4.959075791129802, num_events is 104775, mark_ll is -1.3398281287282272, time_ll is 6.298903975781436[0m
[31;1m2026-09-28 13:16:16,950 - tpp_runner.py[pid:20248;line:140:_train_model] - CRITICAL: current best loglike on valid set is 4.4434 (updated at epoch-77)[0m
[38;20m2026-09-28 13:16:36,118 - tpp_runner.py[pid:20248;line:104:_train_model] - INFO: [ Epoch 97 (train) ]: train loglike is 5.524797705879095, num_events is 248539, mark_ll is -1.2919596713034724, time_ll is 6.816757362448021[0m
[38;20m2026-09-28 13:16:36,683 - tpp_runner.py[pid:20248;line:116:_train_model] - INFO: [ Epoch 97 (valid) ]:  valid loglike is 4.429654880465189, num_events is 48260, mark_ll is -1.311986839272301, time_ll is 5.741641669148881[0m
[38;20m2026-09-28 13:16:37,884 - tpp_runner.py[pid:20248;line:136:_train_model] - INFO: [ Epoch 97 (test) ]: test loglike is 4.960147684398115, num_events is 104775, mark_ll is -1.3398632253265927, time_ll is 6.300010960987831[0m
[31;1m2026-09-28 13:16:37,884 - tpp_runner.py[pid:20248;line:140:_train_model] - CRITICAL: current best loglike on valid set is 4.4434 (updated at epoch-77)[0m
[38;20m2026-09-28 13:16:56,929 - tpp_runner.py[pid:20248;line:104:_train_model] - INFO: [ Epoch 98 (train) ]: train loglike is 5.523114900863458, num_events is 248539, mark_ll is -1.2916680260104112, time_ll is 6.814782986303206[0m
[38;20m2026-09-28 13:16:57,480 - tpp_runner.py[pid:20248;line:116:_train_model] - INFO: [ Epoch 98 (valid) ]:  valid loglike is 4.414864208033309, num_events is 48260, mark_ll is -1.3120083900195556, time_ll is 5.726872668876917[0m
[38;20m2026-09-28 13:16:58,693 - tpp_runner.py[pid:20248;line:136:_train_model] - INFO: [ Epoch 98 (test) ]: test loglike is 4.967792656510976, num_events is 104775, mark_ll is -1.3398785576607612, time_ll is 6.307671293396564[0m
[31;1m2026-09-28 13:16:58,693 - tpp_runner.py[pid:20248;line:140:_train_model] - CRITICAL: current best loglike on valid set is 4.4434 (updated at epoch-77)[0m
[38;20m2026-09-28 13:17:17,727 - tpp_runner.py[pid:20248;line:104:_train_model] - INFO: [ Epoch 99 (train) ]: train loglike is 5.518278442263463, num_events is 248539, mark_ll is -1.291674100327077, time_ll is 6.809952559044116[0m
[38;20m2026-09-28 13:17:18,277 - tpp_runner.py[pid:20248;line:116:_train_model] - INFO: [ Epoch 99 (valid) ]:  valid loglike is 4.404021612263002, num_events is 48260, mark_ll is -1.3120100290904735, time_ll is 5.716031732412971[0m
[38;20m2026-09-28 13:17:19,495 - tpp_runner.py[pid:20248;line:136:_train_model] - INFO: [ Epoch 99 (test) ]: test loglike is 4.960769319673109, num_events is 104775, mark_ll is -1.3398699035134813, time_ll is 6.300639167263183[0m
[31;1m2026-09-28 13:17:19,502 - tpp_runner.py[pid:20248;line:140:_train_model] - CRITICAL: current best loglike on valid set is 4.4434 (updated at epoch-77)[0m
[38;20m2026-09-28 13:17:19,502 - base_runner.py[pid:20248;line:118:train] - INFO: End S2P2 train! Cost time: 43.530m[0m
RESULT {"model": "S2P2", "dataset": "lob_intc", "seed": 2019, "ll_per_event": 4.949061334929015, "mark_ll": -1.3448129129011572, "time_ll": 6.293874112681937, "val_ll": 4.443446852821954, "best_epoch": 77, "n_params": 34060, "seconds": 2612.6901383399963, "max_epoch": 100, "batch_size": 32}
