
=== Mon Sep 28 08:26:14 2026 attempt 1: D:\Quant\.venv\Scripts\python.exe -u -m infodiff.baselines.easytpp_runner S2P2 lob_amzn 6 2019 100 32
[31;1m2026-09-28 08:26:15,836 - config.py[pid:31016;line:33:build_from_yaml_file] - CRITICAL: Load pipeline config class RunnerConfig[0m
[31;1m2026-09-28 08:26:15,838 - runner_config.py[pid:31016;line:205:update_config] - CRITICAL: train model S2P2 using GPU with torch backend[0m
[38;20m2026-09-28 08:26:15,840 - runner_config.py[pid:31016;line:45:__init__] - INFO: Save the config to D:\Quant\results\easytpp\checkpoints/lob_amzn/S2P2/train_2026_09_28_08_26_15\S2P2_train_output.yaml[0m
[38;20m2026-09-28 08:26:15,841 - base_runner.py[pid:31016;line:193:save_log] - INFO: Save the log to D:\Quant\results\easytpp\checkpoints/lob_amzn/S2P2/train_2026_09_28_08_26_15\log[0m
Generating train split: 0 examples [00:00, ? examples/s]Generating train split: 262 examples [00:00, 7697.70 examples/s]
0.41421280161059515 1.2532707187976024
min_dt: 0.0
max_dt: 26.415379224003118
Traceback (most recent call last):
  File "<frozen runpy>", line 198, in _run_module_as_main
  File "<frozen runpy>", line 88, in _run_code
  File "D:\Quant\src\infodiff\baselines\easytpp_runner.py", line 84, in <module>
    r = run_model(model, dataset, n_types, seed, max_epoch, batch_size=bs, gpu=0 if torch.cuda.is_available() else -1)
        ^^^^^^^^^^^^^^^^^^^^^^^^^^^^^^^^^^^^^^^^^^^^^^^^^^^^^^^^^^^^^^^^^^^^^^^^^^^^^^^^^^^^^^^^^^^^^^^^^^^^^^^^^^^^^^
  File "D:\Quant\src\infodiff\baselines\easytpp_runner.py", line 66, in run_model
    runner = Runner.build_from_config(config)
             ^^^^^^^^^^^^^^^^^^^^^^^^^^^^^^^^
  File "D:\Quant\external\state_space_point_process\easy_tpp\runner\base_runner.py", line 66, in build_from_config
    return runner_cls(runner_config, unique_model_dir=unique_model_dir, **kwargs)
           ^^^^^^^^^^^^^^^^^^^^^^^^^^^^^^^^^^^^^^^^^^^^^^^^^^^^^^^^^^^^^^^^^^^^^^
  File "D:\Quant\external\state_space_point_process\easy_tpp\runner\tpp_runner.py", line 16, in __init__
    super(TPPRunner, self).__init__(runner_config, unique_model_dir, **kwargs)
  File "D:\Quant\external\state_space_point_process\easy_tpp\runner\base_runner.py", line 49, in __init__
    assert (min_dt > 0.)
            ^^^^^^^^^^^
AssertionError

=== Mon Sep 28 08:26:38 2026 attempt 2: D:\Quant\.venv\Scripts\python.exe -u -m infodiff.baselines.easytpp_runner S2P2 lob_amzn 6 2019 100 32
[31;1m2026-09-28 08:26:40,368 - config.py[pid:35572;line:33:build_from_yaml_file] - CRITICAL: Load pipeline config class RunnerConfig[0m
[31;1m2026-09-28 08:26:40,376 - runner_config.py[pid:35572;line:205:update_config] - CRITICAL: train model S2P2 using GPU with torch backend[0m
[38;20m2026-09-28 08:26:40,376 - runner_config.py[pid:35572;line:45:__init__] - INFO: Save the config to D:\Quant\results\easytpp\checkpoints/lob_amzn/S2P2/train_2026_09_28_08_26_40\S2P2_train_output.yaml[0m
[38;20m2026-09-28 08:26:40,376 - base_runner.py[pid:35572;line:193:save_log] - INFO: Save the log to D:\Quant\results\easytpp\checkpoints/lob_amzn/S2P2/train_2026_09_28_08_26_40\log[0m
0.41421280161059515 1.2532707187976024
min_dt: 0.0
max_dt: 26.415379224003118
Traceback (most recent call last):
  File "<frozen runpy>", line 198, in _run_module_as_main
  File "<frozen runpy>", line 88, in _run_code
  File "D:\Quant\src\infodiff\baselines\easytpp_runner.py", line 84, in <module>
    r = run_model(model, dataset, n_types, seed, max_epoch, batch_size=bs, gpu=0 if torch.cuda.is_available() else -1)
        ^^^^^^^^^^^^^^^^^^^^^^^^^^^^^^^^^^^^^^^^^^^^^^^^^^^^^^^^^^^^^^^^^^^^^^^^^^^^^^^^^^^^^^^^^^^^^^^^^^^^^^^^^^^^^^
  File "D:\Quant\src\infodiff\baselines\easytpp_runner.py", line 66, in run_model
    runner = Runner.build_from_config(config)
             ^^^^^^^^^^^^^^^^^^^^^^^^^^^^^^^^
  File "D:\Quant\external\state_space_point_process\easy_tpp\runner\base_runner.py", line 66, in build_from_config
    return runner_cls(runner_config, unique_model_dir=unique_model_dir, **kwargs)
           ^^^^^^^^^^^^^^^^^^^^^^^^^^^^^^^^^^^^^^^^^^^^^^^^^^^^^^^^^^^^^^^^^^^^^^
  File "D:\Quant\external\state_space_point_process\easy_tpp\runner\tpp_runner.py", line 16, in __init__
    super(TPPRunner, self).__init__(runner_config, unique_model_dir, **kwargs)
  File "D:\Quant\external\state_space_point_process\easy_tpp\runner\base_runner.py", line 49, in __init__
    assert (min_dt > 0.)
            ^^^^^^^^^^^
AssertionError

=== Mon Sep 28 08:55:37 2026 attempt 1: D:\Quant\.venv\Scripts\python.exe -u -m infodiff.baselines.easytpp_runner S2P2 lob_amzn 6 2019 100 32
[31;1m2026-09-28 08:55:38,975 - config.py[pid:10564;line:33:build_from_yaml_file] - CRITICAL: Load pipeline config class RunnerConfig[0m
[31;1m2026-09-28 08:55:38,975 - runner_config.py[pid:10564;line:205:update_config] - CRITICAL: train model S2P2 using GPU with torch backend[0m
[38;20m2026-09-28 08:55:38,975 - runner_config.py[pid:10564;line:45:__init__] - INFO: Save the config to D:\Quant\results\easytpp\checkpoints/lob_amzn/S2P2/train_2026_09_28_08_55_38\S2P2_train_output.yaml[0m
[38;20m2026-09-28 08:55:38,991 - base_runner.py[pid:10564;line:193:save_log] - INFO: Save the log to D:\Quant\results\easytpp\checkpoints/lob_amzn/S2P2/train_2026_09_28_08_55_38\log[0m
0.41421280161059515 1.2532707187976024
min_dt: 7.275957614183426e-12
max_dt: 26.415379224003118
[38;20m2026-09-28 08:55:43,453 - tpp_runner.py[pid:10564;line:62:_init_model] - INFO: Num of model parameters 34060[0m
[38;20m2026-09-28 08:55:44,152 - base_runner.py[pid:10564;line:103:train] - INFO: Data 'lob_amzn' loaded...[0m
[38;20m2026-09-28 08:55:44,152 - base_runner.py[pid:10564;line:108:train] - INFO: Start S2P2 training...[0m
[38;20m2026-09-28 08:55:47,247 - tpp_runner.py[pid:10564;line:104:_train_model] - INFO: [ Epoch 0 (train) ]: train loglike is -1.9014196820633698, num_events is 33274, mark_ll is -1.7632521386114157, time_ll is -0.1381675553750324[0m
[38;20m2026-09-28 08:55:47,352 - tpp_runner.py[pid:10564;line:116:_train_model] - INFO: [ Epoch 0 (valid) ]:  valid loglike is -1.2392260667428778, num_events is 9144, mark_ll is -1.6070575997793977, time_ll is 0.3678315864356067[0m
[38;20m2026-09-28 08:55:47,529 - tpp_runner.py[pid:10564;line:136:_train_model] - INFO: [ Epoch 0 (test) ]: test loglike is -0.8988482795016577, num_events is 14478, mark_ll is -1.6687816077626398, time_ll is 0.7699333788495908[0m
[31;1m2026-09-28 08:55:47,529 - tpp_runner.py[pid:10564;line:140:_train_model] - CRITICAL: current best loglike on valid set is -1.2392 (updated at epoch-0), best updated at this epoch[0m
[38;20m2026-09-28 08:55:50,106 - tpp_runner.py[pid:10564;line:104:_train_model] - INFO: [ Epoch 1 (train) ]: train loglike is -0.9591857282818886, num_events is 33274, mark_ll is -1.6847719042434597, time_ll is 0.7255861667899721[0m
[38;20m2026-09-28 08:55:50,208 - tpp_runner.py[pid:10564;line:116:_train_model] - INFO: [ Epoch 1 (valid) ]:  valid loglike is -1.2488626528495461, num_events is 9144, mark_ll is -1.7282647427402873, time_ll is 0.47940204733834385[0m
[38;20m2026-09-28 08:55:50,379 - tpp_runner.py[pid:10564;line:136:_train_model] - INFO: [ Epoch 1 (test) ]: test loglike is -0.9548774905783776, num_events is 14478, mark_ll is -1.7831958065146256, time_ll is 0.828318315936248[0m
[31;1m2026-09-28 08:55:50,379 - tpp_runner.py[pid:10564;line:140:_train_model] - CRITICAL: current best loglike on valid set is -1.2392 (updated at epoch-0)[0m
[38;20m2026-09-28 08:55:52,955 - tpp_runner.py[pid:10564;line:104:_train_model] - INFO: [ Epoch 2 (train) ]: train loglike is -1.1888084955038327, num_events is 33274, mark_ll is -1.7651816302354129, time_ll is 0.576373143903179[0m
[38;20m2026-09-28 08:55:53,066 - tpp_runner.py[pid:10564;line:116:_train_model] - INFO: [ Epoch 2 (valid) ]:  valid loglike is -1.6532109511701663, num_events is 9144, mark_ll is -1.7607283838360537, time_ll is 0.10751733588004259[0m
[38;20m2026-09-28 08:55:53,240 - tpp_runner.py[pid:10564;line:136:_train_model] - INFO: [ Epoch 2 (test) ]: test loglike is -1.2292849765592624, num_events is 14478, mark_ll is -1.8330680466699476, time_ll is 0.6037830954049894[0m
[31;1m2026-09-28 08:55:53,240 - tpp_runner.py[pid:10564;line:140:_train_model] - CRITICAL: current best loglike on valid set is -1.2392 (updated at epoch-0)[0m
[38;20m2026-09-28 08:55:55,815 - tpp_runner.py[pid:10564;line:104:_train_model] - INFO: [ Epoch 3 (train) ]: train loglike is -1.0120175038277117, num_events is 33274, mark_ll is -1.7664716999970886, time_ll is 0.7544541759918593[0m
[38;20m2026-09-28 08:55:55,924 - tpp_runner.py[pid:10564;line:116:_train_model] - INFO: [ Epoch 3 (valid) ]:  valid loglike is -0.7974752591350885, num_events is 9144, mark_ll is -1.6505213326147952, time_ll is 0.8530461168664647[0m
[38;20m2026-09-28 08:55:56,082 - tpp_runner.py[pid:10564;line:136:_train_model] - INFO: [ Epoch 3 (test) ]: test loglike is -0.706367443141102, num_events is 14478, mark_ll is -1.7816148450450684, time_ll is 1.0752474019039664[0m
[31;1m2026-09-28 08:55:56,082 - tpp_runner.py[pid:10564;line:140:_train_model] - CRITICAL: current best loglike on valid set is -0.7975 (updated at epoch-3), best updated at this epoch[0m
[38;20m2026-09-28 08:55:58,668 - tpp_runner.py[pid:10564;line:104:_train_model] - INFO: [ Epoch 4 (train) ]: train loglike is -0.6938043112736765, num_events is 33274, mark_ll is -1.700021448334285, time_ll is 1.006217166409725[0m
[38;20m2026-09-28 08:55:58,775 - tpp_runner.py[pid:10564;line:116:_train_model] - INFO: [ Epoch 4 (valid) ]:  valid loglike is -0.7763093295894166, num_events is 9144, mark_ll is -1.6929004899473015, time_ll is 0.9165911737076566[0m
[38;20m2026-09-28 08:55:58,933 - tpp_runner.py[pid:10564;line:136:_train_model] - INFO: [ Epoch 4 (test) ]: test loglike is -0.6312642187715845, num_events is 14478, mark_ll is -1.7806086376204413, time_ll is 1.1493443851231178[0m
[31;1m2026-09-28 08:55:58,949 - tpp_runner.py[pid:10564;line:140:_train_model] - CRITICAL: current best loglike on valid set is -0.7763 (updated at epoch-4), best updated at this epoch[0m
[38;20m2026-09-28 08:56:01,557 - tpp_runner.py[pid:10564;line:104:_train_model] - INFO: [ Epoch 5 (train) ]: train loglike is -0.3951552094637635, num_events is 33274, mark_ll is -1.6809505318881672, time_ll is 1.2857953270102032[0m
[38;20m2026-09-28 08:56:01,667 - tpp_runner.py[pid:10564;line:116:_train_model] - INFO: [ Epoch 5 (valid) ]:  valid loglike is -0.24805195875993863, num_events is 9144, mark_ll is -1.6524429655033355, time_ll is 1.4043910175900864[0m
[38;20m2026-09-28 08:56:01,841 - tpp_runner.py[pid:10564;line:136:_train_model] - INFO: [ Epoch 5 (test) ]: test loglike is -0.1316313824612127, num_events is 14478, mark_ll is -1.7114342464105021, time_ll is 1.5798028723807243[0m
[31;1m2026-09-28 08:56:01,841 - tpp_runner.py[pid:10564;line:140:_train_model] - CRITICAL: current best loglike on valid set is -0.2481 (updated at epoch-5), best updated at this epoch[0m
[38;20m2026-09-28 08:56:04,451 - tpp_runner.py[pid:10564;line:104:_train_model] - INFO: [ Epoch 6 (train) ]: train loglike is 0.02775515605460826, num_events is 33274, mark_ll is -1.660684757882703, time_ll is 1.6884399384713384[0m
[38;20m2026-09-28 08:56:04,562 - tpp_runner.py[pid:10564;line:116:_train_model] - INFO: [ Epoch 6 (valid) ]:  valid loglike is 0.1296936495723374, num_events is 9144, mark_ll is -1.6726500610458361, time_ll is 1.8023436805811872[0m
[38;20m2026-09-28 08:56:04,736 - tpp_runner.py[pid:10564;line:136:_train_model] - INFO: [ Epoch 6 (test) ]: test loglike is 0.3018265497719061, num_events is 14478, mark_ll is -1.7313183013667288, time_ll is 2.0331448469229176[0m
[31;1m2026-09-28 08:56:04,736 - tpp_runner.py[pid:10564;line:140:_train_model] - CRITICAL: current best loglike on valid set is 0.1297 (updated at epoch-6), best updated at this epoch[0m
[38;20m2026-09-28 08:56:07,332 - tpp_runner.py[pid:10564;line:104:_train_model] - INFO: [ Epoch 7 (train) ]: train loglike is 0.2382069898567399, num_events is 33274, mark_ll is -1.7047805359653465, time_ll is 1.9429874703339132[0m
[38;20m2026-09-28 08:56:07,442 - tpp_runner.py[pid:10564;line:116:_train_model] - INFO: [ Epoch 7 (valid) ]:  valid loglike is 0.08259117738885621, num_events is 9144, mark_ll is -1.7709805279161883, time_ll is 1.8535716940411746[0m
[38;20m2026-09-28 08:56:07,607 - tpp_runner.py[pid:10564;line:136:_train_model] - INFO: [ Epoch 7 (test) ]: test loglike is 0.17824187992125984, num_events is 14478, mark_ll is -1.8892197496309056, time_ll is 2.0674616295521653[0m
[31;1m2026-09-28 08:56:07,607 - tpp_runner.py[pid:10564;line:140:_train_model] - CRITICAL: current best loglike on valid set is 0.1297 (updated at epoch-6)[0m
[38;20m2026-09-28 08:56:10,192 - tpp_runner.py[pid:10564;line:104:_train_model] - INFO: [ Epoch 8 (train) ]: train loglike is 0.2822877175749054, num_events is 33274, mark_ll is -1.728736829290512, time_ll is 2.011024577360984[0m
[38;20m2026-09-28 08:56:10,303 - tpp_runner.py[pid:10564;line:116:_train_model] - INFO: [ Epoch 8 (valid) ]:  valid loglike is 0.20104686773772418, num_events is 9144, mark_ll is -1.689634721944547, time_ll is 1.8906815229334126[0m
[38;20m2026-09-28 08:56:10,492 - tpp_runner.py[pid:10564;line:136:_train_model] - INFO: [ Epoch 8 (test) ]: test loglike is 0.4040851616730988, num_events is 14478, mark_ll is -1.7567655518825978, time_ll is 2.160850662967088[0m
[31;1m2026-09-28 08:56:10,492 - tpp_runner.py[pid:10564;line:140:_train_model] - CRITICAL: current best loglike on valid set is 0.2010 (updated at epoch-8), best updated at this epoch[0m
[38;20m2026-09-28 08:56:13,114 - tpp_runner.py[pid:10564;line:104:_train_model] - INFO: [ Epoch 9 (train) ]: train loglike is 0.34372126285850824, num_events is 33274, mark_ll is -1.685438694156849, time_ll is 2.0291599540345877[0m
[38;20m2026-09-28 08:56:13,225 - tpp_runner.py[pid:10564;line:116:_train_model] - INFO: [ Epoch 9 (valid) ]:  valid loglike is 0.24255848681832862, num_events is 9144, mark_ll is -1.679431691674527, time_ll is 1.9219901017316683[0m
[38;20m2026-09-28 08:56:13,399 - tpp_runner.py[pid:10564;line:136:_train_model] - INFO: [ Epoch 9 (test) ]: test loglike is 0.4146931860752899, num_events is 14478, mark_ll is -1.7459328107732421, time_ll is 2.1606261169964776[0m
[31;1m2026-09-28 08:56:13,399 - tpp_runner.py[pid:10564;line:140:_train_model] - CRITICAL: current best loglike on valid set is 0.2426 (updated at epoch-9), best updated at this epoch[0m
[38;20m2026-09-28 08:56:15,992 - tpp_runner.py[pid:10564;line:104:_train_model] - INFO: [ Epoch 10 (train) ]: train loglike is 0.35410785514545845, num_events is 33274, mark_ll is -1.685541386715228, time_ll is 2.0396492401983344[0m
[38;20m2026-09-28 08:56:16,103 - tpp_runner.py[pid:10564;line:116:_train_model] - INFO: [ Epoch 10 (valid) ]:  valid loglike is -0.05270614690772296, num_events is 9144, mark_ll is -1.6875241630867919, time_ll is 1.6348180362037266[0m
[38;20m2026-09-28 08:56:16,263 - tpp_runner.py[pid:10564;line:136:_train_model] - INFO: [ Epoch 10 (test) ]: test loglike is 0.3205690179712322, num_events is 14478, mark_ll is -1.752909148524917, time_ll is 2.0734781664961495[0m
[31;1m2026-09-28 08:56:16,263 - tpp_runner.py[pid:10564;line:140:_train_model] - CRITICAL: current best loglike on valid set is 0.2426 (updated at epoch-9)[0m
[38;20m2026-09-28 08:56:18,841 - tpp_runner.py[pid:10564;line:104:_train_model] - INFO: [ Epoch 11 (train) ]: train loglike is 0.34750847972097854, num_events is 33274, mark_ll is -1.6838702627004192, time_ll is 2.031378747236487[0m
[38;20m2026-09-28 08:56:18,953 - tpp_runner.py[pid:10564;line:116:_train_model] - INFO: [ Epoch 11 (valid) ]:  valid loglike is 0.16296450463909906, num_events is 9144, mark_ll is -1.6824158595928682, time_ll is 1.845380247421465[0m
[38;20m2026-09-28 08:56:19,111 - tpp_runner.py[pid:10564;line:136:_train_model] - INFO: [ Epoch 11 (test) ]: test loglike is 0.4009001703284725, num_events is 14478, mark_ll is -1.748309733410174, time_ll is 2.1492099543272554[0m
[31;1m2026-09-28 08:56:19,111 - tpp_runner.py[pid:10564;line:140:_train_model] - CRITICAL: current best loglike on valid set is 0.2426 (updated at epoch-9)[0m
[38;20m2026-09-28 08:56:21,718 - tpp_runner.py[pid:10564;line:104:_train_model] - INFO: [ Epoch 12 (train) ]: train loglike is 0.26464194767663, num_events is 33274, mark_ll is -1.681277569092516, time_ll is 1.9459195461182623[0m
[38;20m2026-09-28 08:56:21,813 - tpp_runner.py[pid:10564;line:116:_train_model] - INFO: [ Epoch 12 (valid) ]:  valid loglike is 0.13004843477397662, num_events is 9144, mark_ll is -1.6811832885208198, time_ll is 1.8112317716877187[0m
[38;20m2026-09-28 08:56:21,987 - tpp_runner.py[pid:10564;line:136:_train_model] - INFO: [ Epoch 12 (test) ]: test loglike is 0.25606560789430516, num_events is 14478, mark_ll is -1.7453915126614519, time_ll is 2.001457086830018[0m
[31;1m2026-09-28 08:56:21,987 - tpp_runner.py[pid:10564;line:140:_train_model] - CRITICAL: current best loglike on valid set is 0.2426 (updated at epoch-9)[0m
[38;20m2026-09-28 08:56:24,547 - tpp_runner.py[pid:10564;line:104:_train_model] - INFO: [ Epoch 13 (train) ]: train loglike is 0.29444724796783783, num_events is 33274, mark_ll is -1.6796191605823991, time_ll is 1.974066401671538[0m
[38;20m2026-09-28 08:56:24,658 - tpp_runner.py[pid:10564;line:116:_train_model] - INFO: [ Epoch 13 (valid) ]:  valid loglike is 0.24559899744816444, num_events is 9144, mark_ll is -1.6766931595556172, time_ll is 1.922292180365882[0m
[38;20m2026-09-28 08:56:24,831 - tpp_runner.py[pid:10564;line:136:_train_model] - INFO: [ Epoch 13 (test) ]: test loglike is 0.48282229226833384, num_events is 14478, mark_ll is -1.743865659049506, time_ll is 2.2266879260235357[0m
[31;1m2026-09-28 08:56:24,831 - tpp_runner.py[pid:10564;line:140:_train_model] - CRITICAL: current best loglike on valid set is 0.2456 (updated at epoch-13), best updated at this epoch[0m
[38;20m2026-09-28 08:56:27,388 - tpp_runner.py[pid:10564;line:104:_train_model] - INFO: [ Epoch 14 (train) ]: train loglike is 0.40856993117426754, num_events is 33274, mark_ll is -1.6747289521050595, time_ll is 2.0832989117112835[0m
[38;20m2026-09-28 08:56:27,499 - tpp_runner.py[pid:10564;line:116:_train_model] - INFO: [ Epoch 14 (valid) ]:  valid loglike is 0.2642105015765546, num_events is 9144, mark_ll is -1.668522458481142, time_ll is 1.9327328899713951[0m
[38;20m2026-09-28 08:56:27,673 - tpp_runner.py[pid:10564;line:136:_train_model] - INFO: [ Epoch 14 (test) ]: test loglike is 0.46321339718560056, num_events is 14478, mark_ll is -1.7354631609705242, time_ll is 2.1986765750189945[0m
[31;1m2026-09-28 08:56:27,673 - tpp_runner.py[pid:10564;line:140:_train_model] - CRITICAL: current best loglike on valid set is 0.2642 (updated at epoch-14), best updated at this epoch[0m
[38;20m2026-09-28 08:56:30,265 - tpp_runner.py[pid:10564;line:104:_train_model] - INFO: [ Epoch 15 (train) ]: train loglike is 0.427011794250602, num_events is 33274, mark_ll is -1.6660203868941403, time_ll is 2.0930321866477017[0m
[38;20m2026-09-28 08:56:30,381 - tpp_runner.py[pid:10564;line:116:_train_model] - INFO: [ Epoch 15 (valid) ]:  valid loglike is 0.2967358319673847, num_events is 9144, mark_ll is -1.6611291413127802, time_ll is 1.9578649565929502[0m
[38;20m2026-09-28 08:56:30,549 - tpp_runner.py[pid:10564;line:136:_train_model] - INFO: [ Epoch 15 (test) ]: test loglike is 0.4588008901166857, num_events is 14478, mark_ll is -1.7286616574500966, time_ll is 2.187462564429652[0m
[31;1m2026-09-28 08:56:30,549 - tpp_runner.py[pid:10564;line:140:_train_model] - CRITICAL: current best loglike on valid set is 0.2967 (updated at epoch-15), best updated at this epoch[0m
[38;20m2026-09-28 08:56:33,137 - tpp_runner.py[pid:10564;line:104:_train_model] - INFO: [ Epoch 16 (train) ]: train loglike is 0.4216066325965492, num_events is 33274, mark_ll is -1.6597933481753773, time_ll is 2.0813999284938127[0m
[38;20m2026-09-28 08:56:33,238 - tpp_runner.py[pid:10564;line:116:_train_model] - INFO: [ Epoch 16 (valid) ]:  valid loglike is 0.30118939590787847, num_events is 9144, mark_ll is -1.6547585368052138, time_ll is 1.9559478626267908[0m
[38;20m2026-09-28 08:56:33,420 - tpp_runner.py[pid:10564;line:136:_train_model] - INFO: [ Epoch 16 (test) ]: test loglike is 0.4785890227474714, num_events is 14478, mark_ll is -1.7224348405231213, time_ll is 2.201023886457038[0m
[31;1m2026-09-28 08:56:33,420 - tpp_runner.py[pid:10564;line:140:_train_model] - CRITICAL: current best loglike on valid set is 0.3012 (updated at epoch-16), best updated at this epoch[0m
[38;20m2026-09-28 08:56:36,017 - tpp_runner.py[pid:10564;line:104:_train_model] - INFO: [ Epoch 17 (train) ]: train loglike is 0.43702979321991975, num_events is 33274, mark_ll is -1.6545778304229184, time_ll is 2.0916076539091146[0m
[38;20m2026-09-28 08:56:36,119 - tpp_runner.py[pid:10564;line:116:_train_model] - INFO: [ Epoch 17 (valid) ]:  valid loglike is 0.3062571060834803, num_events is 9144, mark_ll is -1.6512411122559876, time_ll is 1.9574980915166367[0m
[38;20m2026-09-28 08:56:36,294 - tpp_runner.py[pid:10564;line:136:_train_model] - INFO: [ Epoch 17 (test) ]: test loglike is 0.474113513890148, num_events is 14478, mark_ll is -1.7191926840508012, time_ll is 2.193306324412471[0m
[31;1m2026-09-28 08:56:36,294 - tpp_runner.py[pid:10564;line:140:_train_model] - CRITICAL: current best loglike on valid set is 0.3063 (updated at epoch-17), best updated at this epoch[0m
[38;20m2026-09-28 08:56:38,866 - tpp_runner.py[pid:10564;line:104:_train_model] - INFO: [ Epoch 18 (train) ]: train loglike is 0.4237340707120295, num_events is 33274, mark_ll is -1.6509616230660107, time_ll is 2.0746957318401753[0m
[38;20m2026-09-28 08:56:38,977 - tpp_runner.py[pid:10564;line:116:_train_model] - INFO: [ Epoch 18 (valid) ]:  valid loglike is 0.2892441737057343, num_events is 9144, mark_ll is -1.648068445561126, time_ll is 1.9373126226043034[0m
[38;20m2026-09-28 08:56:39,145 - tpp_runner.py[pid:10564;line:136:_train_model] - INFO: [ Epoch 18 (test) ]: test loglike is 0.49206201495642093, num_events is 14478, mark_ll is -1.7152139911633169, time_ll is 2.207276031414042[0m
[31;1m2026-09-28 08:56:39,145 - tpp_runner.py[pid:10564;line:140:_train_model] - CRITICAL: current best loglike on valid set is 0.3063 (updated at epoch-17)[0m
[38;20m2026-09-28 08:56:41,706 - tpp_runner.py[pid:10564;line:104:_train_model] - INFO: [ Epoch 19 (train) ]: train loglike is 0.4324781891674407, num_events is 33274, mark_ll is -1.6494805492546263, time_ll is 2.0819587356705873[0m
[38;20m2026-09-28 08:56:41,815 - tpp_runner.py[pid:10564;line:116:_train_model] - INFO: [ Epoch 19 (valid) ]:  valid loglike is 0.32093821881845763, num_events is 9144, mark_ll is -1.6461635933356231, time_ll is 1.9671018104853593[0m
[38;20m2026-09-28 08:56:41,978 - tpp_runner.py[pid:10564;line:136:_train_model] - INFO: [ Epoch 19 (test) ]: test loglike is 0.5059387021539685, num_events is 14478, mark_ll is -1.7146612600259876, time_ll is 2.2205999916899777[0m
[31;1m2026-09-28 08:56:41,978 - tpp_runner.py[pid:10564;line:140:_train_model] - CRITICAL: current best loglike on valid set is 0.3209 (updated at epoch-19), best updated at this epoch[0m
[38;20m2026-09-28 08:56:44,537 - tpp_runner.py[pid:10564;line:104:_train_model] - INFO: [ Epoch 20 (train) ]: train loglike is 0.45102326483181077, num_events is 33274, mark_ll is -1.6480147663329008, time_ll is 2.0990380944487437[0m
[38;20m2026-09-28 08:56:44,648 - tpp_runner.py[pid:10564;line:116:_train_model] - INFO: [ Epoch 20 (valid) ]:  valid loglike is 0.3319854569455979, num_events is 9144, mark_ll is -1.6462050844260923, time_ll is 1.978190411211416[0m
[38;20m2026-09-28 08:56:44,822 - tpp_runner.py[pid:10564;line:136:_train_model] - INFO: [ Epoch 20 (test) ]: test loglike is 0.5062520775055256, num_events is 14478, mark_ll is -1.7144648413217467, time_ll is 2.2207168851015333[0m
[31;1m2026-09-28 08:56:44,822 - tpp_runner.py[pid:10564;line:140:_train_model] - CRITICAL: current best loglike on valid set is 0.3320 (updated at epoch-20), best updated at this epoch[0m
[38;20m2026-09-28 08:56:47,426 - tpp_runner.py[pid:10564;line:104:_train_model] - INFO: [ Epoch 21 (train) ]: train loglike is 0.4643960870099754, num_events is 33274, mark_ll is -1.64939434723104, time_ll is 2.113790493856408[0m
[38;20m2026-09-28 08:56:47,540 - tpp_runner.py[pid:10564;line:116:_train_model] - INFO: [ Epoch 21 (valid) ]:  valid loglike is 0.3325767183345551, num_events is 9144, mark_ll is -1.6485259288877954, time_ll is 1.9811027306584235[0m
[38;20m2026-09-28 08:56:47,712 - tpp_runner.py[pid:10564;line:136:_train_model] - INFO: [ Epoch 21 (test) ]: test loglike is 0.5007765351416805, num_events is 14478, mark_ll is -1.7150327153159104, time_ll is 2.215809351634808[0m
[31;1m2026-09-28 08:56:47,712 - tpp_runner.py[pid:10564;line:140:_train_model] - CRITICAL: current best loglike on valid set is 0.3326 (updated at epoch-21), best updated at this epoch[0m
[38;20m2026-09-28 08:56:50,300 - tpp_runner.py[pid:10564;line:104:_train_model] - INFO: [ Epoch 22 (train) ]: train loglike is 0.46452752611073495, num_events is 33274, mark_ll is -1.648600380258892, time_ll is 2.113127904535307[0m
[38;20m2026-09-28 08:56:50,409 - tpp_runner.py[pid:10564;line:116:_train_model] - INFO: [ Epoch 22 (valid) ]:  valid loglike is 0.30990793490138685, num_events is 9144, mark_ll is -1.6464128202236439, time_ll is 1.9563208018492317[0m
[38;20m2026-09-28 08:56:51,138 - tpp_runner.py[pid:10564;line:136:_train_model] - INFO: [ Epoch 22 (test) ]: test loglike is 0.4940924899389375, num_events is 14478, mark_ll is -1.7132334808632061, time_ll is 2.2073260804107955[0m
[31;1m2026-09-28 08:56:51,138 - tpp_runner.py[pid:10564;line:140:_train_model] - CRITICAL: current best loglike on valid set is 0.3326 (updated at epoch-21)[0m
[38;20m2026-09-28 08:56:53,750 - tpp_runner.py[pid:10564;line:104:_train_model] - INFO: [ Epoch 23 (train) ]: train loglike is 0.4621030598038728, num_events is 33274, mark_ll is -1.6443097155319282, time_ll is 2.106412716637568[0m
[38;20m2026-09-28 08:56:53,875 - tpp_runner.py[pid:10564;line:116:_train_model] - INFO: [ Epoch 23 (valid) ]:  valid loglike is 0.35896625835855905, num_events is 9144, mark_ll is -1.6423716040316738, time_ll is 2.0013378073224244[0m
[38;20m2026-09-28 08:56:54,067 - tpp_runner.py[pid:10564;line:136:_train_model] - INFO: [ Epoch 23 (test) ]: test loglike is 0.5315038325592601, num_events is 14478, mark_ll is -1.7151714967321108, time_ll is 2.24667528291848[0m
[31;1m2026-09-28 08:56:54,067 - tpp_runner.py[pid:10564;line:140:_train_model] - CRITICAL: current best loglike on valid set is 0.3590 (updated at epoch-23), best updated at this epoch[0m
[38;20m2026-09-28 08:56:56,658 - tpp_runner.py[pid:10564;line:104:_train_model] - INFO: [ Epoch 24 (train) ]: train loglike is 0.48131295348787245, num_events is 33274, mark_ll is -1.6413108228153928, time_ll is 2.1226237561257477[0m
[38;20m2026-09-28 08:56:56,763 - tpp_runner.py[pid:10564;line:116:_train_model] - INFO: [ Epoch 24 (valid) ]:  valid loglike is 0.3335228867418184, num_events is 9144, mark_ll is -1.6431903321807675, time_ll is 1.9767133657700746[0m
[38;20m2026-09-28 08:56:56,941 - tpp_runner.py[pid:10564;line:136:_train_model] - INFO: [ Epoch 24 (test) ]: test loglike is 0.49275628458911797, num_events is 14478, mark_ll is -1.7160232739976171, time_ll is 2.2087794911352567[0m
[31;1m2026-09-28 08:56:56,941 - tpp_runner.py[pid:10564;line:140:_train_model] - CRITICAL: current best loglike on valid set is 0.3590 (updated at epoch-23)[0m
[38;20m2026-09-28 08:56:59,518 - tpp_runner.py[pid:10564;line:104:_train_model] - INFO: [ Epoch 25 (train) ]: train loglike is 0.42611323161330683, num_events is 33274, mark_ll is -1.6411635709609982, time_ll is 2.0672768034914646[0m
[38;20m2026-09-28 08:56:59,628 - tpp_runner.py[pid:10564;line:116:_train_model] - INFO: [ Epoch 25 (valid) ]:  valid loglike is 0.35121242893649524, num_events is 9144, mark_ll is -1.6400302810201703, time_ll is 1.991242603158492[0m
[38;20m2026-09-28 08:56:59,787 - tpp_runner.py[pid:10564;line:136:_train_model] - INFO: [ Epoch 25 (test) ]: test loglike is 0.5228704522864432, num_events is 14478, mark_ll is -1.7096425665233457, time_ll is 2.2325129682211804[0m
[31;1m2026-09-28 08:56:59,787 - tpp_runner.py[pid:10564;line:140:_train_model] - CRITICAL: current best loglike on valid set is 0.3590 (updated at epoch-23)[0m
[38;20m2026-09-28 08:57:02,364 - tpp_runner.py[pid:10564;line:104:_train_model] - INFO: [ Epoch 26 (train) ]: train loglike is 0.47493586099125584, num_events is 33274, mark_ll is -1.6351519804372878, time_ll is 2.110087838677064[0m
[38;20m2026-09-28 08:57:02,478 - tpp_runner.py[pid:10564;line:116:_train_model] - INFO: [ Epoch 26 (valid) ]:  valid loglike is 0.3073023064347181, num_events is 9144, mark_ll is -1.633612631917104, time_ll is 1.9409150318002242[0m
[38;20m2026-09-28 08:57:02,633 - tpp_runner.py[pid:10564;line:136:_train_model] - INFO: [ Epoch 26 (test) ]: test loglike is 0.5106591547304531, num_events is 14478, mark_ll is -1.702066112970973, time_ll is 2.2127253351529044[0m
[31;1m2026-09-28 08:57:02,665 - tpp_runner.py[pid:10564;line:140:_train_model] - CRITICAL: current best loglike on valid set is 0.3590 (updated at epoch-23)[0m
[38;20m2026-09-28 08:57:05,239 - tpp_runner.py[pid:10564;line:104:_train_model] - INFO: [ Epoch 27 (train) ]: train loglike is 0.5062127200185862, num_events is 33274, mark_ll is -1.6323561689318706, time_ll is 2.138568881613178[0m
[38;20m2026-09-28 08:57:05,335 - tpp_runner.py[pid:10564;line:116:_train_model] - INFO: [ Epoch 27 (valid) ]:  valid loglike is 0.34468870421615694, num_events is 9144, mark_ll is -1.6337260515775371, time_ll is 1.9784147274254293[0m
[38;20m2026-09-28 08:57:05,508 - tpp_runner.py[pid:10564;line:136:_train_model] - INFO: [ Epoch 27 (test) ]: test loglike is 0.5313608607199825, num_events is 14478, mark_ll is -1.6982874137160693, time_ll is 2.229648202768856[0m
[31;1m2026-09-28 08:57:05,508 - tpp_runner.py[pid:10564;line:140:_train_model] - CRITICAL: current best loglike on valid set is 0.3590 (updated at epoch-23)[0m
[38;20m2026-09-28 08:57:08,109 - tpp_runner.py[pid:10564;line:104:_train_model] - INFO: [ Epoch 28 (train) ]: train loglike is 0.5053290419691191, num_events is 33274, mark_ll is -1.634055332358786, time_ll is 2.1393843651563063[0m
[38;20m2026-09-28 08:57:08,216 - tpp_runner.py[pid:10564;line:116:_train_model] - INFO: [ Epoch 28 (valid) ]:  valid loglike is 0.3357573715303409, num_events is 9144, mark_ll is -1.6392307231432497, time_ll is 1.9749880946735907[0m
[38;20m2026-09-28 08:57:08,380 - tpp_runner.py[pid:10564;line:136:_train_model] - INFO: [ Epoch 28 (test) ]: test loglike is 0.5268365865518481, num_events is 14478, mark_ll is -1.7040297266758184, time_ll is 2.230866309011949[0m
[31;1m2026-09-28 08:57:08,380 - tpp_runner.py[pid:10564;line:140:_train_model] - CRITICAL: current best loglike on valid set is 0.3590 (updated at epoch-23)[0m
[38;20m2026-09-28 08:57:10,963 - tpp_runner.py[pid:10564;line:104:_train_model] - INFO: [ Epoch 29 (train) ]: train loglike is 0.5067519091453491, num_events is 33274, mark_ll is -1.6372771096027492, time_ll is 2.1440290425942554[0m
[38;20m2026-09-28 08:57:11,073 - tpp_runner.py[pid:10564;line:116:_train_model] - INFO: [ Epoch 29 (valid) ]:  valid loglike is 0.38029837921222676, num_events is 9144, mark_ll is -1.6410234506361754, time_ll is 2.0213218281796808[0m
[38;20m2026-09-28 08:57:11,233 - tpp_runner.py[pid:10564;line:136:_train_model] - INFO: [ Epoch 29 (test) ]: test loglike is 0.569897728213982, num_events is 14478, mark_ll is -1.7075628013732043, time_ll is 2.27746047478286[0m
[31;1m2026-09-28 08:57:11,233 - tpp_runner.py[pid:10564;line:140:_train_model] - CRITICAL: current best loglike on valid set is 0.3803 (updated at epoch-29), best updated at this epoch[0m
[38;20m2026-09-28 08:57:13,806 - tpp_runner.py[pid:10564;line:104:_train_model] - INFO: [ Epoch 30 (train) ]: train loglike is 0.513362575667892, num_events is 33274, mark_ll is -1.6388089170305173, time_ll is 2.1521715220475257[0m
[38;20m2026-09-28 08:57:13,915 - tpp_runner.py[pid:10564;line:116:_train_model] - INFO: [ Epoch 30 (valid) ]:  valid loglike is 0.3910268247909746, num_events is 9144, mark_ll is -1.640082411878691, time_ll is 2.03110925335688[0m
[38;20m2026-09-28 08:57:14,073 - tpp_runner.py[pid:10564;line:136:_train_model] - INFO: [ Epoch 30 (test) ]: test loglike is 0.6126310683396792, num_events is 14478, mark_ll is -1.709482908874672, time_ll is 2.3221139266257427[0m
[31;1m2026-09-28 08:57:14,073 - tpp_runner.py[pid:10564;line:140:_train_model] - CRITICAL: current best loglike on valid set is 0.3910 (updated at epoch-30), best updated at this epoch[0m
[38;20m2026-09-28 08:57:16,654 - tpp_runner.py[pid:10564;line:104:_train_model] - INFO: [ Epoch 31 (train) ]: train loglike is 0.5125723286962512, num_events is 33274, mark_ll is -1.6384683205343793, time_ll is 2.1510407005915844[0m
[38;20m2026-09-28 08:57:16,765 - tpp_runner.py[pid:10564;line:116:_train_model] - INFO: [ Epoch 31 (valid) ]:  valid loglike is 0.395286229651744, num_events is 9144, mark_ll is -1.6430835740564167, time_ll is 2.0383698070456036[0m
[38;20m2026-09-28 08:57:16,943 - tpp_runner.py[pid:10564;line:136:_train_model] - INFO: [ Epoch 31 (test) ]: test loglike is 0.5895329335888935, num_events is 14478, mark_ll is -1.7115581210500415, time_ll is 2.301091054638935[0m
[31;1m2026-09-28 08:57:16,943 - tpp_runner.py[pid:10564;line:140:_train_model] - CRITICAL: current best loglike on valid set is 0.3953 (updated at epoch-31), best updated at this epoch[0m
[38;20m2026-09-28 08:57:19,517 - tpp_runner.py[pid:10564;line:104:_train_model] - INFO: [ Epoch 32 (train) ]: train loglike is 0.5453936363660911, num_events is 33274, mark_ll is -1.6413778745405103, time_ll is 2.186771481557485[0m
[38;20m2026-09-28 08:57:19,639 - tpp_runner.py[pid:10564;line:116:_train_model] - INFO: [ Epoch 32 (valid) ]:  valid loglike is 0.32144578548241165, num_events is 9144, mark_ll is -1.6657365346726678, time_ll is 1.9871823234925223[0m
[38;20m2026-09-28 08:57:19,809 - tpp_runner.py[pid:10564;line:136:_train_model] - INFO: [ Epoch 32 (test) ]: test loglike is 0.45393281365679283, num_events is 14478, mark_ll is -1.7504065975100151, time_ll is 2.204339396411797[0m
[31;1m2026-09-28 08:57:19,809 - tpp_runner.py[pid:10564;line:140:_train_model] - CRITICAL: current best loglike on valid set is 0.3953 (updated at epoch-31)[0m
[38;20m2026-09-28 08:57:22,396 - tpp_runner.py[pid:10564;line:104:_train_model] - INFO: [ Epoch 33 (train) ]: train loglike is 0.35920760914877703, num_events is 33274, mark_ll is -1.652118165353861, time_ll is 2.011325816691993[0m
[38;20m2026-09-28 08:57:22,490 - tpp_runner.py[pid:10564;line:116:_train_model] - INFO: [ Epoch 33 (valid) ]:  valid loglike is 0.12171722105064625, num_events is 9144, mark_ll is -1.6400597306165587, time_ll is 1.7617768882557894[0m
[38;20m2026-09-28 08:57:22,665 - tpp_runner.py[pid:10564;line:136:_train_model] - INFO: [ Epoch 33 (test) ]: test loglike is 0.2957479922477342, num_events is 14478, mark_ll is -1.6930192846473961, time_ll is 1.9887672378997445[0m
[31;1m2026-09-28 08:57:22,665 - tpp_runner.py[pid:10564;line:140:_train_model] - CRITICAL: current best loglike on valid set is 0.3953 (updated at epoch-31)[0m
[38;20m2026-09-28 08:57:25,218 - tpp_runner.py[pid:10564;line:104:_train_model] - INFO: [ Epoch 34 (train) ]: train loglike is 0.30616561642932427, num_events is 33274, mark_ll is -1.6624311733870665, time_ll is 1.968596779269052[0m
[38;20m2026-09-28 08:57:25,328 - tpp_runner.py[pid:10564;line:116:_train_model] - INFO: [ Epoch 34 (valid) ]:  valid loglike is 0.2710000653070832, num_events is 9144, mark_ll is -1.6738689486018838, time_ll is 1.9448689938843093[0m
[38;20m2026-09-28 08:57:25,487 - tpp_runner.py[pid:10564;line:136:_train_model] - INFO: [ Epoch 34 (test) ]: test loglike is 0.5792152435349107, num_events is 14478, mark_ll is -1.7190735310147292, time_ll is 2.2982887829810745[0m
[31;1m2026-09-28 08:57:25,487 - tpp_runner.py[pid:10564;line:140:_train_model] - CRITICAL: current best loglike on valid set is 0.3953 (updated at epoch-31)[0m
[38;20m2026-09-28 08:57:28,086 - tpp_runner.py[pid:10564;line:104:_train_model] - INFO: [ Epoch 35 (train) ]: train loglike is 0.4728446328067476, num_events is 33274, mark_ll is -1.6670711953214221, time_ll is 2.1399158336311292[0m
[38;20m2026-09-28 08:57:28,196 - tpp_runner.py[pid:10564;line:116:_train_model] - INFO: [ Epoch 35 (valid) ]:  valid loglike is 0.3674846125191382, num_events is 9144, mark_ll is -1.6561028454664601, time_ll is 2.023587498034914[0m
[38;20m2026-09-28 08:57:28,355 - tpp_runner.py[pid:10564;line:136:_train_model] - INFO: [ Epoch 35 (test) ]: test loglike is 0.5732192708603139, num_events is 14478, mark_ll is -1.7070101376873532, time_ll is 2.2802293916847978[0m
[31;1m2026-09-28 08:57:28,355 - tpp_runner.py[pid:10564;line:140:_train_model] - CRITICAL: current best loglike on valid set is 0.3953 (updated at epoch-31)[0m
[38;20m2026-09-28 08:57:30,938 - tpp_runner.py[pid:10564;line:104:_train_model] - INFO: [ Epoch 36 (train) ]: train loglike is 0.506165314775437, num_events is 33274, mark_ll is -1.6447830103893524, time_ll is 2.150948287561234[0m
[38;20m2026-09-28 08:57:31,033 - tpp_runner.py[pid:10564;line:116:_train_model] - INFO: [ Epoch 36 (valid) ]:  valid loglike is 0.3488187280956946, num_events is 9144, mark_ll is -1.644996703140379, time_ll is 1.9938154512607311[0m
[38;20m2026-09-28 08:57:31,207 - tpp_runner.py[pid:10564;line:136:_train_model] - INFO: [ Epoch 36 (test) ]: test loglike is 0.5313178667262668, num_events is 14478, mark_ll is -1.7006129720524243, time_ll is 2.2319307270621804[0m
[31;1m2026-09-28 08:57:31,207 - tpp_runner.py[pid:10564;line:140:_train_model] - CRITICAL: current best loglike on valid set is 0.3953 (updated at epoch-31)[0m
[38;20m2026-09-28 08:57:33,792 - tpp_runner.py[pid:10564;line:104:_train_model] - INFO: [ Epoch 37 (train) ]: train loglike is 0.5149647714484517, num_events is 33274, mark_ll is -1.646127519093361, time_ll is 2.1610923180566095[0m
[38;20m2026-09-28 08:57:33,886 - tpp_runner.py[pid:10564;line:116:_train_model] - INFO: [ Epoch 37 (valid) ]:  valid loglike is 0.3255617704082766, num_events is 9144, mark_ll is -1.6530071135059534, time_ll is 1.9785687837909423[0m
[38;20m2026-09-28 08:57:34,060 - tpp_runner.py[pid:10564;line:136:_train_model] - INFO: [ Epoch 37 (test) ]: test loglike is 0.5388048311379227, num_events is 14478, mark_ll is -1.713963710565168, time_ll is 2.2527684110158517[0m
[31;1m2026-09-28 08:57:34,060 - tpp_runner.py[pid:10564;line:140:_train_model] - CRITICAL: current best loglike on valid set is 0.3953 (updated at epoch-31)[0m
[38;20m2026-09-28 08:57:36,614 - tpp_runner.py[pid:10564;line:104:_train_model] - INFO: [ Epoch 38 (train) ]: train loglike is 0.5315747901626223, num_events is 33274, mark_ll is -1.6534722932307788, time_ll is 2.1850470815590812[0m
[38;20m2026-09-28 08:57:36,726 - tpp_runner.py[pid:10564;line:116:_train_model] - INFO: [ Epoch 38 (valid) ]:  valid loglike is 0.40168758202099736, num_events is 9144, mark_ll is -1.6539306907620435, time_ll is 2.0556183261821275[0m
[38;20m2026-09-28 08:57:36,903 - tpp_runner.py[pid:10564;line:136:_train_model] - INFO: [ Epoch 38 (test) ]: test loglike is 0.5641701323236117, num_events is 14478, mark_ll is -1.7222634463172573, time_ll is 2.286433511189391[0m
[31;1m2026-09-28 08:57:36,903 - tpp_runner.py[pid:10564;line:140:_train_model] - CRITICAL: current best loglike on valid set is 0.4017 (updated at epoch-38), best updated at this epoch[0m
[38;20m2026-09-28 08:57:39,466 - tpp_runner.py[pid:10564;line:104:_train_model] - INFO: [ Epoch 39 (train) ]: train loglike is 0.5382514793568881, num_events is 33274, mark_ll is -1.6533397342777958, time_ll is 2.191591171445329[0m
[38;20m2026-09-28 08:57:39,587 - tpp_runner.py[pid:10564;line:116:_train_model] - INFO: [ Epoch 39 (valid) ]:  valid loglike is 0.38195217729970643, num_events is 9144, mark_ll is -1.6566421628937007, time_ll is 2.0385942968066493[0m
[38;20m2026-09-28 08:57:39,752 - tpp_runner.py[pid:10564;line:136:_train_model] - INFO: [ Epoch 39 (test) ]: test loglike is 0.609118760266115, num_events is 14478, mark_ll is -1.7232728914128332, time_ll is 2.3323917781504697[0m
[31;1m2026-09-28 08:57:39,752 - tpp_runner.py[pid:10564;line:140:_train_model] - CRITICAL: current best loglike on valid set is 0.4017 (updated at epoch-38)[0m
[38;20m2026-09-28 08:57:42,330 - tpp_runner.py[pid:10564;line:104:_train_model] - INFO: [ Epoch 40 (train) ]: train loglike is 0.571169226388988, num_events is 33274, mark_ll is -1.6494460346937079, time_ll is 2.220615327118208[0m
[38;20m2026-09-28 08:57:42,429 - tpp_runner.py[pid:10564;line:116:_train_model] - INFO: [ Epoch 40 (valid) ]:  valid loglike is 0.44334844070261026, num_events is 9144, mark_ll is -1.648528999335288, time_ll is 2.091877507621118[0m
[38;20m2026-09-28 08:57:42,600 - tpp_runner.py[pid:10564;line:136:_train_model] - INFO: [ Epoch 40 (test) ]: test loglike is 0.6329701804772219, num_events is 14478, mark_ll is -1.7125950526229452, time_ll is 2.345565287904493[0m
[31;1m2026-09-28 08:57:42,600 - tpp_runner.py[pid:10564;line:140:_train_model] - CRITICAL: current best loglike on valid set is 0.4433 (updated at epoch-40), best updated at this epoch[0m
[38;20m2026-09-28 08:57:45,198 - tpp_runner.py[pid:10564;line:104:_train_model] - INFO: [ Epoch 41 (train) ]: train loglike is 0.5930265103451526, num_events is 33274, mark_ll is -1.6445286085795217, time_ll is 2.2375551308477526[0m
[38;20m2026-09-28 08:57:45,309 - tpp_runner.py[pid:10564;line:116:_train_model] - INFO: [ Epoch 41 (valid) ]:  valid loglike is 0.43370367535768845, num_events is 9144, mark_ll is -1.644596169939817, time_ll is 2.078299828610291[0m
[38;20m2026-09-28 08:57:45,467 - tpp_runner.py[pid:10564;line:136:_train_model] - INFO: [ Epoch 41 (test) ]: test loglike is 0.6782879492808054, num_events is 14478, mark_ll is -1.711397519080674, time_ll is 2.3896855020872185[0m
[31;1m2026-09-28 08:57:45,467 - tpp_runner.py[pid:10564;line:140:_train_model] - CRITICAL: current best loglike on valid set is 0.4433 (updated at epoch-40)[0m
[38;20m2026-09-28 08:57:48,048 - tpp_runner.py[pid:10564;line:104:_train_model] - INFO: [ Epoch 42 (train) ]: train loglike is 0.6253122379123903, num_events is 33274, mark_ll is -1.6376348826692764, time_ll is 2.2629470472088755[0m
[38;20m2026-09-28 08:57:48,144 - tpp_runner.py[pid:10564;line:116:_train_model] - INFO: [ Epoch 42 (valid) ]:  valid loglike is 0.4632009337684718, num_events is 9144, mark_ll is -1.6430125132216138, time_ll is 2.106213573812917[0m
[38;20m2026-09-28 08:57:48,327 - tpp_runner.py[pid:10564;line:136:_train_model] - INFO: [ Epoch 42 (test) ]: test loglike is 0.6427281918916309, num_events is 14478, mark_ll is -1.7087043164629092, time_ll is 2.3514324872759533[0m
[31;1m2026-09-28 08:57:48,327 - tpp_runner.py[pid:10564;line:140:_train_model] - CRITICAL: current best loglike on valid set is 0.4632 (updated at epoch-42), best updated at this epoch[0m
[38;20m2026-09-28 08:57:50,913 - tpp_runner.py[pid:10564;line:104:_train_model] - INFO: [ Epoch 43 (train) ]: train loglike is 0.6305300852509654, num_events is 33274, mark_ll is -1.639360808821734, time_ll is 2.269890857386304[0m
[38;20m2026-09-28 08:57:51,011 - tpp_runner.py[pid:10564;line:116:_train_model] - INFO: [ Epoch 43 (valid) ]:  valid loglike is 0.4702531809569031, num_events is 9144, mark_ll is -1.6478423938767908, time_ll is 2.118095658269767[0m
[38;20m2026-09-28 08:57:51,186 - tpp_runner.py[pid:10564;line:136:_train_model] - INFO: [ Epoch 43 (test) ]: test loglike is 0.6411910738828417, num_events is 14478, mark_ll is -1.7195129773945814, time_ll is 2.360703996473097[0m
[31;1m2026-09-28 08:57:51,186 - tpp_runner.py[pid:10564;line:140:_train_model] - CRITICAL: current best loglike on valid set is 0.4703 (updated at epoch-43), best updated at this epoch[0m
[38;20m2026-09-28 08:57:53,768 - tpp_runner.py[pid:10564;line:104:_train_model] - INFO: [ Epoch 44 (train) ]: train loglike is 0.6367159710055383, num_events is 33274, mark_ll is -1.6412435839896578, time_ll is 2.2779595678354347[0m
[38;20m2026-09-28 08:57:53,877 - tpp_runner.py[pid:10564;line:116:_train_model] - INFO: [ Epoch 44 (valid) ]:  valid loglike is 0.4168159855319446, num_events is 9144, mark_ll is -1.6478822562951116, time_ll is 2.0646982134587915[0m
[38;20m2026-09-28 08:57:54,037 - tpp_runner.py[pid:10564;line:136:_train_model] - INFO: [ Epoch 44 (test) ]: test loglike is 0.6834310401719419, num_events is 14478, mark_ll is -1.7073855557516144, time_ll is 2.3908166633750345[0m
[31;1m2026-09-28 08:57:54,037 - tpp_runner.py[pid:10564;line:140:_train_model] - CRITICAL: current best loglike on valid set is 0.4703 (updated at epoch-43)[0m
[38;20m2026-09-28 08:57:56,646 - tpp_runner.py[pid:10564;line:104:_train_model] - INFO: [ Epoch 45 (train) ]: train loglike is 0.625569376527328, num_events is 33274, mark_ll is -1.6415325810704773, time_ll is 2.2671020309705963[0m
[38;20m2026-09-28 08:57:56,757 - tpp_runner.py[pid:10564;line:116:_train_model] - INFO: [ Epoch 45 (valid) ]:  valid loglike is 0.4346589466405353, num_events is 9144, mark_ll is -1.6422732162141842, time_ll is 2.076932064400153[0m
[38;20m2026-09-28 08:57:56,954 - tpp_runner.py[pid:10564;line:136:_train_model] - INFO: [ Epoch 45 (test) ]: test loglike is 0.6824502956802995, num_events is 14478, mark_ll is -1.705714917541917, time_ll is 2.3881651794964776[0m
[31;1m2026-09-28 08:57:56,954 - tpp_runner.py[pid:10564;line:140:_train_model] - CRITICAL: current best loglike on valid set is 0.4703 (updated at epoch-43)[0m
[38;20m2026-09-28 08:57:59,528 - tpp_runner.py[pid:10564;line:104:_train_model] - INFO: [ Epoch 46 (train) ]: train loglike is 0.6326667577907816, num_events is 33274, mark_ll is -1.6335053739406142, time_ll is 2.266172148240274[0m
[38;20m2026-09-28 08:57:59,623 - tpp_runner.py[pid:10564;line:116:_train_model] - INFO: [ Epoch 46 (valid) ]:  valid loglike is 0.43332855678501614, num_events is 9144, mark_ll is -1.6430738554226132, time_ll is 2.0764023721583142[0m
[38;20m2026-09-28 08:57:59,798 - tpp_runner.py[pid:10564;line:136:_train_model] - INFO: [ Epoch 46 (test) ]: test loglike is 0.6760380040514056, num_events is 14478, mark_ll is -1.7078355414249207, time_ll is 2.3838735792020653[0m
[31;1m2026-09-28 08:57:59,798 - tpp_runner.py[pid:10564;line:140:_train_model] - CRITICAL: current best loglike on valid set is 0.4703 (updated at epoch-43)[0m
[38;20m2026-09-28 08:58:02,381 - tpp_runner.py[pid:10564;line:104:_train_model] - INFO: [ Epoch 47 (train) ]: train loglike is 0.6226698709249339, num_events is 33274, mark_ll is -1.6367329329605134, time_ll is 2.2594028258972845[0m
[38;20m2026-09-28 08:58:02,496 - tpp_runner.py[pid:10564;line:116:_train_model] - INFO: [ Epoch 47 (valid) ]:  valid loglike is 0.43593560366492884, num_events is 9144, mark_ll is -1.6440044680083934, time_ll is 2.0799401417596237[0m
[38;20m2026-09-28 08:58:02,651 - tpp_runner.py[pid:10564;line:136:_train_model] - INFO: [ Epoch 47 (test) ]: test loglike is 0.6939867917864605, num_events is 14478, mark_ll is -1.7097085509318017, time_ll is 2.4036952078153058[0m
[31;1m2026-09-28 08:58:02,651 - tpp_runner.py[pid:10564;line:140:_train_model] - CRITICAL: current best loglike on valid set is 0.4703 (updated at epoch-43)[0m
[38;20m2026-09-28 08:58:05,246 - tpp_runner.py[pid:10564;line:104:_train_model] - INFO: [ Epoch 48 (train) ]: train loglike is 0.5850383274513791, num_events is 33274, mark_ll is -1.6357159127035186, time_ll is 2.220754177788025[0m
[38;20m2026-09-28 08:58:05,358 - tpp_runner.py[pid:10564;line:116:_train_model] - INFO: [ Epoch 48 (valid) ]:  valid loglike is 0.4732949089190466, num_events is 9144, mark_ll is -1.6422994218160474, time_ll is 2.115594391643427[0m
[38;20m2026-09-28 08:58:05,533 - tpp_runner.py[pid:10564;line:136:_train_model] - INFO: [ Epoch 48 (test) ]: test loglike is 0.6631289631115961, num_events is 14478, mark_ll is -1.7079797020965, time_ll is 2.371108555599444[0m
[31;1m2026-09-28 08:58:05,533 - tpp_runner.py[pid:10564;line:140:_train_model] - CRITICAL: current best loglike on valid set is 0.4733 (updated at epoch-48), best updated at this epoch[0m
[38;20m2026-09-28 08:58:08,103 - tpp_runner.py[pid:10564;line:104:_train_model] - INFO: [ Epoch 49 (train) ]: train loglike is 0.6592061549000581, num_events is 33274, mark_ll is -1.6331798628903198, time_ll is 2.292386070985651[0m
[38;20m2026-09-28 08:58:08,214 - tpp_runner.py[pid:10564;line:116:_train_model] - INFO: [ Epoch 49 (valid) ]:  valid loglike is 0.47618982777299323, num_events is 9144, mark_ll is -1.6373923527808536, time_ll is 2.113582220603162[0m
[38;20m2026-09-28 08:58:08,389 - tpp_runner.py[pid:10564;line:136:_train_model] - INFO: [ Epoch 49 (test) ]: test loglike is 0.6787446801019219, num_events is 14478, mark_ll is -1.7061711762026868, time_ll is 2.384915873167478[0m
[31;1m2026-09-28 08:58:08,389 - tpp_runner.py[pid:10564;line:140:_train_model] - CRITICAL: current best loglike on valid set is 0.4762 (updated at epoch-49), best updated at this epoch[0m
[38;20m2026-09-28 08:58:11,003 - tpp_runner.py[pid:10564;line:104:_train_model] - INFO: [ Epoch 50 (train) ]: train loglike is 0.6533347806972387, num_events is 33274, mark_ll is -1.6318977394019167, time_ll is 2.285232543028153[0m
[38;20m2026-09-28 08:58:11,101 - tpp_runner.py[pid:10564;line:116:_train_model] - INFO: [ Epoch 50 (valid) ]:  valid loglike is 0.46094073982272143, num_events is 9144, mark_ll is -1.6377440525165068, time_ll is 2.0986848232105753[0m
[38;20m2026-09-28 08:58:11,276 - tpp_runner.py[pid:10564;line:136:_train_model] - INFO: [ Epoch 50 (test) ]: test loglike is 0.697316626748882, num_events is 14478, mark_ll is -1.7047969535135206, time_ll is 2.402113605556707[0m
[31;1m2026-09-28 08:58:11,276 - tpp_runner.py[pid:10564;line:140:_train_model] - CRITICAL: current best loglike on valid set is 0.4762 (updated at epoch-49)[0m
[38;20m2026-09-28 08:58:13,857 - tpp_runner.py[pid:10564;line:104:_train_model] - INFO: [ Epoch 51 (train) ]: train loglike is 0.6453783131924044, num_events is 33274, mark_ll is -1.63103968863405, time_ll is 2.2764179981578145[0m
[38;20m2026-09-28 08:58:13,968 - tpp_runner.py[pid:10564;line:116:_train_model] - INFO: [ Epoch 51 (valid) ]:  valid loglike is 0.4694280098742387, num_events is 9144, mark_ll is -1.6361353783261223, time_ll is 2.1055633464823247[0m
[38;20m2026-09-28 08:58:14,143 - tpp_runner.py[pid:10564;line:136:_train_model] - INFO: [ Epoch 51 (test) ]: test loglike is 0.6814522836102621, num_events is 14478, mark_ll is -1.705197733333549, time_ll is 2.3866500843952894[0m
[31;1m2026-09-28 08:58:14,143 - tpp_runner.py[pid:10564;line:140:_train_model] - CRITICAL: current best loglike on valid set is 0.4762 (updated at epoch-49)[0m
[38;20m2026-09-28 08:58:16,741 - tpp_runner.py[pid:10564;line:104:_train_model] - INFO: [ Epoch 52 (train) ]: train loglike is 0.6554756327346661, num_events is 33274, mark_ll is -1.6318904278032866, time_ll is 2.287366110064587[0m
[38;20m2026-09-28 08:58:16,849 - tpp_runner.py[pid:10564;line:116:_train_model] - INFO: [ Epoch 52 (valid) ]:  valid loglike is 0.46374344512859356, num_events is 9144, mark_ll is -1.6364278317749343, time_ll is 2.1001712935907424[0m
[38;20m2026-09-28 08:58:17,039 - tpp_runner.py[pid:10564;line:136:_train_model] - INFO: [ Epoch 52 (test) ]: test loglike is 0.7046703639519875, num_events is 14478, mark_ll is -1.7049730524599824, time_ll is 2.4096434164119698[0m
[31;1m2026-09-28 08:58:17,039 - tpp_runner.py[pid:10564;line:140:_train_model] - CRITICAL: current best loglike on valid set is 0.4762 (updated at epoch-49)[0m
[38;20m2026-09-28 08:58:19,625 - tpp_runner.py[pid:10564;line:104:_train_model] - INFO: [ Epoch 53 (train) ]: train loglike is 0.6537411091254152, num_events is 33274, mark_ll is -1.6311554048628434, time_ll is 2.2848964332781883[0m
[38;20m2026-09-28 08:58:19,736 - tpp_runner.py[pid:10564;line:116:_train_model] - INFO: [ Epoch 53 (valid) ]:  valid loglike is 0.43301934937271025, num_events is 9144, mark_ll is -1.6363062687537593, time_ll is 2.069325644826013[0m
[38;20m2026-09-28 08:58:19,894 - tpp_runner.py[pid:10564;line:136:_train_model] - INFO: [ Epoch 53 (test) ]: test loglike is 0.6970324325930398, num_events is 14478, mark_ll is -1.7063281357922364, time_ll is 2.4033605135809504[0m
[31;1m2026-09-28 08:58:19,894 - tpp_runner.py[pid:10564;line:140:_train_model] - CRITICAL: current best loglike on valid set is 0.4762 (updated at epoch-49)[0m
[38;20m2026-09-28 08:58:22,493 - tpp_runner.py[pid:10564;line:104:_train_model] - INFO: [ Epoch 54 (train) ]: train loglike is 0.5963734386416806, num_events is 33274, mark_ll is -1.631849837975268, time_ll is 2.228223256439431[0m
[38;20m2026-09-28 08:58:22,604 - tpp_runner.py[pid:10564;line:116:_train_model] - INFO: [ Epoch 54 (valid) ]:  valid loglike is 0.48180129417492856, num_events is 9144, mark_ll is -1.6363641400141145, time_ll is 2.118165330728312[0m
[38;20m2026-09-28 08:58:22,763 - tpp_runner.py[pid:10564;line:136:_train_model] - INFO: [ Epoch 54 (test) ]: test loglike is 0.6692516096620735, num_events is 14478, mark_ll is -1.7057437024601982, time_ll is 2.374995345848011[0m
[31;1m2026-09-28 08:58:22,763 - tpp_runner.py[pid:10564;line:140:_train_model] - CRITICAL: current best loglike on valid set is 0.4818 (updated at epoch-54), best updated at this epoch[0m
[38;20m2026-09-28 08:58:25,363 - tpp_runner.py[pid:10564;line:104:_train_model] - INFO: [ Epoch 55 (train) ]: train loglike is 0.6513470503374914, num_events is 33274, mark_ll is -1.6316871081305975, time_ll is 2.2830342758645545[0m
[38;20m2026-09-28 08:58:25,474 - tpp_runner.py[pid:10564;line:116:_train_model] - INFO: [ Epoch 55 (valid) ]:  valid loglike is 0.4764659594571705, num_events is 9144, mark_ll is -1.6356783755912347, time_ll is 2.1121442632933825[0m
[38;20m2026-09-28 08:58:25,649 - tpp_runner.py[pid:10564;line:136:_train_model] - INFO: [ Epoch 55 (test) ]: test loglike is 0.665989681475234, num_events is 14478, mark_ll is -1.705511315255258, time_ll is 2.37150088712184[0m
[31;1m2026-09-28 08:58:25,649 - tpp_runner.py[pid:10564;line:140:_train_model] - CRITICAL: current best loglike on valid set is 0.4818 (updated at epoch-54)[0m
[38;20m2026-09-28 08:58:28,236 - tpp_runner.py[pid:10564;line:104:_train_model] - INFO: [ Epoch 56 (train) ]: train loglike is 0.6439054424590615, num_events is 33274, mark_ll is -1.631622635459086, time_ll is 2.275528037563112[0m
[38;20m2026-09-28 08:58:28,343 - tpp_runner.py[pid:10564;line:116:_train_model] - INFO: [ Epoch 56 (valid) ]:  valid loglike is 0.46705710543735135, num_events is 9144, mark_ll is -1.635717984363893, time_ll is 2.1027749529660844[0m
[38;20m2026-09-28 08:58:28,501 - tpp_runner.py[pid:10564;line:136:_train_model] - INFO: [ Epoch 56 (test) ]: test loglike is 0.6766239213159622, num_events is 14478, mark_ll is -1.704909108458739, time_ll is 2.381533046637571[0m
[31;1m2026-09-28 08:58:28,501 - tpp_runner.py[pid:10564;line:140:_train_model] - CRITICAL: current best loglike on valid set is 0.4818 (updated at epoch-54)[0m
[38;20m2026-09-28 08:58:31,054 - tpp_runner.py[pid:10564;line:104:_train_model] - INFO: [ Epoch 57 (train) ]: train loglike is 0.617444652372336, num_events is 33274, mark_ll is -1.6320145708971343, time_ll is 2.249459209512072[0m
[38;20m2026-09-28 08:58:31,165 - tpp_runner.py[pid:10564;line:116:_train_model] - INFO: [ Epoch 57 (valid) ]:  valid loglike is 0.4786982899262836, num_events is 9144, mark_ll is -1.6348053539206038, time_ll is 2.1135037239455174[0m
[38;20m2026-09-28 08:58:31,338 - tpp_runner.py[pid:10564;line:136:_train_model] - INFO: [ Epoch 57 (test) ]: test loglike is 0.654029994795444, num_events is 14478, mark_ll is -1.7055985974679255, time_ll is 2.3596286175576737[0m
[31;1m2026-09-28 08:58:31,338 - tpp_runner.py[pid:10564;line:140:_train_model] - CRITICAL: current best loglike on valid set is 0.4818 (updated at epoch-54)[0m
[38;20m2026-09-28 08:58:33,948 - tpp_runner.py[pid:10564;line:104:_train_model] - INFO: [ Epoch 58 (train) ]: train loglike is 0.6269299538725807, num_events is 33274, mark_ll is -1.6311961927973981, time_ll is 2.2581260879717457[0m
[38;20m2026-09-28 08:58:34,056 - tpp_runner.py[pid:10564;line:116:_train_model] - INFO: [ Epoch 58 (valid) ]:  valid loglike is 0.40557368054060383, num_events is 9144, mark_ll is -1.6359226230144084, time_ll is 2.041496216781496[0m
[38;20m2026-09-28 08:58:34,224 - tpp_runner.py[pid:10564;line:136:_train_model] - INFO: [ Epoch 58 (test) ]: test loglike is 0.6756633026590991, num_events is 14478, mark_ll is -1.7056508049119785, time_ll is 2.3813139979624256[0m
[31;1m2026-09-28 08:58:34,224 - tpp_runner.py[pid:10564;line:140:_train_model] - CRITICAL: current best loglike on valid set is 0.4818 (updated at epoch-54)[0m
[38;20m2026-09-28 08:58:36,805 - tpp_runner.py[pid:10564;line:104:_train_model] - INFO: [ Epoch 59 (train) ]: train loglike is 0.6554779054568695, num_events is 33274, mark_ll is -1.631500990708774, time_ll is 2.286978932852039[0m
[38;20m2026-09-28 08:58:36,908 - tpp_runner.py[pid:10564;line:116:_train_model] - INFO: [ Epoch 59 (valid) ]:  valid loglike is 0.48838601900836615, num_events is 9144, mark_ll is -1.6369965053501614, time_ll is 2.1253824709594404[0m
[38;20m2026-09-28 08:58:37,092 - tpp_runner.py[pid:10564;line:136:_train_model] - INFO: [ Epoch 59 (test) ]: test loglike is 0.7128180640724289, num_events is 14478, mark_ll is -1.7051959795951184, time_ll is 2.4180140773932863[0m
[31;1m2026-09-28 08:58:37,092 - tpp_runner.py[pid:10564;line:140:_train_model] - CRITICAL: current best loglike on valid set is 0.4884 (updated at epoch-59), best updated at this epoch[0m
[38;20m2026-09-28 08:58:39,649 - tpp_runner.py[pid:10564;line:104:_train_model] - INFO: [ Epoch 60 (train) ]: train loglike is 0.6039643500611753, num_events is 33274, mark_ll is -1.6329404621476227, time_ll is 2.236904805788679[0m
[38;20m2026-09-28 08:58:39,760 - tpp_runner.py[pid:10564;line:116:_train_model] - INFO: [ Epoch 60 (valid) ]:  valid loglike is 0.40914082381147515, num_events is 9144, mark_ll is -1.6366517608455682, time_ll is 2.0457926405592124[0m
[38;20m2026-09-28 08:58:39,934 - tpp_runner.py[pid:10564;line:136:_train_model] - INFO: [ Epoch 60 (test) ]: test loglike is 0.6428555529294446, num_events is 14478, mark_ll is -1.7063029258022948, time_ll is 2.349158495594609[0m
[31;1m2026-09-28 08:58:39,934 - tpp_runner.py[pid:10564;line:140:_train_model] - CRITICAL: current best loglike on valid set is 0.4884 (updated at epoch-59)[0m
[38;20m2026-09-28 08:58:42,491 - tpp_runner.py[pid:10564;line:104:_train_model] - INFO: [ Epoch 61 (train) ]: train loglike is 0.6375021256097573, num_events is 33274, mark_ll is -1.6325154722671982, time_ll is 2.2700175795337576[0m
[38;20m2026-09-28 08:58:42,602 - tpp_runner.py[pid:10564;line:116:_train_model] - INFO: [ Epoch 61 (valid) ]:  valid loglike is 0.48366245259763063, num_events is 9144, mark_ll is -1.6364634222663086, time_ll is 2.1201259449502405[0m
[38;20m2026-09-28 08:58:42,777 - tpp_runner.py[pid:10564;line:136:_train_model] - INFO: [ Epoch 61 (test) ]: test loglike is 0.7001724717432268, num_events is 14478, mark_ll is -1.705395686558917, time_ll is 2.4055683016365346[0m
[31;1m2026-09-28 08:58:42,777 - tpp_runner.py[pid:10564;line:140:_train_model] - CRITICAL: current best loglike on valid set is 0.4884 (updated at epoch-59)[0m
[38;20m2026-09-28 08:58:45,375 - tpp_runner.py[pid:10564;line:104:_train_model] - INFO: [ Epoch 62 (train) ]: train loglike is 0.673624220179302, num_events is 33274, mark_ll is -1.6321463997908465, time_ll is 2.3057706218044682[0m
[38;20m2026-09-28 08:58:45,492 - tpp_runner.py[pid:10564;line:116:_train_model] - INFO: [ Epoch 62 (valid) ]:  valid loglike is 0.472476071468697, num_events is 9144, mark_ll is -1.636880575932647, time_ll is 2.1093567108127598[0m
[38;20m2026-09-28 08:58:45,647 - tpp_runner.py[pid:10564;line:136:_train_model] - INFO: [ Epoch 62 (test) ]: test loglike is 0.6751626693571712, num_events is 14478, mark_ll is -1.7061517839027318, time_ll is 2.3813144701227724[0m
[31;1m2026-09-28 08:58:45,647 - tpp_runner.py[pid:10564;line:140:_train_model] - CRITICAL: current best loglike on valid set is 0.4884 (updated at epoch-59)[0m
[38;20m2026-09-28 08:58:48,246 - tpp_runner.py[pid:10564;line:104:_train_model] - INFO: [ Epoch 63 (train) ]: train loglike is 0.6629734129876179, num_events is 33274, mark_ll is -1.6324638178222861, time_ll is 2.2954371941235086[0m
[38;20m2026-09-28 08:58:48,353 - tpp_runner.py[pid:10564;line:116:_train_model] - INFO: [ Epoch 63 (valid) ]:  valid loglike is 0.521798745436514, num_events is 9144, mark_ll is -1.6367122887104932, time_ll is 2.1585109840853636[0m
[38;20m2026-09-28 08:58:48,524 - tpp_runner.py[pid:10564;line:136:_train_model] - INFO: [ Epoch 63 (test) ]: test loglike is 0.6899684037041114, num_events is 14478, mark_ll is -1.7058397870907585, time_ll is 2.395808173932[0m
[31;1m2026-09-28 08:58:48,524 - tpp_runner.py[pid:10564;line:140:_train_model] - CRITICAL: current best loglike on valid set is 0.5218 (updated at epoch-63), best updated at this epoch[0m
[38;20m2026-09-28 08:58:51,178 - tpp_runner.py[pid:10564;line:104:_train_model] - INFO: [ Epoch 64 (train) ]: train loglike is 0.6572040608992992, num_events is 33274, mark_ll is -1.6313492117531707, time_ll is 2.288553296498627[0m
[38;20m2026-09-28 08:58:51,291 - tpp_runner.py[pid:10564;line:116:_train_model] - INFO: [ Epoch 64 (valid) ]:  valid loglike is 0.4753810652284797, num_events is 9144, mark_ll is -1.63701001531913, time_ll is 2.112391060522952[0m
[38;20m2026-09-28 08:58:51,458 - tpp_runner.py[pid:10564;line:136:_train_model] - INFO: [ Epoch 64 (test) ]: test loglike is 0.7059568154052701, num_events is 14478, mark_ll is -1.7062442598792134, time_ll is 2.4122010078330054[0m
[31;1m2026-09-28 08:58:51,458 - tpp_runner.py[pid:10564;line:140:_train_model] - CRITICAL: current best loglike on valid set is 0.5218 (updated at epoch-63)[0m
[38;20m2026-09-28 08:58:54,041 - tpp_runner.py[pid:10564;line:104:_train_model] - INFO: [ Epoch 65 (train) ]: train loglike is 0.6708019981377399, num_events is 33274, mark_ll is -1.631484298398806, time_ll is 2.30228634606318[0m
[38;20m2026-09-28 08:58:54,148 - tpp_runner.py[pid:10564;line:116:_train_model] - INFO: [ Epoch 65 (valid) ]:  valid loglike is 0.5005026998378056, num_events is 9144, mark_ll is -1.6374760291499206, time_ll is 2.137978648054735[0m
[38;20m2026-09-28 08:58:54,317 - tpp_runner.py[pid:10564;line:136:_train_model] - INFO: [ Epoch 65 (test) ]: test loglike is 0.6927761220688285, num_events is 14478, mark_ll is -1.705605376341475, time_ll is 2.398381447821695[0m
[31;1m2026-09-28 08:58:54,317 - tpp_runner.py[pid:10564;line:140:_train_model] - CRITICAL: current best loglike on valid set is 0.5218 (updated at epoch-63)[0m
[38;20m2026-09-28 08:58:56,903 - tpp_runner.py[pid:10564;line:104:_train_model] - INFO: [ Epoch 66 (train) ]: train loglike is 0.6733494188992344, num_events is 33274, mark_ll is -1.63180529702245, time_ll is 2.3051547085844053[0m
[38;20m2026-09-28 08:58:57,010 - tpp_runner.py[pid:10564;line:116:_train_model] - INFO: [ Epoch 66 (valid) ]:  valid loglike is 0.5040460463062463, num_events is 9144, mark_ll is -1.6376490421912593, time_ll is 2.141695077650816[0m
[38;20m2026-09-28 08:58:57,179 - tpp_runner.py[pid:10564;line:136:_train_model] - INFO: [ Epoch 66 (test) ]: test loglike is 0.6948676322075952, num_events is 14478, mark_ll is -1.7057185430588653, time_ll is 2.4005862005607645[0m
[31;1m2026-09-28 08:58:57,483 - tpp_runner.py[pid:10564;line:140:_train_model] - CRITICAL: current best loglike on valid set is 0.5218 (updated at epoch-63)[0m
[38;20m2026-09-28 08:59:00,054 - tpp_runner.py[pid:10564;line:104:_train_model] - INFO: [ Epoch 67 (train) ]: train loglike is 0.659627272531434, num_events is 33274, mark_ll is -1.6316517461139421, time_ll is 2.291278981958981[0m
[38;20m2026-09-28 08:59:00,161 - tpp_runner.py[pid:10564;line:116:_train_model] - INFO: [ Epoch 67 (valid) ]:  valid loglike is 0.5096103996951019, num_events is 9144, mark_ll is -1.6371743109595431, time_ll is 2.146784611365718[0m
[38;20m2026-09-28 08:59:00,334 - tpp_runner.py[pid:10564;line:136:_train_model] - INFO: [ Epoch 67 (test) ]: test loglike is 0.6918952900791286, num_events is 14478, mark_ll is -1.7063879146647067, time_ll is 2.3982832384695745[0m
[31;1m2026-09-28 08:59:00,334 - tpp_runner.py[pid:10564;line:140:_train_model] - CRITICAL: current best loglike on valid set is 0.5218 (updated at epoch-63)[0m
[38;20m2026-09-28 08:59:02,913 - tpp_runner.py[pid:10564;line:104:_train_model] - INFO: [ Epoch 68 (train) ]: train loglike is 0.6693865911400417, num_events is 33274, mark_ll is -1.6310605521871901, time_ll is 2.300447117646755[0m
[38;20m2026-09-28 08:59:03,024 - tpp_runner.py[pid:10564;line:116:_train_model] - INFO: [ Epoch 68 (valid) ]:  valid loglike is 0.5064595006373716, num_events is 9144, mark_ll is -1.636984677452428, time_ll is 2.143444298237745[0m
[38;20m2026-09-28 08:59:03,183 - tpp_runner.py[pid:10564;line:136:_train_model] - INFO: [ Epoch 68 (test) ]: test loglike is 0.6978715331963798, num_events is 14478, mark_ll is -1.7070594109921087, time_ll is 2.404930918894184[0m
[31;1m2026-09-28 08:59:03,183 - tpp_runner.py[pid:10564;line:140:_train_model] - CRITICAL: current best loglike on valid set is 0.5218 (updated at epoch-63)[0m
[38;20m2026-09-28 08:59:05,768 - tpp_runner.py[pid:10564;line:104:_train_model] - INFO: [ Epoch 69 (train) ]: train loglike is 0.6756582313441755, num_events is 33274, mark_ll is -1.631281789495458, time_ll is 2.3069400373485114[0m
[38;20m2026-09-28 08:59:05,866 - tpp_runner.py[pid:10564;line:116:_train_model] - INFO: [ Epoch 69 (valid) ]:  valid loglike is 0.5084723320741562, num_events is 9144, mark_ll is -1.637383408433809, time_ll is 2.1458557609498032[0m
[38;20m2026-09-28 08:59:06,040 - tpp_runner.py[pid:10564;line:136:_train_model] - INFO: [ Epoch 69 (test) ]: test loglike is 0.7053172067641421, num_events is 14478, mark_ll is -1.7074608990526574, time_ll is 2.412778190131147[0m
[31;1m2026-09-28 08:59:06,040 - tpp_runner.py[pid:10564;line:140:_train_model] - CRITICAL: current best loglike on valid set is 0.5218 (updated at epoch-63)[0m
[38;20m2026-09-28 08:59:08,618 - tpp_runner.py[pid:10564;line:104:_train_model] - INFO: [ Epoch 70 (train) ]: train loglike is 0.6662845582911019, num_events is 33274, mark_ll is -1.631141130186341, time_ll is 2.297425695814722[0m
[38;20m2026-09-28 08:59:08,723 - tpp_runner.py[pid:10564;line:116:_train_model] - INFO: [ Epoch 70 (valid) ]:  valid loglike is 0.4882917571046951, num_events is 9144, mark_ll is -1.637763075941191, time_ll is 2.126054845561297[0m
[38;20m2026-09-28 08:59:08,914 - tpp_runner.py[pid:10564;line:136:_train_model] - INFO: [ Epoch 70 (test) ]: test loglike is 0.7040657879223002, num_events is 14478, mark_ll is -1.7076662213520082, time_ll is 2.4117320851572215[0m
[31;1m2026-09-28 08:59:08,914 - tpp_runner.py[pid:10564;line:140:_train_model] - CRITICAL: current best loglike on valid set is 0.5218 (updated at epoch-63)[0m
[38;20m2026-09-28 08:59:11,474 - tpp_runner.py[pid:10564;line:104:_train_model] - INFO: [ Epoch 71 (train) ]: train loglike is 0.674723764648731, num_events is 33274, mark_ll is -1.632136479789494, time_ll is 2.306860171065434[0m
[38;20m2026-09-28 08:59:11,591 - tpp_runner.py[pid:10564;line:116:_train_model] - INFO: [ Epoch 71 (valid) ]:  valid loglike is 0.5105147219914047, num_events is 9144, mark_ll is -1.6365976675706064, time_ll is 2.147112348261155[0m
[38;20m2026-09-28 08:59:11,762 - tpp_runner.py[pid:10564;line:136:_train_model] - INFO: [ Epoch 71 (test) ]: test loglike is 0.7073970899543705, num_events is 14478, mark_ll is -1.707218630206175, time_ll is 2.4146157370234147[0m
[31;1m2026-09-28 08:59:11,762 - tpp_runner.py[pid:10564;line:140:_train_model] - CRITICAL: current best loglike on valid set is 0.5218 (updated at epoch-63)[0m
[38;20m2026-09-28 08:59:14,332 - tpp_runner.py[pid:10564;line:104:_train_model] - INFO: [ Epoch 72 (train) ]: train loglike is 0.6335894628278179, num_events is 33274, mark_ll is -1.6320486672331438, time_ll is 2.2656381410668804[0m
[38;20m2026-09-28 08:59:14,439 - tpp_runner.py[pid:10564;line:116:_train_model] - INFO: [ Epoch 72 (valid) ]:  valid loglike is 0.5215936545624821, num_events is 9144, mark_ll is -1.6374374616594556, time_ll is 2.1590310511418007[0m
[38;20m2026-09-28 08:59:14,614 - tpp_runner.py[pid:10564;line:136:_train_model] - INFO: [ Epoch 72 (test) ]: test loglike is 0.7166635824478303, num_events is 14478, mark_ll is -1.7080133772469437, time_ll is 2.4246768669489915[0m
[31;1m2026-09-28 08:59:14,614 - tpp_runner.py[pid:10564;line:140:_train_model] - CRITICAL: current best loglike on valid set is 0.5218 (updated at epoch-63)[0m
[38;20m2026-09-28 08:59:17,239 - tpp_runner.py[pid:10564;line:104:_train_model] - INFO: [ Epoch 73 (train) ]: train loglike is 0.6826148065529298, num_events is 33274, mark_ll is -1.631837236198402, time_ll is 2.3144520280767735[0m
[38;20m2026-09-28 08:59:17,347 - tpp_runner.py[pid:10564;line:116:_train_model] - INFO: [ Epoch 73 (valid) ]:  valid loglike is 0.49446016847305096, num_events is 9144, mark_ll is -1.637429892338897, time_ll is 2.131889964026103[0m
[38;20m2026-09-28 08:59:17,513 - tpp_runner.py[pid:10564;line:136:_train_model] - INFO: [ Epoch 73 (test) ]: test loglike is 0.7125624735590206, num_events is 14478, mark_ll is -1.7085042553788508, time_ll is 2.421066728937871[0m
[31;1m2026-09-28 08:59:17,513 - tpp_runner.py[pid:10564;line:140:_train_model] - CRITICAL: current best loglike on valid set is 0.5218 (updated at epoch-63)[0m
[38;20m2026-09-28 08:59:20,101 - tpp_runner.py[pid:10564;line:104:_train_model] - INFO: [ Epoch 74 (train) ]: train loglike is 0.6590769179001905, num_events is 33274, mark_ll is -1.6326897032968684, time_ll is 2.291766646877536[0m
[38;20m2026-09-28 08:59:20,207 - tpp_runner.py[pid:10564;line:116:_train_model] - INFO: [ Epoch 74 (valid) ]:  valid loglike is 0.4921374533745873, num_events is 9144, mark_ll is -1.6366986719433507, time_ll is 2.1288361770483037[0m
[38;20m2026-09-28 08:59:20,374 - tpp_runner.py[pid:10564;line:136:_train_model] - INFO: [ Epoch 74 (test) ]: test loglike is 0.709862390890489, num_events is 14478, mark_ll is -1.7084447294494232, time_ll is 2.4183071540656513[0m
[31;1m2026-09-28 08:59:20,374 - tpp_runner.py[pid:10564;line:140:_train_model] - CRITICAL: current best loglike on valid set is 0.5218 (updated at epoch-63)[0m
[38;20m2026-09-28 08:59:22,954 - tpp_runner.py[pid:10564;line:104:_train_model] - INFO: [ Epoch 75 (train) ]: train loglike is 0.6620310752260117, num_events is 33274, mark_ll is -1.631728372988294, time_ll is 2.2937594151965497[0m
[38;20m2026-09-28 08:59:23,061 - tpp_runner.py[pid:10564;line:116:_train_model] - INFO: [ Epoch 75 (valid) ]:  valid loglike is 0.4929442284718378, num_events is 9144, mark_ll is -1.6370708502288045, time_ll is 2.1300148817915097[0m
[38;20m2026-09-28 08:59:23,231 - tpp_runner.py[pid:10564;line:136:_train_model] - INFO: [ Epoch 75 (test) ]: test loglike is 0.7122762938002918, num_events is 14478, mark_ll is -1.7085809139837167, time_ll is 2.420857190921139[0m
[31;1m2026-09-28 08:59:23,231 - tpp_runner.py[pid:10564;line:140:_train_model] - CRITICAL: current best loglike on valid set is 0.5218 (updated at epoch-63)[0m
[38;20m2026-09-28 08:59:25,806 - tpp_runner.py[pid:10564;line:104:_train_model] - INFO: [ Epoch 76 (train) ]: train loglike is 0.6768832139372145, num_events is 33274, mark_ll is -1.6316381904907924, time_ll is 2.3085213750788904[0m
[38;20m2026-09-28 08:59:25,913 - tpp_runner.py[pid:10564;line:116:_train_model] - INFO: [ Epoch 76 (valid) ]:  valid loglike is 0.47986583426034146, num_events is 9144, mark_ll is -1.6369166737153462, time_ll is 2.116782494625916[0m
[38;20m2026-09-28 08:59:26,081 - tpp_runner.py[pid:10564;line:136:_train_model] - INFO: [ Epoch 76 (test) ]: test loglike is 0.7031445609286504, num_events is 14478, mark_ll is -1.7083782391548816, time_ll is 2.4115228169464014[0m
[31;1m2026-09-28 08:59:26,081 - tpp_runner.py[pid:10564;line:140:_train_model] - CRITICAL: current best loglike on valid set is 0.5218 (updated at epoch-63)[0m
[38;20m2026-09-28 08:59:28,659 - tpp_runner.py[pid:10564;line:104:_train_model] - INFO: [ Epoch 77 (train) ]: train loglike is 0.6685924957655095, num_events is 33274, mark_ll is -1.632966171973613, time_ll is 2.3015586347213666[0m
[38;20m2026-09-28 08:59:28,765 - tpp_runner.py[pid:10564;line:116:_train_model] - INFO: [ Epoch 77 (valid) ]:  valid loglike is 0.47565828992521564, num_events is 9144, mark_ll is -1.6368853551509186, time_ll is 2.1125436884628925[0m
[38;20m2026-09-28 08:59:28,933 - tpp_runner.py[pid:10564;line:136:_train_model] - INFO: [ Epoch 77 (test) ]: test loglike is 0.6789356605307406, num_events is 14478, mark_ll is -1.708719627948439, time_ll is 2.387655212596267[0m
[31;1m2026-09-28 08:59:28,933 - tpp_runner.py[pid:10564;line:140:_train_model] - CRITICAL: current best loglike on valid set is 0.5218 (updated at epoch-63)[0m
[38;20m2026-09-28 08:59:31,516 - tpp_runner.py[pid:10564;line:104:_train_model] - INFO: [ Epoch 78 (train) ]: train loglike is 0.6733593590781043, num_events is 33274, mark_ll is -1.6321928777853485, time_ll is 2.305552227691854[0m
[38;20m2026-09-28 08:59:31,608 - tpp_runner.py[pid:10564;line:116:_train_model] - INFO: [ Epoch 78 (valid) ]:  valid loglike is 0.45285144482176237, num_events is 9144, mark_ll is -1.6375913711774797, time_ll is 2.0904427809560913[0m
[38;20m2026-09-28 08:59:31,800 - tpp_runner.py[pid:10564;line:136:_train_model] - INFO: [ Epoch 78 (test) ]: test loglike is 0.7028338372633263, num_events is 14478, mark_ll is -1.7089304644061247, time_ll is 2.411764225786538[0m
[31;1m2026-09-28 08:59:31,800 - tpp_runner.py[pid:10564;line:140:_train_model] - CRITICAL: current best loglike on valid set is 0.5218 (updated at epoch-63)[0m
[38;20m2026-09-28 08:59:34,373 - tpp_runner.py[pid:10564;line:104:_train_model] - INFO: [ Epoch 79 (train) ]: train loglike is 0.6652919161439393, num_events is 33274, mark_ll is -1.6318338170263382, time_ll is 2.2971257184957192[0m
[38;20m2026-09-28 08:59:34,479 - tpp_runner.py[pid:10564;line:116:_train_model] - INFO: [ Epoch 79 (valid) ]:  valid loglike is 0.5023079602632832, num_events is 9144, mark_ll is -1.6382568172478196, time_ll is 2.140564939377085[0m
[38;20m2026-09-28 08:59:34,655 - tpp_runner.py[pid:10564;line:136:_train_model] - INFO: [ Epoch 79 (test) ]: test loglike is 0.6324662378371495, num_events is 14478, mark_ll is -1.7086411818794032, time_ll is 2.3411073859908136[0m
[31;1m2026-09-28 08:59:34,655 - tpp_runner.py[pid:10564;line:140:_train_model] - CRITICAL: current best loglike on valid set is 0.5218 (updated at epoch-63)[0m
[38;20m2026-09-28 08:59:37,256 - tpp_runner.py[pid:10564;line:104:_train_model] - INFO: [ Epoch 80 (train) ]: train loglike is 0.6784860975876905, num_events is 33274, mark_ll is -1.631225028304288, time_ll is 2.3097110488505477[0m
[38;20m2026-09-28 08:59:37,362 - tpp_runner.py[pid:10564;line:116:_train_model] - INFO: [ Epoch 80 (valid) ]:  valid loglike is 0.5203090994794016, num_events is 9144, mark_ll is -1.6374236446457378, time_ll is 2.157732772493404[0m
[38;20m2026-09-28 08:59:37,526 - tpp_runner.py[pid:10564;line:136:_train_model] - INFO: [ Epoch 80 (test) ]: test loglike is 0.7062797224938269, num_events is 14478, mark_ll is -1.7089308353892543, time_ll is 2.4152104229801252[0m
[31;1m2026-09-28 08:59:37,527 - tpp_runner.py[pid:10564;line:140:_train_model] - CRITICAL: current best loglike on valid set is 0.5218 (updated at epoch-63)[0m
[38;20m2026-09-28 08:59:40,085 - tpp_runner.py[pid:10564;line:104:_train_model] - INFO: [ Epoch 81 (train) ]: train loglike is 0.6333727672953169, num_events is 33274, mark_ll is -1.6316850316806102, time_ll is 2.2650577292717755[0m
[38;20m2026-09-28 08:59:40,204 - tpp_runner.py[pid:10564;line:116:_train_model] - INFO: [ Epoch 81 (valid) ]:  valid loglike is 0.5173041860158257, num_events is 9144, mark_ll is -1.6374502373909805, time_ll is 2.154754318277354[0m
[38;20m2026-09-28 08:59:40,367 - tpp_runner.py[pid:10564;line:136:_train_model] - INFO: [ Epoch 81 (test) ]: test loglike is 0.7100646272847164, num_events is 14478, mark_ll is -1.7089036524435781, time_ll is 2.418968380905512[0m
[31;1m2026-09-28 08:59:40,367 - tpp_runner.py[pid:10564;line:140:_train_model] - CRITICAL: current best loglike on valid set is 0.5218 (updated at epoch-63)[0m
[38;20m2026-09-28 08:59:42,973 - tpp_runner.py[pid:10564;line:104:_train_model] - INFO: [ Epoch 82 (train) ]: train loglike is 0.665377844853879, num_events is 33274, mark_ll is -1.6321832476065208, time_ll is 2.29756109062608[0m
[38;20m2026-09-28 08:59:43,081 - tpp_runner.py[pid:10564;line:116:_train_model] - INFO: [ Epoch 82 (valid) ]:  valid loglike is 0.5010715995247909, num_events is 9144, mark_ll is -1.6374512519736302, time_ll is 2.1385228781979646[0m
[38;20m2026-09-28 08:59:43,251 - tpp_runner.py[pid:10564;line:136:_train_model] - INFO: [ Epoch 82 (test) ]: test loglike is 0.698571848167802, num_events is 14478, mark_ll is -1.7089435331300076, time_ll is 2.4075153222777663[0m
[31;1m2026-09-28 08:59:43,251 - tpp_runner.py[pid:10564;line:140:_train_model] - CRITICAL: current best loglike on valid set is 0.5218 (updated at epoch-63)[0m
[38;20m2026-09-28 08:59:45,841 - tpp_runner.py[pid:10564;line:104:_train_model] - INFO: [ Epoch 83 (train) ]: train loglike is 0.6707987825751713, num_events is 33274, mark_ll is -1.6323377560299521, time_ll is 2.3031364872441697[0m
[38;20m2026-09-28 08:59:45,948 - tpp_runner.py[pid:10564;line:116:_train_model] - INFO: [ Epoch 83 (valid) ]:  valid loglike is 0.47780954389330177, num_events is 9144, mark_ll is -1.6382872947766294, time_ll is 2.1160969037500683[0m
[38;20m2026-09-28 08:59:46,117 - tpp_runner.py[pid:10564;line:136:_train_model] - INFO: [ Epoch 83 (test) ]: test loglike is 0.705082146794382, num_events is 14478, mark_ll is -1.7090930393312267, time_ll is 2.4141751102426956[0m
[31;1m2026-09-28 08:59:46,117 - tpp_runner.py[pid:10564;line:140:_train_model] - CRITICAL: current best loglike on valid set is 0.5218 (updated at epoch-63)[0m
[38;20m2026-09-28 08:59:48,720 - tpp_runner.py[pid:10564;line:104:_train_model] - INFO: [ Epoch 84 (train) ]: train loglike is 0.6839816389286211, num_events is 33274, mark_ll is -1.631863555018558, time_ll is 2.315845160929423[0m
[38;20m2026-09-28 08:59:48,815 - tpp_runner.py[pid:10564;line:116:_train_model] - INFO: [ Epoch 84 (valid) ]:  valid loglike is 0.5111376377749839, num_events is 9144, mark_ll is -1.6375740965728893, time_ll is 2.1487117844095174[0m
[38;20m2026-09-28 08:59:48,990 - tpp_runner.py[pid:10564;line:136:_train_model] - INFO: [ Epoch 84 (test) ]: test loglike is 0.7067081068312698, num_events is 14478, mark_ll is -1.708543174881717, time_ll is 2.4152513323015956[0m
[31;1m2026-09-28 08:59:48,990 - tpp_runner.py[pid:10564;line:140:_train_model] - CRITICAL: current best loglike on valid set is 0.5218 (updated at epoch-63)[0m
[38;20m2026-09-28 08:59:51,567 - tpp_runner.py[pid:10564;line:104:_train_model] - INFO: [ Epoch 85 (train) ]: train loglike is 0.6777126860029603, num_events is 33274, mark_ll is -1.631532552014852, time_ll is 2.30924525636101[0m
[38;20m2026-09-28 08:59:51,675 - tpp_runner.py[pid:10564;line:116:_train_model] - INFO: [ Epoch 85 (valid) ]:  valid loglike is 0.5214807789052461, num_events is 9144, mark_ll is -1.6374905003024525, time_ll is 2.158971137366374[0m
[38;20m2026-09-28 08:59:51,842 - tpp_runner.py[pid:10564;line:136:_train_model] - INFO: [ Epoch 85 (test) ]: test loglike is 0.7106034296918169, num_events is 14478, mark_ll is -1.7090149305195814, time_ll is 2.4196184108000067[0m
[31;1m2026-09-28 08:59:51,842 - tpp_runner.py[pid:10564;line:140:_train_model] - CRITICAL: current best loglike on valid set is 0.5218 (updated at epoch-63)[0m
[38;20m2026-09-28 08:59:54,456 - tpp_runner.py[pid:10564;line:104:_train_model] - INFO: [ Epoch 86 (train) ]: train loglike is 0.6664813679629037, num_events is 33274, mark_ll is -1.6326388486153791, time_ll is 2.2991201780575676[0m
[38;20m2026-09-28 08:59:54,576 - tpp_runner.py[pid:10564;line:116:_train_model] - INFO: [ Epoch 86 (valid) ]:  valid loglike is 0.5092274097632861, num_events is 9144, mark_ll is -1.6377623016544318, time_ll is 2.146989583760526[0m
[38;20m2026-09-28 08:59:54,752 - tpp_runner.py[pid:10564;line:136:_train_model] - INFO: [ Epoch 86 (test) ]: test loglike is 0.6766975277414439, num_events is 14478, mark_ll is -1.7090873228184573, time_ll is 2.3857848505599013[0m
[31;1m2026-09-28 08:59:54,753 - tpp_runner.py[pid:10564;line:140:_train_model] - CRITICAL: current best loglike on valid set is 0.5218 (updated at epoch-63)[0m
[38;20m2026-09-28 08:59:57,364 - tpp_runner.py[pid:10564;line:104:_train_model] - INFO: [ Epoch 87 (train) ]: train loglike is 0.6095190289545469, num_events is 33274, mark_ll is -1.6314771812380726, time_ll is 2.240996245044695[0m
[38;20m2026-09-28 08:59:57,474 - tpp_runner.py[pid:10564;line:116:_train_model] - INFO: [ Epoch 87 (valid) ]:  valid loglike is 0.5055749531075919, num_events is 9144, mark_ll is -1.6373252835277914, time_ll is 2.1429002549913196[0m
[38;20m2026-09-28 08:59:57,642 - tpp_runner.py[pid:10564;line:136:_train_model] - INFO: [ Epoch 87 (test) ]: test loglike is 0.6801811942311179, num_events is 14478, mark_ll is -1.7093696072543256, time_ll is 2.3895508352111823[0m
[31;1m2026-09-28 08:59:57,643 - tpp_runner.py[pid:10564;line:140:_train_model] - CRITICAL: current best loglike on valid set is 0.5218 (updated at epoch-63)[0m
[38;20m2026-09-28 09:00:00,244 - tpp_runner.py[pid:10564;line:104:_train_model] - INFO: [ Epoch 88 (train) ]: train loglike is 0.6701764308926921, num_events is 33274, mark_ll is -1.6321311382503043, time_ll is 2.3023076168353107[0m
[38;20m2026-09-28 09:00:00,355 - tpp_runner.py[pid:10564;line:116:_train_model] - INFO: [ Epoch 88 (valid) ]:  valid loglike is 0.4988082725544927, num_events is 9144, mark_ll is -1.636700167117782, time_ll is 2.1355084596969323[0m
[38;20m2026-09-28 09:00:00,524 - tpp_runner.py[pid:10564;line:136:_train_model] - INFO: [ Epoch 88 (test) ]: test loglike is 0.702056585449691, num_events is 14478, mark_ll is -1.7094945105289059, time_ll is 2.4115511465672053[0m
[31;1m2026-09-28 09:00:00,524 - tpp_runner.py[pid:10564;line:140:_train_model] - CRITICAL: current best loglike on valid set is 0.5218 (updated at epoch-63)[0m
[38;20m2026-09-28 09:00:03,162 - tpp_runner.py[pid:10564;line:104:_train_model] - INFO: [ Epoch 89 (train) ]: train loglike is 0.6699995327620665, num_events is 33274, mark_ll is -1.6320474859312075, time_ll is 2.3020470370364716[0m
[38;20m2026-09-28 09:00:03,269 - tpp_runner.py[pid:10564;line:116:_train_model] - INFO: [ Epoch 89 (valid) ]:  valid loglike is 0.4808060419945371, num_events is 9144, mark_ll is -1.637510885403851, time_ll is 2.118316970785146[0m
[38;20m2026-09-28 09:00:03,442 - tpp_runner.py[pid:10564;line:136:_train_model] - INFO: [ Epoch 89 (test) ]: test loglike is 0.5739205891724729, num_events is 14478, mark_ll is -1.7097675203865348, time_ll is 2.2836880674018336[0m
[31;1m2026-09-28 09:00:03,442 - tpp_runner.py[pid:10564;line:140:_train_model] - CRITICAL: current best loglike on valid set is 0.5218 (updated at epoch-63)[0m
[38;20m2026-09-28 09:00:06,052 - tpp_runner.py[pid:10564;line:104:_train_model] - INFO: [ Epoch 90 (train) ]: train loglike is 0.683347424700146, num_events is 33274, mark_ll is -1.6314677675089784, time_ll is 2.3148152050493627[0m
[38;20m2026-09-28 09:00:06,157 - tpp_runner.py[pid:10564;line:116:_train_model] - INFO: [ Epoch 90 (valid) ]:  valid loglike is 0.49409114073372057, num_events is 9144, mark_ll is -1.6375175068906183, time_ll is 2.1316087377352977[0m
[38;20m2026-09-28 09:00:06,323 - tpp_runner.py[pid:10564;line:136:_train_model] - INFO: [ Epoch 90 (test) ]: test loglike is 0.7041111237470213, num_events is 14478, mark_ll is -1.7092785983474927, time_ll is 2.413389772683123[0m
[31;1m2026-09-28 09:00:06,323 - tpp_runner.py[pid:10564;line:140:_train_model] - CRITICAL: current best loglike on valid set is 0.5218 (updated at epoch-63)[0m
[38;20m2026-09-28 09:00:08,941 - tpp_runner.py[pid:10564;line:104:_train_model] - INFO: [ Epoch 91 (train) ]: train loglike is 0.6855017213843767, num_events is 33274, mark_ll is -1.6321228141071575, time_ll is 2.3176246565566396[0m
[38;20m2026-09-28 09:00:09,048 - tpp_runner.py[pid:10564;line:116:_train_model] - INFO: [ Epoch 91 (valid) ]:  valid loglike is 0.5230089389537368, num_events is 9144, mark_ll is -1.6379148494957418, time_ll is 2.160923755075049[0m
[38;20m2026-09-28 09:00:09,219 - tpp_runner.py[pid:10564;line:136:_train_model] - INFO: [ Epoch 91 (test) ]: test loglike is 0.7200539382489812, num_events is 14478, mark_ll is -1.7090129069752382, time_ll is 2.4290669126756974[0m
[31;1m2026-09-28 09:00:09,219 - tpp_runner.py[pid:10564;line:140:_train_model] - CRITICAL: current best loglike on valid set is 0.5230 (updated at epoch-91), best updated at this epoch[0m
[38;20m2026-09-28 09:00:11,818 - tpp_runner.py[pid:10564;line:104:_train_model] - INFO: [ Epoch 92 (train) ]: train loglike is 0.6756033952716108, num_events is 33274, mark_ll is -1.6320874154041067, time_ll is 2.3076908867999886[0m
[38;20m2026-09-28 09:00:11,928 - tpp_runner.py[pid:10564;line:116:_train_model] - INFO: [ Epoch 92 (valid) ]:  valid loglike is 0.48796463763619974, num_events is 9144, mark_ll is -1.6373590851497566, time_ll is 2.1253237319639244[0m
[38;20m2026-09-28 09:00:12,094 - tpp_runner.py[pid:10564;line:136:_train_model] - INFO: [ Epoch 92 (test) ]: test loglike is 0.6993138059955191, num_events is 14478, mark_ll is -1.7089752353247167, time_ll is 2.4082890244573663[0m
[31;1m2026-09-28 09:00:12,094 - tpp_runner.py[pid:10564;line:140:_train_model] - CRITICAL: current best loglike on valid set is 0.5230 (updated at epoch-91)[0m
[38;20m2026-09-28 09:00:14,689 - tpp_runner.py[pid:10564;line:104:_train_model] - INFO: [ Epoch 93 (train) ]: train loglike is 0.6580849782975023, num_events is 33274, mark_ll is -1.632288288094214, time_ll is 2.29037331958699[0m
[38;20m2026-09-28 09:00:14,807 - tpp_runner.py[pid:10564;line:116:_train_model] - INFO: [ Epoch 93 (valid) ]:  valid loglike is 0.46255818147567523, num_events is 9144, mark_ll is -1.637276757107632, time_ll is 2.099835039540956[0m
[38;20m2026-09-28 09:00:14,974 - tpp_runner.py[pid:10564;line:136:_train_model] - INFO: [ Epoch 93 (test) ]: test loglike is 0.6871607780851766, num_events is 14478, mark_ll is -1.7091553139083868, time_ll is 2.396316083562129[0m
[31;1m2026-09-28 09:00:14,974 - tpp_runner.py[pid:10564;line:140:_train_model] - CRITICAL: current best loglike on valid set is 0.5230 (updated at epoch-91)[0m
[38;20m2026-09-28 09:00:17,600 - tpp_runner.py[pid:10564;line:104:_train_model] - INFO: [ Epoch 94 (train) ]: train loglike is 0.6727239323642568, num_events is 33274, mark_ll is -1.631743612516999, time_ll is 2.3044675063605404[0m
[38;20m2026-09-28 09:00:17,709 - tpp_runner.py[pid:10564;line:116:_train_model] - INFO: [ Epoch 94 (valid) ]:  valid loglike is 0.49100932757894095, num_events is 9144, mark_ll is -1.637444443590059, time_ll is 2.128453719438635[0m
[38;20m2026-09-28 09:00:17,876 - tpp_runner.py[pid:10564;line:136:_train_model] - INFO: [ Epoch 94 (test) ]: test loglike is 0.6995845393657618, num_events is 14478, mark_ll is -1.709182041556586, time_ll is 2.4087665471966084[0m
[31;1m2026-09-28 09:00:17,876 - tpp_runner.py[pid:10564;line:140:_train_model] - CRITICAL: current best loglike on valid set is 0.5230 (updated at epoch-91)[0m
[38;20m2026-09-28 09:00:20,535 - tpp_runner.py[pid:10564;line:104:_train_model] - INFO: [ Epoch 95 (train) ]: train loglike is 0.6714932230248749, num_events is 33274, mark_ll is -1.6318030518150433, time_ll is 2.3032962748399184[0m
[38;20m2026-09-28 09:00:20,630 - tpp_runner.py[pid:10564;line:116:_train_model] - INFO: [ Epoch 95 (valid) ]:  valid loglike is 0.4396141632961163, num_events is 9144, mark_ll is -1.6374216421799814, time_ll is 2.077035792126326[0m
[38;20m2026-09-28 09:00:20,804 - tpp_runner.py[pid:10564;line:136:_train_model] - INFO: [ Epoch 95 (test) ]: test loglike is 0.7206196537958455, num_events is 14478, mark_ll is -1.7090819435630784, time_ll is 2.4297015636331847[0m
[31;1m2026-09-28 09:00:20,804 - tpp_runner.py[pid:10564;line:140:_train_model] - CRITICAL: current best loglike on valid set is 0.5230 (updated at epoch-91)[0m
[38;20m2026-09-28 09:00:23,407 - tpp_runner.py[pid:10564;line:104:_train_model] - INFO: [ Epoch 96 (train) ]: train loglike is 0.6766866665731408, num_events is 33274, mark_ll is -1.6321024348144384, time_ll is 2.308789068369823[0m
[38;20m2026-09-28 09:00:23,516 - tpp_runner.py[pid:10564;line:116:_train_model] - INFO: [ Epoch 96 (valid) ]:  valid loglike is 0.5208664390984483, num_events is 9144, mark_ll is -1.6375749643080504, time_ll is 2.1584414718240788[0m
[38;20m2026-09-28 09:00:23,690 - tpp_runner.py[pid:10564;line:136:_train_model] - INFO: [ Epoch 96 (test) ]: test loglike is 0.7031545859045837, num_events is 14478, mark_ll is -1.7093222057280875, time_ll is 2.4124767157497584[0m
[31;1m2026-09-28 09:00:23,690 - tpp_runner.py[pid:10564;line:140:_train_model] - CRITICAL: current best loglike on valid set is 0.5230 (updated at epoch-91)[0m
[38;20m2026-09-28 09:00:26,281 - tpp_runner.py[pid:10564;line:104:_train_model] - INFO: [ Epoch 97 (train) ]: train loglike is 0.6780512775875824, num_events is 33274, mark_ll is -1.6320803936280015, time_ll is 2.3101316657126247[0m
[38;20m2026-09-28 09:00:26,381 - tpp_runner.py[pid:10564;line:116:_train_model] - INFO: [ Epoch 97 (valid) ]:  valid loglike is 0.5279602374513214, num_events is 9144, mark_ll is -1.6377481909457363, time_ll is 2.1657084467529937[0m
[38;20m2026-09-28 09:00:26,559 - tpp_runner.py[pid:10564;line:136:_train_model] - INFO: [ Epoch 97 (test) ]: test loglike is 0.7171308609938355, num_events is 14478, mark_ll is -1.70922210773458, time_ll is 2.4263529012769376[0m
[31;1m2026-09-28 09:00:26,560 - tpp_runner.py[pid:10564;line:140:_train_model] - CRITICAL: current best loglike on valid set is 0.5280 (updated at epoch-97), best updated at this epoch[0m
[38;20m2026-09-28 09:00:29,145 - tpp_runner.py[pid:10564;line:104:_train_model] - INFO: [ Epoch 98 (train) ]: train loglike is 0.6640428324233542, num_events is 33274, mark_ll is -1.6316589329788274, time_ll is 2.2957017654021814[0m
[38;20m2026-09-28 09:00:29,255 - tpp_runner.py[pid:10564;line:116:_train_model] - INFO: [ Epoch 98 (valid) ]:  valid loglike is 0.5096145589833497, num_events is 9144, mark_ll is -1.6375740431738024, time_ll is 2.1471886288566955[0m
[38;20m2026-09-28 09:00:29,412 - tpp_runner.py[pid:10564;line:136:_train_model] - INFO: [ Epoch 98 (test) ]: test loglike is 0.7050015928666554, num_events is 14478, mark_ll is -1.7091880447381371, time_ll is 2.4141896460362275[0m
[31;1m2026-09-28 09:00:29,412 - tpp_runner.py[pid:10564;line:140:_train_model] - CRITICAL: current best loglike on valid set is 0.5280 (updated at epoch-97)[0m
[38;20m2026-09-28 09:00:32,033 - tpp_runner.py[pid:10564;line:104:_train_model] - INFO: [ Epoch 99 (train) ]: train loglike is 0.6729277894926406, num_events is 33274, mark_ll is -1.6320223337384294, time_ll is 2.304950115893791[0m
[38;20m2026-09-28 09:00:32,130 - tpp_runner.py[pid:10564;line:116:_train_model] - INFO: [ Epoch 99 (valid) ]:  valid loglike is 0.49402696671239765, num_events is 9144, mark_ll is -1.6374981230220977, time_ll is 2.1315252616128064[0m
[38;20m2026-09-28 09:00:32,315 - tpp_runner.py[pid:10564;line:136:_train_model] - INFO: [ Epoch 99 (test) ]: test loglike is 0.7016053856497789, num_events is 14478, mark_ll is -1.709087086738284, time_ll is 2.4106924217994545[0m
[31;1m2026-09-28 09:00:32,315 - tpp_runner.py[pid:10564;line:140:_train_model] - CRITICAL: current best loglike on valid set is 0.5280 (updated at epoch-97)[0m
[38;20m2026-09-28 09:00:32,315 - base_runner.py[pid:10564;line:118:train] - INFO: End S2P2 train! Cost time: 4.803m[0m
RESULT {"model": "S2P2", "dataset": "lob_amzn", "seed": 2019, "ll_per_event": 0.7171308609938355, "mark_ll": -1.70922210773458, "time_ll": 2.4263529012769376, "val_ll": 0.5279602374513214, "best_epoch": 97, "n_params": 34060, "seconds": 288.86250400543213, "max_epoch": 100, "batch_size": 32}
