
=== Mon Sep 28 14:31:18 2026 attempt 1: D:\Quant\.venv\Scripts\python.exe -u -m infodiff.baselines.easytpp_runner IntensityFree lob_intc 6 2019 100 64
[31;1m2026-09-28 14:31:20,957 - config.py[pid:26744;line:33:build_from_yaml_file] - CRITICAL: Load pipeline config class RunnerConfig[0m
[31;1m2026-09-28 14:31:20,959 - runner_config.py[pid:26744;line:205:update_config] - CRITICAL: train model IntensityFree using GPU with torch backend[0m
[38;20m2026-09-28 14:31:20,959 - runner_config.py[pid:26744;line:45:__init__] - INFO: Save the config to D:\Quant\results\easytpp\checkpoints/lob_intc/IntensityFree/train_2026_09_28_14_31_20\IntensityFree_train_output.yaml[0m
[38;20m2026-09-28 14:31:20,959 - base_runner.py[pid:26744;line:193:save_log] - INFO: Save the log to D:\Quant\results\easytpp\checkpoints/lob_intc/IntensityFree/train_2026_09_28_14_31_20\log[0m
0.05594760211174467 0.25143732741296776
min_dt: 7.275957614183426e-12
max_dt: 9.741414969998004
[38;20m2026-09-28 14:31:27,623 - tpp_runner.py[pid:26744;line:62:_init_model] - INFO: Num of model parameters 7184[0m
[38;20m2026-09-28 14:31:28,364 - base_runner.py[pid:26744;line:103:train] - INFO: Data 'lob_intc' loaded...[0m
[38;20m2026-09-28 14:31:28,364 - base_runner.py[pid:26744;line:108:train] - INFO: Start IntensityFree training...[0m
[38;20m2026-09-28 14:31:29,649 - tpp_runner.py[pid:26744;line:104:_train_model] - INFO: [ Epoch 0 (train) ]: train loglike is -190.8764731717155, num_events is 248539, mark_ll is -1.8813337212985186, time_ll is -188.99513708110197[0m
[38;20m2026-09-28 14:31:29,726 - tpp_runner.py[pid:26744;line:116:_train_model] - INFO: [ Epoch 0 (valid) ]:  valid loglike is -29.245437474098633, num_events is 48260, mark_ll is -1.7738520028232492, time_ll is -27.471585552217157[0m
[38;20m2026-09-28 14:31:30,144 - tpp_runner.py[pid:26744;line:136:_train_model] - INFO: [ Epoch 0 (test) ]: test loglike is -31.025650351944645, num_events is 104775, mark_ll is -1.7968676740336436, time_ll is -29.228783255786208[0m
[31;1m2026-09-28 14:31:30,144 - tpp_runner.py[pid:26744;line:140:_train_model] - CRITICAL: current best loglike on valid set is -29.2454 (updated at epoch-0), best updated at this epoch[0m
[38;20m2026-09-28 14:31:30,906 - tpp_runner.py[pid:26744;line:104:_train_model] - INFO: [ Epoch 1 (train) ]: train loglike is -4.2446444472670155, num_events is 248539, mark_ll is -1.6366668018839599, time_ll is -2.6079777220026963[0m
[38;20m2026-09-28 14:31:31,023 - tpp_runner.py[pid:26744;line:116:_train_model] - INFO: [ Epoch 1 (valid) ]:  valid loglike is 2.2949244651367593, num_events is 48260, mark_ll is -1.586086614982646, time_ll is 3.8810111812966226[0m
[38;20m2026-09-28 14:31:31,238 - tpp_runner.py[pid:26744;line:136:_train_model] - INFO: [ Epoch 1 (test) ]: test loglike is 2.646608860504653, num_events is 104775, mark_ll is -1.6373065702547125, time_ll is 4.283915477362204[0m
[31;1m2026-09-28 14:31:31,238 - tpp_runner.py[pid:26744;line:140:_train_model] - CRITICAL: current best loglike on valid set is 2.2949 (updated at epoch-1), best updated at this epoch[0m
[38;20m2026-09-28 14:31:31,992 - tpp_runner.py[pid:26744;line:104:_train_model] - INFO: [ Epoch 2 (train) ]: train loglike is 3.095112132175433, num_events is 248539, mark_ll is -1.558303245651965, time_ll is 4.65341537193358[0m
[38;20m2026-09-28 14:31:32,056 - tpp_runner.py[pid:26744;line:116:_train_model] - INFO: [ Epoch 2 (valid) ]:  valid loglike is 2.5702881365261088, num_events is 48260, mark_ll is -1.5878007391602778, time_ll is 4.158088997099047[0m
[38;20m2026-09-28 14:31:32,285 - tpp_runner.py[pid:26744;line:136:_train_model] - INFO: [ Epoch 2 (test) ]: test loglike is 2.953504123419232, num_events is 104775, mark_ll is -1.6355987812425437, time_ll is 4.5891028394178[0m
[31;1m2026-09-28 14:31:32,285 - tpp_runner.py[pid:26744;line:140:_train_model] - CRITICAL: current best loglike on valid set is 2.5703 (updated at epoch-2), best updated at this epoch[0m
[38;20m2026-09-28 14:31:33,200 - tpp_runner.py[pid:26744;line:104:_train_model] - INFO: [ Epoch 3 (train) ]: train loglike is 3.4061240098070624, num_events is 248539, mark_ll is -1.5637433776269771, time_ll is 4.969867365823371[0m
[38;20m2026-09-28 14:31:33,289 - tpp_runner.py[pid:26744;line:116:_train_model] - INFO: [ Epoch 3 (valid) ]:  valid loglike is 2.85773341988707, num_events is 48260, mark_ll is -1.6046669205540303, time_ll is 4.462400482089205[0m
[38;20m2026-09-28 14:31:33,499 - tpp_runner.py[pid:26744;line:136:_train_model] - INFO: [ Epoch 3 (test) ]: test loglike is 3.261931538564782, num_events is 104775, mark_ll is -1.6579719283136483, time_ll is 4.919903327069911[0m
[31;1m2026-09-28 14:31:33,499 - tpp_runner.py[pid:26744;line:140:_train_model] - CRITICAL: current best loglike on valid set is 2.8577 (updated at epoch-3), best updated at this epoch[0m
[38;20m2026-09-28 14:31:34,426 - tpp_runner.py[pid:26744;line:104:_train_model] - INFO: [ Epoch 4 (train) ]: train loglike is 3.746296410912875, num_events is 248539, mark_ll is -1.5957473993643854, time_ll is 5.342043857427808[0m
[38;20m2026-09-28 14:31:34,512 - tpp_runner.py[pid:26744;line:116:_train_model] - INFO: [ Epoch 4 (valid) ]:  valid loglike is 3.1698586594747202, num_events is 48260, mark_ll is -1.6213676974331745, time_ll is 4.791226235495234[0m
[38;20m2026-09-28 14:31:34,766 - tpp_runner.py[pid:26744;line:136:_train_model] - INFO: [ Epoch 4 (test) ]: test loglike is 3.6115260565795753, num_events is 104775, mark_ll is -1.673019006502028, time_ll is 5.284545044440468[0m
[31;1m2026-09-28 14:31:34,766 - tpp_runner.py[pid:26744;line:140:_train_model] - CRITICAL: current best loglike on valid set is 3.1699 (updated at epoch-4), best updated at this epoch[0m
[38;20m2026-09-28 14:31:35,836 - tpp_runner.py[pid:26744;line:104:_train_model] - INFO: [ Epoch 5 (train) ]: train loglike is 4.087487322789381, num_events is 248539, mark_ll is -1.520668030061429, time_ll is 5.608155262478927[0m
[38;20m2026-09-28 14:31:35,986 - tpp_runner.py[pid:26744;line:116:_train_model] - INFO: [ Epoch 5 (valid) ]:  valid loglike is 3.4368610861090967, num_events is 48260, mark_ll is -1.454310716043307, time_ll is 4.891171923565064[0m
[38;20m2026-09-28 14:31:36,328 - tpp_runner.py[pid:26744;line:136:_train_model] - INFO: [ Epoch 5 (test) ]: test loglike is 3.905462132396803, num_events is 104775, mark_ll is -1.4994459947655692, time_ll is 5.404908099200668[0m
[31;1m2026-09-28 14:31:36,328 - tpp_runner.py[pid:26744;line:140:_train_model] - CRITICAL: current best loglike on valid set is 3.4369 (updated at epoch-5), best updated at this epoch[0m
[38;20m2026-09-28 14:31:37,378 - tpp_runner.py[pid:26744;line:104:_train_model] - INFO: [ Epoch 6 (train) ]: train loglike is 4.357299715789071, num_events is 248539, mark_ll is -1.3551652183485288, time_ll is 5.712464894845477[0m
[38;20m2026-09-28 14:31:37,517 - tpp_runner.py[pid:26744;line:116:_train_model] - INFO: [ Epoch 6 (valid) ]:  valid loglike is 3.607532724759117, num_events is 48260, mark_ll is -1.3320335973114381, time_ll is 4.939566281599668[0m
[38;20m2026-09-28 14:31:37,939 - tpp_runner.py[pid:26744;line:136:_train_model] - INFO: [ Epoch 6 (test) ]: test loglike is 4.092594230941303, num_events is 104775, mark_ll is -1.3566602913982344, time_ll is 5.4492543918515866[0m
[31;1m2026-09-28 14:31:37,939 - tpp_runner.py[pid:26744;line:140:_train_model] - CRITICAL: current best loglike on valid set is 3.6075 (updated at epoch-6), best updated at this epoch[0m
[38;20m2026-09-28 14:31:39,205 - tpp_runner.py[pid:26744;line:104:_train_model] - INFO: [ Epoch 7 (train) ]: train loglike is 4.562971371884795, num_events is 248539, mark_ll is -1.2397539305639658, time_ll is 5.8027253142363975[0m
[38;20m2026-09-28 14:31:39,300 - tpp_runner.py[pid:26744;line:116:_train_model] - INFO: [ Epoch 7 (valid) ]:  valid loglike is 3.7451224082444052, num_events is 48260, mark_ll is -1.2609736202665252, time_ll is 5.0060959678046[0m
[38;20m2026-09-28 14:31:39,555 - tpp_runner.py[pid:26744;line:136:_train_model] - INFO: [ Epoch 7 (test) ]: test loglike is 4.299184804491768, num_events is 104775, mark_ll is -1.2650282879235266, time_ll is 5.564213045812456[0m
[31;1m2026-09-28 14:31:39,555 - tpp_runner.py[pid:26744;line:140:_train_model] - CRITICAL: current best loglike on valid set is 3.7451 (updated at epoch-7), best updated at this epoch[0m
[38;20m2026-09-28 14:31:41,054 - tpp_runner.py[pid:26744;line:104:_train_model] - INFO: [ Epoch 8 (train) ]: train loglike is 4.864461239609277, num_events is 248539, mark_ll is -1.1971067924859127, time_ll is 6.061568085139555[0m
[38;20m2026-09-28 14:31:41,215 - tpp_runner.py[pid:26744;line:116:_train_model] - INFO: [ Epoch 8 (valid) ]:  valid loglike is 4.260099793112826, num_events is 48260, mark_ll is -1.2455108275810713, time_ll is 5.5056106409293415[0m
[38;20m2026-09-28 14:31:41,427 - tpp_runner.py[pid:26744;line:136:_train_model] - INFO: [ Epoch 8 (test) ]: test loglike is 4.8132540525829155, num_events is 104775, mark_ll is -1.2453170111548557, time_ll is 6.0585710450966355[0m
[31;1m2026-09-28 14:31:41,427 - tpp_runner.py[pid:26744;line:140:_train_model] - CRITICAL: current best loglike on valid set is 4.2601 (updated at epoch-8), best updated at this epoch[0m
[38;20m2026-09-28 14:31:42,412 - tpp_runner.py[pid:26744;line:104:_train_model] - INFO: [ Epoch 9 (train) ]: train loglike is 5.497662181538914, num_events is 248539, mark_ll is -1.1920661179872676, time_ll is 6.689728397756489[0m
[38;20m2026-09-28 14:31:42,544 - tpp_runner.py[pid:26744;line:116:_train_model] - INFO: [ Epoch 9 (valid) ]:  valid loglike is 4.565102723205035, num_events is 48260, mark_ll is -1.2322383597635205, time_ll is 5.797341062733112[0m
[38;20m2026-09-28 14:31:42,934 - tpp_runner.py[pid:26744;line:136:_train_model] - INFO: [ Epoch 9 (test) ]: test loglike is 5.154549164131472, num_events is 104775, mark_ll is -1.2392323487085422, time_ll is 6.393781540801718[0m
[31;1m2026-09-28 14:31:42,935 - tpp_runner.py[pid:26744;line:140:_train_model] - CRITICAL: current best loglike on valid set is 4.5651 (updated at epoch-9), best updated at this epoch[0m
[38;20m2026-09-28 14:31:44,113 - tpp_runner.py[pid:26744;line:104:_train_model] - INFO: [ Epoch 10 (train) ]: train loglike is 5.6418017362214785, num_events is 248539, mark_ll is -1.1853435205811513, time_ll is 6.827145305917783[0m
[38;20m2026-09-28 14:31:44,276 - tpp_runner.py[pid:26744;line:116:_train_model] - INFO: [ Epoch 10 (valid) ]:  valid loglike is 4.6145101080087025, num_events is 48260, mark_ll is -1.232022852290976, time_ll is 5.846532859122462[0m
[38;20m2026-09-28 14:31:44,498 - tpp_runner.py[pid:26744;line:136:_train_model] - INFO: [ Epoch 10 (test) ]: test loglike is 5.192100017149845, num_events is 104775, mark_ll is -1.233563653886304, time_ll is 6.42566362443331[0m
[31;1m2026-09-28 14:31:44,498 - tpp_runner.py[pid:26744;line:140:_train_model] - CRITICAL: current best loglike on valid set is 4.6145 (updated at epoch-10), best updated at this epoch[0m
[38;20m2026-09-28 14:31:45,538 - tpp_runner.py[pid:26744;line:104:_train_model] - INFO: [ Epoch 11 (train) ]: train loglike is 5.692125657341504, num_events is 248539, mark_ll is -1.1775007302834013, time_ll is 6.869626362085025[0m
[38;20m2026-09-28 14:31:45,633 - tpp_runner.py[pid:26744;line:116:_train_model] - INFO: [ Epoch 11 (valid) ]:  valid loglike is 4.653665974344696, num_events is 48260, mark_ll is -1.23491488163075, time_ll is 5.888580734562785[0m
[38;20m2026-09-28 14:31:45,885 - tpp_runner.py[pid:26744;line:136:_train_model] - INFO: [ Epoch 11 (test) ]: test loglike is 5.230887933219996, num_events is 104775, mark_ll is -1.2360774949296112, time_ll is 6.466965521355285[0m
[31;1m2026-09-28 14:31:45,885 - tpp_runner.py[pid:26744;line:140:_train_model] - CRITICAL: current best loglike on valid set is 4.6537 (updated at epoch-11), best updated at this epoch[0m
[38;20m2026-09-28 14:31:46,873 - tpp_runner.py[pid:26744;line:104:_train_model] - INFO: [ Epoch 12 (train) ]: train loglike is 5.729350307572453, num_events is 248539, mark_ll is -1.1740546362316377, time_ll is 6.903404904511968[0m
[38;20m2026-09-28 14:31:46,997 - tpp_runner.py[pid:26744;line:116:_train_model] - INFO: [ Epoch 12 (valid) ]:  valid loglike is 4.695273809832159, num_events is 48260, mark_ll is -1.2283227205177683, time_ll is 5.923596874352466[0m
[38;20m2026-09-28 14:31:47,231 - tpp_runner.py[pid:26744;line:136:_train_model] - INFO: [ Epoch 12 (test) ]: test loglike is 5.273540976944643, num_events is 104775, mark_ll is -1.232925688976378, time_ll is 6.506466609997614[0m
[31;1m2026-09-28 14:31:47,231 - tpp_runner.py[pid:26744;line:140:_train_model] - CRITICAL: current best loglike on valid set is 4.6953 (updated at epoch-12), best updated at this epoch[0m
[38;20m2026-09-28 14:31:48,270 - tpp_runner.py[pid:26744;line:104:_train_model] - INFO: [ Epoch 13 (train) ]: train loglike is 5.7611953239104325, num_events is 248539, mark_ll is -1.181546991870491, time_ll is 6.942742323639348[0m
[38;20m2026-09-28 14:31:48,404 - tpp_runner.py[pid:26744;line:116:_train_model] - INFO: [ Epoch 13 (valid) ]:  valid loglike is 4.7362088168255285, num_events is 48260, mark_ll is -1.238401043825114, time_ll is 5.974609941592416[0m
[38;20m2026-09-28 14:31:48,690 - tpp_runner.py[pid:26744;line:136:_train_model] - INFO: [ Epoch 13 (test) ]: test loglike is 5.324635118408494, num_events is 104775, mark_ll is -1.2427185673168695, time_ll is 6.5673538162133145[0m
[31;1m2026-09-28 14:31:48,690 - tpp_runner.py[pid:26744;line:140:_train_model] - CRITICAL: current best loglike on valid set is 4.7362 (updated at epoch-13), best updated at this epoch[0m
[38;20m2026-09-28 14:31:49,778 - tpp_runner.py[pid:26744;line:104:_train_model] - INFO: [ Epoch 14 (train) ]: train loglike is 5.8144742955959625, num_events is 248539, mark_ll is -1.18058951551932, time_ll is 6.99506374628328[0m
[38;20m2026-09-28 14:31:49,864 - tpp_runner.py[pid:26744;line:116:_train_model] - INFO: [ Epoch 14 (valid) ]:  valid loglike is 4.790735364108475, num_events is 48260, mark_ll is -1.2394172677942394, time_ll is 6.03015242954828[0m
[38;20m2026-09-28 14:31:50,127 - tpp_runner.py[pid:26744;line:136:_train_model] - INFO: [ Epoch 14 (test) ]: test loglike is 5.387451197506562, num_events is 104775, mark_ll is -1.2467994288356001, time_ll is 6.634250663624433[0m
[31;1m2026-09-28 14:31:50,128 - tpp_runner.py[pid:26744;line:140:_train_model] - CRITICAL: current best loglike on valid set is 4.7907 (updated at epoch-14), best updated at this epoch[0m
[38;20m2026-09-28 14:31:51,136 - tpp_runner.py[pid:26744;line:104:_train_model] - INFO: [ Epoch 15 (train) ]: train loglike is 5.891950488341367, num_events is 248539, mark_ll is -1.1713994985130602, time_ll is 7.063349998642064[0m
[38;20m2026-09-28 14:31:51,289 - tpp_runner.py[pid:26744;line:116:_train_model] - INFO: [ Epoch 15 (valid) ]:  valid loglike is 4.880000178071902, num_events is 48260, mark_ll is -1.2238664711653024, time_ll is 6.103866750414422[0m
[38;20m2026-09-28 14:31:51,638 - tpp_runner.py[pid:26744;line:136:_train_model] - INFO: [ Epoch 15 (test) ]: test loglike is 5.488653737174898, num_events is 104775, mark_ll is -1.2376780787699833, time_ll is 6.726331760021474[0m
[31;1m2026-09-28 14:31:51,638 - tpp_runner.py[pid:26744;line:140:_train_model] - CRITICAL: current best loglike on valid set is 4.8800 (updated at epoch-15), best updated at this epoch[0m
[38;20m2026-09-28 14:31:52,775 - tpp_runner.py[pid:26744;line:104:_train_model] - INFO: [ Epoch 16 (train) ]: train loglike is 5.9643996782823825, num_events is 248539, mark_ll is -1.1606236867786595, time_ll is 7.125023339521162[0m
[38;20m2026-09-28 14:31:52,898 - tpp_runner.py[pid:26744;line:116:_train_model] - INFO: [ Epoch 16 (valid) ]:  valid loglike is 4.921793491633858, num_events is 48260, mark_ll is -1.2214760379973062, time_ll is 6.143269448689391[0m
[38;20m2026-09-28 14:31:53,172 - tpp_runner.py[pid:26744;line:136:_train_model] - INFO: [ Epoch 16 (test) ]: test loglike is 5.534903737174899, num_events is 104775, mark_ll is -1.2364901164698163, time_ll is 6.77139387228585[0m
[31;1m2026-09-28 14:31:53,173 - tpp_runner.py[pid:26744;line:140:_train_model] - CRITICAL: current best loglike on valid set is 4.9218 (updated at epoch-16), best updated at this epoch[0m
[38;20m2026-09-28 14:31:54,430 - tpp_runner.py[pid:26744;line:104:_train_model] - INFO: [ Epoch 17 (train) ]: train loglike is 6.0498438028086134, num_events is 248539, mark_ll is -1.1545968389266876, time_ll is 7.204440720319547[0m
[38;20m2026-09-28 14:31:54,524 - tpp_runner.py[pid:26744;line:116:_train_model] - INFO: [ Epoch 17 (valid) ]:  valid loglike is 5.016514388209697, num_events is 48260, mark_ll is -1.2187659252939804, time_ll is 6.235280252797348[0m
[38;20m2026-09-28 14:31:54,733 - tpp_runner.py[pid:26744;line:136:_train_model] - INFO: [ Epoch 17 (test) ]: test loglike is 5.615447312693868, num_events is 104775, mark_ll is -1.2348635375656167, time_ll is 6.850310859580053[0m
[31;1m2026-09-28 14:31:54,733 - tpp_runner.py[pid:26744;line:140:_train_model] - CRITICAL: current best loglike on valid set is 5.0165 (updated at epoch-17), best updated at this epoch[0m
[38;20m2026-09-28 14:31:55,852 - tpp_runner.py[pid:26744;line:104:_train_model] - INFO: [ Epoch 18 (train) ]: train loglike is 6.137007012732409, num_events is 248539, mark_ll is -1.1456070231463926, time_ll is 7.282614096781591[0m
[38;20m2026-09-28 14:31:56,081 - tpp_runner.py[pid:26744;line:116:_train_model] - INFO: [ Epoch 18 (valid) ]:  valid loglike is 5.105188408166701, num_events is 48260, mark_ll is -1.2116818000802942, time_ll is 6.316869965421675[0m
[38;20m2026-09-28 14:31:56,554 - tpp_runner.py[pid:26744;line:136:_train_model] - INFO: [ Epoch 18 (test) ]: test loglike is 5.697733461584347, num_events is 104775, mark_ll is -1.2287362708035074, time_ll is 6.926469704426151[0m
[31;1m2026-09-28 14:31:56,554 - tpp_runner.py[pid:26744;line:140:_train_model] - CRITICAL: current best loglike on valid set is 5.1052 (updated at epoch-18), best updated at this epoch[0m
[38;20m2026-09-28 14:31:57,611 - tpp_runner.py[pid:26744;line:104:_train_model] - INFO: [ Epoch 19 (train) ]: train loglike is 6.14334876141169, num_events is 248539, mark_ll is -1.1428435197167246, time_ll is 7.286192336137387[0m
[38;20m2026-09-28 14:31:57,721 - tpp_runner.py[pid:26744;line:116:_train_model] - INFO: [ Epoch 19 (valid) ]:  valid loglike is 5.1463509829569, num_events is 48260, mark_ll is -1.2099201023751553, time_ll is 6.356271125802943[0m
[38;20m2026-09-28 14:31:57,927 - tpp_runner.py[pid:26744;line:136:_train_model] - INFO: [ Epoch 19 (test) ]: test loglike is 5.7445715894178, num_events is 104775, mark_ll is -1.227193110981866, time_ll is 6.971764719040801[0m
[31;1m2026-09-28 14:31:57,927 - tpp_runner.py[pid:26744;line:140:_train_model] - CRITICAL: current best loglike on valid set is 5.1464 (updated at epoch-19), best updated at this epoch[0m
[38;20m2026-09-28 14:31:58,987 - tpp_runner.py[pid:26744;line:104:_train_model] - INFO: [ Epoch 20 (train) ]: train loglike is 6.188916056685269, num_events is 248539, mark_ll is -1.154446959122864, time_ll is 7.343362988303647[0m
[38;20m2026-09-28 14:31:59,124 - tpp_runner.py[pid:26744;line:116:_train_model] - INFO: [ Epoch 20 (valid) ]:  valid loglike is 5.023148052217157, num_events is 48260, mark_ll is -1.2286487337468919, time_ll is 6.2517965836096145[0m
[38;20m2026-09-28 14:31:59,352 - tpp_runner.py[pid:26744;line:136:_train_model] - INFO: [ Epoch 20 (test) ]: test loglike is 5.590634544261513, num_events is 104775, mark_ll is -1.2473327517298973, time_ll is 6.8379673332736814[0m
[31;1m2026-09-28 14:31:59,352 - tpp_runner.py[pid:26744;line:140:_train_model] - CRITICAL: current best loglike on valid set is 5.1464 (updated at epoch-19)[0m
[38;20m2026-09-28 14:32:00,391 - tpp_runner.py[pid:26744;line:104:_train_model] - INFO: [ Epoch 21 (train) ]: train loglike is 6.2368064358737465, num_events is 248539, mark_ll is -1.152296367628672, time_ll is 7.389102744564234[0m
[38;20m2026-09-28 14:32:00,537 - tpp_runner.py[pid:26744;line:116:_train_model] - INFO: [ Epoch 21 (valid) ]:  valid loglike is 5.146410637044136, num_events is 48260, mark_ll is -1.2163247821047452, time_ll is 6.362735459619768[0m
[38;20m2026-09-28 14:32:00,946 - tpp_runner.py[pid:26744;line:136:_train_model] - INFO: [ Epoch 21 (test) ]: test loglike is 5.761761922870437, num_events is 104775, mark_ll is -1.235318819345025, time_ll is 6.997080798138869[0m
[31;1m2026-09-28 14:32:00,946 - tpp_runner.py[pid:26744;line:140:_train_model] - CRITICAL: current best loglike on valid set is 5.1464 (updated at epoch-21), best updated at this epoch[0m
[38;20m2026-09-28 14:32:02,168 - tpp_runner.py[pid:26744;line:104:_train_model] - INFO: [ Epoch 22 (train) ]: train loglike is 6.298424901373627, num_events is 248539, mark_ll is -1.1490854447924923, time_ll is 7.447510281334116[0m
[38;20m2026-09-28 14:32:02,285 - tpp_runner.py[pid:26744;line:116:_train_model] - INFO: [ Epoch 22 (valid) ]:  valid loglike is 5.256946908671778, num_events is 48260, mark_ll is -1.2157339273919914, time_ll is 6.472680937240987[0m
[38;20m2026-09-28 14:32:02,480 - tpp_runner.py[pid:26744;line:136:_train_model] - INFO: [ Epoch 22 (test) ]: test loglike is 5.878724014256741, num_events is 104775, mark_ll is -1.2328092657629444, time_ll is 7.111533270699117[0m
[31;1m2026-09-28 14:32:02,481 - tpp_runner.py[pid:26744;line:140:_train_model] - CRITICAL: current best loglike on valid set is 5.2569 (updated at epoch-22), best updated at this epoch[0m
[38;20m2026-09-28 14:32:03,523 - tpp_runner.py[pid:26744;line:104:_train_model] - INFO: [ Epoch 23 (train) ]: train loglike is 6.264153761456955, num_events is 248539, mark_ll is -1.1486795021511966, time_ll is 7.412833442387312[0m
[38;20m2026-09-28 14:32:03,663 - tpp_runner.py[pid:26744;line:116:_train_model] - INFO: [ Epoch 23 (valid) ]:  valid loglike is 5.189056348425197, num_events is 48260, mark_ll is -1.214884504183071, time_ll is 6.403940893079154[0m
[38;20m2026-09-28 14:32:04,005 - tpp_runner.py[pid:26744;line:136:_train_model] - INFO: [ Epoch 23 (test) ]: test loglike is 5.811825228167502, num_events is 104775, mark_ll is -1.2308586386751372, time_ll is 7.042683988010022[0m
[31;1m2026-09-28 14:32:04,005 - tpp_runner.py[pid:26744;line:140:_train_model] - CRITICAL: current best loglike on valid set is 5.2569 (updated at epoch-22)[0m
[38;20m2026-09-28 14:32:05,598 - tpp_runner.py[pid:26744;line:104:_train_model] - INFO: [ Epoch 24 (train) ]: train loglike is 6.268737549112011, num_events is 248539, mark_ll is -1.1499197874880804, time_ll is 7.418657320883241[0m
[38;20m2026-09-28 14:32:05,747 - tpp_runner.py[pid:26744;line:116:_train_model] - INFO: [ Epoch 24 (valid) ]:  valid loglike is 5.219200117203688, num_events is 48260, mark_ll is -1.2171056678667633, time_ll is 6.436305866012225[0m
[38;20m2026-09-28 14:32:05,973 - tpp_runner.py[pid:26744;line:136:_train_model] - INFO: [ Epoch 24 (test) ]: test loglike is 5.825282040384156, num_events is 104775, mark_ll is -1.233296367961107, time_ll is 7.0585784269864[0m
[31;1m2026-09-28 14:32:05,973 - tpp_runner.py[pid:26744;line:140:_train_model] - CRITICAL: current best loglike on valid set is 5.2569 (updated at epoch-22)[0m
[38;20m2026-09-28 14:32:07,004 - tpp_runner.py[pid:26744;line:104:_train_model] - INFO: [ Epoch 25 (train) ]: train loglike is 6.282735195105195, num_events is 248539, mark_ll is -1.149197022634652, time_ll is 7.431932180412329[0m
[38;20m2026-09-28 14:32:07,123 - tpp_runner.py[pid:26744;line:116:_train_model] - INFO: [ Epoch 25 (valid) ]:  valid loglike is 5.233358128496684, num_events is 48260, mark_ll is -1.2132705049795378, time_ll is 6.446628532299005[0m
[38;20m2026-09-28 14:32:07,426 - tpp_runner.py[pid:26744;line:136:_train_model] - INFO: [ Epoch 25 (test) ]: test loglike is 5.845184025292293, num_events is 104775, mark_ll is -1.2301092370555953, time_ll is 7.075293187783346[0m
[31;1m2026-09-28 14:32:07,427 - tpp_runner.py[pid:26744;line:140:_train_model] - CRITICAL: current best loglike on valid set is 5.2569 (updated at epoch-22)[0m
[38;20m2026-09-28 14:32:08,388 - tpp_runner.py[pid:26744;line:104:_train_model] - INFO: [ Epoch 26 (train) ]: train loglike is 6.334184222596856, num_events is 248539, mark_ll is -1.1467171769005569, time_ll is 7.480901356276077[0m
[38;20m2026-09-28 14:32:08,482 - tpp_runner.py[pid:26744;line:116:_train_model] - INFO: [ Epoch 26 (valid) ]:  valid loglike is 5.278512953921467, num_events is 48260, mark_ll is -1.2138496028996582, time_ll is 6.492362415173021[0m
[38;20m2026-09-28 14:32:08,771 - tpp_runner.py[pid:26744;line:136:_train_model] - INFO: [ Epoch 26 (test) ]: test loglike is 5.889568644118349, num_events is 104775, mark_ll is -1.2291314069583632, time_ll is 7.118699967191601[0m
[31;1m2026-09-28 14:32:08,772 - tpp_runner.py[pid:26744;line:140:_train_model] - CRITICAL: current best loglike on valid set is 5.2785 (updated at epoch-26), best updated at this epoch[0m
[38;20m2026-09-28 14:32:09,853 - tpp_runner.py[pid:26744;line:104:_train_model] - INFO: [ Epoch 27 (train) ]: train loglike is 6.3662268233053965, num_events is 248539, mark_ll is -1.1485551131122782, time_ll is 7.514781885337915[0m
[38;20m2026-09-28 14:32:09,959 - tpp_runner.py[pid:26744;line:116:_train_model] - INFO: [ Epoch 27 (valid) ]:  valid loglike is 5.224618197653336, num_events is 48260, mark_ll is -1.2196057164318277, time_ll is 6.444223914085164[0m
[38;20m2026-09-28 14:32:10,279 - tpp_runner.py[pid:26744;line:136:_train_model] - INFO: [ Epoch 27 (test) ]: test loglike is 5.85014141165593, num_events is 104775, mark_ll is -1.2359190639167263, time_ll is 7.086060643342877[0m
[31;1m2026-09-28 14:32:10,279 - tpp_runner.py[pid:26744;line:140:_train_model] - CRITICAL: current best loglike on valid set is 5.2785 (updated at epoch-26)[0m
[38;20m2026-09-28 14:32:11,254 - tpp_runner.py[pid:26744;line:104:_train_model] - INFO: [ Epoch 28 (train) ]: train loglike is 6.26252262754789, num_events is 248539, mark_ll is -1.148946582500005, time_ll is 7.411469219870925[0m
[38;20m2026-09-28 14:32:11,347 - tpp_runner.py[pid:26744;line:116:_train_model] - INFO: [ Epoch 28 (valid) ]:  valid loglike is 5.208333279372151, num_events is 48260, mark_ll is -1.2165088639336408, time_ll is 6.424842082599461[0m
[38;20m2026-09-28 14:32:11,726 - tpp_runner.py[pid:26744;line:136:_train_model] - INFO: [ Epoch 28 (test) ]: test loglike is 5.803398428179432, num_events is 104775, mark_ll is -1.230037627132546, time_ll is 7.033436195120497[0m
[31;1m2026-09-28 14:32:11,726 - tpp_runner.py[pid:26744;line:140:_train_model] - CRITICAL: current best loglike on valid set is 5.2785 (updated at epoch-26)[0m
[38;20m2026-09-28 14:32:12,879 - tpp_runner.py[pid:26744;line:104:_train_model] - INFO: [ Epoch 29 (train) ]: train loglike is 6.348323563844608, num_events is 248539, mark_ll is -1.1466930436785072, time_ll is 7.495016564301779[0m
[38;20m2026-09-28 14:32:12,996 - tpp_runner.py[pid:26744;line:116:_train_model] - INFO: [ Epoch 29 (valid) ]:  valid loglike is 5.1590057436282635, num_events is 48260, mark_ll is -1.2167933945037297, time_ll is 6.375799138131994[0m
[38;20m2026-09-28 14:32:13,307 - tpp_runner.py[pid:26744;line:136:_train_model] - INFO: [ Epoch 29 (test) ]: test loglike is 5.740284202755905, num_events is 104775, mark_ll is -1.2339242107343116, time_ll is 6.974208460093057[0m
[31;1m2026-09-28 14:32:13,307 - tpp_runner.py[pid:26744;line:140:_train_model] - CRITICAL: current best loglike on valid set is 5.2785 (updated at epoch-26)[0m
[38;20m2026-09-28 14:32:14,349 - tpp_runner.py[pid:26744;line:104:_train_model] - INFO: [ Epoch 30 (train) ]: train loglike is 6.3272891465222765, num_events is 248539, mark_ll is -1.1457831559823106, time_ll is 7.4730723221506485[0m
[38;20m2026-09-28 14:32:14,453 - tpp_runner.py[pid:26744;line:116:_train_model] - INFO: [ Epoch 30 (valid) ]:  valid loglike is 5.262930529294446, num_events is 48260, mark_ll is -1.2115031413502384, time_ll is 6.474433488525694[0m
[38;20m2026-09-28 14:32:14,753 - tpp_runner.py[pid:26744;line:136:_train_model] - INFO: [ Epoch 30 (test) ]: test loglike is 5.884182138809353, num_events is 104775, mark_ll is -1.227259147205321, time_ll is 7.11144125805297[0m
[31;1m2026-09-28 14:32:14,753 - tpp_runner.py[pid:26744;line:140:_train_model] - CRITICAL: current best loglike on valid set is 5.2785 (updated at epoch-26)[0m
[38;20m2026-09-28 14:32:15,745 - tpp_runner.py[pid:26744;line:104:_train_model] - INFO: [ Epoch 31 (train) ]: train loglike is 6.343240271144569, num_events is 248539, mark_ll is -1.150870360213211, time_ll is 7.4941106765437215[0m
[38;20m2026-09-28 14:32:15,949 - tpp_runner.py[pid:26744;line:116:_train_model] - INFO: [ Epoch 31 (valid) ]:  valid loglike is 4.945081087468918, num_events is 48260, mark_ll is -1.214947416176699, time_ll is 6.1600284429392875[0m
[38;20m2026-09-28 14:32:16,282 - tpp_runner.py[pid:26744;line:136:_train_model] - INFO: [ Epoch 31 (test) ]: test loglike is 5.51134186351706, num_events is 104775, mark_ll is -1.2296974636870674, time_ll is 6.74103931788356[0m
[31;1m2026-09-28 14:32:16,282 - tpp_runner.py[pid:26744;line:140:_train_model] - CRITICAL: current best loglike on valid set is 5.2785 (updated at epoch-26)[0m
[38;20m2026-09-28 14:32:17,243 - tpp_runner.py[pid:26744;line:104:_train_model] - INFO: [ Epoch 32 (train) ]: train loglike is 6.431929477114256, num_events is 248539, mark_ll is -1.146910427349933, time_ll is 7.578839865172066[0m
[38;20m2026-09-28 14:32:17,337 - tpp_runner.py[pid:26744;line:116:_train_model] - INFO: [ Epoch 32 (valid) ]:  valid loglike is 4.856598251981454, num_events is 48260, mark_ll is -1.2165890569959594, time_ll is 6.073187308977414[0m
[38;20m2026-09-28 14:32:17,603 - tpp_runner.py[pid:26744;line:136:_train_model] - INFO: [ Epoch 32 (test) ]: test loglike is 5.460163818301122, num_events is 104775, mark_ll is -1.2318594253310666, time_ll is 6.692023420722978[0m
[31;1m2026-09-28 14:32:17,603 - tpp_runner.py[pid:26744;line:140:_train_model] - CRITICAL: current best loglike on valid set is 5.2785 (updated at epoch-26)[0m
[38;20m2026-09-28 14:32:18,645 - tpp_runner.py[pid:26744;line:104:_train_model] - INFO: [ Epoch 33 (train) ]: train loglike is 6.274168066304483, num_events is 248539, mark_ll is -1.1488712811105601, time_ll is 7.4230393984948035[0m
[38;20m2026-09-28 14:32:18,736 - tpp_runner.py[pid:26744;line:116:_train_model] - INFO: [ Epoch 33 (valid) ]:  valid loglike is 5.345013420146084, num_events is 48260, mark_ll is -1.2123206937357542, time_ll is 6.557334134117282[0m
[38;20m2026-09-28 14:32:19,023 - tpp_runner.py[pid:26744;line:136:_train_model] - INFO: [ Epoch 33 (test) ]: test loglike is 5.959295476914818, num_events is 104775, mark_ll is -1.2270742644207826, time_ll is 7.186369862502983[0m
[31;1m2026-09-28 14:32:19,023 - tpp_runner.py[pid:26744;line:140:_train_model] - CRITICAL: current best loglike on valid set is 5.3450 (updated at epoch-33), best updated at this epoch[0m
[38;20m2026-09-28 14:32:19,946 - tpp_runner.py[pid:26744;line:104:_train_model] - INFO: [ Epoch 34 (train) ]: train loglike is 6.421408178143068, num_events is 248539, mark_ll is -1.1473497506144659, time_ll is 7.568757820704195[0m
[38;20m2026-09-28 14:32:20,037 - tpp_runner.py[pid:26744;line:116:_train_model] - INFO: [ Epoch 34 (valid) ]:  valid loglike is 5.318262649580398, num_events is 48260, mark_ll is -1.2140988428564028, time_ll is 6.5323614924368005[0m
[38;20m2026-09-28 14:32:20,343 - tpp_runner.py[pid:26744;line:136:_train_model] - INFO: [ Epoch 34 (test) ]: test loglike is 5.937476251193033, num_events is 104775, mark_ll is -1.2291730232939633, time_ll is 7.166649218563589[0m
[31;1m2026-09-28 14:32:20,343 - tpp_runner.py[pid:26744;line:140:_train_model] - CRITICAL: current best loglike on valid set is 5.3450 (updated at epoch-33)[0m
[38;20m2026-09-28 14:32:21,353 - tpp_runner.py[pid:26744;line:104:_train_model] - INFO: [ Epoch 35 (train) ]: train loglike is 6.47936912849945, num_events is 248539, mark_ll is -1.148978929740403, time_ll is 7.628348113248826[0m
[38;20m2026-09-28 14:32:21,453 - tpp_runner.py[pid:26744;line:116:_train_model] - INFO: [ Epoch 35 (valid) ]:  valid loglike is 5.389064280719022, num_events is 48260, mark_ll is -1.2162106339683485, time_ll is 6.60527473256838[0m
[38;20m2026-09-28 14:32:21,726 - tpp_runner.py[pid:26744;line:136:_train_model] - INFO: [ Epoch 35 (test) ]: test loglike is 6.010208818002863, num_events is 104775, mark_ll is -1.2306164623598186, time_ll is 7.240825317644953[0m
[31;1m2026-09-28 14:32:21,726 - tpp_runner.py[pid:26744;line:140:_train_model] - CRITICAL: current best loglike on valid set is 5.3891 (updated at epoch-35), best updated at this epoch[0m
[38;20m2026-09-28 14:32:23,003 - tpp_runner.py[pid:26744;line:104:_train_model] - INFO: [ Epoch 36 (train) ]: train loglike is 6.5430922844352395, num_events is 248539, mark_ll is -1.1500988888439039, time_ll is 7.693191055402774[0m
[38;20m2026-09-28 14:32:23,120 - tpp_runner.py[pid:26744;line:116:_train_model] - INFO: [ Epoch 36 (valid) ]:  valid loglike is 5.436445814338997, num_events is 48260, mark_ll is -1.218067195432294, time_ll is 6.654513151419395[0m
[38;20m2026-09-28 14:32:23,328 - tpp_runner.py[pid:26744;line:136:_train_model] - INFO: [ Epoch 36 (test) ]: test loglike is 6.064326011095204, num_events is 104775, mark_ll is -1.2326920036984013, time_ll is 7.297018089358148[0m
[31;1m2026-09-28 14:32:23,328 - tpp_runner.py[pid:26744;line:140:_train_model] - CRITICAL: current best loglike on valid set is 5.4364 (updated at epoch-36), best updated at this epoch[0m
[38;20m2026-09-28 14:32:24,260 - tpp_runner.py[pid:26744;line:104:_train_model] - INFO: [ Epoch 37 (train) ]: train loglike is 6.518262255873323, num_events is 248539, mark_ll is -1.149435445273428, time_ll is 7.667697697217539[0m
[38;20m2026-09-28 14:32:24,421 - tpp_runner.py[pid:26744;line:116:_train_model] - INFO: [ Epoch 37 (valid) ]:  valid loglike is 5.389648356558227, num_events is 48260, mark_ll is -1.2174601726002383, time_ll is 6.607108549393908[0m
[38;20m2026-09-28 14:32:24,753 - tpp_runner.py[pid:26744;line:136:_train_model] - INFO: [ Epoch 37 (test) ]: test loglike is 6.012213597590074, num_events is 104775, mark_ll is -1.2322216505607253, time_ll is 7.244434987174898[0m
[31;1m2026-09-28 14:32:24,753 - tpp_runner.py[pid:26744;line:140:_train_model] - CRITICAL: current best loglike on valid set is 5.4364 (updated at epoch-36)[0m
[38;20m2026-09-28 14:32:25,787 - tpp_runner.py[pid:26744;line:104:_train_model] - INFO: [ Epoch 38 (train) ]: train loglike is 6.5447708832290905, num_events is 248539, mark_ll is -1.1509967315397434, time_ll is 7.695767785689569[0m
[38;20m2026-09-28 14:32:25,885 - tpp_runner.py[pid:26744;line:116:_train_model] - INFO: [ Epoch 38 (valid) ]:  valid loglike is 5.44113533788334, num_events is 48260, mark_ll is -1.2188373564092934, time_ll is 6.659972835940738[0m
[38;20m2026-09-28 14:32:26,145 - tpp_runner.py[pid:26744;line:136:_train_model] - INFO: [ Epoch 38 (test) ]: test loglike is 6.081884432414698, num_events is 104775, mark_ll is -1.2347141754652828, time_ll is 7.31659870108566[0m
[31;1m2026-09-28 14:32:26,145 - tpp_runner.py[pid:26744;line:140:_train_model] - CRITICAL: current best loglike on valid set is 5.4411 (updated at epoch-38), best updated at this epoch[0m
[38;20m2026-09-28 14:32:27,202 - tpp_runner.py[pid:26744;line:104:_train_model] - INFO: [ Epoch 39 (train) ]: train loglike is 6.306852778889832, num_events is 248539, mark_ll is -1.1506441613539524, time_ll is 7.457496924526936[0m
[38;20m2026-09-28 14:32:27,318 - tpp_runner.py[pid:26744;line:116:_train_model] - INFO: [ Epoch 39 (valid) ]:  valid loglike is 5.302798885593659, num_events is 48260, mark_ll is -1.2176032978916287, time_ll is 6.520402183485288[0m
[38;20m2026-09-28 14:32:27,503 - tpp_runner.py[pid:26744;line:136:_train_model] - INFO: [ Epoch 39 (test) ]: test loglike is 5.915827293605345, num_events is 104775, mark_ll is -1.2323874168605344, time_ll is 7.1482146638630395[0m
[31;1m2026-09-28 14:32:27,503 - tpp_runner.py[pid:26744;line:140:_train_model] - CRITICAL: current best loglike on valid set is 5.4411 (updated at epoch-38)[0m
[38;20m2026-09-28 14:32:28,386 - tpp_runner.py[pid:26744;line:104:_train_model] - INFO: [ Epoch 40 (train) ]: train loglike is 6.473350313922061, num_events is 248539, mark_ll is -1.1475669437190943, time_ll is 7.6209172026321825[0m
[38;20m2026-09-28 14:32:28,478 - tpp_runner.py[pid:26744;line:116:_train_model] - INFO: [ Epoch 40 (valid) ]:  valid loglike is 5.4175171758443845, num_events is 48260, mark_ll is -1.2152999985430482, time_ll is 6.632817194622876[0m
[38;20m2026-09-28 14:32:28,778 - tpp_runner.py[pid:26744;line:136:_train_model] - INFO: [ Epoch 40 (test) ]: test loglike is 6.042095599200668, num_events is 104775, mark_ll is -1.2300530247106896, time_ll is 7.272148614590789[0m
[31;1m2026-09-28 14:32:28,778 - tpp_runner.py[pid:26744;line:140:_train_model] - CRITICAL: current best loglike on valid set is 5.4411 (updated at epoch-38)[0m
[38;20m2026-09-28 14:32:29,782 - tpp_runner.py[pid:26744;line:104:_train_model] - INFO: [ Epoch 41 (train) ]: train loglike is 6.526331443455554, num_events is 248539, mark_ll is -1.149811598591544, time_ll is 7.676143099020677[0m
[38;20m2026-09-28 14:32:29,938 - tpp_runner.py[pid:26744;line:116:_train_model] - INFO: [ Epoch 41 (valid) ]:  valid loglike is 5.259542549471612, num_events is 48260, mark_ll is -1.2159722806801698, time_ll is 6.475514870622669[0m
[38;20m2026-09-28 14:32:30,152 - tpp_runner.py[pid:26744;line:136:_train_model] - INFO: [ Epoch 41 (test) ]: test loglike is 5.882511520221904, num_events is 104775, mark_ll is -1.2309959026783583, time_ll is 7.113507441541398[0m
[31;1m2026-09-28 14:32:30,152 - tpp_runner.py[pid:26744;line:140:_train_model] - CRITICAL: current best loglike on valid set is 5.4411 (updated at epoch-38)[0m
[38;20m2026-09-28 14:32:31,151 - tpp_runner.py[pid:26744;line:104:_train_model] - INFO: [ Epoch 42 (train) ]: train loglike is 6.480482973748587, num_events is 248539, mark_ll is -1.147425315261136, time_ll is 7.627908198637839[0m
[38;20m2026-09-28 14:32:31,340 - tpp_runner.py[pid:26744;line:116:_train_model] - INFO: [ Epoch 42 (valid) ]:  valid loglike is 5.225733332469955, num_events is 48260, mark_ll is -1.2156321633469747, time_ll is 6.441365698171364[0m
[38;20m2026-09-28 14:32:31,631 - tpp_runner.py[pid:26744;line:136:_train_model] - INFO: [ Epoch 42 (test) ]: test loglike is 5.837672169529945, num_events is 104775, mark_ll is -1.2302875395192079, time_ll is 7.06795976497256[0m
[31;1m2026-09-28 14:32:31,631 - tpp_runner.py[pid:26744;line:140:_train_model] - CRITICAL: current best loglike on valid set is 5.4411 (updated at epoch-38)[0m
[38;20m2026-09-28 14:32:32,732 - tpp_runner.py[pid:26744;line:104:_train_model] - INFO: [ Epoch 43 (train) ]: train loglike is 6.421796054266132, num_events is 248539, mark_ll is -1.1480386633391793, time_ll is 7.569834723499129[0m
[38;20m2026-09-28 14:32:32,824 - tpp_runner.py[pid:26744;line:116:_train_model] - INFO: [ Epoch 43 (valid) ]:  valid loglike is 5.289936185505595, num_events is 48260, mark_ll is -1.2171218966923953, time_ll is 6.507058041727103[0m
[38;20m2026-09-28 14:32:33,141 - tpp_runner.py[pid:26744;line:136:_train_model] - INFO: [ Epoch 43 (test) ]: test loglike is 5.8709033867215465, num_events is 104775, mark_ll is -1.2310864613159151, time_ll is 7.101989866678597[0m
[31;1m2026-09-28 14:32:33,141 - tpp_runner.py[pid:26744;line:140:_train_model] - CRITICAL: current best loglike on valid set is 5.4411 (updated at epoch-38)[0m
[38;20m2026-09-28 14:32:34,052 - tpp_runner.py[pid:26744;line:104:_train_model] - INFO: [ Epoch 44 (train) ]: train loglike is 6.530821417237335, num_events is 248539, mark_ll is -1.1480269366050198, time_ll is 7.678848440285026[0m
[38;20m2026-09-28 14:32:34,143 - tpp_runner.py[pid:26744;line:116:_train_model] - INFO: [ Epoch 44 (valid) ]:  valid loglike is 5.3261135159811435, num_events is 48260, mark_ll is -1.2132965075243474, time_ll is 6.539410063976378[0m
[38;20m2026-09-28 14:32:34,528 - tpp_runner.py[pid:26744;line:136:_train_model] - INFO: [ Epoch 44 (test) ]: test loglike is 5.933723976974469, num_events is 104775, mark_ll is -1.2281509018581485, time_ll is 7.161874739024099[0m
[31;1m2026-09-28 14:32:34,529 - tpp_runner.py[pid:26744;line:140:_train_model] - CRITICAL: current best loglike on valid set is 5.4411 (updated at epoch-38)[0m
[38;20m2026-09-28 14:32:35,585 - tpp_runner.py[pid:26744;line:104:_train_model] - INFO: [ Epoch 45 (train) ]: train loglike is 6.558041467775178, num_events is 248539, mark_ll is -1.1466377262629055, time_ll is 7.704679082055533[0m
[38;20m2026-09-28 14:32:35,702 - tpp_runner.py[pid:26744;line:116:_train_model] - INFO: [ Epoch 45 (valid) ]:  valid loglike is 5.442685372850186, num_events is 48260, mark_ll is -1.213675820911469, time_ll is 6.656361052113551[0m
[38;20m2026-09-28 14:32:35,976 - tpp_runner.py[pid:26744;line:136:_train_model] - INFO: [ Epoch 45 (test) ]: test loglike is 6.06190609341446, num_events is 104775, mark_ll is -1.2284101720949654, time_ll is 7.290316190944882[0m
[31;1m2026-09-28 14:32:35,976 - tpp_runner.py[pid:26744;line:140:_train_model] - CRITICAL: current best loglike on valid set is 5.4427 (updated at epoch-45), best updated at this epoch[0m
[38;20m2026-09-28 14:32:36,952 - tpp_runner.py[pid:26744;line:104:_train_model] - INFO: [ Epoch 46 (train) ]: train loglike is 6.561766494644703, num_events is 248539, mark_ll is -1.1458893861665072, time_ll is 7.707655774722478[0m
[38;20m2026-09-28 14:32:37,050 - tpp_runner.py[pid:26744;line:116:_train_model] - INFO: [ Epoch 46 (valid) ]:  valid loglike is 5.343791685013469, num_events is 48260, mark_ll is -1.2140275736246373, time_ll is 6.557819218167219[0m
[38;20m2026-09-28 14:32:37,284 - tpp_runner.py[pid:26744;line:136:_train_model] - INFO: [ Epoch 46 (test) ]: test loglike is 5.952676345144357, num_events is 104775, mark_ll is -1.227794259648652, time_ll is 7.180470614113577[0m
[31;1m2026-09-28 14:32:37,284 - tpp_runner.py[pid:26744;line:140:_train_model] - CRITICAL: current best loglike on valid set is 5.4427 (updated at epoch-45)[0m
[38;20m2026-09-28 14:32:38,252 - tpp_runner.py[pid:26744;line:104:_train_model] - INFO: [ Epoch 47 (train) ]: train loglike is 6.5949326221815285, num_events is 248539, mark_ll is -1.1503239718068643, time_ll is 7.74525652915639[0m
[38;20m2026-09-28 14:32:38,335 - tpp_runner.py[pid:26744;line:116:_train_model] - INFO: [ Epoch 47 (valid) ]:  valid loglike is 5.521093992825321, num_events is 48260, mark_ll is -1.2153226217688045, time_ll is 6.7364165943586825[0m
[38;20m2026-09-28 14:32:38,582 - tpp_runner.py[pid:26744;line:136:_train_model] - INFO: [ Epoch 47 (test) ]: test loglike is 6.152985154199475, num_events is 104775, mark_ll is -1.2303905690765926, time_ll is 7.383375835122882[0m
[31;1m2026-09-28 14:32:38,582 - tpp_runner.py[pid:26744;line:140:_train_model] - CRITICAL: current best loglike on valid set is 5.5211 (updated at epoch-47), best updated at this epoch[0m
[38;20m2026-09-28 14:32:39,628 - tpp_runner.py[pid:26744;line:104:_train_model] - INFO: [ Epoch 48 (train) ]: train loglike is 6.544216290627427, num_events is 248539, mark_ll is -1.1487758680478717, time_ll is 7.692992080091052[0m
[38;20m2026-09-28 14:32:39,783 - tpp_runner.py[pid:26744;line:116:_train_model] - INFO: [ Epoch 48 (valid) ]:  valid loglike is 5.46750187784915, num_events is 48260, mark_ll is -1.2132052052035847, time_ll is 6.680707042581848[0m
[38;20m2026-09-28 14:32:40,146 - tpp_runner.py[pid:26744;line:136:_train_model] - INFO: [ Epoch 48 (test) ]: test loglike is 6.084822051717967, num_events is 104775, mark_ll is -1.2277296960749224, time_ll is 7.312551673228347[0m
[31;1m2026-09-28 14:32:40,146 - tpp_runner.py[pid:26744;line:140:_train_model] - CRITICAL: current best loglike on valid set is 5.5211 (updated at epoch-47)[0m
[38;20m2026-09-28 14:32:41,142 - tpp_runner.py[pid:26744;line:104:_train_model] - INFO: [ Epoch 49 (train) ]: train loglike is 6.557449704824998, num_events is 248539, mark_ll is -1.1479319577202924, time_ll is 7.705381625217773[0m
[38;20m2026-09-28 14:32:41,277 - tpp_runner.py[pid:26744;line:116:_train_model] - INFO: [ Epoch 49 (valid) ]:  valid loglike is 5.44168889867385, num_events is 48260, mark_ll is -1.214695019490779, time_ll is 6.656383958635516[0m
[38;20m2026-09-28 14:32:41,568 - tpp_runner.py[pid:26744;line:136:_train_model] - INFO: [ Epoch 49 (test) ]: test loglike is 6.070285507635409, num_events is 104775, mark_ll is -1.228985335018492, time_ll is 7.29927098246242[0m
[31;1m2026-09-28 14:32:41,568 - tpp_runner.py[pid:26744;line:140:_train_model] - CRITICAL: current best loglike on valid set is 5.5211 (updated at epoch-47)[0m
[38;20m2026-09-28 14:32:42,493 - tpp_runner.py[pid:26744;line:104:_train_model] - INFO: [ Epoch 50 (train) ]: train loglike is 6.519859464963245, num_events is 248539, mark_ll is -1.1491530626072517, time_ll is 7.66901249024298[0m
[38;20m2026-09-28 14:32:42,585 - tpp_runner.py[pid:26744;line:116:_train_model] - INFO: [ Epoch 50 (valid) ]:  valid loglike is 5.293991449311024, num_events is 48260, mark_ll is -1.2172070676737983, time_ll is 6.511198456278492[0m
[38;20m2026-09-28 14:32:42,939 - tpp_runner.py[pid:26744;line:136:_train_model] - INFO: [ Epoch 50 (test) ]: test loglike is 5.930398994869959, num_events is 104775, mark_ll is -1.2323125633798615, time_ll is 7.162711726020043[0m
[31;1m2026-09-28 14:32:42,939 - tpp_runner.py[pid:26744;line:140:_train_model] - CRITICAL: current best loglike on valid set is 5.5211 (updated at epoch-47)[0m
[38;20m2026-09-28 14:32:43,920 - tpp_runner.py[pid:26744;line:104:_train_model] - INFO: [ Epoch 51 (train) ]: train loglike is 6.586331277799963, num_events is 248539, mark_ll is -1.14749221992386, time_ll is 7.733823370024423[0m
[38;20m2026-09-28 14:32:44,016 - tpp_runner.py[pid:26744;line:116:_train_model] - INFO: [ Epoch 51 (valid) ]:  valid loglike is 5.483082036106507, num_events is 48260, mark_ll is -1.2157115469915563, time_ll is 6.698793643804393[0m
[38;20m2026-09-28 14:32:44,302 - tpp_runner.py[pid:26744;line:136:_train_model] - INFO: [ Epoch 51 (test) ]: test loglike is 6.11296681132188, num_events is 104775, mark_ll is -1.2296124041845622, time_ll is 7.342579150262467[0m
[31;1m2026-09-28 14:32:44,302 - tpp_runner.py[pid:26744;line:140:_train_model] - CRITICAL: current best loglike on valid set is 5.5211 (updated at epoch-47)[0m
[38;20m2026-09-28 14:32:45,196 - tpp_runner.py[pid:26744;line:104:_train_model] - INFO: [ Epoch 52 (train) ]: train loglike is 6.609118493161536, num_events is 248539, mark_ll is -1.150134701649565, time_ll is 7.759253326439714[0m
[38;20m2026-09-28 14:32:45,299 - tpp_runner.py[pid:26744;line:116:_train_model] - INFO: [ Epoch 52 (valid) ]:  valid loglike is 5.475323362386034, num_events is 48260, mark_ll is -1.2174240320982699, time_ll is 6.692747455190634[0m
[38;20m2026-09-28 14:32:45,586 - tpp_runner.py[pid:26744;line:136:_train_model] - INFO: [ Epoch 52 (test) ]: test loglike is 6.114557347590074, num_events is 104775, mark_ll is -1.2318290868826056, time_ll is 7.346386527678359[0m
[31;1m2026-09-28 14:32:45,586 - tpp_runner.py[pid:26744;line:140:_train_model] - CRITICAL: current best loglike on valid set is 5.5211 (updated at epoch-47)[0m
[38;20m2026-09-28 14:32:46,647 - tpp_runner.py[pid:26744;line:104:_train_model] - INFO: [ Epoch 53 (train) ]: train loglike is 6.633653901525515, num_events is 248539, mark_ll is -1.1484056046190185, time_ll is 7.782059590622598[0m
[38;20m2026-09-28 14:32:46,738 - tpp_runner.py[pid:26744;line:116:_train_model] - INFO: [ Epoch 53 (valid) ]:  valid loglike is 5.515627913903854, num_events is 48260, mark_ll is -1.2156809307656444, time_ll is 6.731308844669498[0m
[38;20m2026-09-28 14:32:46,936 - tpp_runner.py[pid:26744;line:136:_train_model] - INFO: [ Epoch 53 (test) ]: test loglike is 6.142458318420425, num_events is 104775, mark_ll is -1.230430414504295, time_ll is 7.372888742245287[0m
[31;1m2026-09-28 14:32:46,936 - tpp_runner.py[pid:26744;line:140:_train_model] - CRITICAL: current best loglike on valid set is 5.5211 (updated at epoch-47)[0m
[38;20m2026-09-28 14:32:47,945 - tpp_runner.py[pid:26744;line:104:_train_model] - INFO: [ Epoch 54 (train) ]: train loglike is 6.64333320958934, num_events is 248539, mark_ll is -1.1478374483764369, time_ll is 7.791170679576445[0m
[38;20m2026-09-28 14:32:48,070 - tpp_runner.py[pid:26744;line:116:_train_model] - INFO: [ Epoch 54 (valid) ]:  valid loglike is 5.511186072187112, num_events is 48260, mark_ll is -1.2153424727388107, time_ll is 6.726528666338583[0m
[38;20m2026-09-28 14:32:48,301 - tpp_runner.py[pid:26744;line:136:_train_model] - INFO: [ Epoch 54 (test) ]: test loglike is 6.144737607372942, num_events is 104775, mark_ll is -1.2301617118527797, time_ll is 7.374899300584586[0m
[31;1m2026-09-28 14:32:48,301 - tpp_runner.py[pid:26744;line:140:_train_model] - CRITICAL: current best loglike on valid set is 5.5211 (updated at epoch-47)[0m
[38;20m2026-09-28 14:32:49,199 - tpp_runner.py[pid:26744;line:104:_train_model] - INFO: [ Epoch 55 (train) ]: train loglike is 6.64209902828379, num_events is 248539, mark_ll is -1.1477782371114291, time_ll is 7.789877324333404[0m
[38;20m2026-09-28 14:32:49,289 - tpp_runner.py[pid:26744;line:116:_train_model] - INFO: [ Epoch 55 (valid) ]:  valid loglike is 5.468209389893286, num_events is 48260, mark_ll is -1.215210497176751, time_ll is 6.683419887070038[0m
[38;20m2026-09-28 14:32:49,501 - tpp_runner.py[pid:26744;line:136:_train_model] - INFO: [ Epoch 55 (test) ]: test loglike is 6.093926792531615, num_events is 104775, mark_ll is -1.2298769312216655, time_ll is 7.323803574624194[0m
[31;1m2026-09-28 14:32:49,501 - tpp_runner.py[pid:26744;line:140:_train_model] - CRITICAL: current best loglike on valid set is 5.5211 (updated at epoch-47)[0m
[38;20m2026-09-28 14:32:50,542 - tpp_runner.py[pid:26744;line:104:_train_model] - INFO: [ Epoch 56 (train) ]: train loglike is 6.656678276284104, num_events is 248539, mark_ll is -1.1478629253890988, time_ll is 7.804541191850173[0m
[38;20m2026-09-28 14:32:50,641 - tpp_runner.py[pid:26744;line:116:_train_model] - INFO: [ Epoch 56 (valid) ]:  valid loglike is 5.531887173642768, num_events is 48260, mark_ll is -1.2160473946461874, time_ll is 6.747934446876295[0m
[38;20m2026-09-28 14:32:50,925 - tpp_runner.py[pid:26744;line:136:_train_model] - INFO: [ Epoch 56 (test) ]: test loglike is 6.159557645848246, num_events is 104775, mark_ll is -1.2305461852779767, time_ll is 7.390103831126223[0m
[31;1m2026-09-28 14:32:50,925 - tpp_runner.py[pid:26744;line:140:_train_model] - CRITICAL: current best loglike on valid set is 5.5319 (updated at epoch-56), best updated at this epoch[0m
[38;20m2026-09-28 14:32:51,772 - tpp_runner.py[pid:26744;line:104:_train_model] - INFO: [ Epoch 57 (train) ]: train loglike is 6.663197169571475, num_events is 248539, mark_ll is -1.147337731153989, time_ll is 7.810534859468735[0m
[38;20m2026-09-28 14:32:51,850 - tpp_runner.py[pid:26744;line:116:_train_model] - INFO: [ Epoch 57 (valid) ]:  valid loglike is 5.548469633884169, num_events is 48260, mark_ll is -1.2157320050248652, time_ll is 6.764201719850808[0m
[38;20m2026-09-28 14:32:52,082 - tpp_runner.py[pid:26744;line:136:_train_model] - INFO: [ Epoch 57 (test) ]: test loglike is 6.1769545976497255, num_events is 104775, mark_ll is -1.229981358864233, time_ll is 7.4069358819494155[0m
[31;1m2026-09-28 14:32:52,083 - tpp_runner.py[pid:26744;line:140:_train_model] - CRITICAL: current best loglike on valid set is 5.5485 (updated at epoch-57), best updated at this epoch[0m
[38;20m2026-09-28 14:32:52,948 - tpp_runner.py[pid:26744;line:104:_train_model] - INFO: [ Epoch 58 (train) ]: train loglike is 6.761669163340562, num_events is 248539, mark_ll is -1.1506392439447382, time_ll is 7.912308546772338[0m
[38;20m2026-09-28 14:32:53,097 - tpp_runner.py[pid:26744;line:116:_train_model] - INFO: [ Epoch 58 (valid) ]:  valid loglike is 5.625153789370079, num_events is 48260, mark_ll is -1.216001035245286, time_ll is 6.841154844850808[0m
[38;20m2026-09-28 14:32:53,445 - tpp_runner.py[pid:26744;line:136:_train_model] - INFO: [ Epoch 58 (test) ]: test loglike is 6.263821731090432, num_events is 104775, mark_ll is -1.231087104435099, time_ll is 7.4949087702815556[0m
[31;1m2026-09-28 14:32:53,445 - tpp_runner.py[pid:26744;line:140:_train_model] - CRITICAL: current best loglike on valid set is 5.6252 (updated at epoch-58), best updated at this epoch[0m
[38;20m2026-09-28 14:32:54,416 - tpp_runner.py[pid:26744;line:104:_train_model] - INFO: [ Epoch 59 (train) ]: train loglike is 6.637558666283259, num_events is 248539, mark_ll is -1.148347896277722, time_ll is 7.785906588100861[0m
[38;20m2026-09-28 14:32:54,501 - tpp_runner.py[pid:26744;line:116:_train_model] - INFO: [ Epoch 59 (valid) ]:  valid loglike is 5.551126223839619, num_events is 48260, mark_ll is -1.2154585634777766, time_ll is 6.766584807552839[0m
[38;20m2026-09-28 14:32:54,751 - tpp_runner.py[pid:26744;line:136:_train_model] - INFO: [ Epoch 59 (test) ]: test loglike is 6.189021526783584, num_events is 104775, mark_ll is -1.2299041006770461, time_ll is 7.418925860474827[0m
[31;1m2026-09-28 14:32:54,751 - tpp_runner.py[pid:26744;line:140:_train_model] - CRITICAL: current best loglike on valid set is 5.6252 (updated at epoch-58)[0m
[38;20m2026-09-28 14:32:55,801 - tpp_runner.py[pid:26744;line:104:_train_model] - INFO: [ Epoch 60 (train) ]: train loglike is 6.568659613971549, num_events is 248539, mark_ll is -1.1508454745470027, time_ll is 7.719505100306189[0m
[38;20m2026-09-28 14:32:55,951 - tpp_runner.py[pid:26744;line:116:_train_model] - INFO: [ Epoch 60 (valid) ]:  valid loglike is 5.536806328999171, num_events is 48260, mark_ll is -1.2235799170508703, time_ll is 6.760386286520928[0m
[38;20m2026-09-28 14:32:56,295 - tpp_runner.py[pid:26744;line:136:_train_model] - INFO: [ Epoch 60 (test) ]: test loglike is 6.1607981015867335, num_events is 104775, mark_ll is -1.2400998605643045, time_ll is 7.400898018074445[0m
[31;1m2026-09-28 14:32:56,295 - tpp_runner.py[pid:26744;line:140:_train_model] - CRITICAL: current best loglike on valid set is 5.6252 (updated at epoch-58)[0m
[38;20m2026-09-28 14:32:57,178 - tpp_runner.py[pid:26744;line:104:_train_model] - INFO: [ Epoch 61 (train) ]: train loglike is 6.673814679235452, num_events is 248539, mark_ll is -1.154424012522934, time_ll is 7.828238711404447[0m
[38;20m2026-09-28 14:32:57,274 - tpp_runner.py[pid:26744;line:116:_train_model] - INFO: [ Epoch 61 (valid) ]:  valid loglike is 5.482042419964774, num_events is 48260, mark_ll is -1.22273739412816, time_ll is 6.704779773622048[0m
[38;20m2026-09-28 14:32:57,551 - tpp_runner.py[pid:26744;line:136:_train_model] - INFO: [ Epoch 61 (test) ]: test loglike is 6.115183428775948, num_events is 104775, mark_ll is -1.2375392023085183, time_ll is 7.352722612443331[0m
[31;1m2026-09-28 14:32:57,551 - tpp_runner.py[pid:26744;line:140:_train_model] - CRITICAL: current best loglike on valid set is 5.6252 (updated at epoch-58)[0m
[38;20m2026-09-28 14:32:58,579 - tpp_runner.py[pid:26744;line:104:_train_model] - INFO: [ Epoch 62 (train) ]: train loglike is 6.700185312654654, num_events is 248539, mark_ll is -1.1531898056775043, time_ll is 7.853375108509128[0m
[38;20m2026-09-28 14:32:58,670 - tpp_runner.py[pid:26744;line:116:_train_model] - INFO: [ Epoch 62 (valid) ]:  valid loglike is 5.554048140929341, num_events is 48260, mark_ll is -1.21967979839023, time_ll is 6.773728000025901[0m
[38;20m2026-09-28 14:32:58,931 - tpp_runner.py[pid:26744;line:136:_train_model] - INFO: [ Epoch 62 (test) ]: test loglike is 6.182488740753997, num_events is 104775, mark_ll is -1.2351848082199952, time_ll is 7.417673437127177[0m
[31;1m2026-09-28 14:32:58,931 - tpp_runner.py[pid:26744;line:140:_train_model] - CRITICAL: current best loglike on valid set is 5.6252 (updated at epoch-58)[0m
[38;20m2026-09-28 14:32:59,985 - tpp_runner.py[pid:26744;line:104:_train_model] - INFO: [ Epoch 63 (train) ]: train loglike is 6.752594136697359, num_events is 248539, mark_ll is -1.153381661256508, time_ll is 7.905975882431933[0m
[38;20m2026-09-28 14:33:00,101 - tpp_runner.py[pid:26744;line:116:_train_model] - INFO: [ Epoch 63 (valid) ]:  valid loglike is 5.6558133191307505, num_events is 48260, mark_ll is -1.2206100217247722, time_ll is 6.876423361090966[0m
[38;20m2026-09-28 14:33:00,359 - tpp_runner.py[pid:26744;line:136:_train_model] - INFO: [ Epoch 63 (test) ]: test loglike is 6.295128027320448, num_events is 104775, mark_ll is -1.2356959388421618, time_ll is 7.5308238263540925[0m
[31;1m2026-09-28 14:33:00,359 - tpp_runner.py[pid:26744;line:140:_train_model] - CRITICAL: current best loglike on valid set is 5.6558 (updated at epoch-63), best updated at this epoch[0m
[38;20m2026-09-28 14:33:01,281 - tpp_runner.py[pid:26744;line:104:_train_model] - INFO: [ Epoch 64 (train) ]: train loglike is 6.689776176978261, num_events is 248539, mark_ll is -1.1526445076275755, time_ll is 7.8424205588710425[0m
[38;20m2026-09-28 14:33:01,401 - tpp_runner.py[pid:26744;line:116:_train_model] - INFO: [ Epoch 64 (valid) ]:  valid loglike is 5.428734653439702, num_events is 48260, mark_ll is -1.2190972604447265, time_ll is 6.647831812707211[0m
[38;20m2026-09-28 14:33:01,701 - tpp_runner.py[pid:26744;line:136:_train_model] - INFO: [ Epoch 64 (test) ]: test loglike is 6.049815713731806, num_events is 104775, mark_ll is -1.2345112853435933, time_ll is 7.284326756740635[0m
[31;1m2026-09-28 14:33:01,701 - tpp_runner.py[pid:26744;line:140:_train_model] - CRITICAL: current best loglike on valid set is 5.6558 (updated at epoch-63)[0m
[38;20m2026-09-28 14:33:02,834 - tpp_runner.py[pid:26744;line:104:_train_model] - INFO: [ Epoch 65 (train) ]: train loglike is 6.749903506403925, num_events is 248539, mark_ll is -1.1497423756935532, time_ll is 7.8996460156906965[0m
[38;20m2026-09-28 14:33:02,966 - tpp_runner.py[pid:26744;line:116:_train_model] - INFO: [ Epoch 65 (valid) ]:  valid loglike is 5.583126635023829, num_events is 48260, mark_ll is -1.2182102802527974, time_ll is 6.801336834334853[0m
[38;20m2026-09-28 14:33:03,269 - tpp_runner.py[pid:26744;line:136:_train_model] - INFO: [ Epoch 65 (test) ]: test loglike is 6.213829150262467, num_events is 104775, mark_ll is -1.2329182791249105, time_ll is 7.4467473827845385[0m
[31;1m2026-09-28 14:33:03,269 - tpp_runner.py[pid:26744;line:140:_train_model] - CRITICAL: current best loglike on valid set is 5.6558 (updated at epoch-63)[0m
[38;20m2026-09-28 14:33:04,177 - tpp_runner.py[pid:26744;line:104:_train_model] - INFO: [ Epoch 66 (train) ]: train loglike is 6.801639641439573, num_events is 248539, mark_ll is -1.1501337645324274, time_ll is 7.951773382396726[0m
[38;20m2026-09-28 14:33:04,267 - tpp_runner.py[pid:26744;line:116:_train_model] - INFO: [ Epoch 66 (valid) ]:  valid loglike is 5.610825314701616, num_events is 48260, mark_ll is -1.2185475443884688, time_ll is 6.829372798383755[0m
[38;20m2026-09-28 14:33:04,623 - tpp_runner.py[pid:26744;line:136:_train_model] - INFO: [ Epoch 66 (test) ]: test loglike is 6.238467735922215, num_events is 104775, mark_ll is -1.2337512955589358, time_ll is 7.472218928954903[0m
[31;1m2026-09-28 14:33:04,623 - tpp_runner.py[pid:26744;line:140:_train_model] - CRITICAL: current best loglike on valid set is 5.6558 (updated at epoch-63)[0m
[38;20m2026-09-28 14:33:05,816 - tpp_runner.py[pid:26744;line:104:_train_model] - INFO: [ Epoch 67 (train) ]: train loglike is 6.8226636777829635, num_events is 248539, mark_ll is -1.1512366197747135, time_ll is 7.973900317203738[0m
[38;20m2026-09-28 14:33:05,900 - tpp_runner.py[pid:26744;line:116:_train_model] - INFO: [ Epoch 67 (valid) ]:  valid loglike is 5.669681720757356, num_events is 48260, mark_ll is -1.2188861440634065, time_ll is 6.888567945762536[0m
[38;20m2026-09-28 14:33:06,181 - tpp_runner.py[pid:26744;line:136:_train_model] - INFO: [ Epoch 67 (test) ]: test loglike is 6.305458087270341, num_events is 104775, mark_ll is -1.2342352567257218, time_ll is 7.539693278752088[0m
[31;1m2026-09-28 14:33:06,181 - tpp_runner.py[pid:26744;line:140:_train_model] - CRITICAL: current best loglike on valid set is 5.6697 (updated at epoch-67), best updated at this epoch[0m
[38;20m2026-09-28 14:33:07,170 - tpp_runner.py[pid:26744;line:104:_train_model] - INFO: [ Epoch 68 (train) ]: train loglike is 6.87859196802363, num_events is 248539, mark_ll is -1.150615391661369, time_ll is 8.029207422552396[0m
[38;20m2026-09-28 14:33:07,294 - tpp_runner.py[pid:26744;line:116:_train_model] - INFO: [ Epoch 68 (valid) ]:  valid loglike is 5.681697688950477, num_events is 48260, mark_ll is -1.2194150783192603, time_ll is 6.901113192214049[0m
[38;20m2026-09-28 14:33:07,522 - tpp_runner.py[pid:26744;line:136:_train_model] - INFO: [ Epoch 68 (test) ]: test loglike is 6.329518201204963, num_events is 104775, mark_ll is -1.2347615985146743, time_ll is 7.564279930207587[0m
[31;1m2026-09-28 14:33:07,523 - tpp_runner.py[pid:26744;line:140:_train_model] - CRITICAL: current best loglike on valid set is 5.6817 (updated at epoch-68), best updated at this epoch[0m
[38;20m2026-09-28 14:33:08,484 - tpp_runner.py[pid:26744;line:104:_train_model] - INFO: [ Epoch 69 (train) ]: train loglike is 6.685111871904409, num_events is 248539, mark_ll is -1.151040353654884, time_ll is 7.836152192160989[0m
[38;20m2026-09-28 14:33:08,600 - tpp_runner.py[pid:26744;line:116:_train_model] - INFO: [ Epoch 69 (valid) ]:  valid loglike is 5.667328338686283, num_events is 48260, mark_ll is -1.2190382134207935, time_ll is 6.886366653284293[0m
[38;20m2026-09-28 14:33:08,800 - tpp_runner.py[pid:26744;line:136:_train_model] - INFO: [ Epoch 69 (test) ]: test loglike is 6.307416972381294, num_events is 104775, mark_ll is -1.2341343429372464, time_ll is 7.541551240753996[0m
[31;1m2026-09-28 14:33:08,800 - tpp_runner.py[pid:26744;line:140:_train_model] - CRITICAL: current best loglike on valid set is 5.6817 (updated at epoch-68)[0m
[38;20m2026-09-28 14:33:09,621 - tpp_runner.py[pid:26744;line:104:_train_model] - INFO: [ Epoch 70 (train) ]: train loglike is 6.7947152062905625, num_events is 248539, mark_ll is -1.1509482234490864, time_ll is 7.945663378659888[0m
[38;20m2026-09-28 14:33:09,700 - tpp_runner.py[pid:26744;line:116:_train_model] - INFO: [ Epoch 70 (valid) ]:  valid loglike is 5.611887594539992, num_events is 48260, mark_ll is -1.218876916701202, time_ll is 6.830764673124741[0m
[38;20m2026-09-28 14:33:09,979 - tpp_runner.py[pid:26744;line:136:_train_model] - INFO: [ Epoch 70 (test) ]: test loglike is 6.245067816451921, num_events is 104775, mark_ll is -1.2339616887377713, time_ll is 7.4790293560606065[0m
[31;1m2026-09-28 14:33:09,979 - tpp_runner.py[pid:26744;line:140:_train_model] - CRITICAL: current best loglike on valid set is 5.6817 (updated at epoch-68)[0m
[38;20m2026-09-28 14:33:10,900 - tpp_runner.py[pid:26744;line:104:_train_model] - INFO: [ Epoch 71 (train) ]: train loglike is 6.833945742984501, num_events is 248539, mark_ll is -1.1504813544416068, time_ll is 7.984427101355321[0m
[38;20m2026-09-28 14:33:11,024 - tpp_runner.py[pid:26744;line:116:_train_model] - INFO: [ Epoch 71 (valid) ]:  valid loglike is 5.537391295197886, num_events is 48260, mark_ll is -1.2187588024178926, time_ll is 6.756150198792996[0m
[38;20m2026-09-28 14:33:11,450 - tpp_runner.py[pid:26744;line:136:_train_model] - INFO: [ Epoch 71 (test) ]: test loglike is 6.168123583273681, num_events is 104775, mark_ll is -1.2339458158106658, time_ll is 7.4020693151992365[0m
[31;1m2026-09-28 14:33:11,450 - tpp_runner.py[pid:26744;line:140:_train_model] - CRITICAL: current best loglike on valid set is 5.6817 (updated at epoch-68)[0m
[38;20m2026-09-28 14:33:12,450 - tpp_runner.py[pid:26744;line:104:_train_model] - INFO: [ Epoch 72 (train) ]: train loglike is 6.857851746544305, num_events is 248539, mark_ll is -1.150648061097177, time_ll is 8.008499923553245[0m
[38;20m2026-09-28 14:33:12,591 - tpp_runner.py[pid:26744;line:116:_train_model] - INFO: [ Epoch 72 (valid) ]:  valid loglike is 5.656693722803564, num_events is 48260, mark_ll is -1.218845733882874, time_ll is 6.875539315038334[0m
[38;20m2026-09-28 14:33:12,873 - tpp_runner.py[pid:26744;line:136:_train_model] - INFO: [ Epoch 72 (test) ]: test loglike is 6.293190579515628, num_events is 104775, mark_ll is -1.233997023010618, time_ll is 7.527187388153186[0m
[31;1m2026-09-28 14:33:12,873 - tpp_runner.py[pid:26744;line:140:_train_model] - CRITICAL: current best loglike on valid set is 5.6817 (updated at epoch-68)[0m
[38;20m2026-09-28 14:33:13,790 - tpp_runner.py[pid:26744;line:104:_train_model] - INFO: [ Epoch 73 (train) ]: train loglike is 6.871333180481735, num_events is 248539, mark_ll is -1.1505526048131531, time_ll is 8.021885806905557[0m
[38;20m2026-09-28 14:33:13,891 - tpp_runner.py[pid:26744;line:116:_train_model] - INFO: [ Epoch 73 (valid) ]:  valid loglike is 5.682741999715085, num_events is 48260, mark_ll is -1.2191147033969643, time_ll is 6.901856966172814[0m
[38;20m2026-09-28 14:33:14,275 - tpp_runner.py[pid:26744;line:136:_train_model] - INFO: [ Epoch 73 (test) ]: test loglike is 6.327917747852541, num_events is 104775, mark_ll is -1.2344079109251969, time_ll is 7.5623256308160345[0m
[31;1m2026-09-28 14:33:14,275 - tpp_runner.py[pid:26744;line:140:_train_model] - CRITICAL: current best loglike on valid set is 5.6827 (updated at epoch-73), best updated at this epoch[0m
[38;20m2026-09-28 14:33:15,343 - tpp_runner.py[pid:26744;line:104:_train_model] - INFO: [ Epoch 74 (train) ]: train loglike is 6.741420564906313, num_events is 248539, mark_ll is -1.151228266269328, time_ll is 7.89264879581273[0m
[38;20m2026-09-28 14:33:15,450 - tpp_runner.py[pid:26744;line:116:_train_model] - INFO: [ Epoch 74 (valid) ]:  valid loglike is 5.663860793099876, num_events is 48260, mark_ll is -1.219303520319623, time_ll is 6.8831644348321595[0m
[38;20m2026-09-28 14:33:15,768 - tpp_runner.py[pid:26744;line:136:_train_model] - INFO: [ Epoch 74 (test) ]: test loglike is 6.287784277320449, num_events is 104775, mark_ll is -1.2345265431132189, time_ll is 7.522310717907421[0m
[31;1m2026-09-28 14:33:15,769 - tpp_runner.py[pid:26744;line:140:_train_model] - CRITICAL: current best loglike on valid set is 5.6827 (updated at epoch-73)[0m
[38;20m2026-09-28 14:33:16,659 - tpp_runner.py[pid:26744;line:104:_train_model] - INFO: [ Epoch 75 (train) ]: train loglike is 6.936013217493029, num_events is 248539, mark_ll is -1.1517609338662644, time_ll is 8.087774233872752[0m
[38;20m2026-09-28 14:33:16,750 - tpp_runner.py[pid:26744;line:116:_train_model] - INFO: [ Epoch 75 (valid) ]:  valid loglike is 5.719896621166598, num_events is 48260, mark_ll is -1.2204581142509325, time_ll is 6.940354816359304[0m
[38;20m2026-09-28 14:33:17,050 - tpp_runner.py[pid:26744;line:136:_train_model] - INFO: [ Epoch 75 (test) ]: test loglike is 6.372016411655929, num_events is 104775, mark_ll is -1.2360801978942972, time_ll is 7.608096628191363[0m
[31;1m2026-09-28 14:33:17,051 - tpp_runner.py[pid:26744;line:140:_train_model] - CRITICAL: current best loglike on valid set is 5.7199 (updated at epoch-75), best updated at this epoch[0m
[38;20m2026-09-28 14:33:18,127 - tpp_runner.py[pid:26744;line:104:_train_model] - INFO: [ Epoch 76 (train) ]: train loglike is 6.929251506742905, num_events is 248539, mark_ll is -1.153459245518309, time_ll is 8.082710767978064[0m
[38;20m2026-09-28 14:33:18,207 - tpp_runner.py[pid:26744;line:116:_train_model] - INFO: [ Epoch 76 (valid) ]:  valid loglike is 5.61445247746581, num_events is 48260, mark_ll is -1.2209534374352466, time_ll is 6.83540587443017[0m
[38;20m2026-09-28 14:33:18,508 - tpp_runner.py[pid:26744;line:136:_train_model] - INFO: [ Epoch 76 (test) ]: test loglike is 6.271601534538297, num_events is 104775, mark_ll is -1.2366378381502028, time_ll is 7.50823945657361[0m
[31;1m2026-09-28 14:33:18,508 - tpp_runner.py[pid:26744;line:140:_train_model] - CRITICAL: current best loglike on valid set is 5.7199 (updated at epoch-75)[0m
[38;20m2026-09-28 14:33:19,365 - tpp_runner.py[pid:26744;line:104:_train_model] - INFO: [ Epoch 77 (train) ]: train loglike is 6.949514611829029, num_events is 248539, mark_ll is -1.1532837551086046, time_ll is 8.10279837872527[0m
[38;20m2026-09-28 14:33:19,461 - tpp_runner.py[pid:26744;line:116:_train_model] - INFO: [ Epoch 77 (valid) ]:  valid loglike is 5.743106755724202, num_events is 48260, mark_ll is -1.2211651608798695, time_ll is 6.964271653543307[0m
[38;20m2026-09-28 14:33:20,221 - tpp_runner.py[pid:26744;line:136:_train_model] - INFO: [ Epoch 77 (test) ]: test loglike is 6.389233700190886, num_events is 104775, mark_ll is -1.2367659307146266, time_ll is 7.6259993140062035[0m
[31;1m2026-09-28 14:33:20,221 - tpp_runner.py[pid:26744;line:140:_train_model] - CRITICAL: current best loglike on valid set is 5.7431 (updated at epoch-77), best updated at this epoch[0m
[38;20m2026-09-28 14:33:21,380 - tpp_runner.py[pid:26744;line:104:_train_model] - INFO: [ Epoch 78 (train) ]: train loglike is 6.988787961220372, num_events is 248539, mark_ll is -1.1538287427507605, time_ll is 8.142616702006526[0m
[38;20m2026-09-28 14:33:21,475 - tpp_runner.py[pid:26744;line:116:_train_model] - INFO: [ Epoch 78 (valid) ]:  valid loglike is 5.754706116607957, num_events is 48260, mark_ll is -1.2219360300973892, time_ll is 6.976642308588893[0m
[38;20m2026-09-28 14:33:21,749 - tpp_runner.py[pid:26744;line:136:_train_model] - INFO: [ Epoch 78 (test) ]: test loglike is 6.405484706812216, num_events is 104775, mark_ll is -1.2382010558339298, time_ll is 7.643685688081604[0m
[31;1m2026-09-28 14:33:21,749 - tpp_runner.py[pid:26744;line:140:_train_model] - CRITICAL: current best loglike on valid set is 5.7547 (updated at epoch-78), best updated at this epoch[0m
[38;20m2026-09-28 14:33:22,667 - tpp_runner.py[pid:26744;line:104:_train_model] - INFO: [ Epoch 79 (train) ]: train loglike is 6.982665792642201, num_events is 248539, mark_ll is -1.154452577896477, time_ll is 8.137118398043164[0m
[38;20m2026-09-28 14:33:22,792 - tpp_runner.py[pid:26744;line:116:_train_model] - INFO: [ Epoch 79 (valid) ]:  valid loglike is 5.727669540639246, num_events is 48260, mark_ll is -1.222286406800404, time_ll is 6.949955967675093[0m
[38;20m2026-09-28 14:33:23,222 - tpp_runner.py[pid:26744;line:136:_train_model] - INFO: [ Epoch 79 (test) ]: test loglike is 6.36999295365068, num_events is 104775, mark_ll is -1.2384627121361251, time_ll is 7.60845547005488[0m
[31;1m2026-09-28 14:33:23,222 - tpp_runner.py[pid:26744;line:140:_train_model] - CRITICAL: current best loglike on valid set is 5.7547 (updated at epoch-78)[0m
[38;20m2026-09-28 14:33:24,199 - tpp_runner.py[pid:26744;line:104:_train_model] - INFO: [ Epoch 80 (train) ]: train loglike is 6.969449824147317, num_events is 248539, mark_ll is -1.1546434000926413, time_ll is 8.124093216381533[0m
[38;20m2026-09-28 14:33:24,321 - tpp_runner.py[pid:26744;line:116:_train_model] - INFO: [ Epoch 80 (valid) ]:  valid loglike is 5.724534341975756, num_events is 48260, mark_ll is -1.2223341219760153, time_ll is 6.946868767483423[0m
[38;20m2026-09-28 14:33:24,617 - tpp_runner.py[pid:26744;line:136:_train_model] - INFO: [ Epoch 80 (test) ]: test loglike is 6.3686294291338585, num_events is 104775, mark_ll is -1.2383138347053209, time_ll is 7.606943189274636[0m
[31;1m2026-09-28 14:33:24,617 - tpp_runner.py[pid:26744;line:140:_train_model] - CRITICAL: current best loglike on valid set is 5.7547 (updated at epoch-78)[0m
[38;20m2026-09-28 14:33:25,471 - tpp_runner.py[pid:26744;line:104:_train_model] - INFO: [ Epoch 81 (train) ]: train loglike is 6.99005176878679, num_events is 248539, mark_ll is -1.1548161361245117, time_ll is 8.1448679677787[0m
[38;20m2026-09-28 14:33:25,569 - tpp_runner.py[pid:26744;line:116:_train_model] - INFO: [ Epoch 81 (valid) ]:  valid loglike is 5.530611774114173, num_events is 48260, mark_ll is -1.222802491549679, time_ll is 6.753414204957521[0m
[38;20m2026-09-28 14:33:25,791 - tpp_runner.py[pid:26744;line:136:_train_model] - INFO: [ Epoch 81 (test) ]: test loglike is 6.176840812157003, num_events is 104775, mark_ll is -1.23912397846576, time_ll is 7.41596471605822[0m
[31;1m2026-09-28 14:33:25,791 - tpp_runner.py[pid:26744;line:140:_train_model] - CRITICAL: current best loglike on valid set is 5.7547 (updated at epoch-78)[0m
[38;20m2026-09-28 14:33:26,787 - tpp_runner.py[pid:26744;line:104:_train_model] - INFO: [ Epoch 82 (train) ]: train loglike is 6.88978133524819, num_events is 248539, mark_ll is -1.1551409975050444, time_ll is 8.0449224172313[0m
[38;20m2026-09-28 14:33:26,866 - tpp_runner.py[pid:26744;line:116:_train_model] - INFO: [ Epoch 82 (valid) ]:  valid loglike is 5.682692220524244, num_events is 48260, mark_ll is -1.2229958816825528, time_ll is 6.905688264090344[0m
[38;20m2026-09-28 14:33:27,103 - tpp_runner.py[pid:26744;line:136:_train_model] - INFO: [ Epoch 82 (test) ]: test loglike is 6.335842952159389, num_events is 104775, mark_ll is -1.2396036801330232, time_ll is 7.5754464552016225[0m
[31;1m2026-09-28 14:33:27,103 - tpp_runner.py[pid:26744;line:140:_train_model] - CRITICAL: current best loglike on valid set is 5.7547 (updated at epoch-78)[0m
[38;20m2026-09-28 14:33:27,943 - tpp_runner.py[pid:26744;line:104:_train_model] - INFO: [ Epoch 83 (train) ]: train loglike is 6.84681699382441, num_events is 248539, mark_ll is -1.1550909079064302, time_ll is 8.001908119802124[0m
[38;20m2026-09-28 14:33:28,070 - tpp_runner.py[pid:26744;line:116:_train_model] - INFO: [ Epoch 83 (valid) ]:  valid loglike is 5.661311531936386, num_events is 48260, mark_ll is -1.2230029640877538, time_ll is 6.884314536495027[0m
[38;20m2026-09-28 14:33:28,260 - tpp_runner.py[pid:26744;line:136:_train_model] - INFO: [ Epoch 83 (test) ]: test loglike is 6.287234811202577, num_events is 104775, mark_ll is -1.239409821641613, time_ll is 7.526644744691005[0m
[31;1m2026-09-28 14:33:28,260 - tpp_runner.py[pid:26744;line:140:_train_model] - CRITICAL: current best loglike on valid set is 5.7547 (updated at epoch-78)[0m
[38;20m2026-09-28 14:33:29,179 - tpp_runner.py[pid:26744;line:104:_train_model] - INFO: [ Epoch 84 (train) ]: train loglike is 6.962076201446252, num_events is 248539, mark_ll is -1.1552887103482754, time_ll is 8.117364974661925[0m
[38;20m2026-09-28 14:33:29,322 - tpp_runner.py[pid:26744;line:116:_train_model] - INFO: [ Epoch 84 (valid) ]:  valid loglike is 5.785498067110443, num_events is 48260, mark_ll is -1.2231503388222649, time_ll is 7.008648547580813[0m
[38;20m2026-09-28 14:33:29,544 - tpp_runner.py[pid:26744;line:136:_train_model] - INFO: [ Epoch 84 (test) ]: test loglike is 6.426816727809592, num_events is 104775, mark_ll is -1.2393127945299451, time_ll is 7.666129503698401[0m
[31;1m2026-09-28 14:33:29,544 - tpp_runner.py[pid:26744;line:140:_train_model] - CRITICAL: current best loglike on valid set is 5.7855 (updated at epoch-84), best updated at this epoch[0m
[38;20m2026-09-28 14:33:30,432 - tpp_runner.py[pid:26744;line:104:_train_model] - INFO: [ Epoch 85 (train) ]: train loglike is 7.031271673535139, num_events is 248539, mark_ll is -1.1555849611693236, time_ll is 8.186856489323608[0m
[38;20m2026-09-28 14:33:30,874 - tpp_runner.py[pid:26744;line:116:_train_model] - INFO: [ Epoch 85 (valid) ]:  valid loglike is 5.779361304651886, num_events is 48260, mark_ll is -1.2233960578118526, time_ll is 7.002757281521965[0m
[38;20m2026-09-28 14:33:31,190 - tpp_runner.py[pid:26744;line:136:_train_model] - INFO: [ Epoch 85 (test) ]: test loglike is 6.429314267179671, num_events is 104775, mark_ll is -1.2396565463940588, time_ll is 7.668970860176569[0m
[31;1m2026-09-28 14:33:31,190 - tpp_runner.py[pid:26744;line:140:_train_model] - CRITICAL: current best loglike on valid set is 5.7855 (updated at epoch-84)[0m
[38;20m2026-09-28 14:33:32,125 - tpp_runner.py[pid:26744;line:104:_train_model] - INFO: [ Epoch 86 (train) ]: train loglike is 7.041107065629036, num_events is 248539, mark_ll is -1.1561745826987917, time_ll is 8.197281695478376[0m
[38;20m2026-09-28 14:33:32,220 - tpp_runner.py[pid:26744;line:116:_train_model] - INFO: [ Epoch 86 (valid) ]:  valid loglike is 5.805738771757149, num_events is 48260, mark_ll is -1.2235982301271757, time_ll is 7.0293371030615415[0m
[38;20m2026-09-28 14:33:32,509 - tpp_runner.py[pid:26744;line:136:_train_model] - INFO: [ Epoch 86 (test) ]: test loglike is 6.454618415950847, num_events is 104775, mark_ll is -1.240002227615724, time_ll is 7.694620578322596[0m
[31;1m2026-09-28 14:33:32,509 - tpp_runner.py[pid:26744;line:140:_train_model] - CRITICAL: current best loglike on valid set is 5.8057 (updated at epoch-86), best updated at this epoch[0m
[38;20m2026-09-28 14:33:33,547 - tpp_runner.py[pid:26744;line:104:_train_model] - INFO: [ Epoch 87 (train) ]: train loglike is 7.039254850659756, num_events is 248539, mark_ll is -1.1566108647529916, time_ll is 8.195865748811052[0m
[38;20m2026-09-28 14:33:33,627 - tpp_runner.py[pid:26744;line:116:_train_model] - INFO: [ Epoch 87 (valid) ]:  valid loglike is 5.8198737146446335, num_events is 48260, mark_ll is -1.2238670782286054, time_ll is 7.043740691696022[0m
[38;20m2026-09-28 14:33:33,833 - tpp_runner.py[pid:26744;line:136:_train_model] - INFO: [ Epoch 87 (test) ]: test loglike is 6.464824437783346, num_events is 104775, mark_ll is -1.2402202263779527, time_ll is 7.705044664161298[0m
[31;1m2026-09-28 14:33:33,833 - tpp_runner.py[pid:26744;line:140:_train_model] - CRITICAL: current best loglike on valid set is 5.8199 (updated at epoch-87), best updated at this epoch[0m
[38;20m2026-09-28 14:33:34,661 - tpp_runner.py[pid:26744;line:104:_train_model] - INFO: [ Epoch 88 (train) ]: train loglike is 7.010610484232354, num_events is 248539, mark_ll is -1.1565413412702583, time_ll is 8.167151913909889[0m
[38;20m2026-09-28 14:33:34,815 - tpp_runner.py[pid:26744;line:116:_train_model] - INFO: [ Epoch 88 (valid) ]:  valid loglike is 5.8242065277921675, num_events is 48260, mark_ll is -1.2237698266874741, time_ll is 7.047976131889763[0m
[38;20m2026-09-28 14:33:35,031 - tpp_runner.py[pid:26744;line:136:_train_model] - INFO: [ Epoch 88 (test) ]: test loglike is 6.46932809890241, num_events is 104775, mark_ll is -1.240196682623479, time_ll is 7.709524762884753[0m
[31;1m2026-09-28 14:33:35,031 - tpp_runner.py[pid:26744;line:140:_train_model] - CRITICAL: current best loglike on valid set is 5.8242 (updated at epoch-88), best updated at this epoch[0m
[38;20m2026-09-28 14:33:36,098 - tpp_runner.py[pid:26744;line:104:_train_model] - INFO: [ Epoch 89 (train) ]: train loglike is 7.070481023916266, num_events is 248539, mark_ll is -1.1567203109974693, time_ll is 8.22720135848901[0m
[38;20m2026-09-28 14:33:36,225 - tpp_runner.py[pid:26744;line:116:_train_model] - INFO: [ Epoch 89 (valid) ]:  valid loglike is 5.821316258935972, num_events is 48260, mark_ll is -1.2239843021524037, time_ll is 7.0453007634428095[0m
[38;20m2026-09-28 14:33:36,478 - tpp_runner.py[pid:26744;line:136:_train_model] - INFO: [ Epoch 89 (test) ]: test loglike is 6.468062887735624, num_events is 104775, mark_ll is -1.240529184562157, time_ll is 7.708592221426867[0m
[31;1m2026-09-28 14:33:36,478 - tpp_runner.py[pid:26744;line:140:_train_model] - CRITICAL: current best loglike on valid set is 5.8242 (updated at epoch-88)[0m
[38;20m2026-09-28 14:33:37,365 - tpp_runner.py[pid:26744;line:104:_train_model] - INFO: [ Epoch 90 (train) ]: train loglike is 7.040541911304665, num_events is 248539, mark_ll is -1.1566803744834815, time_ll is 8.197222505824035[0m
[38;20m2026-09-28 14:33:37,492 - tpp_runner.py[pid:26744;line:116:_train_model] - INFO: [ Epoch 90 (valid) ]:  valid loglike is 5.827427362852259, num_events is 48260, mark_ll is -1.2240102237554393, time_ll is 7.051437525901368[0m
[38;20m2026-09-28 14:33:37,872 - tpp_runner.py[pid:26744;line:136:_train_model] - INFO: [ Epoch 90 (test) ]: test loglike is 6.472889450608447, num_events is 104775, mark_ll is -1.2405856019595563, time_ll is 7.713475155094249[0m
[31;1m2026-09-28 14:33:37,872 - tpp_runner.py[pid:26744;line:140:_train_model] - CRITICAL: current best loglike on valid set is 5.8274 (updated at epoch-90), best updated at this epoch[0m
[38;20m2026-09-28 14:33:38,821 - tpp_runner.py[pid:26744;line:104:_train_model] - INFO: [ Epoch 91 (train) ]: train loglike is 7.063325999013234, num_events is 248539, mark_ll is -1.1568108754121587, time_ll is 8.220136964797275[0m
[38;20m2026-09-28 14:33:38,900 - tpp_runner.py[pid:26744;line:116:_train_model] - INFO: [ Epoch 91 (valid) ]:  valid loglike is 5.811487013701823, num_events is 48260, mark_ll is -1.2240102844617695, time_ll is 7.035497257692707[0m
[38;20m2026-09-28 14:33:39,107 - tpp_runner.py[pid:26744;line:136:_train_model] - INFO: [ Epoch 91 (test) ]: test loglike is 6.45959078978764, num_events is 104775, mark_ll is -1.2405321112204724, time_ll is 7.700122882366977[0m
[31;1m2026-09-28 14:33:39,107 - tpp_runner.py[pid:26744;line:140:_train_model] - CRITICAL: current best loglike on valid set is 5.8274 (updated at epoch-90)[0m
[38;20m2026-09-28 14:33:39,978 - tpp_runner.py[pid:26744;line:104:_train_model] - INFO: [ Epoch 92 (train) ]: train loglike is 7.061908433510435, num_events is 248539, mark_ll is -1.1564337142510834, time_ll is 8.21834211632782[0m
[38;20m2026-09-28 14:33:40,074 - tpp_runner.py[pid:26744;line:116:_train_model] - INFO: [ Epoch 92 (valid) ]:  valid loglike is 5.83106488616349, num_events is 48260, mark_ll is -1.2240807240403544, time_ll is 7.055145387613966[0m
[38;20m2026-09-28 14:33:40,286 - tpp_runner.py[pid:26744;line:136:_train_model] - INFO: [ Epoch 92 (test) ]: test loglike is 6.473468742543545, num_events is 104775, mark_ll is -1.2405879600632308, time_ll is 7.714056758530184[0m
[31;1m2026-09-28 14:33:40,286 - tpp_runner.py[pid:26744;line:140:_train_model] - CRITICAL: current best loglike on valid set is 5.8311 (updated at epoch-92), best updated at this epoch[0m
[38;20m2026-09-28 14:33:41,167 - tpp_runner.py[pid:26744;line:104:_train_model] - INFO: [ Epoch 93 (train) ]: train loglike is 7.084859999964794, num_events is 248539, mark_ll is -1.1572321498399145, time_ll is 8.242092130158648[0m
[38;20m2026-09-28 14:33:41,246 - tpp_runner.py[pid:26744;line:116:_train_model] - INFO: [ Epoch 93 (valid) ]:  valid loglike is 5.82780649412039, num_events is 48260, mark_ll is -1.2246183190659967, time_ll is 7.052424934599046[0m
[38;20m2026-09-28 14:33:41,452 - tpp_runner.py[pid:26744;line:136:_train_model] - INFO: [ Epoch 93 (test) ]: test loglike is 6.472516329634932, num_events is 104775, mark_ll is -1.2411613147965879, time_ll is 7.7136775978286805[0m
[31;1m2026-09-28 14:33:41,452 - tpp_runner.py[pid:26744;line:140:_train_model] - CRITICAL: current best loglike on valid set is 5.8311 (updated at epoch-92)[0m
[38;20m2026-09-28 14:33:42,471 - tpp_runner.py[pid:26744;line:104:_train_model] - INFO: [ Epoch 94 (train) ]: train loglike is 7.075616795176009, num_events is 248539, mark_ll is -1.1574482466943066, time_ll is 8.23306490631249[0m
[38;20m2026-09-28 14:33:42,578 - tpp_runner.py[pid:26744;line:116:_train_model] - INFO: [ Epoch 94 (valid) ]:  valid loglike is 5.8361918999948195, num_events is 48260, mark_ll is -1.2248179821863345, time_ll is 7.061010185712806[0m
[38;20m2026-09-28 14:33:42,784 - tpp_runner.py[pid:26744;line:136:_train_model] - INFO: [ Epoch 94 (test) ]: test loglike is 6.4808417218444285, num_events is 104775, mark_ll is -1.241603240202219, time_ll is 7.722444934084944[0m
[31;1m2026-09-28 14:33:42,784 - tpp_runner.py[pid:26744;line:140:_train_model] - CRITICAL: current best loglike on valid set is 5.8362 (updated at epoch-94), best updated at this epoch[0m
[38;20m2026-09-28 14:33:43,635 - tpp_runner.py[pid:26744;line:104:_train_model] - INFO: [ Epoch 95 (train) ]: train loglike is 7.089865234932948, num_events is 248539, mark_ll is -1.1578159148784246, time_ll is 8.247681230360225[0m
[38;20m2026-09-28 14:33:43,738 - tpp_runner.py[pid:26744;line:116:_train_model] - INFO: [ Epoch 95 (valid) ]:  valid loglike is 5.8362968814753415, num_events is 48260, mark_ll is -1.2247657140359511, time_ll is 7.061062878807501[0m
[38;20m2026-09-28 14:33:44,068 - tpp_runner.py[pid:26744;line:136:_train_model] - INFO: [ Epoch 95 (test) ]: test loglike is 6.48198192555476, num_events is 104775, mark_ll is -1.2415367938737771, time_ll is 7.723518812634216[0m
[31;1m2026-09-28 14:33:44,068 - tpp_runner.py[pid:26744;line:140:_train_model] - CRITICAL: current best loglike on valid set is 5.8363 (updated at epoch-95), best updated at this epoch[0m
[38;20m2026-09-28 14:33:45,098 - tpp_runner.py[pid:26744;line:104:_train_model] - INFO: [ Epoch 96 (train) ]: train loglike is 7.090976887681611, num_events is 248539, mark_ll is -1.157529856434126, time_ll is 8.248506647850036[0m
[38;20m2026-09-28 14:33:45,209 - tpp_runner.py[pid:26744;line:116:_train_model] - INFO: [ Epoch 96 (valid) ]:  valid loglike is 5.837362722751761, num_events is 48260, mark_ll is -1.2247941650694156, time_ll is 7.062157049704725[0m
[38;20m2026-09-28 14:33:45,453 - tpp_runner.py[pid:26744;line:136:_train_model] - INFO: [ Epoch 96 (test) ]: test loglike is 6.481338955499881, num_events is 104775, mark_ll is -1.2415998288743737, time_ll is 7.722938924182772[0m
[31;1m2026-09-28 14:33:45,453 - tpp_runner.py[pid:26744;line:140:_train_model] - CRITICAL: current best loglike on valid set is 5.8374 (updated at epoch-96), best updated at this epoch[0m
[38;20m2026-09-28 14:33:46,388 - tpp_runner.py[pid:26744;line:104:_train_model] - INFO: [ Epoch 97 (train) ]: train loglike is 7.096192893456862, num_events is 248539, mark_ll is -1.157664013494864, time_ll is 8.253856977677547[0m
[38;20m2026-09-28 14:33:46,479 - tpp_runner.py[pid:26744;line:116:_train_model] - INFO: [ Epoch 97 (valid) ]:  valid loglike is 5.83811005814857, num_events is 48260, mark_ll is -1.2247984549834232, time_ll is 7.06290843219022[0m
[38;20m2026-09-28 14:33:46,776 - tpp_runner.py[pid:26744;line:136:_train_model] - INFO: [ Epoch 97 (test) ]: test loglike is 6.482724327427822, num_events is 104775, mark_ll is -1.2416069031853973, time_ll is 7.724331118766404[0m
[31;1m2026-09-28 14:33:46,776 - tpp_runner.py[pid:26744;line:140:_train_model] - CRITICAL: current best loglike on valid set is 5.8381 (updated at epoch-97), best updated at this epoch[0m
[38;20m2026-09-28 14:33:47,721 - tpp_runner.py[pid:26744;line:104:_train_model] - INFO: [ Epoch 98 (train) ]: train loglike is 7.097008079277799, num_events is 248539, mark_ll is -1.157638487367048, time_ll is 8.25464654503418[0m
[38;20m2026-09-28 14:33:47,823 - tpp_runner.py[pid:26744;line:116:_train_model] - INFO: [ Epoch 98 (valid) ]:  valid loglike is 5.838158299445711, num_events is 48260, mark_ll is -1.2247906036313718, time_ll is 7.062948741193535[0m
[38;20m2026-09-28 14:33:48,118 - tpp_runner.py[pid:26744;line:136:_train_model] - INFO: [ Epoch 98 (test) ]: test loglike is 6.482470211465044, num_events is 104775, mark_ll is -1.2415978995168218, time_ll is 7.724068055058458[0m
[31;1m2026-09-28 14:33:48,118 - tpp_runner.py[pid:26744;line:140:_train_model] - CRITICAL: current best loglike on valid set is 5.8382 (updated at epoch-98), best updated at this epoch[0m
[38;20m2026-09-28 14:33:49,177 - tpp_runner.py[pid:26744;line:104:_train_model] - INFO: [ Epoch 99 (train) ]: train loglike is 7.097518633267817, num_events is 248539, mark_ll is -1.1576091302572231, time_ll is 8.255127810675589[0m
[38;20m2026-09-28 14:33:49,321 - tpp_runner.py[pid:26744;line:116:_train_model] - INFO: [ Epoch 99 (valid) ]:  valid loglike is 5.838200065400954, num_events is 48260, mark_ll is -1.2247877301984045, time_ll is 7.062987836070245[0m
[38;20m2026-09-28 14:33:49,516 - tpp_runner.py[pid:26744;line:136:_train_model] - INFO: [ Epoch 99 (test) ]: test loglike is 6.4825754593175855, num_events is 104775, mark_ll is -1.2415945720740873, time_ll is 7.724170022071105[0m
[31;1m2026-09-28 14:33:49,516 - tpp_runner.py[pid:26744;line:140:_train_model] - CRITICAL: current best loglike on valid set is 5.8382 (updated at epoch-99), best updated at this epoch[0m
[38;20m2026-09-28 14:33:49,516 - base_runner.py[pid:26744;line:118:train] - INFO: End IntensityFree train! Cost time: 2.353m[0m
RESULT {"model": "IntensityFree", "dataset": "lob_intc", "seed": 2019, "ll_per_event": 6.4825754593175855, "mark_ll": -1.2415945720740873, "time_ll": 7.724170022071105, "val_ll": 5.838200065400954, "best_epoch": 99, "n_params": 7184, "seconds": 141.89239883422852, "max_epoch": 100, "batch_size": 64}
