
=== Mon Sep 28 07:48:10 2026 attempt 1: D:\Quant\.venv\Scripts\python.exe -u -m infodiff.baselines.easytpp_runner RMTPP lob_aapl 6 2019 100 64
[31;1m2026-09-28 07:48:11,943 - config.py[pid:11464;line:33:build_from_yaml_file] - CRITICAL: Load pipeline config class RunnerConfig[0m
[31;1m2026-09-28 07:48:11,944 - runner_config.py[pid:11464;line:205:update_config] - CRITICAL: train model RMTPP using GPU with torch backend[0m
[38;20m2026-09-28 07:48:11,976 - runner_config.py[pid:11464;line:45:__init__] - INFO: Save the config to D:\Quant\results\easytpp\checkpoints/lob_aapl/RMTPP/train_2026_09_28_07_48_11\RMTPP_train_output.yaml[0m
[38;20m2026-09-28 07:48:11,976 - base_runner.py[pid:11464;line:193:save_log] - INFO: Save the log to D:\Quant\results\easytpp\checkpoints/lob_aapl/RMTPP/train_2026_09_28_07_48_11\log[0m
0.20842144932044016 0.6263620563223178
min_dt: 7.275957614183426e-12
max_dt: 17.26781208600005
[38;20m2026-09-28 07:48:16,838 - tpp_runner.py[pid:11464;line:62:_init_model] - INFO: Num of model parameters 34962[0m
[38;20m2026-09-28 07:48:17,512 - base_runner.py[pid:11464;line:103:train] - INFO: Data 'lob_aapl' loaded...[0m
[38;20m2026-09-28 07:48:17,512 - base_runner.py[pid:11464;line:108:train] - INFO: Start RMTPP training...[0m
[38;20m2026-09-28 07:48:18,115 - tpp_runner.py[pid:11464;line:104:_train_model] - INFO: [ Epoch 0 (train) ]: train loglike is -13.574268482552963, num_events is 66675, mark_ll is -2.1232881302434854, time_ll is -11.450981448516446[0m
[38;20m2026-09-28 07:48:18,168 - tpp_runner.py[pid:11464;line:116:_train_model] - INFO: [ Epoch 0 (valid) ]:  valid loglike is -5.777154863083848, num_events is 17018, mark_ll is -2.75122018666816, time_ll is -3.0259346764156887[0m
[38;20m2026-09-28 07:48:18,235 - tpp_runner.py[pid:11464;line:136:_train_model] - INFO: [ Epoch 0 (test) ]: test loglike is -1.8387789472218095, num_events is 33655, mark_ll is -2.7253321052429986, time_ll is 0.8865532341904527[0m
[31;1m2026-09-28 07:48:18,235 - tpp_runner.py[pid:11464;line:140:_train_model] - CRITICAL: current best loglike on valid set is -5.7772 (updated at epoch-0), best updated at this epoch[0m
[38;20m2026-09-28 07:48:18,439 - tpp_runner.py[pid:11464;line:104:_train_model] - INFO: [ Epoch 1 (train) ]: train loglike is -10.853427598893889, num_events is 66675, mark_ll is -2.319770839191976, time_ll is -8.533655822319085[0m
[38;20m2026-09-28 07:48:18,472 - tpp_runner.py[pid:11464;line:116:_train_model] - INFO: [ Epoch 1 (valid) ]:  valid loglike is -13.378252128720325, num_events is 17018, mark_ll is -2.080889586290527, time_ll is -11.297364687160286[0m
[38;20m2026-09-28 07:48:18,542 - tpp_runner.py[pid:11464;line:136:_train_model] - INFO: [ Epoch 1 (test) ]: test loglike is -1.2034726727896115, num_events is 33655, mark_ll is -1.9755639572268235, time_ll is 0.7720913061998589[0m
[31;1m2026-09-28 07:48:18,542 - tpp_runner.py[pid:11464;line:140:_train_model] - CRITICAL: current best loglike on valid set is -5.7772 (updated at epoch-0)[0m
[38;20m2026-09-28 07:48:18,738 - tpp_runner.py[pid:11464;line:104:_train_model] - INFO: [ Epoch 2 (train) ]: train loglike is -10.396141618772264, num_events is 66675, mark_ll is -2.0630445608361456, time_ll is -8.333097104622176[0m
[38;20m2026-09-28 07:48:18,784 - tpp_runner.py[pid:11464;line:116:_train_model] - INFO: [ Epoch 2 (valid) ]:  valid loglike is -10.234427678597662, num_events is 17018, mark_ll is -2.2724872552797954, time_ll is -7.961940769415678[0m
[38;20m2026-09-28 07:48:18,840 - tpp_runner.py[pid:11464;line:136:_train_model] - INFO: [ Epoch 2 (test) ]: test loglike is -1.1110143983121472, num_events is 33655, mark_ll is -2.1244604024290594, time_ll is 1.0134459170663255[0m
[31;1m2026-09-28 07:48:18,840 - tpp_runner.py[pid:11464;line:140:_train_model] - CRITICAL: current best loglike on valid set is -5.7772 (updated at epoch-0)[0m
[38;20m2026-09-28 07:48:19,045 - tpp_runner.py[pid:11464;line:104:_train_model] - INFO: [ Epoch 3 (train) ]: train loglike is -5.669823742735283, num_events is 66675, mark_ll is -2.0758800486853204, time_ll is -3.5939441352789885[0m
[38;20m2026-09-28 07:48:19,078 - tpp_runner.py[pid:11464;line:116:_train_model] - INFO: [ Epoch 3 (valid) ]:  valid loglike is -4.379214043930507, num_events is 17018, mark_ll is -2.043013983011554, time_ll is -2.336200200792681[0m
[38;20m2026-09-28 07:48:19,150 - tpp_runner.py[pid:11464;line:136:_train_model] - INFO: [ Epoch 3 (test) ]: test loglike is -0.9726881268367674, num_events is 33655, mark_ll is -1.948371022368519, time_ll is 0.9756828248031496[0m
[31;1m2026-09-28 07:48:19,150 - tpp_runner.py[pid:11464;line:140:_train_model] - CRITICAL: current best loglike on valid set is -4.3792 (updated at epoch-3), best updated at this epoch[0m
[38;20m2026-09-28 07:48:19,344 - tpp_runner.py[pid:11464;line:104:_train_model] - INFO: [ Epoch 4 (train) ]: train loglike is -2.213558964309149, num_events is 66675, mark_ll is -1.8692971459622234, time_ll is -0.3442619927330861[0m
[38;20m2026-09-28 07:48:19,367 - tpp_runner.py[pid:11464;line:116:_train_model] - INFO: [ Epoch 4 (valid) ]:  valid loglike is -1.9228900959186597, num_events is 17018, mark_ll is -1.9849483029572548, time_ll is 0.06205823931714765[0m
[38;20m2026-09-28 07:48:19,442 - tpp_runner.py[pid:11464;line:136:_train_model] - INFO: [ Epoch 4 (test) ]: test loglike is -0.7896719357177843, num_events is 33655, mark_ll is -1.8149068108959479, time_ll is 1.025234935025442[0m
[31;1m2026-09-28 07:48:19,444 - tpp_runner.py[pid:11464;line:140:_train_model] - CRITICAL: current best loglike on valid set is -1.9229 (updated at epoch-4), best updated at this epoch[0m
[38;20m2026-09-28 07:48:19,652 - tpp_runner.py[pid:11464;line:104:_train_model] - INFO: [ Epoch 5 (train) ]: train loglike is -1.4172128825693664, num_events is 66675, mark_ll is -1.9266276078283184, time_ll is 0.5094147069506937[0m
[38;20m2026-09-28 07:48:19,685 - tpp_runner.py[pid:11464;line:116:_train_model] - INFO: [ Epoch 5 (valid) ]:  valid loglike is -1.8618619333550321, num_events is 17018, mark_ll is -1.8319157501661842, time_ll is -0.0299462181572797[0m
[38;20m2026-09-28 07:48:19,754 - tpp_runner.py[pid:11464;line:136:_train_model] - INFO: [ Epoch 5 (test) ]: test loglike is -0.5162437012779679, num_events is 33655, mark_ll is -1.6696289497752934, time_ll is 1.1533851942040558[0m
[31;1m2026-09-28 07:48:19,754 - tpp_runner.py[pid:11464;line:140:_train_model] - CRITICAL: current best loglike on valid set is -1.8619 (updated at epoch-5), best updated at this epoch[0m
[38;20m2026-09-28 07:48:19,977 - tpp_runner.py[pid:11464;line:104:_train_model] - INFO: [ Epoch 6 (train) ]: train loglike is -1.192670299757452, num_events is 66675, mark_ll is -1.7577543895880203, time_ll is 0.5650841392628656[0m
[38;20m2026-09-28 07:48:20,018 - tpp_runner.py[pid:11464;line:116:_train_model] - INFO: [ Epoch 6 (valid) ]:  valid loglike is -1.4346603409693963, num_events is 17018, mark_ll is -1.807821159259681, time_ll is 0.3731609240922066[0m
[38;20m2026-09-28 07:48:20,109 - tpp_runner.py[pid:11464;line:136:_train_model] - INFO: [ Epoch 6 (test) ]: test loglike is -0.5336082194397308, num_events is 33655, mark_ll is -1.690380757815982, time_ll is 1.1567725211474893[0m
[31;1m2026-09-28 07:48:20,109 - tpp_runner.py[pid:11464;line:140:_train_model] - CRITICAL: current best loglike on valid set is -1.4347 (updated at epoch-6), best updated at this epoch[0m
[38;20m2026-09-28 07:48:20,308 - tpp_runner.py[pid:11464;line:104:_train_model] - INFO: [ Epoch 7 (train) ]: train loglike is -0.9868739198127577, num_events is 66675, mark_ll is -1.7707569586028309, time_ll is 0.7838830241434664[0m
[38;20m2026-09-28 07:48:20,340 - tpp_runner.py[pid:11464;line:116:_train_model] - INFO: [ Epoch 7 (valid) ]:  valid loglike is -1.3326432370091594, num_events is 17018, mark_ll is -1.796918611910918, time_ll is 0.4642753677287468[0m
[38;20m2026-09-28 07:48:20,407 - tpp_runner.py[pid:11464;line:136:_train_model] - INFO: [ Epoch 7 (test) ]: test loglike is -0.4706470435662072, num_events is 33655, mark_ll is -1.6982249659922375, time_ll is 1.227577926959915[0m
[31;1m2026-09-28 07:48:20,407 - tpp_runner.py[pid:11464;line:140:_train_model] - CRITICAL: current best loglike on valid set is -1.3326 (updated at epoch-7), best updated at this epoch[0m
[38;20m2026-09-28 07:48:20,673 - tpp_runner.py[pid:11464;line:104:_train_model] - INFO: [ Epoch 8 (train) ]: train loglike is -0.8524365270991516, num_events is 66675, mark_ll is -1.7170845490016873, time_ll is 0.8646480200717098[0m
[38;20m2026-09-28 07:48:20,711 - tpp_runner.py[pid:11464;line:116:_train_model] - INFO: [ Epoch 8 (valid) ]:  valid loglike is -1.1837281076814807, num_events is 17018, mark_ll is -1.7847038194622973, time_ll is 0.6009757691649099[0m
[38;20m2026-09-28 07:48:20,777 - tpp_runner.py[pid:11464;line:136:_train_model] - INFO: [ Epoch 8 (test) ]: test loglike is -0.32927582400317285, num_events is 33655, mark_ll is -1.6498784918892067, time_ll is 1.32060263597882[0m
[31;1m2026-09-28 07:48:20,777 - tpp_runner.py[pid:11464;line:140:_train_model] - CRITICAL: current best loglike on valid set is -1.1837 (updated at epoch-8), best updated at this epoch[0m
[38;20m2026-09-28 07:48:20,976 - tpp_runner.py[pid:11464;line:104:_train_model] - INFO: [ Epoch 9 (train) ]: train loglike is -0.7709440754109838, num_events is 66675, mark_ll is -1.70282261714356, time_ll is 0.9318785408171635[0m
[38;20m2026-09-28 07:48:21,008 - tpp_runner.py[pid:11464;line:116:_train_model] - INFO: [ Epoch 9 (valid) ]:  valid loglike is -1.1504229286580294, num_events is 17018, mark_ll is -1.7266884437387986, time_ll is 0.5762655043212518[0m
[38;20m2026-09-28 07:48:21,079 - tpp_runner.py[pid:11464;line:136:_train_model] - INFO: [ Epoch 9 (test) ]: test loglike is -0.29547299345540995, num_events is 33655, mark_ll is -1.5822980745570867, time_ll is 1.286825140325546[0m
[31;1m2026-09-28 07:48:21,079 - tpp_runner.py[pid:11464;line:140:_train_model] - CRITICAL: current best loglike on valid set is -1.1504 (updated at epoch-9), best updated at this epoch[0m
[38;20m2026-09-28 07:48:21,293 - tpp_runner.py[pid:11464;line:104:_train_model] - INFO: [ Epoch 10 (train) ]: train loglike is -0.7458001551075647, num_events is 66675, mark_ll is -1.6816873440136388, time_ll is 0.9358871669361642[0m
[38;20m2026-09-28 07:48:21,327 - tpp_runner.py[pid:11464;line:116:_train_model] - INFO: [ Epoch 10 (valid) ]:  valid loglike is -1.023910065181444, num_events is 17018, mark_ll is -1.6971788817699458, time_ll is 0.6732687878964553[0m
[38;20m2026-09-28 07:48:21,399 - tpp_runner.py[pid:11464;line:136:_train_model] - INFO: [ Epoch 10 (test) ]: test loglike is -0.18618119743776754, num_events is 33655, mark_ll is -1.5574221579144072, time_ll is 1.3712409815592037[0m
[31;1m2026-09-28 07:48:21,400 - tpp_runner.py[pid:11464;line:140:_train_model] - CRITICAL: current best loglike on valid set is -1.0239 (updated at epoch-10), best updated at this epoch[0m
[38;20m2026-09-28 07:48:21,608 - tpp_runner.py[pid:11464;line:104:_train_model] - INFO: [ Epoch 11 (train) ]: train loglike is -0.6593967678326098, num_events is 66675, mark_ll is -1.6677388129218222, time_ll is 1.0083420572184336[0m
[38;20m2026-09-28 07:48:21,635 - tpp_runner.py[pid:11464;line:116:_train_model] - INFO: [ Epoch 11 (valid) ]:  valid loglike is -1.0093568781033317, num_events is 17018, mark_ll is -1.7193541253883755, time_ll is 0.7099973674329891[0m
[38;20m2026-09-28 07:48:21,688 - tpp_runner.py[pid:11464;line:136:_train_model] - INFO: [ Epoch 11 (test) ]: test loglike is -0.20706040899956532, num_events is 33655, mark_ll is -1.5830943698001783, time_ll is 1.3760339614806956[0m
[31;1m2026-09-28 07:48:21,688 - tpp_runner.py[pid:11464;line:140:_train_model] - CRITICAL: current best loglike on valid set is -1.0094 (updated at epoch-11), best updated at this epoch[0m
[38;20m2026-09-28 07:48:21,876 - tpp_runner.py[pid:11464;line:104:_train_model] - INFO: [ Epoch 12 (train) ]: train loglike is -0.6522623260806999, num_events is 66675, mark_ll is -1.6577146972839332, time_ll is 1.0054523750937383[0m
[38;20m2026-09-28 07:48:21,908 - tpp_runner.py[pid:11464;line:116:_train_model] - INFO: [ Epoch 12 (valid) ]:  valid loglike is -0.9906115857508869, num_events is 17018, mark_ll is -1.7128838249849425, time_ll is 0.7222721746769505[0m
[38;20m2026-09-28 07:48:21,963 - tpp_runner.py[pid:11464;line:136:_train_model] - INFO: [ Epoch 12 (test) ]: test loglike is -0.14881996310070708, num_events is 33655, mark_ll is -1.5767636521435338, time_ll is 1.4279436591191874[0m
[31;1m2026-09-28 07:48:21,963 - tpp_runner.py[pid:11464;line:140:_train_model] - CRITICAL: current best loglike on valid set is -0.9906 (updated at epoch-12), best updated at this epoch[0m
[38;20m2026-09-28 07:48:22,137 - tpp_runner.py[pid:11464;line:104:_train_model] - INFO: [ Epoch 13 (train) ]: train loglike is -0.586388674071991, num_events is 66675, mark_ll is -1.6482031103533934, time_ll is 1.0618144051573633[0m
[38;20m2026-09-28 07:48:22,168 - tpp_runner.py[pid:11464;line:116:_train_model] - INFO: [ Epoch 13 (valid) ]:  valid loglike is -0.935286824635129, num_events is 17018, mark_ll is -1.698208445653132, time_ll is 0.7629215636339097[0m
[38;20m2026-09-28 07:48:22,226 - tpp_runner.py[pid:11464;line:136:_train_model] - INFO: [ Epoch 13 (test) ]: test loglike is -0.1225061110872125, num_events is 33655, mark_ll is -1.553788579369243, time_ll is 1.4312824843773213[0m
[31;1m2026-09-28 07:48:22,226 - tpp_runner.py[pid:11464;line:140:_train_model] - CRITICAL: current best loglike on valid set is -0.9353 (updated at epoch-13), best updated at this epoch[0m
[38;20m2026-09-28 07:48:22,415 - tpp_runner.py[pid:11464;line:104:_train_model] - INFO: [ Epoch 14 (train) ]: train loglike is -0.5562571109275403, num_events is 66675, mark_ll is -1.6357721837504686, time_ll is 1.0795150416988892[0m
[38;20m2026-09-28 07:48:22,445 - tpp_runner.py[pid:11464;line:116:_train_model] - INFO: [ Epoch 14 (valid) ]:  valid loglike is -0.8403259844011671, num_events is 17018, mark_ll is -1.6740497423683747, time_ll is 0.8337237866592542[0m
[38;20m2026-09-28 07:48:22,502 - tpp_runner.py[pid:11464;line:136:_train_model] - INFO: [ Epoch 14 (test) ]: test loglike is -0.09642142631769925, num_events is 33655, mark_ll is -1.5558904919576864, time_ll is 1.459469065413293[0m
[31;1m2026-09-28 07:48:22,503 - tpp_runner.py[pid:11464;line:140:_train_model] - CRITICAL: current best loglike on valid set is -0.8403 (updated at epoch-14), best updated at this epoch[0m
[38;20m2026-09-28 07:48:22,684 - tpp_runner.py[pid:11464;line:104:_train_model] - INFO: [ Epoch 15 (train) ]: train loglike is -0.5172806515030348, num_events is 66675, mark_ll is -1.6220315173005717, time_ll is 1.1047508960061634[0m
[38;20m2026-09-28 07:48:22,714 - tpp_runner.py[pid:11464;line:116:_train_model] - INFO: [ Epoch 15 (valid) ]:  valid loglike is -0.9000466862637171, num_events is 17018, mark_ll is -1.7113783030857952, time_ll is 0.8113316168220781[0m
[38;20m2026-09-28 07:48:22,767 - tpp_runner.py[pid:11464;line:136:_train_model] - INFO: [ Epoch 15 (test) ]: test loglike is -0.08016377665670324, num_events is 33655, mark_ll is -1.5542902446469693, time_ll is 1.4741265017677072[0m
[31;1m2026-09-28 07:48:22,767 - tpp_runner.py[pid:11464;line:140:_train_model] - CRITICAL: current best loglike on valid set is -0.8403 (updated at epoch-14)[0m
[38;20m2026-09-28 07:48:22,947 - tpp_runner.py[pid:11464;line:104:_train_model] - INFO: [ Epoch 16 (train) ]: train loglike is -0.5473938084399607, num_events is 66675, mark_ll is -1.665756859738236, time_ll is 1.1183631034768116[0m
[38;20m2026-09-28 07:48:22,989 - tpp_runner.py[pid:11464;line:116:_train_model] - INFO: [ Epoch 16 (valid) ]:  valid loglike is -0.9236244222282565, num_events is 17018, mark_ll is -1.7165496141149261, time_ll is 0.7929251631946229[0m
[38;20m2026-09-28 07:48:23,044 - tpp_runner.py[pid:11464;line:136:_train_model] - INFO: [ Epoch 16 (test) ]: test loglike is -0.04250305656373032, num_events is 33655, mark_ll is -1.5653519549530623, time_ll is 1.5228488929486703[0m
[31;1m2026-09-28 07:48:23,044 - tpp_runner.py[pid:11464;line:140:_train_model] - CRITICAL: current best loglike on valid set is -0.8403 (updated at epoch-14)[0m
[38;20m2026-09-28 07:48:23,226 - tpp_runner.py[pid:11464;line:104:_train_model] - INFO: [ Epoch 17 (train) ]: train loglike is -0.4918550000585864, num_events is 66675, mark_ll is -1.6409160061047057, time_ll is 1.1490610133694226[0m
[38;20m2026-09-28 07:48:23,257 - tpp_runner.py[pid:11464;line:116:_train_model] - INFO: [ Epoch 17 (valid) ]:  valid loglike is -0.8505415257982816, num_events is 17018, mark_ll is -1.692804657315967, time_ll is 0.8422631351041912[0m
[38;20m2026-09-28 07:48:23,311 - tpp_runner.py[pid:11464;line:136:_train_model] - INFO: [ Epoch 17 (test) ]: test loglike is -0.022339721371383337, num_events is 33655, mark_ll is -1.5373337623960035, time_ll is 1.514993926770725[0m
[31;1m2026-09-28 07:48:23,311 - tpp_runner.py[pid:11464;line:140:_train_model] - CRITICAL: current best loglike on valid set is -0.8403 (updated at epoch-14)[0m
[38;20m2026-09-28 07:48:23,494 - tpp_runner.py[pid:11464;line:104:_train_model] - INFO: [ Epoch 18 (train) ]: train loglike is -0.47529464944811584, num_events is 66675, mark_ll is -1.608861716992407, time_ll is 1.1335670858525497[0m
[38;20m2026-09-28 07:48:23,537 - tpp_runner.py[pid:11464;line:116:_train_model] - INFO: [ Epoch 18 (valid) ]:  valid loglike is -0.7726859261838568, num_events is 17018, mark_ll is -1.6696957529803003, time_ll is 0.8970098303829493[0m
[38;20m2026-09-28 07:48:23,603 - tpp_runner.py[pid:11464;line:136:_train_model] - INFO: [ Epoch 18 (test) ]: test loglike is -0.027243290902459236, num_events is 33655, mark_ll is -1.542930527538163, time_ll is 1.515687262932235[0m
[31;1m2026-09-28 07:48:23,604 - tpp_runner.py[pid:11464;line:140:_train_model] - CRITICAL: current best loglike on valid set is -0.7727 (updated at epoch-18), best updated at this epoch[0m
[38;20m2026-09-28 07:48:23,787 - tpp_runner.py[pid:11464;line:104:_train_model] - INFO: [ Epoch 19 (train) ]: train loglike is -0.4662609300302306, num_events is 66675, mark_ll is -1.6319665010135451, time_ll is 1.1657055490134045[0m
[38;20m2026-09-28 07:48:23,819 - tpp_runner.py[pid:11464;line:116:_train_model] - INFO: [ Epoch 19 (valid) ]:  valid loglike is -0.7834507086705987, num_events is 17018, mark_ll is -1.6685288187507346, time_ll is 0.8850781746372407[0m
[38;20m2026-09-28 07:48:23,882 - tpp_runner.py[pid:11464;line:136:_train_model] - INFO: [ Epoch 19 (test) ]: test loglike is -0.047040194357119806, num_events is 33655, mark_ll is -1.5764739622989712, time_ll is 1.52943374753937[0m
[31;1m2026-09-28 07:48:23,882 - tpp_runner.py[pid:11464;line:140:_train_model] - CRITICAL: current best loglike on valid set is -0.7727 (updated at epoch-18)[0m
[38;20m2026-09-28 07:48:24,075 - tpp_runner.py[pid:11464;line:104:_train_model] - INFO: [ Epoch 20 (train) ]: train loglike is -0.42485664359093783, num_events is 66675, mark_ll is -1.6071933732892763, time_ll is 1.1823367489220098[0m
[38;20m2026-09-28 07:48:24,100 - tpp_runner.py[pid:11464;line:116:_train_model] - INFO: [ Epoch 20 (valid) ]:  valid loglike is -0.791673920972463, num_events is 17018, mark_ll is -1.6760440906664085, time_ll is 0.8843701661074396[0m
[38;20m2026-09-28 07:48:24,155 - tpp_runner.py[pid:11464;line:136:_train_model] - INFO: [ Epoch 20 (test) ]: test loglike is 0.010530897590207621, num_events is 33655, mark_ll is -1.5503683255413385, time_ll is 1.5608992340128696[0m
[31;1m2026-09-28 07:48:24,155 - tpp_runner.py[pid:11464;line:140:_train_model] - CRITICAL: current best loglike on valid set is -0.7727 (updated at epoch-18)[0m
[38;20m2026-09-28 07:48:24,343 - tpp_runner.py[pid:11464;line:104:_train_model] - INFO: [ Epoch 21 (train) ]: train loglike is -0.436010543542897, num_events is 66675, mark_ll is -1.6179727228920604, time_ll is 1.1819622058961379[0m
[38;20m2026-09-28 07:48:24,357 - tpp_runner.py[pid:11464;line:116:_train_model] - INFO: [ Epoch 21 (valid) ]:  valid loglike is -0.7735842813376829, num_events is 17018, mark_ll is -1.6746429360869741, time_ll is 0.9010586511627854[0m
[38;20m2026-09-28 07:48:24,427 - tpp_runner.py[pid:11464;line:136:_train_model] - INFO: [ Epoch 21 (test) ]: test loglike is 0.016775243835947945, num_events is 33655, mark_ll is -1.5434730086597923, time_ll is 1.5602482479618556[0m
[31;1m2026-09-28 07:48:24,427 - tpp_runner.py[pid:11464;line:140:_train_model] - CRITICAL: current best loglike on valid set is -0.7727 (updated at epoch-18)[0m
[38;20m2026-09-28 07:48:24,621 - tpp_runner.py[pid:11464;line:104:_train_model] - INFO: [ Epoch 22 (train) ]: train loglike is -0.41140311745699754, num_events is 66675, mark_ll is -1.5989686042662636, time_ll is 1.1875654849784403[0m
[38;20m2026-09-28 07:48:24,652 - tpp_runner.py[pid:11464;line:116:_train_model] - INFO: [ Epoch 22 (valid) ]:  valid loglike is -0.7631081480133168, num_events is 17018, mark_ll is -1.67455115022972, time_ll is 0.9114430667735082[0m
[38;20m2026-09-28 07:48:24,692 - tpp_runner.py[pid:11464;line:136:_train_model] - INFO: [ Epoch 22 (test) ]: test loglike is 0.022262861143867923, num_events is 33655, mark_ll is -1.5448852919908818, time_ll is 1.567148095101025[0m
[31;1m2026-09-28 07:48:24,692 - tpp_runner.py[pid:11464;line:140:_train_model] - CRITICAL: current best loglike on valid set is -0.7631 (updated at epoch-22), best updated at this epoch[0m
[38;20m2026-09-28 07:48:24,914 - tpp_runner.py[pid:11464;line:104:_train_model] - INFO: [ Epoch 23 (train) ]: train loglike is -0.40336123694987347, num_events is 66675, mark_ll is -1.6095494410854894, time_ll is 1.2061881455491892[0m
[38;20m2026-09-28 07:48:24,940 - tpp_runner.py[pid:11464;line:116:_train_model] - INFO: [ Epoch 23 (valid) ]:  valid loglike is -0.7545820624669468, num_events is 17018, mark_ll is -1.6731694129928605, time_ll is 0.9185875011591587[0m
[38;20m2026-09-28 07:48:24,991 - tpp_runner.py[pid:11464;line:136:_train_model] - INFO: [ Epoch 23 (test) ]: test loglike is 0.06320618201711879, num_events is 33655, mark_ll is -1.5361664575518126, time_ll is 1.5993726264206656[0m
[31;1m2026-09-28 07:48:24,991 - tpp_runner.py[pid:11464;line:140:_train_model] - CRITICAL: current best loglike on valid set is -0.7546 (updated at epoch-23), best updated at this epoch[0m
[38;20m2026-09-28 07:48:25,194 - tpp_runner.py[pid:11464;line:104:_train_model] - INFO: [ Epoch 24 (train) ]: train loglike is -0.3723131285225089, num_events is 66675, mark_ll is -1.6098767964063085, time_ll is 1.2375636816149935[0m
[38;20m2026-09-28 07:48:25,222 - tpp_runner.py[pid:11464;line:116:_train_model] - INFO: [ Epoch 24 (valid) ]:  valid loglike is -0.7325359653370237, num_events is 17018, mark_ll is -1.676073442630138, time_ll is 0.9435375023986551[0m
[38;20m2026-09-28 07:48:25,269 - tpp_runner.py[pid:11464;line:136:_train_model] - INFO: [ Epoch 24 (test) ]: test loglike is 0.0724830619507108, num_events is 33655, mark_ll is -1.5284942286911771, time_ll is 1.6009773314468505[0m
[31;1m2026-09-28 07:48:25,269 - tpp_runner.py[pid:11464;line:140:_train_model] - CRITICAL: current best loglike on valid set is -0.7325 (updated at epoch-24), best updated at this epoch[0m
[38;20m2026-09-28 07:48:25,471 - tpp_runner.py[pid:11464;line:104:_train_model] - INFO: [ Epoch 25 (train) ]: train loglike is -0.34870007795656405, num_events is 66675, mark_ll is -1.5984612494727222, time_ll is 1.2497611925706553[0m
[38;20m2026-09-28 07:48:25,500 - tpp_runner.py[pid:11464;line:116:_train_model] - INFO: [ Epoch 25 (valid) ]:  valid loglike is -0.7264647461970414, num_events is 17018, mark_ll is -1.6834574197403118, time_ll is 0.9569926950623053[0m
[38;20m2026-09-28 07:48:25,569 - tpp_runner.py[pid:11464;line:136:_train_model] - INFO: [ Epoch 25 (test) ]: test loglike is 0.07124439829473704, num_events is 33655, mark_ll is -1.535114487480965, time_ll is 1.6063588567588396[0m
[31;1m2026-09-28 07:48:25,569 - tpp_runner.py[pid:11464;line:140:_train_model] - CRITICAL: current best loglike on valid set is -0.7265 (updated at epoch-25), best updated at this epoch[0m
[38;20m2026-09-28 07:48:25,775 - tpp_runner.py[pid:11464;line:104:_train_model] - INFO: [ Epoch 26 (train) ]: train loglike is -0.3439065626135112, num_events is 66675, mark_ll is -1.6044637401281872, time_ll is 1.2605571514254077[0m
[38;20m2026-09-28 07:48:25,806 - tpp_runner.py[pid:11464;line:116:_train_model] - INFO: [ Epoch 26 (valid) ]:  valid loglike is -0.6951697104433082, num_events is 17018, mark_ll is -1.6791698739592822, time_ll is 0.9840001097183864[0m
[38;20m2026-09-28 07:48:25,870 - tpp_runner.py[pid:11464;line:136:_train_model] - INFO: [ Epoch 26 (test) ]: test loglike is 0.10678987685823986, num_events is 33655, mark_ll is -1.515308056067542, time_ll is 1.6220979438071053[0m
[31;1m2026-09-28 07:48:25,870 - tpp_runner.py[pid:11464;line:140:_train_model] - CRITICAL: current best loglike on valid set is -0.6952 (updated at epoch-26), best updated at this epoch[0m
[38;20m2026-09-28 07:48:26,076 - tpp_runner.py[pid:11464;line:104:_train_model] - INFO: [ Epoch 27 (train) ]: train loglike is -0.334746219790916, num_events is 66675, mark_ll is -1.5987886194401482, time_ll is 1.2640424195022497[0m
[38;20m2026-09-28 07:48:26,108 - tpp_runner.py[pid:11464;line:116:_train_model] - INFO: [ Epoch 27 (valid) ]:  valid loglike is -0.6787968845257595, num_events is 17018, mark_ll is -1.651401460149731, time_ll is 0.9726045433454192[0m
[38;20m2026-09-28 07:48:26,170 - tpp_runner.py[pid:11464;line:136:_train_model] - INFO: [ Epoch 27 (test) ]: test loglike is 0.10161131543012275, num_events is 33655, mark_ll is -1.5148992520033242, time_ll is 1.6165105583656774[0m
[31;1m2026-09-28 07:48:26,170 - tpp_runner.py[pid:11464;line:140:_train_model] - CRITICAL: current best loglike on valid set is -0.6788 (updated at epoch-27), best updated at this epoch[0m
[38;20m2026-09-28 07:48:26,375 - tpp_runner.py[pid:11464;line:104:_train_model] - INFO: [ Epoch 28 (train) ]: train loglike is -0.33330229534296496, num_events is 66675, mark_ll is -1.6021257828611268, time_ll is 1.2688234783640326[0m
[38;20m2026-09-28 07:48:26,406 - tpp_runner.py[pid:11464;line:116:_train_model] - INFO: [ Epoch 28 (valid) ]:  valid loglike is -0.7030932092123047, num_events is 17018, mark_ll is -1.6548602720281467, time_ll is 0.9517670305372896[0m
[38;20m2026-09-28 07:48:26,473 - tpp_runner.py[pid:11464;line:136:_train_model] - INFO: [ Epoch 28 (test) ]: test loglike is 0.08821909316066753, num_events is 33655, mark_ll is -1.524302583342232, time_ll is 1.6125216393250446[0m
[31;1m2026-09-28 07:48:26,473 - tpp_runner.py[pid:11464;line:140:_train_model] - CRITICAL: current best loglike on valid set is -0.6788 (updated at epoch-27)[0m
[38;20m2026-09-28 07:48:26,675 - tpp_runner.py[pid:11464;line:104:_train_model] - INFO: [ Epoch 29 (train) ]: train loglike is -0.3196327853122364, num_events is 66675, mark_ll is -1.583199536581365, time_ll is 1.2635667801046353[0m
[38;20m2026-09-28 07:48:26,707 - tpp_runner.py[pid:11464;line:116:_train_model] - INFO: [ Epoch 29 (valid) ]:  valid loglike is -0.68410313066381, num_events is 17018, mark_ll is -1.6632130289206648, time_ll is 0.9791099233623957[0m
[38;20m2026-09-28 07:48:26,774 - tpp_runner.py[pid:11464;line:136:_train_model] - INFO: [ Epoch 29 (test) ]: test loglike is 0.08594759696129615, num_events is 33655, mark_ll is -1.5352418134726453, time_ll is 1.6211894185949338[0m
[31;1m2026-09-28 07:48:26,774 - tpp_runner.py[pid:11464;line:140:_train_model] - CRITICAL: current best loglike on valid set is -0.6788 (updated at epoch-27)[0m
[38;20m2026-09-28 07:48:26,993 - tpp_runner.py[pid:11464;line:104:_train_model] - INFO: [ Epoch 30 (train) ]: train loglike is -0.3261553115186773, num_events is 66675, mark_ll is -1.5860125492125985, time_ll is 1.2598572138931852[0m
[38;20m2026-09-28 07:48:27,025 - tpp_runner.py[pid:11464;line:116:_train_model] - INFO: [ Epoch 30 (valid) ]:  valid loglike is -0.6602521495794434, num_events is 17018, mark_ll is -1.6590219601465177, time_ll is 0.998769835672615[0m
[38;20m2026-09-28 07:48:27,073 - tpp_runner.py[pid:11464;line:136:_train_model] - INFO: [ Epoch 30 (test) ]: test loglike is 0.135948847406705, num_events is 33655, mark_ll is -1.5359711958313216, time_ll is 1.671920034170257[0m
[31;1m2026-09-28 07:48:27,073 - tpp_runner.py[pid:11464;line:140:_train_model] - CRITICAL: current best loglike on valid set is -0.6603 (updated at epoch-30), best updated at this epoch[0m
[38;20m2026-09-28 07:48:27,280 - tpp_runner.py[pid:11464;line:104:_train_model] - INFO: [ Epoch 31 (train) ]: train loglike is -0.27581764956382404, num_events is 66675, mark_ll is -1.574600890953084, time_ll is 1.298783284413667[0m
[38;20m2026-09-28 07:48:27,313 - tpp_runner.py[pid:11464;line:116:_train_model] - INFO: [ Epoch 31 (valid) ]:  valid loglike is -0.6818710651727216, num_events is 17018, mark_ll is -1.674849963549624, time_ll is 0.9929789055499141[0m
[38;20m2026-09-28 07:48:27,377 - tpp_runner.py[pid:11464;line:136:_train_model] - INFO: [ Epoch 31 (test) ]: test loglike is 0.1180092575397415, num_events is 33655, mark_ll is -1.5205979098573763, time_ll is 1.6386071383802556[0m
[31;1m2026-09-28 07:48:27,377 - tpp_runner.py[pid:11464;line:140:_train_model] - CRITICAL: current best loglike on valid set is -0.6603 (updated at epoch-30)[0m
[38;20m2026-09-28 07:48:27,581 - tpp_runner.py[pid:11464;line:104:_train_model] - INFO: [ Epoch 32 (train) ]: train loglike is -0.30634637212592386, num_events is 66675, mark_ll is -1.5831210710477597, time_ll is 1.2767746670826303[0m
[38;20m2026-09-28 07:48:27,613 - tpp_runner.py[pid:11464;line:116:_train_model] - INFO: [ Epoch 32 (valid) ]:  valid loglike is -0.6689649737249713, num_events is 17018, mark_ll is -1.6617726021023695, time_ll is 0.9928076247908924[0m
[38;20m2026-09-28 07:48:27,679 - tpp_runner.py[pid:11464;line:136:_train_model] - INFO: [ Epoch 32 (test) ]: test loglike is 0.10902405737272043, num_events is 33655, mark_ll is -1.5269788774652726, time_ll is 1.6360029475328703[0m
[31;1m2026-09-28 07:48:27,679 - tpp_runner.py[pid:11464;line:140:_train_model] - CRITICAL: current best loglike on valid set is -0.6603 (updated at epoch-30)[0m
[38;20m2026-09-28 07:48:27,881 - tpp_runner.py[pid:11464;line:104:_train_model] - INFO: [ Epoch 33 (train) ]: train loglike is -0.30985161156613233, num_events is 66675, mark_ll is -1.5800224935262, time_ll is 1.2701708709751125[0m
[38;20m2026-09-28 07:48:27,928 - tpp_runner.py[pid:11464;line:116:_train_model] - INFO: [ Epoch 33 (valid) ]:  valid loglike is -0.6734793624133729, num_events is 17018, mark_ll is -1.645648016185987, time_ll is 0.972168653772614[0m
[38;20m2026-09-28 07:48:27,987 - tpp_runner.py[pid:11464;line:136:_train_model] - INFO: [ Epoch 33 (test) ]: test loglike is 0.16198990351022785, num_events is 33655, mark_ll is -1.5149856352023288, time_ll is 1.6769755405261106[0m
[31;1m2026-09-28 07:48:27,987 - tpp_runner.py[pid:11464;line:140:_train_model] - CRITICAL: current best loglike on valid set is -0.6603 (updated at epoch-30)[0m
[38;20m2026-09-28 07:48:28,187 - tpp_runner.py[pid:11464;line:104:_train_model] - INFO: [ Epoch 34 (train) ]: train loglike is -0.25039879048322083, num_events is 66675, mark_ll is -1.5664117790940195, time_ll is 1.3160129886107987[0m
[38;20m2026-09-28 07:48:28,214 - tpp_runner.py[pid:11464;line:116:_train_model] - INFO: [ Epoch 34 (valid) ]:  valid loglike is -0.6653268652469995, num_events is 17018, mark_ll is -1.6655824898636737, time_ll is 1.0002556030976393[0m
[38;20m2026-09-28 07:48:28,286 - tpp_runner.py[pid:11464;line:136:_train_model] - INFO: [ Epoch 34 (test) ]: test loglike is 0.13617806792383189, num_events is 33655, mark_ll is -1.5168441906210537, time_ll is 1.6530222803075323[0m
[31;1m2026-09-28 07:48:28,286 - tpp_runner.py[pid:11464;line:140:_train_model] - CRITICAL: current best loglike on valid set is -0.6603 (updated at epoch-30)[0m
[38;20m2026-09-28 07:48:28,498 - tpp_runner.py[pid:11464;line:104:_train_model] - INFO: [ Epoch 35 (train) ]: train loglike is -0.29609664659532303, num_events is 66675, mark_ll is -1.590822941565898, time_ll is 1.2947262475979564[0m
[38;20m2026-09-28 07:48:28,528 - tpp_runner.py[pid:11464;line:116:_train_model] - INFO: [ Epoch 35 (valid) ]:  valid loglike is -0.6594023055035018, num_events is 17018, mark_ll is -1.654311421867655, time_ll is 0.9949091127776472[0m
[38;20m2026-09-28 07:48:28,606 - tpp_runner.py[pid:11464;line:136:_train_model] - INFO: [ Epoch 35 (test) ]: test loglike is 0.10376805719339623, num_events is 33655, mark_ll is -1.5274595562973554, time_ll is 1.6312276134907517[0m
[31;1m2026-09-28 07:48:28,606 - tpp_runner.py[pid:11464;line:140:_train_model] - CRITICAL: current best loglike on valid set is -0.6594 (updated at epoch-35), best updated at this epoch[0m
[38;20m2026-09-28 07:48:28,851 - tpp_runner.py[pid:11464;line:104:_train_model] - INFO: [ Epoch 36 (train) ]: train loglike is -0.27787407776725664, num_events is 66675, mark_ll is -1.5778256746227035, time_ll is 1.2999515709950318[0m
[38;20m2026-09-28 07:48:28,887 - tpp_runner.py[pid:11464;line:116:_train_model] - INFO: [ Epoch 36 (valid) ]:  valid loglike is -0.646092771601209, num_events is 17018, mark_ll is -1.6389897685309305, time_ll is 0.9928970005162273[0m
[38;20m2026-09-28 07:48:28,968 - tpp_runner.py[pid:11464;line:136:_train_model] - INFO: [ Epoch 36 (test) ]: test loglike is 0.1774249319264411, num_events is 33655, mark_ll is -1.506730522866448, time_ll is 1.6841554148947036[0m
[31;1m2026-09-28 07:48:28,968 - tpp_runner.py[pid:11464;line:140:_train_model] - CRITICAL: current best loglike on valid set is -0.6461 (updated at epoch-36), best updated at this epoch[0m
[38;20m2026-09-28 07:48:29,223 - tpp_runner.py[pid:11464;line:104:_train_model] - INFO: [ Epoch 37 (train) ]: train loglike is -0.24046523206815945, num_events is 66675, mark_ll is -1.566781188484252, time_ll is 1.3263159683164605[0m
[38;20m2026-09-28 07:48:29,255 - tpp_runner.py[pid:11464;line:116:_train_model] - INFO: [ Epoch 37 (valid) ]:  valid loglike is -0.6344917396888818, num_events is 17018, mark_ll is -1.645091605671201, time_ll is 1.0105998390835256[0m
[38;20m2026-09-28 07:48:29,334 - tpp_runner.py[pid:11464;line:136:_train_model] - INFO: [ Epoch 37 (test) ]: test loglike is 0.1549310607411429, num_events is 33655, mark_ll is -1.5162079814071554, time_ll is 1.671139038067802[0m
[31;1m2026-09-28 07:48:29,334 - tpp_runner.py[pid:11464;line:140:_train_model] - CRITICAL: current best loglike on valid set is -0.6345 (updated at epoch-37), best updated at this epoch[0m
[38;20m2026-09-28 07:48:29,597 - tpp_runner.py[pid:11464;line:104:_train_model] - INFO: [ Epoch 38 (train) ]: train loglike is -0.24817010605607892, num_events is 66675, mark_ll is -1.5721603158980126, time_ll is 1.3239902006878046[0m
[38;20m2026-09-28 07:48:29,637 - tpp_runner.py[pid:11464;line:116:_train_model] - INFO: [ Epoch 38 (valid) ]:  valid loglike is -0.6161768818338716, num_events is 17018, mark_ll is -1.6410234464519187, time_ll is 1.0248465054407006[0m
[38;20m2026-09-28 07:48:29,713 - tpp_runner.py[pid:11464;line:136:_train_model] - INFO: [ Epoch 38 (test) ]: test loglike is 0.17805023442723036, num_events is 33655, mark_ll is -1.5028820418121378, time_ll is 1.6809323233917695[0m
[31;1m2026-09-28 07:48:29,713 - tpp_runner.py[pid:11464;line:140:_train_model] - CRITICAL: current best loglike on valid set is -0.6162 (updated at epoch-38), best updated at this epoch[0m
[38;20m2026-09-28 07:48:29,967 - tpp_runner.py[pid:11464;line:104:_train_model] - INFO: [ Epoch 39 (train) ]: train loglike is -0.21939216582302212, num_events is 66675, mark_ll is -1.5533442743485188, time_ll is 1.3339520993713676[0m
[38;20m2026-09-28 07:48:30,031 - tpp_runner.py[pid:11464;line:116:_train_model] - INFO: [ Epoch 39 (valid) ]:  valid loglike is -0.6034112827858279, num_events is 17018, mark_ll is -1.6426391888482967, time_ll is 1.039227967033068[0m
[38;20m2026-09-28 07:48:30,100 - tpp_runner.py[pid:11464;line:136:_train_model] - INFO: [ Epoch 39 (test) ]: test loglike is 0.17133039157965477, num_events is 33655, mark_ll is -1.5138114606159931, time_ll is 1.6851418648905252[0m
[31;1m2026-09-28 07:48:30,100 - tpp_runner.py[pid:11464;line:140:_train_model] - CRITICAL: current best loglike on valid set is -0.6034 (updated at epoch-39), best updated at this epoch[0m
[38;20m2026-09-28 07:48:30,334 - tpp_runner.py[pid:11464;line:104:_train_model] - INFO: [ Epoch 40 (train) ]: train loglike is -0.22061350699082535, num_events is 66675, mark_ll is -1.5553576225335115, time_ll is 1.3347441347663573[0m
[38;20m2026-09-28 07:48:30,383 - tpp_runner.py[pid:11464;line:116:_train_model] - INFO: [ Epoch 40 (valid) ]:  valid loglike is -0.6149877130614001, num_events is 17018, mark_ll is -1.6332821744577433, time_ll is 1.0182945223669424[0m
[38;20m2026-09-28 07:48:30,444 - tpp_runner.py[pid:11464;line:136:_train_model] - INFO: [ Epoch 40 (test) ]: test loglike is 0.20682556759884305, num_events is 33655, mark_ll is -1.4970920026045536, time_ll is 1.703917530305211[0m
[31;1m2026-09-28 07:48:30,444 - tpp_runner.py[pid:11464;line:140:_train_model] - CRITICAL: current best loglike on valid set is -0.6034 (updated at epoch-39)[0m
[38;20m2026-09-28 07:48:30,719 - tpp_runner.py[pid:11464;line:104:_train_model] - INFO: [ Epoch 41 (train) ]: train loglike is -0.21099259138017903, num_events is 66675, mark_ll is -1.548597008869985, time_ll is 1.3376043918582443[0m
[38;20m2026-09-28 07:48:30,760 - tpp_runner.py[pid:11464;line:116:_train_model] - INFO: [ Epoch 41 (valid) ]:  valid loglike is -0.6122592106060495, num_events is 17018, mark_ll is -1.6337177053799654, time_ll is 1.0214585270524683[0m
[38;20m2026-09-28 07:48:30,839 - tpp_runner.py[pid:11464;line:136:_train_model] - INFO: [ Epoch 41 (test) ]: test loglike is 0.2224219442777587, num_events is 33655, mark_ll is -1.4980889349418733, time_ll is 1.7205109100500482[0m
[31;1m2026-09-28 07:48:30,839 - tpp_runner.py[pid:11464;line:140:_train_model] - CRITICAL: current best loglike on valid set is -0.6034 (updated at epoch-39)[0m
[38;20m2026-09-28 07:48:31,108 - tpp_runner.py[pid:11464;line:104:_train_model] - INFO: [ Epoch 42 (train) ]: train loglike is -0.1815633806272263, num_events is 66675, mark_ll is -1.547725491833052, time_ll is 1.366162142329865[0m
[38;20m2026-09-28 07:48:31,140 - tpp_runner.py[pid:11464;line:116:_train_model] - INFO: [ Epoch 42 (valid) ]:  valid loglike is -0.6195611840536261, num_events is 17018, mark_ll is -1.636015629877648, time_ll is 1.0164544476172748[0m
[38;20m2026-09-28 07:48:31,209 - tpp_runner.py[pid:11464;line:136:_train_model] - INFO: [ Epoch 42 (test) ]: test loglike is 0.20494365269920656, num_events is 33655, mark_ll is -1.4996219937079835, time_ll is 1.7045656291784281[0m
[31;1m2026-09-28 07:48:31,209 - tpp_runner.py[pid:11464;line:140:_train_model] - CRITICAL: current best loglike on valid set is -0.6034 (updated at epoch-39)[0m
[38;20m2026-09-28 07:48:31,471 - tpp_runner.py[pid:11464;line:104:_train_model] - INFO: [ Epoch 43 (train) ]: train loglike is -0.19045224144345238, num_events is 66675, mark_ll is -1.5521087964590363, time_ll is 1.3616565385381514[0m
[38;20m2026-09-28 07:48:31,535 - tpp_runner.py[pid:11464;line:116:_train_model] - INFO: [ Epoch 43 (valid) ]:  valid loglike is -0.6110797451251065, num_events is 17018, mark_ll is -1.6376877880107643, time_ll is 1.0266081002697511[0m
[38;20m2026-09-28 07:48:31,629 - tpp_runner.py[pid:11464;line:136:_train_model] - INFO: [ Epoch 43 (test) ]: test loglike is 0.20240753450395094, num_events is 33655, mark_ll is -1.5057263036695885, time_ll is 1.7081338182244465[0m
[31;1m2026-09-28 07:48:31,629 - tpp_runner.py[pid:11464;line:140:_train_model] - CRITICAL: current best loglike on valid set is -0.6034 (updated at epoch-39)[0m
[38;20m2026-09-28 07:48:31,852 - tpp_runner.py[pid:11464;line:104:_train_model] - INFO: [ Epoch 44 (train) ]: train loglike is -0.18703023938413949, num_events is 66675, mark_ll is -1.5501373339074802, time_ll is 1.3631070725534309[0m
[38;20m2026-09-28 07:48:31,884 - tpp_runner.py[pid:11464;line:116:_train_model] - INFO: [ Epoch 44 (valid) ]:  valid loglike is -0.5958662303189776, num_events is 17018, mark_ll is -1.6334565790633446, time_ll is 1.0375903756431608[0m
[38;20m2026-09-28 07:48:31,978 - tpp_runner.py[pid:11464;line:136:_train_model] - INFO: [ Epoch 44 (test) ]: test loglike is 0.20863544723109492, num_events is 33655, mark_ll is -1.4956066802040002, time_ll is 1.7042421346893106[0m
[31;1m2026-09-28 07:48:31,978 - tpp_runner.py[pid:11464;line:140:_train_model] - CRITICAL: current best loglike on valid set is -0.5959 (updated at epoch-44), best updated at this epoch[0m
[38;20m2026-09-28 07:48:32,200 - tpp_runner.py[pid:11464;line:104:_train_model] - INFO: [ Epoch 45 (train) ]: train loglike is -0.18067417781273434, num_events is 66675, mark_ll is -1.5501184617547807, time_ll is 1.369444276618743[0m
[38;20m2026-09-28 07:48:32,232 - tpp_runner.py[pid:11464;line:116:_train_model] - INFO: [ Epoch 45 (valid) ]:  valid loglike is -0.6256494157840228, num_events is 17018, mark_ll is -1.6375591400465683, time_ll is 1.0119097888196504[0m
[38;20m2026-09-28 07:48:32,295 - tpp_runner.py[pid:11464;line:136:_train_model] - INFO: [ Epoch 45 (test) ]: test loglike is 0.20768702292651306, num_events is 33655, mark_ll is -1.5023399705536882, time_ll is 1.7100269218448225[0m
[31;1m2026-09-28 07:48:32,295 - tpp_runner.py[pid:11464;line:140:_train_model] - CRITICAL: current best loglike on valid set is -0.5959 (updated at epoch-44)[0m
[38;20m2026-09-28 07:48:32,530 - tpp_runner.py[pid:11464;line:104:_train_model] - INFO: [ Epoch 46 (train) ]: train loglike is -0.17007413929215878, num_events is 66675, mark_ll is -1.5441349531015653, time_ll is 1.3740608156402325[0m
[38;20m2026-09-28 07:48:32,564 - tpp_runner.py[pid:11464;line:116:_train_model] - INFO: [ Epoch 46 (valid) ]:  valid loglike is -0.593021595011532, num_events is 17018, mark_ll is -1.6315754065433474, time_ll is 1.0385538402238623[0m
[38;20m2026-09-28 07:48:32,622 - tpp_runner.py[pid:11464;line:136:_train_model] - INFO: [ Epoch 46 (test) ]: test loglike is 0.2310930369106095, num_events is 33655, mark_ll is -1.49823932208485, time_ll is 1.7293323771309983[0m
[31;1m2026-09-28 07:48:32,622 - tpp_runner.py[pid:11464;line:140:_train_model] - CRITICAL: current best loglike on valid set is -0.5930 (updated at epoch-46), best updated at this epoch[0m
[38;20m2026-09-28 07:48:32,850 - tpp_runner.py[pid:11464;line:104:_train_model] - INFO: [ Epoch 47 (train) ]: train loglike is -0.1541410470053548, num_events is 66675, mark_ll is -1.5375702524489125, time_ll is 1.383429182558235[0m
[38;20m2026-09-28 07:48:32,880 - tpp_runner.py[pid:11464;line:116:_train_model] - INFO: [ Epoch 47 (valid) ]:  valid loglike is -0.5823137303723447, num_events is 17018, mark_ll is -1.6269858339331884, time_ll is 1.0446721286663845[0m
[38;20m2026-09-28 07:48:32,958 - tpp_runner.py[pid:11464;line:136:_train_model] - INFO: [ Epoch 47 (test) ]: test loglike is 0.2080233528433043, num_events is 33655, mark_ll is -1.4983905216999702, time_ll is 1.7064138292044273[0m
[31;1m2026-09-28 07:48:32,958 - tpp_runner.py[pid:11464;line:140:_train_model] - CRITICAL: current best loglike on valid set is -0.5823 (updated at epoch-47), best updated at this epoch[0m
[38;20m2026-09-28 07:48:33,181 - tpp_runner.py[pid:11464;line:104:_train_model] - INFO: [ Epoch 48 (train) ]: train loglike is -0.1674331949961333, num_events is 66675, mark_ll is -1.5434407954865017, time_ll is 1.3760076187986268[0m
[38;20m2026-09-28 07:48:33,210 - tpp_runner.py[pid:11464;line:116:_train_model] - INFO: [ Epoch 48 (valid) ]:  valid loglike is -0.5934615588549624, num_events is 17018, mark_ll is -1.632326098079056, time_ll is 1.0388645428105994[0m
[38;20m2026-09-28 07:48:33,276 - tpp_runner.py[pid:11464;line:136:_train_model] - INFO: [ Epoch 48 (test) ]: test loglike is 0.21243508111808934, num_events is 33655, mark_ll is -1.5042726241573503, time_ll is 1.71670774970751[0m
[31;1m2026-09-28 07:48:33,276 - tpp_runner.py[pid:11464;line:140:_train_model] - CRITICAL: current best loglike on valid set is -0.5823 (updated at epoch-47)[0m
[38;20m2026-09-28 07:48:33,495 - tpp_runner.py[pid:11464;line:104:_train_model] - INFO: [ Epoch 49 (train) ]: train loglike is -0.18403846949551228, num_events is 66675, mark_ll is -1.5542863733830146, time_ll is 1.370247864524747[0m
[38;20m2026-09-28 07:48:33,526 - tpp_runner.py[pid:11464;line:116:_train_model] - INFO: [ Epoch 49 (valid) ]:  valid loglike is -0.624980267044912, num_events is 17018, mark_ll is -1.6321465432510798, time_ll is 1.0071663048982145[0m
[38;20m2026-09-28 07:48:33,585 - tpp_runner.py[pid:11464;line:136:_train_model] - INFO: [ Epoch 49 (test) ]: test loglike is 0.21819267267281864, num_events is 33655, mark_ll is -1.4997262259043975, time_ll is 1.7179188700137424[0m
[31;1m2026-09-28 07:48:33,585 - tpp_runner.py[pid:11464;line:140:_train_model] - CRITICAL: current best loglike on valid set is -0.5823 (updated at epoch-47)[0m
[38;20m2026-09-28 07:48:33,800 - tpp_runner.py[pid:11464;line:104:_train_model] - INFO: [ Epoch 50 (train) ]: train loglike is -0.140238904463114, num_events is 66675, mark_ll is -1.5379226461438413, time_ll is 1.3976837398499016[0m
[38;20m2026-09-28 07:48:33,827 - tpp_runner.py[pid:11464;line:116:_train_model] - INFO: [ Epoch 50 (valid) ]:  valid loglike is -0.635804226877883, num_events is 17018, mark_ll is -1.6314241349003629, time_ll is 0.995619904435974[0m
[38;20m2026-09-28 07:48:33,875 - tpp_runner.py[pid:11464;line:136:_train_model] - INFO: [ Epoch 50 (test) ]: test loglike is 0.20520039525681663, num_events is 33655, mark_ll is -1.5008221238776278, time_ll is 1.7060224642744393[0m
[31;1m2026-09-28 07:48:33,875 - tpp_runner.py[pid:11464;line:140:_train_model] - CRITICAL: current best loglike on valid set is -0.5823 (updated at epoch-47)[0m
[38;20m2026-09-28 07:48:34,096 - tpp_runner.py[pid:11464;line:104:_train_model] - INFO: [ Epoch 51 (train) ]: train loglike is -0.14114010742553665, num_events is 66675, mark_ll is -1.538383856803056, time_ll is 1.3972437777553197[0m
[38;20m2026-09-28 07:48:34,143 - tpp_runner.py[pid:11464;line:116:_train_model] - INFO: [ Epoch 51 (valid) ]:  valid loglike is -0.588213227613088, num_events is 17018, mark_ll is -1.622824769866832, time_ll is 1.0346115099751918[0m
[38;20m2026-09-28 07:48:34,202 - tpp_runner.py[pid:11464;line:136:_train_model] - INFO: [ Epoch 51 (test) ]: test loglike is 0.2370468137381495, num_events is 33655, mark_ll is -1.4913982268375798, time_ll is 1.7284450342282907[0m
[31;1m2026-09-28 07:48:34,202 - tpp_runner.py[pid:11464;line:140:_train_model] - CRITICAL: current best loglike on valid set is -0.5823 (updated at epoch-47)[0m
[38;20m2026-09-28 07:48:34,411 - tpp_runner.py[pid:11464;line:104:_train_model] - INFO: [ Epoch 52 (train) ]: train loglike is -0.12608305340006326, num_events is 66675, mark_ll is -1.5284941311047056, time_ll is 1.4024110804508811[0m
[38;20m2026-09-28 07:48:34,427 - tpp_runner.py[pid:11464;line:116:_train_model] - INFO: [ Epoch 52 (valid) ]:  valid loglike is -0.5914020760245127, num_events is 17018, mark_ll is -1.6235871390655299, time_ll is 1.0321850379354764[0m
[38;20m2026-09-28 07:48:34,496 - tpp_runner.py[pid:11464;line:136:_train_model] - INFO: [ Epoch 52 (test) ]: test loglike is 0.23198017850883507, num_events is 33655, mark_ll is -1.4990758346990603, time_ll is 1.7310559932588026[0m
[31;1m2026-09-28 07:48:34,496 - tpp_runner.py[pid:11464;line:140:_train_model] - CRITICAL: current best loglike on valid set is -0.5823 (updated at epoch-47)[0m
[38;20m2026-09-28 07:48:34,712 - tpp_runner.py[pid:11464;line:104:_train_model] - INFO: [ Epoch 53 (train) ]: train loglike is -0.12912296576941554, num_events is 66675, mark_ll is -1.5320360760568992, time_ll is 1.4029131313419807[0m
[38;20m2026-09-28 07:48:34,751 - tpp_runner.py[pid:11464;line:116:_train_model] - INFO: [ Epoch 53 (valid) ]:  valid loglike is -0.5939069221829231, num_events is 17018, mark_ll is -1.6233659520778552, time_ll is 1.0294590316881849[0m
[38;20m2026-09-28 07:48:34,807 - tpp_runner.py[pid:11464;line:136:_train_model] - INFO: [ Epoch 53 (test) ]: test loglike is 0.2478358534961837, num_events is 33655, mark_ll is -1.4940263565963452, time_ll is 1.7418622354822835[0m
[31;1m2026-09-28 07:48:34,807 - tpp_runner.py[pid:11464;line:140:_train_model] - CRITICAL: current best loglike on valid set is -0.5823 (updated at epoch-47)[0m
[38;20m2026-09-28 07:48:35,013 - tpp_runner.py[pid:11464;line:104:_train_model] - INFO: [ Epoch 54 (train) ]: train loglike is -0.10851784945338865, num_events is 66675, mark_ll is -1.5277132033300524, time_ll is 1.4191953666924446[0m
[38;20m2026-09-28 07:48:35,049 - tpp_runner.py[pid:11464;line:116:_train_model] - INFO: [ Epoch 54 (valid) ]:  valid loglike is -0.5982661066246951, num_events is 17018, mark_ll is -1.624084322023005, time_ll is 1.025818211811804[0m
[38;20m2026-09-28 07:48:35,122 - tpp_runner.py[pid:11464;line:136:_train_model] - INFO: [ Epoch 54 (test) ]: test loglike is 0.22664537578577662, num_events is 33655, mark_ll is -1.4948322128955578, time_ll is 1.721477614071089[0m
[31;1m2026-09-28 07:48:35,122 - tpp_runner.py[pid:11464;line:140:_train_model] - CRITICAL: current best loglike on valid set is -0.5823 (updated at epoch-47)[0m
[38;20m2026-09-28 07:48:35,329 - tpp_runner.py[pid:11464;line:104:_train_model] - INFO: [ Epoch 55 (train) ]: train loglike is -0.10635280270142014, num_events is 66675, mark_ll is -1.5281633081997563, time_ll is 1.4218105274682462[0m
[38;20m2026-09-28 07:48:35,376 - tpp_runner.py[pid:11464;line:116:_train_model] - INFO: [ Epoch 55 (valid) ]:  valid loglike is -0.6096128893453348, num_events is 17018, mark_ll is -1.617978539726319, time_ll is 1.0083657041785719[0m
[38;20m2026-09-28 07:48:35,435 - tpp_runner.py[pid:11464;line:136:_train_model] - INFO: [ Epoch 55 (test) ]: test loglike is 0.2428824121398427, num_events is 33655, mark_ll is -1.4876054545317374, time_ll is 1.7304878576038107[0m
[31;1m2026-09-28 07:48:35,435 - tpp_runner.py[pid:11464;line:140:_train_model] - CRITICAL: current best loglike on valid set is -0.5823 (updated at epoch-47)[0m
[38;20m2026-09-28 07:48:35,646 - tpp_runner.py[pid:11464;line:104:_train_model] - INFO: [ Epoch 56 (train) ]: train loglike is -0.09278608072550501, num_events is 66675, mark_ll is -1.5245587636506375, time_ll is 1.4317726861290776[0m
[38;20m2026-09-28 07:48:35,694 - tpp_runner.py[pid:11464;line:116:_train_model] - INFO: [ Epoch 56 (valid) ]:  valid loglike is -0.6111577803190005, num_events is 17018, mark_ll is -1.623753581628184, time_ll is 1.0125958300012303[0m
[38;20m2026-09-28 07:48:35,757 - tpp_runner.py[pid:11464;line:136:_train_model] - INFO: [ Epoch 56 (test) ]: test loglike is 0.19464439286677024, num_events is 33655, mark_ll is -1.4923961747650796, time_ll is 1.6870405397484587[0m
[31;1m2026-09-28 07:48:35,757 - tpp_runner.py[pid:11464;line:140:_train_model] - CRITICAL: current best loglike on valid set is -0.5823 (updated at epoch-47)[0m
[38;20m2026-09-28 07:48:35,995 - tpp_runner.py[pid:11464;line:104:_train_model] - INFO: [ Epoch 57 (train) ]: train loglike is -0.09454649345589614, num_events is 66675, mark_ll is -1.5243545972769028, time_ll is 1.4298081184676135[0m
[38;20m2026-09-28 07:48:36,028 - tpp_runner.py[pid:11464;line:116:_train_model] - INFO: [ Epoch 57 (valid) ]:  valid loglike is -0.6223440041398033, num_events is 17018, mark_ll is -1.6216345090033346, time_ll is 0.9992905389353368[0m
[38;20m2026-09-28 07:48:36,074 - tpp_runner.py[pid:11464;line:136:_train_model] - INFO: [ Epoch 57 (test) ]: test loglike is 0.22123341813269526, num_events is 33655, mark_ll is -1.493193837427806, time_ll is 1.7144272347046317[0m
[31;1m2026-09-28 07:48:36,074 - tpp_runner.py[pid:11464;line:140:_train_model] - CRITICAL: current best loglike on valid set is -0.5823 (updated at epoch-47)[0m
[38;20m2026-09-28 07:48:36,297 - tpp_runner.py[pid:11464;line:104:_train_model] - INFO: [ Epoch 58 (train) ]: train loglike is -0.09248275041669596, num_events is 66675, mark_ll is -1.5303756305364173, time_ll is 1.4378928695924729[0m
[38;20m2026-09-28 07:48:36,327 - tpp_runner.py[pid:11464;line:116:_train_model] - INFO: [ Epoch 58 (valid) ]:  valid loglike is -0.5908090132133761, num_events is 17018, mark_ll is -1.6260710310636164, time_ll is 1.035261987364941[0m
[38;20m2026-09-28 07:48:36,376 - tpp_runner.py[pid:11464;line:136:_train_model] - INFO: [ Epoch 58 (test) ]: test loglike is 0.2249892347440945, num_events is 33655, mark_ll is -1.5037031102014002, time_ll is 1.7286924029792192[0m
[31;1m2026-09-28 07:48:36,376 - tpp_runner.py[pid:11464;line:140:_train_model] - CRITICAL: current best loglike on valid set is -0.5823 (updated at epoch-47)[0m
[38;20m2026-09-28 07:48:36,587 - tpp_runner.py[pid:11464;line:104:_train_model] - INFO: [ Epoch 59 (train) ]: train loglike is -0.08735736585172947, num_events is 66675, mark_ll is -1.5256921473682976, time_ll is 1.438334739407574[0m
[38;20m2026-09-28 07:48:36,625 - tpp_runner.py[pid:11464;line:116:_train_model] - INFO: [ Epoch 59 (valid) ]:  valid loglike is -0.5749928004481927, num_events is 17018, mark_ll is -1.6194575788664025, time_ll is 1.044464839388809[0m
[38;20m2026-09-28 07:48:36,675 - tpp_runner.py[pid:11464;line:136:_train_model] - INFO: [ Epoch 59 (test) ]: test loglike is 0.24291709817158946, num_events is 33655, mark_ll is -1.4927862448175884, time_ll is 1.7357033484298396[0m
[31;1m2026-09-28 07:48:36,675 - tpp_runner.py[pid:11464;line:140:_train_model] - CRITICAL: current best loglike on valid set is -0.5750 (updated at epoch-59), best updated at this epoch[0m
[38;20m2026-09-28 07:48:36,896 - tpp_runner.py[pid:11464;line:104:_train_model] - INFO: [ Epoch 60 (train) ]: train loglike is -0.0758991268059266, num_events is 66675, mark_ll is -1.519868297712786, time_ll is 1.4439691864688788[0m
[38;20m2026-09-28 07:48:36,932 - tpp_runner.py[pid:11464;line:116:_train_model] - INFO: [ Epoch 60 (valid) ]:  valid loglike is -0.6076103674005098, num_events is 17018, mark_ll is -1.615642634131875, time_ll is 1.0080323205289528[0m
[38;20m2026-09-28 07:48:36,988 - tpp_runner.py[pid:11464;line:136:_train_model] - INFO: [ Epoch 60 (test) ]: test loglike is 0.22191443618277953, num_events is 33655, mark_ll is -1.4871450621134954, time_ll is 1.7090595286733026[0m
[31;1m2026-09-28 07:48:36,988 - tpp_runner.py[pid:11464;line:140:_train_model] - CRITICAL: current best loglike on valid set is -0.5750 (updated at epoch-59)[0m
[38;20m2026-09-28 07:48:37,197 - tpp_runner.py[pid:11464;line:104:_train_model] - INFO: [ Epoch 61 (train) ]: train loglike is -0.07795602576045182, num_events is 66675, mark_ll is -1.5194809389060742, time_ll is 1.4415248783599315[0m
[38;20m2026-09-28 07:48:37,228 - tpp_runner.py[pid:11464;line:116:_train_model] - INFO: [ Epoch 61 (valid) ]:  valid loglike is -0.6215437309542194, num_events is 17018, mark_ll is -1.6146849581715867, time_ll is 0.9931411949388148[0m
[38;20m2026-09-28 07:48:37,286 - tpp_runner.py[pid:11464;line:136:_train_model] - INFO: [ Epoch 61 (test) ]: test loglike is 0.1929313773015087, num_events is 33655, mark_ll is -1.4868491953043752, time_ll is 1.6797806006026221[0m
[31;1m2026-09-28 07:48:37,286 - tpp_runner.py[pid:11464;line:140:_train_model] - CRITICAL: current best loglike on valid set is -0.5750 (updated at epoch-59)[0m
[38;20m2026-09-28 07:48:37,512 - tpp_runner.py[pid:11464;line:104:_train_model] - INFO: [ Epoch 62 (train) ]: train loglike is -0.06690733284193968, num_events is 66675, mark_ll is -1.5181531068382077, time_ll is 1.451245736006632[0m
[38;20m2026-09-28 07:48:37,544 - tpp_runner.py[pid:11464;line:116:_train_model] - INFO: [ Epoch 62 (valid) ]:  valid loglike is -0.6118458191843287, num_events is 17018, mark_ll is -1.6145914292724983, time_ll is 1.0027456100881695[0m
[38;20m2026-09-28 07:48:37,617 - tpp_runner.py[pid:11464;line:136:_train_model] - INFO: [ Epoch 62 (test) ]: test loglike is 0.2348603496401329, num_events is 33655, mark_ll is -1.4906879883537922, time_ll is 1.725548338900702[0m
[31;1m2026-09-28 07:48:37,617 - tpp_runner.py[pid:11464;line:140:_train_model] - CRITICAL: current best loglike on valid set is -0.5750 (updated at epoch-59)[0m
[38;20m2026-09-28 07:48:37,843 - tpp_runner.py[pid:11464;line:104:_train_model] - INFO: [ Epoch 63 (train) ]: train loglike is -0.06843794351755836, num_events is 66675, mark_ll is -1.5224819773504874, time_ll is 1.4540439482418213[0m
[38;20m2026-09-28 07:48:37,875 - tpp_runner.py[pid:11464;line:116:_train_model] - INFO: [ Epoch 63 (valid) ]:  valid loglike is -0.6082691116862018, num_events is 17018, mark_ll is -1.6160059471726627, time_ll is 1.0077368390729669[0m
[38;20m2026-09-28 07:48:37,938 - tpp_runner.py[pid:11464;line:136:_train_model] - INFO: [ Epoch 63 (test) ]: test loglike is 0.2140122022162644, num_events is 33655, mark_ll is -1.4923643795382373, time_ll is 1.70637655704483[0m
[31;1m2026-09-28 07:48:37,938 - tpp_runner.py[pid:11464;line:140:_train_model] - CRITICAL: current best loglike on valid set is -0.5750 (updated at epoch-59)[0m
[38;20m2026-09-28 07:48:38,159 - tpp_runner.py[pid:11464;line:104:_train_model] - INFO: [ Epoch 64 (train) ]: train loglike is -0.060234366303577286, num_events is 66675, mark_ll is -1.5191112878468316, time_ll is 1.4588769018618766[0m
[38;20m2026-09-28 07:48:38,191 - tpp_runner.py[pid:11464;line:116:_train_model] - INFO: [ Epoch 64 (valid) ]:  valid loglike is -0.6332598054208687, num_events is 17018, mark_ll is -1.6141288058852208, time_ll is 0.9808690040508579[0m
[38;20m2026-09-28 07:48:38,238 - tpp_runner.py[pid:11464;line:136:_train_model] - INFO: [ Epoch 64 (test) ]: test loglike is 0.2203515347072866, num_events is 33655, mark_ll is -1.4885207007746342, time_ll is 1.7088722937423395[0m
[31;1m2026-09-28 07:48:38,238 - tpp_runner.py[pid:11464;line:140:_train_model] - CRITICAL: current best loglike on valid set is -0.5750 (updated at epoch-59)[0m
[38;20m2026-09-28 07:48:38,462 - tpp_runner.py[pid:11464;line:104:_train_model] - INFO: [ Epoch 65 (train) ]: train loglike is -0.04877373036347751, num_events is 66675, mark_ll is -1.5158955155019684, time_ll is 1.4671217898299822[0m
[38;20m2026-09-28 07:48:38,491 - tpp_runner.py[pid:11464;line:116:_train_model] - INFO: [ Epoch 65 (valid) ]:  valid loglike is -0.6026930885794637, num_events is 17018, mark_ll is -1.6146545804671892, time_ll is 1.011961434503632[0m
[38;20m2026-09-28 07:48:38,555 - tpp_runner.py[pid:11464;line:136:_train_model] - INFO: [ Epoch 65 (test) ]: test loglike is 0.20259150775823848, num_events is 33655, mark_ll is -1.4920989949429413, time_ll is 1.6946905090486184[0m
[31;1m2026-09-28 07:48:38,555 - tpp_runner.py[pid:11464;line:140:_train_model] - CRITICAL: current best loglike on valid set is -0.5750 (updated at epoch-59)[0m
[38;20m2026-09-28 07:48:38,762 - tpp_runner.py[pid:11464;line:104:_train_model] - INFO: [ Epoch 66 (train) ]: train loglike is -0.05278263694211075, num_events is 66675, mark_ll is -1.5159492612251593, time_ll is 1.4631666879042464[0m
[38;20m2026-09-28 07:48:38,795 - tpp_runner.py[pid:11464;line:116:_train_model] - INFO: [ Epoch 66 (valid) ]:  valid loglike is -0.5921988218816107, num_events is 17018, mark_ll is -1.6138121030742265, time_ll is 1.021613342163215[0m
[38;20m2026-09-28 07:48:38,870 - tpp_runner.py[pid:11464;line:136:_train_model] - INFO: [ Epoch 66 (test) ]: test loglike is 0.2033813322410419, num_events is 33655, mark_ll is -1.4901104222185597, time_ll is 1.6934917281630701[0m
[31;1m2026-09-28 07:48:38,870 - tpp_runner.py[pid:11464;line:140:_train_model] - CRITICAL: current best loglike on valid set is -0.5750 (updated at epoch-59)[0m
[38;20m2026-09-28 07:48:39,075 - tpp_runner.py[pid:11464;line:104:_train_model] - INFO: [ Epoch 67 (train) ]: train loglike is -0.04177352327419034, num_events is 66675, mark_ll is -1.5171700705380577, time_ll is 1.475396534905793[0m
[38;20m2026-09-28 07:48:39,107 - tpp_runner.py[pid:11464;line:116:_train_model] - INFO: [ Epoch 67 (valid) ]:  valid loglike is -0.6234237127542804, num_events is 17018, mark_ll is -1.613152365326419, time_ll is 0.9897285629094928[0m
[38;20m2026-09-28 07:48:39,176 - tpp_runner.py[pid:11464;line:136:_train_model] - INFO: [ Epoch 67 (test) ]: test loglike is 0.1856830128233494, num_events is 33655, mark_ll is -1.4926600649919681, time_ll is 1.6783431197537513[0m
[31;1m2026-09-28 07:48:39,176 - tpp_runner.py[pid:11464;line:140:_train_model] - CRITICAL: current best loglike on valid set is -0.5750 (updated at epoch-59)[0m
[38;20m2026-09-28 07:48:39,379 - tpp_runner.py[pid:11464;line:104:_train_model] - INFO: [ Epoch 68 (train) ]: train loglike is -0.03583605027887139, num_events is 66675, mark_ll is -1.5147551892927447, time_ll is 1.4789191371830475[0m
[38;20m2026-09-28 07:48:39,418 - tpp_runner.py[pid:11464;line:116:_train_model] - INFO: [ Epoch 68 (valid) ]:  valid loglike is -0.6269031219356894, num_events is 17018, mark_ll is -1.6083370293471435, time_ll is 0.9814339002384423[0m
[38;20m2026-09-28 07:48:39,469 - tpp_runner.py[pid:11464;line:136:_train_model] - INFO: [ Epoch 68 (test) ]: test loglike is 0.1695976625702353, num_events is 33655, mark_ll is -1.4861615138039017, time_ll is 1.6557591797745506[0m
[31;1m2026-09-28 07:48:39,469 - tpp_runner.py[pid:11464;line:140:_train_model] - CRITICAL: current best loglike on valid set is -0.5750 (updated at epoch-59)[0m
[38;20m2026-09-28 07:48:39,690 - tpp_runner.py[pid:11464;line:104:_train_model] - INFO: [ Epoch 69 (train) ]: train loglike is -0.03014643848992753, num_events is 66675, mark_ll is -1.5116495630917228, time_ll is 1.4815031373031495[0m
[38;20m2026-09-28 07:48:39,807 - tpp_runner.py[pid:11464;line:116:_train_model] - INFO: [ Epoch 69 (valid) ]:  valid loglike is -0.6240536322926001, num_events is 17018, mark_ll is -1.612082668442972, time_ll is 0.9880290361503721[0m
[38;20m2026-09-28 07:48:39,865 - tpp_runner.py[pid:11464;line:136:_train_model] - INFO: [ Epoch 69 (test) ]: test loglike is 0.19975971997784853, num_events is 33655, mark_ll is -1.4882051024991643, time_ll is 1.6879648174897397[0m
[31;1m2026-09-28 07:48:39,865 - tpp_runner.py[pid:11464;line:140:_train_model] - CRITICAL: current best loglike on valid set is -0.5750 (updated at epoch-59)[0m
[38;20m2026-09-28 07:48:40,085 - tpp_runner.py[pid:11464;line:104:_train_model] - INFO: [ Epoch 70 (train) ]: train loglike is -0.021968340078095706, num_events is 66675, mark_ll is -1.5120446260135452, time_ll is 1.4900763014974692[0m
[38;20m2026-09-28 07:48:40,116 - tpp_runner.py[pid:11464;line:116:_train_model] - INFO: [ Epoch 70 (valid) ]:  valid loglike is -0.6192999088970135, num_events is 17018, mark_ll is -1.6133272003127204, time_ll is 0.9940272698966719[0m
[38;20m2026-09-28 07:48:40,164 - tpp_runner.py[pid:11464;line:136:_train_model] - INFO: [ Epoch 70 (test) ]: test loglike is 0.18133240426176458, num_events is 33655, mark_ll is -1.4897369969636756, time_ll is 1.671069470140488[0m
[31;1m2026-09-28 07:48:40,164 - tpp_runner.py[pid:11464;line:140:_train_model] - CRITICAL: current best loglike on valid set is -0.5750 (updated at epoch-59)[0m
[38;20m2026-09-28 07:48:40,386 - tpp_runner.py[pid:11464;line:104:_train_model] - INFO: [ Epoch 71 (train) ]: train loglike is -0.02059671088019515, num_events is 66675, mark_ll is -1.512514229178384, time_ll is 1.4919175044525683[0m
[38;20m2026-09-28 07:48:40,418 - tpp_runner.py[pid:11464;line:116:_train_model] - INFO: [ Epoch 71 (valid) ]:  valid loglike is -0.6769884840023477, num_events is 17018, mark_ll is -1.6115315803028412, time_ll is 0.9345430980937464[0m
[38;20m2026-09-28 07:48:40,472 - tpp_runner.py[pid:11464;line:136:_train_model] - INFO: [ Epoch 71 (test) ]: test loglike is 0.17649616371237528, num_events is 33655, mark_ll is -1.4893773148201883, time_ll is 1.6658734641374795[0m
[31;1m2026-09-28 07:48:40,472 - tpp_runner.py[pid:11464;line:140:_train_model] - CRITICAL: current best loglike on valid set is -0.5750 (updated at epoch-59)[0m
[38;20m2026-09-28 07:48:40,698 - tpp_runner.py[pid:11464;line:104:_train_model] - INFO: [ Epoch 72 (train) ]: train loglike is -0.011281133422165003, num_events is 66675, mark_ll is -1.5088596737907762, time_ll is 1.4975785387666385[0m
[38;20m2026-09-28 07:48:40,718 - tpp_runner.py[pid:11464;line:116:_train_model] - INFO: [ Epoch 72 (valid) ]:  valid loglike is -0.6826934796520596, num_events is 17018, mark_ll is -1.6151540372693618, time_ll is 0.9324605360982673[0m
[38;20m2026-09-28 07:48:40,781 - tpp_runner.py[pid:11464;line:136:_train_model] - INFO: [ Epoch 72 (test) ]: test loglike is 0.11917412995477432, num_events is 33655, mark_ll is -1.4915641670187378, time_ll is 1.6107383137488858[0m
[31;1m2026-09-28 07:48:40,781 - tpp_runner.py[pid:11464;line:140:_train_model] - CRITICAL: current best loglike on valid set is -0.5750 (updated at epoch-59)[0m
[38;20m2026-09-28 07:48:41,004 - tpp_runner.py[pid:11464;line:104:_train_model] - INFO: [ Epoch 73 (train) ]: train loglike is -0.012168774542220309, num_events is 66675, mark_ll is -1.5120315649020435, time_ll is 1.4998627539721596[0m
[38;20m2026-09-28 07:48:41,043 - tpp_runner.py[pid:11464;line:116:_train_model] - INFO: [ Epoch 73 (valid) ]:  valid loglike is -0.6394720925947435, num_events is 17018, mark_ll is -1.6094555385749647, time_ll is 0.9699834495667271[0m
[38;20m2026-09-28 07:48:41,130 - tpp_runner.py[pid:11464;line:136:_train_model] - INFO: [ Epoch 73 (test) ]: test loglike is 0.17186606325980655, num_events is 33655, mark_ll is -1.486393122771505, time_ll is 1.6582591928321386[0m
[31;1m2026-09-28 07:48:41,130 - tpp_runner.py[pid:11464;line:140:_train_model] - CRITICAL: current best loglike on valid set is -0.5750 (updated at epoch-59)[0m
[38;20m2026-09-28 07:48:41,350 - tpp_runner.py[pid:11464;line:104:_train_model] - INFO: [ Epoch 74 (train) ]: train loglike is -0.007152654349602784, num_events is 66675, mark_ll is -1.5092684605830522, time_ll is 1.5021157755671166[0m
[38;20m2026-09-28 07:48:41,381 - tpp_runner.py[pid:11464;line:116:_train_model] - INFO: [ Epoch 74 (valid) ]:  valid loglike is -0.6434801957738681, num_events is 17018, mark_ll is -1.6065856883382668, time_ll is 0.9631055176699396[0m
[38;20m2026-09-28 07:48:41,431 - tpp_runner.py[pid:11464;line:136:_train_model] - INFO: [ Epoch 74 (test) ]: test loglike is 0.15934116928560776, num_events is 33655, mark_ll is -1.4884179339297652, time_ll is 1.647759082132809[0m
[31;1m2026-09-28 07:48:41,431 - tpp_runner.py[pid:11464;line:140:_train_model] - CRITICAL: current best loglike on valid set is -0.5750 (updated at epoch-59)[0m
[38;20m2026-09-28 07:48:41,667 - tpp_runner.py[pid:11464;line:104:_train_model] - INFO: [ Epoch 75 (train) ]: train loglike is -0.002102075955105221, num_events is 66675, mark_ll is -1.5084407002835583, time_ll is 1.5063385918312946[0m
[38;20m2026-09-28 07:48:41,698 - tpp_runner.py[pid:11464;line:116:_train_model] - INFO: [ Epoch 75 (valid) ]:  valid loglike is -0.6827318624374743, num_events is 17018, mark_ll is -1.6104782378859883, time_ll is 0.9277463467564674[0m
[38;20m2026-09-28 07:48:41,756 - tpp_runner.py[pid:11464;line:136:_train_model] - INFO: [ Epoch 75 (test) ]: test loglike is 0.12733473210326984, num_events is 33655, mark_ll is -1.4886248205307069, time_ll is 1.6159596079473704[0m
[31;1m2026-09-28 07:48:41,756 - tpp_runner.py[pid:11464;line:140:_train_model] - CRITICAL: current best loglike on valid set is -0.5750 (updated at epoch-59)[0m
[38;20m2026-09-28 07:48:41,983 - tpp_runner.py[pid:11464;line:104:_train_model] - INFO: [ Epoch 76 (train) ]: train loglike is 0.005171650678064656, num_events is 66675, mark_ll is -1.5079010607072554, time_ll is 1.5130727225991283[0m
[38;20m2026-09-28 07:48:42,013 - tpp_runner.py[pid:11464;line:116:_train_model] - INFO: [ Epoch 76 (valid) ]:  valid loglike is -0.6658281135088353, num_events is 17018, mark_ll is -1.6090086312562435, time_ll is 0.9431805159541552[0m
[38;20m2026-09-28 07:48:42,060 - tpp_runner.py[pid:11464;line:136:_train_model] - INFO: [ Epoch 76 (test) ]: test loglike is 0.13616206739122738, num_events is 33655, mark_ll is -1.488450733865464, time_ll is 1.6246128026168567[0m
[31;1m2026-09-28 07:48:42,060 - tpp_runner.py[pid:11464;line:140:_train_model] - CRITICAL: current best loglike on valid set is -0.5750 (updated at epoch-59)[0m
[38;20m2026-09-28 07:48:42,277 - tpp_runner.py[pid:11464;line:104:_train_model] - INFO: [ Epoch 77 (train) ]: train loglike is 0.0052971563063894354, num_events is 66675, mark_ll is -1.5070372953869047, time_ll is 1.5123344274348518[0m
[38;20m2026-09-28 07:48:42,299 - tpp_runner.py[pid:11464;line:116:_train_model] - INFO: [ Epoch 77 (valid) ]:  valid loglike is -0.660710946164998, num_events is 17018, mark_ll is -1.606820088013427, time_ll is 0.9461092064055339[0m
[38;20m2026-09-28 07:48:42,360 - tpp_runner.py[pid:11464;line:136:_train_model] - INFO: [ Epoch 77 (test) ]: test loglike is 0.15130143166296797, num_events is 33655, mark_ll is -1.4865459183140506, time_ll is 1.6378472883161863[0m
[31;1m2026-09-28 07:48:42,360 - tpp_runner.py[pid:11464;line:140:_train_model] - CRITICAL: current best loglike on valid set is -0.5750 (updated at epoch-59)[0m
[38;20m2026-09-28 07:48:42,574 - tpp_runner.py[pid:11464;line:104:_train_model] - INFO: [ Epoch 78 (train) ]: train loglike is 0.008268317961719628, num_events is 66675, mark_ll is -1.5059934060976752, time_ll is 1.5142617286364595[0m
[38;20m2026-09-28 07:48:42,597 - tpp_runner.py[pid:11464;line:116:_train_model] - INFO: [ Epoch 78 (valid) ]:  valid loglike is -0.6821123365930559, num_events is 17018, mark_ll is -1.6098926188677063, time_ll is 0.9277801961985104[0m
[38;20m2026-09-28 07:48:42,660 - tpp_runner.py[pid:11464;line:136:_train_model] - INFO: [ Epoch 78 (test) ]: test loglike is 0.12652781940891492, num_events is 33655, mark_ll is -1.488482514583875, time_ll is 1.6150103430605594[0m
[31;1m2026-09-28 07:48:42,660 - tpp_runner.py[pid:11464;line:140:_train_model] - CRITICAL: current best loglike on valid set is -0.5750 (updated at epoch-59)[0m
[38;20m2026-09-28 07:48:42,883 - tpp_runner.py[pid:11464;line:104:_train_model] - INFO: [ Epoch 79 (train) ]: train loglike is 0.004438722350868251, num_events is 66675, mark_ll is -1.507398154820491, time_ll is 1.5118369005143888[0m
[38;20m2026-09-28 07:48:42,914 - tpp_runner.py[pid:11464;line:116:_train_model] - INFO: [ Epoch 79 (valid) ]:  valid loglike is -0.6708512785348142, num_events is 17018, mark_ll is -1.610142827860574, time_ll is 0.9392916031233474[0m
[38;20m2026-09-28 07:48:42,978 - tpp_runner.py[pid:11464;line:136:_train_model] - INFO: [ Epoch 79 (test) ]: test loglike is 0.1263684692292135, num_events is 33655, mark_ll is -1.4908203850421557, time_ll is 1.617188849284096[0m
[31;1m2026-09-28 07:48:42,978 - tpp_runner.py[pid:11464;line:140:_train_model] - CRITICAL: current best loglike on valid set is -0.5750 (updated at epoch-59)[0m
[38;20m2026-09-28 07:48:43,199 - tpp_runner.py[pid:11464;line:104:_train_model] - INFO: [ Epoch 80 (train) ]: train loglike is 0.011274248372761999, num_events is 66675, mark_ll is -1.507029693798041, time_ll is 1.51830400716512[0m
[38;20m2026-09-28 07:48:43,235 - tpp_runner.py[pid:11464;line:116:_train_model] - INFO: [ Epoch 80 (valid) ]:  valid loglike is -0.674621069160916, num_events is 17018, mark_ll is -1.6098677141712083, time_ll is 0.9352466450102924[0m
[38;20m2026-09-28 07:48:43,294 - tpp_runner.py[pid:11464;line:136:_train_model] - INFO: [ Epoch 80 (test) ]: test loglike is 0.1152905897300039, num_events is 33655, mark_ll is -1.488307198329093, time_ll is 1.6035978297708364[0m
[31;1m2026-09-28 07:48:43,294 - tpp_runner.py[pid:11464;line:140:_train_model] - CRITICAL: current best loglike on valid set is -0.5750 (updated at epoch-59)[0m
[38;20m2026-09-28 07:48:43,516 - tpp_runner.py[pid:11464;line:104:_train_model] - INFO: [ Epoch 81 (train) ]: train loglike is 0.017807718798333802, num_events is 66675, mark_ll is -1.506618871127437, time_ll is 1.524426610980268[0m
[38;20m2026-09-28 07:48:43,564 - tpp_runner.py[pid:11464;line:116:_train_model] - INFO: [ Epoch 81 (valid) ]:  valid loglike is -0.6864995352318822, num_events is 17018, mark_ll is -1.6081573454049574, time_ll is 0.9216577868607871[0m
[38;20m2026-09-28 07:48:43,628 - tpp_runner.py[pid:11464;line:136:_train_model] - INFO: [ Epoch 81 (test) ]: test loglike is 0.11733602099602121, num_events is 33655, mark_ll is -1.488567642803586, time_ll is 1.6059037055113468[0m
[31;1m2026-09-28 07:48:43,628 - tpp_runner.py[pid:11464;line:140:_train_model] - CRITICAL: current best loglike on valid set is -0.5750 (updated at epoch-59)[0m
[38;20m2026-09-28 07:48:43,851 - tpp_runner.py[pid:11464;line:104:_train_model] - INFO: [ Epoch 82 (train) ]: train loglike is 0.017019044341869377, num_events is 66675, mark_ll is -1.5053139280441508, time_ll is 1.5223330414996954[0m
[38;20m2026-09-28 07:48:43,883 - tpp_runner.py[pid:11464;line:116:_train_model] - INFO: [ Epoch 82 (valid) ]:  valid loglike is -0.6850591568314156, num_events is 17018, mark_ll is -1.6081639517486999, time_ll is 0.9231047698117435[0m
[38;20m2026-09-28 07:48:43,946 - tpp_runner.py[pid:11464;line:136:_train_model] - INFO: [ Epoch 82 (test) ]: test loglike is 0.12762848612210528, num_events is 33655, mark_ll is -1.4884570486601174, time_ll is 1.6160856064176015[0m
[31;1m2026-09-28 07:48:43,946 - tpp_runner.py[pid:11464;line:140:_train_model] - CRITICAL: current best loglike on valid set is -0.5750 (updated at epoch-59)[0m
[38;20m2026-09-28 07:48:44,167 - tpp_runner.py[pid:11464;line:104:_train_model] - INFO: [ Epoch 83 (train) ]: train loglike is 0.02189143486580779, num_events is 66675, mark_ll is -1.5044889103217567, time_ll is 1.526380365784355[0m
[38;20m2026-09-28 07:48:44,202 - tpp_runner.py[pid:11464;line:116:_train_model] - INFO: [ Epoch 83 (valid) ]:  valid loglike is -0.6889543729462233, num_events is 17018, mark_ll is -1.6072117344502879, time_ll is 0.9182573884028584[0m
[38;20m2026-09-28 07:48:44,245 - tpp_runner.py[pid:11464;line:136:_train_model] - INFO: [ Epoch 83 (test) ]: test loglike is 0.09578594501899444, num_events is 33655, mark_ll is -1.4868447774870932, time_ll is 1.5826307746457622[0m
[31;1m2026-09-28 07:48:44,245 - tpp_runner.py[pid:11464;line:140:_train_model] - CRITICAL: current best loglike on valid set is -0.5750 (updated at epoch-59)[0m
[38;20m2026-09-28 07:48:44,468 - tpp_runner.py[pid:11464;line:104:_train_model] - INFO: [ Epoch 84 (train) ]: train loglike is 0.022187932532603347, num_events is 66675, mark_ll is -1.5062236946944132, time_ll is 1.5284116121227034[0m
[38;20m2026-09-28 07:48:44,499 - tpp_runner.py[pid:11464;line:116:_train_model] - INFO: [ Epoch 84 (valid) ]:  valid loglike is -0.6989300757320833, num_events is 17018, mark_ll is -1.6097822190451838, time_ll is 0.910852197110688[0m
[38;20m2026-09-28 07:48:44,565 - tpp_runner.py[pid:11464;line:136:_train_model] - INFO: [ Epoch 84 (test) ]: test loglike is 0.09071229632338945, num_events is 33655, mark_ll is -1.48902621441372, time_ll is 1.579738500762563[0m
[31;1m2026-09-28 07:48:44,565 - tpp_runner.py[pid:11464;line:140:_train_model] - CRITICAL: current best loglike on valid set is -0.5750 (updated at epoch-59)[0m
[38;20m2026-09-28 07:48:44,783 - tpp_runner.py[pid:11464;line:104:_train_model] - INFO: [ Epoch 85 (train) ]: train loglike is 0.028286655513275683, num_events is 66675, mark_ll is -1.50480152749461, time_ll is 1.5330881839232986[0m
[38;20m2026-09-28 07:48:44,814 - tpp_runner.py[pid:11464;line:116:_train_model] - INFO: [ Epoch 85 (valid) ]:  valid loglike is -0.6918149323395633, num_events is 17018, mark_ll is -1.6071264043035316, time_ll is 0.9153114970695091[0m
[38;20m2026-09-28 07:48:44,886 - tpp_runner.py[pid:11464;line:136:_train_model] - INFO: [ Epoch 85 (test) ]: test loglike is 0.09989288425289704, num_events is 33655, mark_ll is -1.48669197831744, time_ll is 1.5865848516890135[0m
[31;1m2026-09-28 07:48:44,886 - tpp_runner.py[pid:11464;line:140:_train_model] - CRITICAL: current best loglike on valid set is -0.5750 (updated at epoch-59)[0m
[38;20m2026-09-28 07:48:45,100 - tpp_runner.py[pid:11464;line:104:_train_model] - INFO: [ Epoch 86 (train) ]: train loglike is 0.024597293380319647, num_events is 66675, mark_ll is -1.5041318004194788, time_ll is 1.5287291249238377[0m
[38;20m2026-09-28 07:48:45,136 - tpp_runner.py[pid:11464;line:116:_train_model] - INFO: [ Epoch 86 (valid) ]:  valid loglike is -0.6928543806328226, num_events is 17018, mark_ll is -1.608067101745211, time_ll is 0.91521277132347[0m
[38;20m2026-09-28 07:48:45,195 - tpp_runner.py[pid:11464;line:136:_train_model] - INFO: [ Epoch 86 (test) ]: test loglike is 0.0845874968299078, num_events is 33655, mark_ll is -1.4874362100553873, time_ll is 1.5720236969107488[0m
[31;1m2026-09-28 07:48:45,195 - tpp_runner.py[pid:11464;line:140:_train_model] - CRITICAL: current best loglike on valid set is -0.5750 (updated at epoch-59)[0m
[38;20m2026-09-28 07:48:45,401 - tpp_runner.py[pid:11464;line:104:_train_model] - INFO: [ Epoch 87 (train) ]: train loglike is 0.03000169648898868, num_events is 66675, mark_ll is -1.5038413582091301, time_ll is 1.5338430022907292[0m
[38;20m2026-09-28 07:48:45,445 - tpp_runner.py[pid:11464;line:116:_train_model] - INFO: [ Epoch 87 (valid) ]:  valid loglike is -0.7116193826280676, num_events is 17018, mark_ll is -1.6076727797749992, time_ll is 0.8960534025266905[0m
[38;20m2026-09-28 07:48:45,496 - tpp_runner.py[pid:11464;line:136:_train_model] - INFO: [ Epoch 87 (test) ]: test loglike is 0.08647169771422569, num_events is 33655, mark_ll is -1.4870072610345324, time_ll is 1.5734790231299212[0m
[31;1m2026-09-28 07:48:45,496 - tpp_runner.py[pid:11464;line:140:_train_model] - CRITICAL: current best loglike on valid set is -0.5750 (updated at epoch-59)[0m
[38;20m2026-09-28 07:48:45,718 - tpp_runner.py[pid:11464;line:104:_train_model] - INFO: [ Epoch 88 (train) ]: train loglike is 0.029081875858657315, num_events is 66675, mark_ll is -1.5041906431617922, time_ll is 1.5332725169607706[0m
[38;20m2026-09-28 07:48:45,734 - tpp_runner.py[pid:11464;line:116:_train_model] - INFO: [ Epoch 88 (valid) ]:  valid loglike is -0.6922443948939174, num_events is 17018, mark_ll is -1.6085738606732578, time_ll is 0.9163295518554803[0m
[38;20m2026-09-28 07:48:45,798 - tpp_runner.py[pid:11464;line:136:_train_model] - INFO: [ Epoch 88 (test) ]: test loglike is 0.08230991706400423, num_events is 33655, mark_ll is -1.4872594647201383, time_ll is 1.5695693709028191[0m
[31;1m2026-09-28 07:48:45,798 - tpp_runner.py[pid:11464;line:140:_train_model] - CRITICAL: current best loglike on valid set is -0.5750 (updated at epoch-59)[0m
[38;20m2026-09-28 07:48:46,014 - tpp_runner.py[pid:11464;line:104:_train_model] - INFO: [ Epoch 89 (train) ]: train loglike is 0.03451775841557403, num_events is 66675, mark_ll is -1.5036049436691508, time_ll is 1.5381227261143138[0m
[38;20m2026-09-28 07:48:46,046 - tpp_runner.py[pid:11464;line:116:_train_model] - INFO: [ Epoch 89 (valid) ]:  valid loglike is -0.7082097668501504, num_events is 17018, mark_ll is -1.6079906302678597, time_ll is 0.899780893903009[0m
[38;20m2026-09-28 07:48:46,112 - tpp_runner.py[pid:11464;line:136:_train_model] - INFO: [ Epoch 89 (test) ]: test loglike is 0.08808737020757502, num_events is 33655, mark_ll is -1.4870725308391213, time_ll is 1.5751598792840495[0m
[31;1m2026-09-28 07:48:46,112 - tpp_runner.py[pid:11464;line:140:_train_model] - CRITICAL: current best loglike on valid set is -0.5750 (updated at epoch-59)[0m
[38;20m2026-09-28 07:48:46,335 - tpp_runner.py[pid:11464;line:104:_train_model] - INFO: [ Epoch 90 (train) ]: train loglike is 0.035100731579695114, num_events is 66675, mark_ll is -1.5037220323045557, time_ll is 1.538822800958474[0m
[38;20m2026-09-28 07:48:46,375 - tpp_runner.py[pid:11464;line:116:_train_model] - INFO: [ Epoch 90 (valid) ]:  valid loglike is -0.7245439517538644, num_events is 17018, mark_ll is -1.6084768241714655, time_ll is 0.8839328670378422[0m
[38;20m2026-09-28 07:48:46,427 - tpp_runner.py[pid:11464;line:136:_train_model] - INFO: [ Epoch 90 (test) ]: test loglike is 0.08372047661211883, num_events is 33655, mark_ll is -1.4877406731099576, time_ll is 1.5714611288662068[0m
[31;1m2026-09-28 07:48:46,427 - tpp_runner.py[pid:11464;line:140:_train_model] - CRITICAL: current best loglike on valid set is -0.5750 (updated at epoch-59)[0m
[38;20m2026-09-28 07:48:46,655 - tpp_runner.py[pid:11464;line:104:_train_model] - INFO: [ Epoch 91 (train) ]: train loglike is 0.03362545853033019, num_events is 66675, mark_ll is -1.5035358446405136, time_ll is 1.53716127525075[0m
[38;20m2026-09-28 07:48:46,682 - tpp_runner.py[pid:11464;line:116:_train_model] - INFO: [ Epoch 91 (valid) ]:  valid loglike is -0.7078804216060981, num_events is 17018, mark_ll is -1.6082097083901052, time_ll is 0.9003292311931668[0m
[38;20m2026-09-28 07:48:46,729 - tpp_runner.py[pid:11464;line:136:_train_model] - INFO: [ Epoch 91 (test) ]: test loglike is 0.06934175175377916, num_events is 33655, mark_ll is -1.4874166490631036, time_ll is 1.556758360918697[0m
[31;1m2026-09-28 07:48:46,729 - tpp_runner.py[pid:11464;line:140:_train_model] - CRITICAL: current best loglike on valid set is -0.5750 (updated at epoch-59)[0m
[38;20m2026-09-28 07:48:46,951 - tpp_runner.py[pid:11464;line:104:_train_model] - INFO: [ Epoch 92 (train) ]: train loglike is 0.03750817555276294, num_events is 66675, mark_ll is -1.5034909967308774, time_ll is 1.5409992171388733[0m
[38;20m2026-09-28 07:48:46,982 - tpp_runner.py[pid:11464;line:116:_train_model] - INFO: [ Epoch 92 (valid) ]:  valid loglike is -0.6957543001344165, num_events is 17018, mark_ll is -1.608159547519538, time_ll is 0.9124052473851216[0m
[38;20m2026-09-28 07:48:47,053 - tpp_runner.py[pid:11464;line:136:_train_model] - INFO: [ Epoch 92 (test) ]: test loglike is 0.0843588965482121, num_events is 33655, mark_ll is -1.4872112532034616, time_ll is 1.5715700835569566[0m
[31;1m2026-09-28 07:48:47,053 - tpp_runner.py[pid:11464;line:140:_train_model] - CRITICAL: current best loglike on valid set is -0.5750 (updated at epoch-59)[0m
[38;20m2026-09-28 07:48:47,267 - tpp_runner.py[pid:11464;line:104:_train_model] - INFO: [ Epoch 93 (train) ]: train loglike is 0.0377518305512104, num_events is 66675, mark_ll is -1.5032006790166854, time_ll is 1.5409524981252343[0m
[38;20m2026-09-28 07:48:47,292 - tpp_runner.py[pid:11464;line:116:_train_model] - INFO: [ Epoch 93 (valid) ]:  valid loglike is -0.7030318745828177, num_events is 17018, mark_ll is -1.6079002216288452, time_ll is 0.9048683488392805[0m
[38;20m2026-09-28 07:48:47,349 - tpp_runner.py[pid:11464;line:136:_train_model] - INFO: [ Epoch 93 (test) ]: test loglike is 0.07118119412803169, num_events is 33655, mark_ll is -1.4871850763665782, time_ll is 1.5583662360370858[0m
[31;1m2026-09-28 07:48:47,349 - tpp_runner.py[pid:11464;line:140:_train_model] - CRITICAL: current best loglike on valid set is -0.5750 (updated at epoch-59)[0m
[38;20m2026-09-28 07:48:47,552 - tpp_runner.py[pid:11464;line:104:_train_model] - INFO: [ Epoch 94 (train) ]: train loglike is 0.03888590311709083, num_events is 66675, mark_ll is -1.5031391376370922, time_ll is 1.5420250068839052[0m
[38;20m2026-09-28 07:48:47,584 - tpp_runner.py[pid:11464;line:116:_train_model] - INFO: [ Epoch 94 (valid) ]:  valid loglike is -0.7079565218800957, num_events is 17018, mark_ll is -1.6078384763444404, time_ll is 0.899881929358804[0m
[38;20m2026-09-28 07:48:47,653 - tpp_runner.py[pid:11464;line:136:_train_model] - INFO: [ Epoch 94 (test) ]: test loglike is 0.07223503578649625, num_events is 33655, mark_ll is -1.4871195961897379, time_ll is 1.559354615654249[0m
[31;1m2026-09-28 07:48:47,653 - tpp_runner.py[pid:11464;line:140:_train_model] - CRITICAL: current best loglike on valid set is -0.5750 (updated at epoch-59)[0m
[38;20m2026-09-28 07:48:47,894 - tpp_runner.py[pid:11464;line:104:_train_model] - INFO: [ Epoch 95 (train) ]: train loglike is 0.03790130100314609, num_events is 66675, mark_ll is -1.503117830486033, time_ll is 1.541019138354776[0m
[38;20m2026-09-28 07:48:47,941 - tpp_runner.py[pid:11464;line:116:_train_model] - INFO: [ Epoch 95 (valid) ]:  valid loglike is -0.7033221502255883, num_events is 17018, mark_ll is -1.6079543563478742, time_ll is 0.904632206122286[0m
[38;20m2026-09-28 07:48:48,012 - tpp_runner.py[pid:11464;line:136:_train_model] - INFO: [ Epoch 95 (test) ]: test loglike is 0.07293013653594377, num_events is 33655, mark_ll is -1.4870661036041264, time_ll is 1.5599962183774234[0m
[31;1m2026-09-28 07:48:48,012 - tpp_runner.py[pid:11464;line:140:_train_model] - CRITICAL: current best loglike on valid set is -0.5750 (updated at epoch-59)[0m
[38;20m2026-09-28 07:48:48,262 - tpp_runner.py[pid:11464;line:104:_train_model] - INFO: [ Epoch 96 (train) ]: train loglike is 0.03587342018038761, num_events is 66675, mark_ll is -1.503101613030793, time_ll is 1.538975052434852[0m
[38;20m2026-09-28 07:48:48,302 - tpp_runner.py[pid:11464;line:116:_train_model] - INFO: [ Epoch 96 (valid) ]:  valid loglike is -0.7174352586920834, num_events is 17018, mark_ll is -1.6080401670864122, time_ll is 0.8906048868752938[0m
[38;20m2026-09-28 07:48:48,391 - tpp_runner.py[pid:11464;line:136:_train_model] - INFO: [ Epoch 96 (test) ]: test loglike is 0.07608775239592232, num_events is 33655, mark_ll is -1.487046248816112, time_ll is 1.563134040203443[0m
[31;1m2026-09-28 07:48:48,391 - tpp_runner.py[pid:11464;line:140:_train_model] - CRITICAL: current best loglike on valid set is -0.5750 (updated at epoch-59)[0m
[38;20m2026-09-28 07:48:48,628 - tpp_runner.py[pid:11464;line:104:_train_model] - INFO: [ Epoch 97 (train) ]: train loglike is 0.03753014363194835, num_events is 66675, mark_ll is -1.5030789400836615, time_ll is 1.5406091011084553[0m
[38;20m2026-09-28 07:48:48,671 - tpp_runner.py[pid:11464;line:116:_train_model] - INFO: [ Epoch 97 (valid) ]:  valid loglike is -0.7222444079487987, num_events is 17018, mark_ll is -1.6080002492765013, time_ll is 0.8857558449142084[0m
[38;20m2026-09-28 07:48:48,739 - tpp_runner.py[pid:11464;line:136:_train_model] - INFO: [ Epoch 97 (test) ]: test loglike is 0.08232087002273761, num_events is 33655, mark_ll is -1.4870269961279898, time_ll is 1.5693478706846122[0m
[31;1m2026-09-28 07:48:48,739 - tpp_runner.py[pid:11464;line:140:_train_model] - CRITICAL: current best loglike on valid set is -0.5750 (updated at epoch-59)[0m
[38;20m2026-09-28 07:48:48,979 - tpp_runner.py[pid:11464;line:104:_train_model] - INFO: [ Epoch 98 (train) ]: train loglike is 0.035899327281355455, num_events is 66675, mark_ll is -1.503054652348144, time_ll is 1.5389540089227127[0m
[38;20m2026-09-28 07:48:49,022 - tpp_runner.py[pid:11464;line:116:_train_model] - INFO: [ Epoch 98 (valid) ]:  valid loglike is -0.7254061136840864, num_events is 17018, mark_ll is -1.607982101556991, time_ll is 0.8825759914594106[0m
[38;20m2026-09-28 07:48:49,088 - tpp_runner.py[pid:11464;line:136:_train_model] - INFO: [ Epoch 98 (test) ]: test loglike is 0.06056881990887544, num_events is 33655, mark_ll is -1.4870320414349187, time_ll is 1.5476008858267716[0m
[31;1m2026-09-28 07:48:49,088 - tpp_runner.py[pid:11464;line:140:_train_model] - CRITICAL: current best loglike on valid set is -0.5750 (updated at epoch-59)[0m
[38;20m2026-09-28 07:48:49,341 - tpp_runner.py[pid:11464;line:104:_train_model] - INFO: [ Epoch 99 (train) ]: train loglike is 0.035982519778411486, num_events is 66675, mark_ll is -1.5030496065921448, time_ll is 1.5390321357535386[0m
[38;20m2026-09-28 07:48:49,373 - tpp_runner.py[pid:11464;line:116:_train_model] - INFO: [ Epoch 99 (valid) ]:  valid loglike is -0.6995599271267923, num_events is 17018, mark_ll is -1.6079768652584763, time_ll is 0.9084169381316841[0m
[38;20m2026-09-28 07:48:49,454 - tpp_runner.py[pid:11464;line:136:_train_model] - INFO: [ Epoch 99 (test) ]: test loglike is 0.0674554190368607, num_events is 33655, mark_ll is -1.4870326544161343, time_ll is 1.554487990936293[0m
[31;1m2026-09-28 07:48:49,454 - tpp_runner.py[pid:11464;line:140:_train_model] - CRITICAL: current best loglike on valid set is -0.5750 (updated at epoch-59)[0m
[38;20m2026-09-28 07:48:49,454 - base_runner.py[pid:11464;line:118:train] - INFO: End RMTPP train! Cost time: 0.532m[0m
RESULT {"model": "RMTPP", "dataset": "lob_aapl", "seed": 2019, "ll_per_event": 0.24291709817158946, "mark_ll": -1.4927862448175884, "time_ll": 1.7357033484298396, "val_ll": -0.5749928004481927, "best_epoch": 59, "n_params": 34962, "seconds": 32.61623406410217, "max_epoch": 100, "batch_size": 64}
