
=== Mon Sep 28 09:04:45 2026 attempt 1: D:\Quant\.venv\Scripts\python.exe -u -m infodiff.baselines.easytpp_runner SAHP lob_amzn 6 2019 100 64
[31;1m2026-09-28 09:04:46,805 - config.py[pid:17624;line:33:build_from_yaml_file] - CRITICAL: Load pipeline config class RunnerConfig[0m
[31;1m2026-09-28 09:04:46,807 - runner_config.py[pid:17624;line:205:update_config] - CRITICAL: train model SAHP using GPU with torch backend[0m
[38;20m2026-09-28 09:04:46,809 - runner_config.py[pid:17624;line:45:__init__] - INFO: Save the config to D:\Quant\results\easytpp\checkpoints/lob_amzn/SAHP/train_2026_09_28_09_04_46\SAHP_train_output.yaml[0m
[38;20m2026-09-28 09:04:46,810 - base_runner.py[pid:17624;line:193:save_log] - INFO: Save the log to D:\Quant\results\easytpp\checkpoints/lob_amzn/SAHP/train_2026_09_28_09_04_46\log[0m
0.41421280161059515 1.2532707187976024
min_dt: 7.275957614183426e-12
max_dt: 26.415379224003118
[38;20m2026-09-28 09:04:51,757 - tpp_runner.py[pid:17624;line:62:_init_model] - INFO: Num of model parameters 2148[0m
[38;20m2026-09-28 09:04:52,468 - base_runner.py[pid:17624;line:103:train] - INFO: Data 'lob_amzn' loaded...[0m
[38;20m2026-09-28 09:04:52,468 - base_runner.py[pid:17624;line:108:train] - INFO: Start SAHP training...[0m
[38;20m2026-09-28 09:04:52,899 - tpp_runner.py[pid:17624;line:104:_train_model] - INFO: [ Epoch 0 (train) ]: train loglike is -2.1089240361515373, num_events is 33274, mark_ll is -1.8016835739099972, time_ll is -0.30724041638354554[0m
[38;20m2026-09-28 09:04:52,921 - tpp_runner.py[pid:17624;line:116:_train_model] - INFO: [ Epoch 0 (valid) ]:  valid loglike is -2.397509477269931, num_events is 9144, mark_ll is -1.7795576494405485, time_ll is -0.6179516409325787[0m
[38;20m2026-09-28 09:04:54,194 - tpp_runner.py[pid:17624;line:136:_train_model] - INFO: [ Epoch 0 (test) ]: test loglike is -1.67137889437854, num_events is 14478, mark_ll is -1.7869151147430584, time_ll is 0.11553622036451858[0m
[31;1m2026-09-28 09:04:54,194 - tpp_runner.py[pid:17624;line:140:_train_model] - CRITICAL: current best loglike on valid set is -2.3975 (updated at epoch-0), best updated at this epoch[0m
[38;20m2026-09-28 09:04:54,364 - tpp_runner.py[pid:17624;line:104:_train_model] - INFO: [ Epoch 1 (train) ]: train loglike is -1.9887826686482408, num_events is 33274, mark_ll is -1.7639409330248468, time_ll is -0.22484183375950206[0m
[38;20m2026-09-28 09:04:54,383 - tpp_runner.py[pid:17624;line:116:_train_model] - INFO: [ Epoch 1 (valid) ]:  valid loglike is -2.1943145778652666, num_events is 9144, mark_ll is -1.734577048794804, time_ll is -0.45973735552343065[0m
[38;20m2026-09-28 09:04:54,411 - tpp_runner.py[pid:17624;line:136:_train_model] - INFO: [ Epoch 1 (test) ]: test loglike is -1.5220211538627573, num_events is 14478, mark_ll is -1.7548625770565687, time_ll is 0.23284147799813726[0m
[31;1m2026-09-28 09:04:54,411 - tpp_runner.py[pid:17624;line:140:_train_model] - CRITICAL: current best loglike on valid set is -2.1943 (updated at epoch-1), best updated at this epoch[0m
[38;20m2026-09-28 09:04:54,570 - tpp_runner.py[pid:17624;line:104:_train_model] - INFO: [ Epoch 2 (train) ]: train loglike is -1.7947430875200043, num_events is 33274, mark_ll is -1.7564858172155813, time_ll is -0.038257260674244294[0m
[38;20m2026-09-28 09:04:54,588 - tpp_runner.py[pid:17624;line:116:_train_model] - INFO: [ Epoch 2 (valid) ]:  valid loglike is -1.9572092558559575, num_events is 9144, mark_ll is -1.7978353024780593, time_ll is -0.15937405683862882[0m
[38;20m2026-09-28 09:04:54,621 - tpp_runner.py[pid:17624;line:136:_train_model] - INFO: [ Epoch 2 (test) ]: test loglike is -1.304456208881579, num_events is 14478, mark_ll is -1.847486204823698, time_ll is 0.5430299453535105[0m
[31;1m2026-09-28 09:04:54,621 - tpp_runner.py[pid:17624;line:140:_train_model] - CRITICAL: current best loglike on valid set is -1.9572 (updated at epoch-2), best updated at this epoch[0m
[38;20m2026-09-28 09:04:54,783 - tpp_runner.py[pid:17624;line:104:_train_model] - INFO: [ Epoch 3 (train) ]: train loglike is -1.518529124419592, num_events is 33274, mark_ll is -1.8340249795025771, time_ll is 0.3154958018877117[0m
[38;20m2026-09-28 09:04:54,793 - tpp_runner.py[pid:17624;line:116:_train_model] - INFO: [ Epoch 3 (valid) ]:  valid loglike is -1.613872110895806, num_events is 9144, mark_ll is -1.9006936114186899, time_ll is 0.2868214604735687[0m
[38;20m2026-09-28 09:04:54,824 - tpp_runner.py[pid:17624;line:136:_train_model] - INFO: [ Epoch 3 (test) ]: test loglike is -1.054932382591259, num_events is 14478, mark_ll is -2.0233432028336096, time_ll is 0.9684109214195676[0m
[31;1m2026-09-28 09:04:54,824 - tpp_runner.py[pid:17624;line:140:_train_model] - CRITICAL: current best loglike on valid set is -1.6139 (updated at epoch-3), best updated at this epoch[0m
[38;20m2026-09-28 09:04:54,987 - tpp_runner.py[pid:17624;line:104:_train_model] - INFO: [ Epoch 4 (train) ]: train loglike is -1.1582176381380733, num_events is 33274, mark_ll is -1.888853303900474, time_ll is 0.7306356529221624[0m
[38;20m2026-09-28 09:04:55,005 - tpp_runner.py[pid:17624;line:116:_train_model] - INFO: [ Epoch 4 (valid) ]:  valid loglike is -1.277944810121391, num_events is 9144, mark_ll is -1.8523557968339894, time_ll is 0.5744110200870277[0m
[38;20m2026-09-28 09:04:55,021 - tpp_runner.py[pid:17624;line:136:_train_model] - INFO: [ Epoch 4 (test) ]: test loglike is -0.7435077952324216, num_events is 14478, mark_ll is -1.9924046937594972, time_ll is 1.2488969659785536[0m
[31;1m2026-09-28 09:04:55,021 - tpp_runner.py[pid:17624;line:140:_train_model] - CRITICAL: current best loglike on valid set is -1.2779 (updated at epoch-4), best updated at this epoch[0m
[38;20m2026-09-28 09:04:55,186 - tpp_runner.py[pid:17624;line:104:_train_model] - INFO: [ Epoch 5 (train) ]: train loglike is -0.8153000616243398, num_events is 33274, mark_ll is -1.8393882590503283, time_ll is 1.0240881900887095[0m
[38;20m2026-09-28 09:04:55,210 - tpp_runner.py[pid:17624;line:116:_train_model] - INFO: [ Epoch 5 (valid) ]:  valid loglike is -0.9688212343818351, num_events is 9144, mark_ll is -1.8525880294626258, time_ll is 0.883766756700197[0m
[38;20m2026-09-28 09:04:55,238 - tpp_runner.py[pid:17624;line:136:_train_model] - INFO: [ Epoch 5 (test) ]: test loglike is -0.4241206451976706, num_events is 14478, mark_ll is -1.9371253744906065, time_ll is 1.5130047798815445[0m
[31;1m2026-09-28 09:04:55,239 - tpp_runner.py[pid:17624;line:140:_train_model] - CRITICAL: current best loglike on valid set is -0.9688 (updated at epoch-5), best updated at this epoch[0m
[38;20m2026-09-28 09:04:55,393 - tpp_runner.py[pid:17624;line:104:_train_model] - INFO: [ Epoch 6 (train) ]: train loglike is -0.5647453587380655, num_events is 33274, mark_ll is -1.8617637319232923, time_ll is 1.2970183594278284[0m
[38;20m2026-09-28 09:04:55,409 - tpp_runner.py[pid:17624;line:116:_train_model] - INFO: [ Epoch 6 (valid) ]:  valid loglike is -0.8291451628543991, num_events is 9144, mark_ll is -1.8748803860454943, time_ll is 1.0457353783821914[0m
[38;20m2026-09-28 09:04:55,441 - tpp_runner.py[pid:17624;line:136:_train_model] - INFO: [ Epoch 6 (test) ]: test loglike is -0.2668414789761837, num_events is 14478, mark_ll is -1.9341289100272827, time_ll is 1.6672873551681862[0m
[31;1m2026-09-28 09:04:55,441 - tpp_runner.py[pid:17624;line:140:_train_model] - CRITICAL: current best loglike on valid set is -0.8291 (updated at epoch-6), best updated at this epoch[0m
[38;20m2026-09-28 09:04:55,594 - tpp_runner.py[pid:17624;line:104:_train_model] - INFO: [ Epoch 7 (train) ]: train loglike is -0.4474984038483031, num_events is 33274, mark_ll is -1.8905275095725078, time_ll is 1.4430290396886927[0m
[38;20m2026-09-28 09:04:55,625 - tpp_runner.py[pid:17624;line:116:_train_model] - INFO: [ Epoch 7 (valid) ]:  valid loglike is -0.6924879019028871, num_events is 9144, mark_ll is -1.9136442783519247, time_ll is 1.2211563497494942[0m
[38;20m2026-09-28 09:04:55,655 - tpp_runner.py[pid:17624;line:136:_train_model] - INFO: [ Epoch 7 (test) ]: test loglike is -0.1572896549263322, num_events is 14478, mark_ll is -1.94969030328343, time_ll is 1.792400606199924[0m
[31;1m2026-09-28 09:04:55,655 - tpp_runner.py[pid:17624;line:140:_train_model] - CRITICAL: current best loglike on valid set is -0.6925 (updated at epoch-7), best updated at this epoch[0m
[38;20m2026-09-28 09:04:55,818 - tpp_runner.py[pid:17624;line:104:_train_model] - INFO: [ Epoch 8 (train) ]: train loglike is -0.37569991497707717, num_events is 33274, mark_ll is -1.9365129745399936, time_ll is 1.5608130274623204[0m
[38;20m2026-09-28 09:04:55,838 - tpp_runner.py[pid:17624;line:116:_train_model] - INFO: [ Epoch 8 (valid) ]:  valid loglike is -0.6792242362221812, num_events is 9144, mark_ll is -1.9482952127932252, time_ll is 1.2690710099454732[0m
[38;20m2026-09-28 09:04:55,859 - tpp_runner.py[pid:17624;line:136:_train_model] - INFO: [ Epoch 8 (test) ]: test loglike is -0.09151107570976492, num_events is 14478, mark_ll is -1.9714849550827116, time_ll is 1.8799740068983977[0m
[31;1m2026-09-28 09:04:55,859 - tpp_runner.py[pid:17624;line:140:_train_model] - CRITICAL: current best loglike on valid set is -0.6792 (updated at epoch-8), best updated at this epoch[0m
[38;20m2026-09-28 09:04:56,029 - tpp_runner.py[pid:17624;line:104:_train_model] - INFO: [ Epoch 9 (train) ]: train loglike is -0.3297859958181618, num_events is 33274, mark_ll is -1.9697023384730288, time_ll is 1.6399163325661084[0m
[38;20m2026-09-28 09:04:56,050 - tpp_runner.py[pid:17624;line:116:_train_model] - INFO: [ Epoch 9 (valid) ]:  valid loglike is -0.5967295622471019, num_events is 9144, mark_ll is -1.9683654197766294, time_ll is 1.3716358141427696[0m
[38;20m2026-09-28 09:04:56,231 - tpp_runner.py[pid:17624;line:136:_train_model] - INFO: [ Epoch 9 (test) ]: test loglike is -0.0672853545995028, num_events is 14478, mark_ll is -1.9948741598243886, time_ll is 1.9275889496132061[0m
[31;1m2026-09-28 09:04:56,231 - tpp_runner.py[pid:17624;line:140:_train_model] - CRITICAL: current best loglike on valid set is -0.5967 (updated at epoch-9), best updated at this epoch[0m
[38;20m2026-09-28 09:04:56,411 - tpp_runner.py[pid:17624;line:104:_train_model] - INFO: [ Epoch 10 (train) ]: train loglike is -0.30926095011314964, num_events is 33274, mark_ll is -1.9977027162548555, time_ll is 1.6884416847437658[0m
[38;20m2026-09-28 09:04:56,429 - tpp_runner.py[pid:17624;line:116:_train_model] - INFO: [ Epoch 10 (valid) ]:  valid loglike is -0.5609691282791311, num_events is 9144, mark_ll is -2.000408449615185, time_ll is 1.439439307986282[0m
[38;20m2026-09-28 09:04:56,459 - tpp_runner.py[pid:17624;line:136:_train_model] - INFO: [ Epoch 10 (test) ]: test loglike is -0.04173300941110003, num_events is 14478, mark_ll is -2.018106809685385, time_ll is 1.9763739056672192[0m
[31;1m2026-09-28 09:04:56,459 - tpp_runner.py[pid:17624;line:140:_train_model] - CRITICAL: current best loglike on valid set is -0.5610 (updated at epoch-10), best updated at this epoch[0m
[38;20m2026-09-28 09:04:56,631 - tpp_runner.py[pid:17624;line:104:_train_model] - INFO: [ Epoch 11 (train) ]: train loglike is -0.2904974003139651, num_events is 33274, mark_ll is -2.0260706660394563, time_ll is 1.7355733611101198[0m
[38;20m2026-09-28 09:04:56,652 - tpp_runner.py[pid:17624;line:116:_train_model] - INFO: [ Epoch 11 (valid) ]:  valid loglike is -0.5670299246346648, num_events is 9144, mark_ll is -2.0169698560018863, time_ll is 1.4499398312439338[0m
[38;20m2026-09-28 09:04:56,680 - tpp_runner.py[pid:17624;line:136:_train_model] - INFO: [ Epoch 11 (test) ]: test loglike is -0.04257446870831499, num_events is 14478, mark_ll is -2.0408496943638625, time_ll is 1.9982751308019064[0m
[31;1m2026-09-28 09:04:56,680 - tpp_runner.py[pid:17624;line:140:_train_model] - CRITICAL: current best loglike on valid set is -0.5610 (updated at epoch-10)[0m
[38;20m2026-09-28 09:04:56,835 - tpp_runner.py[pid:17624;line:104:_train_model] - INFO: [ Epoch 12 (train) ]: train loglike is -0.2674013983782735, num_events is 33274, mark_ll is -2.039205804398235, time_ll is 1.7718043830909644[0m
[38;20m2026-09-28 09:04:56,855 - tpp_runner.py[pid:17624;line:116:_train_model] - INFO: [ Epoch 12 (valid) ]:  valid loglike is -0.5051050061003117, num_events is 9144, mark_ll is -2.0285655745058233, time_ll is 1.52346055505574[0m
[38;20m2026-09-28 09:04:56,882 - tpp_runner.py[pid:17624;line:136:_train_model] - INFO: [ Epoch 12 (test) ]: test loglike is -0.01595347288942976, num_events is 14478, mark_ll is -2.0720238789024727, time_ll is 2.056070525107059[0m
[31;1m2026-09-28 09:04:56,882 - tpp_runner.py[pid:17624;line:140:_train_model] - CRITICAL: current best loglike on valid set is -0.5051 (updated at epoch-12), best updated at this epoch[0m
[38;20m2026-09-28 09:04:57,042 - tpp_runner.py[pid:17624;line:104:_train_model] - INFO: [ Epoch 13 (train) ]: train loglike is -0.22634016301702578, num_events is 33274, mark_ll is -2.047750242012814, time_ll is 1.8214100468951921[0m
[38;20m2026-09-28 09:04:57,052 - tpp_runner.py[pid:17624;line:116:_train_model] - INFO: [ Epoch 13 (valid) ]:  valid loglike is -0.5054739537410119, num_events is 9144, mark_ll is -2.0377602030703192, time_ll is 1.5322863828270246[0m
[38;20m2026-09-28 09:04:57,084 - tpp_runner.py[pid:17624;line:136:_train_model] - INFO: [ Epoch 13 (test) ]: test loglike is -0.0053510206116877766, num_events is 14478, mark_ll is -2.1020963784491986, time_ll is 2.096745317788196[0m
[31;1m2026-09-28 09:04:57,084 - tpp_runner.py[pid:17624;line:140:_train_model] - CRITICAL: current best loglike on valid set is -0.5051 (updated at epoch-12)[0m
[38;20m2026-09-28 09:04:57,242 - tpp_runner.py[pid:17624;line:104:_train_model] - INFO: [ Epoch 14 (train) ]: train loglike is -0.1844983879043956, num_events is 33274, mark_ll is -2.0605274018612505, time_ll is 1.8760290607320091[0m
[38;20m2026-09-28 09:04:57,263 - tpp_runner.py[pid:17624;line:116:_train_model] - INFO: [ Epoch 14 (valid) ]:  valid loglike is -0.3989629470144357, num_events is 9144, mark_ll is -2.0530550098168883, time_ll is 1.6540920160782515[0m
[38;20m2026-09-28 09:04:57,290 - tpp_runner.py[pid:17624;line:136:_train_model] - INFO: [ Epoch 14 (test) ]: test loglike is -0.006564453732063303, num_events is 14478, mark_ll is -2.136906939623912, time_ll is 2.1303424268718056[0m
[31;1m2026-09-28 09:04:57,290 - tpp_runner.py[pid:17624;line:140:_train_model] - CRITICAL: current best loglike on valid set is -0.3990 (updated at epoch-14), best updated at this epoch[0m
[38;20m2026-09-28 09:04:57,445 - tpp_runner.py[pid:17624;line:104:_train_model] - INFO: [ Epoch 15 (train) ]: train loglike is -0.19020165770559877, num_events is 33274, mark_ll is -2.080932771270361, time_ll is 1.89073105303221[0m
[38;20m2026-09-28 09:04:57,461 - tpp_runner.py[pid:17624;line:116:_train_model] - INFO: [ Epoch 15 (valid) ]:  valid loglike is -0.43369300555265067, num_events is 9144, mark_ll is -2.062742912446003, time_ll is 1.6290499335928956[0m
[38;20m2026-09-28 09:04:57,497 - tpp_runner.py[pid:17624;line:136:_train_model] - INFO: [ Epoch 15 (test) ]: test loglike is -0.0162381613381348, num_events is 14478, mark_ll is -2.1587703919308607, time_ll is 2.1425322579948887[0m
[31;1m2026-09-28 09:04:57,497 - tpp_runner.py[pid:17624;line:140:_train_model] - CRITICAL: current best loglike on valid set is -0.3990 (updated at epoch-14)[0m
[38;20m2026-09-28 09:04:57,656 - tpp_runner.py[pid:17624;line:104:_train_model] - INFO: [ Epoch 16 (train) ]: train loglike is -0.1634364475773713, num_events is 33274, mark_ll is -2.0889147147254143, time_ll is 1.9254782570592843[0m
[38;20m2026-09-28 09:04:57,672 - tpp_runner.py[pid:17624;line:116:_train_model] - INFO: [ Epoch 16 (valid) ]:  valid loglike is -0.40823681982379156, num_events is 9144, mark_ll is -2.0610008206371666, time_ll is 1.6527640275129183[0m
[38;20m2026-09-28 09:04:57,701 - tpp_runner.py[pid:17624;line:136:_train_model] - INFO: [ Epoch 16 (test) ]: test loglike is 0.03804064699424072, num_events is 14478, mark_ll is -2.152289451560126, time_ll is 2.1903300616668395[0m
[31;1m2026-09-28 09:04:57,701 - tpp_runner.py[pid:17624;line:140:_train_model] - CRITICAL: current best loglike on valid set is -0.3990 (updated at epoch-14)[0m
[38;20m2026-09-28 09:04:57,864 - tpp_runner.py[pid:17624;line:104:_train_model] - INFO: [ Epoch 17 (train) ]: train loglike is -0.12881522898907027, num_events is 33274, mark_ll is -2.0816001555033585, time_ll is 1.9527849537997948[0m
[38;20m2026-09-28 09:04:57,881 - tpp_runner.py[pid:17624;line:116:_train_model] - INFO: [ Epoch 17 (valid) ]:  valid loglike is -0.3616035574898841, num_events is 9144, mark_ll is -2.0634374743684383, time_ll is 1.7018338234301522[0m
[38;20m2026-09-28 09:04:57,901 - tpp_runner.py[pid:17624;line:136:_train_model] - INFO: [ Epoch 17 (test) ]: test loglike is 0.06179278600708295, num_events is 14478, mark_ll is -2.1513076952963117, time_ll is 2.2131004665483838[0m
[31;1m2026-09-28 09:04:57,901 - tpp_runner.py[pid:17624;line:140:_train_model] - CRITICAL: current best loglike on valid set is -0.3616 (updated at epoch-17), best updated at this epoch[0m
[38;20m2026-09-28 09:04:58,074 - tpp_runner.py[pid:17624;line:104:_train_model] - INFO: [ Epoch 18 (train) ]: train loglike is -0.0959641122471192, num_events is 33274, mark_ll is -2.085684371208094, time_ll is 1.989720193154753[0m
[38;20m2026-09-28 09:04:58,093 - tpp_runner.py[pid:17624;line:116:_train_model] - INFO: [ Epoch 18 (valid) ]:  valid loglike is -0.3866358212181485, num_events is 9144, mark_ll is -2.0746459159951196, time_ll is 1.688010014678341[0m
[38;20m2026-09-28 09:04:58,122 - tpp_runner.py[pid:17624;line:136:_train_model] - INFO: [ Epoch 18 (test) ]: test loglike is 0.082168098509781, num_events is 14478, mark_ll is -2.1595773814149055, time_ll is 2.241745557915458[0m
[31;1m2026-09-28 09:04:58,123 - tpp_runner.py[pid:17624;line:140:_train_model] - CRITICAL: current best loglike on valid set is -0.3616 (updated at epoch-17)[0m
[38;20m2026-09-28 09:04:58,279 - tpp_runner.py[pid:17624;line:104:_train_model] - INFO: [ Epoch 19 (train) ]: train loglike is -0.08914612562974399, num_events is 33274, mark_ll is -2.0964635679439088, time_ll is 2.0073174647845824[0m
[38;20m2026-09-28 09:04:58,298 - tpp_runner.py[pid:17624;line:116:_train_model] - INFO: [ Epoch 19 (valid) ]:  valid loglike is -0.3445279979956119, num_events is 9144, mark_ll is -2.080845683474136, time_ll is 1.7363177255278393[0m
[38;20m2026-09-28 09:04:58,330 - tpp_runner.py[pid:17624;line:136:_train_model] - INFO: [ Epoch 19 (test) ]: test loglike is 0.07551107394759506, num_events is 14478, mark_ll is -2.1668528327462355, time_ll is 2.242363953066722[0m
[31;1m2026-09-28 09:04:58,330 - tpp_runner.py[pid:17624;line:140:_train_model] - CRITICAL: current best loglike on valid set is -0.3445 (updated at epoch-19), best updated at this epoch[0m
[38;20m2026-09-28 09:04:58,491 - tpp_runner.py[pid:17624;line:104:_train_model] - INFO: [ Epoch 20 (train) ]: train loglike is -0.10036750028087105, num_events is 33274, mark_ll is -2.0968437307176306, time_ll is 1.9964761983361634[0m
[38;20m2026-09-28 09:04:58,511 - tpp_runner.py[pid:17624;line:116:_train_model] - INFO: [ Epoch 20 (valid) ]:  valid loglike is -0.3080926396193884, num_events is 9144, mark_ll is -2.0579402786748826, time_ll is 1.7498476123559505[0m
[38;20m2026-09-28 09:04:58,541 - tpp_runner.py[pid:17624;line:136:_train_model] - INFO: [ Epoch 20 (test) ]: test loglike is 0.07890644645242997, num_events is 14478, mark_ll is -2.1516715960206865, time_ll is 2.2305780213945297[0m
[31;1m2026-09-28 09:04:58,542 - tpp_runner.py[pid:17624;line:140:_train_model] - CRITICAL: current best loglike on valid set is -0.3081 (updated at epoch-20), best updated at this epoch[0m
[38;20m2026-09-28 09:04:58,730 - tpp_runner.py[pid:17624;line:104:_train_model] - INFO: [ Epoch 21 (train) ]: train loglike is 0.006777619888499185, num_events is 33274, mark_ll is -2.036988823504275, time_ll is 2.0437664920022485[0m
[38;20m2026-09-28 09:04:58,747 - tpp_runner.py[pid:17624;line:116:_train_model] - INFO: [ Epoch 21 (valid) ]:  valid loglike is -0.19686879802980864, num_events is 9144, mark_ll is -1.986346974877652, time_ll is 1.789478031669076[0m
[38;20m2026-09-28 09:04:58,777 - tpp_runner.py[pid:17624;line:136:_train_model] - INFO: [ Epoch 21 (test) ]: test loglike is 0.17652263449015315, num_events is 14478, mark_ll is -2.1176292397301077, time_ll is 2.2941517140230006[0m
[31;1m2026-09-28 09:04:58,778 - tpp_runner.py[pid:17624;line:140:_train_model] - CRITICAL: current best loglike on valid set is -0.1969 (updated at epoch-21), best updated at this epoch[0m
[38;20m2026-09-28 09:04:58,939 - tpp_runner.py[pid:17624;line:104:_train_model] - INFO: [ Epoch 22 (train) ]: train loglike is 0.09695600025956358, num_events is 33274, mark_ll is -1.9760696659683141, time_ll is 2.0730257377663492[0m
[38;20m2026-09-28 09:04:58,960 - tpp_runner.py[pid:17624;line:116:_train_model] - INFO: [ Epoch 22 (valid) ]:  valid loglike is -0.15230133777528299, num_events is 9144, mark_ll is -1.9729198278926072, time_ll is 1.8206184767675524[0m
[38;20m2026-09-28 09:04:58,990 - tpp_runner.py[pid:17624;line:136:_train_model] - INFO: [ Epoch 22 (test) ]: test loglike is 0.18183911362147526, num_events is 14478, mark_ll is -2.1301530231212875, time_ll is 2.3119922927243057[0m
[31;1m2026-09-28 09:04:58,990 - tpp_runner.py[pid:17624;line:140:_train_model] - CRITICAL: current best loglike on valid set is -0.1523 (updated at epoch-22), best updated at this epoch[0m
[38;20m2026-09-28 09:04:59,149 - tpp_runner.py[pid:17624;line:104:_train_model] - INFO: [ Epoch 23 (train) ]: train loglike is 0.13816342035967577, num_events is 33274, mark_ll is -1.9717555439600458, time_ll is 2.109919018890735[0m
[38;20m2026-09-28 09:04:59,174 - tpp_runner.py[pid:17624;line:116:_train_model] - INFO: [ Epoch 23 (valid) ]:  valid loglike is -0.1704328959173835, num_events is 9144, mark_ll is -1.9874275053997157, time_ll is 1.8169946545378117[0m
[38;20m2026-09-28 09:04:59,209 - tpp_runner.py[pid:17624;line:136:_train_model] - INFO: [ Epoch 23 (test) ]: test loglike is 0.1394668201794857, num_events is 14478, mark_ll is -2.157927990420811, time_ll is 2.297394915993231[0m
[31;1m2026-09-28 09:04:59,209 - tpp_runner.py[pid:17624;line:140:_train_model] - CRITICAL: current best loglike on valid set is -0.1523 (updated at epoch-22)[0m
[38;20m2026-09-28 09:04:59,388 - tpp_runner.py[pid:17624;line:104:_train_model] - INFO: [ Epoch 24 (train) ]: train loglike is 0.13863888751029568, num_events is 33274, mark_ll is -1.9802607381373218, time_ll is 2.118899580706783[0m
[38;20m2026-09-28 09:04:59,407 - tpp_runner.py[pid:17624;line:116:_train_model] - INFO: [ Epoch 24 (valid) ]:  valid loglike is -0.1455143004890502, num_events is 9144, mark_ll is -1.9983698593767087, time_ll is 1.8528555789123162[0m
[38;20m2026-09-28 09:04:59,435 - tpp_runner.py[pid:17624;line:136:_train_model] - INFO: [ Epoch 24 (test) ]: test loglike is 0.18839359296621383, num_events is 14478, mark_ll is -2.173698753064995, time_ll is 2.362092350246926[0m
[31;1m2026-09-28 09:04:59,435 - tpp_runner.py[pid:17624;line:140:_train_model] - CRITICAL: current best loglike on valid set is -0.1455 (updated at epoch-24), best updated at this epoch[0m
[38;20m2026-09-28 09:04:59,617 - tpp_runner.py[pid:17624;line:104:_train_model] - INFO: [ Epoch 25 (train) ]: train loglike is 0.13808809952100481, num_events is 33274, mark_ll is -1.9843316807041533, time_ll is 2.1224197394115434[0m
[38;20m2026-09-28 09:04:59,638 - tpp_runner.py[pid:17624;line:116:_train_model] - INFO: [ Epoch 25 (valid) ]:  valid loglike is -0.1912817550352135, num_events is 9144, mark_ll is -1.9945290499576225, time_ll is 1.8032472532043724[0m
[38;20m2026-09-28 09:04:59,664 - tpp_runner.py[pid:17624;line:136:_train_model] - INFO: [ Epoch 25 (test) ]: test loglike is 0.17593115247865296, num_events is 14478, mark_ll is -2.177040096935868, time_ll is 2.3529711566687386[0m
[31;1m2026-09-28 09:04:59,665 - tpp_runner.py[pid:17624;line:140:_train_model] - CRITICAL: current best loglike on valid set is -0.1455 (updated at epoch-24)[0m
[38;20m2026-09-28 09:04:59,831 - tpp_runner.py[pid:17624;line:104:_train_model] - INFO: [ Epoch 26 (train) ]: train loglike is 0.17675952713041126, num_events is 33274, mark_ll is -1.9874019504718399, time_ll is 2.164161582617058[0m
[38;20m2026-09-28 09:04:59,858 - tpp_runner.py[pid:17624;line:116:_train_model] - INFO: [ Epoch 26 (valid) ]:  valid loglike is -0.1341705689384347, num_events is 9144, mark_ll is -2.0038611544711697, time_ll is 1.8696906355943788[0m
[38;20m2026-09-28 09:04:59,888 - tpp_runner.py[pid:17624;line:136:_train_model] - INFO: [ Epoch 26 (test) ]: test loglike is 0.18402615613182502, num_events is 14478, mark_ll is -2.1863904231851774, time_ll is 2.3704164022568723[0m
[31;1m2026-09-28 09:04:59,888 - tpp_runner.py[pid:17624;line:140:_train_model] - CRITICAL: current best loglike on valid set is -0.1342 (updated at epoch-26), best updated at this epoch[0m
[38;20m2026-09-28 09:05:00,076 - tpp_runner.py[pid:17624;line:104:_train_model] - INFO: [ Epoch 27 (train) ]: train loglike is 0.18318234577971151, num_events is 33274, mark_ll is -1.9955252943011998, time_ll is 2.178707687085356[0m
[38;20m2026-09-28 09:05:00,095 - tpp_runner.py[pid:17624;line:116:_train_model] - INFO: [ Epoch 27 (valid) ]:  valid loglike is -0.18756355826310286, num_events is 9144, mark_ll is -2.0104634976658193, time_ll is 1.8228998993534011[0m
[38;20m2026-09-28 09:05:00,107 - tpp_runner.py[pid:17624;line:136:_train_model] - INFO: [ Epoch 27 (test) ]: test loglike is 0.21907465239555274, num_events is 14478, mark_ll is -2.1953045407255836, time_ll is 2.4143790497867452[0m
[31;1m2026-09-28 09:05:00,107 - tpp_runner.py[pid:17624;line:140:_train_model] - CRITICAL: current best loglike on valid set is -0.1342 (updated at epoch-26)[0m
[38;20m2026-09-28 09:05:00,282 - tpp_runner.py[pid:17624;line:104:_train_model] - INFO: [ Epoch 28 (train) ]: train loglike is 0.19831607069054596, num_events is 33274, mark_ll is -1.9957833684192237, time_ll is 2.194099405633434[0m
[38;20m2026-09-28 09:05:00,302 - tpp_runner.py[pid:17624;line:116:_train_model] - INFO: [ Epoch 28 (valid) ]:  valid loglike is -0.1366339088633513, num_events is 9144, mark_ll is -2.0013412248639817, time_ll is 1.864707299313416[0m
[38;20m2026-09-28 09:05:00,329 - tpp_runner.py[pid:17624;line:136:_train_model] - INFO: [ Epoch 28 (test) ]: test loglike is 0.2086933134405434, num_events is 14478, mark_ll is -2.1840625377728276, time_ll is 2.392755927096284[0m
[31;1m2026-09-28 09:05:00,329 - tpp_runner.py[pid:17624;line:140:_train_model] - CRITICAL: current best loglike on valid set is -0.1342 (updated at epoch-26)[0m
[38;20m2026-09-28 09:05:00,500 - tpp_runner.py[pid:17624;line:104:_train_model] - INFO: [ Epoch 29 (train) ]: train loglike is 0.18862344726114927, num_events is 33274, mark_ll is -1.9929978694595911, time_ll is 2.181621276594995[0m
[38;20m2026-09-28 09:05:00,518 - tpp_runner.py[pid:17624;line:116:_train_model] - INFO: [ Epoch 29 (valid) ]:  valid loglike is -0.14414728052868514, num_events is 9144, mark_ll is -1.9995562535884186, time_ll is 1.85540880952503[0m
[38;20m2026-09-28 09:05:00,544 - tpp_runner.py[pid:17624;line:136:_train_model] - INFO: [ Epoch 29 (test) ]: test loglike is 0.21929644971843054, num_events is 14478, mark_ll is -2.1796537068094697, time_ll is 2.3989500637821175[0m
[31;1m2026-09-28 09:05:00,544 - tpp_runner.py[pid:17624;line:140:_train_model] - CRITICAL: current best loglike on valid set is -0.1342 (updated at epoch-26)[0m
[38;20m2026-09-28 09:05:00,718 - tpp_runner.py[pid:17624;line:104:_train_model] - INFO: [ Epoch 30 (train) ]: train loglike is 0.22396753642137301, num_events is 33274, mark_ll is -1.9966587094853057, time_ll is 2.220626292681833[0m
[38;20m2026-09-28 09:05:00,738 - tpp_runner.py[pid:17624;line:116:_train_model] - INFO: [ Epoch 30 (valid) ]:  valid loglike is -0.1329268007453658, num_events is 9144, mark_ll is -2.0079489613664014, time_ll is 1.8750221272466063[0m
[38;20m2026-09-28 09:05:00,766 - tpp_runner.py[pid:17624;line:136:_train_model] - INFO: [ Epoch 30 (test) ]: test loglike is 0.24038499415060782, num_events is 14478, mark_ll is -2.197454489138693, time_ll is 2.4378394158378227[0m
[31;1m2026-09-28 09:05:00,766 - tpp_runner.py[pid:17624;line:140:_train_model] - CRITICAL: current best loglike on valid set is -0.1329 (updated at epoch-30), best updated at this epoch[0m
[38;20m2026-09-28 09:05:00,916 - tpp_runner.py[pid:17624;line:104:_train_model] - INFO: [ Epoch 31 (train) ]: train loglike is 0.2306979597205976, num_events is 33274, mark_ll is -1.9992802239255405, time_ll is 2.229978208868035[0m
[38;20m2026-09-28 09:05:00,932 - tpp_runner.py[pid:17624;line:116:_train_model] - INFO: [ Epoch 31 (valid) ]:  valid loglike is -0.14630943959153545, num_events is 9144, mark_ll is -2.004650206077756, time_ll is 1.858340786510878[0m
[38;20m2026-09-28 09:05:00,971 - tpp_runner.py[pid:17624;line:136:_train_model] - INFO: [ Epoch 31 (test) ]: test loglike is 0.23450246643074837, num_events is 14478, mark_ll is -2.191651166316998, time_ll is 2.4261537170620944[0m
[31;1m2026-09-28 09:05:00,971 - tpp_runner.py[pid:17624;line:140:_train_model] - CRITICAL: current best loglike on valid set is -0.1329 (updated at epoch-30)[0m
[38;20m2026-09-28 09:05:01,140 - tpp_runner.py[pid:17624;line:104:_train_model] - INFO: [ Epoch 32 (train) ]: train loglike is 0.20929496798613054, num_events is 33274, mark_ll is -2.000848020707328, time_ll is 2.2101429313709655[0m
[38;20m2026-09-28 09:05:01,158 - tpp_runner.py[pid:17624;line:116:_train_model] - INFO: [ Epoch 32 (valid) ]:  valid loglike is -0.0744928408378274, num_events is 9144, mark_ll is -2.0122208616134896, time_ll is 1.937727987401233[0m
[38;20m2026-09-28 09:05:01,173 - tpp_runner.py[pid:17624;line:136:_train_model] - INFO: [ Epoch 32 (test) ]: test loglike is 0.2292841376315034, num_events is 14478, mark_ll is -2.1996195466828983, time_ll is 2.428903713824423[0m
[31;1m2026-09-28 09:05:01,173 - tpp_runner.py[pid:17624;line:140:_train_model] - CRITICAL: current best loglike on valid set is -0.0745 (updated at epoch-32), best updated at this epoch[0m
[38;20m2026-09-28 09:05:01,365 - tpp_runner.py[pid:17624;line:104:_train_model] - INFO: [ Epoch 33 (train) ]: train loglike is 0.18321567559934418, num_events is 33274, mark_ll is -2.0064210290410682, time_ll is 2.189636762421485[0m
[38;20m2026-09-28 09:05:01,391 - tpp_runner.py[pid:17624;line:116:_train_model] - INFO: [ Epoch 33 (valid) ]:  valid loglike is -0.07079562156323477, num_events is 9144, mark_ll is -2.013009592825555, time_ll is 1.9422138310897172[0m
[38;20m2026-09-28 09:05:01,418 - tpp_runner.py[pid:17624;line:136:_train_model] - INFO: [ Epoch 33 (test) ]: test loglike is 0.24780431526901808, num_events is 14478, mark_ll is -2.1973937153569207, time_ll is 2.445197967390178[0m
[31;1m2026-09-28 09:05:01,418 - tpp_runner.py[pid:17624;line:140:_train_model] - CRITICAL: current best loglike on valid set is -0.0708 (updated at epoch-33), best updated at this epoch[0m
[38;20m2026-09-28 09:05:01,583 - tpp_runner.py[pid:17624;line:104:_train_model] - INFO: [ Epoch 34 (train) ]: train loglike is 0.2527652966787718, num_events is 33274, mark_ll is -2.0049210654046234, time_ll is 2.2576862767875254[0m
[38;20m2026-09-28 09:05:01,601 - tpp_runner.py[pid:17624;line:116:_train_model] - INFO: [ Epoch 34 (valid) ]:  valid loglike is -0.01511206172165491, num_events is 9144, mark_ll is -2.019009113728948, time_ll is 2.003896958558891[0m
[38;20m2026-09-28 09:05:01,626 - tpp_runner.py[pid:17624;line:136:_train_model] - INFO: [ Epoch 34 (test) ]: test loglike is 0.2510002801259886, num_events is 14478, mark_ll is -2.2059210661218747, time_ll is 2.4569214389936453[0m
[31;1m2026-09-28 09:05:01,626 - tpp_runner.py[pid:17624;line:140:_train_model] - CRITICAL: current best loglike on valid set is -0.0151 (updated at epoch-34), best updated at this epoch[0m
[38;20m2026-09-28 09:05:01,795 - tpp_runner.py[pid:17624;line:104:_train_model] - INFO: [ Epoch 35 (train) ]: train loglike is 0.20857919646103365, num_events is 33274, mark_ll is -2.0206243578413328, time_ll is 2.2292035205967404[0m
[38;20m2026-09-28 09:05:01,814 - tpp_runner.py[pid:17624;line:116:_train_model] - INFO: [ Epoch 35 (valid) ]:  valid loglike is -0.07435232114082664, num_events is 9144, mark_ll is -2.015285755601351, time_ll is 1.9409332408888342[0m
[38;20m2026-09-28 09:05:01,841 - tpp_runner.py[pid:17624;line:136:_train_model] - INFO: [ Epoch 35 (test) ]: test loglike is 0.2447762202781807, num_events is 14478, mark_ll is -2.198293045914491, time_ll is 2.4430690638382373[0m
[31;1m2026-09-28 09:05:01,841 - tpp_runner.py[pid:17624;line:140:_train_model] - CRITICAL: current best loglike on valid set is -0.0151 (updated at epoch-34)[0m
[38;20m2026-09-28 09:05:02,006 - tpp_runner.py[pid:17624;line:104:_train_model] - INFO: [ Epoch 36 (train) ]: train loglike is 0.1282222028061512, num_events is 33274, mark_ll is -2.0082350832528775, time_ll is 2.1364573447572615[0m
[38;20m2026-09-28 09:05:02,024 - tpp_runner.py[pid:17624;line:116:_train_model] - INFO: [ Epoch 36 (valid) ]:  valid loglike is -0.18797308336927093, num_events is 9144, mark_ll is -1.994315400211204, time_ll is 1.8063422042032344[0m
[38;20m2026-09-28 09:05:02,053 - tpp_runner.py[pid:17624;line:136:_train_model] - INFO: [ Epoch 36 (test) ]: test loglike is 0.21640577446707937, num_events is 14478, mark_ll is -2.157927922969333, time_ll is 2.3743337142992815[0m
[31;1m2026-09-28 09:05:02,053 - tpp_runner.py[pid:17624;line:140:_train_model] - CRITICAL: current best loglike on valid set is -0.0151 (updated at epoch-34)[0m
[38;20m2026-09-28 09:05:02,264 - tpp_runner.py[pid:17624;line:104:_train_model] - INFO: [ Epoch 37 (train) ]: train loglike is 0.2496476005732587, num_events is 33274, mark_ll is -1.986686433687902, time_ll is 2.23633403884696[0m
[38;20m2026-09-28 09:05:02,295 - tpp_runner.py[pid:17624;line:116:_train_model] - INFO: [ Epoch 37 (valid) ]:  valid loglike is -0.015178810580196031, num_events is 9144, mark_ll is -1.9850841131735975, time_ll is 1.9699051023468257[0m
[38;20m2026-09-28 09:05:02,321 - tpp_runner.py[pid:17624;line:136:_train_model] - INFO: [ Epoch 37 (test) ]: test loglike is 0.3256421110909656, num_events is 14478, mark_ll is -2.1242319974702997, time_ll is 2.4498742434642216[0m
[31;1m2026-09-28 09:05:02,321 - tpp_runner.py[pid:17624;line:140:_train_model] - CRITICAL: current best loglike on valid set is -0.0151 (updated at epoch-34)[0m
[38;20m2026-09-28 09:05:02,493 - tpp_runner.py[pid:17624;line:104:_train_model] - INFO: [ Epoch 38 (train) ]: train loglike is 0.2693588349469086, num_events is 33274, mark_ll is -1.9875857346389072, time_ll is 2.256944551242618[0m
[38;20m2026-09-28 09:05:02,509 - tpp_runner.py[pid:17624;line:116:_train_model] - INFO: [ Epoch 38 (valid) ]:  valid loglike is -0.03471952556833716, num_events is 9144, mark_ll is -1.9857637233517198, time_ll is 1.9510442778820127[0m
[38;20m2026-09-28 09:05:02,553 - tpp_runner.py[pid:17624;line:136:_train_model] - INFO: [ Epoch 38 (test) ]: test loglike is 0.35323411625613, num_events is 14478, mark_ll is -2.1134234377158445, time_ll is 2.4666575202462355[0m
[31;1m2026-09-28 09:05:02,554 - tpp_runner.py[pid:17624;line:140:_train_model] - CRITICAL: current best loglike on valid set is -0.0151 (updated at epoch-34)[0m
[38;20m2026-09-28 09:05:02,769 - tpp_runner.py[pid:17624;line:104:_train_model] - INFO: [ Epoch 39 (train) ]: train loglike is 0.2444918055212497, num_events is 33274, mark_ll is -1.976673201198524, time_ll is 2.2211649150037847[0m
[38;20m2026-09-28 09:05:02,809 - tpp_runner.py[pid:17624;line:116:_train_model] - INFO: [ Epoch 39 (valid) ]:  valid loglike is -0.012962935373434766, num_events is 9144, mark_ll is -1.9878678342697398, time_ll is 1.9749046852999577[0m
[38;20m2026-09-28 09:05:02,847 - tpp_runner.py[pid:17624;line:136:_train_model] - INFO: [ Epoch 39 (test) ]: test loglike is 0.3595114374773363, num_events is 14478, mark_ll is -2.117530018605816, time_ll is 2.4770415403974995[0m
[31;1m2026-09-28 09:05:02,847 - tpp_runner.py[pid:17624;line:140:_train_model] - CRITICAL: current best loglike on valid set is -0.0130 (updated at epoch-39), best updated at this epoch[0m
[38;20m2026-09-28 09:05:03,023 - tpp_runner.py[pid:17624;line:104:_train_model] - INFO: [ Epoch 40 (train) ]: train loglike is 0.2505861417515071, num_events is 33274, mark_ll is -1.9911602075522554, time_ll is 2.2417464341410525[0m
[38;20m2026-09-28 09:05:03,055 - tpp_runner.py[pid:17624;line:116:_train_model] - INFO: [ Epoch 40 (valid) ]:  valid loglike is -0.037885931220267385, num_events is 9144, mark_ll is -1.9945353510498687, time_ll is 1.9566492596323408[0m
[38;20m2026-09-28 09:05:03,082 - tpp_runner.py[pid:17624;line:136:_train_model] - INFO: [ Epoch 40 (test) ]: test loglike is 0.35214490135626036, num_events is 14478, mark_ll is -2.1237801400184764, time_ll is 2.475924813725998[0m
[31;1m2026-09-28 09:05:03,082 - tpp_runner.py[pid:17624;line:140:_train_model] - CRITICAL: current best loglike on valid set is -0.0130 (updated at epoch-39)[0m
[38;20m2026-09-28 09:05:03,254 - tpp_runner.py[pid:17624;line:104:_train_model] - INFO: [ Epoch 41 (train) ]: train loglike is 0.2727489814224055, num_events is 33274, mark_ll is -1.9798006980746041, time_ll is 2.2525497631878495[0m
[38;20m2026-09-28 09:05:03,275 - tpp_runner.py[pid:17624;line:116:_train_model] - INFO: [ Epoch 41 (valid) ]:  valid loglike is 0.019516191457513123, num_events is 9144, mark_ll is -1.9828377470882546, time_ll is 2.0023540853932564[0m
[38;20m2026-09-28 09:05:03,303 - tpp_runner.py[pid:17624;line:136:_train_model] - INFO: [ Epoch 41 (test) ]: test loglike is 0.3508046573491893, num_events is 14478, mark_ll is -2.118137688972061, time_ll is 2.4689423716155545[0m
[31;1m2026-09-28 09:05:03,303 - tpp_runner.py[pid:17624;line:140:_train_model] - CRITICAL: current best loglike on valid set is 0.0195 (updated at epoch-41), best updated at this epoch[0m
[38;20m2026-09-28 09:05:03,461 - tpp_runner.py[pid:17624;line:104:_train_model] - INFO: [ Epoch 42 (train) ]: train loglike is 0.3020110492874827, num_events is 33274, mark_ll is -1.9669234577391508, time_ll is 2.268934545776639[0m
[38;20m2026-09-28 09:05:03,493 - tpp_runner.py[pid:17624;line:116:_train_model] - INFO: [ Epoch 42 (valid) ]:  valid loglike is -0.0018657907934847987, num_events is 9144, mark_ll is -1.9809676576682798, time_ll is 1.9791018134757081[0m
[38;20m2026-09-28 09:05:03,519 - tpp_runner.py[pid:17624;line:136:_train_model] - INFO: [ Epoch 42 (test) ]: test loglike is 0.3486101656662263, num_events is 14478, mark_ll is -2.119137252426095, time_ll is 2.4677474686809298[0m
[31;1m2026-09-28 09:05:03,519 - tpp_runner.py[pid:17624;line:140:_train_model] - CRITICAL: current best loglike on valid set is 0.0195 (updated at epoch-41)[0m
[38;20m2026-09-28 09:05:03,686 - tpp_runner.py[pid:17624;line:104:_train_model] - INFO: [ Epoch 43 (train) ]: train loglike is 0.14651829661705063, num_events is 33274, mark_ll is -2.00304296775213, time_ll is 2.1495612336443246[0m
[38;20m2026-09-28 09:05:03,709 - tpp_runner.py[pid:17624;line:116:_train_model] - INFO: [ Epoch 43 (valid) ]:  valid loglike is 0.06447770192971485, num_events is 9144, mark_ll is -1.9793638694943405, time_ll is 2.043841771670631[0m
[38;20m2026-09-28 09:05:03,745 - tpp_runner.py[pid:17624;line:136:_train_model] - INFO: [ Epoch 43 (test) ]: test loglike is 0.35280301699669325, num_events is 14478, mark_ll is -2.1282873826883892, time_ll is 2.4810904502736912[0m
[31;1m2026-09-28 09:05:03,745 - tpp_runner.py[pid:17624;line:140:_train_model] - CRITICAL: current best loglike on valid set is 0.0645 (updated at epoch-43), best updated at this epoch[0m
[38;20m2026-09-28 09:05:03,925 - tpp_runner.py[pid:17624;line:104:_train_model] - INFO: [ Epoch 44 (train) ]: train loglike is 0.3083882905932912, num_events is 33274, mark_ll is -1.9731920291262979, time_ll is 2.281580247263958[0m
[38;20m2026-09-28 09:05:03,944 - tpp_runner.py[pid:17624;line:116:_train_model] - INFO: [ Epoch 44 (valid) ]:  valid loglike is -0.012827007997901629, num_events is 9144, mark_ll is -1.98680460505181, time_ll is 1.9739775303050497[0m
[38;20m2026-09-28 09:05:03,970 - tpp_runner.py[pid:17624;line:136:_train_model] - INFO: [ Epoch 44 (test) ]: test loglike is 0.3644135748258133, num_events is 14478, mark_ll is -2.131304419852535, time_ll is 2.4957179778154788[0m
[31;1m2026-09-28 09:05:03,970 - tpp_runner.py[pid:17624;line:140:_train_model] - CRITICAL: current best loglike on valid set is 0.0645 (updated at epoch-43)[0m
[38;20m2026-09-28 09:05:04,141 - tpp_runner.py[pid:17624;line:104:_train_model] - INFO: [ Epoch 45 (train) ]: train loglike is 0.30448784575680454, num_events is 33274, mark_ll is -1.9731236860400576, time_ll is 2.2776116120483523[0m
[38;20m2026-09-28 09:05:04,159 - tpp_runner.py[pid:17624;line:116:_train_model] - INFO: [ Epoch 45 (valid) ]:  valid loglike is -0.002053088090551181, num_events is 9144, mark_ll is -1.9884566126011591, time_ll is 1.986403484461293[0m
[38;20m2026-09-28 09:05:04,187 - tpp_runner.py[pid:17624;line:136:_train_model] - INFO: [ Epoch 45 (test) ]: test loglike is 0.37468670474707316, num_events is 14478, mark_ll is -2.1284943238232144, time_ll is 2.503181146610374[0m
[31;1m2026-09-28 09:05:04,187 - tpp_runner.py[pid:17624;line:140:_train_model] - CRITICAL: current best loglike on valid set is 0.0645 (updated at epoch-43)[0m
[38;20m2026-09-28 09:05:04,365 - tpp_runner.py[pid:17624;line:104:_train_model] - INFO: [ Epoch 46 (train) ]: train loglike is 0.2979675722199578, num_events is 33274, mark_ll is -1.975693417632996, time_ll is 2.273660989852954[0m
[38;20m2026-09-28 09:05:04,388 - tpp_runner.py[pid:17624;line:116:_train_model] - INFO: [ Epoch 46 (valid) ]:  valid loglike is 0.002965144493657043, num_events is 9144, mark_ll is -1.9895501191013232, time_ll is 1.9925152902945238[0m
[38;20m2026-09-28 09:05:04,419 - tpp_runner.py[pid:17624;line:136:_train_model] - INFO: [ Epoch 46 (test) ]: test loglike is 0.3876201378276523, num_events is 14478, mark_ll is -2.126094535135205, time_ll is 2.513714504334162[0m
[31;1m2026-09-28 09:05:04,419 - tpp_runner.py[pid:17624;line:140:_train_model] - CRITICAL: current best loglike on valid set is 0.0645 (updated at epoch-43)[0m
[38;20m2026-09-28 09:05:04,612 - tpp_runner.py[pid:17624;line:104:_train_model] - INFO: [ Epoch 47 (train) ]: train loglike is 0.3386805793976364, num_events is 33274, mark_ll is -1.9782852307674066, time_ll is 2.316965702857336[0m
[38;20m2026-09-28 09:05:04,631 - tpp_runner.py[pid:17624;line:116:_train_model] - INFO: [ Epoch 47 (valid) ]:  valid loglike is 0.04661011382976542, num_events is 9144, mark_ll is -1.9934146911140502, time_ll is 2.0400248182935874[0m
[38;20m2026-09-28 09:05:04,656 - tpp_runner.py[pid:17624;line:136:_train_model] - INFO: [ Epoch 47 (test) ]: test loglike is 0.4210699244516465, num_events is 14478, mark_ll is -2.1326974952298317, time_ll is 2.55376752929013[0m
[31;1m2026-09-28 09:05:04,656 - tpp_runner.py[pid:17624;line:140:_train_model] - CRITICAL: current best loglike on valid set is 0.0645 (updated at epoch-43)[0m
[38;20m2026-09-28 09:05:04,830 - tpp_runner.py[pid:17624;line:104:_train_model] - INFO: [ Epoch 48 (train) ]: train loglike is 0.3465136072702575, num_events is 33274, mark_ll is -1.9828593309176272, time_ll is 2.329373034489673[0m
[38;20m2026-09-28 09:05:04,848 - tpp_runner.py[pid:17624;line:116:_train_model] - INFO: [ Epoch 48 (valid) ]:  valid loglike is 0.033724727280183726, num_events is 9144, mark_ll is -1.9975815553573382, time_ll is 2.031306416135239[0m
[38;20m2026-09-28 09:05:04,873 - tpp_runner.py[pid:17624;line:136:_train_model] - INFO: [ Epoch 48 (test) ]: test loglike is 0.40288887598317275, num_events is 14478, mark_ll is -2.1423289592398813, time_ll is 2.5452179195374014[0m
[31;1m2026-09-28 09:05:04,873 - tpp_runner.py[pid:17624;line:140:_train_model] - CRITICAL: current best loglike on valid set is 0.0645 (updated at epoch-43)[0m
[38;20m2026-09-28 09:05:05,046 - tpp_runner.py[pid:17624;line:104:_train_model] - INFO: [ Epoch 49 (train) ]: train loglike is 0.38021026884641773, num_events is 33274, mark_ll is -1.9876765077873773, time_ll is 2.3678866399769714[0m
[38;20m2026-09-28 09:05:05,067 - tpp_runner.py[pid:17624;line:116:_train_model] - INFO: [ Epoch 49 (valid) ]:  valid loglike is 0.08429164669540819, num_events is 9144, mark_ll is -2.001453576542678, time_ll is 2.0857451831887714[0m
[38;20m2026-09-28 09:05:05,095 - tpp_runner.py[pid:17624;line:136:_train_model] - INFO: [ Epoch 49 (test) ]: test loglike is 0.43991741038666426, num_events is 14478, mark_ll is -2.150670683537091, time_ll is 2.5905881445123637[0m
[31;1m2026-09-28 09:05:05,095 - tpp_runner.py[pid:17624;line:140:_train_model] - CRITICAL: current best loglike on valid set is 0.0843 (updated at epoch-49), best updated at this epoch[0m
[38;20m2026-09-28 09:05:05,256 - tpp_runner.py[pid:17624;line:104:_train_model] - INFO: [ Epoch 50 (train) ]: train loglike is 0.3901095176220313, num_events is 33274, mark_ll is -1.9922182431994575, time_ll is 2.382327850703158[0m
[38;20m2026-09-28 09:05:05,285 - tpp_runner.py[pid:17624;line:116:_train_model] - INFO: [ Epoch 50 (valid) ]:  valid loglike is 0.09731890126893318, num_events is 9144, mark_ll is -2.0050570537203356, time_ll is 2.1023760751372143[0m
[38;20m2026-09-28 09:05:05,313 - tpp_runner.py[pid:17624;line:136:_train_model] - INFO: [ Epoch 50 (test) ]: test loglike is 0.4073714482749689, num_events is 14478, mark_ll is -2.1563241966259152, time_ll is 2.5636956449008843[0m
[31;1m2026-09-28 09:05:05,314 - tpp_runner.py[pid:17624;line:140:_train_model] - CRITICAL: current best loglike on valid set is 0.0973 (updated at epoch-50), best updated at this epoch[0m
[38;20m2026-09-28 09:05:05,464 - tpp_runner.py[pid:17624;line:104:_train_model] - INFO: [ Epoch 51 (train) ]: train loglike is 0.39514158046782255, num_events is 33274, mark_ll is -1.9953367042163175, time_ll is 2.3904783057788177[0m
[38;20m2026-09-28 09:05:05,492 - tpp_runner.py[pid:17624;line:116:_train_model] - INFO: [ Epoch 51 (valid) ]:  valid loglike is 0.17008399462762466, num_events is 9144, mark_ll is -2.006076602485236, time_ll is 2.176160597112861[0m
[38;20m2026-09-28 09:05:05,523 - tpp_runner.py[pid:17624;line:136:_train_model] - INFO: [ Epoch 51 (test) ]: test loglike is 0.417501075176561, num_events is 14478, mark_ll is -2.158881282160865, time_ll is 2.576382458514643[0m
[31;1m2026-09-28 09:05:05,523 - tpp_runner.py[pid:17624;line:140:_train_model] - CRITICAL: current best loglike on valid set is 0.1701 (updated at epoch-51), best updated at this epoch[0m
[38;20m2026-09-28 09:05:05,688 - tpp_runner.py[pid:17624;line:104:_train_model] - INFO: [ Epoch 52 (train) ]: train loglike is 0.4165613727371244, num_events is 33274, mark_ll is -1.997995877241568, time_ll is 2.414557263736091[0m
[38;20m2026-09-28 09:05:05,709 - tpp_runner.py[pid:17624;line:116:_train_model] - INFO: [ Epoch 52 (valid) ]:  valid loglike is 0.14153569472639163, num_events is 9144, mark_ll is -2.008585184786472, time_ll is 2.1501209329119506[0m
[38;20m2026-09-28 09:05:05,738 - tpp_runner.py[pid:17624;line:136:_train_model] - INFO: [ Epoch 52 (test) ]: test loglike is 0.4552480521362153, num_events is 14478, mark_ll is -2.160848571971267, time_ll is 2.6160966072446126[0m
[31;1m2026-09-28 09:05:05,738 - tpp_runner.py[pid:17624;line:140:_train_model] - CRITICAL: current best loglike on valid set is 0.1701 (updated at epoch-51)[0m
[38;20m2026-09-28 09:05:05,921 - tpp_runner.py[pid:17624;line:104:_train_model] - INFO: [ Epoch 53 (train) ]: train loglike is 0.41813413914976666, num_events is 33274, mark_ll is -2.0005966381878495, time_ll is 2.4187308218198704[0m
[38;20m2026-09-28 09:05:05,928 - tpp_runner.py[pid:17624;line:116:_train_model] - INFO: [ Epoch 53 (valid) ]:  valid loglike is 0.17491989602984198, num_events is 9144, mark_ll is -2.0103854815999562, time_ll is 2.1853052708316247[0m
[38;20m2026-09-28 09:05:05,959 - tpp_runner.py[pid:17624;line:136:_train_model] - INFO: [ Epoch 53 (test) ]: test loglike is 0.46675761823974304, num_events is 14478, mark_ll is -2.1624507469306877, time_ll is 2.629208297718953[0m
[31;1m2026-09-28 09:05:05,959 - tpp_runner.py[pid:17624;line:140:_train_model] - CRITICAL: current best loglike on valid set is 0.1749 (updated at epoch-53), best updated at this epoch[0m
[38;20m2026-09-28 09:05:06,130 - tpp_runner.py[pid:17624;line:104:_train_model] - INFO: [ Epoch 54 (train) ]: train loglike is 0.42258537243412414, num_events is 33274, mark_ll is -2.0012067549574177, time_ll is 2.4237920402613526[0m
[38;20m2026-09-28 09:05:06,147 - tpp_runner.py[pid:17624;line:116:_train_model] - INFO: [ Epoch 54 (valid) ]:  valid loglike is 0.12115681432154965, num_events is 9144, mark_ll is -2.00935228936837, time_ll is 2.1305091036899197[0m
[38;20m2026-09-28 09:05:06,173 - tpp_runner.py[pid:17624;line:136:_train_model] - INFO: [ Epoch 54 (test) ]: test loglike is 0.4311958415219428, num_events is 14478, mark_ll is -2.1632190867177785, time_ll is 2.594414869219678[0m
[31;1m2026-09-28 09:05:06,173 - tpp_runner.py[pid:17624;line:140:_train_model] - CRITICAL: current best loglike on valid set is 0.1749 (updated at epoch-53)[0m
[38;20m2026-09-28 09:05:06,344 - tpp_runner.py[pid:17624;line:104:_train_model] - INFO: [ Epoch 55 (train) ]: train loglike is 0.45393118766908025, num_events is 33274, mark_ll is -2.0018513459328697, time_ll is 2.4557825148001724[0m
[38;20m2026-09-28 09:05:06,366 - tpp_runner.py[pid:17624;line:116:_train_model] - INFO: [ Epoch 55 (valid) ]:  valid loglike is 0.18023719019985784, num_events is 9144, mark_ll is -2.0120499311365374, time_ll is 2.192286961139135[0m
[38;20m2026-09-28 09:05:06,389 - tpp_runner.py[pid:17624;line:136:_train_model] - INFO: [ Epoch 55 (test) ]: test loglike is 0.43597269618127504, num_events is 14478, mark_ll is -2.1663754111842106, time_ll is 2.602348242268442[0m
[31;1m2026-09-28 09:05:06,389 - tpp_runner.py[pid:17624;line:140:_train_model] - CRITICAL: current best loglike on valid set is 0.1802 (updated at epoch-55), best updated at this epoch[0m
[38;20m2026-09-28 09:05:06,571 - tpp_runner.py[pid:17624;line:104:_train_model] - INFO: [ Epoch 56 (train) ]: train loglike is 0.4755170023870517, num_events is 33274, mark_ll is -2.00445876912858, time_ll is 2.4799757068558597[0m
[38;20m2026-09-28 09:05:06,590 - tpp_runner.py[pid:17624;line:116:_train_model] - INFO: [ Epoch 56 (valid) ]:  valid loglike is 0.07900280088890256, num_events is 9144, mark_ll is -2.0155947761168527, time_ll is 2.094597496907125[0m
[38;20m2026-09-28 09:05:06,617 - tpp_runner.py[pid:17624;line:136:_train_model] - INFO: [ Epoch 56 (test) ]: test loglike is 0.48500594112619144, num_events is 14478, mark_ll is -2.1709115230867524, time_ll is 2.6559173293099874[0m
[31;1m2026-09-28 09:05:06,617 - tpp_runner.py[pid:17624;line:140:_train_model] - CRITICAL: current best loglike on valid set is 0.1802 (updated at epoch-55)[0m
[38;20m2026-09-28 09:05:06,792 - tpp_runner.py[pid:17624;line:104:_train_model] - INFO: [ Epoch 57 (train) ]: train loglike is 0.4363402958034344, num_events is 33274, mark_ll is -2.007354275913861, time_ll is 2.4436945859332737[0m
[38;20m2026-09-28 09:05:06,817 - tpp_runner.py[pid:17624;line:116:_train_model] - INFO: [ Epoch 57 (valid) ]:  valid loglike is 0.10260306130556923, num_events is 9144, mark_ll is -2.0158309602779143, time_ll is 2.1184340349332555[0m
[38;20m2026-09-28 09:05:06,851 - tpp_runner.py[pid:17624;line:136:_train_model] - INFO: [ Epoch 57 (test) ]: test loglike is 0.48528812438484253, num_events is 14478, mark_ll is -2.174287806823284, time_ll is 2.659575897482387[0m
[31;1m2026-09-28 09:05:06,851 - tpp_runner.py[pid:17624;line:140:_train_model] - CRITICAL: current best loglike on valid set is 0.1802 (updated at epoch-55)[0m
[38;20m2026-09-28 09:05:07,024 - tpp_runner.py[pid:17624;line:104:_train_model] - INFO: [ Epoch 58 (train) ]: train loglike is 0.4796500623588014, num_events is 33274, mark_ll is -2.0070628135072615, time_ll is 2.4867128478926865[0m
[38;20m2026-09-28 09:05:07,037 - tpp_runner.py[pid:17624;line:116:_train_model] - INFO: [ Epoch 58 (valid) ]:  valid loglike is 0.1842133396045221, num_events is 9144, mark_ll is -2.013784653871391, time_ll is 2.1979983405699777[0m
[38;20m2026-09-28 09:05:07,067 - tpp_runner.py[pid:17624;line:136:_train_model] - INFO: [ Epoch 58 (test) ]: test loglike is 0.47927151998938045, num_events is 14478, mark_ll is -2.1747488376761295, time_ll is 2.6540202564882924[0m
[31;1m2026-09-28 09:05:07,067 - tpp_runner.py[pid:17624;line:140:_train_model] - CRITICAL: current best loglike on valid set is 0.1842 (updated at epoch-58), best updated at this epoch[0m
[38;20m2026-09-28 09:05:07,235 - tpp_runner.py[pid:17624;line:104:_train_model] - INFO: [ Epoch 59 (train) ]: train loglike is 0.47145173107838984, num_events is 33274, mark_ll is -2.0069902624914535, time_ll is 2.478442068776954[0m
[38;20m2026-09-28 09:05:07,256 - tpp_runner.py[pid:17624;line:116:_train_model] - INFO: [ Epoch 59 (valid) ]:  valid loglike is 0.18582017152641075, num_events is 9144, mark_ll is -2.015411056558604, time_ll is 2.201231228085015[0m
[38;20m2026-09-28 09:05:07,282 - tpp_runner.py[pid:17624;line:136:_train_model] - INFO: [ Epoch 59 (test) ]: test loglike is 0.4342610474728899, num_events is 14478, mark_ll is -2.176731641326495, time_ll is 2.6109926213479073[0m
[31;1m2026-09-28 09:05:07,282 - tpp_runner.py[pid:17624;line:140:_train_model] - CRITICAL: current best loglike on valid set is 0.1858 (updated at epoch-59), best updated at this epoch[0m
[38;20m2026-09-28 09:05:07,447 - tpp_runner.py[pid:17624;line:104:_train_model] - INFO: [ Epoch 60 (train) ]: train loglike is 0.4370854602393432, num_events is 33274, mark_ll is -2.0092302127376573, time_ll is 2.446315704160437[0m
[38;20m2026-09-28 09:05:07,467 - tpp_runner.py[pid:17624;line:116:_train_model] - INFO: [ Epoch 60 (valid) ]:  valid loglike is 0.2294262930268482, num_events is 9144, mark_ll is -2.0178047774240624, time_ll is 2.2472309770025083[0m
[38;20m2026-09-28 09:05:07,492 - tpp_runner.py[pid:17624;line:136:_train_model] - INFO: [ Epoch 60 (test) ]: test loglike is 0.46598922786404373, num_events is 14478, mark_ll is -2.178892719233492, time_ll is 2.6448819976861446[0m
[31;1m2026-09-28 09:05:07,492 - tpp_runner.py[pid:17624;line:140:_train_model] - CRITICAL: current best loglike on valid set is 0.2294 (updated at epoch-60), best updated at this epoch[0m
[38;20m2026-09-28 09:05:07,652 - tpp_runner.py[pid:17624;line:104:_train_model] - INFO: [ Epoch 61 (train) ]: train loglike is 0.4565686354694755, num_events is 33274, mark_ll is -2.0111513215202748, time_ll is 2.4677198826997992[0m
[38;20m2026-09-28 09:05:07,666 - tpp_runner.py[pid:17624;line:116:_train_model] - INFO: [ Epoch 61 (valid) ]:  valid loglike is 0.18915991061420057, num_events is 9144, mark_ll is -2.018889606572616, time_ll is 2.2080493302900126[0m
[38;20m2026-09-28 09:05:07,700 - tpp_runner.py[pid:17624;line:136:_train_model] - INFO: [ Epoch 61 (test) ]: test loglike is 0.44101751026881303, num_events is 14478, mark_ll is -2.180392840106541, time_ll is 2.6214102323352675[0m
[31;1m2026-09-28 09:05:07,700 - tpp_runner.py[pid:17624;line:140:_train_model] - CRITICAL: current best loglike on valid set is 0.2294 (updated at epoch-60)[0m
[38;20m2026-09-28 09:05:07,849 - tpp_runner.py[pid:17624;line:104:_train_model] - INFO: [ Epoch 62 (train) ]: train loglike is 0.4556958505280023, num_events is 33274, mark_ll is -2.0124799633582153, time_ll is 2.4681758285607756[0m
[38;20m2026-09-28 09:05:07,867 - tpp_runner.py[pid:17624;line:116:_train_model] - INFO: [ Epoch 62 (valid) ]:  valid loglike is 0.18368362066313976, num_events is 9144, mark_ll is -2.019360079227157, time_ll is 2.2030438467377857[0m
[38;20m2026-09-28 09:05:07,897 - tpp_runner.py[pid:17624;line:136:_train_model] - INFO: [ Epoch 62 (test) ]: test loglike is 0.4079771962740883, num_events is 14478, mark_ll is -2.181810670176302, time_ll is 2.5897878327246513[0m
[31;1m2026-09-28 09:05:07,897 - tpp_runner.py[pid:17624;line:140:_train_model] - CRITICAL: current best loglike on valid set is 0.2294 (updated at epoch-60)[0m
[38;20m2026-09-28 09:05:08,072 - tpp_runner.py[pid:17624;line:104:_train_model] - INFO: [ Epoch 63 (train) ]: train loglike is 0.48898209956300337, num_events is 33274, mark_ll is -2.0130370242625624, time_ll is 2.5020191238255656[0m
[38;20m2026-09-28 09:05:08,091 - tpp_runner.py[pid:17624;line:116:_train_model] - INFO: [ Epoch 63 (valid) ]:  valid loglike is 0.15575979638287402, num_events is 9144, mark_ll is -2.0200044193084263, time_ll is 2.175764188991757[0m
[38;20m2026-09-28 09:05:08,119 - tpp_runner.py[pid:17624;line:136:_train_model] - INFO: [ Epoch 63 (test) ]: test loglike is 0.4785543421484321, num_events is 14478, mark_ll is -2.1832359873601326, time_ll is 2.6617901946056084[0m
[31;1m2026-09-28 09:05:08,120 - tpp_runner.py[pid:17624;line:140:_train_model] - CRITICAL: current best loglike on valid set is 0.2294 (updated at epoch-60)[0m
[38;20m2026-09-28 09:05:08,284 - tpp_runner.py[pid:17624;line:104:_train_model] - INFO: [ Epoch 64 (train) ]: train loglike is 0.4615777596878792, num_events is 33274, mark_ll is -2.0140152376503613, time_ll is 2.475592944601547[0m
[38;20m2026-09-28 09:05:08,303 - tpp_runner.py[pid:17624;line:116:_train_model] - INFO: [ Epoch 64 (valid) ]:  valid loglike is 0.231590397818925, num_events is 9144, mark_ll is -2.021165689249781, time_ll is 2.2527560603691628[0m
[38;20m2026-09-28 09:05:08,331 - tpp_runner.py[pid:17624;line:136:_train_model] - INFO: [ Epoch 64 (test) ]: test loglike is 0.46124738895328254, num_events is 14478, mark_ll is -2.18497353743611, time_ll is 2.646220976978001[0m
[31;1m2026-09-28 09:05:08,331 - tpp_runner.py[pid:17624;line:140:_train_model] - CRITICAL: current best loglike on valid set is 0.2316 (updated at epoch-64), best updated at this epoch[0m
[38;20m2026-09-28 09:05:08,503 - tpp_runner.py[pid:17624;line:104:_train_model] - INFO: [ Epoch 65 (train) ]: train loglike is 0.48119496614190543, num_events is 33274, mark_ll is -2.01546965879539, time_ll is 2.49666467102458[0m
[38;20m2026-09-28 09:05:08,521 - tpp_runner.py[pid:17624;line:116:_train_model] - INFO: [ Epoch 65 (valid) ]:  valid loglike is 0.16709279137959318, num_events is 9144, mark_ll is -2.0231619073128555, time_ll is 2.190254805490622[0m
[38;20m2026-09-28 09:05:08,548 - tpp_runner.py[pid:17624;line:136:_train_model] - INFO: [ Epoch 65 (test) ]: test loglike is 0.4376843617525297, num_events is 14478, mark_ll is -2.1872272936740225, time_ll is 2.624911638563683[0m
[31;1m2026-09-28 09:05:08,548 - tpp_runner.py[pid:17624;line:140:_train_model] - CRITICAL: current best loglike on valid set is 0.2316 (updated at epoch-64)[0m
[38;20m2026-09-28 09:05:08,713 - tpp_runner.py[pid:17624;line:104:_train_model] - INFO: [ Epoch 66 (train) ]: train loglike is 0.48704241233110757, num_events is 33274, mark_ll is -2.0169073032517413, time_ll is 2.503949804088778[0m
[38;20m2026-09-28 09:05:08,731 - tpp_runner.py[pid:17624;line:116:_train_model] - INFO: [ Epoch 66 (valid) ]:  valid loglike is 0.15171114436806238, num_events is 9144, mark_ll is -2.0245172562353044, time_ll is 2.1762283205047366[0m
[38;20m2026-09-28 09:05:08,757 - tpp_runner.py[pid:17624;line:136:_train_model] - INFO: [ Epoch 66 (test) ]: test loglike is 0.4705721005037816, num_events is 14478, mark_ll is -2.1891694915345696, time_ll is 2.659741558312612[0m
[31;1m2026-09-28 09:05:08,757 - tpp_runner.py[pid:17624;line:140:_train_model] - CRITICAL: current best loglike on valid set is 0.2316 (updated at epoch-64)[0m
[38;20m2026-09-28 09:05:08,949 - tpp_runner.py[pid:17624;line:104:_train_model] - INFO: [ Epoch 67 (train) ]: train loglike is 0.48301963212291316, num_events is 33274, mark_ll is -2.0183410369383283, time_ll is 2.50136059935709[0m
[38;20m2026-09-28 09:05:08,967 - tpp_runner.py[pid:17624;line:116:_train_model] - INFO: [ Epoch 67 (valid) ]:  valid loglike is 0.22438205508735237, num_events is 9144, mark_ll is -2.0259898428528955, time_ll is 2.250371937989563[0m
[38;20m2026-09-28 09:05:08,995 - tpp_runner.py[pid:17624;line:136:_train_model] - INFO: [ Epoch 67 (test) ]: test loglike is 0.5190899487045, num_events is 14478, mark_ll is -2.191139614307052, time_ll is 2.7102297990917252[0m
[31;1m2026-09-28 09:05:08,995 - tpp_runner.py[pid:17624;line:140:_train_model] - CRITICAL: current best loglike on valid set is 0.2316 (updated at epoch-64)[0m
[38;20m2026-09-28 09:05:09,156 - tpp_runner.py[pid:17624;line:104:_train_model] - INFO: [ Epoch 68 (train) ]: train loglike is 0.5133539800454183, num_events is 33274, mark_ll is -2.0195136992283764, time_ll is 2.5328676902797134[0m
[38;20m2026-09-28 09:05:09,173 - tpp_runner.py[pid:17624;line:116:_train_model] - INFO: [ Epoch 68 (valid) ]:  valid loglike is 0.27755327466696056, num_events is 9144, mark_ll is -2.027127750693761, time_ll is 2.304681038710493[0m
[38;20m2026-09-28 09:05:09,209 - tpp_runner.py[pid:17624;line:136:_train_model] - INFO: [ Epoch 68 (test) ]: test loglike is 0.4624773329307829, num_events is 14478, mark_ll is -2.193138403957729, time_ll is 2.6556158212028595[0m
[31;1m2026-09-28 09:05:09,209 - tpp_runner.py[pid:17624;line:140:_train_model] - CRITICAL: current best loglike on valid set is 0.2776 (updated at epoch-68), best updated at this epoch[0m
[38;20m2026-09-28 09:05:09,371 - tpp_runner.py[pid:17624;line:104:_train_model] - INFO: [ Epoch 69 (train) ]: train loglike is 0.5042205432677, num_events is 33274, mark_ll is -2.020848203552323, time_ll is 2.525068848624771[0m
[38;20m2026-09-28 09:05:09,389 - tpp_runner.py[pid:17624;line:116:_train_model] - INFO: [ Epoch 69 (valid) ]:  valid loglike is 0.11219391109436516, num_events is 9144, mark_ll is -2.0283073365218995, time_ll is 2.140501194217178[0m
[38;20m2026-09-28 09:05:09,415 - tpp_runner.py[pid:17624;line:136:_train_model] - INFO: [ Epoch 69 (test) ]: test loglike is 0.418968161688208, num_events is 14478, mark_ll is -2.195178541364484, time_ll is 2.6141465850126053[0m
[31;1m2026-09-28 09:05:09,415 - tpp_runner.py[pid:17624;line:140:_train_model] - CRITICAL: current best loglike on valid set is 0.2776 (updated at epoch-68)[0m
[38;20m2026-09-28 09:05:09,566 - tpp_runner.py[pid:17624;line:104:_train_model] - INFO: [ Epoch 70 (train) ]: train loglike is 0.5434134725754225, num_events is 33274, mark_ll is -2.0219465208618215, time_ll is 2.5653601887923[0m
[38;20m2026-09-28 09:05:09,582 - tpp_runner.py[pid:17624;line:116:_train_model] - INFO: [ Epoch 70 (valid) ]:  valid loglike is 0.2409789451672545, num_events is 9144, mark_ll is -2.029587633027805, time_ll is 2.270566711692777[0m
[38;20m2026-09-28 09:05:09,623 - tpp_runner.py[pid:17624;line:136:_train_model] - INFO: [ Epoch 70 (test) ]: test loglike is 0.4476778378455674, num_events is 14478, mark_ll is -2.197158242246857, time_ll is 2.6448361306810333[0m
[31;1m2026-09-28 09:05:09,623 - tpp_runner.py[pid:17624;line:140:_train_model] - CRITICAL: current best loglike on valid set is 0.2776 (updated at epoch-68)[0m
[38;20m2026-09-28 09:05:09,788 - tpp_runner.py[pid:17624;line:104:_train_model] - INFO: [ Epoch 71 (train) ]: train loglike is 0.4632485521493884, num_events is 33274, mark_ll is -2.0232643108639627, time_ll is 2.4865128776879093[0m
[38;20m2026-09-28 09:05:09,804 - tpp_runner.py[pid:17624;line:116:_train_model] - INFO: [ Epoch 71 (valid) ]:  valid loglike is 0.20090363803706665, num_events is 9144, mark_ll is -2.03010103854816, time_ll is 2.2310045831368246[0m
[38;20m2026-09-28 09:05:09,820 - tpp_runner.py[pid:17624;line:136:_train_model] - INFO: [ Epoch 71 (test) ]: test loglike is 0.47165183003954275, num_events is 14478, mark_ll is -2.1984404273941496, time_ll is 2.6700922574336925[0m
[31;1m2026-09-28 09:05:09,820 - tpp_runner.py[pid:17624;line:140:_train_model] - CRITICAL: current best loglike on valid set is 0.2776 (updated at epoch-68)[0m
[38;20m2026-09-28 09:05:10,001 - tpp_runner.py[pid:17624;line:104:_train_model] - INFO: [ Epoch 72 (train) ]: train loglike is 0.5021942041452927, num_events is 33274, mark_ll is -2.023828822775243, time_ll is 2.5260229883998204[0m
[38;20m2026-09-28 09:05:10,004 - tpp_runner.py[pid:17624;line:116:_train_model] - INFO: [ Epoch 72 (valid) ]:  valid loglike is 0.16604950672059549, num_events is 9144, mark_ll is -2.030365310628896, time_ll is 2.1964147105513177[0m
[38;20m2026-09-28 09:05:10,044 - tpp_runner.py[pid:17624;line:136:_train_model] - INFO: [ Epoch 72 (test) ]: test loglike is 0.48254613748553843, num_events is 14478, mark_ll is -2.199195007079707, time_ll is 2.68174099279942[0m
[31;1m2026-09-28 09:05:10,044 - tpp_runner.py[pid:17624;line:140:_train_model] - CRITICAL: current best loglike on valid set is 0.2776 (updated at epoch-68)[0m
[38;20m2026-09-28 09:05:10,213 - tpp_runner.py[pid:17624;line:104:_train_model] - INFO: [ Epoch 73 (train) ]: train loglike is 0.4760200742159912, num_events is 33274, mark_ll is -2.0241273876680177, time_ll is 2.5001475049905237[0m
[38;20m2026-09-28 09:05:10,232 - tpp_runner.py[pid:17624;line:116:_train_model] - INFO: [ Epoch 73 (valid) ]:  valid loglike is 0.24535610836426208, num_events is 9144, mark_ll is -2.0301092887070755, time_ll is 2.275465437120653[0m
[38;20m2026-09-28 09:05:10,257 - tpp_runner.py[pid:17624;line:136:_train_model] - INFO: [ Epoch 73 (test) ]: test loglike is 0.459887339505953, num_events is 14478, mark_ll is -2.19973407929272, time_ll is 2.6596212248756737[0m
[31;1m2026-09-28 09:05:10,257 - tpp_runner.py[pid:17624;line:140:_train_model] - CRITICAL: current best loglike on valid set is 0.2776 (updated at epoch-68)[0m
[38;20m2026-09-28 09:05:10,450 - tpp_runner.py[pid:17624;line:104:_train_model] - INFO: [ Epoch 74 (train) ]: train loglike is 0.5021872493218593, num_events is 33274, mark_ll is -2.0241974696894065, time_ll is 2.5263847529461816[0m
[38;20m2026-09-28 09:05:10,489 - tpp_runner.py[pid:17624;line:116:_train_model] - INFO: [ Epoch 74 (valid) ]:  valid loglike is 0.23464729529353265, num_events is 9144, mark_ll is -2.029930935757054, time_ll is 2.264578164301728[0m
[38;20m2026-09-28 09:05:10,512 - tpp_runner.py[pid:17624;line:136:_train_model] - INFO: [ Epoch 74 (test) ]: test loglike is 0.45042486674285986, num_events is 14478, mark_ll is -2.1998871941480176, time_ll is 2.650312044028008[0m
[31;1m2026-09-28 09:05:10,512 - tpp_runner.py[pid:17624;line:140:_train_model] - CRITICAL: current best loglike on valid set is 0.2776 (updated at epoch-68)[0m
[38;20m2026-09-28 09:05:10,680 - tpp_runner.py[pid:17624;line:104:_train_model] - INFO: [ Epoch 75 (train) ]: train loglike is 0.49088550807693554, num_events is 33274, mark_ll is -2.024427911614314, time_ll is 2.515313473803683[0m
[38;20m2026-09-28 09:05:10,696 - tpp_runner.py[pid:17624;line:116:_train_model] - INFO: [ Epoch 75 (valid) ]:  valid loglike is 0.16857489638441192, num_events is 9144, mark_ll is -2.0302018560241004, time_ll is 2.198776765758284[0m
[38;20m2026-09-28 09:05:10,728 - tpp_runner.py[pid:17624;line:136:_train_model] - INFO: [ Epoch 75 (test) ]: test loglike is 0.4893942668402058, num_events is 14478, mark_ll is -2.2002602008219365, time_ll is 2.689654670016577[0m
[31;1m2026-09-28 09:05:10,728 - tpp_runner.py[pid:17624;line:140:_train_model] - CRITICAL: current best loglike on valid set is 0.2776 (updated at epoch-68)[0m
[38;20m2026-09-28 09:05:10,893 - tpp_runner.py[pid:17624;line:104:_train_model] - INFO: [ Epoch 76 (train) ]: train loglike is 0.521730355447736, num_events is 33274, mark_ll is -2.0247252878678736, time_ll is 2.5464556561558482[0m
[38;20m2026-09-28 09:05:10,922 - tpp_runner.py[pid:17624;line:116:_train_model] - INFO: [ Epoch 76 (valid) ]:  valid loglike is 0.23251676517730205, num_events is 9144, mark_ll is -2.030591696057524, time_ll is 2.2631083544366524[0m
[38;20m2026-09-28 09:05:10,949 - tpp_runner.py[pid:17624;line:136:_train_model] - INFO: [ Epoch 76 (test) ]: test loglike is 0.5330199605112067, num_events is 14478, mark_ll is -2.2006755670241054, time_ll is 2.733695493809573[0m
[31;1m2026-09-28 09:05:10,950 - tpp_runner.py[pid:17624;line:140:_train_model] - CRITICAL: current best loglike on valid set is 0.2776 (updated at epoch-68)[0m
[38;20m2026-09-28 09:05:11,130 - tpp_runner.py[pid:17624;line:104:_train_model] - INFO: [ Epoch 77 (train) ]: train loglike is 0.4990560957293044, num_events is 33274, mark_ll is -2.024920514521708, time_ll is 2.523976606582373[0m
[38;20m2026-09-28 09:05:11,164 - tpp_runner.py[pid:17624;line:116:_train_model] - INFO: [ Epoch 77 (valid) ]:  valid loglike is 0.20737086819225722, num_events is 9144, mark_ll is -2.030245669974847, time_ll is 2.2376166449652777[0m
[38;20m2026-09-28 09:05:11,190 - tpp_runner.py[pid:17624;line:136:_train_model] - INFO: [ Epoch 77 (test) ]: test loglike is 0.455839053555934, num_events is 14478, mark_ll is -2.200608048094523, time_ll is 2.6564472955734564[0m
[31;1m2026-09-28 09:05:11,191 - tpp_runner.py[pid:17624;line:140:_train_model] - CRITICAL: current best loglike on valid set is 0.2776 (updated at epoch-68)[0m
[38;20m2026-09-28 09:05:11,354 - tpp_runner.py[pid:17624;line:104:_train_model] - INFO: [ Epoch 78 (train) ]: train loglike is 0.49346895763032417, num_events is 33274, mark_ll is -2.0249192928647366, time_ll is 2.5183883036903345[0m
[38;20m2026-09-28 09:05:11,370 - tpp_runner.py[pid:17624;line:116:_train_model] - INFO: [ Epoch 78 (valid) ]:  valid loglike is 0.2545425535187008, num_events is 9144, mark_ll is -2.030673690355356, time_ll is 2.285216364022002[0m
[38;20m2026-09-28 09:05:11,402 - tpp_runner.py[pid:17624;line:136:_train_model] - INFO: [ Epoch 78 (test) ]: test loglike is 0.46111359894646187, num_events is 14478, mark_ll is -2.2010936312853984, time_ll is 2.66220724709473[0m
[31;1m2026-09-28 09:05:11,402 - tpp_runner.py[pid:17624;line:140:_train_model] - CRITICAL: current best loglike on valid set is 0.2776 (updated at epoch-68)[0m
[38;20m2026-09-28 09:05:11,600 - tpp_runner.py[pid:17624;line:104:_train_model] - INFO: [ Epoch 79 (train) ]: train loglike is 0.5041197462495204, num_events is 33274, mark_ll is -2.0253282654648714, time_ll is 2.529447982594565[0m
[38;20m2026-09-28 09:05:11,616 - tpp_runner.py[pid:17624;line:116:_train_model] - INFO: [ Epoch 79 (valid) ]:  valid loglike is 0.21033692047039043, num_events is 9144, mark_ll is -2.0313015301187938, time_ll is 2.2416383437910103[0m
[38;20m2026-09-28 09:05:11,653 - tpp_runner.py[pid:17624;line:136:_train_model] - INFO: [ Epoch 79 (test) ]: test loglike is 0.44742249184376726, num_events is 14478, mark_ll is -2.2016629217606023, time_ll is 2.649085506350152[0m
[31;1m2026-09-28 09:05:11,653 - tpp_runner.py[pid:17624;line:140:_train_model] - CRITICAL: current best loglike on valid set is 0.2776 (updated at epoch-68)[0m
[38;20m2026-09-28 09:05:11,825 - tpp_runner.py[pid:17624;line:104:_train_model] - INFO: [ Epoch 80 (train) ]: train loglike is 0.48412814504031043, num_events is 33274, mark_ll is -2.0257686196077453, time_ll is 2.509896778864034[0m
[38;20m2026-09-28 09:05:11,841 - tpp_runner.py[pid:17624;line:116:_train_model] - INFO: [ Epoch 80 (valid) ]:  valid loglike is 0.25996497714091893, num_events is 9144, mark_ll is -2.031327962666776, time_ll is 2.291292939807695[0m
[38;20m2026-09-28 09:05:11,876 - tpp_runner.py[pid:17624;line:136:_train_model] - INFO: [ Epoch 80 (test) ]: test loglike is 0.4688706201057207, num_events is 14478, mark_ll is -2.2018017369025418, time_ll is 2.670672205242437[0m
[31;1m2026-09-28 09:05:11,876 - tpp_runner.py[pid:17624;line:140:_train_model] - CRITICAL: current best loglike on valid set is 0.2776 (updated at epoch-68)[0m
[38;20m2026-09-28 09:05:12,055 - tpp_runner.py[pid:17624;line:104:_train_model] - INFO: [ Epoch 81 (train) ]: train loglike is 0.4939804375225401, num_events is 33274, mark_ll is -2.0255076215839978, time_ll is 2.5194880627751775[0m
[38;20m2026-09-28 09:05:12,064 - tpp_runner.py[pid:17624;line:116:_train_model] - INFO: [ Epoch 81 (valid) ]:  valid loglike is 0.229622080778721, num_events is 9144, mark_ll is -2.0305150683679187, time_ll is 2.260137269294585[0m
[38;20m2026-09-28 09:05:12,095 - tpp_runner.py[pid:17624;line:136:_train_model] - INFO: [ Epoch 81 (test) ]: test loglike is 0.45765418126316654, num_events is 14478, mark_ll is -2.2013430668514298, time_ll is 2.6589972987032047[0m
[31;1m2026-09-28 09:05:12,095 - tpp_runner.py[pid:17624;line:140:_train_model] - CRITICAL: current best loglike on valid set is 0.2776 (updated at epoch-68)[0m
[38;20m2026-09-28 09:05:12,292 - tpp_runner.py[pid:17624;line:104:_train_model] - INFO: [ Epoch 82 (train) ]: train loglike is 0.4969194635445233, num_events is 33274, mark_ll is -2.0251124320626652, time_ll is 2.522032066198928[0m
[38;20m2026-09-28 09:05:12,310 - tpp_runner.py[pid:17624;line:116:_train_model] - INFO: [ Epoch 82 (valid) ]:  valid loglike is 0.21819432910241687, num_events is 9144, mark_ll is -2.0302546944205218, time_ll is 2.2484490235229386[0m
[38;20m2026-09-28 09:05:12,341 - tpp_runner.py[pid:17624;line:136:_train_model] - INFO: [ Epoch 82 (test) ]: test loglike is 0.501813365537367, num_events is 14478, mark_ll is -2.2012559869931967, time_ll is 2.7030691501761295[0m
[31;1m2026-09-28 09:05:12,341 - tpp_runner.py[pid:17624;line:140:_train_model] - CRITICAL: current best loglike on valid set is 0.2776 (updated at epoch-68)[0m
[38;20m2026-09-28 09:05:12,536 - tpp_runner.py[pid:17624;line:104:_train_model] - INFO: [ Epoch 83 (train) ]: train loglike is 0.4421490889770119, num_events is 33274, mark_ll is -2.0249976843547137, time_ll is 2.4671467421482896[0m
[38;20m2026-09-28 09:05:12,552 - tpp_runner.py[pid:17624;line:116:_train_model] - INFO: [ Epoch 83 (valid) ]:  valid loglike is 0.1775196172225298, num_events is 9144, mark_ll is -2.0300709214631865, time_ll is 2.2075905520354877[0m
[38;20m2026-09-28 09:05:12,567 - tpp_runner.py[pid:17624;line:136:_train_model] - INFO: [ Epoch 83 (test) ]: test loglike is 0.45388573463293447, num_events is 14478, mark_ll is -2.2010394677484806, time_ll is 2.6549251855185454[0m
[31;1m2026-09-28 09:05:12,567 - tpp_runner.py[pid:17624;line:140:_train_model] - CRITICAL: current best loglike on valid set is 0.2776 (updated at epoch-68)[0m
[38;20m2026-09-28 09:05:12,753 - tpp_runner.py[pid:17624;line:104:_train_model] - INFO: [ Epoch 84 (train) ]: train loglike is 0.5104295478715786, num_events is 33274, mark_ll is -2.0249442029273044, time_ll is 2.5353737563018424[0m
[38;20m2026-09-28 09:05:12,766 - tpp_runner.py[pid:17624;line:116:_train_model] - INFO: [ Epoch 84 (valid) ]:  valid loglike is 0.1985894150621309, num_events is 9144, mark_ll is -2.030227674482584, time_ll is 2.2288170761949435[0m
[38;20m2026-09-28 09:05:12,797 - tpp_runner.py[pid:17624;line:136:_train_model] - INFO: [ Epoch 84 (test) ]: test loglike is 0.47020988606635933, num_events is 14478, mark_ll is -2.2012946366901507, time_ll is 2.6715042866763365[0m
[31;1m2026-09-28 09:05:12,797 - tpp_runner.py[pid:17624;line:140:_train_model] - CRITICAL: current best loglike on valid set is 0.2776 (updated at epoch-68)[0m
[38;20m2026-09-28 09:05:12,970 - tpp_runner.py[pid:17624;line:104:_train_model] - INFO: [ Epoch 85 (train) ]: train loglike is 0.5079044475717069, num_events is 33274, mark_ll is -2.025136204846971, time_ll is 2.5330406923151334[0m
[38;20m2026-09-28 09:05:12,989 - tpp_runner.py[pid:17624;line:116:_train_model] - INFO: [ Epoch 85 (valid) ]:  valid loglike is 0.16745625226412128, num_events is 9144, mark_ll is -2.0305402460373605, time_ll is 2.1979963915033083[0m
[38;20m2026-09-28 09:05:13,017 - tpp_runner.py[pid:17624;line:136:_train_model] - INFO: [ Epoch 85 (test) ]: test loglike is 0.4372174120324803, num_events is 14478, mark_ll is -2.2016475428235944, time_ll is 2.6388648536788577[0m
[31;1m2026-09-28 09:05:13,017 - tpp_runner.py[pid:17624;line:140:_train_model] - CRITICAL: current best loglike on valid set is 0.2776 (updated at epoch-68)[0m
[38;20m2026-09-28 09:05:13,185 - tpp_runner.py[pid:17624;line:104:_train_model] - INFO: [ Epoch 86 (train) ]: train loglike is 0.5242280001077699, num_events is 33274, mark_ll is -2.0254143317487943, time_ll is 2.549642430909832[0m
[38;20m2026-09-28 09:05:13,207 - tpp_runner.py[pid:17624;line:116:_train_model] - INFO: [ Epoch 86 (valid) ]:  valid loglike is 0.25187801918436953, num_events is 9144, mark_ll is -2.031049433029856, time_ll is 2.282927639111029[0m
[38;20m2026-09-28 09:05:13,236 - tpp_runner.py[pid:17624;line:136:_train_model] - INFO: [ Epoch 86 (test) ]: test loglike is 0.4936985648753712, num_events is 14478, mark_ll is -2.2020589968400333, time_ll is 2.695757544852535[0m
[31;1m2026-09-28 09:05:13,236 - tpp_runner.py[pid:17624;line:140:_train_model] - CRITICAL: current best loglike on valid set is 0.2776 (updated at epoch-68)[0m
[38;20m2026-09-28 09:05:13,414 - tpp_runner.py[pid:17624;line:104:_train_model] - INFO: [ Epoch 87 (train) ]: train loglike is 0.4797317459941978, num_events is 33274, mark_ll is -2.02591201205333, time_ll is 2.5056437030179346[0m
[38;20m2026-09-28 09:05:13,433 - tpp_runner.py[pid:17624;line:116:_train_model] - INFO: [ Epoch 87 (valid) ]:  valid loglike is 0.15571013523211943, num_events is 9144, mark_ll is -2.0314676546779307, time_ll is 2.187177656412333[0m
[38;20m2026-09-28 09:05:13,461 - tpp_runner.py[pid:17624;line:136:_train_model] - INFO: [ Epoch 87 (test) ]: test loglike is 0.43143506662047587, num_events is 14478, mark_ll is -2.202511731161072, time_ll is 2.633946831507287[0m
[31;1m2026-09-28 09:05:13,462 - tpp_runner.py[pid:17624;line:140:_train_model] - CRITICAL: current best loglike on valid set is 0.2776 (updated at epoch-68)[0m
[38;20m2026-09-28 09:05:13,630 - tpp_runner.py[pid:17624;line:104:_train_model] - INFO: [ Epoch 88 (train) ]: train loglike is 0.5130878408819163, num_events is 33274, mark_ll is -2.0262103494904524, time_ll is 2.5392980266593286[0m
[38;20m2026-09-28 09:05:13,650 - tpp_runner.py[pid:17624;line:116:_train_model] - INFO: [ Epoch 88 (valid) ]:  valid loglike is 0.2404432722276903, num_events is 9144, mark_ll is -2.031631750071768, time_ll is 2.272074915501285[0m
[38;20m2026-09-28 09:05:13,677 - tpp_runner.py[pid:17624;line:136:_train_model] - INFO: [ Epoch 88 (test) ]: test loglike is 0.48655169292417805, num_events is 14478, mark_ll is -2.202753881967468, time_ll is 2.689305541165907[0m
[31;1m2026-09-28 09:05:13,677 - tpp_runner.py[pid:17624;line:140:_train_model] - CRITICAL: current best loglike on valid set is 0.2776 (updated at epoch-68)[0m
[38;20m2026-09-28 09:05:13,881 - tpp_runner.py[pid:17624;line:104:_train_model] - INFO: [ Epoch 89 (train) ]: train loglike is 0.513428786357392, num_events is 33274, mark_ll is -2.026373717678405, time_ll is 2.5398024572606426[0m
[38;20m2026-09-28 09:05:13,917 - tpp_runner.py[pid:17624;line:116:_train_model] - INFO: [ Epoch 89 (valid) ]:  valid loglike is 0.20911577680292404, num_events is 9144, mark_ll is -2.0317736581450268, time_ll is 2.240889474997266[0m
[38;20m2026-09-28 09:05:13,966 - tpp_runner.py[pid:17624;line:136:_train_model] - INFO: [ Epoch 89 (test) ]: test loglike is 0.4893565108753367, num_events is 14478, mark_ll is -2.2029521893130957, time_ll is 2.692308750777041[0m
[31;1m2026-09-28 09:05:13,966 - tpp_runner.py[pid:17624;line:140:_train_model] - CRITICAL: current best loglike on valid set is 0.2776 (updated at epoch-68)[0m
[38;20m2026-09-28 09:05:14,189 - tpp_runner.py[pid:17624;line:104:_train_model] - INFO: [ Epoch 90 (train) ]: train loglike is 0.48036032152367936, num_events is 33274, mark_ll is -2.0265248069297725, time_ll is 2.5068851486309693[0m
[38;20m2026-09-28 09:05:14,208 - tpp_runner.py[pid:17624;line:116:_train_model] - INFO: [ Epoch 90 (valid) ]:  valid loglike is 0.15890948812062555, num_events is 9144, mark_ll is -2.031880162623715, time_ll is 2.190789810941601[0m
[38;20m2026-09-28 09:05:14,234 - tpp_runner.py[pid:17624;line:136:_train_model] - INFO: [ Epoch 90 (test) ]: test loglike is 0.45129558101084405, num_events is 14478, mark_ll is -2.203141188354745, time_ll is 2.6544369042685454[0m
[31;1m2026-09-28 09:05:14,234 - tpp_runner.py[pid:17624;line:140:_train_model] - CRITICAL: current best loglike on valid set is 0.2776 (updated at epoch-68)[0m
[38;20m2026-09-28 09:05:14,412 - tpp_runner.py[pid:17624;line:104:_train_model] - INFO: [ Epoch 91 (train) ]: train loglike is 0.47259612237345955, num_events is 33274, mark_ll is -2.0265999553423844, time_ll is 2.499196083677383[0m
[38;20m2026-09-28 09:05:14,433 - tpp_runner.py[pid:17624;line:116:_train_model] - INFO: [ Epoch 91 (valid) ]:  valid loglike is 0.2533635550805173, num_events is 9144, mark_ll is -2.0318065252829722, time_ll is 2.2851699869150877[0m
[38;20m2026-09-28 09:05:14,457 - tpp_runner.py[pid:17624;line:136:_train_model] - INFO: [ Epoch 91 (test) ]: test loglike is 0.44588708541623495, num_events is 14478, mark_ll is -2.2030891158136483, time_ll is 2.648976167504144[0m
[31;1m2026-09-28 09:05:14,457 - tpp_runner.py[pid:17624;line:140:_train_model] - CRITICAL: current best loglike on valid set is 0.2776 (updated at epoch-68)[0m
[38;20m2026-09-28 09:05:14,649 - tpp_runner.py[pid:17624;line:104:_train_model] - INFO: [ Epoch 92 (train) ]: train loglike is 0.5092166740819655, num_events is 33274, mark_ll is -2.026528204089999, time_ll is 2.535744949251856[0m
[38;20m2026-09-28 09:05:14,669 - tpp_runner.py[pid:17624;line:116:_train_model] - INFO: [ Epoch 92 (valid) ]:  valid loglike is 0.2670616623819239, num_events is 9144, mark_ll is -2.0317276014326335, time_ll is 2.2987893973122744[0m
[38;20m2026-09-28 09:05:14,695 - tpp_runner.py[pid:17624;line:136:_train_model] - INFO: [ Epoch 92 (test) ]: test loglike is 0.4321117061230833, num_events is 14478, mark_ll is -2.203088104041477, time_ll is 2.635199877616038[0m
[31;1m2026-09-28 09:05:14,695 - tpp_runner.py[pid:17624;line:140:_train_model] - CRITICAL: current best loglike on valid set is 0.2776 (updated at epoch-68)[0m
[38;20m2026-09-28 09:05:14,872 - tpp_runner.py[pid:17624;line:104:_train_model] - INFO: [ Epoch 93 (train) ]: train loglike is 0.5035736582460775, num_events is 33274, mark_ll is -2.0265160462185188, time_ll is 2.530089690019328[0m
[38;20m2026-09-28 09:05:14,890 - tpp_runner.py[pid:17624;line:116:_train_model] - INFO: [ Epoch 93 (valid) ]:  valid loglike is 0.15491197908122814, num_events is 9144, mark_ll is -2.031714572055446, time_ll is 2.186626511087359[0m
[38;20m2026-09-28 09:05:14,918 - tpp_runner.py[pid:17624;line:136:_train_model] - INFO: [ Epoch 93 (test) ]: test loglike is 0.48738890067041374, num_events is 14478, mark_ll is -2.203131340438942, time_ll is 2.6905202748350945[0m
[31;1m2026-09-28 09:05:14,918 - tpp_runner.py[pid:17624;line:140:_train_model] - CRITICAL: current best loglike on valid set is 0.2776 (updated at epoch-68)[0m
[38;20m2026-09-28 09:05:15,143 - tpp_runner.py[pid:17624;line:104:_train_model] - INFO: [ Epoch 94 (train) ]: train loglike is 0.4895254324181418, num_events is 33274, mark_ll is -2.0264935574580565, time_ll is 2.516019107272664[0m
[38;20m2026-09-28 09:05:15,164 - tpp_runner.py[pid:17624;line:116:_train_model] - INFO: [ Epoch 94 (valid) ]:  valid loglike is 0.15475665448740294, num_events is 9144, mark_ll is -2.0316153565521105, time_ll is 2.1863721044879156[0m
[38;20m2026-09-28 09:05:15,203 - tpp_runner.py[pid:17624;line:136:_train_model] - INFO: [ Epoch 94 (test) ]: test loglike is 0.497764405072567, num_events is 14478, mark_ll is -2.2030833824380096, time_ll is 2.700847703196229[0m
[31;1m2026-09-28 09:05:15,203 - tpp_runner.py[pid:17624;line:140:_train_model] - CRITICAL: current best loglike on valid set is 0.2776 (updated at epoch-68)[0m
[38;20m2026-09-28 09:05:15,390 - tpp_runner.py[pid:17624;line:104:_train_model] - INFO: [ Epoch 95 (train) ]: train loglike is 0.5308533971352797, num_events is 33274, mark_ll is -2.026461533903395, time_ll is 2.5573149723108695[0m
[38;20m2026-09-28 09:05:15,408 - tpp_runner.py[pid:17624;line:116:_train_model] - INFO: [ Epoch 95 (valid) ]:  valid loglike is 0.17380609787668144, num_events is 9144, mark_ll is -2.0316135409831584, time_ll is 2.205419665559383[0m
[38;20m2026-09-28 09:05:15,439 - tpp_runner.py[pid:17624;line:136:_train_model] - INFO: [ Epoch 95 (test) ]: test loglike is 0.4249939310532575, num_events is 14478, mark_ll is -2.203081763602535, time_ll is 2.6280756524986186[0m
[31;1m2026-09-28 09:05:15,439 - tpp_runner.py[pid:17624;line:140:_train_model] - CRITICAL: current best loglike on valid set is 0.2776 (updated at epoch-68)[0m
[38;20m2026-09-28 09:05:15,628 - tpp_runner.py[pid:17624;line:104:_train_model] - INFO: [ Epoch 96 (train) ]: train loglike is 0.5141924673342867, num_events is 33274, mark_ll is -2.026499904204484, time_ll is 2.5406923224707167[0m
[38;20m2026-09-28 09:05:15,648 - tpp_runner.py[pid:17624;line:116:_train_model] - INFO: [ Epoch 96 (valid) ]:  valid loglike is 0.26057527530433205, num_events is 9144, mark_ll is -2.0316330850489392, time_ll is 2.292208467151445[0m
[38;20m2026-09-28 09:05:15,669 - tpp_runner.py[pid:17624;line:136:_train_model] - INFO: [ Epoch 96 (test) ]: test loglike is 0.437325755969186, num_events is 14478, mark_ll is -2.2031150846327185, time_ll is 2.640440857464774[0m
[31;1m2026-09-28 09:05:15,669 - tpp_runner.py[pid:17624;line:140:_train_model] - CRITICAL: current best loglike on valid set is 0.2776 (updated at epoch-68)[0m
[38;20m2026-09-28 09:05:15,865 - tpp_runner.py[pid:17624;line:104:_train_model] - INFO: [ Epoch 97 (train) ]: train loglike is 0.5193323602095715, num_events is 33274, mark_ll is -2.026517113792629, time_ll is 2.5458495638838694[0m
[38;20m2026-09-28 09:05:15,883 - tpp_runner.py[pid:17624;line:116:_train_model] - INFO: [ Epoch 97 (valid) ]:  valid loglike is 0.20544794037586123, num_events is 9144, mark_ll is -2.0316486775822944, time_ll is 2.2370967114065574[0m
[38;20m2026-09-28 09:05:15,896 - tpp_runner.py[pid:17624;line:136:_train_model] - INFO: [ Epoch 97 (test) ]: test loglike is 0.507387319607767, num_events is 14478, mark_ll is -2.2031314753418982, time_ll is 2.710518896126882[0m
[31;1m2026-09-28 09:05:15,896 - tpp_runner.py[pid:17624;line:140:_train_model] - CRITICAL: current best loglike on valid set is 0.2776 (updated at epoch-68)[0m
[38;20m2026-09-28 09:05:16,087 - tpp_runner.py[pid:17624;line:104:_train_model] - INFO: [ Epoch 98 (train) ]: train loglike is 0.5078965971416426, num_events is 33274, mark_ll is -2.026528244445034, time_ll is 2.534424884693191[0m
[38;20m2026-09-28 09:05:16,107 - tpp_runner.py[pid:17624;line:116:_train_model] - INFO: [ Epoch 98 (valid) ]:  valid loglike is 0.2595250354142744, num_events is 9144, mark_ll is -2.031654284486412, time_ll is 2.291179373299773[0m
[38;20m2026-09-28 09:05:16,138 - tpp_runner.py[pid:17624;line:136:_train_model] - INFO: [ Epoch 98 (test) ]: test loglike is 0.47157640242415216, num_events is 14478, mark_ll is -2.2031376808778838, time_ll is 2.6747140327134273[0m
[31;1m2026-09-28 09:05:16,139 - tpp_runner.py[pid:17624;line:140:_train_model] - CRITICAL: current best loglike on valid set is 0.2776 (updated at epoch-68)[0m
[38;20m2026-09-28 09:05:16,304 - tpp_runner.py[pid:17624;line:104:_train_model] - INFO: [ Epoch 99 (train) ]: train loglike is 0.5282290399579709, num_events is 33274, mark_ll is -2.0265319314277854, time_ll is 2.5547610342112086[0m
[38;20m2026-09-28 09:05:16,335 - tpp_runner.py[pid:17624;line:116:_train_model] - INFO: [ Epoch 99 (valid) ]:  valid loglike is 0.2521563485747143, num_events is 9144, mark_ll is -2.031655646163126, time_ll is 2.28381191463921[0m
[38;20m2026-09-28 09:05:16,364 - tpp_runner.py[pid:17624;line:136:_train_model] - INFO: [ Epoch 99 (test) ]: test loglike is 0.44821419513658656, num_events is 14478, mark_ll is -2.2031388950044897, time_ll is 2.6513531575925544[0m
[31;1m2026-09-28 09:05:16,364 - tpp_runner.py[pid:17624;line:140:_train_model] - CRITICAL: current best loglike on valid set is 0.2776 (updated at epoch-68)[0m
[38;20m2026-09-28 09:05:16,364 - base_runner.py[pid:17624;line:118:train] - INFO: End SAHP train! Cost time: 0.398m[0m
RESULT {"model": "SAHP", "dataset": "lob_amzn", "seed": 2019, "ll_per_event": 0.4624773329307829, "mark_ll": -2.193138403957729, "time_ll": 2.6556158212028595, "val_ll": 0.27755327466696056, "best_epoch": 68, "n_params": 2148, "seconds": 24.607285261154175, "max_epoch": 100, "batch_size": 64}
