
=== Mon Sep 28 06:47:07 2026 attempt 1: D:\Quant\.venv\Scripts\python.exe -u -m infodiff.baselines.easytpp_runner NHP lob_aapl 6 2019 100
[31;1m2026-09-28 06:47:09,131 - config.py[pid:34908;line:33:build_from_yaml_file] - CRITICAL: Load pipeline config class RunnerConfig[0m
[31;1m2026-09-28 06:47:09,132 - runner_config.py[pid:34908;line:205:update_config] - CRITICAL: train model NHP using GPU with torch backend[0m
[38;20m2026-09-28 06:47:09,134 - runner_config.py[pid:34908;line:45:__init__] - INFO: Save the config to D:\Quant\results\easytpp\checkpoints/lob_aapl/NHP/train_2026_09_28_06_47_09\NHP_train_output.yaml[0m
[38;20m2026-09-28 06:47:09,135 - base_runner.py[pid:34908;line:193:save_log] - INFO: Save the log to D:\Quant\results\easytpp\checkpoints/lob_aapl/NHP/train_2026_09_28_06_47_09\log[0m
0.20842144932044016 0.6263620563223178
min_dt: 7.275957614183426e-12
max_dt: 17.26781208600005
[38;20m2026-09-28 06:47:14,001 - tpp_runner.py[pid:34908;line:62:_init_model] - INFO: Num of model parameters 231948[0m
[38;20m2026-09-28 06:47:14,680 - base_runner.py[pid:34908;line:103:train] - INFO: Data 'lob_aapl' loaded...[0m
[38;20m2026-09-28 06:47:14,681 - base_runner.py[pid:34908;line:108:train] - INFO: Start NHP training...[0m
Traceback (most recent call last):
  File "<frozen runpy>", line 198, in _run_module_as_main
  File "<frozen runpy>", line 88, in _run_code
  File "D:\Quant\src\infodiff\baselines\easytpp_runner.py", line 84, in <module>
    r = run_model(model, dataset, n_types, seed, max_epoch, batch_size=bs, gpu=0 if torch.cuda.is_available() else -1)
        ^^^^^^^^^^^^^^^^^^^^^^^^^^^^^^^^^^^^^^^^^^^^^^^^^^^^^^^^^^^^^^^^^^^^^^^^^^^^^^^^^^^^^^^^^^^^^^^^^^^^^^^^^^^^^^
  File "D:\Quant\src\infodiff\baselines\easytpp_runner.py", line 68, in run_model
    log = runner.run()
          ^^^^^^^^^^^^
  File "D:\Quant\external\state_space_point_process\easy_tpp\runner\base_runner.py", line 214, in run
    return self.train(**kwargs)
           ^^^^^^^^^^^^^^^^^^^^
  File "D:\Quant\external\state_space_point_process\easy_tpp\runner\base_runner.py", line 111, in train
    best_ll, best_epochs, best_metrics, num_params, losses = self._train_model(
                                                             ^^^^^^^^^^^^^^^^^^
  File "D:\Quant\external\state_space_point_process\easy_tpp\runner\tpp_runner.py", line 98, in _train_model
    train_metrics = self.run_one_epoch(train_loader, RunnerPhase.TRAIN, **kwargs)
                    ^^^^^^^^^^^^^^^^^^^^^^^^^^^^^^^^^^^^^^^^^^^^^^^^^^^^^^^^^^^^^
  File "D:\Quant\external\state_space_point_process\easy_tpp\runner\tpp_runner.py", line 204, in run_one_epoch
    for batch in data_loader:
  File "C:\Users\E87321\AppData\Local\Programs\Python\Python311\Lib\site-packages\torch\utils\data\dataloader.py", line 725, in __next__
    data = self._next_data()
           ^^^^^^^^^^^^^^^^^
  File "C:\Users\E87321\AppData\Local\Programs\Python\Python311\Lib\site-packages\torch\utils\data\dataloader.py", line 785, in _next_data
    data = self._dataset_fetcher.fetch(index)  # may raise StopIteration
           ^^^^^^^^^^^^^^^^^^^^^^^^^^^^^^^^^^
  File "C:\Users\E87321\AppData\Local\Programs\Python\Python311\Lib\site-packages\torch\utils\data\_utils\fetch.py", line 57, in fetch
    return self.collate_fn(data)
           ^^^^^^^^^^^^^^^^^^^^^
  File "D:\Quant\external\state_space_point_process\easy_tpp\preprocess\data_collator.py", line 41, in __call__
    batch = self.tokenizer.pad(
            ^^^^^^^^^^^^^^^^^^^
  File "D:\Quant\external\state_space_point_process\easy_tpp\preprocess\event_tokenizer.py", line 333, in pad
    batch_output = self._pad(
                   ^^^^^^^^^^
  File "D:\Quant\external\state_space_point_process\easy_tpp\preprocess\event_tokenizer.py", line 416, in _pad
    batch_output[self.model_input_names[4]] = self.make_attn_mask_for_pad_sequence(
                                              ^^^^^^^^^^^^^^^^^^^^^^^^^^^^^^^^^^^^^
  File "D:\Quant\external\state_space_point_process\easy_tpp\preprocess\event_tokenizer.py", line 518, in make_attn_mask_for_pad_sequence
    seq_num, seq_len = pad_seqs.shape
                       ^^^^^^^^^^^^^^
AttributeError: 'list' object has no attribute 'shape'

=== Mon Sep 28 06:47:35 2026 attempt 2: D:\Quant\.venv\Scripts\python.exe -u -m infodiff.baselines.easytpp_runner NHP lob_aapl 6 2019 100
[31;1m2026-09-28 06:47:37,522 - config.py[pid:21768;line:33:build_from_yaml_file] - CRITICAL: Load pipeline config class RunnerConfig[0m
[31;1m2026-09-28 06:47:37,523 - runner_config.py[pid:21768;line:205:update_config] - CRITICAL: train model NHP using GPU with torch backend[0m
[38;20m2026-09-28 06:47:37,525 - runner_config.py[pid:21768;line:45:__init__] - INFO: Save the config to D:\Quant\results\easytpp\checkpoints/lob_aapl/NHP/train_2026_09_28_06_47_37\NHP_train_output.yaml[0m
[38;20m2026-09-28 06:47:37,525 - base_runner.py[pid:21768;line:193:save_log] - INFO: Save the log to D:\Quant\results\easytpp\checkpoints/lob_aapl/NHP/train_2026_09_28_06_47_37\log[0m
0.20842144932044016 0.6263620563223178
min_dt: 7.275957614183426e-12
max_dt: 17.26781208600005
[38;20m2026-09-28 06:47:42,305 - tpp_runner.py[pid:21768;line:62:_init_model] - INFO: Num of model parameters 231948[0m
[38;20m2026-09-28 06:47:43,021 - base_runner.py[pid:21768;line:103:train] - INFO: Data 'lob_aapl' loaded...[0m
[38;20m2026-09-28 06:47:43,022 - base_runner.py[pid:21768;line:108:train] - INFO: Start NHP training...[0m
Traceback (most recent call last):
  File "<frozen runpy>", line 198, in _run_module_as_main
  File "<frozen runpy>", line 88, in _run_code
  File "D:\Quant\src\infodiff\baselines\easytpp_runner.py", line 84, in <module>
    r = run_model(model, dataset, n_types, seed, max_epoch, batch_size=bs, gpu=0 if torch.cuda.is_available() else -1)
        ^^^^^^^^^^^^^^^^^^^^^^^^^^^^^^^^^^^^^^^^^^^^^^^^^^^^^^^^^^^^^^^^^^^^^^^^^^^^^^^^^^^^^^^^^^^^^^^^^^^^^^^^^^^^^^
  File "D:\Quant\src\infodiff\baselines\easytpp_runner.py", line 68, in run_model
    log = runner.run()
          ^^^^^^^^^^^^
  File "D:\Quant\external\state_space_point_process\easy_tpp\runner\base_runner.py", line 214, in run
    return self.train(**kwargs)
           ^^^^^^^^^^^^^^^^^^^^
  File "D:\Quant\external\state_space_point_process\easy_tpp\runner\base_runner.py", line 111, in train
    best_ll, best_epochs, best_metrics, num_params, losses = self._train_model(
                                                             ^^^^^^^^^^^^^^^^^^
  File "D:\Quant\external\state_space_point_process\easy_tpp\runner\tpp_runner.py", line 98, in _train_model
    train_metrics = self.run_one_epoch(train_loader, RunnerPhase.TRAIN, **kwargs)
                    ^^^^^^^^^^^^^^^^^^^^^^^^^^^^^^^^^^^^^^^^^^^^^^^^^^^^^^^^^^^^^
  File "D:\Quant\external\state_space_point_process\easy_tpp\runner\tpp_runner.py", line 204, in run_one_epoch
    for batch in data_loader:
  File "C:\Users\E87321\AppData\Local\Programs\Python\Python311\Lib\site-packages\torch\utils\data\dataloader.py", line 725, in __next__
    data = self._next_data()
           ^^^^^^^^^^^^^^^^^
  File "C:\Users\E87321\AppData\Local\Programs\Python\Python311\Lib\site-packages\torch\utils\data\dataloader.py", line 785, in _next_data
    data = self._dataset_fetcher.fetch(index)  # may raise StopIteration
           ^^^^^^^^^^^^^^^^^^^^^^^^^^^^^^^^^^
  File "C:\Users\E87321\AppData\Local\Programs\Python\Python311\Lib\site-packages\torch\utils\data\_utils\fetch.py", line 57, in fetch
    return self.collate_fn(data)
           ^^^^^^^^^^^^^^^^^^^^^
  File "D:\Quant\external\state_space_point_process\easy_tpp\preprocess\data_collator.py", line 41, in __call__
    batch = self.tokenizer.pad(
            ^^^^^^^^^^^^^^^^^^^
  File "D:\Quant\external\state_space_point_process\easy_tpp\preprocess\event_tokenizer.py", line 333, in pad
    batch_output = self._pad(
                   ^^^^^^^^^^
  File "D:\Quant\external\state_space_point_process\easy_tpp\preprocess\event_tokenizer.py", line 416, in _pad
    batch_output[self.model_input_names[4]] = self.make_attn_mask_for_pad_sequence(
                                              ^^^^^^^^^^^^^^^^^^^^^^^^^^^^^^^^^^^^^
  File "D:\Quant\external\state_space_point_process\easy_tpp\preprocess\event_tokenizer.py", line 518, in make_attn_mask_for_pad_sequence
    seq_num, seq_len = pad_seqs.shape
                       ^^^^^^^^^^^^^^
AttributeError: 'list' object has no attribute 'shape'

=== Mon Sep 28 07:34:46 2026 attempt 1: D:\Quant\.venv\Scripts\python.exe -u -m infodiff.baselines.easytpp_runner NHP lob_aapl 6 2019 100
[31;1m2026-09-28 07:34:48,263 - config.py[pid:7276;line:33:build_from_yaml_file] - CRITICAL: Load pipeline config class RunnerConfig[0m
[31;1m2026-09-28 07:34:48,264 - runner_config.py[pid:7276;line:205:update_config] - CRITICAL: train model NHP using GPU with torch backend[0m
[38;20m2026-09-28 07:34:48,277 - runner_config.py[pid:7276;line:45:__init__] - INFO: Save the config to D:\Quant\results\easytpp\checkpoints/lob_aapl/NHP/train_2026_09_28_07_34_48\NHP_train_output.yaml[0m
[38;20m2026-09-28 07:34:48,277 - base_runner.py[pid:7276;line:193:save_log] - INFO: Save the log to D:\Quant\results\easytpp\checkpoints/lob_aapl/NHP/train_2026_09_28_07_34_48\log[0m
0.20842144932044016 0.6263620563223178
min_dt: 7.275957614183426e-12
max_dt: 17.26781208600005
[38;20m2026-09-28 07:34:53,149 - tpp_runner.py[pid:7276;line:62:_init_model] - INFO: Num of model parameters 231948[0m
[38;20m2026-09-28 07:34:53,849 - base_runner.py[pid:7276;line:103:train] - INFO: Data 'lob_aapl' loaded...[0m
[38;20m2026-09-28 07:34:53,849 - base_runner.py[pid:7276;line:108:train] - INFO: Start NHP training...[0m
[38;20m2026-09-28 07:34:56,209 - tpp_runner.py[pid:7276;line:104:_train_model] - INFO: [ Epoch 0 (train) ]: train loglike is -1.2358854606064866, num_events is 66675, mark_ll is -1.7956530445901293, time_ll is 0.559767613276856[0m
[38;20m2026-09-28 07:34:56,317 - tpp_runner.py[pid:7276;line:116:_train_model] - INFO: [ Epoch 0 (valid) ]:  valid loglike is -1.1980118477494417, num_events is 17018, mark_ll is -1.6060207849776706, time_ll is 0.40800887984413564[0m
[38;20m2026-09-28 07:34:56,481 - tpp_runner.py[pid:7276;line:136:_train_model] - INFO: [ Epoch 0 (test) ]: test loglike is -0.6488550317923252, num_events is 33655, mark_ll is -1.5907833232548099, time_ll is 0.9419282379626448[0m
[31;1m2026-09-28 07:34:56,482 - tpp_runner.py[pid:7276;line:140:_train_model] - CRITICAL: current best loglike on valid set is -1.1980 (updated at epoch-0), best updated at this epoch[0m
[38;20m2026-09-28 07:34:57,839 - tpp_runner.py[pid:7276;line:104:_train_model] - INFO: [ Epoch 1 (train) ]: train loglike is -0.8682843148024466, num_events is 66675, mark_ll is -1.5657176104940007, time_ll is 0.6974333542779809[0m
[38;20m2026-09-28 07:34:57,901 - tpp_runner.py[pid:7276;line:116:_train_model] - INFO: [ Epoch 1 (valid) ]:  valid loglike is -0.7440002635077565, num_events is 17018, mark_ll is -1.5062750653719592, time_ll is 0.7622748018642026[0m
[38;20m2026-09-28 07:34:58,039 - tpp_runner.py[pid:7276;line:136:_train_model] - INFO: [ Epoch 1 (test) ]: test loglike is -0.2544473544075308, num_events is 33655, mark_ll is -1.472274544058043, time_ll is 1.2178271332036472[0m
[31;1m2026-09-28 07:34:58,039 - tpp_runner.py[pid:7276;line:140:_train_model] - CRITICAL: current best loglike on valid set is -0.7440 (updated at epoch-1), best updated at this epoch[0m
[38;20m2026-09-28 07:34:59,417 - tpp_runner.py[pid:7276;line:104:_train_model] - INFO: [ Epoch 2 (train) ]: train loglike is -0.5184833182473284, num_events is 66675, mark_ll is -1.4842039642505624, time_ll is 0.9657206203716723[0m
[38;20m2026-09-28 07:34:59,481 - tpp_runner.py[pid:7276;line:116:_train_model] - INFO: [ Epoch 2 (valid) ]:  valid loglike is -0.3479514911600952, num_events is 17018, mark_ll is -1.4920700921450816, time_ll is 1.1441185436008932[0m
[38;20m2026-09-28 07:34:59,625 - tpp_runner.py[pid:7276;line:136:_train_model] - INFO: [ Epoch 2 (test) ]: test loglike is 0.12328651347746203, num_events is 33655, mark_ll is -1.4555790031953368, time_ll is 1.578865495816929[0m
[31;1m2026-09-28 07:34:59,633 - tpp_runner.py[pid:7276;line:140:_train_model] - CRITICAL: current best loglike on valid set is -0.3480 (updated at epoch-2), best updated at this epoch[0m
[38;20m2026-09-28 07:35:01,114 - tpp_runner.py[pid:7276;line:104:_train_model] - INFO: [ Epoch 3 (train) ]: train loglike is -0.15340235317875306, num_events is 66675, mark_ll is -1.478966323057274, time_ll is 1.3255639932215504[0m
[38;20m2026-09-28 07:35:01,187 - tpp_runner.py[pid:7276;line:116:_train_model] - INFO: [ Epoch 3 (valid) ]:  valid loglike is -0.09525505565338906, num_events is 17018, mark_ll is -1.496398689071865, time_ll is 1.4011436190724527[0m
[38;20m2026-09-28 07:35:01,325 - tpp_runner.py[pid:7276;line:136:_train_model] - INFO: [ Epoch 3 (test) ]: test loglike is 0.38207722177761944, num_events is 33655, mark_ll is -1.4728060495515154, time_ll is 1.8548832985324433[0m
[31;1m2026-09-28 07:35:01,325 - tpp_runner.py[pid:7276;line:140:_train_model] - CRITICAL: current best loglike on valid set is -0.0953 (updated at epoch-3), best updated at this epoch[0m
[38;20m2026-09-28 07:35:02,765 - tpp_runner.py[pid:7276;line:104:_train_model] - INFO: [ Epoch 4 (train) ]: train loglike is 0.08024859347949548, num_events is 66675, mark_ll is -1.488759168775778, time_ll is 1.5690077583075552[0m
[38;20m2026-09-28 07:35:02,829 - tpp_runner.py[pid:7276;line:116:_train_model] - INFO: [ Epoch 4 (valid) ]:  valid loglike is 0.08098269198192723, num_events is 17018, mark_ll is -1.5102483399929487, time_ll is 1.591230838303561[0m
[38;20m2026-09-28 07:35:02,957 - tpp_runner.py[pid:7276;line:136:_train_model] - INFO: [ Epoch 4 (test) ]: test loglike is 0.5456259328921222, num_events is 33655, mark_ll is -1.502204450925522, time_ll is 2.047830380190536[0m
[31;1m2026-09-28 07:35:02,957 - tpp_runner.py[pid:7276;line:140:_train_model] - CRITICAL: current best loglike on valid set is 0.0810 (updated at epoch-4), best updated at this epoch[0m
[38;20m2026-09-28 07:35:04,315 - tpp_runner.py[pid:7276;line:104:_train_model] - INFO: [ Epoch 5 (train) ]: train loglike is 0.2416591245796424, num_events is 66675, mark_ll is -1.5024436435191695, time_ll is 1.7441027378901857[0m
[38;20m2026-09-28 07:35:04,384 - tpp_runner.py[pid:7276;line:116:_train_model] - INFO: [ Epoch 5 (valid) ]:  valid loglike is 0.20235203626307438, num_events is 17018, mark_ll is -1.5250239406437303, time_ll is 1.727375862138618[0m
[38;20m2026-09-28 07:35:04,523 - tpp_runner.py[pid:7276;line:136:_train_model] - INFO: [ Epoch 5 (test) ]: test loglike is 0.6655235044564097, num_events is 33655, mark_ll is -1.5239351790862705, time_ll is 2.1894586236954017[0m
[31;1m2026-09-28 07:35:04,523 - tpp_runner.py[pid:7276;line:140:_train_model] - CRITICAL: current best loglike on valid set is 0.2024 (updated at epoch-5), best updated at this epoch[0m
[38;20m2026-09-28 07:35:05,986 - tpp_runner.py[pid:7276;line:104:_train_model] - INFO: [ Epoch 6 (train) ]: train loglike is 0.3498667003172455, num_events is 66675, mark_ll is -1.515670049300478, time_ll is 1.86553671391662[0m
[38;20m2026-09-28 07:35:06,059 - tpp_runner.py[pid:7276;line:116:_train_model] - INFO: [ Epoch 6 (valid) ]:  valid loglike is 0.28204844227435655, num_events is 17018, mark_ll is -1.5423666760929604, time_ll is 1.824415118367317[0m
[38;20m2026-09-28 07:35:06,191 - tpp_runner.py[pid:7276;line:136:_train_model] - INFO: [ Epoch 6 (test) ]: test loglike is 0.7391958542448187, num_events is 33655, mark_ll is -1.5498626305468635, time_ll is 2.289058604486239[0m
[31;1m2026-09-28 07:35:06,191 - tpp_runner.py[pid:7276;line:140:_train_model] - CRITICAL: current best loglike on valid set is 0.2820 (updated at epoch-6), best updated at this epoch[0m
[38;20m2026-09-28 07:35:07,595 - tpp_runner.py[pid:7276;line:104:_train_model] - INFO: [ Epoch 7 (train) ]: train loglike is 0.42681579063481323, num_events is 66675, mark_ll is -1.5286060641345613, time_ll is 1.9554217819940476[0m
[38;20m2026-09-28 07:35:07,665 - tpp_runner.py[pid:7276;line:116:_train_model] - INFO: [ Epoch 7 (valid) ]:  valid loglike is 0.336410746617552, num_events is 17018, mark_ll is -1.5551790521433189, time_ll is 1.8915898561449642[0m
[38;20m2026-09-28 07:35:07,839 - tpp_runner.py[pid:7276;line:136:_train_model] - INFO: [ Epoch 7 (test) ]: test loglike is 0.7890888980904583, num_events is 33655, mark_ll is -1.5673709990099447, time_ll is 2.356459545270948[0m
[31;1m2026-09-28 07:35:07,839 - tpp_runner.py[pid:7276;line:140:_train_model] - CRITICAL: current best loglike on valid set is 0.3364 (updated at epoch-7), best updated at this epoch[0m
[38;20m2026-09-28 07:35:09,209 - tpp_runner.py[pid:7276;line:104:_train_model] - INFO: [ Epoch 8 (train) ]: train loglike is 0.47789592798702896, num_events is 66675, mark_ll is -1.5378185710184664, time_ll is 2.0157145566765093[0m
[38;20m2026-09-28 07:35:09,288 - tpp_runner.py[pid:7276;line:116:_train_model] - INFO: [ Epoch 8 (valid) ]:  valid loglike is 0.37542403975753613, num_events is 17018, mark_ll is -1.5626063901090022, time_ll is 1.938030458558585[0m
[38;20m2026-09-28 07:35:09,429 - tpp_runner.py[pid:7276;line:136:_train_model] - INFO: [ Epoch 8 (test) ]: test loglike is 0.8331577498816112, num_events is 33655, mark_ll is -1.5761615631325676, time_ll is 2.4093192513533466[0m
[31;1m2026-09-28 07:35:09,429 - tpp_runner.py[pid:7276;line:140:_train_model] - CRITICAL: current best loglike on valid set is 0.3754 (updated at epoch-8), best updated at this epoch[0m
[38;20m2026-09-28 07:35:10,853 - tpp_runner.py[pid:7276;line:104:_train_model] - INFO: [ Epoch 9 (train) ]: train loglike is 0.5217303848981768, num_events is 66675, mark_ll is -1.545252192597019, time_ll is 2.0669826964988753[0m
[38;20m2026-09-28 07:35:10,913 - tpp_runner.py[pid:7276;line:116:_train_model] - INFO: [ Epoch 9 (valid) ]:  valid loglike is 0.4020065323756464, num_events is 17018, mark_ll is -1.56840597088377, time_ll is 1.9704125319514632[0m
[38;20m2026-09-28 07:35:11,049 - tpp_runner.py[pid:7276;line:136:_train_model] - INFO: [ Epoch 9 (test) ]: test loglike is 0.8648936336133654, num_events is 33655, mark_ll is -1.5864031988769314, time_ll is 2.4512966039825064[0m
[31;1m2026-09-28 07:35:11,049 - tpp_runner.py[pid:7276;line:140:_train_model] - CRITICAL: current best loglike on valid set is 0.4020 (updated at epoch-9), best updated at this epoch[0m
[38;20m2026-09-28 07:35:12,396 - tpp_runner.py[pid:7276;line:104:_train_model] - INFO: [ Epoch 10 (train) ]: train loglike is 0.5510541327597722, num_events is 66675, mark_ll is -1.5492109543435977, time_ll is 2.100265085272544[0m
[38;20m2026-09-28 07:35:12,451 - tpp_runner.py[pid:7276;line:116:_train_model] - INFO: [ Epoch 10 (valid) ]:  valid loglike is 0.4224965271146727, num_events is 17018, mark_ll is -1.5751915251498414, time_ll is 1.9976881096486074[0m
[38;20m2026-09-28 07:35:12,667 - tpp_runner.py[pid:7276;line:136:_train_model] - INFO: [ Epoch 10 (test) ]: test loglike is 0.8879458041907313, num_events is 33655, mark_ll is -1.5982060288624926, time_ll is 2.4861516589520503[0m
[31;1m2026-09-28 07:35:12,667 - tpp_runner.py[pid:7276;line:140:_train_model] - CRITICAL: current best loglike on valid set is 0.4225 (updated at epoch-10), best updated at this epoch[0m
[38;20m2026-09-28 07:35:14,158 - tpp_runner.py[pid:7276;line:104:_train_model] - INFO: [ Epoch 11 (train) ]: train loglike is 0.5791815787430868, num_events is 66675, mark_ll is -1.5564083664346644, time_ll is 2.1355898847604986[0m
[38;20m2026-09-28 07:35:14,222 - tpp_runner.py[pid:7276;line:116:_train_model] - INFO: [ Epoch 11 (valid) ]:  valid loglike is 0.45409401649172937, num_events is 17018, mark_ll is -1.5740447614290751, time_ll is 2.0281388639969444[0m
[38;20m2026-09-28 07:35:14,365 - tpp_runner.py[pid:7276;line:136:_train_model] - INFO: [ Epoch 11 (test) ]: test loglike is 0.9079910498213722, num_events is 33655, mark_ll is -1.5950474237088657, time_ll is 2.5030386458178575[0m
[31;1m2026-09-28 07:35:14,365 - tpp_runner.py[pid:7276;line:140:_train_model] - CRITICAL: current best loglike on valid set is 0.4541 (updated at epoch-11), best updated at this epoch[0m
[38;20m2026-09-28 07:35:15,766 - tpp_runner.py[pid:7276;line:104:_train_model] - INFO: [ Epoch 12 (train) ]: train loglike is 0.6009955893574827, num_events is 66675, mark_ll is -1.5539261217836051, time_ll is 2.15492178712036[0m
[38;20m2026-09-28 07:35:15,830 - tpp_runner.py[pid:7276;line:116:_train_model] - INFO: [ Epoch 12 (valid) ]:  valid loglike is 0.46623370750822657, num_events is 17018, mark_ll is -1.5761119660065812, time_ll is 2.0423457882829945[0m
[38;20m2026-09-28 07:35:15,956 - tpp_runner.py[pid:7276;line:136:_train_model] - INFO: [ Epoch 12 (test) ]: test loglike is 0.9329376334050243, num_events is 33655, mark_ll is -1.601350916294477, time_ll is 2.5342886675805043[0m
[31;1m2026-09-28 07:35:15,956 - tpp_runner.py[pid:7276;line:140:_train_model] - CRITICAL: current best loglike on valid set is 0.4662 (updated at epoch-12), best updated at this epoch[0m
[38;20m2026-09-28 07:35:17,328 - tpp_runner.py[pid:7276;line:104:_train_model] - INFO: [ Epoch 13 (train) ]: train loglike is 0.6231553669927001, num_events is 66675, mark_ll is -1.5560383565335583, time_ll is 2.1791936090996438[0m
[38;20m2026-09-28 07:35:17,393 - tpp_runner.py[pid:7276;line:116:_train_model] - INFO: [ Epoch 13 (valid) ]:  valid loglike is 0.49472611490407215, num_events is 17018, mark_ll is -1.5716346295099306, time_ll is 2.0663608017980963[0m
[38;20m2026-09-28 07:35:17,527 - tpp_runner.py[pid:7276;line:136:_train_model] - INFO: [ Epoch 13 (test) ]: test loglike is 0.9473612029172392, num_events is 33655, mark_ll is -1.5937653281574988, time_ll is 2.5411265274476302[0m
[31;1m2026-09-28 07:35:17,527 - tpp_runner.py[pid:7276;line:140:_train_model] - CRITICAL: current best loglike on valid set is 0.4947 (updated at epoch-13), best updated at this epoch[0m
[38;20m2026-09-28 07:35:18,876 - tpp_runner.py[pid:7276;line:104:_train_model] - INFO: [ Epoch 14 (train) ]: train loglike is 0.6403298708755155, num_events is 66675, mark_ll is -1.5504743926052211, time_ll is 2.1908042891122985[0m
[38;20m2026-09-28 07:35:18,980 - tpp_runner.py[pid:7276;line:116:_train_model] - INFO: [ Epoch 14 (valid) ]:  valid loglike is 0.5093034535124574, num_events is 17018, mark_ll is -1.572062485309672, time_ll is 2.0813660535903162[0m
[38;20m2026-09-28 07:35:19,152 - tpp_runner.py[pid:7276;line:136:_train_model] - INFO: [ Epoch 14 (test) ]: test loglike is 0.9708998810888984, num_events is 33655, mark_ll is -1.5971405949675475, time_ll is 2.568040421649829[0m
[31;1m2026-09-28 07:35:19,152 - tpp_runner.py[pid:7276;line:140:_train_model] - CRITICAL: current best loglike on valid set is 0.5093 (updated at epoch-14), best updated at this epoch[0m
[38;20m2026-09-28 07:35:20,540 - tpp_runner.py[pid:7276;line:104:_train_model] - INFO: [ Epoch 15 (train) ]: train loglike is 0.6642237298462692, num_events is 66675, mark_ll is -1.5493927443639857, time_ll is 2.2136165913831083[0m
[38;20m2026-09-28 07:35:20,609 - tpp_runner.py[pid:7276;line:116:_train_model] - INFO: [ Epoch 15 (valid) ]:  valid loglike is 0.5149043705561758, num_events is 17018, mark_ll is -1.568675331817781, time_ll is 2.083579702373957[0m
[38;20m2026-09-28 07:35:20,741 - tpp_runner.py[pid:7276;line:136:_train_model] - INFO: [ Epoch 15 (test) ]: test loglike is 0.987030804591164, num_events is 33655, mark_ll is -1.5949753313145334, time_ll is 2.582005903770799[0m
[31;1m2026-09-28 07:35:20,741 - tpp_runner.py[pid:7276;line:140:_train_model] - CRITICAL: current best loglike on valid set is 0.5149 (updated at epoch-15), best updated at this epoch[0m
[38;20m2026-09-28 07:35:22,210 - tpp_runner.py[pid:7276;line:104:_train_model] - INFO: [ Epoch 16 (train) ]: train loglike is 0.6815785087410948, num_events is 66675, mark_ll is -1.5470152485822084, time_ll is 2.228593786616517[0m
[38;20m2026-09-28 07:35:22,274 - tpp_runner.py[pid:7276;line:116:_train_model] - INFO: [ Epoch 16 (valid) ]:  valid loglike is 0.5367706940812669, num_events is 17018, mark_ll is -1.5667016633123751, time_ll is 2.1034724721618288[0m
[38;20m2026-09-28 07:35:22,401 - tpp_runner.py[pid:7276;line:136:_train_model] - INFO: [ Epoch 16 (test) ]: test loglike is 1.0017926653787048, num_events is 33655, mark_ll is -1.5916551094922282, time_ll is 2.593447774870933[0m
[31;1m2026-09-28 07:35:22,401 - tpp_runner.py[pid:7276;line:140:_train_model] - CRITICAL: current best loglike on valid set is 0.5368 (updated at epoch-16), best updated at this epoch[0m
[38;20m2026-09-28 07:35:23,863 - tpp_runner.py[pid:7276;line:104:_train_model] - INFO: [ Epoch 17 (train) ]: train loglike is 0.6947833354937079, num_events is 66675, mark_ll is -1.5449264850194506, time_ll is 2.2397096749625045[0m
[38;20m2026-09-28 07:35:23,926 - tpp_runner.py[pid:7276;line:116:_train_model] - INFO: [ Epoch 17 (valid) ]:  valid loglike is 0.5455623962495593, num_events is 17018, mark_ll is -1.5684313346530145, time_ll is 2.113993730902574[0m
[38;20m2026-09-28 07:35:24,069 - tpp_runner.py[pid:7276;line:136:_train_model] - INFO: [ Epoch 17 (test) ]: test loglike is 1.0203338056311284, num_events is 33655, mark_ll is -1.5945810429356708, time_ll is 2.6149148485667992[0m
[31;1m2026-09-28 07:35:24,069 - tpp_runner.py[pid:7276;line:140:_train_model] - CRITICAL: current best loglike on valid set is 0.5456 (updated at epoch-17), best updated at this epoch[0m
[38;20m2026-09-28 07:35:25,549 - tpp_runner.py[pid:7276;line:104:_train_model] - INFO: [ Epoch 18 (train) ]: train loglike is 0.7060219614882124, num_events is 66675, mark_ll is -1.5456357432859955, time_ll is 2.251657735898247[0m
[38;20m2026-09-28 07:35:25,675 - tpp_runner.py[pid:7276;line:116:_train_model] - INFO: [ Epoch 18 (valid) ]:  valid loglike is 0.5670393687015219, num_events is 17018, mark_ll is -1.5651543586202845, time_ll is 2.132193669937713[0m
[38;20m2026-09-28 07:35:25,835 - tpp_runner.py[pid:7276;line:136:_train_model] - INFO: [ Epoch 18 (test) ]: test loglike is 1.0303435005275265, num_events is 33655, mark_ll is -1.5882351095618685, time_ll is 2.618578727970398[0m
[31;1m2026-09-28 07:35:25,835 - tpp_runner.py[pid:7276;line:140:_train_model] - CRITICAL: current best loglike on valid set is 0.5670 (updated at epoch-18), best updated at this epoch[0m
[38;20m2026-09-28 07:35:27,176 - tpp_runner.py[pid:7276;line:104:_train_model] - INFO: [ Epoch 19 (train) ]: train loglike is 0.7227496404258061, num_events is 66675, mark_ll is -1.5415478533933258, time_ll is 2.2642977245031872[0m
[38;20m2026-09-28 07:35:27,284 - tpp_runner.py[pid:7276;line:116:_train_model] - INFO: [ Epoch 19 (valid) ]:  valid loglike is 0.5872961257932777, num_events is 17018, mark_ll is -1.5657764021917968, time_ll is 2.1530727575214477[0m
[38;20m2026-09-28 07:35:27,420 - tpp_runner.py[pid:7276;line:136:_train_model] - INFO: [ Epoch 19 (test) ]: test loglike is 1.0433364988312008, num_events is 33655, mark_ll is -1.5904404672643366, time_ll is 2.633777194603328[0m
[31;1m2026-09-28 07:35:27,420 - tpp_runner.py[pid:7276;line:140:_train_model] - CRITICAL: current best loglike on valid set is 0.5873 (updated at epoch-19), best updated at this epoch[0m
[38;20m2026-09-28 07:35:28,797 - tpp_runner.py[pid:7276;line:104:_train_model] - INFO: [ Epoch 20 (train) ]: train loglike is 0.7343082187968691, num_events is 66675, mark_ll is -1.5410248230689914, time_ll is 2.2753328661065804[0m
[38;20m2026-09-28 07:35:28,859 - tpp_runner.py[pid:7276;line:116:_train_model] - INFO: [ Epoch 20 (valid) ]:  valid loglike is 0.5865348684113879, num_events is 17018, mark_ll is -1.5644173173257727, time_ll is 2.150952070968974[0m
[38;20m2026-09-28 07:35:28,995 - tpp_runner.py[pid:7276;line:136:_train_model] - INFO: [ Epoch 20 (test) ]: test loglike is 1.0576287434654026, num_events is 33655, mark_ll is -1.5892730499798042, time_ll is 2.646901905885548[0m
[31;1m2026-09-28 07:35:29,001 - tpp_runner.py[pid:7276;line:140:_train_model] - CRITICAL: current best loglike on valid set is 0.5873 (updated at epoch-19)[0m
[38;20m2026-09-28 07:35:30,380 - tpp_runner.py[pid:7276;line:104:_train_model] - INFO: [ Epoch 21 (train) ]: train loglike is 0.7464840509438273, num_events is 66675, mark_ll is -1.5402255211262654, time_ll is 2.2867094860212784[0m
[38;20m2026-09-28 07:35:30,447 - tpp_runner.py[pid:7276;line:116:_train_model] - INFO: [ Epoch 21 (valid) ]:  valid loglike is 0.5972955335894348, num_events is 17018, mark_ll is -1.5595947581237513, time_ll is 2.1568904064813728[0m
[38;20m2026-09-28 07:35:30,586 - tpp_runner.py[pid:7276;line:136:_train_model] - INFO: [ Epoch 21 (test) ]: test loglike is 1.0714213957139773, num_events is 33655, mark_ll is -1.5829886178456025, time_ll is 2.654410011746026[0m
[31;1m2026-09-28 07:35:30,586 - tpp_runner.py[pid:7276;line:140:_train_model] - CRITICAL: current best loglike on valid set is 0.5973 (updated at epoch-21), best updated at this epoch[0m
[38;20m2026-09-28 07:35:31,985 - tpp_runner.py[pid:7276;line:104:_train_model] - INFO: [ Epoch 22 (train) ]: train loglike is 0.7590723168881234, num_events is 66675, mark_ll is -1.5362400842472816, time_ll is 2.2953123974737535[0m
[38;20m2026-09-28 07:35:32,052 - tpp_runner.py[pid:7276;line:116:_train_model] - INFO: [ Epoch 22 (valid) ]:  valid loglike is 0.6150873569529322, num_events is 17018, mark_ll is -1.564720993947585, time_ll is 2.1798082361323305[0m
[38;20m2026-09-28 07:35:32,180 - tpp_runner.py[pid:7276;line:136:_train_model] - INFO: [ Epoch 22 (test) ]: test loglike is 1.082802821062876, num_events is 33655, mark_ll is -1.5923759790289334, time_ll is 2.675178794651148[0m
[31;1m2026-09-28 07:35:32,180 - tpp_runner.py[pid:7276;line:140:_train_model] - CRITICAL: current best loglike on valid set is 0.6151 (updated at epoch-22), best updated at this epoch[0m
[38;20m2026-09-28 07:35:33,662 - tpp_runner.py[pid:7276;line:104:_train_model] - INFO: [ Epoch 23 (train) ]: train loglike is 0.7702870075810836, num_events is 66675, mark_ll is -1.5387686671002063, time_ll is 2.309055616094863[0m
[38;20m2026-09-28 07:35:33,722 - tpp_runner.py[pid:7276;line:116:_train_model] - INFO: [ Epoch 23 (valid) ]:  valid loglike is 0.6243186212760019, num_events is 17018, mark_ll is -1.5618933353654953, time_ll is 2.1862118418733107[0m
[38;20m2026-09-28 07:35:33,850 - tpp_runner.py[pid:7276;line:136:_train_model] - INFO: [ Epoch 23 (test) ]: test loglike is 1.1007360526098926, num_events is 33655, mark_ll is -1.585339172299807, time_ll is 2.686074996401909[0m
[31;1m2026-09-28 07:35:33,850 - tpp_runner.py[pid:7276;line:140:_train_model] - CRITICAL: current best loglike on valid set is 0.6243 (updated at epoch-23), best updated at this epoch[0m
[38;20m2026-09-28 07:35:35,286 - tpp_runner.py[pid:7276;line:104:_train_model] - INFO: [ Epoch 24 (train) ]: train loglike is 0.7815076301497469, num_events is 66675, mark_ll is -1.537042549857049, time_ll is 2.3185502971796494[0m
[38;20m2026-09-28 07:35:35,397 - tpp_runner.py[pid:7276;line:116:_train_model] - INFO: [ Epoch 24 (valid) ]:  valid loglike is 0.6287104554736161, num_events is 17018, mark_ll is -1.558437894802562, time_ll is 2.1871483502761784[0m
[38;20m2026-09-28 07:35:35,534 - tpp_runner.py[pid:7276;line:136:_train_model] - INFO: [ Epoch 24 (test) ]: test loglike is 1.1055170304317246, num_events is 33655, mark_ll is -1.5812930827862688, time_ll is 2.6868098919644186[0m
[31;1m2026-09-28 07:35:35,534 - tpp_runner.py[pid:7276;line:140:_train_model] - CRITICAL: current best loglike on valid set is 0.6287 (updated at epoch-24), best updated at this epoch[0m
[38;20m2026-09-28 07:35:36,969 - tpp_runner.py[pid:7276;line:104:_train_model] - INFO: [ Epoch 25 (train) ]: train loglike is 0.7928415332360799, num_events is 66675, mark_ll is -1.533284794478815, time_ll is 2.3261264192561866[0m
[38;20m2026-09-28 07:35:37,070 - tpp_runner.py[pid:7276;line:116:_train_model] - INFO: [ Epoch 25 (valid) ]:  valid loglike is 0.6225687507345163, num_events is 17018, mark_ll is -1.5621621224585733, time_ll is 2.1847308731930895[0m
[38;20m2026-09-28 07:35:37,213 - tpp_runner.py[pid:7276;line:136:_train_model] - INFO: [ Epoch 25 (test) ]: test loglike is 1.1214491557834088, num_events is 33655, mark_ll is -1.5898913920607542, time_ll is 2.71134066753872[0m
[31;1m2026-09-28 07:35:37,213 - tpp_runner.py[pid:7276;line:140:_train_model] - CRITICAL: current best loglike on valid set is 0.6287 (updated at epoch-24)[0m
[38;20m2026-09-28 07:35:38,571 - tpp_runner.py[pid:7276;line:104:_train_model] - INFO: [ Epoch 26 (train) ]: train loglike is 0.7993583651164698, num_events is 66675, mark_ll is -1.5366498010990814, time_ll is 2.3360082284636294[0m
[38;20m2026-09-28 07:35:38,619 - tpp_runner.py[pid:7276;line:116:_train_model] - INFO: [ Epoch 26 (valid) ]:  valid loglike is 0.6483409799550476, num_events is 17018, mark_ll is -1.5542902873060878, time_ll is 2.2026312672611352[0m
[38;20m2026-09-28 07:35:38,777 - tpp_runner.py[pid:7276;line:136:_train_model] - INFO: [ Epoch 26 (test) ]: test loglike is 1.121974798057147, num_events is 33655, mark_ll is -1.5738799636244614, time_ll is 2.69585476712227[0m
[31;1m2026-09-28 07:35:38,777 - tpp_runner.py[pid:7276;line:140:_train_model] - CRITICAL: current best loglike on valid set is 0.6483 (updated at epoch-26), best updated at this epoch[0m
[38;20m2026-09-28 07:35:40,098 - tpp_runner.py[pid:7276;line:104:_train_model] - INFO: [ Epoch 27 (train) ]: train loglike is 0.8037191835395575, num_events is 66675, mark_ll is -1.5294613930094676, time_ll is 2.3331806937218786[0m
[38;20m2026-09-28 07:35:40,173 - tpp_runner.py[pid:7276;line:116:_train_model] - INFO: [ Epoch 27 (valid) ]:  valid loglike is 0.6482870962914268, num_events is 17018, mark_ll is -1.5610540356167, time_ll is 2.2093410745240334[0m
[38;20m2026-09-28 07:35:40,309 - tpp_runner.py[pid:7276;line:136:_train_model] - INFO: [ Epoch 27 (test) ]: test loglike is 1.1375652262792955, num_events is 33655, mark_ll is -1.5861989020309482, time_ll is 2.7237640122427944[0m
[31;1m2026-09-28 07:35:40,309 - tpp_runner.py[pid:7276;line:140:_train_model] - CRITICAL: current best loglike on valid set is 0.6483 (updated at epoch-26)[0m
[38;20m2026-09-28 07:35:41,687 - tpp_runner.py[pid:7276;line:104:_train_model] - INFO: [ Epoch 28 (train) ]: train loglike is 0.8198867542680212, num_events is 66675, mark_ll is -1.534232536118532, time_ll is 2.354119200676087[0m
[38;20m2026-09-28 07:35:41,756 - tpp_runner.py[pid:7276;line:116:_train_model] - INFO: [ Epoch 28 (valid) ]:  valid loglike is 0.6624730179993242, num_events is 17018, mark_ll is -1.5535316695924903, time_ll is 2.216004744975908[0m
[38;20m2026-09-28 07:35:41,880 - tpp_runner.py[pid:7276;line:136:_train_model] - INFO: [ Epoch 28 (test) ]: test loglike is 1.1461962121678149, num_events is 33655, mark_ll is -1.5779314502743835, time_ll is 2.7241276588150907[0m
[31;1m2026-09-28 07:35:41,880 - tpp_runner.py[pid:7276;line:140:_train_model] - CRITICAL: current best loglike on valid set is 0.6625 (updated at epoch-28), best updated at this epoch[0m
[38;20m2026-09-28 07:35:43,334 - tpp_runner.py[pid:7276;line:104:_train_model] - INFO: [ Epoch 29 (train) ]: train loglike is 0.8293165087762467, num_events is 66675, mark_ll is -1.5270320482400637, time_ll is 2.3563485863095237[0m
[38;20m2026-09-28 07:35:43,393 - tpp_runner.py[pid:7276;line:116:_train_model] - INFO: [ Epoch 29 (valid) ]:  valid loglike is 0.6738062042763544, num_events is 17018, mark_ll is -1.555124996327418, time_ll is 2.228931315371959[0m
[38;20m2026-09-28 07:35:43,534 - tpp_runner.py[pid:7276;line:136:_train_model] - INFO: [ Epoch 29 (test) ]: test loglike is 1.1594828828803994, num_events is 33655, mark_ll is -1.5788395184709738, time_ll is 2.738322511978161[0m
[31;1m2026-09-28 07:35:43,534 - tpp_runner.py[pid:7276;line:140:_train_model] - CRITICAL: current best loglike on valid set is 0.6738 (updated at epoch-29), best updated at this epoch[0m
[38;20m2026-09-28 07:35:44,913 - tpp_runner.py[pid:7276;line:104:_train_model] - INFO: [ Epoch 30 (train) ]: train loglike is 0.841986486308352, num_events is 66675, mark_ll is -1.5300551920756, time_ll is 2.372041707677165[0m
[38;20m2026-09-28 07:35:44,977 - tpp_runner.py[pid:7276;line:116:_train_model] - INFO: [ Epoch 30 (valid) ]:  valid loglike is 0.6888258020919027, num_events is 17018, mark_ll is -1.552824238490128, time_ll is 2.2416501553502175[0m
[38;20m2026-09-28 07:35:45,103 - tpp_runner.py[pid:7276;line:136:_train_model] - INFO: [ Epoch 30 (test) ]: test loglike is 1.1690832115108731, num_events is 33655, mark_ll is -1.5766152163845455, time_ll is 2.7456984315225266[0m
[31;1m2026-09-28 07:35:45,103 - tpp_runner.py[pid:7276;line:140:_train_model] - CRITICAL: current best loglike on valid set is 0.6888 (updated at epoch-30), best updated at this epoch[0m
[38;20m2026-09-28 07:35:46,463 - tpp_runner.py[pid:7276;line:104:_train_model] - INFO: [ Epoch 31 (train) ]: train loglike is 0.8513933316929134, num_events is 66675, mark_ll is -1.5255979843339895, time_ll is 2.376991250117173[0m
[38;20m2026-09-28 07:35:46,532 - tpp_runner.py[pid:7276;line:116:_train_model] - INFO: [ Epoch 31 (valid) ]:  valid loglike is 0.6766718511282171, num_events is 17018, mark_ll is -1.5536654892980961, time_ll is 2.2303374551945[0m
[38;20m2026-09-28 07:35:46,652 - tpp_runner.py[pid:7276;line:136:_train_model] - INFO: [ Epoch 31 (test) ]: test loglike is 1.1757828930798266, num_events is 33655, mark_ll is -1.5793181225974038, time_ll is 2.755101019304338[0m
[31;1m2026-09-28 07:35:46,652 - tpp_runner.py[pid:7276;line:140:_train_model] - CRITICAL: current best loglike on valid set is 0.6888 (updated at epoch-30)[0m
[38;20m2026-09-28 07:35:48,051 - tpp_runner.py[pid:7276;line:104:_train_model] - INFO: [ Epoch 32 (train) ]: train loglike is 0.8574521733367313, num_events is 66675, mark_ll is -1.5269237475686632, time_ll is 2.384376039909074[0m
[38;20m2026-09-28 07:35:48,114 - tpp_runner.py[pid:7276;line:116:_train_model] - INFO: [ Epoch 32 (valid) ]:  valid loglike is 0.6951048843503937, num_events is 17018, mark_ll is -1.5486793854301328, time_ll is 2.24378415501234[0m
[38;20m2026-09-28 07:35:48,224 - tpp_runner.py[pid:7276;line:136:_train_model] - INFO: [ Epoch 32 (test) ]: test loglike is 1.1847027889847348, num_events is 33655, mark_ll is -1.5708860400455913, time_ll is 2.755588945097775[0m
[31;1m2026-09-28 07:35:48,224 - tpp_runner.py[pid:7276;line:140:_train_model] - CRITICAL: current best loglike on valid set is 0.6951 (updated at epoch-32), best updated at this epoch[0m
[38;20m2026-09-28 07:35:49,572 - tpp_runner.py[pid:7276;line:104:_train_model] - INFO: [ Epoch 33 (train) ]: train loglike is 0.8625218344288995, num_events is 66675, mark_ll is -1.5215066744586614, time_ll is 2.3840285381807744[0m
[38;20m2026-09-28 07:35:49,636 - tpp_runner.py[pid:7276;line:116:_train_model] - INFO: [ Epoch 33 (valid) ]:  valid loglike is 0.6919857145742743, num_events is 17018, mark_ll is -1.5552096952491479, time_ll is 2.247195524591609[0m
[38;20m2026-09-28 07:35:49,763 - tpp_runner.py[pid:7276;line:136:_train_model] - INFO: [ Epoch 33 (test) ]: test loglike is 1.1951042332845463, num_events is 33655, mark_ll is -1.5811184738175048, time_ll is 2.776222705288497[0m
[31;1m2026-09-28 07:35:49,763 - tpp_runner.py[pid:7276;line:140:_train_model] - CRITICAL: current best loglike on valid set is 0.6951 (updated at epoch-32)[0m
[38;20m2026-09-28 07:35:51,253 - tpp_runner.py[pid:7276;line:104:_train_model] - INFO: [ Epoch 34 (train) ]: train loglike is 0.872113340568757, num_events is 66675, mark_ll is -1.5282234654750186, time_ll is 2.4003367181641355[0m
[38;20m2026-09-28 07:35:51,320 - tpp_runner.py[pid:7276;line:116:_train_model] - INFO: [ Epoch 34 (valid) ]:  valid loglike is 0.7152207634930662, num_events is 17018, mark_ll is -1.549401851164943, time_ll is 2.2646228441943825[0m
[38;20m2026-09-28 07:35:51,457 - tpp_runner.py[pid:7276;line:136:_train_model] - INFO: [ Epoch 34 (test) ]: test loglike is 1.1994426114653747, num_events is 33655, mark_ll is -1.5711131187555711, time_ll is 2.770555610526389[0m
[31;1m2026-09-28 07:35:51,457 - tpp_runner.py[pid:7276;line:140:_train_model] - CRITICAL: current best loglike on valid set is 0.7152 (updated at epoch-34), best updated at this epoch[0m
[38;20m2026-09-28 07:35:52,807 - tpp_runner.py[pid:7276;line:104:_train_model] - INFO: [ Epoch 35 (train) ]: train loglike is 0.8760220127513357, num_events is 66675, mark_ll is -1.5210446802059898, time_ll is 2.397066665494938[0m
[38;20m2026-09-28 07:35:52,876 - tpp_runner.py[pid:7276;line:116:_train_model] - INFO: [ Epoch 35 (valid) ]:  valid loglike is 0.7143294163716359, num_events is 17018, mark_ll is -1.5515095689123282, time_ll is 2.2658389278998707[0m
[38;20m2026-09-28 07:35:53,022 - tpp_runner.py[pid:7276;line:136:_train_model] - INFO: [ Epoch 35 (test) ]: test loglike is 1.2144749456804338, num_events is 33655, mark_ll is -1.5757444348559835, time_ll is 2.790219271723184[0m
[31;1m2026-09-28 07:35:53,022 - tpp_runner.py[pid:7276;line:140:_train_model] - CRITICAL: current best loglike on valid set is 0.7152 (updated at epoch-34)[0m
[38;20m2026-09-28 07:35:54,374 - tpp_runner.py[pid:7276;line:104:_train_model] - INFO: [ Epoch 36 (train) ]: train loglike is 0.8862406243409027, num_events is 66675, mark_ll is -1.5247801031706973, time_ll is 2.4110206707559994[0m
[38;20m2026-09-28 07:35:54,435 - tpp_runner.py[pid:7276;line:116:_train_model] - INFO: [ Epoch 36 (valid) ]:  valid loglike is 0.7320161694602774, num_events is 17018, mark_ll is -1.545330220208015, time_ll is 2.277346504436479[0m
[38;20m2026-09-28 07:35:54,589 - tpp_runner.py[pid:7276;line:136:_train_model] - INFO: [ Epoch 36 (test) ]: test loglike is 1.2160457590114768, num_events is 33655, mark_ll is -1.5680512739563215, time_ll is 2.7840968008329[0m
[31;1m2026-09-28 07:35:54,589 - tpp_runner.py[pid:7276;line:140:_train_model] - CRITICAL: current best loglike on valid set is 0.7320 (updated at epoch-36), best updated at this epoch[0m
[38;20m2026-09-28 07:35:56,001 - tpp_runner.py[pid:7276;line:104:_train_model] - INFO: [ Epoch 37 (train) ]: train loglike is 0.891888577404387, num_events is 66675, mark_ll is -1.516189780476659, time_ll is 2.4080782956329676[0m
[38;20m2026-09-28 07:35:56,064 - tpp_runner.py[pid:7276;line:116:_train_model] - INFO: [ Epoch 37 (valid) ]:  valid loglike is 0.7318785624045129, num_events is 17018, mark_ll is -1.5478307894582206, time_ll is 2.2797093518627336[0m
[38;20m2026-09-28 07:35:56,190 - tpp_runner.py[pid:7276;line:136:_train_model] - INFO: [ Epoch 37 (test) ]: test loglike is 1.2242856773928465, num_events is 33655, mark_ll is -1.5717547686311468, time_ll is 2.7960402138890954[0m
[31;1m2026-09-28 07:35:56,190 - tpp_runner.py[pid:7276;line:140:_train_model] - CRITICAL: current best loglike on valid set is 0.7320 (updated at epoch-36)[0m
[38;20m2026-09-28 07:35:57,547 - tpp_runner.py[pid:7276;line:104:_train_model] - INFO: [ Epoch 38 (train) ]: train loglike is 0.9002580585629921, num_events is 66675, mark_ll is -1.5208554277395012, time_ll is 2.4211134277160666[0m
[38;20m2026-09-28 07:35:57,591 - tpp_runner.py[pid:7276;line:116:_train_model] - INFO: [ Epoch 38 (valid) ]:  valid loglike is 0.7294015780166588, num_events is 17018, mark_ll is -1.549694854345399, time_ll is 2.279096489746151[0m
[38;20m2026-09-28 07:35:57,728 - tpp_runner.py[pid:7276;line:136:_train_model] - INFO: [ Epoch 38 (test) ]: test loglike is 1.2300316363595212, num_events is 33655, mark_ll is -1.5754200190814887, time_ll is 2.805451651813902[0m
[31;1m2026-09-28 07:35:57,728 - tpp_runner.py[pid:7276;line:140:_train_model] - CRITICAL: current best loglike on valid set is 0.7320 (updated at epoch-36)[0m
[38;20m2026-09-28 07:35:59,285 - tpp_runner.py[pid:7276;line:104:_train_model] - INFO: [ Epoch 39 (train) ]: train loglike is 0.9061730394052306, num_events is 66675, mark_ll is -1.51825528888967, time_ll is 2.424428299001687[0m
[38;20m2026-09-28 07:35:59,348 - tpp_runner.py[pid:7276;line:116:_train_model] - INFO: [ Epoch 39 (valid) ]:  valid loglike is 0.7403257304765543, num_events is 17018, mark_ll is -1.5432606054985898, time_ll is 2.2835864507433308[0m
[38;20m2026-09-28 07:35:59,474 - tpp_runner.py[pid:7276;line:136:_train_model] - INFO: [ Epoch 39 (test) ]: test loglike is 1.2300741768931762, num_events is 33655, mark_ll is -1.5639832259322537, time_ll is 2.7940574046389837[0m
[31;1m2026-09-28 07:35:59,474 - tpp_runner.py[pid:7276;line:140:_train_model] - CRITICAL: current best loglike on valid set is 0.7403 (updated at epoch-39), best updated at this epoch[0m
[38;20m2026-09-28 07:36:00,825 - tpp_runner.py[pid:7276;line:104:_train_model] - INFO: [ Epoch 40 (train) ]: train loglike is 0.9159256435718972, num_events is 66675, mark_ll is -1.515688698092426, time_ll is 2.4316144295439632[0m
[38;20m2026-09-28 07:36:00,886 - tpp_runner.py[pid:7276;line:116:_train_model] - INFO: [ Epoch 40 (valid) ]:  valid loglike is 0.7441464207934246, num_events is 17018, mark_ll is -1.547736220472441, time_ll is 2.2918825838817725[0m
[38;20m2026-09-28 07:36:01,029 - tpp_runner.py[pid:7276;line:136:_train_model] - INFO: [ Epoch 40 (test) ]: test loglike is 1.2501324111967946, num_events is 33655, mark_ll is -1.5707765811868593, time_ll is 2.8209088835704206[0m
[31;1m2026-09-28 07:36:01,029 - tpp_runner.py[pid:7276;line:140:_train_model] - CRITICAL: current best loglike on valid set is 0.7441 (updated at epoch-40), best updated at this epoch[0m
[38;20m2026-09-28 07:36:02,423 - tpp_runner.py[pid:7276;line:104:_train_model] - INFO: [ Epoch 41 (train) ]: train loglike is 0.9251458673866938, num_events is 66675, mark_ll is -1.5181720522239408, time_ll is 2.4433179177798086[0m
[38;20m2026-09-28 07:36:02,500 - tpp_runner.py[pid:7276;line:116:_train_model] - INFO: [ Epoch 41 (valid) ]:  valid loglike is 0.7540043767995651, num_events is 17018, mark_ll is -1.5441661264910682, time_ll is 2.2981705032906334[0m
[38;20m2026-09-28 07:36:02,645 - tpp_runner.py[pid:7276;line:136:_train_model] - INFO: [ Epoch 41 (test) ]: test loglike is 1.249761358070402, num_events is 33655, mark_ll is -1.5679652570952032, time_ll is 2.8177265027252636[0m
[31;1m2026-09-28 07:36:02,645 - tpp_runner.py[pid:7276;line:140:_train_model] - CRITICAL: current best loglike on valid set is 0.7540 (updated at epoch-41), best updated at this epoch[0m
[38;20m2026-09-28 07:36:04,123 - tpp_runner.py[pid:7276;line:104:_train_model] - INFO: [ Epoch 42 (train) ]: train loglike is 0.9290434301181102, num_events is 66675, mark_ll is -1.5139123466500282, time_ll is 2.442955806061352[0m
[38;20m2026-09-28 07:36:04,202 - tpp_runner.py[pid:7276;line:116:_train_model] - INFO: [ Epoch 42 (valid) ]:  valid loglike is 0.760142982797626, num_events is 17018, mark_ll is -1.545618058820073, time_ll is 2.305761041617699[0m
[38;20m2026-09-28 07:36:04,329 - tpp_runner.py[pid:7276;line:136:_train_model] - INFO: [ Epoch 42 (test) ]: test loglike is 1.2615589214954595, num_events is 33655, mark_ll is -1.568655343368138, time_ll is 2.830214272117813[0m
[31;1m2026-09-28 07:36:04,329 - tpp_runner.py[pid:7276;line:140:_train_model] - CRITICAL: current best loglike on valid set is 0.7601 (updated at epoch-42), best updated at this epoch[0m
[38;20m2026-09-28 07:36:05,728 - tpp_runner.py[pid:7276;line:104:_train_model] - INFO: [ Epoch 43 (train) ]: train loglike is 0.934101384909894, num_events is 66675, mark_ll is -1.5158013854225254, time_ll is 2.44990282708802[0m
[38;20m2026-09-28 07:36:05,784 - tpp_runner.py[pid:7276;line:116:_train_model] - INFO: [ Epoch 43 (valid) ]:  valid loglike is 0.7524591379348337, num_events is 17018, mark_ll is -1.5440230105623458, time_ll is 2.296482263265366[0m
[38;20m2026-09-28 07:36:05,910 - tpp_runner.py[pid:7276;line:136:_train_model] - INFO: [ Epoch 43 (test) ]: test loglike is 1.2653871524070068, num_events is 33655, mark_ll is -1.565991294360979, time_ll is 2.8313783343276446[0m
[31;1m2026-09-28 07:36:05,910 - tpp_runner.py[pid:7276;line:140:_train_model] - CRITICAL: current best loglike on valid set is 0.7601 (updated at epoch-42)[0m
[38;20m2026-09-28 07:36:07,294 - tpp_runner.py[pid:7276;line:104:_train_model] - INFO: [ Epoch 44 (train) ]: train loglike is 0.942098880706318, num_events is 66675, mark_ll is -1.5127385895610705, time_ll is 2.4548373494328835[0m
[38;20m2026-09-28 07:36:07,357 - tpp_runner.py[pid:7276;line:116:_train_model] - INFO: [ Epoch 44 (valid) ]:  valid loglike is 0.7601995635136326, num_events is 17018, mark_ll is -1.5448087135679869, time_ll is 2.305008162313433[0m
[38;20m2026-09-28 07:36:07,847 - tpp_runner.py[pid:7276;line:136:_train_model] - INFO: [ Epoch 44 (test) ]: test loglike is 1.2700358314723852, num_events is 33655, mark_ll is -1.5685321413980091, time_ll is 2.838568096192059[0m
[31;1m2026-09-28 07:36:07,851 - tpp_runner.py[pid:7276;line:140:_train_model] - CRITICAL: current best loglike on valid set is 0.7602 (updated at epoch-44), best updated at this epoch[0m
[38;20m2026-09-28 07:36:09,367 - tpp_runner.py[pid:7276;line:104:_train_model] - INFO: [ Epoch 45 (train) ]: train loglike is 0.9432995720080166, num_events is 66674, mark_ll is -1.5140097882689936, time_ll is 2.4573094188643156[0m
[38;20m2026-09-28 07:36:09,436 - tpp_runner.py[pid:7276;line:116:_train_model] - INFO: [ Epoch 45 (valid) ]:  valid loglike is 0.7718904248442825, num_events is 17018, mark_ll is -1.5430720413679633, time_ll is 2.3149624662122457[0m
[38;20m2026-09-28 07:36:09,586 - tpp_runner.py[pid:7276;line:136:_train_model] - INFO: [ Epoch 45 (test) ]: test loglike is 1.2768262995491941, num_events is 33655, mark_ll is -1.565653461914788, time_ll is 2.8424796490236406[0m
[31;1m2026-09-28 07:36:09,588 - tpp_runner.py[pid:7276;line:140:_train_model] - CRITICAL: current best loglike on valid set is 0.7719 (updated at epoch-45), best updated at this epoch[0m
[38;20m2026-09-28 07:36:10,902 - tpp_runner.py[pid:7276;line:104:_train_model] - INFO: [ Epoch 46 (train) ]: train loglike is 0.9526754407163949, num_events is 66675, mark_ll is -1.510385213078834, time_ll is 2.4630606501335772[0m
[38;20m2026-09-28 07:36:10,955 - tpp_runner.py[pid:7276;line:116:_train_model] - INFO: [ Epoch 46 (valid) ]:  valid loglike is 0.7874982096162886, num_events is 17018, mark_ll is -1.54335414157069, time_ll is 2.3308523511869783[0m
[38;20m2026-09-28 07:36:11,104 - tpp_runner.py[pid:7276;line:136:_train_model] - INFO: [ Epoch 46 (test) ]: test loglike is 1.2802567999565908, num_events is 33655, mark_ll is -1.565747828378027, time_ll is 2.8460047407749594[0m
[31;1m2026-09-28 07:36:11,104 - tpp_runner.py[pid:7276;line:140:_train_model] - CRITICAL: current best loglike on valid set is 0.7875 (updated at epoch-46), best updated at this epoch[0m
[38;20m2026-09-28 07:36:12,449 - tpp_runner.py[pid:7276;line:104:_train_model] - INFO: [ Epoch 47 (train) ]: train loglike is 0.9583723482318617, num_events is 66675, mark_ll is -1.5124960966793213, time_ll is 2.470868477866048[0m
[38;20m2026-09-28 07:36:12,498 - tpp_runner.py[pid:7276;line:116:_train_model] - INFO: [ Epoch 47 (valid) ]:  valid loglike is 0.7787394459175578, num_events is 17018, mark_ll is -1.5432946916500176, time_ll is 2.322034252335762[0m
[38;20m2026-09-28 07:36:12,643 - tpp_runner.py[pid:7276;line:136:_train_model] - INFO: [ Epoch 47 (test) ]: test loglike is 1.2908302398940072, num_events is 33655, mark_ll is -1.5655616416812137, time_ll is 2.856391994015562[0m
[31;1m2026-09-28 07:36:12,643 - tpp_runner.py[pid:7276;line:140:_train_model] - CRITICAL: current best loglike on valid set is 0.7875 (updated at epoch-46)[0m
[38;20m2026-09-28 07:36:14,007 - tpp_runner.py[pid:7276;line:104:_train_model] - INFO: [ Epoch 48 (train) ]: train loglike is 0.9641862034091442, num_events is 66675, mark_ll is -1.5108290931407011, time_ll is 2.475015115298088[0m
[38;20m2026-09-28 07:36:14,073 - tpp_runner.py[pid:7276;line:116:_train_model] - INFO: [ Epoch 48 (valid) ]:  valid loglike is 0.788135632124809, num_events is 17018, mark_ll is -1.5418950936141145, time_ll is 2.33003084050711[0m
[38;20m2026-09-28 07:36:14,207 - tpp_runner.py[pid:7276;line:136:_train_model] - INFO: [ Epoch 48 (test) ]: test loglike is 1.2887461654216499, num_events is 33655, mark_ll is -1.5633719349488375, time_ll is 2.8521182164379364[0m
[31;1m2026-09-28 07:36:14,208 - tpp_runner.py[pid:7276;line:140:_train_model] - CRITICAL: current best loglike on valid set is 0.7881 (updated at epoch-48), best updated at this epoch[0m
[38;20m2026-09-28 07:36:15,578 - tpp_runner.py[pid:7276;line:104:_train_model] - INFO: [ Epoch 49 (train) ]: train loglike is 0.9689033426485751, num_events is 66675, mark_ll is -1.5101475865321523, time_ll is 2.479050812007874[0m
[38;20m2026-09-28 07:36:15,649 - tpp_runner.py[pid:7276;line:116:_train_model] - INFO: [ Epoch 49 (valid) ]:  valid loglike is 0.7926010327300506, num_events is 17018, mark_ll is -1.54334427150664, time_ll is 2.3359453042366907[0m
[38;20m2026-09-28 07:36:15,784 - tpp_runner.py[pid:7276;line:136:_train_model] - INFO: [ Epoch 49 (test) ]: test loglike is 1.2958666676629123, num_events is 33655, mark_ll is -1.5656134367803818, time_ll is 2.8614799847487373[0m
[31;1m2026-09-28 07:36:15,784 - tpp_runner.py[pid:7276;line:140:_train_model] - CRITICAL: current best loglike on valid set is 0.7926 (updated at epoch-49), best updated at this epoch[0m
[38;20m2026-09-28 07:36:17,250 - tpp_runner.py[pid:7276;line:104:_train_model] - INFO: [ Epoch 50 (train) ]: train loglike is 0.9757504005846925, num_events is 66675, mark_ll is -1.5105329534003562, time_ll is 2.486283328353487[0m
[38;20m2026-09-28 07:36:17,308 - tpp_runner.py[pid:7276;line:116:_train_model] - INFO: [ Epoch 50 (valid) ]:  valid loglike is 0.7946100498369374, num_events is 17018, mark_ll is -1.5420444070249149, time_ll is 2.3366545716300386[0m
[38;20m2026-09-28 07:36:17,448 - tpp_runner.py[pid:7276;line:136:_train_model] - INFO: [ Epoch 50 (test) ]: test loglike is 1.2991059977273993, num_events is 33655, mark_ll is -1.563921021033743, time_ll is 2.8630271348285916[0m
[31;1m2026-09-28 07:36:17,448 - tpp_runner.py[pid:7276;line:140:_train_model] - CRITICAL: current best loglike on valid set is 0.7946 (updated at epoch-50), best updated at this epoch[0m
[38;20m2026-09-28 07:36:18,856 - tpp_runner.py[pid:7276;line:104:_train_model] - INFO: [ Epoch 51 (train) ]: train loglike is 0.9768863181653075, num_events is 66675, mark_ll is -1.50876307941976, time_ll is 2.4856494305399326[0m
[38;20m2026-09-28 07:36:18,912 - tpp_runner.py[pid:7276;line:116:_train_model] - INFO: [ Epoch 51 (valid) ]:  valid loglike is 0.8000555707559642, num_events is 17018, mark_ll is -1.5415326556807498, time_ll is 2.341588226436714[0m
[38;20m2026-09-28 07:36:19,054 - tpp_runner.py[pid:7276;line:136:_train_model] - INFO: [ Epoch 51 (test) ]: test loglike is 1.3050780089325509, num_events is 33655, mark_ll is -1.5630745338731244, time_ll is 2.868152426738226[0m
[31;1m2026-09-28 07:36:19,054 - tpp_runner.py[pid:7276;line:140:_train_model] - CRITICAL: current best loglike on valid set is 0.8001 (updated at epoch-51), best updated at this epoch[0m
[38;20m2026-09-28 07:36:20,554 - tpp_runner.py[pid:7276;line:104:_train_model] - INFO: [ Epoch 52 (train) ]: train loglike is 0.9775096411288433, num_events is 66675, mark_ll is -1.5079151544045275, time_ll is 2.485424736946944[0m
[38;20m2026-09-28 07:36:20,617 - tpp_runner.py[pid:7276;line:116:_train_model] - INFO: [ Epoch 52 (valid) ]:  valid loglike is 0.8130683894442648, num_events is 17018, mark_ll is -1.5402322173580913, time_ll is 2.353300549418263[0m
[38;20m2026-09-28 07:36:20,743 - tpp_runner.py[pid:7276;line:136:_train_model] - INFO: [ Epoch 52 (test) ]: test loglike is 1.3077075750259992, num_events is 33655, mark_ll is -1.562049774364879, time_ll is 2.869757349390878[0m
[31;1m2026-09-28 07:36:20,743 - tpp_runner.py[pid:7276;line:140:_train_model] - CRITICAL: current best loglike on valid set is 0.8131 (updated at epoch-52), best updated at this epoch[0m
[38;20m2026-09-28 07:36:22,095 - tpp_runner.py[pid:7276;line:104:_train_model] - INFO: [ Epoch 53 (train) ]: train loglike is 0.9845304151434195, num_events is 66675, mark_ll is -1.5062158550981908, time_ll is 2.490746153068757[0m
[38;20m2026-09-28 07:36:22,159 - tpp_runner.py[pid:7276;line:116:_train_model] - INFO: [ Epoch 53 (valid) ]:  valid loglike is 0.8073380712701258, num_events is 17018, mark_ll is -1.5411799730432483, time_ll is 2.3485181590815607[0m
[38;20m2026-09-28 07:36:22,317 - tpp_runner.py[pid:7276;line:136:_train_model] - INFO: [ Epoch 53 (test) ]: test loglike is 1.3107996517686358, num_events is 33655, mark_ll is -1.5632509926668585, time_ll is 2.8740508729432848[0m
[31;1m2026-09-28 07:36:22,317 - tpp_runner.py[pid:7276;line:140:_train_model] - CRITICAL: current best loglike on valid set is 0.8131 (updated at epoch-52)[0m
[38;20m2026-09-28 07:36:23,671 - tpp_runner.py[pid:7276;line:104:_train_model] - INFO: [ Epoch 54 (train) ]: train loglike is 0.99244134034027, num_events is 66675, mark_ll is -1.5072217181348426, time_ll is 2.4996629705954723[0m
[38;20m2026-09-28 07:36:23,732 - tpp_runner.py[pid:7276;line:116:_train_model] - INFO: [ Epoch 54 (valid) ]:  valid loglike is 0.8153859608208955, num_events is 17018, mark_ll is -1.541286248384064, time_ll is 2.3566722092049592[0m
[38;20m2026-09-28 07:36:23,858 - tpp_runner.py[pid:7276;line:136:_train_model] - INFO: [ Epoch 54 (test) ]: test loglike is 1.3183932594409262, num_events is 33655, mark_ll is -1.5625212512245117, time_ll is 2.8809143982250967[0m
[31;1m2026-09-28 07:36:23,858 - tpp_runner.py[pid:7276;line:140:_train_model] - CRITICAL: current best loglike on valid set is 0.8154 (updated at epoch-54), best updated at this epoch[0m
[38;20m2026-09-28 07:36:25,194 - tpp_runner.py[pid:7276;line:104:_train_model] - INFO: [ Epoch 55 (train) ]: train loglike is 0.9941162622006233, num_events is 66675, mark_ll is -1.5061104837481252, time_ll is 2.5002268027043493[0m
[38;20m2026-09-28 07:36:25,257 - tpp_runner.py[pid:7276;line:116:_train_model] - INFO: [ Epoch 55 (valid) ]:  valid loglike is 0.8027197994402985, num_events is 17018, mark_ll is -1.5409357463421083, time_ll is 2.3436554310142204[0m
[38;20m2026-09-28 07:36:25,384 - tpp_runner.py[pid:7276;line:136:_train_model] - INFO: [ Epoch 55 (test) ]: test loglike is 1.3208784303734586, num_events is 33655, mark_ll is -1.563158523180991, time_ll is 2.8840369535544497[0m
[31;1m2026-09-28 07:36:25,384 - tpp_runner.py[pid:7276;line:140:_train_model] - CRITICAL: current best loglike on valid set is 0.8154 (updated at epoch-54)[0m
[38;20m2026-09-28 07:36:26,707 - tpp_runner.py[pid:7276;line:104:_train_model] - INFO: [ Epoch 56 (train) ]: train loglike is 0.9991181058422385, num_events is 66675, mark_ll is -1.5052993327006, time_ll is 2.504417585008905[0m
[38;20m2026-09-28 07:36:26,785 - tpp_runner.py[pid:7276;line:116:_train_model] - INFO: [ Epoch 56 (valid) ]:  valid loglike is 0.8076967218533317, num_events is 17018, mark_ll is -1.5406033776736396, time_ll is 2.348299869990598[0m
[38;20m2026-09-28 07:36:26,915 - tpp_runner.py[pid:7276;line:136:_train_model] - INFO: [ Epoch 56 (test) ]: test loglike is 1.318849223160563, num_events is 33655, mark_ll is -1.5617743172912644, time_ll is 2.8806236565192767[0m
[31;1m2026-09-28 07:36:26,917 - tpp_runner.py[pid:7276;line:140:_train_model] - CRITICAL: current best loglike on valid set is 0.8154 (updated at epoch-54)[0m
[38;20m2026-09-28 07:36:28,388 - tpp_runner.py[pid:7276;line:104:_train_model] - INFO: [ Epoch 57 (train) ]: train loglike is 1.001889249317468, num_events is 66675, mark_ll is -1.5049146688695163, time_ll is 2.506804033529012[0m
[38;20m2026-09-28 07:36:28,452 - tpp_runner.py[pid:7276;line:116:_train_model] - INFO: [ Epoch 57 (valid) ]:  valid loglike is 0.8078458057277589, num_events is 17018, mark_ll is -1.5407181458602657, time_ll is 2.348563836819838[0m
[38;20m2026-09-28 07:36:28,577 - tpp_runner.py[pid:7276;line:136:_train_model] - INFO: [ Epoch 57 (test) ]: test loglike is 1.3253215068340514, num_events is 33655, mark_ll is -1.562165217951456, time_ll is 2.8874868408529566[0m
[31;1m2026-09-28 07:36:28,577 - tpp_runner.py[pid:7276;line:140:_train_model] - CRITICAL: current best loglike on valid set is 0.8154 (updated at epoch-54)[0m
[38;20m2026-09-28 07:36:29,913 - tpp_runner.py[pid:7276;line:104:_train_model] - INFO: [ Epoch 58 (train) ]: train loglike is 1.001254430598519, num_events is 66675, mark_ll is -1.5050035627870735, time_ll is 2.5062578505811772[0m
[38;20m2026-09-28 07:36:29,991 - tpp_runner.py[pid:7276;line:116:_train_model] - INFO: [ Epoch 58 (valid) ]:  valid loglike is 0.8134608392584323, num_events is 17018, mark_ll is -1.5393013325963685, time_ll is 2.3527620570866143[0m
[38;20m2026-09-28 07:36:30,749 - tpp_runner.py[pid:7276;line:136:_train_model] - INFO: [ Epoch 58 (test) ]: test loglike is 1.3315486633092222, num_events is 33655, mark_ll is -1.560762216389188, time_ll is 2.8923108796984103[0m
[31;1m2026-09-28 07:36:30,749 - tpp_runner.py[pid:7276;line:140:_train_model] - CRITICAL: current best loglike on valid set is 0.8154 (updated at epoch-54)[0m
[38;20m2026-09-28 07:36:32,114 - tpp_runner.py[pid:7276;line:104:_train_model] - INFO: [ Epoch 59 (train) ]: train loglike is 1.0091962143648059, num_events is 66675, mark_ll is -1.502411490555868, time_ll is 2.5116075895786465[0m
[38;20m2026-09-28 07:36:32,171 - tpp_runner.py[pid:7276;line:116:_train_model] - INFO: [ Epoch 59 (valid) ]:  valid loglike is 0.8207510292410977, num_events is 17018, mark_ll is -1.5396477029836055, time_ll is 2.360398732224703[0m
[38;20m2026-09-28 07:36:32,297 - tpp_runner.py[pid:7276;line:136:_train_model] - INFO: [ Epoch 59 (test) ]: test loglike is 1.329180909109902, num_events is 33655, mark_ll is -1.560273079141751, time_ll is 2.8894538721842036[0m
[31;1m2026-09-28 07:36:32,297 - tpp_runner.py[pid:7276;line:140:_train_model] - CRITICAL: current best loglike on valid set is 0.8208 (updated at epoch-59), best updated at this epoch[0m
[38;20m2026-09-28 07:36:33,619 - tpp_runner.py[pid:7276;line:104:_train_model] - INFO: [ Epoch 60 (train) ]: train loglike is 1.0114058252484064, num_events is 66675, mark_ll is -1.5034309859216817, time_ll is 2.5148367525836615[0m
[38;20m2026-09-28 07:36:33,700 - tpp_runner.py[pid:7276;line:116:_train_model] - INFO: [ Epoch 60 (valid) ]:  valid loglike is 0.8261031288562111, num_events is 17018, mark_ll is -1.5403965654013398, time_ll is 2.3664998090257376[0m
[38;20m2026-09-28 07:36:33,851 - tpp_runner.py[pid:7276;line:136:_train_model] - INFO: [ Epoch 60 (test) ]: test loglike is 1.336801705582148, num_events is 33655, mark_ll is -1.5613269171731077, time_ll is 2.8981287388227046[0m
[31;1m2026-09-28 07:36:33,851 - tpp_runner.py[pid:7276;line:140:_train_model] - CRITICAL: current best loglike on valid set is 0.8261 (updated at epoch-60), best updated at this epoch[0m
[38;20m2026-09-28 07:36:35,167 - tpp_runner.py[pid:7276;line:104:_train_model] - INFO: [ Epoch 61 (train) ]: train loglike is 1.0156399377079819, num_events is 66675, mark_ll is -1.503829794713161, time_ll is 2.5194697342519685[0m
[38;20m2026-09-28 07:36:35,232 - tpp_runner.py[pid:7276;line:116:_train_model] - INFO: [ Epoch 61 (valid) ]:  valid loglike is 0.8280553930948114, num_events is 17018, mark_ll is -1.5399837442340463, time_ll is 2.368039079944764[0m
[38;20m2026-09-28 07:36:35,369 - tpp_runner.py[pid:7276;line:136:_train_model] - INFO: [ Epoch 61 (test) ]: test loglike is 1.3400982460177258, num_events is 33655, mark_ll is -1.5608024410145223, time_ll is 2.9009006834051405[0m
[31;1m2026-09-28 07:36:35,369 - tpp_runner.py[pid:7276;line:140:_train_model] - CRITICAL: current best loglike on valid set is 0.8281 (updated at epoch-61), best updated at this epoch[0m
[38;20m2026-09-28 07:36:36,739 - tpp_runner.py[pid:7276;line:104:_train_model] - INFO: [ Epoch 62 (train) ]: train loglike is 1.0151429252495783, num_events is 66675, mark_ll is -1.5030651173486127, time_ll is 2.5182080425981908[0m
[38;20m2026-09-28 07:36:36,802 - tpp_runner.py[pid:7276;line:116:_train_model] - INFO: [ Epoch 62 (valid) ]:  valid loglike is 0.8170958920334351, num_events is 17018, mark_ll is -1.5395858429310143, time_ll is 2.356681620196263[0m
[38;20m2026-09-28 07:36:36,912 - tpp_runner.py[pid:7276;line:136:_train_model] - INFO: [ Epoch 62 (test) ]: test loglike is 1.3427115300243277, num_events is 33655, mark_ll is -1.560540854001077, time_ll is 2.9032524928386385[0m
[31;1m2026-09-28 07:36:36,912 - tpp_runner.py[pid:7276;line:140:_train_model] - CRITICAL: current best loglike on valid set is 0.8281 (updated at epoch-61)[0m
[38;20m2026-09-28 07:36:38,314 - tpp_runner.py[pid:7276;line:104:_train_model] - INFO: [ Epoch 63 (train) ]: train loglike is 1.0187844836045885, num_events is 66675, mark_ll is -1.5024023364266967, time_ll is 2.521186851155324[0m
[38;20m2026-09-28 07:36:38,399 - tpp_runner.py[pid:7276;line:116:_train_model] - INFO: [ Epoch 63 (valid) ]:  valid loglike is 0.8290307505288518, num_events is 17018, mark_ll is -1.539702447408626, time_ll is 2.368733197937478[0m
[38;20m2026-09-28 07:36:38,539 - tpp_runner.py[pid:7276;line:136:_train_model] - INFO: [ Epoch 63 (test) ]: test loglike is 1.3441795039683462, num_events is 33655, mark_ll is -1.5612597576453628, time_ll is 2.905439029478811[0m
[31;1m2026-09-28 07:36:38,539 - tpp_runner.py[pid:7276;line:140:_train_model] - CRITICAL: current best loglike on valid set is 0.8290 (updated at epoch-63), best updated at this epoch[0m
[38;20m2026-09-28 07:36:39,909 - tpp_runner.py[pid:7276;line:104:_train_model] - INFO: [ Epoch 64 (train) ]: train loglike is 1.021007869621766, num_events is 66675, mark_ll is -1.5018799212598426, time_ll is 2.5228878787612485[0m
[38;20m2026-09-28 07:36:39,988 - tpp_runner.py[pid:7276;line:116:_train_model] - INFO: [ Epoch 64 (valid) ]:  valid loglike is 0.8199054172420378, num_events is 17018, mark_ll is -1.539012461070631, time_ll is 2.3589177635444822[0m
[38;20m2026-09-28 07:36:40,117 - tpp_runner.py[pid:7276;line:136:_train_model] - INFO: [ Epoch 64 (test) ]: test loglike is 1.345578780490919, num_events is 33655, mark_ll is -1.5599033970621008, time_ll is 2.9054821775530195[0m
[31;1m2026-09-28 07:36:40,117 - tpp_runner.py[pid:7276;line:140:_train_model] - CRITICAL: current best loglike on valid set is 0.8290 (updated at epoch-63)[0m
[38;20m2026-09-28 07:36:41,531 - tpp_runner.py[pid:7276;line:104:_train_model] - INFO: [ Epoch 65 (train) ]: train loglike is 1.0245456732459224, num_events is 66675, mark_ll is -1.5010162255108737, time_ll is 2.5255619024184477[0m
[38;20m2026-09-28 07:36:41,576 - tpp_runner.py[pid:7276;line:116:_train_model] - INFO: [ Epoch 65 (valid) ]:  valid loglike is 0.8342976921494888, num_events is 17018, mark_ll is -1.539123556675285, time_ll is 2.3734212488247737[0m
[38;20m2026-09-28 07:36:41,702 - tpp_runner.py[pid:7276;line:136:_train_model] - INFO: [ Epoch 65 (test) ]: test loglike is 1.349112664351508, num_events is 33655, mark_ll is -1.558730034947909, time_ll is 2.907842815366866[0m
[31;1m2026-09-28 07:36:41,702 - tpp_runner.py[pid:7276;line:140:_train_model] - CRITICAL: current best loglike on valid set is 0.8343 (updated at epoch-65), best updated at this epoch[0m
[38;20m2026-09-28 07:36:43,057 - tpp_runner.py[pid:7276;line:104:_train_model] - INFO: [ Epoch 66 (train) ]: train loglike is 1.0274172613188977, num_events is 66675, mark_ll is -1.5011949067889951, time_ll is 2.5286121717695442[0m
[38;20m2026-09-28 07:36:43,131 - tpp_runner.py[pid:7276;line:116:_train_model] - INFO: [ Epoch 66 (valid) ]:  valid loglike is 0.8281610945946939, num_events is 17018, mark_ll is -1.5392323569162063, time_ll is 2.36739362366318[0m
[38;20m2026-09-28 07:36:43,266 - tpp_runner.py[pid:7276;line:136:_train_model] - INFO: [ Epoch 66 (test) ]: test loglike is 1.3479054105421742, num_events is 33655, mark_ll is -1.5597104059110831, time_ll is 2.9076158164532573[0m
[31;1m2026-09-28 07:36:43,266 - tpp_runner.py[pid:7276;line:140:_train_model] - CRITICAL: current best loglike on valid set is 0.8343 (updated at epoch-65)[0m
[38;20m2026-09-28 07:36:44,583 - tpp_runner.py[pid:7276;line:104:_train_model] - INFO: [ Epoch 67 (train) ]: train loglike is 1.028500070303712, num_events is 66675, mark_ll is -1.5011714648950132, time_ll is 2.529671359439445[0m
[38;20m2026-09-28 07:36:44,646 - tpp_runner.py[pid:7276;line:116:_train_model] - INFO: [ Epoch 67 (valid) ]:  valid loglike is 0.8303334842152427, num_events is 17018, mark_ll is -1.5392641477039017, time_ll is 2.3695976319191443[0m
[38;20m2026-09-28 07:36:44,770 - tpp_runner.py[pid:7276;line:136:_train_model] - INFO: [ Epoch 67 (test) ]: test loglike is 1.3533505879686805, num_events is 33655, mark_ll is -1.5605313691142197, time_ll is 2.913882073150349[0m
[31;1m2026-09-28 07:36:44,770 - tpp_runner.py[pid:7276;line:140:_train_model] - CRITICAL: current best loglike on valid set is 0.8343 (updated at epoch-65)[0m
[38;20m2026-09-28 07:36:46,119 - tpp_runner.py[pid:7276;line:104:_train_model] - INFO: [ Epoch 68 (train) ]: train loglike is 1.0322113538297948, num_events is 66675, mark_ll is -1.5009643032902138, time_ll is 2.5331755674095424[0m
[38;20m2026-09-28 07:36:46,179 - tpp_runner.py[pid:7276;line:116:_train_model] - INFO: [ Epoch 68 (valid) ]:  valid loglike is 0.8450387893517158, num_events is 17018, mark_ll is -1.5393557327168292, time_ll is 2.3843944646844517[0m
[38;20m2026-09-28 07:36:46,332 - tpp_runner.py[pid:7276;line:136:_train_model] - INFO: [ Epoch 68 (test) ]: test loglike is 1.3526122357724522, num_events is 33655, mark_ll is -1.5596384368384155, time_ll is 2.9122505565434187[0m
[31;1m2026-09-28 07:36:46,538 - tpp_runner.py[pid:7276;line:140:_train_model] - CRITICAL: current best loglike on valid set is 0.8450 (updated at epoch-68), best updated at this epoch[0m
[38;20m2026-09-28 07:36:47,957 - tpp_runner.py[pid:7276;line:104:_train_model] - INFO: [ Epoch 69 (train) ]: train loglike is 1.0336277594206975, num_events is 66675, mark_ll is -1.5010201837563273, time_ll is 2.5346479981018[0m
[38;20m2026-09-28 07:36:48,026 - tpp_runner.py[pid:7276;line:116:_train_model] - INFO: [ Epoch 69 (valid) ]:  valid loglike is 0.8374343066899753, num_events is 17018, mark_ll is -1.5388739358693737, time_ll is 2.3763083573275354[0m
[38;20m2026-09-28 07:36:48,168 - tpp_runner.py[pid:7276;line:136:_train_model] - INFO: [ Epoch 69 (test) ]: test loglike is 1.3541894654571665, num_events is 33655, mark_ll is -1.5587868064389578, time_ll is 2.9129763843364658[0m
[31;1m2026-09-28 07:36:48,168 - tpp_runner.py[pid:7276;line:140:_train_model] - CRITICAL: current best loglike on valid set is 0.8450 (updated at epoch-68)[0m
[38;20m2026-09-28 07:36:49,580 - tpp_runner.py[pid:7276;line:104:_train_model] - INFO: [ Epoch 70 (train) ]: train loglike is 1.0337435207073724, num_events is 66675, mark_ll is -1.499699543172338, time_ll is 2.5334430657105362[0m
[38;20m2026-09-28 07:36:49,658 - tpp_runner.py[pid:7276;line:116:_train_model] - INFO: [ Epoch 70 (valid) ]:  valid loglike is 0.8361419021403808, num_events is 17018, mark_ll is -1.5386794037930427, time_ll is 2.37482142070161[0m
[38;20m2026-09-28 07:36:49,784 - tpp_runner.py[pid:7276;line:136:_train_model] - INFO: [ Epoch 70 (test) ]: test loglike is 1.3588851373310058, num_events is 33655, mark_ll is -1.558472691650572, time_ll is 2.917358061116476[0m
[31;1m2026-09-28 07:36:49,784 - tpp_runner.py[pid:7276;line:140:_train_model] - CRITICAL: current best loglike on valid set is 0.8450 (updated at epoch-68)[0m
[38;20m2026-09-28 07:36:51,126 - tpp_runner.py[pid:7276;line:104:_train_model] - INFO: [ Epoch 71 (train) ]: train loglike is 1.036946308835419, num_events is 66675, mark_ll is -1.499539027348144, time_ll is 2.536485338014389[0m
[38;20m2026-09-28 07:36:51,185 - tpp_runner.py[pid:7276;line:116:_train_model] - INFO: [ Epoch 71 (valid) ]:  valid loglike is 0.8403256616156423, num_events is 17018, mark_ll is -1.5392217982430367, time_ll is 2.3795475746268657[0m
[38;20m2026-09-28 07:36:51,327 - tpp_runner.py[pid:7276;line:136:_train_model] - INFO: [ Epoch 71 (test) ]: test loglike is 1.3604048882386532, num_events is 33655, mark_ll is -1.5591321216085092, time_ll is 2.9195368937797133[0m
[31;1m2026-09-28 07:36:51,327 - tpp_runner.py[pid:7276;line:140:_train_model] - CRITICAL: current best loglike on valid set is 0.8450 (updated at epoch-68)[0m
[38;20m2026-09-28 07:36:52,759 - tpp_runner.py[pid:7276;line:104:_train_model] - INFO: [ Epoch 72 (train) ]: train loglike is 1.0399766826021748, num_events is 66675, mark_ll is -1.499799473308024, time_ll is 2.539776273083052[0m
[38;20m2026-09-28 07:36:52,822 - tpp_runner.py[pid:7276;line:116:_train_model] - INFO: [ Epoch 72 (valid) ]:  valid loglike is 0.8467562378804795, num_events is 17018, mark_ll is -1.5387425262956869, time_ll is 2.3854989937125395[0m
[38;20m2026-09-28 07:36:52,968 - tpp_runner.py[pid:7276;line:136:_train_model] - INFO: [ Epoch 72 (test) ]: test loglike is 1.3608808735932625, num_events is 33655, mark_ll is -1.558286737088657, time_ll is 2.9191678428168175[0m
[31;1m2026-09-28 07:36:52,968 - tpp_runner.py[pid:7276;line:140:_train_model] - CRITICAL: current best loglike on valid set is 0.8468 (updated at epoch-72), best updated at this epoch[0m
[38;20m2026-09-28 07:36:54,330 - tpp_runner.py[pid:7276;line:104:_train_model] - INFO: [ Epoch 73 (train) ]: train loglike is 1.037142957838278, num_events is 66675, mark_ll is -1.4990379962270342, time_ll is 2.536181010820913[0m
[38;20m2026-09-28 07:36:54,400 - tpp_runner.py[pid:7276;line:116:_train_model] - INFO: [ Epoch 73 (valid) ]:  valid loglike is 0.8363264493844753, num_events is 17018, mark_ll is -1.5385435182600775, time_ll is 2.3748700824127393[0m
[38;20m2026-09-28 07:36:54,539 - tpp_runner.py[pid:7276;line:136:_train_model] - INFO: [ Epoch 73 (test) ]: test loglike is 1.3560589965040484, num_events is 33655, mark_ll is -1.5580352878414705, time_ll is 2.9140940558377286[0m
[31;1m2026-09-28 07:36:54,539 - tpp_runner.py[pid:7276;line:140:_train_model] - CRITICAL: current best loglike on valid set is 0.8468 (updated at epoch-72)[0m
[38;20m2026-09-28 07:36:55,889 - tpp_runner.py[pid:7276;line:104:_train_model] - INFO: [ Epoch 74 (train) ]: train loglike is 1.0410191438472534, num_events is 66675, mark_ll is -1.4986870708544244, time_ll is 2.539706361167745[0m
[38;20m2026-09-28 07:36:55,956 - tpp_runner.py[pid:7276;line:116:_train_model] - INFO: [ Epoch 74 (valid) ]:  valid loglike is 0.8391459020412211, num_events is 17018, mark_ll is -1.5385141376043012, time_ll is 2.3776598674932425[0m
[38;20m2026-09-28 07:36:56,138 - tpp_runner.py[pid:7276;line:136:_train_model] - INFO: [ Epoch 74 (test) ]: test loglike is 1.3607122856234215, num_events is 33655, mark_ll is -1.5582792797550513, time_ll is 2.918991681445922[0m
[31;1m2026-09-28 07:36:56,138 - tpp_runner.py[pid:7276;line:140:_train_model] - CRITICAL: current best loglike on valid set is 0.8468 (updated at epoch-72)[0m
[38;20m2026-09-28 07:36:57,521 - tpp_runner.py[pid:7276;line:104:_train_model] - INFO: [ Epoch 75 (train) ]: train loglike is 1.0421598435449475, num_events is 66675, mark_ll is -1.4982873210184664, time_ll is 2.5404471609017625[0m
[38;20m2026-09-28 07:36:57,582 - tpp_runner.py[pid:7276;line:116:_train_model] - INFO: [ Epoch 75 (valid) ]:  valid loglike is 0.8465242339912152, num_events is 17018, mark_ll is -1.5385536178605006, time_ll is 2.3850780240039957[0m
[38;20m2026-09-28 07:36:57,735 - tpp_runner.py[pid:7276;line:136:_train_model] - INFO: [ Epoch 75 (test) ]: test loglike is 1.362867219273464, num_events is 33655, mark_ll is -1.5582388302490344, time_ll is 2.921105821014708[0m
[31;1m2026-09-28 07:36:57,735 - tpp_runner.py[pid:7276;line:140:_train_model] - CRITICAL: current best loglike on valid set is 0.8468 (updated at epoch-72)[0m
[38;20m2026-09-28 07:36:59,145 - tpp_runner.py[pid:7276;line:104:_train_model] - INFO: [ Epoch 76 (train) ]: train loglike is 1.0446229890209036, num_events is 66675, mark_ll is -1.4982097232963068, time_ll is 2.542832595144357[0m
[38;20m2026-09-28 07:36:59,198 - tpp_runner.py[pid:7276;line:116:_train_model] - INFO: [ Epoch 76 (valid) ]:  valid loglike is 0.8488539707956282, num_events is 17018, mark_ll is -1.5388921840110472, time_ll is 2.387745925270302[0m
[38;20m2026-09-28 07:36:59,341 - tpp_runner.py[pid:7276;line:136:_train_model] - INFO: [ Epoch 76 (test) ]: test loglike is 1.366243026522573, num_events is 33655, mark_ll is -1.5587727151252135, time_ll is 2.9250157416477864[0m
[31;1m2026-09-28 07:36:59,341 - tpp_runner.py[pid:7276;line:140:_train_model] - CRITICAL: current best loglike on valid set is 0.8489 (updated at epoch-76), best updated at this epoch[0m
[38;20m2026-09-28 07:37:00,705 - tpp_runner.py[pid:7276;line:104:_train_model] - INFO: [ Epoch 77 (train) ]: train loglike is 1.0423839347962365, num_events is 66675, mark_ll is -1.498565580913714, time_ll is 2.5409495468339895[0m
[38;20m2026-09-28 07:37:00,759 - tpp_runner.py[pid:7276;line:116:_train_model] - INFO: [ Epoch 77 (valid) ]:  valid loglike is 0.8382432502534082, num_events is 17018, mark_ll is -1.5387899255567634, time_ll is 2.3770332331942647[0m
[38;20m2026-09-28 07:37:00,904 - tpp_runner.py[pid:7276;line:136:_train_model] - INFO: [ Epoch 77 (test) ]: test loglike is 1.3663838671178596, num_events is 33655, mark_ll is -1.5586773983597348, time_ll is 2.925061269104702[0m
[31;1m2026-09-28 07:37:00,904 - tpp_runner.py[pid:7276;line:140:_train_model] - CRITICAL: current best loglike on valid set is 0.8489 (updated at epoch-76)[0m
[38;20m2026-09-28 07:37:02,364 - tpp_runner.py[pid:7276;line:104:_train_model] - INFO: [ Epoch 78 (train) ]: train loglike is 1.047600605710419, num_events is 66675, mark_ll is -1.4983353179485377, time_ll is 2.545935753392154[0m
[38;20m2026-09-28 07:37:02,418 - tpp_runner.py[pid:7276;line:116:_train_model] - INFO: [ Epoch 78 (valid) ]:  valid loglike is 0.8475514666456105, num_events is 17018, mark_ll is -1.538431389741744, time_ll is 2.3859828563873546[0m
[38;20m2026-09-28 07:37:02,540 - tpp_runner.py[pid:7276;line:136:_train_model] - INFO: [ Epoch 78 (test) ]: test loglike is 1.3671555089093375, num_events is 33655, mark_ll is -1.5579307110698168, time_ll is 2.92508645574116[0m
[31;1m2026-09-28 07:37:02,540 - tpp_runner.py[pid:7276;line:140:_train_model] - CRITICAL: current best loglike on valid set is 0.8489 (updated at epoch-76)[0m
[38;20m2026-09-28 07:37:03,910 - tpp_runner.py[pid:7276;line:104:_train_model] - INFO: [ Epoch 79 (train) ]: train loglike is 1.044466405810602, num_events is 66675, mark_ll is -1.4979579700974879, time_ll is 2.5424243136600113[0m
[38;20m2026-09-28 07:37:03,967 - tpp_runner.py[pid:7276;line:116:_train_model] - INFO: [ Epoch 79 (valid) ]:  valid loglike is 0.8376796236888883, num_events is 17018, mark_ll is -1.5386084770537078, time_ll is 2.3762881581266893[0m
[38;20m2026-09-28 07:37:04,095 - tpp_runner.py[pid:7276;line:136:_train_model] - INFO: [ Epoch 79 (test) ]: test loglike is 1.3693019587542712, num_events is 33655, mark_ll is -1.5579063187699635, time_ll is 2.9272083863374685[0m
[31;1m2026-09-28 07:37:04,095 - tpp_runner.py[pid:7276;line:140:_train_model] - CRITICAL: current best loglike on valid set is 0.8489 (updated at epoch-76)[0m
[38;20m2026-09-28 07:37:05,421 - tpp_runner.py[pid:7276;line:104:_train_model] - INFO: [ Epoch 80 (train) ]: train loglike is 1.0468360418570726, num_events is 66675, mark_ll is -1.4981389289229472, time_ll is 2.5449747968515655[0m
[38;20m2026-09-28 07:37:05,477 - tpp_runner.py[pid:7276;line:116:_train_model] - INFO: [ Epoch 80 (valid) ]:  valid loglike is 0.8453137165427782, num_events is 17018, mark_ll is -1.5387678900649313, time_ll is 2.3840816066077095[0m
[38;20m2026-09-28 07:37:05,620 - tpp_runner.py[pid:7276;line:136:_train_model] - INFO: [ Epoch 80 (test) ]: test loglike is 1.366714764533966, num_events is 33655, mark_ll is -1.5581719137375112, time_ll is 2.924886914033483[0m
[31;1m2026-09-28 07:37:05,620 - tpp_runner.py[pid:7276;line:140:_train_model] - CRITICAL: current best loglike on valid set is 0.8489 (updated at epoch-76)[0m
[38;20m2026-09-28 07:37:06,974 - tpp_runner.py[pid:7276;line:104:_train_model] - INFO: [ Epoch 81 (train) ]: train loglike is 1.0499585354565055, num_events is 66675, mark_ll is -1.4979982262959317, time_ll is 2.5479566519028873[0m
[38;20m2026-09-28 07:37:07,043 - tpp_runner.py[pid:7276;line:116:_train_model] - INFO: [ Epoch 81 (valid) ]:  valid loglike is 0.8398817382697732, num_events is 17018, mark_ll is -1.5384482606651781, time_ll is 2.3783298841667646[0m
[38;20m2026-09-28 07:37:07,179 - tpp_runner.py[pid:7276;line:136:_train_model] - INFO: [ Epoch 81 (test) ]: test loglike is 1.371014976473128, num_events is 33655, mark_ll is -1.5580205363941093, time_ll is 2.929035505613022[0m
[31;1m2026-09-28 07:37:07,179 - tpp_runner.py[pid:7276;line:140:_train_model] - CRITICAL: current best loglike on valid set is 0.8489 (updated at epoch-76)[0m
[38;20m2026-09-28 07:37:08,604 - tpp_runner.py[pid:7276;line:104:_train_model] - INFO: [ Epoch 82 (train) ]: train loglike is 1.048810770601917, num_events is 66675, mark_ll is -1.4976092050993626, time_ll is 2.546420003163667[0m
[38;20m2026-09-28 07:37:08,672 - tpp_runner.py[pid:7276;line:116:_train_model] - INFO: [ Epoch 82 (valid) ]:  valid loglike is 0.8557653683783347, num_events is 17018, mark_ll is -1.538463295297626, time_ll is 2.394228491523681[0m
[38;20m2026-09-28 07:37:08,808 - tpp_runner.py[pid:7276;line:136:_train_model] - INFO: [ Epoch 82 (test) ]: test loglike is 1.36947166387331, num_events is 33655, mark_ll is -1.558030627007967, time_ll is 2.927502406948726[0m
[31;1m2026-09-28 07:37:08,808 - tpp_runner.py[pid:7276;line:140:_train_model] - CRITICAL: current best loglike on valid set is 0.8558 (updated at epoch-82), best updated at this epoch[0m
[38;20m2026-09-28 07:37:10,176 - tpp_runner.py[pid:7276;line:104:_train_model] - INFO: [ Epoch 83 (train) ]: train loglike is 1.0492676623429884, num_events is 66675, mark_ll is -1.4975011241270622, time_ll is 2.5467688157632637[0m
[38;20m2026-09-28 07:37:10,240 - tpp_runner.py[pid:7276;line:116:_train_model] - INFO: [ Epoch 83 (valid) ]:  valid loglike is 0.8510302625345223, num_events is 17018, mark_ll is -1.5385090878040897, time_ll is 2.389539292954519[0m
[38;20m2026-09-28 07:37:10,366 - tpp_runner.py[pid:7276;line:136:_train_model] - INFO: [ Epoch 83 (test) ]: test loglike is 1.3702592939559037, num_events is 33655, mark_ll is -1.55793733779574, time_ll is 2.928196860259434[0m
[31;1m2026-09-28 07:37:10,366 - tpp_runner.py[pid:7276;line:140:_train_model] - CRITICAL: current best loglike on valid set is 0.8558 (updated at epoch-82)[0m
[38;20m2026-09-28 07:37:11,749 - tpp_runner.py[pid:7276;line:104:_train_model] - INFO: [ Epoch 84 (train) ]: train loglike is 1.0511043889289229, num_events is 66675, mark_ll is -1.4974192312874952, time_ll is 2.5485236220472443[0m
[38;20m2026-09-28 07:37:11,835 - tpp_runner.py[pid:7276;line:116:_train_model] - INFO: [ Epoch 84 (valid) ]:  valid loglike is 0.8578295315988953, num_events is 17018, mark_ll is -1.5385634879245504, time_ll is 2.3963930195234457[0m
[38;20m2026-09-28 07:37:11,954 - tpp_runner.py[pid:7276;line:136:_train_model] - INFO: [ Epoch 84 (test) ]: test loglike is 1.367165632167165, num_events is 33655, mark_ll is -1.5579316831347032, time_ll is 2.9250973225560837[0m
[31;1m2026-09-28 07:37:11,954 - tpp_runner.py[pid:7276;line:140:_train_model] - CRITICAL: current best loglike on valid set is 0.8578 (updated at epoch-84), best updated at this epoch[0m
[38;20m2026-09-28 07:37:13,325 - tpp_runner.py[pid:7276;line:104:_train_model] - INFO: [ Epoch 85 (train) ]: train loglike is 1.0519246867823162, num_events is 66675, mark_ll is -1.4974330137443757, time_ll is 2.5493576181395294[0m
[38;20m2026-09-28 07:37:13,388 - tpp_runner.py[pid:7276;line:116:_train_model] - INFO: [ Epoch 85 (valid) ]:  valid loglike is 0.8565978394200259, num_events is 17018, mark_ll is -1.5386500231372664, time_ll is 2.395247862557292[0m
[38;20m2026-09-28 07:37:13,516 - tpp_runner.py[pid:7276;line:136:_train_model] - INFO: [ Epoch 85 (test) ]: test loglike is 1.369781712673869, num_events is 33655, mark_ll is -1.5580838802044643, time_ll is 2.9278655892512258[0m
[31;1m2026-09-28 07:37:13,516 - tpp_runner.py[pid:7276;line:140:_train_model] - CRITICAL: current best loglike on valid set is 0.8578 (updated at epoch-84)[0m
[38;20m2026-09-28 07:37:14,854 - tpp_runner.py[pid:7276;line:104:_train_model] - INFO: [ Epoch 86 (train) ]: train loglike is 1.0495510979828693, num_events is 66675, mark_ll is -1.497480743373875, time_ll is 2.5470317553079305[0m
[38;20m2026-09-28 07:37:14,921 - tpp_runner.py[pid:7276;line:116:_train_model] - INFO: [ Epoch 86 (valid) ]:  valid loglike is 0.8502416329401222, num_events is 17018, mark_ll is -1.5385483385239158, time_ll is 2.3887898566958516[0m
[38;20m2026-09-28 07:37:15,090 - tpp_runner.py[pid:7276;line:136:_train_model] - INFO: [ Epoch 86 (test) ]: test loglike is 1.3691784049546873, num_events is 33655, mark_ll is -1.5579984944601006, time_ll is 2.9271770191093447[0m
[31;1m2026-09-28 07:37:15,090 - tpp_runner.py[pid:7276;line:140:_train_model] - CRITICAL: current best loglike on valid set is 0.8578 (updated at epoch-84)[0m
[38;20m2026-09-28 07:37:16,443 - tpp_runner.py[pid:7276;line:104:_train_model] - INFO: [ Epoch 87 (train) ]: train loglike is 1.054009805170838, num_events is 66675, mark_ll is -1.497330172595613, time_ll is 2.551339977766451[0m
[38;20m2026-09-28 07:37:16,539 - tpp_runner.py[pid:7276;line:116:_train_model] - INFO: [ Epoch 87 (valid) ]:  valid loglike is 0.8485014029263133, num_events is 17018, mark_ll is -1.5383723988938183, time_ll is 2.386873916588318[0m
[38;20m2026-09-28 07:37:16,693 - tpp_runner.py[pid:7276;line:136:_train_model] - INFO: [ Epoch 87 (test) ]: test loglike is 1.3684807235180507, num_events is 33655, mark_ll is -1.5577576291134303, time_ll is 2.926238120496583[0m
[31;1m2026-09-28 07:37:16,693 - tpp_runner.py[pid:7276;line:140:_train_model] - CRITICAL: current best loglike on valid set is 0.8578 (updated at epoch-84)[0m
[38;20m2026-09-28 07:37:18,113 - tpp_runner.py[pid:7276;line:104:_train_model] - INFO: [ Epoch 88 (train) ]: train loglike is 1.0511847035966206, num_events is 66675, mark_ll is -1.4971153361689165, time_ll is 2.548300063566273[0m
[38;20m2026-09-28 07:37:18,176 - tpp_runner.py[pid:7276;line:116:_train_model] - INFO: [ Epoch 88 (valid) ]:  valid loglike is 0.8464732769163533, num_events is 17018, mark_ll is -1.5382363985926666, time_ll is 2.3847096181249268[0m
[38;20m2026-09-28 07:37:18,312 - tpp_runner.py[pid:7276;line:136:_train_model] - INFO: [ Epoch 88 (test) ]: test loglike is 1.3721452050215421, num_events is 33655, mark_ll is -1.5575243008967372, time_ll is 2.929669509545387[0m
[31;1m2026-09-28 07:37:18,312 - tpp_runner.py[pid:7276;line:140:_train_model] - CRITICAL: current best loglike on valid set is 0.8578 (updated at epoch-84)[0m
[38;20m2026-09-28 07:37:19,691 - tpp_runner.py[pid:7276;line:104:_train_model] - INFO: [ Epoch 89 (train) ]: train loglike is 1.0513626726834926, num_events is 66675, mark_ll is -1.4969751461731347, time_ll is 2.5483376687289088[0m
[38;20m2026-09-28 07:37:19,772 - tpp_runner.py[pid:7276;line:116:_train_model] - INFO: [ Epoch 89 (valid) ]:  valid loglike is 0.8541653277044894, num_events is 17018, mark_ll is -1.5382253808467505, time_ll is 2.3923908233194267[0m
[38;20m2026-09-28 07:37:19,923 - tpp_runner.py[pid:7276;line:136:_train_model] - INFO: [ Epoch 89 (test) ]: test loglike is 1.3753132769264875, num_events is 33655, mark_ll is -1.5574436195111703, time_ll is 2.9327569036918733[0m
[31;1m2026-09-28 07:37:19,923 - tpp_runner.py[pid:7276;line:140:_train_model] - CRITICAL: current best loglike on valid set is 0.8578 (updated at epoch-84)[0m
[38;20m2026-09-28 07:37:21,324 - tpp_runner.py[pid:7276;line:104:_train_model] - INFO: [ Epoch 90 (train) ]: train loglike is 1.0526784725639764, num_events is 66675, mark_ll is -1.496937339619657, time_ll is 2.54961587077006[0m
[38;20m2026-09-28 07:37:21,387 - tpp_runner.py[pid:7276;line:116:_train_model] - INFO: [ Epoch 90 (valid) ]:  valid loglike is 0.8546012172772947, num_events is 17018, mark_ll is -1.5382683041485485, time_ll is 2.3928694066576566[0m
[38;20m2026-09-28 07:37:21,513 - tpp_runner.py[pid:7276;line:136:_train_model] - INFO: [ Epoch 90 (test) ]: test loglike is 1.372907942263408, num_events is 33655, mark_ll is -1.5574656251741013, time_ll is 2.9303736835049583[0m
[31;1m2026-09-28 07:37:21,513 - tpp_runner.py[pid:7276;line:140:_train_model] - CRITICAL: current best loglike on valid set is 0.8578 (updated at epoch-84)[0m
[38;20m2026-09-28 07:37:22,929 - tpp_runner.py[pid:7276;line:104:_train_model] - INFO: [ Epoch 91 (train) ]: train loglike is 1.0498887278982705, num_events is 66675, mark_ll is -1.4969620813999813, time_ll is 2.546850781835864[0m
[38;20m2026-09-28 07:37:22,991 - tpp_runner.py[pid:7276;line:116:_train_model] - INFO: [ Epoch 91 (valid) ]:  valid loglike is 0.8404370441407627, num_events is 17018, mark_ll is -1.5382897657994477, time_ll is 2.378726752556117[0m
[38;20m2026-09-28 07:37:23,142 - tpp_runner.py[pid:7276;line:136:_train_model] - INFO: [ Epoch 91 (test) ]: test loglike is 1.373393394369336, num_events is 33655, mark_ll is -1.557496364912578, time_ll is 2.93088999504392[0m
[31;1m2026-09-28 07:37:23,142 - tpp_runner.py[pid:7276;line:140:_train_model] - CRITICAL: current best loglike on valid set is 0.8578 (updated at epoch-84)[0m
[38;20m2026-09-28 07:37:24,549 - tpp_runner.py[pid:7276;line:104:_train_model] - INFO: [ Epoch 92 (train) ]: train loglike is 1.0565865131116423, num_events is 66675, mark_ll is -1.4969260837024279, time_ll is 2.5535125382276433[0m
[38;20m2026-09-28 07:37:24,597 - tpp_runner.py[pid:7276;line:116:_train_model] - INFO: [ Epoch 92 (valid) ]:  valid loglike is 0.8537301267408038, num_events is 17018, mark_ll is -1.5382663530893759, time_ll is 2.39199647983018[0m
[38;20m2026-09-28 07:37:24,743 - tpp_runner.py[pid:7276;line:136:_train_model] - INFO: [ Epoch 92 (test) ]: test loglike is 1.3737972075332416, num_events is 33655, mark_ll is -1.5574791760487854, time_ll is 2.9312764996494765[0m
[31;1m2026-09-28 07:37:24,743 - tpp_runner.py[pid:7276;line:140:_train_model] - CRITICAL: current best loglike on valid set is 0.8578 (updated at epoch-84)[0m
[38;20m2026-09-28 07:37:26,125 - tpp_runner.py[pid:7276;line:104:_train_model] - INFO: [ Epoch 93 (train) ]: train loglike is 1.0527491534261342, num_events is 66675, mark_ll is -1.496863897872141, time_ll is 2.549613076929837[0m
[38;20m2026-09-28 07:37:26,186 - tpp_runner.py[pid:7276;line:116:_train_model] - INFO: [ Epoch 93 (valid) ]:  valid loglike is 0.8532151618874133, num_events is 17018, mark_ll is -1.5382251513103773, time_ll is 2.3914403131977906[0m
[38;20m2026-09-28 07:37:26,314 - tpp_runner.py[pid:7276;line:136:_train_model] - INFO: [ Epoch 93 (test) ]: test loglike is 1.3720742950643479, num_events is 33655, mark_ll is -1.5574375150887685, time_ll is 2.9295118028989005[0m
[31;1m2026-09-28 07:37:26,314 - tpp_runner.py[pid:7276;line:140:_train_model] - CRITICAL: current best loglike on valid set is 0.8578 (updated at epoch-84)[0m
[38;20m2026-09-28 07:37:27,761 - tpp_runner.py[pid:7276;line:104:_train_model] - INFO: [ Epoch 94 (train) ]: train loglike is 1.053274411865509, num_events is 66675, mark_ll is -1.4967827556711661, time_ll is 2.550057224292276[0m
[38;20m2026-09-28 07:37:27,825 - tpp_runner.py[pid:7276;line:116:_train_model] - INFO: [ Epoch 94 (valid) ]:  valid loglike is 0.8519793380538253, num_events is 17018, mark_ll is -1.5381803917175931, time_ll is 2.3901597297714186[0m
[38;20m2026-09-28 07:37:27,961 - tpp_runner.py[pid:7276;line:136:_train_model] - INFO: [ Epoch 94 (test) ]: test loglike is 1.3692229422111777, num_events is 33655, mark_ll is -1.5573786181125575, time_ll is 2.9266013245617293[0m
[31;1m2026-09-28 07:37:27,961 - tpp_runner.py[pid:7276;line:140:_train_model] - CRITICAL: current best loglike on valid set is 0.8578 (updated at epoch-84)[0m
[38;20m2026-09-28 07:37:29,397 - tpp_runner.py[pid:7276;line:104:_train_model] - INFO: [ Epoch 95 (train) ]: train loglike is 1.0517529205333709, num_events is 66675, mark_ll is -1.4967216353815147, time_ll is 2.548474497328459[0m
[38;20m2026-09-28 07:37:29,468 - tpp_runner.py[pid:7276;line:116:_train_model] - INFO: [ Epoch 95 (valid) ]:  valid loglike is 0.8606569606446116, num_events is 17018, mark_ll is -1.5381503224526971, time_ll is 2.398807283097309[0m
[38;20m2026-09-28 07:37:29,606 - tpp_runner.py[pid:7276;line:136:_train_model] - INFO: [ Epoch 95 (test) ]: test loglike is 1.3738728690016342, num_events is 33655, mark_ll is -1.557338803350403, time_ll is 2.931211900859828[0m
[31;1m2026-09-28 07:37:29,606 - tpp_runner.py[pid:7276;line:140:_train_model] - CRITICAL: current best loglike on valid set is 0.8607 (updated at epoch-95), best updated at this epoch[0m
[38;20m2026-09-28 07:37:30,972 - tpp_runner.py[pid:7276;line:104:_train_model] - INFO: [ Epoch 96 (train) ]: train loglike is 1.0488581725135921, num_events is 66675, mark_ll is -1.4966818332278777, time_ll is 2.5455398885686162[0m
[38;20m2026-09-28 07:37:31,036 - tpp_runner.py[pid:7276;line:116:_train_model] - INFO: [ Epoch 96 (valid) ]:  valid loglike is 0.8544997622003173, num_events is 17018, mark_ll is -1.5381232371606535, time_ll is 2.392622884592784[0m
[38;20m2026-09-28 07:37:31,162 - tpp_runner.py[pid:7276;line:136:_train_model] - INFO: [ Epoch 96 (test) ]: test loglike is 1.3767987625468912, num_events is 33655, mark_ll is -1.557304189860812, time_ll is 2.9341027275270206[0m
[31;1m2026-09-28 07:37:31,162 - tpp_runner.py[pid:7276;line:140:_train_model] - CRITICAL: current best loglike on valid set is 0.8607 (updated at epoch-95)[0m
[38;20m2026-09-28 07:37:32,517 - tpp_runner.py[pid:7276;line:104:_train_model] - INFO: [ Epoch 97 (train) ]: train loglike is 1.0499207984744094, num_events is 66675, mark_ll is -1.4966477688824054, time_ll is 2.546568596650028[0m
[38;20m2026-09-28 07:37:32,580 - tpp_runner.py[pid:7276;line:116:_train_model] - INFO: [ Epoch 97 (valid) ]:  valid loglike is 0.859612627530409, num_events is 17018, mark_ll is -1.5381077434554589, time_ll is 2.3977204283699614[0m
[38;20m2026-09-28 07:37:32,730 - tpp_runner.py[pid:7276;line:136:_train_model] - INFO: [ Epoch 97 (test) ]: test loglike is 1.3734128102773084, num_events is 33655, mark_ll is -1.5572864206597739, time_ll is 2.930698998802184[0m
[31;1m2026-09-28 07:37:32,730 - tpp_runner.py[pid:7276;line:140:_train_model] - CRITICAL: current best loglike on valid set is 0.8607 (updated at epoch-95)[0m
[38;20m2026-09-28 07:37:34,131 - tpp_runner.py[pid:7276;line:104:_train_model] - INFO: [ Epoch 98 (train) ]: train loglike is 1.0545266289955944, num_events is 66675, mark_ll is -1.496630405330193, time_ll is 2.551156917152934[0m
[38;20m2026-09-28 07:37:34,197 - tpp_runner.py[pid:7276;line:116:_train_model] - INFO: [ Epoch 98 (valid) ]:  valid loglike is 0.8521547612270831, num_events is 17018, mark_ll is -1.5381053333235397, time_ll is 2.3902600371665295[0m
[38;20m2026-09-28 07:37:34,324 - tpp_runner.py[pid:7276;line:136:_train_model] - INFO: [ Epoch 98 (test) ]: test loglike is 1.3761789696228273, num_events is 33655, mark_ll is -1.5572844330047078, time_ll is 2.933463638389541[0m
[31;1m2026-09-28 07:37:34,324 - tpp_runner.py[pid:7276;line:140:_train_model] - CRITICAL: current best loglike on valid set is 0.8607 (updated at epoch-95)[0m
[38;20m2026-09-28 07:37:35,666 - tpp_runner.py[pid:7276;line:104:_train_model] - INFO: [ Epoch 99 (train) ]: train loglike is 1.0496511947237064, num_events is 66675, mark_ll is -1.4966275602268466, time_ll is 2.5462786084844864[0m
[38;20m2026-09-28 07:37:35,729 - tpp_runner.py[pid:7276;line:116:_train_model] - INFO: [ Epoch 99 (valid) ]:  valid loglike is 0.8562895720707486, num_events is 17018, mark_ll is -1.5381054480917264, time_ll is 2.3943951349306616[0m
[38;20m2026-09-28 07:37:35,875 - tpp_runner.py[pid:7276;line:136:_train_model] - INFO: [ Epoch 99 (test) ]: test loglike is 1.3729895594427834, num_events is 33655, mark_ll is -1.5572846542582826, time_ll is 2.93027445309018[0m
[31;1m2026-09-28 07:37:35,875 - tpp_runner.py[pid:7276;line:140:_train_model] - CRITICAL: current best loglike on valid set is 0.8607 (updated at epoch-95)[0m
[38;20m2026-09-28 07:37:35,875 - base_runner.py[pid:7276;line:118:train] - INFO: End NHP train! Cost time: 2.700m[0m
RESULT {"model": "NHP", "dataset": "lob_aapl", "seed": 2019, "ll_per_event": 1.3738728690016342, "mark_ll": -1.557338803350403, "time_ll": 2.931211900859828, "val_ll": 0.8606569606446116, "best_epoch": 95, "n_params": 231948, "seconds": 162.724045753479, "max_epoch": 100, "batch_size": 256}
