
=== Mon Sep 28 08:02:25 2026 attempt 1: D:\Quant\.venv\Scripts\python.exe -u -m infodiff.baselines.easytpp_runner IntensityFree lob_aapl 6 2019 100 64
[31;1m2026-09-28 08:02:27,023 - config.py[pid:34096;line:33:build_from_yaml_file] - CRITICAL: Load pipeline config class RunnerConfig[0m
[31;1m2026-09-28 08:02:27,063 - runner_config.py[pid:34096;line:205:update_config] - CRITICAL: train model IntensityFree using GPU with torch backend[0m
[38;20m2026-09-28 08:02:27,065 - runner_config.py[pid:34096;line:45:__init__] - INFO: Save the config to D:\Quant\results\easytpp\checkpoints/lob_aapl/IntensityFree/train_2026_09_28_08_02_27\IntensityFree_train_output.yaml[0m
[38;20m2026-09-28 08:02:27,065 - base_runner.py[pid:34096;line:193:save_log] - INFO: Save the log to D:\Quant\results\easytpp\checkpoints/lob_aapl/IntensityFree/train_2026_09_28_08_02_27\log[0m
0.20842144932044016 0.6263620563223178
min_dt: 7.275957614183426e-12
max_dt: 17.26781208600005
[38;20m2026-09-28 08:02:31,238 - tpp_runner.py[pid:34096;line:62:_init_model] - INFO: Num of model parameters 7184[0m
[38;20m2026-09-28 08:02:31,921 - base_runner.py[pid:34096;line:103:train] - INFO: Data 'lob_aapl' loaded...[0m
[38;20m2026-09-28 08:02:31,921 - base_runner.py[pid:34096;line:108:train] - INFO: Start IntensityFree training...[0m
[38;20m2026-09-28 08:02:32,583 - tpp_runner.py[pid:34096;line:104:_train_model] - INFO: [ Epoch 0 (train) ]: train loglike is -33.97845437289089, num_events is 66675, mark_ll is -1.949966525180446, time_ll is -32.02848671259842[0m
[38;20m2026-09-28 08:02:32,626 - tpp_runner.py[pid:34096;line:116:_train_model] - INFO: [ Epoch 0 (valid) ]:  valid loglike is -21.510686180624926, num_events is 17018, mark_ll is -1.9506679135465022, time_ll is -19.560019400414266[0m
[38;20m2026-09-28 08:02:32,694 - tpp_runner.py[pid:34096;line:136:_train_model] - INFO: [ Epoch 0 (test) ]: test loglike is -22.91925332649309, num_events is 33655, mark_ll is -1.975313302316242, time_ll is -20.943941685392215[0m
[31;1m2026-09-28 08:02:32,694 - tpp_runner.py[pid:34096;line:140:_train_model] - CRITICAL: current best loglike on valid set is -21.5107 (updated at epoch-0), best updated at this epoch[0m
[38;20m2026-09-28 08:02:32,908 - tpp_runner.py[pid:34096;line:104:_train_model] - INFO: [ Epoch 1 (train) ]: train loglike is -13.028847817362674, num_events is 66675, mark_ll is -1.9137743646302026, time_ll is -11.115073115860518[0m
[38;20m2026-09-28 08:02:32,957 - tpp_runner.py[pid:34096;line:116:_train_model] - INFO: [ Epoch 1 (valid) ]:  valid loglike is -3.081921990686332, num_events is 17018, mark_ll is -1.895247145256126, time_ll is -1.1866749028142995[0m
[38;20m2026-09-28 08:02:33,043 - tpp_runner.py[pid:34096;line:136:_train_model] - INFO: [ Epoch 1 (test) ]: test loglike is -2.8302944021829965, num_events is 33655, mark_ll is -1.9089835770362873, time_ll is -0.9213108287738171[0m
[31;1m2026-09-28 08:02:33,043 - tpp_runner.py[pid:34096;line:140:_train_model] - CRITICAL: current best loglike on valid set is -3.0819 (updated at epoch-1), best updated at this epoch[0m
[38;20m2026-09-28 08:02:33,264 - tpp_runner.py[pid:34096;line:104:_train_model] - INFO: [ Epoch 2 (train) ]: train loglike is -0.5533973847751453, num_events is 66675, mark_ll is -1.8485471957606863, time_ll is 1.2951498677411417[0m
[38;20m2026-09-28 08:02:33,300 - tpp_runner.py[pid:34096;line:116:_train_model] - INFO: [ Epoch 2 (valid) ]:  valid loglike is 0.44147106891990284, num_events is 17018, mark_ll is -1.8037226582010593, time_ll is 2.2451938669946894[0m
[38;20m2026-09-28 08:02:33,371 - tpp_runner.py[pid:34096;line:136:_train_model] - INFO: [ Epoch 2 (test) ]: test loglike is 0.9965547136877182, num_events is 33655, mark_ll is -1.8169356481438494, time_ll is 2.8134902439505645[0m
[31;1m2026-09-28 08:02:33,371 - tpp_runner.py[pid:34096;line:140:_train_model] - CRITICAL: current best loglike on valid set is 0.4415 (updated at epoch-2), best updated at this epoch[0m
[38;20m2026-09-28 08:02:33,569 - tpp_runner.py[pid:34096;line:104:_train_model] - INFO: [ Epoch 3 (train) ]: train loglike is 0.6699609521466067, num_events is 66675, mark_ll is -1.74163088134491, time_ll is 2.411591811521607[0m
[38;20m2026-09-28 08:02:33,610 - tpp_runner.py[pid:34096;line:116:_train_model] - INFO: [ Epoch 3 (valid) ]:  valid loglike is 0.6201303804617032, num_events is 17018, mark_ll is -1.6927676589218035, time_ll is 2.312898044763265[0m
[38;20m2026-09-28 08:02:33,673 - tpp_runner.py[pid:34096;line:136:_train_model] - INFO: [ Epoch 3 (test) ]: test loglike is 1.2486498490252655, num_events is 33655, mark_ll is -1.6843349857469172, time_ll is 2.9329847731113503[0m
[31;1m2026-09-28 08:02:33,673 - tpp_runner.py[pid:34096;line:140:_train_model] - CRITICAL: current best loglike on valid set is 0.6201 (updated at epoch-3), best updated at this epoch[0m
[38;20m2026-09-28 08:02:33,879 - tpp_runner.py[pid:34096;line:104:_train_model] - INFO: [ Epoch 4 (train) ]: train loglike is 0.9692779222909637, num_events is 66675, mark_ll is -1.6459207552669197, time_ll is 2.615198637279715[0m
[38;20m2026-09-28 08:02:33,922 - tpp_runner.py[pid:34096;line:116:_train_model] - INFO: [ Epoch 4 (valid) ]:  valid loglike is 0.9041061697253918, num_events is 17018, mark_ll is -1.606521446845803, time_ll is 2.510627562773607[0m
[38;20m2026-09-28 08:02:33,987 - tpp_runner.py[pid:34096;line:136:_train_model] - INFO: [ Epoch 4 (test) ]: test loglike is 1.5366583985535673, num_events is 33655, mark_ll is -1.5779023499886253, time_ll is 3.1145608065759176[0m
[31;1m2026-09-28 08:02:33,987 - tpp_runner.py[pid:34096;line:140:_train_model] - CRITICAL: current best loglike on valid set is 0.9041 (updated at epoch-4), best updated at this epoch[0m
[38;20m2026-09-28 08:02:34,192 - tpp_runner.py[pid:34096;line:104:_train_model] - INFO: [ Epoch 5 (train) ]: train loglike is 1.2044971856545275, num_events is 66675, mark_ll is -1.560639097358924, time_ll is 2.7651361987954632[0m
[38;20m2026-09-28 08:02:34,240 - tpp_runner.py[pid:34096;line:116:_train_model] - INFO: [ Epoch 5 (valid) ]:  valid loglike is 1.1327265888392988, num_events is 17018, mark_ll is -1.5355417993769465, time_ll is 2.6682682806210702[0m
[38;20m2026-09-28 08:02:34,303 - tpp_runner.py[pid:34096;line:136:_train_model] - INFO: [ Epoch 5 (test) ]: test loglike is 1.8006994877363134, num_events is 33655, mark_ll is -1.4948318501847795, time_ll is 3.2955314249716796[0m
[31;1m2026-09-28 08:02:34,303 - tpp_runner.py[pid:34096;line:140:_train_model] - CRITICAL: current best loglike on valid set is 1.1327 (updated at epoch-5), best updated at this epoch[0m
[38;20m2026-09-28 08:02:34,538 - tpp_runner.py[pid:34096;line:104:_train_model] - INFO: [ Epoch 6 (train) ]: train loglike is 1.4352154808773903, num_events is 66675, mark_ll is -1.5031162047126922, time_ll is 2.938331692913386[0m
[38;20m2026-09-28 08:02:34,573 - tpp_runner.py[pid:34096;line:116:_train_model] - INFO: [ Epoch 6 (valid) ]:  valid loglike is 1.3395554810072423, num_events is 17018, mark_ll is -1.5012735036638596, time_ll is 2.84082897749809[0m
[38;20m2026-09-28 08:02:34,640 - tpp_runner.py[pid:34096;line:136:_train_model] - INFO: [ Epoch 6 (test) ]: test loglike is 2.050655487291775, num_events is 33655, mark_ll is -1.4462368502834366, time_ll is 3.496892279541487[0m
[31;1m2026-09-28 08:02:34,640 - tpp_runner.py[pid:34096;line:140:_train_model] - CRITICAL: current best loglike on valid set is 1.3396 (updated at epoch-6), best updated at this epoch[0m
[38;20m2026-09-28 08:02:34,836 - tpp_runner.py[pid:34096;line:104:_train_model] - INFO: [ Epoch 7 (train) ]: train loglike is 1.611502258506749, num_events is 66675, mark_ll is -1.4788931046705098, time_ll is 3.0903953705005622[0m
[38;20m2026-09-28 08:02:34,871 - tpp_runner.py[pid:34096;line:116:_train_model] - INFO: [ Epoch 7 (valid) ]:  valid loglike is 1.4431768075071247, num_events is 17018, mark_ll is -1.4963029365391607, time_ll is 2.939479736873274[0m
[38;20m2026-09-28 08:02:34,947 - tpp_runner.py[pid:34096;line:136:_train_model] - INFO: [ Epoch 7 (test) ]: test loglike is 2.2055533921872676, num_events is 33655, mark_ll is -1.4411904842392012, time_ll is 3.646743822019852[0m
[31;1m2026-09-28 08:02:34,947 - tpp_runner.py[pid:34096;line:140:_train_model] - CRITICAL: current best loglike on valid set is 1.4432 (updated at epoch-7), best updated at this epoch[0m
[38;20m2026-09-28 08:02:35,158 - tpp_runner.py[pid:34096;line:104:_train_model] - INFO: [ Epoch 8 (train) ]: train loglike is 1.7330712432918542, num_events is 66675, mark_ll is -1.473254062236361, time_ll is 3.2063252908816087[0m
[38;20m2026-09-28 08:02:35,202 - tpp_runner.py[pid:34096;line:116:_train_model] - INFO: [ Epoch 8 (valid) ]:  valid loglike is 1.5412765002612123, num_events is 17018, mark_ll is -1.4975252751108201, time_ll is 3.0388017897180557[0m
[38;20m2026-09-28 08:02:35,274 - tpp_runner.py[pid:34096;line:136:_train_model] - INFO: [ Epoch 8 (test) ]: test loglike is 2.2456437673811007, num_events is 33655, mark_ll is -1.4476132325016713, time_ll is 3.6932571050688976[0m
[31;1m2026-09-28 08:02:35,276 - tpp_runner.py[pid:34096;line:140:_train_model] - CRITICAL: current best loglike on valid set is 1.5413 (updated at epoch-8), best updated at this epoch[0m
[38;20m2026-09-28 08:02:35,439 - tpp_runner.py[pid:34096;line:104:_train_model] - INFO: [ Epoch 9 (train) ]: train loglike is 1.7814705852198163, num_events is 66675, mark_ll is -1.475141932941976, time_ll is 3.2566124595753654[0m
[38;20m2026-09-28 08:02:35,471 - tpp_runner.py[pid:34096;line:116:_train_model] - INFO: [ Epoch 9 (valid) ]:  valid loglike is 1.6075165874460131, num_events is 17018, mark_ll is -1.4964294541188925, time_ll is 3.1039460487379174[0m
[38;20m2026-09-28 08:02:35,530 - tpp_runner.py[pid:34096;line:136:_train_model] - INFO: [ Epoch 9 (test) ]: test loglike is 2.3351821729393385, num_events is 33655, mark_ll is -1.4523754545491476, time_ll is 3.787557627488486[0m
[31;1m2026-09-28 08:02:35,530 - tpp_runner.py[pid:34096;line:140:_train_model] - CRITICAL: current best loglike on valid set is 1.6075 (updated at epoch-9), best updated at this epoch[0m
[38;20m2026-09-28 08:02:35,704 - tpp_runner.py[pid:34096;line:104:_train_model] - INFO: [ Epoch 10 (train) ]: train loglike is 1.859417694858455, num_events is 66675, mark_ll is -1.4684444095366986, time_ll is 3.3278621153801087[0m
[38;20m2026-09-28 08:02:35,750 - tpp_runner.py[pid:34096;line:116:_train_model] - INFO: [ Epoch 10 (valid) ]:  valid loglike is 1.6632229276767614, num_events is 17018, mark_ll is -1.4867741787303332, time_ll is 3.1499970848880596[0m
[38;20m2026-09-28 08:02:35,802 - tpp_runner.py[pid:34096;line:136:_train_model] - INFO: [ Epoch 10 (test) ]: test loglike is 2.390905070754717, num_events is 33655, mark_ll is -1.4416634554672412, time_ll is 3.8325685552388205[0m
[31;1m2026-09-28 08:02:35,802 - tpp_runner.py[pid:34096;line:140:_train_model] - CRITICAL: current best loglike on valid set is 1.6632 (updated at epoch-10), best updated at this epoch[0m
[38;20m2026-09-28 08:02:35,978 - tpp_runner.py[pid:34096;line:104:_train_model] - INFO: [ Epoch 11 (train) ]: train loglike is 1.900287465287542, num_events is 66675, mark_ll is -1.4630284422455007, time_ll is 3.3633159111946944[0m
[38;20m2026-09-28 08:02:36,025 - tpp_runner.py[pid:34096;line:116:_train_model] - INFO: [ Epoch 11 (valid) ]:  valid loglike is 1.6982320735535537, num_events is 17018, mark_ll is -1.4785774850525915, time_ll is 3.1768096590283084[0m
[38;20m2026-09-28 08:02:36,080 - tpp_runner.py[pid:34096;line:136:_train_model] - INFO: [ Epoch 11 (test) ]: test loglike is 2.43505057058758, num_events is 33655, mark_ll is -1.4322862356772768, time_ll is 3.8673368570443656[0m
[31;1m2026-09-28 08:02:36,080 - tpp_runner.py[pid:34096;line:140:_train_model] - CRITICAL: current best loglike on valid set is 1.6982 (updated at epoch-11), best updated at this epoch[0m
[38;20m2026-09-28 08:02:36,253 - tpp_runner.py[pid:34096;line:104:_train_model] - INFO: [ Epoch 12 (train) ]: train loglike is 1.9317831730994564, num_events is 66675, mark_ll is -1.4553460919924073, time_ll is 3.38712923579865[0m
[38;20m2026-09-28 08:02:36,285 - tpp_runner.py[pid:34096;line:116:_train_model] - INFO: [ Epoch 12 (valid) ]:  valid loglike is 1.7116513724668365, num_events is 17018, mark_ll is -1.4765566181304355, time_ll is 3.1882079762512485[0m
[38;20m2026-09-28 08:02:36,351 - tpp_runner.py[pid:34096;line:136:_train_model] - INFO: [ Epoch 12 (test) ]: test loglike is 2.457890410275219, num_events is 33655, mark_ll is -1.4288431963582677, time_ll is 3.8867335485997625[0m
[31;1m2026-09-28 08:02:36,351 - tpp_runner.py[pid:34096;line:140:_train_model] - CRITICAL: current best loglike on valid set is 1.7117 (updated at epoch-12), best updated at this epoch[0m
[38;20m2026-09-28 08:02:36,513 - tpp_runner.py[pid:34096;line:104:_train_model] - INFO: [ Epoch 13 (train) ]: train loglike is 1.95862324460419, num_events is 66675, mark_ll is -1.4503511231017998, time_ll is 3.4089743713676417[0m
[38;20m2026-09-28 08:02:36,544 - tpp_runner.py[pid:34096;line:116:_train_model] - INFO: [ Epoch 13 (valid) ]:  valid loglike is 1.7282382016008784, num_events is 17018, mark_ll is -1.4731127835003746, time_ll is 3.2013508703330666[0m
[38;20m2026-09-28 08:02:36,627 - tpp_runner.py[pid:34096;line:136:_train_model] - INFO: [ Epoch 13 (test) ]: test loglike is 2.472901790688605, num_events is 33655, mark_ll is -1.4249654916965346, time_ll is 3.89786747824896[0m
[31;1m2026-09-28 08:02:36,627 - tpp_runner.py[pid:34096;line:140:_train_model] - CRITICAL: current best loglike on valid set is 1.7282 (updated at epoch-13), best updated at this epoch[0m
[38;20m2026-09-28 08:02:36,895 - tpp_runner.py[pid:34096;line:104:_train_model] - INFO: [ Epoch 14 (train) ]: train loglike is 1.9695996569764718, num_events is 66675, mark_ll is -1.4472182285808024, time_ll is 3.416817966113611[0m
[38;20m2026-09-28 08:02:36,934 - tpp_runner.py[pid:34096;line:116:_train_model] - INFO: [ Epoch 14 (valid) ]:  valid loglike is 1.7355901440409602, num_events is 17018, mark_ll is -1.4725433611424301, time_ll is 3.208133454972309[0m
[38;20m2026-09-28 08:02:37,019 - tpp_runner.py[pid:34096;line:136:_train_model] - INFO: [ Epoch 14 (test) ]: test loglike is 2.48108979427625, num_events is 33655, mark_ll is -1.4243066638384898, time_ll is 3.9053965778092965[0m
[31;1m2026-09-28 08:02:37,019 - tpp_runner.py[pid:34096;line:140:_train_model] - CRITICAL: current best loglike on valid set is 1.7356 (updated at epoch-14), best updated at this epoch[0m
[38;20m2026-09-28 08:02:37,261 - tpp_runner.py[pid:34096;line:104:_train_model] - INFO: [ Epoch 15 (train) ]: train loglike is 1.9780871458450506, num_events is 66675, mark_ll is -1.4457328576115485, time_ll is 3.4238199009303525[0m
[38;20m2026-09-28 08:02:37,293 - tpp_runner.py[pid:34096;line:116:_train_model] - INFO: [ Epoch 15 (valid) ]:  valid loglike is 1.7428854268619072, num_events is 17018, mark_ll is -1.4719978320863387, time_ll is 3.2148831441800594[0m
[38;20m2026-09-28 08:02:37,380 - tpp_runner.py[pid:34096;line:136:_train_model] - INFO: [ Epoch 15 (test) ]: test loglike is 2.4933875431190575, num_events is 33655, mark_ll is -1.4234735534513816, time_ll is 3.9168609514861275[0m
[31;1m2026-09-28 08:02:37,380 - tpp_runner.py[pid:34096;line:140:_train_model] - CRITICAL: current best loglike on valid set is 1.7429 (updated at epoch-15), best updated at this epoch[0m
[38;20m2026-09-28 08:02:37,635 - tpp_runner.py[pid:34096;line:104:_train_model] - INFO: [ Epoch 16 (train) ]: train loglike is 1.9900822626663854, num_events is 66675, mark_ll is -1.4443984711871953, time_ll is 3.434480675267154[0m
[38;20m2026-09-28 08:02:37,677 - tpp_runner.py[pid:34096;line:116:_train_model] - INFO: [ Epoch 16 (valid) ]:  valid loglike is 1.7533961054104477, num_events is 17018, mark_ll is -1.4683407868575735, time_ll is 3.2217368420569397[0m
[38;20m2026-09-28 08:02:37,756 - tpp_runner.py[pid:34096;line:136:_train_model] - INFO: [ Epoch 16 (test) ]: test loglike is 2.5019612932467314, num_events is 33655, mark_ll is -1.4212439050080783, time_ll is 3.923205205509025[0m
[31;1m2026-09-28 08:02:37,756 - tpp_runner.py[pid:34096;line:140:_train_model] - CRITICAL: current best loglike on valid set is 1.7534 (updated at epoch-16), best updated at this epoch[0m
[38;20m2026-09-28 08:02:38,005 - tpp_runner.py[pid:34096;line:104:_train_model] - INFO: [ Epoch 17 (train) ]: train loglike is 1.9981886614759092, num_events is 66675, mark_ll is -1.4414835657749812, time_ll is 3.4396721942960253[0m
[38;20m2026-09-28 08:02:38,047 - tpp_runner.py[pid:34096;line:116:_train_model] - INFO: [ Epoch 17 (valid) ]:  valid loglike is 1.7615024693523034, num_events is 17018, mark_ll is -1.4659821499891659, time_ll is 3.2274846336874927[0m
[38;20m2026-09-28 08:02:38,418 - tpp_runner.py[pid:34096;line:136:_train_model] - INFO: [ Epoch 17 (test) ]: test loglike is 2.5127901686227903, num_events is 33655, mark_ll is -1.4195496067924993, time_ll is 3.9323398588387684[0m
[31;1m2026-09-28 08:02:38,418 - tpp_runner.py[pid:34096;line:140:_train_model] - CRITICAL: current best loglike on valid set is 1.7615 (updated at epoch-17), best updated at this epoch[0m
[38;20m2026-09-28 08:02:38,701 - tpp_runner.py[pid:34096;line:104:_train_model] - INFO: [ Epoch 18 (train) ]: train loglike is 2.009366094863142, num_events is 66675, mark_ll is -1.4387307323889202, time_ll is 3.4480968272520625[0m
[38;20m2026-09-28 08:02:38,748 - tpp_runner.py[pid:34096;line:116:_train_model] - INFO: [ Epoch 18 (valid) ]:  valid loglike is 1.7657304432714627, num_events is 17018, mark_ll is -1.4649401552767658, time_ll is 3.2306706559323217[0m
[38;20m2026-09-28 08:02:38,829 - tpp_runner.py[pid:34096;line:136:_train_model] - INFO: [ Epoch 18 (test) ]: test loglike is 2.5181475156342854, num_events is 33655, mark_ll is -1.418796448742293, time_ll is 3.936943935359716[0m
[31;1m2026-09-28 08:02:38,829 - tpp_runner.py[pid:34096;line:140:_train_model] - CRITICAL: current best loglike on valid set is 1.7657 (updated at epoch-18), best updated at this epoch[0m
[38;20m2026-09-28 08:02:39,236 - tpp_runner.py[pid:34096;line:104:_train_model] - INFO: [ Epoch 19 (train) ]: train loglike is 2.0176258875843645, num_events is 66675, mark_ll is -1.4369598477924634, time_ll is 3.454585735376828[0m
[38;20m2026-09-28 08:02:39,274 - tpp_runner.py[pid:34096;line:116:_train_model] - INFO: [ Epoch 19 (valid) ]:  valid loglike is 1.7690591367182908, num_events is 17018, mark_ll is -1.4640400499080937, time_ll is 3.2330993516056528[0m
[38;20m2026-09-28 08:02:39,352 - tpp_runner.py[pid:34096;line:136:_train_model] - INFO: [ Epoch 19 (test) ]: test loglike is 2.5215655496722253, num_events is 33655, mark_ll is -1.4164359850296204, time_ll is 3.938001621752433[0m
[31;1m2026-09-28 08:02:39,354 - tpp_runner.py[pid:34096;line:140:_train_model] - CRITICAL: current best loglike on valid set is 1.7691 (updated at epoch-19), best updated at this epoch[0m
[38;20m2026-09-28 08:02:39,612 - tpp_runner.py[pid:34096;line:104:_train_model] - INFO: [ Epoch 20 (train) ]: train loglike is 2.0221749991212037, num_events is 66675, mark_ll is -1.4356226638662355, time_ll is 3.457797619047619[0m
[38;20m2026-09-28 08:02:39,645 - tpp_runner.py[pid:34096;line:116:_train_model] - INFO: [ Epoch 20 (valid) ]:  valid loglike is 1.7708512060873964, num_events is 17018, mark_ll is -1.4636255430830591, time_ll is 3.234476698959374[0m
[38;20m2026-09-28 08:02:39,711 - tpp_runner.py[pid:34096;line:136:_train_model] - INFO: [ Epoch 20 (test) ]: test loglike is 2.5241191931455207, num_events is 33655, mark_ll is -1.4151479446485942, time_ll is 3.939267286505534[0m
[31;1m2026-09-28 08:02:39,711 - tpp_runner.py[pid:34096;line:140:_train_model] - CRITICAL: current best loglike on valid set is 1.7709 (updated at epoch-20), best updated at this epoch[0m
[38;20m2026-09-28 08:02:39,934 - tpp_runner.py[pid:34096;line:104:_train_model] - INFO: [ Epoch 21 (train) ]: train loglike is 2.026862165910902, num_events is 66675, mark_ll is -1.434923676532621, time_ll is 3.4617858900449945[0m
[38;20m2026-09-28 08:02:39,965 - tpp_runner.py[pid:34096;line:116:_train_model] - INFO: [ Epoch 21 (valid) ]:  valid loglike is 1.7729190921010107, num_events is 17018, mark_ll is -1.4630533519426123, time_ll is 3.235972501427716[0m
[38;20m2026-09-28 08:02:40,035 - tpp_runner.py[pid:34096;line:136:_train_model] - INFO: [ Epoch 21 (test) ]: test loglike is 2.5253950500714977, num_events is 33655, mark_ll is -1.4145321886954947, time_ll is 3.9399273330717945[0m
[31;1m2026-09-28 08:02:40,035 - tpp_runner.py[pid:34096;line:140:_train_model] - CRITICAL: current best loglike on valid set is 1.7729 (updated at epoch-21), best updated at this epoch[0m
[38;20m2026-09-28 08:02:40,257 - tpp_runner.py[pid:34096;line:104:_train_model] - INFO: [ Epoch 22 (train) ]: train loglike is 2.0305839016216725, num_events is 66675, mark_ll is -1.43389986407949, time_ll is 3.4644838535808025[0m
[38;20m2026-09-28 08:02:40,293 - tpp_runner.py[pid:34096;line:116:_train_model] - INFO: [ Epoch 22 (valid) ]:  valid loglike is 1.7759756558313256, num_events is 17018, mark_ll is -1.4626656937002365, time_ll is 3.2386414069156553[0m
[38;20m2026-09-28 08:02:40,361 - tpp_runner.py[pid:34096;line:136:_train_model] - INFO: [ Epoch 22 (test) ]: test loglike is 2.5307633291858567, num_events is 33655, mark_ll is -1.413935928446739, time_ll is 3.944699402716907[0m
[31;1m2026-09-28 08:02:40,361 - tpp_runner.py[pid:34096;line:140:_train_model] - CRITICAL: current best loglike on valid set is 1.7760 (updated at epoch-22), best updated at this epoch[0m
[38;20m2026-09-28 08:02:40,577 - tpp_runner.py[pid:34096;line:104:_train_model] - INFO: [ Epoch 23 (train) ]: train loglike is 2.036250706698772, num_events is 66675, mark_ll is -1.4329234993086801, time_ll is 3.4691743268419573[0m
[38;20m2026-09-28 08:02:40,609 - tpp_runner.py[pid:34096;line:116:_train_model] - INFO: [ Epoch 23 (valid) ]:  valid loglike is 1.7799367793705563, num_events is 17018, mark_ll is -1.4616210449735207, time_ll is 3.2415577669599838[0m
[38;20m2026-09-28 08:02:40,686 - tpp_runner.py[pid:34096;line:136:_train_model] - INFO: [ Epoch 23 (test) ]: test loglike is 2.53619475624675, num_events is 33655, mark_ll is -1.4128543865661214, time_ll is 3.94904896508459[0m
[31;1m2026-09-28 08:02:40,686 - tpp_runner.py[pid:34096;line:140:_train_model] - CRITICAL: current best loglike on valid set is 1.7799 (updated at epoch-23), best updated at this epoch[0m
[38;20m2026-09-28 08:02:40,912 - tpp_runner.py[pid:34096;line:104:_train_model] - INFO: [ Epoch 24 (train) ]: train loglike is 2.0420516380764906, num_events is 66675, mark_ll is -1.4313385021208287, time_ll is 3.473390184137139[0m
[38;20m2026-09-28 08:02:40,947 - tpp_runner.py[pid:34096;line:116:_train_model] - INFO: [ Epoch 24 (valid) ]:  valid loglike is 1.7834581399106828, num_events is 17018, mark_ll is -1.461415875320892, time_ll is 3.2448739506744695[0m
[38;20m2026-09-28 08:02:41,024 - tpp_runner.py[pid:34096;line:136:_train_model] - INFO: [ Epoch 24 (test) ]: test loglike is 2.54124556912513, num_events is 33655, mark_ll is -1.4124799783650275, time_ll is 3.953725656303391[0m
[31;1m2026-09-28 08:02:41,024 - tpp_runner.py[pid:34096;line:140:_train_model] - CRITICAL: current best loglike on valid set is 1.7835 (updated at epoch-24), best updated at this epoch[0m
[38;20m2026-09-28 08:02:41,291 - tpp_runner.py[pid:34096;line:104:_train_model] - INFO: [ Epoch 25 (train) ]: train loglike is 2.0476929470730223, num_events is 66675, mark_ll is -1.4306129238727971, time_ll is 3.478305885592426[0m
[38;20m2026-09-28 08:02:41,322 - tpp_runner.py[pid:34096;line:116:_train_model] - INFO: [ Epoch 25 (valid) ]:  valid loglike is 1.7875133733629467, num_events is 17018, mark_ll is -1.460283794755002, time_ll is 3.2477971681179487[0m
[38;20m2026-09-28 08:02:41,385 - tpp_runner.py[pid:34096;line:136:_train_model] - INFO: [ Epoch 25 (test) ]: test loglike is 2.544763261576567, num_events is 33655, mark_ll is -1.4117266570949711, time_ll is 3.9564900855184963[0m
[31;1m2026-09-28 08:02:41,385 - tpp_runner.py[pid:34096;line:140:_train_model] - CRITICAL: current best loglike on valid set is 1.7875 (updated at epoch-25), best updated at this epoch[0m
[38;20m2026-09-28 08:02:41,627 - tpp_runner.py[pid:34096;line:104:_train_model] - INFO: [ Epoch 26 (train) ]: train loglike is 2.0522364123429884, num_events is 66675, mark_ll is -1.4291933344757686, time_ll is 3.481429750480409[0m
[38;20m2026-09-28 08:02:41,661 - tpp_runner.py[pid:34096;line:116:_train_model] - INFO: [ Epoch 26 (valid) ]:  valid loglike is 1.7901950755036946, num_events is 17018, mark_ll is -1.4603609261494264, time_ll is 3.2505560088261327[0m
[38;20m2026-09-28 08:02:41,730 - tpp_runner.py[pid:34096;line:136:_train_model] - INFO: [ Epoch 26 (test) ]: test loglike is 2.5485014531644627, num_events is 33655, mark_ll is -1.4114756938802278, time_ll is 3.9599769112826846[0m
[31;1m2026-09-28 08:02:41,730 - tpp_runner.py[pid:34096;line:140:_train_model] - CRITICAL: current best loglike on valid set is 1.7902 (updated at epoch-26), best updated at this epoch[0m
[38;20m2026-09-28 08:02:41,951 - tpp_runner.py[pid:34096;line:104:_train_model] - INFO: [ Epoch 27 (train) ]: train loglike is 2.056466139974691, num_events is 66675, mark_ll is -1.4289007794924071, time_ll is 3.485366948760311[0m
[38;20m2026-09-28 08:02:41,983 - tpp_runner.py[pid:34096;line:116:_train_model] - INFO: [ Epoch 27 (valid) ]:  valid loglike is 1.7926000715464876, num_events is 17018, mark_ll is -1.4596460135958984, time_ll is 3.2522460994884095[0m
[38;20m2026-09-28 08:02:42,058 - tpp_runner.py[pid:34096;line:136:_train_model] - INFO: [ Epoch 27 (test) ]: test loglike is 2.550680242302407, num_events is 33655, mark_ll is -1.411045188830133, time_ll is 3.961725510928911[0m
[31;1m2026-09-28 08:02:42,059 - tpp_runner.py[pid:34096;line:140:_train_model] - CRITICAL: current best loglike on valid set is 1.7926 (updated at epoch-27), best updated at this epoch[0m
[38;20m2026-09-28 08:02:42,426 - tpp_runner.py[pid:34096;line:104:_train_model] - INFO: [ Epoch 28 (train) ]: train loglike is 2.0603027783148202, num_events is 66675, mark_ll is -1.4273881878046495, time_ll is 3.487690918517998[0m
[38;20m2026-09-28 08:02:42,460 - tpp_runner.py[pid:34096;line:116:_train_model] - INFO: [ Epoch 28 (valid) ]:  valid loglike is 1.7945136015221017, num_events is 17018, mark_ll is -1.459820949004363, time_ll is 3.2543346652946514[0m
[38;20m2026-09-28 08:02:42,534 - tpp_runner.py[pid:34096;line:136:_train_model] - INFO: [ Epoch 28 (test) ]: test loglike is 2.554304782094971, num_events is 33655, mark_ll is -1.4103776268965422, time_ll is 3.9646823146867107[0m
[31;1m2026-09-28 08:02:42,534 - tpp_runner.py[pid:34096;line:140:_train_model] - CRITICAL: current best loglike on valid set is 1.7945 (updated at epoch-28), best updated at this epoch[0m
[38;20m2026-09-28 08:02:42,758 - tpp_runner.py[pid:34096;line:104:_train_model] - INFO: [ Epoch 29 (train) ]: train loglike is 2.063993155640701, num_events is 66675, mark_ll is -1.4270251789815336, time_ll is 3.4910183932086616[0m
[38;20m2026-09-28 08:02:42,796 - tpp_runner.py[pid:34096;line:116:_train_model] - INFO: [ Epoch 29 (valid) ]:  valid loglike is 1.7966172163068148, num_events is 17018, mark_ll is -1.459249231282686, time_ll is 3.255866375859384[0m
[38;20m2026-09-28 08:02:42,869 - tpp_runner.py[pid:34096;line:136:_train_model] - INFO: [ Epoch 29 (test) ]: test loglike is 2.5568280884387535, num_events is 33655, mark_ll is -1.4100599212714493, time_ll is 3.9668878283548135[0m
[31;1m2026-09-28 08:02:42,869 - tpp_runner.py[pid:34096;line:140:_train_model] - CRITICAL: current best loglike on valid set is 1.7966 (updated at epoch-29), best updated at this epoch[0m
[38;20m2026-09-28 08:02:43,086 - tpp_runner.py[pid:34096;line:104:_train_model] - INFO: [ Epoch 30 (train) ]: train loglike is 2.067289125480409, num_events is 66675, mark_ll is -1.4258023777301274, time_ll is 3.4930915471503563[0m
[38;20m2026-09-28 08:02:43,128 - tpp_runner.py[pid:34096;line:116:_train_model] - INFO: [ Epoch 30 (valid) ]:  valid loglike is 1.798833547796818, num_events is 17018, mark_ll is -1.4590251750903456, time_ll is 3.257858608118977[0m
[38;20m2026-09-28 08:02:43,200 - tpp_runner.py[pid:34096;line:136:_train_model] - INFO: [ Epoch 30 (test) ]: test loglike is 2.5608312982840586, num_events is 33655, mark_ll is -1.409335123577013, time_ll is 3.9701661099298025[0m
[31;1m2026-09-28 08:02:43,200 - tpp_runner.py[pid:34096;line:140:_train_model] - CRITICAL: current best loglike on valid set is 1.7988 (updated at epoch-30), best updated at this epoch[0m
[38;20m2026-09-28 08:02:43,482 - tpp_runner.py[pid:34096;line:104:_train_model] - INFO: [ Epoch 31 (train) ]: train loglike is 2.070710583784449, num_events is 66675, mark_ll is -1.425435685285433, time_ll is 3.4961463166713536[0m
[38;20m2026-09-28 08:02:43,524 - tpp_runner.py[pid:34096;line:116:_train_model] - INFO: [ Epoch 31 (valid) ]:  valid loglike is 1.8011160503194228, num_events is 17018, mark_ll is -1.4585841639872121, time_ll is 3.2597002645177167[0m
[38;20m2026-09-28 08:02:43,605 - tpp_runner.py[pid:34096;line:136:_train_model] - INFO: [ Epoch 31 (test) ]: test loglike is 2.564174011801738, num_events is 33655, mark_ll is -1.4089440270530011, time_ll is 3.973118125905326[0m
[31;1m2026-09-28 08:02:43,605 - tpp_runner.py[pid:34096;line:140:_train_model] - CRITICAL: current best loglike on valid set is 1.8011 (updated at epoch-31), best updated at this epoch[0m
[38;20m2026-09-28 08:02:43,857 - tpp_runner.py[pid:34096;line:104:_train_model] - INFO: [ Epoch 32 (train) ]: train loglike is 2.0743311846761343, num_events is 66675, mark_ll is -1.4244814991387795, time_ll is 3.498812672829959[0m
[38;20m2026-09-28 08:02:43,904 - tpp_runner.py[pid:34096;line:116:_train_model] - INFO: [ Epoch 32 (valid) ]:  valid loglike is 1.8034873547264294, num_events is 17018, mark_ll is -1.4582657611724534, time_ll is 3.2617531230718946[0m
[38;20m2026-09-28 08:02:43,985 - tpp_runner.py[pid:34096;line:136:_train_model] - INFO: [ Epoch 32 (test) ]: test loglike is 2.567972268294551, num_events is 33655, mark_ll is -1.4079606455903655, time_ll is 3.9759330952403062[0m
[31;1m2026-09-28 08:02:43,985 - tpp_runner.py[pid:34096;line:140:_train_model] - CRITICAL: current best loglike on valid set is 1.8035 (updated at epoch-32), best updated at this epoch[0m
[38;20m2026-09-28 08:02:44,398 - tpp_runner.py[pid:34096;line:104:_train_model] - INFO: [ Epoch 33 (train) ]: train loglike is 2.0775346904879077, num_events is 66675, mark_ll is -1.4239132950178102, time_ll is 3.5014479049493814[0m
[38;20m2026-09-28 08:02:44,436 - tpp_runner.py[pid:34096;line:116:_train_model] - INFO: [ Epoch 33 (valid) ]:  valid loglike is 1.8053385081926123, num_events is 17018, mark_ll is -1.4580129268573165, time_ll is 3.2633514996070336[0m
[38;20m2026-09-28 08:02:44,511 - tpp_runner.py[pid:34096;line:136:_train_model] - INFO: [ Epoch 33 (test) ]: test loglike is 2.5707912782276034, num_events is 33655, mark_ll is -1.4075856389164871, time_ll is 3.978377113007911[0m
[31;1m2026-09-28 08:02:44,511 - tpp_runner.py[pid:34096;line:140:_train_model] - CRITICAL: current best loglike on valid set is 1.8053 (updated at epoch-33), best updated at this epoch[0m
[38;20m2026-09-28 08:02:44,760 - tpp_runner.py[pid:34096;line:104:_train_model] - INFO: [ Epoch 34 (train) ]: train loglike is 2.080940096111033, num_events is 66675, mark_ll is -1.4231204082888076, time_ll is 3.504060544678009[0m
[38;20m2026-09-28 08:02:44,802 - tpp_runner.py[pid:34096;line:116:_train_model] - INFO: [ Epoch 34 (valid) ]:  valid loglike is 1.8070976749572145, num_events is 17018, mark_ll is -1.4577273118788745, time_ll is 3.2648250370471708[0m
[38;20m2026-09-28 08:02:44,881 - tpp_runner.py[pid:34096;line:136:_train_model] - INFO: [ Epoch 34 (test) ]: test loglike is 2.5730885287058016, num_events is 33655, mark_ll is -1.4072183797448372, time_ll is 3.9803068504169143[0m
[31;1m2026-09-28 08:02:44,881 - tpp_runner.py[pid:34096;line:140:_train_model] - CRITICAL: current best loglike on valid set is 1.8071 (updated at epoch-34), best updated at this epoch[0m
[38;20m2026-09-28 08:02:45,134 - tpp_runner.py[pid:34096;line:104:_train_model] - INFO: [ Epoch 35 (train) ]: train loglike is 2.0837253717308775, num_events is 66675, mark_ll is -1.422520505249344, time_ll is 3.506245957536558[0m
[38;20m2026-09-28 08:02:45,190 - tpp_runner.py[pid:34096;line:116:_train_model] - INFO: [ Epoch 35 (valid) ]:  valid loglike is 1.8084300331817782, num_events is 17018, mark_ll is -1.4576398800397006, time_ll is 3.266069784107269[0m
[38;20m2026-09-28 08:02:45,279 - tpp_runner.py[pid:34096;line:136:_train_model] - INFO: [ Epoch 35 (test) ]: test loglike is 2.5748517673590476, num_events is 33655, mark_ll is -1.4072564172241773, time_ll is 3.982107948821219[0m
[31;1m2026-09-28 08:02:45,279 - tpp_runner.py[pid:34096;line:140:_train_model] - CRITICAL: current best loglike on valid set is 1.8084 (updated at epoch-35), best updated at this epoch[0m
[38;20m2026-09-28 08:02:45,561 - tpp_runner.py[pid:34096;line:104:_train_model] - INFO: [ Epoch 36 (train) ]: train loglike is 2.086381142054509, num_events is 66675, mark_ll is -1.4220274308973098, time_ll is 3.508408499718785[0m
[38;20m2026-09-28 08:02:45,591 - tpp_runner.py[pid:34096;line:116:_train_model] - INFO: [ Epoch 36 (valid) ]:  valid loglike is 1.809703551191661, num_events is 17018, mark_ll is -1.4575920934359943, time_ll is 3.2672957665688536[0m
[38;20m2026-09-28 08:02:45,686 - tpp_runner.py[pid:34096;line:136:_train_model] - INFO: [ Epoch 36 (test) ]: test loglike is 2.57640583070634, num_events is 33655, mark_ll is -1.4070676298910822, time_ll is 3.9834735766648715[0m
[31;1m2026-09-28 08:02:45,686 - tpp_runner.py[pid:34096;line:140:_train_model] - CRITICAL: current best loglike on valid set is 1.8097 (updated at epoch-36), best updated at this epoch[0m
[38;20m2026-09-28 08:02:45,936 - tpp_runner.py[pid:34096;line:104:_train_model] - INFO: [ Epoch 37 (train) ]: train loglike is 2.088499865251219, num_events is 66675, mark_ll is -1.4216460515677727, time_ll is 3.5101458509092613[0m
[38;20m2026-09-28 08:02:45,985 - tpp_runner.py[pid:34096;line:116:_train_model] - INFO: [ Epoch 37 (valid) ]:  valid loglike is 1.8108669849915346, num_events is 17018, mark_ll is -1.4576484446156275, time_ll is 3.268515608932454[0m
[38;20m2026-09-28 08:02:46,068 - tpp_runner.py[pid:34096;line:136:_train_model] - INFO: [ Epoch 37 (test) ]: test loglike is 2.577823921036993, num_events is 33655, mark_ll is -1.4068471525172708, time_ll is 3.984671015520539[0m
[31;1m2026-09-28 08:02:46,068 - tpp_runner.py[pid:34096;line:140:_train_model] - CRITICAL: current best loglike on valid set is 1.8109 (updated at epoch-37), best updated at this epoch[0m
[38;20m2026-09-28 08:02:46,722 - tpp_runner.py[pid:34096;line:104:_train_model] - INFO: [ Epoch 38 (train) ]: train loglike is 2.090519324732846, num_events is 66675, mark_ll is -1.4213015414088863, time_ll is 3.511820792908699[0m
[38;20m2026-09-28 08:02:46,756 - tpp_runner.py[pid:34096;line:116:_train_model] - INFO: [ Epoch 38 (valid) ]:  valid loglike is 1.812088513012876, num_events is 17018, mark_ll is -1.4576176437035417, time_ll is 3.269706027602208[0m
[38;20m2026-09-28 08:02:46,821 - tpp_runner.py[pid:34096;line:136:_train_model] - INFO: [ Epoch 38 (test) ]: test loglike is 2.579417207927871, num_events is 33655, mark_ll is -1.4066184452358954, time_ll is 3.986035765604108[0m
[31;1m2026-09-28 08:02:46,821 - tpp_runner.py[pid:34096;line:140:_train_model] - CRITICAL: current best loglike on valid set is 1.8121 (updated at epoch-38), best updated at this epoch[0m
[38;20m2026-09-28 08:02:47,045 - tpp_runner.py[pid:34096;line:104:_train_model] - INFO: [ Epoch 39 (train) ]: train loglike is 2.09229834551931, num_events is 66675, mark_ll is -1.42094421546916, time_ll is 3.513242509725347[0m
[38;20m2026-09-28 08:02:47,076 - tpp_runner.py[pid:34096;line:116:_train_model] - INFO: [ Epoch 39 (valid) ]:  valid loglike is 1.8131571052525268, num_events is 17018, mark_ll is -1.4575396874127762, time_ll is 3.2706968500493963[0m
[38;20m2026-09-28 08:02:47,154 - tpp_runner.py[pid:34096;line:136:_train_model] - INFO: [ Epoch 39 (test) ]: test loglike is 2.5809776622390803, num_events is 33655, mark_ll is -1.4063743698988356, time_ll is 3.9873517383421855[0m
[31;1m2026-09-28 08:02:47,156 - tpp_runner.py[pid:34096;line:140:_train_model] - CRITICAL: current best loglike on valid set is 1.8132 (updated at epoch-39), best updated at this epoch[0m
[38;20m2026-09-28 08:02:47,383 - tpp_runner.py[pid:34096;line:104:_train_model] - INFO: [ Epoch 40 (train) ]: train loglike is 2.0940700722956507, num_events is 66675, mark_ll is -1.420559390525403, time_ll is 3.5146293895880203[0m
[38;20m2026-09-28 08:02:47,417 - tpp_runner.py[pid:34096;line:116:_train_model] - INFO: [ Epoch 40 (valid) ]:  valid loglike is 1.8143265356901517, num_events is 17018, mark_ll is -1.4573819672323054, time_ll is 3.2717084311923403[0m
[38;20m2026-09-28 08:02:47,485 - tpp_runner.py[pid:34096;line:136:_train_model] - INFO: [ Epoch 40 (test) ]: test loglike is 2.582751970825286, num_events is 33655, mark_ll is -1.4062359630928725, time_ll is 3.98898801371453[0m
[31;1m2026-09-28 08:02:47,485 - tpp_runner.py[pid:34096;line:140:_train_model] - CRITICAL: current best loglike on valid set is 1.8143 (updated at epoch-40), best updated at this epoch[0m
[38;20m2026-09-28 08:02:47,710 - tpp_runner.py[pid:34096;line:104:_train_model] - INFO: [ Epoch 41 (train) ]: train loglike is 2.095903962932368, num_events is 66675, mark_ll is -1.4202024527207537, time_ll is 3.5161064779011997[0m
[38;20m2026-09-28 08:02:47,749 - tpp_runner.py[pid:34096;line:116:_train_model] - INFO: [ Epoch 41 (valid) ]:  valid loglike is 1.815327371661623, num_events is 17018, mark_ll is -1.4571929153368859, time_ll is 3.2725204017666956[0m
[38;20m2026-09-28 08:02:47,821 - tpp_runner.py[pid:34096;line:136:_train_model] - INFO: [ Epoch 41 (test) ]: test loglike is 2.5845812155860015, num_events is 33655, mark_ll is -1.4060725510058405, time_ll is 3.9906537412020873[0m
[31;1m2026-09-28 08:02:47,821 - tpp_runner.py[pid:34096;line:140:_train_model] - CRITICAL: current best loglike on valid set is 1.8153 (updated at epoch-41), best updated at this epoch[0m
[38;20m2026-09-28 08:02:48,054 - tpp_runner.py[pid:34096;line:104:_train_model] - INFO: [ Epoch 42 (train) ]: train loglike is 2.097828926169385, num_events is 66675, mark_ll is -1.4198299052950412, time_ll is 3.5176588424493813[0m
[38;20m2026-09-28 08:02:48,091 - tpp_runner.py[pid:34096;line:116:_train_model] - INFO: [ Epoch 42 (valid) ]:  valid loglike is 1.8161390840075582, num_events is 17018, mark_ll is -1.4570300449340405, time_ll is 3.273169057211482[0m
[38;20m2026-09-28 08:02:48,163 - tpp_runner.py[pid:34096;line:136:_train_model] - INFO: [ Epoch 42 (test) ]: test loglike is 2.5863738773375986, num_events is 33655, mark_ll is -1.405908272040048, time_ll is 3.9922821965300477[0m
[31;1m2026-09-28 08:02:48,163 - tpp_runner.py[pid:34096;line:140:_train_model] - CRITICAL: current best loglike on valid set is 1.8161 (updated at epoch-42), best updated at this epoch[0m
[38;20m2026-09-28 08:02:48,385 - tpp_runner.py[pid:34096;line:104:_train_model] - INFO: [ Epoch 43 (train) ]: train loglike is 2.0998386786124392, num_events is 66675, mark_ll is -1.4194648862251593, time_ll is 3.5193035392060366[0m
[38;20m2026-09-28 08:02:48,416 - tpp_runner.py[pid:34096;line:116:_train_model] - INFO: [ Epoch 43 (valid) ]:  valid loglike is 1.8166956523286006, num_events is 17018, mark_ll is -1.4568779627407378, time_ll is 3.2735736150693384[0m
[38;20m2026-09-28 08:02:48,492 - tpp_runner.py[pid:34096;line:136:_train_model] - INFO: [ Epoch 43 (test) ]: test loglike is 2.5878658010743205, num_events is 33655, mark_ll is -1.4057788278174213, time_ll is 3.993644639773065[0m
[31;1m2026-09-28 08:02:48,492 - tpp_runner.py[pid:34096;line:140:_train_model] - CRITICAL: current best loglike on valid set is 1.8167 (updated at epoch-43), best updated at this epoch[0m
[38;20m2026-09-28 08:02:48,830 - tpp_runner.py[pid:34096;line:104:_train_model] - INFO: [ Epoch 44 (train) ]: train loglike is 2.101952205925431, num_events is 66675, mark_ll is -1.4190612110986127, time_ll is 3.5210132668963254[0m
[38;20m2026-09-28 08:02:48,866 - tpp_runner.py[pid:34096;line:116:_train_model] - INFO: [ Epoch 44 (valid) ]:  valid loglike is 1.8171103528249501, num_events is 17018, mark_ll is -1.4567881494616912, time_ll is 3.2738984951136296[0m
[38;20m2026-09-28 08:02:48,937 - tpp_runner.py[pid:34096;line:136:_train_model] - INFO: [ Epoch 44 (test) ]: test loglike is 2.5890464101498663, num_events is 33655, mark_ll is -1.4056911497409375, time_ll is 3.9947375598908037[0m
[31;1m2026-09-28 08:02:48,939 - tpp_runner.py[pid:34096;line:140:_train_model] - CRITICAL: current best loglike on valid set is 1.8171 (updated at epoch-44), best updated at this epoch[0m
[38;20m2026-09-28 08:02:49,160 - tpp_runner.py[pid:34096;line:104:_train_model] - INFO: [ Epoch 45 (train) ]: train loglike is 2.1040754512619517, num_events is 66675, mark_ll is -1.418661204947038, time_ll is 3.5227368136600115[0m
[38;20m2026-09-28 08:02:49,201 - tpp_runner.py[pid:34096;line:116:_train_model] - INFO: [ Epoch 45 (valid) ]:  valid loglike is 1.8175837787677938, num_events is 17018, mark_ll is -1.4567333261335424, time_ll is 3.274317040344231[0m
[38;20m2026-09-28 08:02:49,271 - tpp_runner.py[pid:34096;line:136:_train_model] - INFO: [ Epoch 45 (test) ]: test loglike is 2.5900421673042637, num_events is 33655, mark_ll is -1.4056977655855372, time_ll is 3.995740077974112[0m
[31;1m2026-09-28 08:02:49,271 - tpp_runner.py[pid:34096;line:140:_train_model] - CRITICAL: current best loglike on valid set is 1.8176 (updated at epoch-45), best updated at this epoch[0m
[38;20m2026-09-28 08:02:49,495 - tpp_runner.py[pid:34096;line:104:_train_model] - INFO: [ Epoch 46 (train) ]: train loglike is 2.106160296857424, num_events is 66675, mark_ll is -1.4182920482107706, time_ll is 3.524452363376453[0m
[38;20m2026-09-28 08:02:49,531 - tpp_runner.py[pid:34096;line:116:_train_model] - INFO: [ Epoch 46 (valid) ]:  valid loglike is 1.8181953067042065, num_events is 17018, mark_ll is -1.4567187218817943, time_ll is 3.274914021412989[0m
[38;20m2026-09-28 08:02:49,602 - tpp_runner.py[pid:34096;line:136:_train_model] - INFO: [ Epoch 46 (test) ]: test loglike is 2.5910488638157405, num_events is 33655, mark_ll is -1.4057136631989582, time_ll is 3.9967624435912197[0m
[31;1m2026-09-28 08:02:49,604 - tpp_runner.py[pid:34096;line:140:_train_model] - CRITICAL: current best loglike on valid set is 1.8182 (updated at epoch-46), best updated at this epoch[0m
[38;20m2026-09-28 08:02:49,821 - tpp_runner.py[pid:34096;line:104:_train_model] - INFO: [ Epoch 47 (train) ]: train loglike is 2.108129419613564, num_events is 66675, mark_ll is -1.4179655716863517, time_ll is 3.5260949949615674[0m
[38;20m2026-09-28 08:02:49,859 - tpp_runner.py[pid:34096;line:116:_train_model] - INFO: [ Epoch 47 (valid) ]:  valid loglike is 1.8189290842784112, num_events is 17018, mark_ll is -1.4567268560770215, time_ll is 3.275655882971339[0m
[38;20m2026-09-28 08:02:49,932 - tpp_runner.py[pid:34096;line:136:_train_model] - INFO: [ Epoch 47 (test) ]: test loglike is 2.5920734637312437, num_events is 33655, mark_ll is -1.4057345081873978, time_ll is 3.99780782683433[0m
[31;1m2026-09-28 08:02:49,932 - tpp_runner.py[pid:34096;line:140:_train_model] - CRITICAL: current best loglike on valid set is 1.8189 (updated at epoch-47), best updated at this epoch[0m
[38;20m2026-09-28 08:02:50,177 - tpp_runner.py[pid:34096;line:104:_train_model] - INFO: [ Epoch 48 (train) ]: train loglike is 2.1099461956903824, num_events is 66675, mark_ll is -1.417682046336005, time_ll is 3.527628260334646[0m
[38;20m2026-09-28 08:02:50,214 - tpp_runner.py[pid:34096;line:116:_train_model] - INFO: [ Epoch 48 (valid) ]:  valid loglike is 1.8196747260139081, num_events is 17018, mark_ll is -1.456734086472779, time_ll is 3.2764089344278853[0m
[38;20m2026-09-28 08:02:50,279 - tpp_runner.py[pid:34096;line:136:_train_model] - INFO: [ Epoch 48 (test) ]: test loglike is 2.5930448902466203, num_events is 33655, mark_ll is -1.4057245227596662, time_ll is 3.998769351345454[0m
[31;1m2026-09-28 08:02:50,279 - tpp_runner.py[pid:34096;line:140:_train_model] - CRITICAL: current best loglike on valid set is 1.8197 (updated at epoch-48), best updated at this epoch[0m
[38;20m2026-09-28 08:02:50,600 - tpp_runner.py[pid:34096;line:104:_train_model] - INFO: [ Epoch 49 (train) ]: train loglike is 2.1116011047935412, num_events is 66675, mark_ll is -1.4174055952966818, time_ll is 3.5290066524887513[0m
[38;20m2026-09-28 08:02:50,662 - tpp_runner.py[pid:34096;line:116:_train_model] - INFO: [ Epoch 49 (valid) ]:  valid loglike is 1.8203406971088516, num_events is 17018, mark_ll is -1.4567354349989716, time_ll is 3.277076139280835[0m
[38;20m2026-09-28 08:02:50,727 - tpp_runner.py[pid:34096;line:136:_train_model] - INFO: [ Epoch 49 (test) ]: test loglike is 2.5938944894657183, num_events is 33655, mark_ll is -1.4057071597947, time_ll is 3.9996017943447297[0m
[31;1m2026-09-28 08:02:50,727 - tpp_runner.py[pid:34096;line:140:_train_model] - CRITICAL: current best loglike on valid set is 1.8203 (updated at epoch-49), best updated at this epoch[0m
[38;20m2026-09-28 08:02:50,946 - tpp_runner.py[pid:34096;line:104:_train_model] - INFO: [ Epoch 50 (train) ]: train loglike is 2.11311251376781, num_events is 66675, mark_ll is -1.417131623195538, time_ll is 3.530244180903168[0m
[38;20m2026-09-28 08:02:50,978 - tpp_runner.py[pid:34096;line:116:_train_model] - INFO: [ Epoch 50 (valid) ]:  valid loglike is 1.8208684657880627, num_events is 17018, mark_ll is -1.4567085075131845, time_ll is 3.2775769733012474[0m
[38;20m2026-09-28 08:02:51,039 - tpp_runner.py[pid:34096;line:136:_train_model] - INFO: [ Epoch 50 (test) ]: test loglike is 2.594615522222274, num_events is 33655, mark_ll is -1.4057206598898753, time_ll is 4.0003361458410716[0m
[31;1m2026-09-28 08:02:51,039 - tpp_runner.py[pid:34096;line:140:_train_model] - CRITICAL: current best loglike on valid set is 1.8209 (updated at epoch-50), best updated at this epoch[0m
[38;20m2026-09-28 08:02:51,265 - tpp_runner.py[pid:34096;line:104:_train_model] - INFO: [ Epoch 51 (train) ]: train loglike is 2.1145210889166197, num_events is 66675, mark_ll is -1.4168541505553993, time_ll is 3.531375316366704[0m
[38;20m2026-09-28 08:02:51,303 - tpp_runner.py[pid:34096;line:116:_train_model] - INFO: [ Epoch 51 (valid) ]:  valid loglike is 1.8212557079957619, num_events is 17018, mark_ll is -1.4566698306342916, time_ll is 3.2779255386300536[0m
[38;20m2026-09-28 08:02:51,396 - tpp_runner.py[pid:34096;line:136:_train_model] - INFO: [ Epoch 51 (test) ]: test loglike is 2.5952457104372493, num_events is 33655, mark_ll is -1.4057762162998162, time_ll is 4.001022075448485[0m
[31;1m2026-09-28 08:02:51,396 - tpp_runner.py[pid:34096;line:140:_train_model] - CRITICAL: current best loglike on valid set is 1.8213 (updated at epoch-51), best updated at this epoch[0m
[38;20m2026-09-28 08:02:51,618 - tpp_runner.py[pid:34096;line:104:_train_model] - INFO: [ Epoch 52 (train) ]: train loglike is 2.1158645745453692, num_events is 66675, mark_ll is -1.4165893838465504, time_ll is 3.532454009655043[0m
[38;20m2026-09-28 08:02:51,655 - tpp_runner.py[pid:34096;line:116:_train_model] - INFO: [ Epoch 52 (valid) ]:  valid loglike is 1.8216521746964611, num_events is 17018, mark_ll is -1.456629547000786, time_ll is 3.278281721697247[0m
[38;20m2026-09-28 08:02:51,728 - tpp_runner.py[pid:34096;line:136:_train_model] - INFO: [ Epoch 52 (test) ]: test loglike is 2.5958925398227417, num_events is 33655, mark_ll is -1.4058729041120377, time_ll is 4.00176532786733[0m
[31;1m2026-09-28 08:02:51,728 - tpp_runner.py[pid:34096;line:140:_train_model] - CRITICAL: current best loglike on valid set is 1.8217 (updated at epoch-52), best updated at this epoch[0m
[38;20m2026-09-28 08:02:51,954 - tpp_runner.py[pid:34096;line:104:_train_model] - INFO: [ Epoch 53 (train) ]: train loglike is 2.1172037797033183, num_events is 66675, mark_ll is -1.4163545328318334, time_ll is 3.5335582612720287[0m
[38;20m2026-09-28 08:02:51,993 - tpp_runner.py[pid:34096;line:116:_train_model] - INFO: [ Epoch 53 (valid) ]:  valid loglike is 1.8222049987054147, num_events is 17018, mark_ll is -1.4565829080789459, time_ll is 3.278787964168454[0m
[38;20m2026-09-28 08:02:52,071 - tpp_runner.py[pid:34096;line:136:_train_model] - INFO: [ Epoch 53 (test) ]: test loglike is 2.5967141595323873, num_events is 33655, mark_ll is -1.4059381521539798, time_ll is 4.0026524023640615[0m
[31;1m2026-09-28 08:02:52,071 - tpp_runner.py[pid:34096;line:140:_train_model] - CRITICAL: current best loglike on valid set is 1.8222 (updated at epoch-53), best updated at this epoch[0m
[38;20m2026-09-28 08:02:52,340 - tpp_runner.py[pid:34096;line:104:_train_model] - INFO: [ Epoch 54 (train) ]: train loglike is 2.118570505835208, num_events is 66675, mark_ll is -1.416166507018654, time_ll is 3.5347371300267154[0m
[38;20m2026-09-28 08:02:52,383 - tpp_runner.py[pid:34096;line:116:_train_model] - INFO: [ Epoch 54 (valid) ]:  valid loglike is 1.8229654311909633, num_events is 17018, mark_ll is -1.4564982378492626, time_ll is 3.2794635470990277[0m
[38;20m2026-09-28 08:02:52,460 - tpp_runner.py[pid:34096;line:136:_train_model] - INFO: [ Epoch 54 (test) ]: test loglike is 2.597850024606299, num_events is 33655, mark_ll is -1.40592411887396, time_ll is 4.003774114463397[0m
[31;1m2026-09-28 08:02:52,460 - tpp_runner.py[pid:34096;line:140:_train_model] - CRITICAL: current best loglike on valid set is 1.8230 (updated at epoch-54), best updated at this epoch[0m
[38;20m2026-09-28 08:02:52,875 - tpp_runner.py[pid:34096;line:104:_train_model] - INFO: [ Epoch 55 (train) ]: train loglike is 2.1200038630425104, num_events is 66675, mark_ll is -1.4160082650801462, time_ll is 3.5360120805211848[0m
[38;20m2026-09-28 08:02:52,918 - tpp_runner.py[pid:34096;line:116:_train_model] - INFO: [ Epoch 55 (valid) ]:  valid loglike is 1.823902664068009, num_events is 17018, mark_ll is -1.4563670147738792, time_ll is 3.2802696214577947[0m
[38;20m2026-09-28 08:02:52,998 - tpp_runner.py[pid:34096;line:136:_train_model] - INFO: [ Epoch 55 (test) ]: test loglike is 2.599232997279379, num_events is 33655, mark_ll is -1.4058113303302815, time_ll is 4.005044407406031[0m
[31;1m2026-09-28 08:02:53,000 - tpp_runner.py[pid:34096;line:140:_train_model] - CRITICAL: current best loglike on valid set is 1.8239 (updated at epoch-55), best updated at this epoch[0m
[38;20m2026-09-28 08:02:53,281 - tpp_runner.py[pid:34096;line:104:_train_model] - INFO: [ Epoch 56 (train) ]: train loglike is 2.1214831886248593, num_events is 66675, mark_ll is -1.415846771594957, time_ll is 3.537329894310086[0m
[38;20m2026-09-28 08:02:53,330 - tpp_runner.py[pid:34096;line:116:_train_model] - INFO: [ Epoch 56 (valid) ]:  valid loglike is 1.8248656695759637, num_events is 17018, mark_ll is -1.4562277435794087, time_ll is 3.2810934705394654[0m
[38;20m2026-09-28 08:02:53,419 - tpp_runner.py[pid:34096;line:136:_train_model] - INFO: [ Epoch 56 (test) ]: test loglike is 2.6006369636523177, num_events is 33655, mark_ll is -1.4056104175758617, time_ll is 4.006247562583568[0m
[31;1m2026-09-28 08:02:53,419 - tpp_runner.py[pid:34096;line:140:_train_model] - CRITICAL: current best loglike on valid set is 1.8249 (updated at epoch-56), best updated at this epoch[0m
[38;20m2026-09-28 08:02:53,676 - tpp_runner.py[pid:34096;line:104:_train_model] - INFO: [ Epoch 57 (train) ]: train loglike is 2.122906831470285, num_events is 66675, mark_ll is -1.4156764095894263, time_ll is 3.538583233736408[0m
[38;20m2026-09-28 08:02:53,728 - tpp_runner.py[pid:34096;line:116:_train_model] - INFO: [ Epoch 57 (valid) ]:  valid loglike is 1.8256954292192458, num_events is 17018, mark_ll is -1.456114696915582, time_ll is 3.281810126134828[0m
[38;20m2026-09-28 08:02:53,812 - tpp_runner.py[pid:34096;line:136:_train_model] - INFO: [ Epoch 57 (test) ]: test loglike is 2.601857412879773, num_events is 33655, mark_ll is -1.4053668572881073, time_ll is 4.007224444269053[0m
[31;1m2026-09-28 08:02:53,812 - tpp_runner.py[pid:34096;line:140:_train_model] - CRITICAL: current best loglike on valid set is 1.8257 (updated at epoch-57), best updated at this epoch[0m
[38;20m2026-09-28 08:02:54,075 - tpp_runner.py[pid:34096;line:104:_train_model] - INFO: [ Epoch 58 (train) ]: train loglike is 2.1241886036218127, num_events is 66675, mark_ll is -1.4154979663186633, time_ll is 3.5396866065569927[0m
[38;20m2026-09-28 08:02:54,124 - tpp_runner.py[pid:34096;line:116:_train_model] - INFO: [ Epoch 58 (valid) ]:  valid loglike is 1.8263415525909148, num_events is 17018, mark_ll is -1.4560321498973514, time_ll is 3.2823736953152545[0m
[38;20m2026-09-28 08:02:54,210 - tpp_runner.py[pid:34096;line:136:_train_model] - INFO: [ Epoch 58 (test) ]: test loglike is 2.6028479397447444, num_events is 33655, mark_ll is -1.405121929580718, time_ll is 4.007970018036882[0m
[31;1m2026-09-28 08:02:54,210 - tpp_runner.py[pid:34096;line:140:_train_model] - CRITICAL: current best loglike on valid set is 1.8263 (updated at epoch-58), best updated at this epoch[0m
[38;20m2026-09-28 08:02:54,487 - tpp_runner.py[pid:34096;line:104:_train_model] - INFO: [ Epoch 59 (train) ]: train loglike is 2.125308003491751, num_events is 66675, mark_ll is -1.4153121411581364, time_ll is 3.5406201592964943[0m
[38;20m2026-09-28 08:02:54,531 - tpp_runner.py[pid:34096;line:116:_train_model] - INFO: [ Epoch 59 (valid) ]:  valid loglike is 1.826808666283494, num_events is 17018, mark_ll is -1.4559669400483128, time_ll is 3.2827756708889115[0m
[38;20m2026-09-28 08:02:54,599 - tpp_runner.py[pid:34096;line:136:_train_model] - INFO: [ Epoch 59 (test) ]: test loglike is 2.603711742717928, num_events is 33655, mark_ll is -1.4049126309530995, time_ll is 4.008624522382447[0m
[31;1m2026-09-28 08:02:54,599 - tpp_runner.py[pid:34096;line:140:_train_model] - CRITICAL: current best loglike on valid set is 1.8268 (updated at epoch-59), best updated at this epoch[0m
[38;20m2026-09-28 08:02:55,131 - tpp_runner.py[pid:34096;line:104:_train_model] - INFO: [ Epoch 60 (train) ]: train loglike is 2.126372456616751, num_events is 66675, mark_ll is -1.415124247164417, time_ll is 3.5414967513826396[0m
[38;20m2026-09-28 08:02:55,176 - tpp_runner.py[pid:34096;line:116:_train_model] - INFO: [ Epoch 60 (valid) ]:  valid loglike is 1.8271201973530784, num_events is 17018, mark_ll is -1.455922582144182, time_ll is 3.283042722113167[0m
[38;20m2026-09-28 08:02:55,256 - tpp_runner.py[pid:34096;line:136:_train_model] - INFO: [ Epoch 60 (test) ]: test loglike is 2.604530845214771, num_events is 33655, mark_ll is -1.4047657584775666, time_ll is 4.00929656742126[0m
[31;1m2026-09-28 08:02:55,256 - tpp_runner.py[pid:34096;line:140:_train_model] - CRITICAL: current best loglike on valid set is 1.8271 (updated at epoch-60), best updated at this epoch[0m
[38;20m2026-09-28 08:02:55,499 - tpp_runner.py[pid:34096;line:104:_train_model] - INFO: [ Epoch 61 (train) ]: train loglike is 2.127580475780371, num_events is 66675, mark_ll is -1.414922859984299, time_ll is 3.542503317456412[0m
[38;20m2026-09-28 08:02:55,537 - tpp_runner.py[pid:34096;line:116:_train_model] - INFO: [ Epoch 61 (valid) ]:  valid loglike is 1.8273878008992317, num_events is 17018, mark_ll is -1.4559197774966213, time_ll is 3.2833074636276662[0m
[38;20m2026-09-28 08:02:55,606 - tpp_runner.py[pid:34096;line:136:_train_model] - INFO: [ Epoch 61 (test) ]: test loglike is 2.6053367958187863, num_events is 33655, mark_ll is -1.4046845765511253, time_ll is 4.010021234539816[0m
[31;1m2026-09-28 08:02:55,606 - tpp_runner.py[pid:34096;line:140:_train_model] - CRITICAL: current best loglike on valid set is 1.8274 (updated at epoch-61), best updated at this epoch[0m
[38;20m2026-09-28 08:02:55,829 - tpp_runner.py[pid:34096;line:104:_train_model] - INFO: [ Epoch 62 (train) ]: train loglike is 2.128911032117079, num_events is 66675, mark_ll is -1.4146977599479753, time_ll is 3.543608674892201[0m
[38;20m2026-09-28 08:02:55,864 - tpp_runner.py[pid:34096;line:116:_train_model] - INFO: [ Epoch 62 (valid) ]:  valid loglike is 1.8277124944452197, num_events is 17018, mark_ll is -1.4559487134256743, time_ll is 3.2836611504868007[0m
[38;20m2026-09-28 08:02:55,931 - tpp_runner.py[pid:34096;line:136:_train_model] - INFO: [ Epoch 62 (test) ]: test loglike is 2.6062326769332196, num_events is 33655, mark_ll is -1.4046519180726305, time_ll is 4.010884544226341[0m
[31;1m2026-09-28 08:02:55,931 - tpp_runner.py[pid:34096;line:140:_train_model] - CRITICAL: current best loglike on valid set is 1.8277 (updated at epoch-62), best updated at this epoch[0m
[38;20m2026-09-28 08:02:56,157 - tpp_runner.py[pid:34096;line:104:_train_model] - INFO: [ Epoch 63 (train) ]: train loglike is 2.1301458948490812, num_events is 66675, mark_ll is -1.4144890677727784, time_ll is 3.544634933328646[0m
[38;20m2026-09-28 08:02:56,188 - tpp_runner.py[pid:34096;line:116:_train_model] - INFO: [ Epoch 63 (valid) ]:  valid loglike is 1.8278983758694838, num_events is 17018, mark_ll is -1.4559855396675578, time_ll is 3.2838837864228316[0m
[38;20m2026-09-28 08:02:56,263 - tpp_runner.py[pid:34096;line:136:_train_model] - INFO: [ Epoch 63 (test) ]: test loglike is 2.607057633582027, num_events is 33655, mark_ll is -1.404675026376328, time_ll is 4.011732779652912[0m
[31;1m2026-09-28 08:02:56,263 - tpp_runner.py[pid:34096;line:140:_train_model] - CRITICAL: current best loglike on valid set is 1.8279 (updated at epoch-63), best updated at this epoch[0m
[38;20m2026-09-28 08:02:56,509 - tpp_runner.py[pid:34096;line:104:_train_model] - INFO: [ Epoch 64 (train) ]: train loglike is 2.1311785794842053, num_events is 66675, mark_ll is -1.4143201557813085, time_ll is 3.5454987608970754[0m
[38;20m2026-09-28 08:02:56,547 - tpp_runner.py[pid:34096;line:116:_train_model] - INFO: [ Epoch 64 (valid) ]:  valid loglike is 1.82799353304222, num_events is 17018, mark_ll is -1.4559999574210027, time_ll is 3.2839934330791296[0m
[38;20m2026-09-28 08:02:56,623 - tpp_runner.py[pid:34096;line:136:_train_model] - INFO: [ Epoch 64 (test) ]: test loglike is 2.607652152819046, num_events is 33655, mark_ll is -1.4047346669096346, time_ll is 4.012386674644369[0m
[31;1m2026-09-28 08:02:56,623 - tpp_runner.py[pid:34096;line:140:_train_model] - CRITICAL: current best loglike on valid set is 1.8280 (updated at epoch-64), best updated at this epoch[0m
[38;20m2026-09-28 08:02:56,859 - tpp_runner.py[pid:34096;line:104:_train_model] - INFO: [ Epoch 65 (train) ]: train loglike is 2.1320773575178102, num_events is 66675, mark_ll is -1.4141899108314586, time_ll is 3.546267246379359[0m
[38;20m2026-09-28 08:02:56,895 - tpp_runner.py[pid:34096;line:116:_train_model] - INFO: [ Epoch 65 (valid) ]:  valid loglike is 1.8285530279520215, num_events is 17018, mark_ll is -1.4559651970064784, time_ll is 3.2845182249584997[0m
[38;20m2026-09-28 08:02:56,967 - tpp_runner.py[pid:34096;line:136:_train_model] - INFO: [ Epoch 65 (test) ]: test loglike is 2.6084594672155883, num_events is 33655, mark_ll is -1.4047276883542563, time_ll is 4.013187206349354[0m
[31;1m2026-09-28 08:02:56,967 - tpp_runner.py[pid:34096;line:140:_train_model] - CRITICAL: current best loglike on valid set is 1.8286 (updated at epoch-65), best updated at this epoch[0m
[38;20m2026-09-28 08:02:57,201 - tpp_runner.py[pid:34096;line:104:_train_model] - INFO: [ Epoch 66 (train) ]: train loglike is 2.1330166224339147, num_events is 66675, mark_ll is -1.414117615180915, time_ll is 3.5471342815546496[0m
[38;20m2026-09-28 08:02:57,232 - tpp_runner.py[pid:34096;line:116:_train_model] - INFO: [ Epoch 66 (valid) ]:  valid loglike is 1.8292477915157848, num_events is 17018, mark_ll is -1.4559093909757317, time_ll is 3.2851571968375395[0m
[38;20m2026-09-28 08:02:57,311 - tpp_runner.py[pid:34096;line:136:_train_model] - INFO: [ Epoch 66 (test) ]: test loglike is 2.6094396205522954, num_events is 33655, mark_ll is -1.4045824952296277, time_ll is 4.014021977951828[0m
[31;1m2026-09-28 08:02:57,311 - tpp_runner.py[pid:34096;line:140:_train_model] - CRITICAL: current best loglike on valid set is 1.8292 (updated at epoch-66), best updated at this epoch[0m
[38;20m2026-09-28 08:02:57,537 - tpp_runner.py[pid:34096;line:104:_train_model] - INFO: [ Epoch 67 (train) ]: train loglike is 2.133991712949944, num_events is 66675, mark_ll is -1.4140101164112298, time_ll is 3.548001770774747[0m
[38;20m2026-09-28 08:02:57,575 - tpp_runner.py[pid:34096;line:116:_train_model] - INFO: [ Epoch 67 (valid) ]:  valid loglike is 1.8297444436703967, num_events is 17018, mark_ll is -1.455861138126267, time_ll is 3.285605510066547[0m
[38;20m2026-09-28 08:02:57,645 - tpp_runner.py[pid:34096;line:136:_train_model] - INFO: [ Epoch 67 (test) ]: test loglike is 2.610161893779713, num_events is 33655, mark_ll is -1.4043875381861908, time_ll is 4.014549511762275[0m
[31;1m2026-09-28 08:02:57,645 - tpp_runner.py[pid:34096;line:140:_train_model] - CRITICAL: current best loglike on valid set is 1.8297 (updated at epoch-67), best updated at this epoch[0m
[38;20m2026-09-28 08:02:57,866 - tpp_runner.py[pid:34096;line:104:_train_model] - INFO: [ Epoch 68 (train) ]: train loglike is 2.134872208356768, num_events is 66675, mark_ll is -1.4138505452931664, time_ll is 3.548722728018373[0m
[38;20m2026-09-28 08:02:57,901 - tpp_runner.py[pid:34096;line:116:_train_model] - INFO: [ Epoch 68 (valid) ]:  valid loglike is 1.8300812882981439, num_events is 17018, mark_ll is -1.4558367857516674, time_ll is 3.2859180668767998[0m
[38;20m2026-09-28 08:02:57,972 - tpp_runner.py[pid:34096;line:136:_train_model] - INFO: [ Epoch 68 (test) ]: test loglike is 2.6108281644629328, num_events is 33655, mark_ll is -1.404314361286631, time_ll is 4.015142623681474[0m
[31;1m2026-09-28 08:02:57,972 - tpp_runner.py[pid:34096;line:140:_train_model] - CRITICAL: current best loglike on valid set is 1.8301 (updated at epoch-68), best updated at this epoch[0m
[38;20m2026-09-28 08:02:58,197 - tpp_runner.py[pid:34096;line:104:_train_model] - INFO: [ Epoch 69 (train) ]: train loglike is 2.1357198221316085, num_events is 66675, mark_ll is -1.413701812664042, time_ll is 3.5494216347956504[0m
[38;20m2026-09-28 08:02:58,233 - tpp_runner.py[pid:34096;line:116:_train_model] - INFO: [ Epoch 69 (valid) ]:  valid loglike is 1.830216851045584, num_events is 17018, mark_ll is -1.4558753048243036, time_ll is 3.2860921558698877[0m
[38;20m2026-09-28 08:02:58,306 - tpp_runner.py[pid:34096;line:136:_train_model] - INFO: [ Epoch 69 (test) ]: test loglike is 2.6114116645465013, num_events is 33655, mark_ll is -1.4043637806301998, time_ll is 4.015775350871898[0m
[31;1m2026-09-28 08:02:58,306 - tpp_runner.py[pid:34096;line:140:_train_model] - CRITICAL: current best loglike on valid set is 1.8302 (updated at epoch-69), best updated at this epoch[0m
[38;20m2026-09-28 08:02:58,532 - tpp_runner.py[pid:34096;line:104:_train_model] - INFO: [ Epoch 70 (train) ]: train loglike is 2.1365129468679696, num_events is 66675, mark_ll is -1.4135918129862672, time_ll is 3.5501047452076304[0m
[38;20m2026-09-28 08:02:58,567 - tpp_runner.py[pid:34096;line:116:_train_model] - INFO: [ Epoch 70 (valid) ]:  valid loglike is 1.8304783790508579, num_events is 17018, mark_ll is -1.4559238732862814, time_ll is 3.286402116049918[0m
[38;20m2026-09-28 08:02:58,633 - tpp_runner.py[pid:34096;line:136:_train_model] - INFO: [ Epoch 70 (test) ]: test loglike is 2.612005088396969, num_events is 33655, mark_ll is -1.404401241399402, time_ll is 4.016406409592743[0m
[31;1m2026-09-28 08:02:58,633 - tpp_runner.py[pid:34096;line:140:_train_model] - CRITICAL: current best loglike on valid set is 1.8305 (updated at epoch-70), best updated at this epoch[0m
[38;20m2026-09-28 08:02:58,878 - tpp_runner.py[pid:34096;line:104:_train_model] - INFO: [ Epoch 71 (train) ]: train loglike is 2.13723312417979, num_events is 66675, mark_ll is -1.4135143617301744, time_ll is 3.5507475335114362[0m
[38;20m2026-09-28 08:02:58,916 - tpp_runner.py[pid:34096;line:116:_train_model] - INFO: [ Epoch 71 (valid) ]:  valid loglike is 1.8308305021934497, num_events is 17018, mark_ll is -1.455942587673713, time_ll is 3.2867729894449993[0m
[38;20m2026-09-28 08:02:58,989 - tpp_runner.py[pid:34096;line:136:_train_model] - INFO: [ Epoch 71 (test) ]: test loglike is 2.6125743992348833, num_events is 33655, mark_ll is -1.404388680725143, time_ll is 4.016963112603997[0m
[31;1m2026-09-28 08:02:58,989 - tpp_runner.py[pid:34096;line:140:_train_model] - CRITICAL: current best loglike on valid set is 1.8308 (updated at epoch-71), best updated at this epoch[0m
[38;20m2026-09-28 08:02:59,316 - tpp_runner.py[pid:34096;line:104:_train_model] - INFO: [ Epoch 72 (train) ]: train loglike is 2.1379454875269497, num_events is 66675, mark_ll is -1.4134279723823584, time_ll is 3.5513735148340833[0m
[38;20m2026-09-28 08:02:59,350 - tpp_runner.py[pid:34096;line:116:_train_model] - INFO: [ Epoch 72 (valid) ]:  valid loglike is 1.8310644571418866, num_events is 17018, mark_ll is -1.4559482041418461, time_ll is 3.287012611072651[0m
[38;20m2026-09-28 08:02:59,425 - tpp_runner.py[pid:34096;line:136:_train_model] - INFO: [ Epoch 72 (test) ]: test loglike is 2.6130622234693024, num_events is 33655, mark_ll is -1.4043538060837915, time_ll is 4.017416080332603[0m
[31;1m2026-09-28 08:02:59,425 - tpp_runner.py[pid:34096;line:140:_train_model] - CRITICAL: current best loglike on valid set is 1.8311 (updated at epoch-72), best updated at this epoch[0m
[38;20m2026-09-28 08:02:59,646 - tpp_runner.py[pid:34096;line:104:_train_model] - INFO: [ Epoch 73 (train) ]: train loglike is 2.138621102537964, num_events is 66675, mark_ll is -1.4133200268911699, time_ll is 3.5519410928126174[0m
[38;20m2026-09-28 08:02:59,685 - tpp_runner.py[pid:34096;line:116:_train_model] - INFO: [ Epoch 73 (valid) ]:  valid loglike is 1.8312423550041683, num_events is 17018, mark_ll is -1.4559566037385048, time_ll is 3.2871988941855683[0m
[38;20m2026-09-28 08:02:59,765 - tpp_runner.py[pid:34096;line:136:_train_model] - INFO: [ Epoch 73 (test) ]: test loglike is 2.613510758872196, num_events is 33655, mark_ll is -1.404355670417193, time_ll is 4.017866748474874[0m
[31;1m2026-09-28 08:02:59,765 - tpp_runner.py[pid:34096;line:140:_train_model] - CRITICAL: current best loglike on valid set is 1.8312 (updated at epoch-73), best updated at this epoch[0m
[38;20m2026-09-28 08:02:59,974 - tpp_runner.py[pid:34096;line:104:_train_model] - INFO: [ Epoch 74 (train) ]: train loglike is 2.1392368422208943, num_events is 66675, mark_ll is -1.413230455568054, time_ll is 3.5524674039768467[0m
[38;20m2026-09-28 08:03:00,019 - tpp_runner.py[pid:34096;line:116:_train_model] - INFO: [ Epoch 74 (valid) ]:  valid loglike is 1.8314261777740848, num_events is 17018, mark_ll is -1.455985281439138, time_ll is 3.287411473559246[0m
[38;20m2026-09-28 08:03:00,084 - tpp_runner.py[pid:34096;line:136:_train_model] - INFO: [ Epoch 74 (test) ]: test loglike is 2.613909914829706, num_events is 33655, mark_ll is -1.4043876216096698, time_ll is 4.018297641625502[0m
[31;1m2026-09-28 08:03:00,084 - tpp_runner.py[pid:34096;line:140:_train_model] - CRITICAL: current best loglike on valid set is 1.8314 (updated at epoch-74), best updated at this epoch[0m
[38;20m2026-09-28 08:03:00,303 - tpp_runner.py[pid:34096;line:104:_train_model] - INFO: [ Epoch 75 (train) ]: train loglike is 2.1398190192046305, num_events is 66675, mark_ll is -1.4131544872808868, time_ll is 3.5529734955005625[0m
[38;20m2026-09-28 08:03:00,337 - tpp_runner.py[pid:34096;line:116:_train_model] - INFO: [ Epoch 75 (valid) ]:  valid loglike is 1.8316159326246475, num_events is 17018, mark_ll is -1.4560214621099719, time_ll is 3.2876376242709924[0m
[38;20m2026-09-28 08:03:00,407 - tpp_runner.py[pid:34096;line:136:_train_model] - INFO: [ Epoch 75 (test) ]: test loglike is 2.614262194046204, num_events is 33655, mark_ll is -1.4044059167413367, time_ll is 4.018667983838768[0m
[31;1m2026-09-28 08:03:00,407 - tpp_runner.py[pid:34096;line:140:_train_model] - CRITICAL: current best loglike on valid set is 1.8316 (updated at epoch-75), best updated at this epoch[0m
[38;20m2026-09-28 08:03:00,605 - tpp_runner.py[pid:34096;line:104:_train_model] - INFO: [ Epoch 76 (train) ]: train loglike is 2.14036440025075, num_events is 66675, mark_ll is -1.413076900543682, time_ll is 3.553441154328365[0m
[38;20m2026-09-28 08:03:00,653 - tpp_runner.py[pid:34096;line:116:_train_model] - INFO: [ Epoch 76 (valid) ]:  valid loglike is 1.8317241877166823, num_events is 17018, mark_ll is -1.4560495659696717, time_ll is 3.2877738110704473[0m
[38;20m2026-09-28 08:03:00,717 - tpp_runner.py[pid:34096;line:136:_train_model] - INFO: [ Epoch 76 (test) ]: test loglike is 2.614570679563308, num_events is 33655, mark_ll is -1.4044234247906142, time_ll is 4.018994075337059[0m
[31;1m2026-09-28 08:03:00,717 - tpp_runner.py[pid:34096;line:140:_train_model] - CRITICAL: current best loglike on valid set is 1.8317 (updated at epoch-76), best updated at this epoch[0m
[38;20m2026-09-28 08:03:00,936 - tpp_runner.py[pid:34096;line:104:_train_model] - INFO: [ Epoch 77 (train) ]: train loglike is 2.1408670791151105, num_events is 66675, mark_ll is -1.4130027704056525, time_ll is 3.5538698312125048[0m
[38;20m2026-09-28 08:03:00,992 - tpp_runner.py[pid:34096;line:116:_train_model] - INFO: [ Epoch 77 (valid) ]:  valid loglike is 1.8318664859220752, num_events is 17018, mark_ll is -1.4560633955361602, time_ll is 3.287929981880399[0m
[38;20m2026-09-28 08:03:01,089 - tpp_runner.py[pid:34096;line:136:_train_model] - INFO: [ Epoch 77 (test) ]: test loglike is 2.614872955471884, num_events is 33655, mark_ll is -1.4044307080230463, time_ll is 4.019303844850319[0m
[31;1m2026-09-28 08:03:01,090 - tpp_runner.py[pid:34096;line:140:_train_model] - CRITICAL: current best loglike on valid set is 1.8319 (updated at epoch-77), best updated at this epoch[0m
[38;20m2026-09-28 08:03:01,350 - tpp_runner.py[pid:34096;line:104:_train_model] - INFO: [ Epoch 78 (train) ]: train loglike is 2.1413313252835584, num_events is 66675, mark_ll is -1.4129398705532903, time_ll is 3.5542712507616234[0m
[38;20m2026-09-28 08:03:01,390 - tpp_runner.py[pid:34096;line:116:_train_model] - INFO: [ Epoch 78 (valid) ]:  valid loglike is 1.8319759102150113, num_events is 17018, mark_ll is -1.4560846635157443, time_ll is 3.288060631114849[0m
[38;20m2026-09-28 08:03:01,470 - tpp_runner.py[pid:34096;line:136:_train_model] - INFO: [ Epoch 78 (test) ]: test loglike is 2.6151235378403097, num_events is 33655, mark_ll is -1.4044469756014615, time_ll is 4.019570451780939[0m
[31;1m2026-09-28 08:03:01,470 - tpp_runner.py[pid:34096;line:140:_train_model] - CRITICAL: current best loglike on valid set is 1.8320 (updated at epoch-78), best updated at this epoch[0m
[38;20m2026-09-28 08:03:01,743 - tpp_runner.py[pid:34096;line:104:_train_model] - INFO: [ Epoch 79 (train) ]: train loglike is 2.141768672958849, num_events is 66675, mark_ll is -1.4128737740790214, time_ll is 3.554642549564117[0m
[38;20m2026-09-28 08:03:01,791 - tpp_runner.py[pid:34096;line:116:_train_model] - INFO: [ Epoch 79 (valid) ]:  valid loglike is 1.8320622732754472, num_events is 17018, mark_ll is -1.4561082627241193, time_ll is 3.28817037819331[0m
[38;20m2026-09-28 08:03:01,870 - tpp_runner.py[pid:34096;line:136:_train_model] - INFO: [ Epoch 79 (test) ]: test loglike is 2.615353315118482, num_events is 33655, mark_ll is -1.4044658401890506, time_ll is 4.019819148053316[0m
[31;1m2026-09-28 08:03:01,870 - tpp_runner.py[pid:34096;line:140:_train_model] - CRITICAL: current best loglike on valid set is 1.8321 (updated at epoch-79), best updated at this epoch[0m
[38;20m2026-09-28 08:03:02,249 - tpp_runner.py[pid:34096;line:104:_train_model] - INFO: [ Epoch 80 (train) ]: train loglike is 2.142163739542323, num_events is 66675, mark_ll is -1.4128164362755438, time_ll is 3.554980102584833[0m
[38;20m2026-09-28 08:03:02,288 - tpp_runner.py[pid:34096;line:116:_train_model] - INFO: [ Epoch 80 (valid) ]:  valid loglike is 1.832155049008311, num_events is 17018, mark_ll is -1.4561247678239584, time_ll is 3.2882800105035845[0m
[38;20m2026-09-28 08:03:02,367 - tpp_runner.py[pid:34096;line:136:_train_model] - INFO: [ Epoch 80 (test) ]: test loglike is 2.615561859307681, num_events is 33655, mark_ll is -1.4044728114902132, time_ll is 4.020034757848481[0m
[31;1m2026-09-28 08:03:02,367 - tpp_runner.py[pid:34096;line:140:_train_model] - CRITICAL: current best loglike on valid set is 1.8322 (updated at epoch-80), best updated at this epoch[0m
[38;20m2026-09-28 08:03:02,620 - tpp_runner.py[pid:34096;line:104:_train_model] - INFO: [ Epoch 81 (train) ]: train loglike is 2.142526459094957, num_events is 66675, mark_ll is -1.4127630274243064, time_ll is 3.5552894901809147[0m
[38;20m2026-09-28 08:03:02,671 - tpp_runner.py[pid:34096;line:116:_train_model] - INFO: [ Epoch 81 (valid) ]:  valid loglike is 1.832216385431051, num_events is 17018, mark_ll is -1.4561430876957486, time_ll is 3.2883594731267998[0m
[38;20m2026-09-28 08:03:02,747 - tpp_runner.py[pid:34096;line:136:_train_model] - INFO: [ Epoch 81 (test) ]: test loglike is 2.6157352568224446, num_events is 33655, mark_ll is -1.404489996726898, time_ll is 4.020225217278265[0m
[31;1m2026-09-28 08:03:02,747 - tpp_runner.py[pid:34096;line:140:_train_model] - CRITICAL: current best loglike on valid set is 1.8322 (updated at epoch-81), best updated at this epoch[0m
[38;20m2026-09-28 08:03:03,026 - tpp_runner.py[pid:34096;line:104:_train_model] - INFO: [ Epoch 82 (train) ]: train loglike is 2.1428602625843642, num_events is 66675, mark_ll is -1.4127130934805023, time_ll is 3.5555734732377204[0m
[38;20m2026-09-28 08:03:03,068 - tpp_runner.py[pid:34096;line:116:_train_model] - INFO: [ Epoch 82 (valid) ]:  valid loglike is 1.832280770383748, num_events is 17018, mark_ll is -1.4561571396255986, time_ll is 3.2884378454522416[0m
[38;20m2026-09-28 08:03:03,157 - tpp_runner.py[pid:34096;line:136:_train_model] - INFO: [ Epoch 82 (test) ]: test loglike is 2.6158970258296503, num_events is 33655, mark_ll is -1.4044982810410787, time_ll is 4.0203953068707285[0m
[31;1m2026-09-28 08:03:03,157 - tpp_runner.py[pid:34096;line:140:_train_model] - CRITICAL: current best loglike on valid set is 1.8323 (updated at epoch-82), best updated at this epoch[0m
[38;20m2026-09-28 08:03:03,420 - tpp_runner.py[pid:34096;line:104:_train_model] - INFO: [ Epoch 83 (train) ]: train loglike is 2.1431624257417043, num_events is 66675, mark_ll is -1.4126666381057837, time_ll is 3.555829093140701[0m
[38;20m2026-09-28 08:03:03,454 - tpp_runner.py[pid:34096;line:116:_train_model] - INFO: [ Epoch 83 (valid) ]:  valid loglike is 1.832329848129554, num_events is 17018, mark_ll is -1.4561707683477605, time_ll is 3.288500566266233[0m
[38;20m2026-09-28 08:03:03,568 - tpp_runner.py[pid:34096;line:136:_train_model] - INFO: [ Epoch 83 (test) ]: test loglike is 2.6160357119229127, num_events is 33655, mark_ll is -1.4045080814863133, time_ll is 4.020543909476675[0m
[31;1m2026-09-28 08:03:03,568 - tpp_runner.py[pid:34096;line:140:_train_model] - CRITICAL: current best loglike on valid set is 1.8323 (updated at epoch-83), best updated at this epoch[0m
[38;20m2026-09-28 08:03:03,843 - tpp_runner.py[pid:34096;line:104:_train_model] - INFO: [ Epoch 84 (train) ]: train loglike is 2.1434346072951818, num_events is 66675, mark_ll is -1.4126246645927072, time_ll is 3.556059308504406[0m
[38;20m2026-09-28 08:03:03,915 - tpp_runner.py[pid:34096;line:116:_train_model] - INFO: [ Epoch 84 (valid) ]:  valid loglike is 1.8323705621437596, num_events is 17018, mark_ll is -1.4561825536059245, time_ll is 3.2885531300957074[0m
[38;20m2026-09-28 08:03:04,063 - tpp_runner.py[pid:34096;line:136:_train_model] - INFO: [ Epoch 84 (test) ]: test loglike is 2.616157793116736, num_events is 33655, mark_ll is -1.404515437260901, time_ll is 4.020673121564403[0m
[31;1m2026-09-28 08:03:04,065 - tpp_runner.py[pid:34096;line:140:_train_model] - CRITICAL: current best loglike on valid set is 1.8324 (updated at epoch-84), best updated at this epoch[0m
[38;20m2026-09-28 08:03:04,695 - tpp_runner.py[pid:34096;line:104:_train_model] - INFO: [ Epoch 85 (train) ]: train loglike is 2.143680260182321, num_events is 66675, mark_ll is -1.4125858327767622, time_ll is 3.5562660673275217[0m
[38;20m2026-09-28 08:03:04,727 - tpp_runner.py[pid:34096;line:116:_train_model] - INFO: [ Epoch 85 (valid) ]:  valid loglike is 1.8324040314161842, num_events is 17018, mark_ll is -1.456193456583654, time_ll is 3.288597430615745[0m
[38;20m2026-09-28 08:03:04,794 - tpp_runner.py[pid:34096;line:136:_train_model] - INFO: [ Epoch 85 (test) ]: test loglike is 2.616262819649755, num_events is 33655, mark_ll is -1.404523344355872, time_ll is 4.020786229293567[0m
[31;1m2026-09-28 08:03:04,794 - tpp_runner.py[pid:34096;line:140:_train_model] - CRITICAL: current best loglike on valid set is 1.8324 (updated at epoch-85), best updated at this epoch[0m
[38;20m2026-09-28 08:03:05,047 - tpp_runner.py[pid:34096;line:104:_train_model] - INFO: [ Epoch 86 (train) ]: train loglike is 2.1438988168471127, num_events is 66675, mark_ll is -1.412550882311586, time_ll is 3.556449721128609[0m
[38;20m2026-09-28 08:03:05,084 - tpp_runner.py[pid:34096;line:116:_train_model] - INFO: [ Epoch 86 (valid) ]:  valid loglike is 1.8324308441337849, num_events is 17018, mark_ll is -1.456202193311861, time_ll is 3.2886330804837156[0m
[38;20m2026-09-28 08:03:05,151 - tpp_runner.py[pid:34096;line:136:_train_model] - INFO: [ Epoch 86 (test) ]: test loglike is 2.616354135715347, num_events is 33655, mark_ll is -1.4045292710499926, time_ll is 4.020883348731615[0m
[31;1m2026-09-28 08:03:05,151 - tpp_runner.py[pid:34096;line:140:_train_model] - CRITICAL: current best loglike on valid set is 1.8324 (updated at epoch-86), best updated at this epoch[0m
[38;20m2026-09-28 08:03:05,361 - tpp_runner.py[pid:34096;line:104:_train_model] - INFO: [ Epoch 87 (train) ]: train loglike is 2.1440926866563554, num_events is 66675, mark_ll is -1.4125189820022497, time_ll is 3.5566117125984253[0m
[38;20m2026-09-28 08:03:05,408 - tpp_runner.py[pid:34096;line:116:_train_model] - INFO: [ Epoch 87 (valid) ]:  valid loglike is 1.8324501538811846, num_events is 17018, mark_ll is -1.4562100836246914, time_ll is 3.288660237505876[0m
[38;20m2026-09-28 08:03:05,471 - tpp_runner.py[pid:34096;line:136:_train_model] - INFO: [ Epoch 87 (test) ]: test loglike is 2.6164310449088175, num_events is 33655, mark_ll is -1.4045339210021728, time_ll is 4.020964791809816[0m
[31;1m2026-09-28 08:03:05,471 - tpp_runner.py[pid:34096;line:140:_train_model] - CRITICAL: current best loglike on valid set is 1.8325 (updated at epoch-87), best updated at this epoch[0m
[38;20m2026-09-28 08:03:05,707 - tpp_runner.py[pid:34096;line:104:_train_model] - INFO: [ Epoch 88 (train) ]: train loglike is 2.1442628179778307, num_events is 66675, mark_ll is -1.4124905016755718, time_ll is 3.5567534111946943[0m
[38;20m2026-09-28 08:03:05,739 - tpp_runner.py[pid:34096;line:116:_train_model] - INFO: [ Epoch 88 (valid) ]:  valid loglike is 1.8324644425204195, num_events is 17018, mark_ll is -1.4562168119096324, time_ll is 3.288681268776075[0m
[38;20m2026-09-28 08:03:05,803 - tpp_runner.py[pid:34096;line:136:_train_model] - INFO: [ Epoch 88 (test) ]: test loglike is 2.6164944757697595, num_events is 33655, mark_ll is -1.4045381066845566, time_ll is 4.021032531674807[0m
[31;1m2026-09-28 08:03:05,803 - tpp_runner.py[pid:34096;line:140:_train_model] - CRITICAL: current best loglike on valid set is 1.8325 (updated at epoch-88), best updated at this epoch[0m
[38;20m2026-09-28 08:03:06,044 - tpp_runner.py[pid:34096;line:104:_train_model] - INFO: [ Epoch 89 (train) ]: train loglike is 2.144410803630015, num_events is 66675, mark_ll is -1.4124651483994188, time_ll is 3.556875995969254[0m
[38;20m2026-09-28 08:03:06,070 - tpp_runner.py[pid:34096;line:116:_train_model] - INFO: [ Epoch 89 (valid) ]:  valid loglike is 1.8324742838924228, num_events is 17018, mark_ll is -1.4562223136095789, time_ll is 3.28869654729092[0m
[38;20m2026-09-28 08:03:06,134 - tpp_runner.py[pid:34096;line:136:_train_model] - INFO: [ Epoch 89 (test) ]: test loglike is 2.6165485632010475, num_events is 33655, mark_ll is -1.4045415016574432, time_ll is 4.021090093875353[0m
[31;1m2026-09-28 08:03:06,134 - tpp_runner.py[pid:34096;line:140:_train_model] - CRITICAL: current best loglike on valid set is 1.8325 (updated at epoch-89), best updated at this epoch[0m
[38;20m2026-09-28 08:03:06,355 - tpp_runner.py[pid:34096;line:104:_train_model] - INFO: [ Epoch 90 (train) ]: train loglike is 2.1445379691308117, num_events is 66675, mark_ll is -1.4124427464145106, time_ll is 3.5569807485001874[0m
[38;20m2026-09-28 08:03:06,405 - tpp_runner.py[pid:34096;line:116:_train_model] - INFO: [ Epoch 90 (valid) ]:  valid loglike is 1.8324796349591241, num_events is 17018, mark_ll is -1.4562269975861954, time_ll is 3.288706689929413[0m
[38;20m2026-09-28 08:03:06,471 - tpp_runner.py[pid:34096;line:136:_train_model] - INFO: [ Epoch 90 (test) ]: test loglike is 2.616593437778562, num_events is 33655, mark_ll is -1.404544287276222, time_ll is 4.021137492919886[0m
[31;1m2026-09-28 08:03:06,471 - tpp_runner.py[pid:34096;line:140:_train_model] - CRITICAL: current best loglike on valid set is 1.8325 (updated at epoch-90), best updated at this epoch[0m
[38;20m2026-09-28 08:03:06,796 - tpp_runner.py[pid:34096;line:104:_train_model] - INFO: [ Epoch 91 (train) ]: train loglike is 2.144645867020529, num_events is 66675, mark_ll is -1.4124232078412073, time_ll is 3.5570690895083428[0m
[38;20m2026-09-28 08:03:06,860 - tpp_runner.py[pid:34096;line:116:_train_model] - INFO: [ Epoch 91 (valid) ]:  valid loglike is 1.8324815716722735, num_events is 17018, mark_ll is -1.4562307132062375, time_ll is 3.288712284878511[0m
[38;20m2026-09-28 08:03:06,923 - tpp_runner.py[pid:34096;line:136:_train_model] - INFO: [ Epoch 91 (test) ]: test loglike is 2.6166294186877876, num_events is 33655, mark_ll is -1.4045459956439887, time_ll is 4.021175519517902[0m
[31;1m2026-09-28 08:03:06,923 - tpp_runner.py[pid:34096;line:140:_train_model] - CRITICAL: current best loglike on valid set is 1.8325 (updated at epoch-91), best updated at this epoch[0m
[38;20m2026-09-28 08:03:07,160 - tpp_runner.py[pid:34096;line:104:_train_model] - INFO: [ Epoch 92 (train) ]: train loglike is 2.14473582281707, num_events is 66675, mark_ll is -1.4124063495969255, time_ll is 3.557142241985377[0m
[38;20m2026-09-28 08:03:07,191 - tpp_runner.py[pid:34096;line:116:_train_model] - INFO: [ Epoch 92 (valid) ]:  valid loglike is 1.832480811333037, num_events is 17018, mark_ll is -1.4562336039299382, time_ll is 3.2887144080899637[0m
[38;20m2026-09-28 08:03:07,260 - tpp_runner.py[pid:34096;line:136:_train_model] - INFO: [ Epoch 92 (test) ]: test loglike is 2.6166547431543417, num_events is 33655, mark_ll is -1.4045493325831506, time_ll is 4.021204028585092[0m
[31;1m2026-09-28 08:03:07,260 - tpp_runner.py[pid:34096;line:140:_train_model] - CRITICAL: current best loglike on valid set is 1.8325 (updated at epoch-91)[0m
[38;20m2026-09-28 08:03:07,477 - tpp_runner.py[pid:34096;line:104:_train_model] - INFO: [ Epoch 93 (train) ]: train loglike is 2.1448092865344957, num_events is 66675, mark_ll is -1.4123920838020247, time_ll is 3.5572014142763404[0m
[38;20m2026-09-28 08:03:07,508 - tpp_runner.py[pid:34096;line:116:_train_model] - INFO: [ Epoch 93 (valid) ]:  valid loglike is 1.832478099934628, num_events is 17018, mark_ll is -1.4562358562556006, time_ll is 3.2887138916331238[0m
[38;20m2026-09-28 08:03:07,572 - tpp_runner.py[pid:34096;line:136:_train_model] - INFO: [ Epoch 93 (test) ]: test loglike is 2.616675802142141, num_events is 33655, mark_ll is -1.404550003598091, time_ll is 4.021225725943861[0m
[31;1m2026-09-28 08:03:07,572 - tpp_runner.py[pid:34096;line:140:_train_model] - CRITICAL: current best loglike on valid set is 1.8325 (updated at epoch-91)[0m
[38;20m2026-09-28 08:03:07,826 - tpp_runner.py[pid:34096;line:104:_train_model] - INFO: [ Epoch 94 (train) ]: train loglike is 2.144867865637889, num_events is 66675, mark_ll is -1.412380293283652, time_ll is 3.5572481223050243[0m
[38;20m2026-09-28 08:03:07,855 - tpp_runner.py[pid:34096;line:116:_train_model] - INFO: [ Epoch 94 (valid) ]:  valid loglike is 1.8324739252418396, num_events is 17018, mark_ll is -1.4562375275673185, time_ll is 3.288711452809158[0m
[38;20m2026-09-28 08:03:07,923 - tpp_runner.py[pid:34096;line:136:_train_model] - INFO: [ Epoch 94 (test) ]: test loglike is 2.6166907820972924, num_events is 33655, mark_ll is -1.404550308275145, time_ll is 4.021241112135084[0m
[31;1m2026-09-28 08:03:07,923 - tpp_runner.py[pid:34096;line:140:_train_model] - CRITICAL: current best loglike on valid set is 1.8325 (updated at epoch-91)[0m
[38;20m2026-09-28 08:03:08,139 - tpp_runner.py[pid:34096;line:104:_train_model] - INFO: [ Epoch 95 (train) ]: train loglike is 2.1449129332466255, num_events is 66675, mark_ll is -1.4123707620043588, time_ll is 3.5572836256796028[0m
[38;20m2026-09-28 08:03:08,171 - tpp_runner.py[pid:34096;line:116:_train_model] - INFO: [ Epoch 95 (valid) ]:  valid loglike is 1.8324691121510128, num_events is 17018, mark_ll is -1.456238689595208, time_ll is 3.288707794573209[0m
[38;20m2026-09-28 08:03:08,234 - tpp_runner.py[pid:34096;line:136:_train_model] - INFO: [ Epoch 95 (test) ]: test loglike is 2.6167001255269464, num_events is 33655, mark_ll is -1.4045509756629773, time_ll is 4.021251159223648[0m
[31;1m2026-09-28 08:03:08,234 - tpp_runner.py[pid:34096;line:140:_train_model] - CRITICAL: current best loglike on valid set is 1.8325 (updated at epoch-91)[0m
[38;20m2026-09-28 08:03:08,473 - tpp_runner.py[pid:34096;line:104:_train_model] - INFO: [ Epoch 96 (train) ]: train loglike is 2.1449461041490907, num_events is 66675, mark_ll is -1.4123633984228534, time_ll is 3.5573094330005626[0m
[38;20m2026-09-28 08:03:08,502 - tpp_runner.py[pid:34096;line:116:_train_model] - INFO: [ Epoch 96 (valid) ]:  valid loglike is 1.832464284714163, num_events is 17018, mark_ll is -1.4562394642804677, time_ll is 3.288703763340654[0m
[38;20m2026-09-28 08:03:08,578 - tpp_runner.py[pid:34096;line:136:_train_model] - INFO: [ Epoch 96 (test) ]: test loglike is 2.6167065962872345, num_events is 33655, mark_ll is -1.404550558545582, time_ll is 4.021257158459925[0m
[31;1m2026-09-28 08:03:08,578 - tpp_runner.py[pid:34096;line:140:_train_model] - CRITICAL: current best loglike on valid set is 1.8325 (updated at epoch-91)[0m
[38;20m2026-09-28 08:03:08,807 - tpp_runner.py[pid:34096;line:104:_train_model] - INFO: [ Epoch 97 (train) ]: train loglike is 2.144968769772919, num_events is 66675, mark_ll is -1.412358056073069, time_ll is 3.5573268844324146[0m
[38;20m2026-09-28 08:03:08,842 - tpp_runner.py[pid:34096;line:116:_train_model] - INFO: [ Epoch 97 (valid) ]:  valid loglike is 1.8324600095992112, num_events is 17018, mark_ll is -1.456239865969121, time_ll is 3.2886999329524254[0m
[38;20m2026-09-28 08:03:08,907 - tpp_runner.py[pid:34096;line:136:_train_model] - INFO: [ Epoch 97 (test) ]: test loglike is 2.616709215059055, num_events is 33655, mark_ll is -1.4045507108841089, time_ll is 4.021259915061841[0m
[31;1m2026-09-28 08:03:08,909 - tpp_runner.py[pid:34096;line:140:_train_model] - CRITICAL: current best loglike on valid set is 1.8325 (updated at epoch-91)[0m
[38;20m2026-09-28 08:03:09,132 - tpp_runner.py[pid:34096;line:104:_train_model] - INFO: [ Epoch 98 (train) ]: train loglike is 2.144982687710911, num_events is 66675, mark_ll is -1.412354522579209, time_ll is 3.5573372908464567[0m
[38;20m2026-09-28 08:03:09,170 - tpp_runner.py[pid:34096;line:116:_train_model] - INFO: [ Epoch 98 (valid) ]:  valid loglike is 1.832457190605627, num_events is 17018, mark_ll is -1.4562401385435642, time_ll is 3.2886972789381095[0m
[38;20m2026-09-28 08:03:09,238 - tpp_runner.py[pid:34096;line:136:_train_model] - INFO: [ Epoch 98 (test) ]: test loglike is 2.616709838921594, num_events is 33655, mark_ll is -1.4045511932894443, time_ll is 4.021261032211038[0m
[31;1m2026-09-28 08:03:09,238 - tpp_runner.py[pid:34096;line:140:_train_model] - CRITICAL: current best loglike on valid set is 1.8325 (updated at epoch-91)[0m
[38;20m2026-09-28 08:03:09,464 - tpp_runner.py[pid:34096;line:104:_train_model] - INFO: [ Epoch 99 (train) ]: train loglike is 2.1449893738868577, num_events is 66675, mark_ll is -1.4123527393548463, time_ll is 3.557342102256749[0m
[38;20m2026-09-28 08:03:09,505 - tpp_runner.py[pid:34096;line:116:_train_model] - INFO: [ Epoch 99 (valid) ]:  valid loglike is 1.8324562581141108, num_events is 17018, mark_ll is -1.4562402389657274, time_ll is 3.2886963894846635[0m
[38;20m2026-09-28 08:03:09,575 - tpp_runner.py[pid:34096;line:136:_train_model] - INFO: [ Epoch 99 (test) ]: test loglike is 2.616710100073355, num_events is 33655, mark_ll is -1.4045511425099353, time_ll is 4.02126124258329[0m
[31;1m2026-09-28 08:03:09,575 - tpp_runner.py[pid:34096;line:140:_train_model] - CRITICAL: current best loglike on valid set is 1.8325 (updated at epoch-91)[0m
[38;20m2026-09-28 08:03:09,575 - base_runner.py[pid:34096;line:118:train] - INFO: End IntensityFree train! Cost time: 0.628m[0m
RESULT {"model": "IntensityFree", "dataset": "lob_aapl", "seed": 2019, "ll_per_event": 2.6166294186877876, "mark_ll": -1.4045459956439887, "time_ll": 4.021175519517902, "val_ll": 1.8324815716722735, "best_epoch": 91, "n_params": 7184, "seconds": 38.337230920791626, "max_epoch": 100, "batch_size": 64}
