
=== Mon Sep 28 16:50:08 2026 attempt 1: D:\Quant\.venv\Scripts\python.exe -u -m infodiff.baselines.easytpp_runner S2P2 lob_msft 6 2019 100 32
[31;1m2026-09-28 16:50:12,323 - config.py[pid:29632;line:33:build_from_yaml_file] - CRITICAL: Load pipeline config class RunnerConfig[0m
[31;1m2026-09-28 16:50:12,325 - runner_config.py[pid:29632;line:205:update_config] - CRITICAL: train model S2P2 using GPU with torch backend[0m
[38;20m2026-09-28 16:50:12,328 - runner_config.py[pid:29632;line:45:__init__] - INFO: Save the config to D:\Quant\results\easytpp\checkpoints/lob_msft/S2P2/train_2026_09_28_16_50_12\S2P2_train_output.yaml[0m
[38;20m2026-09-28 16:50:12,328 - base_runner.py[pid:29632;line:193:save_log] - INFO: Save the log to D:\Quant\results\easytpp\checkpoints/lob_msft/S2P2/train_2026_09_28_16_50_12\log[0m
Generating train split: 0 examples [00:00, ? examples/s]Generating train split: 1912 examples [00:00, 19724.36 examples/s]
0.057202864041665524 0.2894569117098711
min_dt: 7.275957614183426e-12
max_dt: 12.213735631004965
[38;20m2026-09-28 16:50:20,191 - tpp_runner.py[pid:29632;line:62:_init_model] - INFO: Num of model parameters 34060[0m
Generating validation split: 0 examples [00:00, ? examples/s]Generating validation split: 417 examples [00:00, 24027.38 examples/s]
Generating test split: 0 examples [00:00, ? examples/s]Generating test split: 883 examples [00:00, 16561.52 examples/s]
[38;20m2026-09-28 16:50:21,058 - base_runner.py[pid:29632;line:103:train] - INFO: Data 'lob_msft' loaded...[0m
[38;20m2026-09-28 16:50:21,058 - base_runner.py[pid:29632;line:108:train] - INFO: Start S2P2 training...[0m
[38;20m2026-09-28 16:50:40,703 - tpp_runner.py[pid:29632;line:104:_train_model] - INFO: [ Epoch 0 (train) ]: train loglike is 0.6367259426014515, num_events is 242824, mark_ll is -1.5892039435905738, time_ll is 2.2259298843696977[0m
[38;20m2026-09-28 16:50:41,310 - tpp_runner.py[pid:29632;line:116:_train_model] - INFO: [ Epoch 0 (valid) ]:  valid loglike is 1.4171118001099243, num_events is 52959, mark_ll is -1.6393172579001267, time_ll is 3.0564289565902025[0m
[38;20m2026-09-28 16:50:43,206 - tpp_runner.py[pid:29632;line:136:_train_model] - INFO: [ Epoch 0 (test) ]: test loglike is 1.6027728162466783, num_events is 112141, mark_ll is -1.6683251303047058, time_ll is 3.271097929134694[0m
[31;1m2026-09-28 16:50:43,206 - tpp_runner.py[pid:29632;line:140:_train_model] - CRITICAL: current best loglike on valid set is 1.4171 (updated at epoch-0), best updated at this epoch[0m
[38;20m2026-09-28 16:51:01,756 - tpp_runner.py[pid:29632;line:104:_train_model] - INFO: [ Epoch 1 (train) ]: train loglike is 1.9822001633320327, num_events is 242824, mark_ll is -1.6897860283129447, time_ll is 3.671986207731732[0m
[38;20m2026-09-28 16:51:02,384 - tpp_runner.py[pid:29632;line:116:_train_model] - INFO: [ Epoch 1 (valid) ]:  valid loglike is 2.3835979944206542, num_events is 52959, mark_ll is -1.6612358383547223, time_ll is 4.044833833351626[0m
[38;20m2026-09-28 16:51:03,672 - tpp_runner.py[pid:29632;line:136:_train_model] - INFO: [ Epoch 1 (test) ]: test loglike is 2.4714600630428434, num_events is 112141, mark_ll is -1.686771577432373, time_ll is 4.15823157516263[0m
[31;1m2026-09-28 16:51:03,674 - tpp_runner.py[pid:29632;line:140:_train_model] - CRITICAL: current best loglike on valid set is 2.3836 (updated at epoch-1), best updated at this epoch[0m
[38;20m2026-09-28 16:51:22,167 - tpp_runner.py[pid:29632;line:104:_train_model] - INFO: [ Epoch 2 (train) ]: train loglike is 2.9691101019925954, num_events is 242824, mark_ll is -1.6427369374590752, time_ll is 4.611847019343228[0m
[38;20m2026-09-28 16:51:22,775 - tpp_runner.py[pid:29632;line:116:_train_model] - INFO: [ Epoch 2 (valid) ]:  valid loglike is 3.102532616577137, num_events is 52959, mark_ll is -1.6250738561233322, time_ll is 4.7276064721242195[0m
[38;20m2026-09-28 16:51:24,056 - tpp_runner.py[pid:29632;line:136:_train_model] - INFO: [ Epoch 2 (test) ]: test loglike is 3.18184919856754, num_events is 112141, mark_ll is -1.6539767301182218, time_ll is 4.835825919977417[0m
[31;1m2026-09-28 16:51:24,056 - tpp_runner.py[pid:29632;line:140:_train_model] - CRITICAL: current best loglike on valid set is 3.1025 (updated at epoch-2), best updated at this epoch[0m
[38;20m2026-09-28 16:51:42,589 - tpp_runner.py[pid:29632;line:104:_train_model] - INFO: [ Epoch 3 (train) ]: train loglike is 3.5888962924600225, num_events is 242824, mark_ll is -1.608677343611654, time_ll is 5.197573646125898[0m
[38;20m2026-09-28 16:51:43,198 - tpp_runner.py[pid:29632;line:116:_train_model] - INFO: [ Epoch 3 (valid) ]:  valid loglike is 3.5718668260212203, num_events is 52959, mark_ll is -1.5874370206944066, time_ll is 5.159303855359364[0m
[38;20m2026-09-28 16:51:44,485 - tpp_runner.py[pid:29632;line:136:_train_model] - INFO: [ Epoch 3 (test) ]: test loglike is 3.6378588465079678, num_events is 112141, mark_ll is -1.6195986708766754, time_ll is 5.257457565280539[0m
[31;1m2026-09-28 16:51:44,485 - tpp_runner.py[pid:29632;line:140:_train_model] - CRITICAL: current best loglike on valid set is 3.5719 (updated at epoch-3), best updated at this epoch[0m
[38;20m2026-09-28 16:52:03,115 - tpp_runner.py[pid:29632;line:104:_train_model] - INFO: [ Epoch 4 (train) ]: train loglike is 4.0171680253753745, num_events is 242824, mark_ll is -1.5839279265795392, time_ll is 5.601095972063357[0m
[38;20m2026-09-28 16:52:03,719 - tpp_runner.py[pid:29632;line:116:_train_model] - INFO: [ Epoch 4 (valid) ]:  valid loglike is 3.9222540751232677, num_events is 52959, mark_ll is -1.573813736174262, time_ll is 5.496067819941267[0m
[38;20m2026-09-28 16:52:05,005 - tpp_runner.py[pid:29632;line:136:_train_model] - INFO: [ Epoch 4 (test) ]: test loglike is 3.9657844341192114, num_events is 112141, mark_ll is -1.6098927502889777, time_ll is 5.575677101678913[0m
[31;1m2026-09-28 16:52:05,005 - tpp_runner.py[pid:29632;line:140:_train_model] - CRITICAL: current best loglike on valid set is 3.9223 (updated at epoch-4), best updated at this epoch[0m
[38;20m2026-09-28 16:52:23,649 - tpp_runner.py[pid:29632;line:104:_train_model] - INFO: [ Epoch 5 (train) ]: train loglike is 4.328515341068789, num_events is 242824, mark_ll is -1.566054531217183, time_ll is 5.894569898426947[0m
[38;20m2026-09-28 16:52:24,250 - tpp_runner.py[pid:29632;line:116:_train_model] - INFO: [ Epoch 5 (valid) ]:  valid loglike is 4.142690574833133, num_events is 52959, mark_ll is -1.5564425073768187, time_ll is 5.699133027178159[0m
[38;20m2026-09-28 16:52:25,539 - tpp_runner.py[pid:29632;line:136:_train_model] - INFO: [ Epoch 5 (test) ]: test loglike is 4.1997418080251645, num_events is 112141, mark_ll is -1.5948104935276795, time_ll is 5.794552266719465[0m
[31;1m2026-09-28 16:52:25,539 - tpp_runner.py[pid:29632;line:140:_train_model] - CRITICAL: current best loglike on valid set is 4.1427 (updated at epoch-5), best updated at this epoch[0m
[38;20m2026-09-28 16:52:44,113 - tpp_runner.py[pid:29632;line:104:_train_model] - INFO: [ Epoch 6 (train) ]: train loglike is 4.55796644702027, num_events is 242824, mark_ll is -1.5485572099834912, time_ll is 6.106523630862785[0m
[38;20m2026-09-28 16:52:44,729 - tpp_runner.py[pid:29632;line:116:_train_model] - INFO: [ Epoch 6 (valid) ]:  valid loglike is 4.329403925609205, num_events is 52959, mark_ll is -1.5384291546562516, time_ll is 5.867833144517236[0m
[38;20m2026-09-28 16:52:46,017 - tpp_runner.py[pid:29632;line:136:_train_model] - INFO: [ Epoch 6 (test) ]: test loglike is 4.3340824832130975, num_events is 112141, mark_ll is -1.576482057535268, time_ll is 5.910564514623331[0m
[31;1m2026-09-28 16:52:46,017 - tpp_runner.py[pid:29632;line:140:_train_model] - CRITICAL: current best loglike on valid set is 4.3294 (updated at epoch-6), best updated at this epoch[0m
[38;20m2026-09-28 16:53:04,471 - tpp_runner.py[pid:29632;line:104:_train_model] - INFO: [ Epoch 7 (train) ]: train loglike is 4.730437071159307, num_events is 242824, mark_ll is -1.5319699848031652, time_ll is 6.262407061995004[0m
[38;20m2026-09-28 16:53:05,071 - tpp_runner.py[pid:29632;line:116:_train_model] - INFO: [ Epoch 7 (valid) ]:  valid loglike is 4.471446334258872, num_events is 52959, mark_ll is -1.525461760939274, time_ll is 5.996907984270187[0m
[38;20m2026-09-28 16:53:06,352 - tpp_runner.py[pid:29632;line:136:_train_model] - INFO: [ Epoch 7 (test) ]: test loglike is 4.488248907207221, num_events is 112141, mark_ll is -1.563056367444222, time_ll is 6.0513052049846845[0m
[31;1m2026-09-28 16:53:06,352 - tpp_runner.py[pid:29632;line:140:_train_model] - CRITICAL: current best loglike on valid set is 4.4714 (updated at epoch-7), best updated at this epoch[0m
[38;20m2026-09-28 16:53:24,777 - tpp_runner.py[pid:29632;line:104:_train_model] - INFO: [ Epoch 8 (train) ]: train loglike is 4.8835422756039355, num_events is 242824, mark_ll is -1.5227996280227654, time_ll is 6.406341984060472[0m
[38;20m2026-09-28 16:53:25,390 - tpp_runner.py[pid:29632;line:116:_train_model] - INFO: [ Epoch 8 (valid) ]:  valid loglike is 4.571738466525623, num_events is 52959, mark_ll is -1.5167614088247734, time_ll is 6.088499874774147[0m
[38;20m2026-09-28 16:53:26,659 - tpp_runner.py[pid:29632;line:136:_train_model] - INFO: [ Epoch 8 (test) ]: test loglike is 4.564818901608801, num_events is 112141, mark_ll is -1.5544867247552747, time_ll is 6.119305595884868[0m
[31;1m2026-09-28 16:53:26,659 - tpp_runner.py[pid:29632;line:140:_train_model] - CRITICAL: current best loglike on valid set is 4.5717 (updated at epoch-8), best updated at this epoch[0m
[38;20m2026-09-28 16:53:45,128 - tpp_runner.py[pid:29632;line:104:_train_model] - INFO: [ Epoch 9 (train) ]: train loglike is 5.002539539472262, num_events is 242824, mark_ll is -1.5130810527570895, time_ll is 6.515620576142597[0m
[38;20m2026-09-28 16:53:45,737 - tpp_runner.py[pid:29632;line:116:_train_model] - INFO: [ Epoch 9 (valid) ]:  valid loglike is 4.612245623115804, num_events is 52959, mark_ll is -1.4992605426992682, time_ll is 6.111506277031156[0m
[38;20m2026-09-28 16:53:47,014 - tpp_runner.py[pid:29632;line:136:_train_model] - INFO: [ Epoch 9 (test) ]: test loglike is 4.624637767687554, num_events is 112141, mark_ll is -1.536046554167159, time_ll is 6.16068428919842[0m
[31;1m2026-09-28 16:53:47,014 - tpp_runner.py[pid:29632;line:140:_train_model] - CRITICAL: current best loglike on valid set is 4.6122 (updated at epoch-9), best updated at this epoch[0m
[38;20m2026-09-28 16:54:05,501 - tpp_runner.py[pid:29632;line:104:_train_model] - INFO: [ Epoch 10 (train) ]: train loglike is 5.094838848044263, num_events is 242824, mark_ll is -1.5049900085974048, time_ll is 6.599828790283806[0m
[38;20m2026-09-28 16:54:06,118 - tpp_runner.py[pid:29632;line:116:_train_model] - INFO: [ Epoch 10 (valid) ]:  valid loglike is 4.7474313268227695, num_events is 52959, mark_ll is -1.5006342192255668, time_ll is 6.248065480932183[0m
[38;20m2026-09-28 16:54:07,410 - tpp_runner.py[pid:29632;line:136:_train_model] - INFO: [ Epoch 10 (test) ]: test loglike is 4.736830291705866, num_events is 112141, mark_ll is -1.5360992897264938, time_ll is 6.272929481286394[0m
[31;1m2026-09-28 16:54:07,411 - tpp_runner.py[pid:29632;line:140:_train_model] - CRITICAL: current best loglike on valid set is 4.7474 (updated at epoch-10), best updated at this epoch[0m
[38;20m2026-09-28 16:54:26,142 - tpp_runner.py[pid:29632;line:104:_train_model] - INFO: [ Epoch 11 (train) ]: train loglike is 5.188613376322717, num_events is 242824, mark_ll is -1.5022819020604945, time_ll is 6.6908952864265885[0m
[38;20m2026-09-28 16:54:26,747 - tpp_runner.py[pid:29632;line:116:_train_model] - INFO: [ Epoch 11 (valid) ]:  valid loglike is 4.821271338228999, num_events is 52959, mark_ll is -1.4970588073978255, time_ll is 6.318330090018782[0m
[38;20m2026-09-28 16:54:28,027 - tpp_runner.py[pid:29632;line:136:_train_model] - INFO: [ Epoch 11 (test) ]: test loglike is 4.8124532187714575, num_events is 112141, mark_ll is -1.5319245745172372, time_ll is 6.344377732330281[0m
[31;1m2026-09-28 16:54:28,027 - tpp_runner.py[pid:29632;line:140:_train_model] - CRITICAL: current best loglike on valid set is 4.8213 (updated at epoch-11), best updated at this epoch[0m
[38;20m2026-09-28 16:54:56,151 - tpp_runner.py[pid:29632;line:104:_train_model] - INFO: [ Epoch 12 (train) ]: train loglike is 5.243629448277096, num_events is 242824, mark_ll is -1.4956860090957083, time_ll is 6.73931542721014[0m
[38;20m2026-09-28 16:54:56,770 - tpp_runner.py[pid:29632;line:116:_train_model] - INFO: [ Epoch 12 (valid) ]:  valid loglike is 4.849745812356021, num_events is 52959, mark_ll is -1.486126600015663, time_ll is 6.335872413812306[0m
[38;20m2026-09-28 16:54:58,048 - tpp_runner.py[pid:29632;line:136:_train_model] - INFO: [ Epoch 12 (test) ]: test loglike is 4.828521752191437, num_events is 112141, mark_ll is -1.5249365980244736, time_ll is 6.353458358924256[0m
[31;1m2026-09-28 16:54:58,049 - tpp_runner.py[pid:29632;line:140:_train_model] - CRITICAL: current best loglike on valid set is 4.8497 (updated at epoch-12), best updated at this epoch[0m
[38;20m2026-09-28 16:55:16,629 - tpp_runner.py[pid:29632;line:104:_train_model] - INFO: [ Epoch 13 (train) ]: train loglike is 5.3103282238370175, num_events is 242824, mark_ll is -1.4904595774936271, time_ll is 6.800787861655973[0m
[38;20m2026-09-28 16:55:17,238 - tpp_runner.py[pid:29632;line:116:_train_model] - INFO: [ Epoch 13 (valid) ]:  valid loglike is 4.868179639666711, num_events is 52959, mark_ll is -1.482456682752961, time_ll is 6.350636276319741[0m
[38;20m2026-09-28 16:55:18,506 - tpp_runner.py[pid:29632;line:136:_train_model] - INFO: [ Epoch 13 (test) ]: test loglike is 4.841314423986878, num_events is 112141, mark_ll is -1.5147645676327681, time_ll is 6.356079004682163[0m
[31;1m2026-09-28 16:55:18,506 - tpp_runner.py[pid:29632;line:140:_train_model] - CRITICAL: current best loglike on valid set is 4.8682 (updated at epoch-13), best updated at this epoch[0m
[38;20m2026-09-28 16:55:37,011 - tpp_runner.py[pid:29632;line:104:_train_model] - INFO: [ Epoch 14 (train) ]: train loglike is 5.3605224923066706, num_events is 242824, mark_ll is -1.482980891719028, time_ll is 6.8435033659281[0m
[38;20m2026-09-28 16:55:37,636 - tpp_runner.py[pid:29632;line:116:_train_model] - INFO: [ Epoch 14 (valid) ]:  valid loglike is 4.9251705342480445, num_events is 52959, mark_ll is -1.471255687417647, time_ll is 6.396426277561858[0m
[38;20m2026-09-28 16:55:38,915 - tpp_runner.py[pid:29632;line:136:_train_model] - INFO: [ Epoch 14 (test) ]: test loglike is 4.902855400093409, num_events is 112141, mark_ll is -1.5096245911780426, time_ll is 6.412479993448538[0m
[31;1m2026-09-28 16:55:38,915 - tpp_runner.py[pid:29632;line:140:_train_model] - CRITICAL: current best loglike on valid set is 4.9252 (updated at epoch-14), best updated at this epoch[0m
[38;20m2026-09-28 16:55:57,383 - tpp_runner.py[pid:29632;line:104:_train_model] - INFO: [ Epoch 15 (train) ]: train loglike is 5.40109382528601, num_events is 242824, mark_ll is -1.4768591477906838, time_ll is 6.877952948946562[0m
[38;20m2026-09-28 16:55:57,989 - tpp_runner.py[pid:29632;line:116:_train_model] - INFO: [ Epoch 15 (valid) ]:  valid loglike is 4.954140901876186, num_events is 52959, mark_ll is -1.4632882222112014, time_ll is 6.4174290673268475[0m
[38;20m2026-09-28 16:55:59,259 - tpp_runner.py[pid:29632;line:136:_train_model] - INFO: [ Epoch 15 (test) ]: test loglike is 4.917996189994628, num_events is 112141, mark_ll is -1.501916371430554, time_ll is 6.41991250482094[0m
[31;1m2026-09-28 16:55:59,259 - tpp_runner.py[pid:29632;line:140:_train_model] - CRITICAL: current best loglike on valid set is 4.9541 (updated at epoch-15), best updated at this epoch[0m
[38;20m2026-09-28 16:56:18,189 - tpp_runner.py[pid:29632;line:104:_train_model] - INFO: [ Epoch 16 (train) ]: train loglike is 5.446981931068129, num_events is 242824, mark_ll is -1.4726282550260168, time_ll is 6.919610218267655[0m
[38;20m2026-09-28 16:56:18,798 - tpp_runner.py[pid:29632;line:116:_train_model] - INFO: [ Epoch 16 (valid) ]:  valid loglike is 5.021368604243082, num_events is 52959, mark_ll is -1.470961299308394, time_ll is 6.492329866959656[0m
[38;20m2026-09-28 16:56:20,080 - tpp_runner.py[pid:29632;line:136:_train_model] - INFO: [ Epoch 16 (test) ]: test loglike is 4.983842336670464, num_events is 112141, mark_ll is -1.507622610186339, time_ll is 6.491464951210975[0m
[31;1m2026-09-28 16:56:20,080 - tpp_runner.py[pid:29632;line:140:_train_model] - CRITICAL: current best loglike on valid set is 5.0214 (updated at epoch-16), best updated at this epoch[0m
[38;20m2026-09-28 16:56:38,637 - tpp_runner.py[pid:29632;line:104:_train_model] - INFO: [ Epoch 17 (train) ]: train loglike is 5.4714634091332615, num_events is 242824, mark_ll is -1.468167920907993, time_ll is 6.93963134210632[0m
[38;20m2026-09-28 16:56:39,245 - tpp_runner.py[pid:29632;line:116:_train_model] - INFO: [ Epoch 17 (valid) ]:  valid loglike is 5.031104728744686, num_events is 52959, mark_ll is -1.4540147456691697, time_ll is 6.485119502361939[0m
[38;20m2026-09-28 16:56:40,521 - tpp_runner.py[pid:29632;line:136:_train_model] - INFO: [ Epoch 17 (test) ]: test loglike is 4.987191923142517, num_events is 112141, mark_ll is -1.4924724805852676, time_ll is 6.479664342769371[0m
[31;1m2026-09-28 16:56:40,521 - tpp_runner.py[pid:29632;line:140:_train_model] - CRITICAL: current best loglike on valid set is 5.0311 (updated at epoch-17), best updated at this epoch[0m
[38;20m2026-09-28 16:56:58,931 - tpp_runner.py[pid:29632;line:104:_train_model] - INFO: [ Epoch 18 (train) ]: train loglike is 5.501265641472837, num_events is 242824, mark_ll is -1.4633015993418845, time_ll is 6.964567258912319[0m
[38;20m2026-09-28 16:56:59,538 - tpp_runner.py[pid:29632;line:116:_train_model] - INFO: [ Epoch 18 (valid) ]:  valid loglike is 5.059987327866545, num_events is 52959, mark_ll is -1.4477554739357812, time_ll is 6.507742912154036[0m
[38;20m2026-09-28 16:57:00,817 - tpp_runner.py[pid:29632;line:136:_train_model] - INFO: [ Epoch 18 (test) ]: test loglike is 5.020831614886616, num_events is 112141, mark_ll is -1.4857823556114624, time_ll is 6.506613953081389[0m
[31;1m2026-09-28 16:57:00,817 - tpp_runner.py[pid:29632;line:140:_train_model] - CRITICAL: current best loglike on valid set is 5.0600 (updated at epoch-18), best updated at this epoch[0m
[38;20m2026-09-28 16:57:19,270 - tpp_runner.py[pid:29632;line:104:_train_model] - INFO: [ Epoch 19 (train) ]: train loglike is 5.532185742361237, num_events is 242824, mark_ll is -1.4572992553248443, time_ll is 6.989484965512573[0m
[38;20m2026-09-28 16:57:19,876 - tpp_runner.py[pid:29632;line:116:_train_model] - INFO: [ Epoch 19 (valid) ]:  valid loglike is 5.046512912701335, num_events is 52959, mark_ll is -1.4522962511665127, time_ll is 6.498809154647861[0m
[38;20m2026-09-28 16:57:21,157 - tpp_runner.py[pid:29632;line:136:_train_model] - INFO: [ Epoch 19 (test) ]: test loglike is 4.997266589884609, num_events is 112141, mark_ll is -1.4888881824486027, time_ll is 6.486154689603936[0m
[31;1m2026-09-28 16:57:21,157 - tpp_runner.py[pid:29632;line:140:_train_model] - CRITICAL: current best loglike on valid set is 5.0600 (updated at epoch-18)[0m
[38;20m2026-09-28 16:57:39,640 - tpp_runner.py[pid:29632;line:104:_train_model] - INFO: [ Epoch 20 (train) ]: train loglike is 5.555943694526436, num_events is 242824, mark_ll is -1.4533227866427947, time_ll is 7.009266549537937[0m
[38;20m2026-09-28 16:57:40,248 - tpp_runner.py[pid:29632;line:116:_train_model] - INFO: [ Epoch 20 (valid) ]:  valid loglike is 5.12696204764166, num_events is 52959, mark_ll is -1.4405120686530868, time_ll is 6.567474106498512[0m
[38;20m2026-09-28 16:57:41,533 - tpp_runner.py[pid:29632;line:136:_train_model] - INFO: [ Epoch 20 (test) ]: test loglike is 5.077319164600815, num_events is 112141, mark_ll is -1.4780455006490156, time_ll is 6.555364660895658[0m
[31;1m2026-09-28 16:57:41,534 - tpp_runner.py[pid:29632;line:140:_train_model] - CRITICAL: current best loglike on valid set is 5.1270 (updated at epoch-20), best updated at this epoch[0m
[38;20m2026-09-28 16:58:00,127 - tpp_runner.py[pid:29632;line:104:_train_model] - INFO: [ Epoch 21 (train) ]: train loglike is 5.579495177223267, num_events is 242824, mark_ll is -1.4494097641192798, time_ll is 7.028904889060596[0m
[38;20m2026-09-28 16:58:00,738 - tpp_runner.py[pid:29632;line:116:_train_model] - INFO: [ Epoch 21 (valid) ]:  valid loglike is 5.112595633385024, num_events is 52959, mark_ll is -1.4414934727983484, time_ll is 6.554089160927041[0m
[38;20m2026-09-28 16:58:02,019 - tpp_runner.py[pid:29632;line:136:_train_model] - INFO: [ Epoch 21 (test) ]: test loglike is 5.080334429005672, num_events is 112141, mark_ll is -1.4761775693866985, time_ll is 6.556511915663094[0m
[31;1m2026-09-28 16:58:02,019 - tpp_runner.py[pid:29632;line:140:_train_model] - CRITICAL: current best loglike on valid set is 5.1270 (updated at epoch-20)[0m
[38;20m2026-09-28 16:58:20,555 - tpp_runner.py[pid:29632;line:104:_train_model] - INFO: [ Epoch 22 (train) ]: train loglike is 5.59671131808043, num_events is 242824, mark_ll is -1.4479185642333798, time_ll is 7.044629876281278[0m
[38;20m2026-09-28 16:58:21,173 - tpp_runner.py[pid:29632;line:116:_train_model] - INFO: [ Epoch 22 (valid) ]:  valid loglike is 5.147350707954797, num_events is 52959, mark_ll is -1.4383710360121413, time_ll is 6.585721763847534[0m
[38;20m2026-09-28 16:58:22,551 - tpp_runner.py[pid:29632;line:136:_train_model] - INFO: [ Epoch 22 (test) ]: test loglike is 5.103719670228217, num_events is 112141, mark_ll is -1.4763203775339193, time_ll is 6.580040017282929[0m
[31;1m2026-09-28 16:58:22,551 - tpp_runner.py[pid:29632;line:140:_train_model] - CRITICAL: current best loglike on valid set is 5.1474 (updated at epoch-22), best updated at this epoch[0m
[38;20m2026-09-28 16:58:41,056 - tpp_runner.py[pid:29632;line:104:_train_model] - INFO: [ Epoch 23 (train) ]: train loglike is 5.616717855254731, num_events is 242824, mark_ll is -1.4453467627755854, time_ll is 7.062064587867653[0m
[38;20m2026-09-28 16:58:41,656 - tpp_runner.py[pid:29632;line:116:_train_model] - INFO: [ Epoch 23 (valid) ]:  valid loglike is 5.19499962553026, num_events is 52959, mark_ll is -1.4330913454598648, time_ll is 6.628091099493683[0m
[38;20m2026-09-28 16:58:42,953 - tpp_runner.py[pid:29632;line:136:_train_model] - INFO: [ Epoch 23 (test) ]: test loglike is 5.151455699117071, num_events is 112141, mark_ll is -1.4678484860159309, time_ll is 6.619304228674727[0m
[31;1m2026-09-28 16:58:42,954 - tpp_runner.py[pid:29632;line:140:_train_model] - CRITICAL: current best loglike on valid set is 5.1950 (updated at epoch-23), best updated at this epoch[0m
[38;20m2026-09-28 16:59:01,415 - tpp_runner.py[pid:29632;line:104:_train_model] - INFO: [ Epoch 24 (train) ]: train loglike is 5.632792069822176, num_events is 242824, mark_ll is -1.4400937518338899, time_ll is 7.07288592219828[0m
[38;20m2026-09-28 16:59:02,024 - tpp_runner.py[pid:29632;line:116:_train_model] - INFO: [ Epoch 24 (valid) ]:  valid loglike is 5.158057267123064, num_events is 52959, mark_ll is -1.4354730551803636, time_ll is 6.593530295795967[0m
[38;20m2026-09-28 16:59:03,305 - tpp_runner.py[pid:29632;line:136:_train_model] - INFO: [ Epoch 24 (test) ]: test loglike is 5.121173666480703, num_events is 112141, mark_ll is -1.4697133454096016, time_ll is 6.590887079379977[0m
[31;1m2026-09-28 16:59:03,305 - tpp_runner.py[pid:29632;line:140:_train_model] - CRITICAL: current best loglike on valid set is 5.1950 (updated at epoch-23)[0m
[38;20m2026-09-28 16:59:21,777 - tpp_runner.py[pid:29632;line:104:_train_model] - INFO: [ Epoch 25 (train) ]: train loglike is 5.651793583006622, num_events is 242824, mark_ll is -1.4369954047704048, time_ll is 7.088788989787871[0m
[38;20m2026-09-28 16:59:22,385 - tpp_runner.py[pid:29632;line:116:_train_model] - INFO: [ Epoch 25 (valid) ]:  valid loglike is 5.188988242922517, num_events is 52959, mark_ll is -1.4289231608377175, time_ll is 6.617911321932858[0m
[38;20m2026-09-28 16:59:23,663 - tpp_runner.py[pid:29632;line:136:_train_model] - INFO: [ Epoch 25 (test) ]: test loglike is 5.137131081420377, num_events is 112141, mark_ll is -1.463267112872968, time_ll is 6.6003982030016894[0m
[31;1m2026-09-28 16:59:23,663 - tpp_runner.py[pid:29632;line:140:_train_model] - CRITICAL: current best loglike on valid set is 5.1950 (updated at epoch-23)[0m
[38;20m2026-09-28 16:59:42,095 - tpp_runner.py[pid:29632;line:104:_train_model] - INFO: [ Epoch 26 (train) ]: train loglike is 5.66358488426803, num_events is 242824, mark_ll is -1.4347306753200106, time_ll is 7.0983155575771955[0m
[38;20m2026-09-28 16:59:42,706 - tpp_runner.py[pid:29632;line:116:_train_model] - INFO: [ Epoch 26 (valid) ]:  valid loglike is 5.198114970130195, num_events is 52959, mark_ll is -1.4253930522766212, time_ll is 6.623508178570333[0m
[38;20m2026-09-28 16:59:43,989 - tpp_runner.py[pid:29632;line:136:_train_model] - INFO: [ Epoch 26 (test) ]: test loglike is 5.157431017020425, num_events is 112141, mark_ll is -1.4603052371533103, time_ll is 6.617736212809097[0m
[31;1m2026-09-28 16:59:43,989 - tpp_runner.py[pid:29632;line:140:_train_model] - CRITICAL: current best loglike on valid set is 5.1981 (updated at epoch-26), best updated at this epoch[0m
[38;20m2026-09-28 17:00:02,428 - tpp_runner.py[pid:29632;line:104:_train_model] - INFO: [ Epoch 27 (train) ]: train loglike is 5.686218259707906, num_events is 242824, mark_ll is -1.4311291024118806, time_ll is 7.117347418423426[0m
[38;20m2026-09-28 17:00:03,039 - tpp_runner.py[pid:29632;line:116:_train_model] - INFO: [ Epoch 27 (valid) ]:  valid loglike is 5.224419836285868, num_events is 52959, mark_ll is -1.4223250309846858, time_ll is 6.646744885710526[0m
[38;20m2026-09-28 17:00:04,323 - tpp_runner.py[pid:29632;line:136:_train_model] - INFO: [ Epoch 27 (test) ]: test loglike is 5.167967286998065, num_events is 112141, mark_ll is -1.4557762969546988, time_ll is 6.6237434903380565[0m
[31;1m2026-09-28 17:00:04,323 - tpp_runner.py[pid:29632;line:140:_train_model] - CRITICAL: current best loglike on valid set is 5.2244 (updated at epoch-27), best updated at this epoch[0m
[38;20m2026-09-28 17:00:23,067 - tpp_runner.py[pid:29632;line:104:_train_model] - INFO: [ Epoch 28 (train) ]: train loglike is 5.691956219930639, num_events is 242824, mark_ll is -1.428067463310618, time_ll is 7.120023699328011[0m
[38;20m2026-09-28 17:00:23,674 - tpp_runner.py[pid:29632;line:116:_train_model] - INFO: [ Epoch 28 (valid) ]:  valid loglike is 5.237701644786533, num_events is 52959, mark_ll is -1.4155196427565133, time_ll is 6.653221103143322[0m
[38;20m2026-09-28 17:00:24,958 - tpp_runner.py[pid:29632;line:136:_train_model] - INFO: [ Epoch 28 (test) ]: test loglike is 5.205095907440187, num_events is 112141, mark_ll is -1.4518856109440348, time_ll is 6.656981579342635[0m
[31;1m2026-09-28 17:00:24,958 - tpp_runner.py[pid:29632;line:140:_train_model] - CRITICAL: current best loglike on valid set is 5.2377 (updated at epoch-28), best updated at this epoch[0m
[38;20m2026-09-28 17:00:43,474 - tpp_runner.py[pid:29632;line:104:_train_model] - INFO: [ Epoch 29 (train) ]: train loglike is 5.70359427877161, num_events is 242824, mark_ll is -1.4239315769053666, time_ll is 7.127525901926395[0m
[38;20m2026-09-28 17:00:44,069 - tpp_runner.py[pid:29632;line:116:_train_model] - INFO: [ Epoch 29 (valid) ]:  valid loglike is 5.2471083345706555, num_events is 52959, mark_ll is -1.4188473236389973, time_ll is 6.6659556766496255[0m
[38;20m2026-09-28 17:00:45,368 - tpp_runner.py[pid:29632;line:136:_train_model] - INFO: [ Epoch 29 (test) ]: test loglike is 5.1910596578749075, num_events is 112141, mark_ll is -1.45156760831509, time_ll is 6.642627240064963[0m
[31;1m2026-09-28 17:00:45,368 - tpp_runner.py[pid:29632;line:140:_train_model] - CRITICAL: current best loglike on valid set is 5.2471 (updated at epoch-29), best updated at this epoch[0m
[38;20m2026-09-28 17:01:04,044 - tpp_runner.py[pid:29632;line:104:_train_model] - INFO: [ Epoch 30 (train) ]: train loglike is 5.709800246912373, num_events is 242824, mark_ll is -1.4213299807679636, time_ll is 7.131130211593582[0m
[38;20m2026-09-28 17:01:04,660 - tpp_runner.py[pid:29632;line:116:_train_model] - INFO: [ Epoch 30 (valid) ]:  valid loglike is 5.281078480596428, num_events is 52959, mark_ll is -1.4140632704450982, time_ll is 6.695141666332903[0m
[38;20m2026-09-28 17:01:05,959 - tpp_runner.py[pid:29632;line:136:_train_model] - INFO: [ Epoch 30 (test) ]: test loglike is 5.222362752653468, num_events is 112141, mark_ll is -1.4497436541942732, time_ll is 6.672106415556086[0m
[31;1m2026-09-28 17:01:05,959 - tpp_runner.py[pid:29632;line:140:_train_model] - CRITICAL: current best loglike on valid set is 5.2811 (updated at epoch-30), best updated at this epoch[0m
[38;20m2026-09-28 17:01:24,547 - tpp_runner.py[pid:29632;line:104:_train_model] - INFO: [ Epoch 31 (train) ]: train loglike is 5.720232659830268, num_events is 242824, mark_ll is -1.4219210644206297, time_ll is 7.14215371620752[0m
[38;20m2026-09-28 17:01:25,160 - tpp_runner.py[pid:29632;line:116:_train_model] - INFO: [ Epoch 31 (valid) ]:  valid loglike is 5.283993214431285, num_events is 52959, mark_ll is -1.4138874360879776, time_ll is 6.697880659162999[0m
[38;20m2026-09-28 17:01:26,441 - tpp_runner.py[pid:29632;line:136:_train_model] - INFO: [ Epoch 31 (test) ]: test loglike is 5.227230012049563, num_events is 112141, mark_ll is -1.4485428300434833, time_ll is 6.675772881280597[0m
[31;1m2026-09-28 17:01:26,444 - tpp_runner.py[pid:29632;line:140:_train_model] - CRITICAL: current best loglike on valid set is 5.2840 (updated at epoch-31), best updated at this epoch[0m
[38;20m2026-09-28 17:01:45,087 - tpp_runner.py[pid:29632;line:104:_train_model] - INFO: [ Epoch 32 (train) ]: train loglike is 5.724865146348281, num_events is 242824, mark_ll is -1.419807180464297, time_ll is 7.144672194096856[0m
[38;20m2026-09-28 17:01:45,704 - tpp_runner.py[pid:29632;line:116:_train_model] - INFO: [ Epoch 32 (valid) ]:  valid loglike is 5.282950508902672, num_events is 52959, mark_ll is -1.4059968076535327, time_ll is 6.688947408756066[0m
[38;20m2026-09-28 17:01:47,000 - tpp_runner.py[pid:29632;line:136:_train_model] - INFO: [ Epoch 32 (test) ]: test loglike is 5.222128611385443, num_events is 112141, mark_ll is -1.443729553677123, time_ll is 6.665858230375153[0m
[31;1m2026-09-28 17:01:47,000 - tpp_runner.py[pid:29632;line:140:_train_model] - CRITICAL: current best loglike on valid set is 5.2840 (updated at epoch-31)[0m
[38;20m2026-09-28 17:02:05,510 - tpp_runner.py[pid:29632;line:104:_train_model] - INFO: [ Epoch 33 (train) ]: train loglike is 5.746097176478643, num_events is 242824, mark_ll is -1.4144250170165686, time_ll is 7.160522223657876[0m
[38;20m2026-09-28 17:02:06,117 - tpp_runner.py[pid:29632;line:116:_train_model] - INFO: [ Epoch 33 (valid) ]:  valid loglike is 5.323660100662703, num_events is 52959, mark_ll is -1.4033581714921493, time_ll is 6.727018170158755[0m
[38;20m2026-09-28 17:02:07,410 - tpp_runner.py[pid:29632;line:136:_train_model] - INFO: [ Epoch 33 (test) ]: test loglike is 5.262245204279657, num_events is 112141, mark_ll is -1.4417322164103115, time_ll is 6.703977416335796[0m
[31;1m2026-09-28 17:02:07,410 - tpp_runner.py[pid:29632;line:140:_train_model] - CRITICAL: current best loglike on valid set is 5.3237 (updated at epoch-33), best updated at this epoch[0m
[38;20m2026-09-28 17:02:25,981 - tpp_runner.py[pid:29632;line:104:_train_model] - INFO: [ Epoch 34 (train) ]: train loglike is 5.760747114068471, num_events is 242824, mark_ll is -1.4114847605190641, time_ll is 7.172231884641757[0m
[38;20m2026-09-28 17:02:26,585 - tpp_runner.py[pid:29632;line:116:_train_model] - INFO: [ Epoch 34 (valid) ]:  valid loglike is 5.327382054663233, num_events is 52959, mark_ll is -1.402357031966393, time_ll is 6.729739114865834[0m
[38;20m2026-09-28 17:02:27,866 - tpp_runner.py[pid:29632;line:136:_train_model] - INFO: [ Epoch 34 (test) ]: test loglike is 5.256066703274226, num_events is 112141, mark_ll is -1.4421833652778644, time_ll is 6.6982501382188495[0m
[31;1m2026-09-28 17:02:27,866 - tpp_runner.py[pid:29632;line:140:_train_model] - CRITICAL: current best loglike on valid set is 5.3274 (updated at epoch-34), best updated at this epoch[0m
[38;20m2026-09-28 17:02:46,379 - tpp_runner.py[pid:29632;line:104:_train_model] - INFO: [ Epoch 35 (train) ]: train loglike is 5.764855063814223, num_events is 242824, mark_ll is -1.4083543967930476, time_ll is 7.173209460607271[0m
[38;20m2026-09-28 17:02:46,974 - tpp_runner.py[pid:29632;line:116:_train_model] - INFO: [ Epoch 35 (valid) ]:  valid loglike is 5.312051544480459, num_events is 52959, mark_ll is -1.3982077840434346, time_ll is 6.710259374623824[0m
[38;20m2026-09-28 17:02:48,247 - tpp_runner.py[pid:29632;line:136:_train_model] - INFO: [ Epoch 35 (test) ]: test loglike is 5.26525331913339, num_events is 112141, mark_ll is -1.4366200718257316, time_ll is 6.701873401844553[0m
[31;1m2026-09-28 17:02:48,247 - tpp_runner.py[pid:29632;line:140:_train_model] - CRITICAL: current best loglike on valid set is 5.3274 (updated at epoch-34)[0m
[38;20m2026-09-28 17:03:06,655 - tpp_runner.py[pid:29632;line:104:_train_model] - INFO: [ Epoch 36 (train) ]: train loglike is 5.778042293170671, num_events is 242824, mark_ll is -1.4037626580234037, time_ll is 7.181804975324206[0m
[38;20m2026-09-28 17:03:07,265 - tpp_runner.py[pid:29632;line:116:_train_model] - INFO: [ Epoch 36 (valid) ]:  valid loglike is 5.311954836045042, num_events is 52959, mark_ll is -1.3974537770282052, time_ll is 6.709408714493096[0m
[38;20m2026-09-28 17:03:08,546 - tpp_runner.py[pid:29632;line:136:_train_model] - INFO: [ Epoch 36 (test) ]: test loglike is 5.256784384098479, num_events is 112141, mark_ll is -1.4336611438808062, time_ll is 6.690445510562595[0m
[31;1m2026-09-28 17:03:08,546 - tpp_runner.py[pid:29632;line:140:_train_model] - CRITICAL: current best loglike on valid set is 5.3274 (updated at epoch-34)[0m
[38;20m2026-09-28 17:03:26,995 - tpp_runner.py[pid:29632;line:104:_train_model] - INFO: [ Epoch 37 (train) ]: train loglike is 5.777019211799235, num_events is 242824, mark_ll is -1.4037678359474095, time_ll is 7.1807869894321605[0m
[38;20m2026-09-28 17:03:27,602 - tpp_runner.py[pid:29632;line:116:_train_model] - INFO: [ Epoch 37 (valid) ]:  valid loglike is 5.346617847899953, num_events is 52959, mark_ll is -1.3943614475307364, time_ll is 6.740979295718814[0m
[38;20m2026-09-28 17:03:28,879 - tpp_runner.py[pid:29632;line:136:_train_model] - INFO: [ Epoch 37 (test) ]: test loglike is 5.288633779474612, num_events is 112141, mark_ll is -1.4343331799155192, time_ll is 6.722966998577683[0m
[31;1m2026-09-28 17:03:28,879 - tpp_runner.py[pid:29632;line:140:_train_model] - CRITICAL: current best loglike on valid set is 5.3466 (updated at epoch-37), best updated at this epoch[0m
[38;20m2026-09-28 17:03:47,356 - tpp_runner.py[pid:29632;line:104:_train_model] - INFO: [ Epoch 38 (train) ]: train loglike is 5.7873773481513355, num_events is 242824, mark_ll is -1.3987345479486943, time_ll is 7.186111857893989[0m
[38;20m2026-09-28 17:03:47,978 - tpp_runner.py[pid:29632;line:116:_train_model] - INFO: [ Epoch 38 (valid) ]:  valid loglike is 5.350295254384583, num_events is 52959, mark_ll is -1.391456485440646, time_ll is 6.741751611321671[0m
[38;20m2026-09-28 17:03:49,272 - tpp_runner.py[pid:29632;line:136:_train_model] - INFO: [ Epoch 38 (test) ]: test loglike is 5.2997093746656, num_events is 112141, mark_ll is -1.4301220551164382, time_ll is 6.729831499448797[0m
[31;1m2026-09-28 17:03:49,272 - tpp_runner.py[pid:29632;line:140:_train_model] - CRITICAL: current best loglike on valid set is 5.3503 (updated at epoch-38), best updated at this epoch[0m
[38;20m2026-09-28 17:04:07,744 - tpp_runner.py[pid:29632;line:104:_train_model] - INFO: [ Epoch 39 (train) ]: train loglike is 5.794395226841251, num_events is 242824, mark_ll is -1.3956759773957939, time_ll is 7.190071186139447[0m
[38;20m2026-09-28 17:04:08,351 - tpp_runner.py[pid:29632;line:116:_train_model] - INFO: [ Epoch 39 (valid) ]:  valid loglike is 5.368206655378822, num_events is 52959, mark_ll is -1.3779127235897368, time_ll is 6.746119351596724[0m
[38;20m2026-09-28 17:04:09,627 - tpp_runner.py[pid:29632;line:136:_train_model] - INFO: [ Epoch 39 (test) ]: test loglike is 5.319703978278462, num_events is 112141, mark_ll is -1.4188040979798868, time_ll is 6.73850800659159[0m
[31;1m2026-09-28 17:04:09,627 - tpp_runner.py[pid:29632;line:140:_train_model] - CRITICAL: current best loglike on valid set is 5.3682 (updated at epoch-39), best updated at this epoch[0m
[38;20m2026-09-28 17:04:28,215 - tpp_runner.py[pid:29632;line:104:_train_model] - INFO: [ Epoch 40 (train) ]: train loglike is 5.8020760487148095, num_events is 242824, mark_ll is -1.3961178282515063, time_ll is 7.1981937985433895[0m
[38;20m2026-09-28 17:04:28,822 - tpp_runner.py[pid:29632;line:116:_train_model] - INFO: [ Epoch 40 (valid) ]:  valid loglike is 5.354373067583089, num_events is 52959, mark_ll is -1.3826879673749313, time_ll is 6.73706096177438[0m
[38;20m2026-09-28 17:04:30,100 - tpp_runner.py[pid:29632;line:136:_train_model] - INFO: [ Epoch 40 (test) ]: test loglike is 5.309774070352837, num_events is 112141, mark_ll is -1.4228931404924938, time_ll is 6.732667154241089[0m
[31;1m2026-09-28 17:04:30,100 - tpp_runner.py[pid:29632;line:140:_train_model] - CRITICAL: current best loglike on valid set is 5.3682 (updated at epoch-39)[0m
[38;20m2026-09-28 17:04:48,616 - tpp_runner.py[pid:29632;line:104:_train_model] - INFO: [ Epoch 41 (train) ]: train loglike is 5.800939048993561, num_events is 242824, mark_ll is -1.3932528959696633, time_ll is 7.19419192887647[0m
[38;20m2026-09-28 17:04:49,217 - tpp_runner.py[pid:29632;line:116:_train_model] - INFO: [ Epoch 41 (valid) ]:  valid loglike is 5.338195270632043, num_events is 52959, mark_ll is -1.3868532695988878, time_ll is 6.725048529858446[0m
[38;20m2026-09-28 17:04:50,488 - tpp_runner.py[pid:29632;line:136:_train_model] - INFO: [ Epoch 41 (test) ]: test loglike is 5.282708630345948, num_events is 112141, mark_ll is -1.4271934539824584, time_ll is 6.709902034255424[0m
[31;1m2026-09-28 17:04:50,488 - tpp_runner.py[pid:29632;line:140:_train_model] - CRITICAL: current best loglike on valid set is 5.3682 (updated at epoch-39)[0m
[38;20m2026-09-28 17:05:08,981 - tpp_runner.py[pid:29632;line:104:_train_model] - INFO: [ Epoch 42 (train) ]: train loglike is 5.8106814608072614, num_events is 242824, mark_ll is -1.3882565833754592, time_ll is 7.198938044182721[0m
[38;20m2026-09-28 17:05:09,589 - tpp_runner.py[pid:29632;line:116:_train_model] - INFO: [ Epoch 42 (valid) ]:  valid loglike is 5.398991388366915, num_events is 52959, mark_ll is -1.383255408545334, time_ll is 6.782246777319778[0m
[38;20m2026-09-28 17:05:10,873 - tpp_runner.py[pid:29632;line:136:_train_model] - INFO: [ Epoch 42 (test) ]: test loglike is 5.333500487109978, num_events is 112141, mark_ll is -1.4242154765331703, time_ll is 6.757715898330561[0m
[31;1m2026-09-28 17:05:10,873 - tpp_runner.py[pid:29632;line:140:_train_model] - CRITICAL: current best loglike on valid set is 5.3990 (updated at epoch-42), best updated at this epoch[0m
[38;20m2026-09-28 17:05:29,362 - tpp_runner.py[pid:29632;line:104:_train_model] - INFO: [ Epoch 43 (train) ]: train loglike is 5.8184560322625645, num_events is 242824, mark_ll is -1.3878362807269875, time_ll is 7.206292272772667[0m
[38;20m2026-09-28 17:05:29,968 - tpp_runner.py[pid:29632;line:116:_train_model] - INFO: [ Epoch 43 (valid) ]:  valid loglike is 5.395313928867364, num_events is 52959, mark_ll is -1.3782867412624404, time_ll is 6.773600606166149[0m
[38;20m2026-09-28 17:05:31,246 - tpp_runner.py[pid:29632;line:136:_train_model] - INFO: [ Epoch 43 (test) ]: test loglike is 5.327853822141322, num_events is 112141, mark_ll is -1.4180143860811947, time_ll is 6.745868256118413[0m
[31;1m2026-09-28 17:05:31,246 - tpp_runner.py[pid:29632;line:140:_train_model] - CRITICAL: current best loglike on valid set is 5.3990 (updated at epoch-42)[0m
[38;20m2026-09-28 17:05:49,995 - tpp_runner.py[pid:29632;line:104:_train_model] - INFO: [ Epoch 44 (train) ]: train loglike is 5.821457659727312, num_events is 242824, mark_ll is -1.381562205290663, time_ll is 7.203019865017976[0m
[38;20m2026-09-28 17:05:50,632 - tpp_runner.py[pid:29632;line:116:_train_model] - INFO: [ Epoch 44 (valid) ]:  valid loglike is 5.396480924420159, num_events is 52959, mark_ll is -1.3758038165501372, time_ll is 6.772284602958627[0m
[38;20m2026-09-28 17:05:51,907 - tpp_runner.py[pid:29632;line:136:_train_model] - INFO: [ Epoch 44 (test) ]: test loglike is 5.348048064559907, num_events is 112141, mark_ll is -1.4137760607669696, time_ll is 6.7618240687226345[0m
[31;1m2026-09-28 17:05:51,907 - tpp_runner.py[pid:29632;line:140:_train_model] - CRITICAL: current best loglike on valid set is 5.3990 (updated at epoch-42)[0m
[38;20m2026-09-28 17:06:10,707 - tpp_runner.py[pid:29632;line:104:_train_model] - INFO: [ Epoch 45 (train) ]: train loglike is 5.826172912595646, num_events is 242824, mark_ll is -1.3816311913251729, time_ll is 7.207804186365434[0m
[38;20m2026-09-28 17:06:11,317 - tpp_runner.py[pid:29632;line:116:_train_model] - INFO: [ Epoch 45 (valid) ]:  valid loglike is 5.419579030965066, num_events is 52959, mark_ll is -1.3744022273799439, time_ll is 6.793981258921258[0m
[38;20m2026-09-28 17:06:12,608 - tpp_runner.py[pid:29632;line:136:_train_model] - INFO: [ Epoch 45 (test) ]: test loglike is 5.346275507090404, num_events is 112141, mark_ll is -1.4147016010744844, time_ll is 6.760977156060785[0m
[31;1m2026-09-28 17:06:12,608 - tpp_runner.py[pid:29632;line:140:_train_model] - CRITICAL: current best loglike on valid set is 5.4196 (updated at epoch-45), best updated at this epoch[0m
[38;20m2026-09-28 17:06:31,492 - tpp_runner.py[pid:29632;line:104:_train_model] - INFO: [ Epoch 46 (train) ]: train loglike is 5.836048900772782, num_events is 242824, mark_ll is -1.3800547336528979, time_ll is 7.216103680675098[0m
[38;20m2026-09-28 17:06:32,102 - tpp_runner.py[pid:29632;line:116:_train_model] - INFO: [ Epoch 46 (valid) ]:  valid loglike is 5.428401438697713, num_events is 52959, mark_ll is -1.371354048650843, time_ll is 6.799755367488736[0m
[38;20m2026-09-28 17:06:33,380 - tpp_runner.py[pid:29632;line:136:_train_model] - INFO: [ Epoch 46 (test) ]: test loglike is 5.38804175658323, num_events is 112141, mark_ll is -1.4125941359015937, time_ll is 6.800635925141117[0m
[31;1m2026-09-28 17:06:33,382 - tpp_runner.py[pid:29632;line:140:_train_model] - CRITICAL: current best loglike on valid set is 5.4284 (updated at epoch-46), best updated at this epoch[0m
[38;20m2026-09-28 17:06:52,012 - tpp_runner.py[pid:29632;line:104:_train_model] - INFO: [ Epoch 47 (train) ]: train loglike is 5.829454445561652, num_events is 242824, mark_ll is -1.3778447554703972, time_ll is 7.2072992794549755[0m
[38;20m2026-09-28 17:06:52,623 - tpp_runner.py[pid:29632;line:116:_train_model] - INFO: [ Epoch 47 (valid) ]:  valid loglike is 5.421564377511893, num_events is 52959, mark_ll is -1.3742336704731932, time_ll is 6.795798001885156[0m
[38;20m2026-09-28 17:06:53,893 - tpp_runner.py[pid:29632;line:136:_train_model] - INFO: [ Epoch 47 (test) ]: test loglike is 5.354392450826415, num_events is 112141, mark_ll is -1.4132613496903452, time_ll is 6.767653800516761[0m
[31;1m2026-09-28 17:06:53,893 - tpp_runner.py[pid:29632;line:140:_train_model] - CRITICAL: current best loglike on valid set is 5.4284 (updated at epoch-46)[0m
[38;20m2026-09-28 17:07:12,482 - tpp_runner.py[pid:29632;line:104:_train_model] - INFO: [ Epoch 48 (train) ]: train loglike is 5.834475535779, num_events is 242824, mark_ll is -1.3738509995601238, time_ll is 7.208326563490944[0m
[38;20m2026-09-28 17:07:13,086 - tpp_runner.py[pid:29632;line:116:_train_model] - INFO: [ Epoch 48 (valid) ]:  valid loglike is 5.437604711383452, num_events is 52959, mark_ll is -1.369185231869561, time_ll is 6.80678992538929[0m
[38;20m2026-09-28 17:07:14,363 - tpp_runner.py[pid:29632;line:136:_train_model] - INFO: [ Epoch 48 (test) ]: test loglike is 5.36282156260032, num_events is 112141, mark_ll is -1.4097060394566048, time_ll is 6.772527634713218[0m
[31;1m2026-09-28 17:07:14,363 - tpp_runner.py[pid:29632;line:140:_train_model] - CRITICAL: current best loglike on valid set is 5.4376 (updated at epoch-48), best updated at this epoch[0m
[38;20m2026-09-28 17:07:32,946 - tpp_runner.py[pid:29632;line:104:_train_model] - INFO: [ Epoch 49 (train) ]: train loglike is 5.858162814811345, num_events is 242824, mark_ll is -1.3721497086753163, time_ll is 7.230312547616792[0m
[38;20m2026-09-28 17:07:33,549 - tpp_runner.py[pid:29632;line:116:_train_model] - INFO: [ Epoch 49 (valid) ]:  valid loglike is 5.404245903458705, num_events is 52959, mark_ll is -1.367832936203172, time_ll is 6.772078793273821[0m
[38;20m2026-09-28 17:07:34,823 - tpp_runner.py[pid:29632;line:136:_train_model] - INFO: [ Epoch 49 (test) ]: test loglike is 5.363602222174539, num_events is 112141, mark_ll is -1.408787193689195, time_ll is 6.772389563905596[0m
[31;1m2026-09-28 17:07:34,823 - tpp_runner.py[pid:29632;line:140:_train_model] - CRITICAL: current best loglike on valid set is 5.4376 (updated at epoch-48)[0m
[38;20m2026-09-28 17:07:53,345 - tpp_runner.py[pid:29632;line:104:_train_model] - INFO: [ Epoch 50 (train) ]: train loglike is 5.854208031073947, num_events is 242824, mark_ll is -1.3683787462672297, time_ll is 7.222586739135135[0m
[38;20m2026-09-28 17:07:53,951 - tpp_runner.py[pid:29632;line:116:_train_model] - INFO: [ Epoch 50 (valid) ]:  valid loglike is 5.409458238266056, num_events is 52959, mark_ll is -1.3655489770646574, time_ll is 6.775007207263225[0m
[38;20m2026-09-28 17:07:55,225 - tpp_runner.py[pid:29632;line:136:_train_model] - INFO: [ Epoch 50 (test) ]: test loglike is 5.348786601870079, num_events is 112141, mark_ll is -1.404366321873105, time_ll is 6.75315292592027[0m
[31;1m2026-09-28 17:07:55,225 - tpp_runner.py[pid:29632;line:140:_train_model] - CRITICAL: current best loglike on valid set is 5.4376 (updated at epoch-48)[0m
[38;20m2026-09-28 17:08:13,745 - tpp_runner.py[pid:29632;line:104:_train_model] - INFO: [ Epoch 51 (train) ]: train loglike is 5.85439111442341, num_events is 242824, mark_ll is -1.369278993205341, time_ll is 7.223670061379332[0m
[38;20m2026-09-28 17:08:14,352 - tpp_runner.py[pid:29632;line:116:_train_model] - INFO: [ Epoch 51 (valid) ]:  valid loglike is 5.410538442631107, num_events is 52959, mark_ll is -1.363313471834952, time_ll is 6.773851913025436[0m
[38;20m2026-09-28 17:08:15,631 - tpp_runner.py[pid:29632;line:136:_train_model] - INFO: [ Epoch 51 (test) ]: test loglike is 5.3306508989659225, num_events is 112141, mark_ll is -1.4022293223486504, time_ll is 6.732880177772849[0m
[31;1m2026-09-28 17:08:15,631 - tpp_runner.py[pid:29632;line:140:_train_model] - CRITICAL: current best loglike on valid set is 5.4376 (updated at epoch-48)[0m
[38;20m2026-09-28 17:08:34,227 - tpp_runner.py[pid:29632;line:104:_train_model] - INFO: [ Epoch 52 (train) ]: train loglike is 5.86501508036685, num_events is 242824, mark_ll is -1.366379221035606, time_ll is 7.231394357706096[0m
[38;20m2026-09-28 17:08:34,843 - tpp_runner.py[pid:29632;line:116:_train_model] - INFO: [ Epoch 52 (valid) ]:  valid loglike is 5.406535208748601, num_events is 52959, mark_ll is -1.3579580074022106, time_ll is 6.764493251302009[0m
[38;20m2026-09-28 17:08:36,123 - tpp_runner.py[pid:29632;line:136:_train_model] - INFO: [ Epoch 52 (test) ]: test loglike is 5.363100830511365, num_events is 112141, mark_ll is -1.3977681896772256, time_ll is 6.760869015834419[0m
[31;1m2026-09-28 17:08:36,123 - tpp_runner.py[pid:29632;line:140:_train_model] - CRITICAL: current best loglike on valid set is 5.4376 (updated at epoch-48)[0m
[38;20m2026-09-28 17:08:54,561 - tpp_runner.py[pid:29632;line:104:_train_model] - INFO: [ Epoch 53 (train) ]: train loglike is 5.874110804662019, num_events is 242824, mark_ll is -1.3630666828617384, time_ll is 7.23717746540447[0m
[38;20m2026-09-28 17:08:55,171 - tpp_runner.py[pid:29632;line:116:_train_model] - INFO: [ Epoch 53 (valid) ]:  valid loglike is 5.435329751239609, num_events is 52959, mark_ll is -1.3582025439103687, time_ll is 6.793532258270033[0m
[38;20m2026-09-28 17:08:56,474 - tpp_runner.py[pid:29632;line:136:_train_model] - INFO: [ Epoch 53 (test) ]: test loglike is 5.37306625977564, num_events is 112141, mark_ll is -1.3990099865905423, time_ll is 6.772076202824458[0m
[31;1m2026-09-28 17:08:56,474 - tpp_runner.py[pid:29632;line:140:_train_model] - CRITICAL: current best loglike on valid set is 5.4376 (updated at epoch-48)[0m
[38;20m2026-09-28 17:09:14,940 - tpp_runner.py[pid:29632;line:104:_train_model] - INFO: [ Epoch 54 (train) ]: train loglike is 5.867310885404655, num_events is 242824, mark_ll is -1.3627826490971857, time_ll is 7.230093534501841[0m
[38;20m2026-09-28 17:09:15,552 - tpp_runner.py[pid:29632;line:116:_train_model] - INFO: [ Epoch 54 (valid) ]:  valid loglike is 5.453625944901067, num_events is 52959, mark_ll is -1.3541827912700597, time_ll is 6.807808671631223[0m
[38;20m2026-09-28 17:09:16,861 - tpp_runner.py[pid:29632;line:136:_train_model] - INFO: [ Epoch 54 (test) ]: test loglike is 5.387120666239935, num_events is 112141, mark_ll is -1.3954210512602438, time_ll is 6.782541569458316[0m
[31;1m2026-09-28 17:09:16,861 - tpp_runner.py[pid:29632;line:140:_train_model] - CRITICAL: current best loglike on valid set is 5.4536 (updated at epoch-54), best updated at this epoch[0m
[38;20m2026-09-28 17:09:35,339 - tpp_runner.py[pid:29632;line:104:_train_model] - INFO: [ Epoch 55 (train) ]: train loglike is 5.874968630829325, num_events is 242824, mark_ll is -1.3619519472082917, time_ll is 7.236920535809887[0m
[38;20m2026-09-28 17:09:35,945 - tpp_runner.py[pid:29632;line:116:_train_model] - INFO: [ Epoch 55 (valid) ]:  valid loglike is 5.421352081566784, num_events is 52959, mark_ll is -1.3544711235771163, time_ll is 6.775823353528054[0m
[38;20m2026-09-28 17:09:37,218 - tpp_runner.py[pid:29632;line:136:_train_model] - INFO: [ Epoch 55 (test) ]: test loglike is 5.365105683079784, num_events is 112141, mark_ll is -1.3958285909138664, time_ll is 6.760934215212322[0m
[31;1m2026-09-28 17:09:37,218 - tpp_runner.py[pid:29632;line:140:_train_model] - CRITICAL: current best loglike on valid set is 5.4536 (updated at epoch-54)[0m
[38;20m2026-09-28 17:09:55,707 - tpp_runner.py[pid:29632;line:104:_train_model] - INFO: [ Epoch 56 (train) ]: train loglike is 5.886925822721652, num_events is 242824, mark_ll is -1.3573272647769064, time_ll is 7.244253039238296[0m
[38;20m2026-09-28 17:09:56,317 - tpp_runner.py[pid:29632;line:116:_train_model] - INFO: [ Epoch 56 (valid) ]:  valid loglike is 5.438295949885023, num_events is 52959, mark_ll is -1.3517229168114204, time_ll is 6.790018820020263[0m
[38;20m2026-09-28 17:09:57,597 - tpp_runner.py[pid:29632;line:136:_train_model] - INFO: [ Epoch 56 (test) ]: test loglike is 5.356241894272612, num_events is 112141, mark_ll is -1.3926859887364178, time_ll is 6.748927872123599[0m
[31;1m2026-09-28 17:09:57,597 - tpp_runner.py[pid:29632;line:140:_train_model] - CRITICAL: current best loglike on valid set is 5.4536 (updated at epoch-54)[0m
[38;20m2026-09-28 17:10:16,149 - tpp_runner.py[pid:29632;line:104:_train_model] - INFO: [ Epoch 57 (train) ]: train loglike is 5.882144071233177, num_events is 242824, mark_ll is -1.3551793352161698, time_ll is 7.237323444655388[0m
[38;20m2026-09-28 17:10:16,754 - tpp_runner.py[pid:29632;line:116:_train_model] - INFO: [ Epoch 57 (valid) ]:  valid loglike is 5.428716631993987, num_events is 52959, mark_ll is -1.349090744148499, time_ll is 6.777807320534444[0m
[38;20m2026-09-28 17:10:18,040 - tpp_runner.py[pid:29632;line:136:_train_model] - INFO: [ Epoch 57 (test) ]: test loglike is 5.367480248428875, num_events is 112141, mark_ll is -1.387804168987731, time_ll is 6.755284354281106[0m
[31;1m2026-09-28 17:10:18,040 - tpp_runner.py[pid:29632;line:140:_train_model] - CRITICAL: current best loglike on valid set is 5.4536 (updated at epoch-54)[0m
[38;20m2026-09-28 17:10:36,668 - tpp_runner.py[pid:29632;line:104:_train_model] - INFO: [ Epoch 58 (train) ]: train loglike is 5.884926255262299, num_events is 242824, mark_ll is -1.3555037125493927, time_ll is 7.240429941670716[0m
[38;20m2026-09-28 17:10:37,264 - tpp_runner.py[pid:29632;line:116:_train_model] - INFO: [ Epoch 58 (valid) ]:  valid loglike is 5.461991896471135, num_events is 52959, mark_ll is -1.3493069928745733, time_ll is 6.811299017273017[0m
[38;20m2026-09-28 17:10:38,557 - tpp_runner.py[pid:29632;line:136:_train_model] - INFO: [ Epoch 58 (test) ]: test loglike is 5.366499270798036, num_events is 112141, mark_ll is -1.3888975038609317, time_ll is 6.755396752888105[0m
[31;1m2026-09-28 17:10:38,557 - tpp_runner.py[pid:29632;line:140:_train_model] - CRITICAL: current best loglike on valid set is 5.4620 (updated at epoch-58), best updated at this epoch[0m
[38;20m2026-09-28 17:10:56,979 - tpp_runner.py[pid:29632;line:104:_train_model] - INFO: [ Epoch 59 (train) ]: train loglike is 5.88799327136115, num_events is 242824, mark_ll is -1.3522271403362105, time_ll is 7.240220419740738[0m
[38;20m2026-09-28 17:10:57,589 - tpp_runner.py[pid:29632;line:116:_train_model] - INFO: [ Epoch 59 (valid) ]:  valid loglike is 5.4330899388357174, num_events is 52959, mark_ll is -1.3429038582387658, time_ll is 6.7759936766384135[0m
[38;20m2026-09-28 17:10:58,859 - tpp_runner.py[pid:29632;line:136:_train_model] - INFO: [ Epoch 59 (test) ]: test loglike is 5.373317669691504, num_events is 112141, mark_ll is -1.3818188016544184, time_ll is 6.755136416918767[0m
[31;1m2026-09-28 17:10:58,859 - tpp_runner.py[pid:29632;line:140:_train_model] - CRITICAL: current best loglike on valid set is 5.4620 (updated at epoch-58)[0m
[38;20m2026-09-28 17:11:17,311 - tpp_runner.py[pid:29632;line:104:_train_model] - INFO: [ Epoch 60 (train) ]: train loglike is 5.867976515076249, num_events is 242824, mark_ll is -1.3519642204365354, time_ll is 7.219940773718825[0m
[38;20m2026-09-28 17:11:17,922 - tpp_runner.py[pid:29632;line:116:_train_model] - INFO: [ Epoch 60 (valid) ]:  valid loglike is 4.985961280188448, num_events is 52959, mark_ll is -1.3452228340205543, time_ll is 6.331184060041583[0m
[38;20m2026-09-28 17:11:19,197 - tpp_runner.py[pid:29632;line:136:_train_model] - INFO: [ Epoch 60 (test) ]: test loglike is 5.39377469512433, num_events is 112141, mark_ll is -1.3865320996906239, time_ll is 6.780306799169126[0m
[31;1m2026-09-28 17:11:19,197 - tpp_runner.py[pid:29632;line:140:_train_model] - CRITICAL: current best loglike on valid set is 5.4620 (updated at epoch-58)[0m
[38;20m2026-09-28 17:11:37,655 - tpp_runner.py[pid:29632;line:104:_train_model] - INFO: [ Epoch 61 (train) ]: train loglike is 5.8288604421631, num_events is 242824, mark_ll is -1.345253829998785, time_ll is 7.174114252053442[0m
[38;20m2026-09-28 17:11:38,267 - tpp_runner.py[pid:29632;line:116:_train_model] - INFO: [ Epoch 61 (valid) ]:  valid loglike is 5.426856507842446, num_events is 52959, mark_ll is -1.3428935969703568, time_ll is 6.769750012612941[0m
[38;20m2026-09-28 17:11:39,550 - tpp_runner.py[pid:29632;line:136:_train_model] - INFO: [ Epoch 61 (test) ]: test loglike is 5.384427610594586, num_events is 112141, mark_ll is -1.3800485497192152, time_ll is 6.7644761603138015[0m
[31;1m2026-09-28 17:11:39,550 - tpp_runner.py[pid:29632;line:140:_train_model] - CRITICAL: current best loglike on valid set is 5.4620 (updated at epoch-58)[0m
[38;20m2026-09-28 17:11:58,016 - tpp_runner.py[pid:29632;line:104:_train_model] - INFO: [ Epoch 62 (train) ]: train loglike is 5.885546592677464, num_events is 242824, mark_ll is -1.345654116703353, time_ll is 7.2312007857928995[0m
[38;20m2026-09-28 17:11:58,635 - tpp_runner.py[pid:29632;line:116:_train_model] - INFO: [ Epoch 62 (valid) ]:  valid loglike is 5.444388256311782, num_events is 52959, mark_ll is -1.3432344791650992, time_ll is 6.787622773797448[0m
[38;20m2026-09-28 17:11:59,916 - tpp_runner.py[pid:29632;line:136:_train_model] - INFO: [ Epoch 62 (test) ]: test loglike is 5.395951554920257, num_events is 112141, mark_ll is -1.3829675934447203, time_ll is 6.77891907216696[0m
[31;1m2026-09-28 17:11:59,916 - tpp_runner.py[pid:29632;line:140:_train_model] - CRITICAL: current best loglike on valid set is 5.4620 (updated at epoch-58)[0m
[38;20m2026-09-28 17:12:18,824 - tpp_runner.py[pid:29632;line:104:_train_model] - INFO: [ Epoch 63 (train) ]: train loglike is 5.8947624810047605, num_events is 242824, mark_ll is -1.347231183661443, time_ll is 7.241993727002376[0m
[38;20m2026-09-28 17:12:19,437 - tpp_runner.py[pid:29632;line:116:_train_model] - INFO: [ Epoch 63 (valid) ]:  valid loglike is 5.45630256682941, num_events is 52959, mark_ll is -1.3465461213053118, time_ll is 6.802848596799234[0m
[38;20m2026-09-28 17:12:20,724 - tpp_runner.py[pid:29632;line:136:_train_model] - INFO: [ Epoch 63 (test) ]: test loglike is 5.3986370081805495, num_events is 112141, mark_ll is -1.3874382421599816, time_ll is 6.786075311298945[0m
[31;1m2026-09-28 17:12:20,724 - tpp_runner.py[pid:29632;line:140:_train_model] - CRITICAL: current best loglike on valid set is 5.4620 (updated at epoch-58)[0m
[38;20m2026-09-28 17:12:39,530 - tpp_runner.py[pid:29632;line:104:_train_model] - INFO: [ Epoch 64 (train) ]: train loglike is 5.897784586907596, num_events is 242824, mark_ll is -1.3492233451813351, time_ll is 7.2470079119804875[0m
[38;20m2026-09-28 17:12:40,148 - tpp_runner.py[pid:29632;line:116:_train_model] - INFO: [ Epoch 64 (valid) ]:  valid loglike is 5.480471872117833, num_events is 52959, mark_ll is -1.3462767717973751, time_ll is 6.826748745335056[0m
[38;20m2026-09-28 17:12:41,432 - tpp_runner.py[pid:29632;line:136:_train_model] - INFO: [ Epoch 64 (test) ]: test loglike is 5.408349259734954, num_events is 112141, mark_ll is -1.3861488193086717, time_ll is 6.794498153064557[0m
[31;1m2026-09-28 17:12:41,432 - tpp_runner.py[pid:29632;line:140:_train_model] - CRITICAL: current best loglike on valid set is 5.4805 (updated at epoch-64), best updated at this epoch[0m
[38;20m2026-09-28 17:13:00,090 - tpp_runner.py[pid:29632;line:104:_train_model] - INFO: [ Epoch 65 (train) ]: train loglike is 5.89280703146878, num_events is 242824, mark_ll is -1.3484461377826635, time_ll is 7.241253141099624[0m
[38;20m2026-09-28 17:13:00,701 - tpp_runner.py[pid:29632;line:116:_train_model] - INFO: [ Epoch 65 (valid) ]:  valid loglike is 5.460853985364857, num_events is 52959, mark_ll is -1.3471122615932845, time_ll is 6.807966246958142[0m
[38;20m2026-09-28 17:13:01,976 - tpp_runner.py[pid:29632;line:136:_train_model] - INFO: [ Epoch 65 (test) ]: test loglike is 5.397903077584804, num_events is 112141, mark_ll is -1.3865566049730362, time_ll is 6.784459669495323[0m
[31;1m2026-09-28 17:13:01,976 - tpp_runner.py[pid:29632;line:140:_train_model] - CRITICAL: current best loglike on valid set is 5.4805 (updated at epoch-64)[0m
[38;20m2026-09-28 17:13:20,664 - tpp_runner.py[pid:29632;line:104:_train_model] - INFO: [ Epoch 66 (train) ]: train loglike is 5.886079076306296, num_events is 242824, mark_ll is -1.3484509416896342, time_ll is 7.234530052180283[0m
[38;20m2026-09-28 17:13:21,274 - tpp_runner.py[pid:29632;line:116:_train_model] - INFO: [ Epoch 66 (valid) ]:  valid loglike is 5.461295037235468, num_events is 52959, mark_ll is -1.3437081654650442, time_ll is 6.805003092060677[0m
[38;20m2026-09-28 17:13:22,559 - tpp_runner.py[pid:29632;line:136:_train_model] - INFO: [ Epoch 66 (test) ]: test loglike is 5.385525332296506, num_events is 112141, mark_ll is -1.384343966942287, time_ll is 6.7698693776138965[0m
[31;1m2026-09-28 17:13:22,559 - tpp_runner.py[pid:29632;line:140:_train_model] - CRITICAL: current best loglike on valid set is 5.4805 (updated at epoch-64)[0m
[38;20m2026-09-28 17:13:41,230 - tpp_runner.py[pid:29632;line:104:_train_model] - INFO: [ Epoch 67 (train) ]: train loglike is 5.895457139224294, num_events is 242824, mark_ll is -1.3500371459241056, time_ll is 7.245494269061646[0m
[38;20m2026-09-28 17:13:41,841 - tpp_runner.py[pid:29632;line:116:_train_model] - INFO: [ Epoch 67 (valid) ]:  valid loglike is 5.458361505001216, num_events is 52959, mark_ll is -1.3453175947338831, time_ll is 6.803679257627363[0m
[38;20m2026-09-28 17:13:43,127 - tpp_runner.py[pid:29632;line:136:_train_model] - INFO: [ Epoch 67 (test) ]: test loglike is 5.388425568174219, num_events is 112141, mark_ll is -1.3866613228198763, time_ll is 6.77508697372337[0m
[31;1m2026-09-28 17:13:43,127 - tpp_runner.py[pid:29632;line:140:_train_model] - CRITICAL: current best loglike on valid set is 5.4805 (updated at epoch-64)[0m
[38;20m2026-09-28 17:14:01,561 - tpp_runner.py[pid:29632;line:104:_train_model] - INFO: [ Epoch 68 (train) ]: train loglike is 5.8972674460205745, num_events is 242824, mark_ll is -1.3471741500852985, time_ll is 7.24444149556366[0m
[38;20m2026-09-28 17:14:02,168 - tpp_runner.py[pid:29632;line:116:_train_model] - INFO: [ Epoch 68 (valid) ]:  valid loglike is 5.299446157963516, num_events is 52959, mark_ll is -1.3434288701851018, time_ll is 6.642875092688522[0m
[38;20m2026-09-28 17:14:03,452 - tpp_runner.py[pid:29632;line:136:_train_model] - INFO: [ Epoch 68 (test) ]: test loglike is 5.394958037272831, num_events is 112141, mark_ll is -1.3839817607548757, time_ll is 6.778939676110879[0m
[31;1m2026-09-28 17:14:03,452 - tpp_runner.py[pid:29632;line:140:_train_model] - CRITICAL: current best loglike on valid set is 5.4805 (updated at epoch-64)[0m
[38;20m2026-09-28 17:14:22,135 - tpp_runner.py[pid:29632;line:104:_train_model] - INFO: [ Epoch 69 (train) ]: train loglike is 5.893517989591999, num_events is 242824, mark_ll is -1.3468078205079863, time_ll is 7.2403258523277145[0m
[38;20m2026-09-28 17:14:22,745 - tpp_runner.py[pid:29632;line:116:_train_model] - INFO: [ Epoch 69 (valid) ]:  valid loglike is 5.460308630095185, num_events is 52959, mark_ll is -1.3453729146511777, time_ll is 6.805681451394003[0m
[38;20m2026-09-28 17:14:24,016 - tpp_runner.py[pid:29632;line:136:_train_model] - INFO: [ Epoch 69 (test) ]: test loglike is 5.411146771976797, num_events is 112141, mark_ll is -1.387333826928125, time_ll is 6.798480522706905[0m
[31;1m2026-09-28 17:14:24,016 - tpp_runner.py[pid:29632;line:140:_train_model] - CRITICAL: current best loglike on valid set is 5.4805 (updated at epoch-64)[0m
[38;20m2026-09-28 17:14:42,620 - tpp_runner.py[pid:29632;line:104:_train_model] - INFO: [ Epoch 70 (train) ]: train loglike is 5.8925103193310795, num_events is 242824, mark_ll is -1.3465059646306328, time_ll is 7.239016229668916[0m
[38;20m2026-09-28 17:14:43,217 - tpp_runner.py[pid:29632;line:116:_train_model] - INFO: [ Epoch 70 (valid) ]:  valid loglike is 5.485705056771512, num_events is 52959, mark_ll is -1.3450219950608164, time_ll is 6.830727016104881[0m
[38;20m2026-09-28 17:14:44,508 - tpp_runner.py[pid:29632;line:136:_train_model] - INFO: [ Epoch 70 (test) ]: test loglike is 5.426963895480912, num_events is 112141, mark_ll is -1.3828742073316183, time_ll is 6.809838242146048[0m
[31;1m2026-09-28 17:14:44,510 - tpp_runner.py[pid:29632;line:140:_train_model] - CRITICAL: current best loglike on valid set is 5.4857 (updated at epoch-70), best updated at this epoch[0m
[38;20m2026-09-28 17:15:02,946 - tpp_runner.py[pid:29632;line:104:_train_model] - INFO: [ Epoch 71 (train) ]: train loglike is 5.870654975736027, num_events is 242824, mark_ll is -1.3457262356332416, time_ll is 7.216381241531932[0m
[38;20m2026-09-28 17:15:03,557 - tpp_runner.py[pid:29632;line:116:_train_model] - INFO: [ Epoch 71 (valid) ]:  valid loglike is 5.308222525694995, num_events is 52959, mark_ll is -1.3485564324054413, time_ll is 6.656778819224394[0m
[38;20m2026-09-28 17:15:04,834 - tpp_runner.py[pid:29632;line:136:_train_model] - INFO: [ Epoch 71 (test) ]: test loglike is 5.3993339718524, num_events is 112141, mark_ll is -1.3868815133194483, time_ll is 6.786215480817676[0m
[31;1m2026-09-28 17:15:04,834 - tpp_runner.py[pid:29632;line:140:_train_model] - CRITICAL: current best loglike on valid set is 5.4857 (updated at epoch-70)[0m
[38;20m2026-09-28 17:15:23,297 - tpp_runner.py[pid:29632;line:104:_train_model] - INFO: [ Epoch 72 (train) ]: train loglike is 5.894005004010106, num_events is 242824, mark_ll is -1.3478855666810117, time_ll is 7.241890562647741[0m
[38;20m2026-09-28 17:15:23,899 - tpp_runner.py[pid:29632;line:116:_train_model] - INFO: [ Epoch 72 (valid) ]:  valid loglike is 5.4872446446447665, num_events is 52959, mark_ll is -1.3485180801440295, time_ll is 6.835762668316381[0m
[38;20m2026-09-28 17:15:25,197 - tpp_runner.py[pid:29632;line:136:_train_model] - INFO: [ Epoch 72 (test) ]: test loglike is 5.396635813116969, num_events is 112141, mark_ll is -1.3880145386513965, time_ll is 6.784650356122538[0m
[31;1m2026-09-28 17:15:25,197 - tpp_runner.py[pid:29632;line:140:_train_model] - CRITICAL: current best loglike on valid set is 5.4872 (updated at epoch-72), best updated at this epoch[0m
[38;20m2026-09-28 17:15:43,653 - tpp_runner.py[pid:29632;line:104:_train_model] - INFO: [ Epoch 73 (train) ]: train loglike is 5.898964888149441, num_events is 242824, mark_ll is -1.345018933224913, time_ll is 7.24398381936351[0m
[38;20m2026-09-28 17:15:44,261 - tpp_runner.py[pid:29632;line:116:_train_model] - INFO: [ Epoch 73 (valid) ]:  valid loglike is 5.494580148657895, num_events is 52959, mark_ll is -1.3423136048055933, time_ll is 6.836893725515405[0m
[38;20m2026-09-28 17:15:45,551 - tpp_runner.py[pid:29632;line:136:_train_model] - INFO: [ Epoch 73 (test) ]: test loglike is 5.415544268418219, num_events is 112141, mark_ll is -1.3830910973684916, time_ll is 6.7986354267451246[0m
[31;1m2026-09-28 17:15:45,551 - tpp_runner.py[pid:29632;line:140:_train_model] - CRITICAL: current best loglike on valid set is 5.4946 (updated at epoch-73), best updated at this epoch[0m
[38;20m2026-09-28 17:16:04,196 - tpp_runner.py[pid:29632;line:104:_train_model] - INFO: [ Epoch 74 (train) ]: train loglike is 5.90243798218437, num_events is 242824, mark_ll is -1.344122132873887, time_ll is 7.2465601371775445[0m
[38;20m2026-09-28 17:16:04,806 - tpp_runner.py[pid:29632;line:116:_train_model] - INFO: [ Epoch 74 (valid) ]:  valid loglike is 5.4784759513993135, num_events is 52959, mark_ll is -1.3467590087701615, time_ll is 6.825234895053322[0m
[38;20m2026-09-28 17:16:06,087 - tpp_runner.py[pid:29632;line:136:_train_model] - INFO: [ Epoch 74 (test) ]: test loglike is 5.429742258072427, num_events is 112141, mark_ll is -1.3875073363451202, time_ll is 6.81724960965715[0m
[31;1m2026-09-28 17:16:06,087 - tpp_runner.py[pid:29632;line:140:_train_model] - CRITICAL: current best loglike on valid set is 5.4946 (updated at epoch-73)[0m
[38;20m2026-09-28 17:16:24,759 - tpp_runner.py[pid:29632;line:104:_train_model] - INFO: [ Epoch 75 (train) ]: train loglike is 5.90640506022366, num_events is 242824, mark_ll is -1.3450085793877458, time_ll is 7.251413671784914[0m
[38;20m2026-09-28 17:16:25,370 - tpp_runner.py[pid:29632;line:116:_train_model] - INFO: [ Epoch 75 (valid) ]:  valid loglike is 5.4610143197726515, num_events is 52959, mark_ll is -1.3438214116744867, time_ll is 6.804835768903332[0m
[38;20m2026-09-28 17:16:26,644 - tpp_runner.py[pid:29632;line:136:_train_model] - INFO: [ Epoch 75 (test) ]: test loglike is 5.423094020237357, num_events is 112141, mark_ll is -1.3830752873684133, time_ll is 6.806169285834908[0m
[31;1m2026-09-28 17:16:26,644 - tpp_runner.py[pid:29632;line:140:_train_model] - CRITICAL: current best loglike on valid set is 5.4946 (updated at epoch-73)[0m
[38;20m2026-09-28 17:16:45,255 - tpp_runner.py[pid:29632;line:104:_train_model] - INFO: [ Epoch 76 (train) ]: train loglike is 5.899525487402913, num_events is 242824, mark_ll is -1.3444299307960703, time_ll is 7.243955434285738[0m
[38;20m2026-09-28 17:16:45,866 - tpp_runner.py[pid:29632;line:116:_train_model] - INFO: [ Epoch 76 (valid) ]:  valid loglike is 5.486703447588877, num_events is 52959, mark_ll is -1.3436018198390354, time_ll is 6.830305220175483[0m
[38;20m2026-09-28 17:16:47,136 - tpp_runner.py[pid:29632;line:136:_train_model] - INFO: [ Epoch 76 (test) ]: test loglike is 5.412621904636239, num_events is 112141, mark_ll is -1.383365379752109, time_ll is 6.7959873671176245[0m
[31;1m2026-09-28 17:16:47,136 - tpp_runner.py[pid:29632;line:140:_train_model] - CRITICAL: current best loglike on valid set is 5.4946 (updated at epoch-73)[0m
[38;20m2026-09-28 17:17:05,607 - tpp_runner.py[pid:29632;line:104:_train_model] - INFO: [ Epoch 77 (train) ]: train loglike is 5.9137808732160435, num_events is 242824, mark_ll is -1.3436230895853323, time_ll is 7.257403912530269[0m
[38;20m2026-09-28 17:17:06,205 - tpp_runner.py[pid:29632;line:116:_train_model] - INFO: [ Epoch 77 (valid) ]:  valid loglike is 5.487916991394581, num_events is 52959, mark_ll is -1.3442430004423196, time_ll is 6.832159992125026[0m
[38;20m2026-09-28 17:17:07,474 - tpp_runner.py[pid:29632;line:136:_train_model] - INFO: [ Epoch 77 (test) ]: test loglike is 5.430051186606036, num_events is 112141, mark_ll is -1.3834502534581186, time_ll is 6.813501320324413[0m
[31;1m2026-09-28 17:17:07,488 - tpp_runner.py[pid:29632;line:140:_train_model] - CRITICAL: current best loglike on valid set is 5.4946 (updated at epoch-73)[0m
[38;20m2026-09-28 17:17:25,949 - tpp_runner.py[pid:29632;line:104:_train_model] - INFO: [ Epoch 78 (train) ]: train loglike is 5.906623663126379, num_events is 242824, mark_ll is -1.3408670043040432, time_ll is 7.2474906191701605[0m
[38;20m2026-09-28 17:17:26,555 - tpp_runner.py[pid:29632;line:116:_train_model] - INFO: [ Epoch 78 (valid) ]:  valid loglike is 5.479945850006756, num_events is 52959, mark_ll is -1.3422346168955583, time_ll is 6.822180540662204[0m
[38;20m2026-09-28 17:17:27,834 - tpp_runner.py[pid:29632;line:136:_train_model] - INFO: [ Epoch 78 (test) ]: test loglike is 5.416969406469868, num_events is 112141, mark_ll is -1.381952344122717, time_ll is 6.798921635207016[0m
[31;1m2026-09-28 17:17:27,834 - tpp_runner.py[pid:29632;line:140:_train_model] - CRITICAL: current best loglike on valid set is 5.4946 (updated at epoch-73)[0m
[38;20m2026-09-28 17:17:46,301 - tpp_runner.py[pid:29632;line:104:_train_model] - INFO: [ Epoch 79 (train) ]: train loglike is 5.895747360356678, num_events is 242824, mark_ll is -1.343204065833819, time_ll is 7.238951408092898[0m
[38;20m2026-09-28 17:17:46,917 - tpp_runner.py[pid:29632;line:116:_train_model] - INFO: [ Epoch 79 (valid) ]:  valid loglike is 5.486247212705967, num_events is 52959, mark_ll is -1.344582194515211, time_ll is 6.830829381001842[0m
[38;20m2026-09-28 17:17:48,196 - tpp_runner.py[pid:29632;line:136:_train_model] - INFO: [ Epoch 79 (test) ]: test loglike is 5.417536119427774, num_events is 112141, mark_ll is -1.3831378328782236, time_ll is 6.800674015441498[0m
[31;1m2026-09-28 17:17:48,196 - tpp_runner.py[pid:29632;line:140:_train_model] - CRITICAL: current best loglike on valid set is 5.4946 (updated at epoch-73)[0m
[38;20m2026-09-28 17:18:06,637 - tpp_runner.py[pid:29632;line:104:_train_model] - INFO: [ Epoch 80 (train) ]: train loglike is 5.906363664983434, num_events is 242824, mark_ll is -1.3430185413194073, time_ll is 7.249382204291997[0m
[38;20m2026-09-28 17:18:07,246 - tpp_runner.py[pid:29632;line:116:_train_model] - INFO: [ Epoch 80 (valid) ]:  valid loglike is 5.475566555936476, num_events is 52959, mark_ll is -1.342832521476667, time_ll is 6.818399122360576[0m
[38;20m2026-09-28 17:18:08,525 - tpp_runner.py[pid:29632;line:136:_train_model] - INFO: [ Epoch 80 (test) ]: test loglike is 5.406583416399332, num_events is 112141, mark_ll is -1.3815550759618471, time_ll is 6.788138501069524[0m
[31;1m2026-09-28 17:18:08,525 - tpp_runner.py[pid:29632;line:140:_train_model] - CRITICAL: current best loglike on valid set is 5.4946 (updated at epoch-73)[0m
[38;20m2026-09-28 17:18:27,434 - tpp_runner.py[pid:29632;line:104:_train_model] - INFO: [ Epoch 81 (train) ]: train loglike is 5.917210661708686, num_events is 242824, mark_ll is -1.3411578628740621, time_ll is 7.25836856278879[0m
[38;20m2026-09-28 17:18:28,045 - tpp_runner.py[pid:29632;line:116:_train_model] - INFO: [ Epoch 81 (valid) ]:  valid loglike is 5.493114212339528, num_events is 52959, mark_ll is -1.3426685437336954, time_ll is 6.835782784021307[0m
[38;20m2026-09-28 17:18:29,316 - tpp_runner.py[pid:29632;line:136:_train_model] - INFO: [ Epoch 81 (test) ]: test loglike is 5.420233468287134, num_events is 112141, mark_ll is -1.3818383976074207, time_ll is 6.802071826707003[0m
[31;1m2026-09-28 17:18:29,318 - tpp_runner.py[pid:29632;line:140:_train_model] - CRITICAL: current best loglike on valid set is 5.4946 (updated at epoch-73)[0m
[38;20m2026-09-28 17:18:47,910 - tpp_runner.py[pid:29632;line:104:_train_model] - INFO: [ Epoch 82 (train) ]: train loglike is 5.916812112373571, num_events is 242824, mark_ll is -1.3429998465001916, time_ll is 7.25981193876532[0m
[38;20m2026-09-28 17:18:48,504 - tpp_runner.py[pid:29632;line:116:_train_model] - INFO: [ Epoch 82 (valid) ]:  valid loglike is 5.478491671475812, num_events is 52959, mark_ll is -1.3443869339352583, time_ll is 6.822878588123595[0m
[38;20m2026-09-28 17:18:49,788 - tpp_runner.py[pid:29632;line:136:_train_model] - INFO: [ Epoch 82 (test) ]: test loglike is 5.4069729058311635, num_events is 112141, mark_ll is -1.3830662176272506, time_ll is 6.790039158291793[0m
[31;1m2026-09-28 17:18:49,788 - tpp_runner.py[pid:29632;line:140:_train_model] - CRITICAL: current best loglike on valid set is 5.4946 (updated at epoch-73)[0m
[38;20m2026-09-28 17:19:08,412 - tpp_runner.py[pid:29632;line:104:_train_model] - INFO: [ Epoch 83 (train) ]: train loglike is 5.914187136149794, num_events is 242824, mark_ll is -1.343256912832185, time_ll is 7.257444024851847[0m
[38;20m2026-09-28 17:19:09,016 - tpp_runner.py[pid:29632;line:116:_train_model] - INFO: [ Epoch 83 (valid) ]:  valid loglike is 5.489149569861827, num_events is 52959, mark_ll is -1.342877577820556, time_ll is 6.832027174766092[0m
[38;20m2026-09-28 17:19:10,297 - tpp_runner.py[pid:29632;line:136:_train_model] - INFO: [ Epoch 83 (test) ]: test loglike is 5.415660489988608, num_events is 112141, mark_ll is -1.3819540857916874, time_ll is 6.79761457360321[0m
[31;1m2026-09-28 17:19:10,297 - tpp_runner.py[pid:29632;line:140:_train_model] - CRITICAL: current best loglike on valid set is 5.4946 (updated at epoch-73)[0m
[38;20m2026-09-28 17:19:29,234 - tpp_runner.py[pid:29632;line:104:_train_model] - INFO: [ Epoch 84 (train) ]: train loglike is 5.911496566185797, num_events is 242824, mark_ll is -1.3416681749339285, time_ll is 7.253164763239012[0m
[38;20m2026-09-28 17:19:29,840 - tpp_runner.py[pid:29632;line:116:_train_model] - INFO: [ Epoch 84 (valid) ]:  valid loglike is 5.460971638151462, num_events is 52959, mark_ll is -1.3429052245254731, time_ll is 6.803876917996853[0m
[38;20m2026-09-28 17:19:31,129 - tpp_runner.py[pid:29632;line:136:_train_model] - INFO: [ Epoch 84 (test) ]: test loglike is 5.416254163982174, num_events is 112141, mark_ll is -1.381676561726699, time_ll is 6.797930616854562[0m
[31;1m2026-09-28 17:19:31,129 - tpp_runner.py[pid:29632;line:140:_train_model] - CRITICAL: current best loglike on valid set is 5.4946 (updated at epoch-73)[0m
[38;20m2026-09-28 17:19:49,676 - tpp_runner.py[pid:29632;line:104:_train_model] - INFO: [ Epoch 85 (train) ]: train loglike is 5.915771259160441, num_events is 242824, mark_ll is -1.3422589187539122, time_ll is 7.258030121610714[0m
[38;20m2026-09-28 17:19:50,280 - tpp_runner.py[pid:29632;line:116:_train_model] - INFO: [ Epoch 85 (valid) ]:  valid loglike is 5.474816317590612, num_events is 52959, mark_ll is -1.3432363413141903, time_ll is 6.818052576501176[0m
[38;20m2026-09-28 17:19:51,564 - tpp_runner.py[pid:29632;line:136:_train_model] - INFO: [ Epoch 85 (test) ]: test loglike is 5.406975361584411, num_events is 112141, mark_ll is -1.3819373069882448, time_ll is 6.788912646801794[0m
[31;1m2026-09-28 17:19:51,564 - tpp_runner.py[pid:29632;line:140:_train_model] - CRITICAL: current best loglike on valid set is 5.4946 (updated at epoch-73)[0m
[38;20m2026-09-28 17:20:10,111 - tpp_runner.py[pid:29632;line:104:_train_model] - INFO: [ Epoch 86 (train) ]: train loglike is 5.899155484013113, num_events is 242824, mark_ll is -1.3412012770019386, time_ll is 7.240356803242781[0m
[38;20m2026-09-28 17:20:10,723 - tpp_runner.py[pid:29632;line:116:_train_model] - INFO: [ Epoch 86 (valid) ]:  valid loglike is 5.449394708826935, num_events is 52959, mark_ll is -1.3423099268954668, time_ll is 6.7917045723349965[0m
[38;20m2026-09-28 17:20:12,003 - tpp_runner.py[pid:29632;line:136:_train_model] - INFO: [ Epoch 86 (test) ]: test loglike is 5.414435835452132, num_events is 112141, mark_ll is -1.3814246772060397, time_ll is 6.795860547491551[0m
[31;1m2026-09-28 17:20:12,003 - tpp_runner.py[pid:29632;line:140:_train_model] - CRITICAL: current best loglike on valid set is 5.4946 (updated at epoch-73)[0m
[38;20m2026-09-28 17:20:30,613 - tpp_runner.py[pid:29632;line:104:_train_model] - INFO: [ Epoch 87 (train) ]: train loglike is 5.904265827564409, num_events is 242824, mark_ll is -1.340670130584549, time_ll is 7.244935970214024[0m
[38;20m2026-09-28 17:20:31,221 - tpp_runner.py[pid:29632;line:116:_train_model] - INFO: [ Epoch 87 (valid) ]:  valid loglike is 5.4783502115323, num_events is 52959, mark_ll is -1.3418993246055837, time_ll is 6.820249794873747[0m
[38;20m2026-09-28 17:20:32,495 - tpp_runner.py[pid:29632;line:136:_train_model] - INFO: [ Epoch 87 (test) ]: test loglike is 5.416125898770855, num_events is 112141, mark_ll is -1.3819000788140043, time_ll is 6.798026016772411[0m
[31;1m2026-09-28 17:20:32,496 - tpp_runner.py[pid:29632;line:140:_train_model] - CRITICAL: current best loglike on valid set is 5.4946 (updated at epoch-73)[0m
[38;20m2026-09-28 17:20:50,952 - tpp_runner.py[pid:29632;line:104:_train_model] - INFO: [ Epoch 88 (train) ]: train loglike is 5.905418853714521, num_events is 242824, mark_ll is -1.3417833198987488, time_ll is 7.247202199754246[0m
[38;20m2026-09-28 17:20:51,564 - tpp_runner.py[pid:29632;line:116:_train_model] - INFO: [ Epoch 88 (valid) ]:  valid loglike is 5.474261262895442, num_events is 52959, mark_ll is -1.3431339539435134, time_ll is 6.8173952998188305[0m
[38;20m2026-09-28 17:20:52,842 - tpp_runner.py[pid:29632;line:136:_train_model] - INFO: [ Epoch 88 (test) ]: test loglike is 5.4103494446305325, num_events is 112141, mark_ll is -1.3814032546777049, time_ll is 6.791752734141617[0m
[31;1m2026-09-28 17:20:52,842 - tpp_runner.py[pid:29632;line:140:_train_model] - CRITICAL: current best loglike on valid set is 5.4946 (updated at epoch-73)[0m
[38;20m2026-09-28 17:21:11,299 - tpp_runner.py[pid:29632;line:104:_train_model] - INFO: [ Epoch 89 (train) ]: train loglike is 5.921135435606138, num_events is 242824, mark_ll is -1.3417328115122733, time_ll is 7.262868229020813[0m
[38;20m2026-09-28 17:21:11,904 - tpp_runner.py[pid:29632;line:116:_train_model] - INFO: [ Epoch 89 (valid) ]:  valid loglike is 5.455719932850472, num_events is 52959, mark_ll is -1.3429637391679914, time_ll is 6.7986836155460475[0m
[38;20m2026-09-28 17:21:13,191 - tpp_runner.py[pid:29632;line:136:_train_model] - INFO: [ Epoch 89 (test) ]: test loglike is 5.411533431196552, num_events is 112141, mark_ll is -1.3815174058391055, time_ll is 6.793050730358432[0m
[31;1m2026-09-28 17:21:13,191 - tpp_runner.py[pid:29632;line:140:_train_model] - CRITICAL: current best loglike on valid set is 5.4946 (updated at epoch-73)[0m
[38;20m2026-09-28 17:21:31,588 - tpp_runner.py[pid:29632;line:104:_train_model] - INFO: [ Epoch 90 (train) ]: train loglike is 5.915845571921433, num_events is 242824, mark_ll is -1.3413416902359065, time_ll is 7.257187312428446[0m
[38;20m2026-09-28 17:21:32,208 - tpp_runner.py[pid:29632;line:116:_train_model] - INFO: [ Epoch 90 (valid) ]:  valid loglike is 5.468927507784619, num_events is 52959, mark_ll is -1.3429769341207645, time_ll is 6.811904414245425[0m
[38;20m2026-09-28 17:21:33,485 - tpp_runner.py[pid:29632;line:136:_train_model] - INFO: [ Epoch 90 (test) ]: test loglike is 5.411714965353328, num_events is 112141, mark_ll is -1.3814454683793729, time_ll is 6.793160472920253[0m
[31;1m2026-09-28 17:21:33,485 - tpp_runner.py[pid:29632;line:140:_train_model] - CRITICAL: current best loglike on valid set is 5.4946 (updated at epoch-73)[0m
[38;20m2026-09-28 17:21:51,949 - tpp_runner.py[pid:29632;line:104:_train_model] - INFO: [ Epoch 91 (train) ]: train loglike is 5.919206444759116, num_events is 242824, mark_ll is -1.3413981828949415, time_ll is 7.26060460553477[0m
[38;20m2026-09-28 17:21:52,556 - tpp_runner.py[pid:29632;line:116:_train_model] - INFO: [ Epoch 91 (valid) ]:  valid loglike is 5.486930953053748, num_events is 52959, mark_ll is -1.3431764557749715, time_ll is 6.830107316628857[0m
[38;20m2026-09-28 17:21:53,836 - tpp_runner.py[pid:29632;line:136:_train_model] - INFO: [ Epoch 91 (test) ]: test loglike is 5.409343038632726, num_events is 112141, mark_ll is -1.3817082862269932, time_ll is 6.791051442422375[0m
[31;1m2026-09-28 17:21:53,836 - tpp_runner.py[pid:29632;line:140:_train_model] - CRITICAL: current best loglike on valid set is 5.4946 (updated at epoch-73)[0m
[38;20m2026-09-28 17:22:12,331 - tpp_runner.py[pid:29632;line:104:_train_model] - INFO: [ Epoch 92 (train) ]: train loglike is 5.912356238308147, num_events is 242824, mark_ll is -1.3413149600829717, time_ll is 7.253671198391118[0m
[38;20m2026-09-28 17:22:12,934 - tpp_runner.py[pid:29632;line:116:_train_model] - INFO: [ Epoch 92 (valid) ]:  valid loglike is 5.447365702187881, num_events is 52959, mark_ll is -1.3431119397858005, time_ll is 6.790477502809514[0m
[38;20m2026-09-28 17:22:14,210 - tpp_runner.py[pid:29632;line:136:_train_model] - INFO: [ Epoch 92 (test) ]: test loglike is 5.396713639594907, num_events is 112141, mark_ll is -1.381463438048974, time_ll is 6.778177103768916[0m
[31;1m2026-09-28 17:22:14,210 - tpp_runner.py[pid:29632;line:140:_train_model] - CRITICAL: current best loglike on valid set is 5.4946 (updated at epoch-73)[0m
[38;20m2026-09-28 17:22:32,966 - tpp_runner.py[pid:29632;line:104:_train_model] - INFO: [ Epoch 93 (train) ]: train loglike is 5.918955664326322, num_events is 242824, mark_ll is -1.3413244412137237, time_ll is 7.260280063312317[0m
[38;20m2026-09-28 17:22:33,582 - tpp_runner.py[pid:29632;line:116:_train_model] - INFO: [ Epoch 93 (valid) ]:  valid loglike is 5.470177967262631, num_events is 52959, mark_ll is -1.3428203989235408, time_ll is 6.812998347169951[0m
[38;20m2026-09-28 17:22:34,856 - tpp_runner.py[pid:29632;line:136:_train_model] - INFO: [ Epoch 93 (test) ]: test loglike is 5.402561380246186, num_events is 112141, mark_ll is -1.3809600782998637, time_ll is 6.7835214585460495[0m
[31;1m2026-09-28 17:22:34,856 - tpp_runner.py[pid:29632;line:140:_train_model] - CRITICAL: current best loglike on valid set is 5.4946 (updated at epoch-73)[0m
[38;20m2026-09-28 17:22:53,340 - tpp_runner.py[pid:29632;line:104:_train_model] - INFO: [ Epoch 94 (train) ]: train loglike is 5.914817282463328, num_events is 242824, mark_ll is -1.3411067049848862, time_ll is 7.255923995491591[0m
[38;20m2026-09-28 17:22:53,943 - tpp_runner.py[pid:29632;line:116:_train_model] - INFO: [ Epoch 94 (valid) ]:  valid loglike is 5.477804236218555, num_events is 52959, mark_ll is -1.3425650949121055, time_ll is 6.82036924786266[0m
[38;20m2026-09-28 17:22:55,211 - tpp_runner.py[pid:29632;line:136:_train_model] - INFO: [ Epoch 94 (test) ]: test loglike is 5.418044225224828, num_events is 112141, mark_ll is -1.380831090295922, time_ll is 6.798875411312544[0m
[31;1m2026-09-28 17:22:55,211 - tpp_runner.py[pid:29632;line:140:_train_model] - CRITICAL: current best loglike on valid set is 5.4946 (updated at epoch-73)[0m
[38;20m2026-09-28 17:23:13,661 - tpp_runner.py[pid:29632;line:104:_train_model] - INFO: [ Epoch 95 (train) ]: train loglike is 5.914144952658613, num_events is 242824, mark_ll is -1.3409916384429927, time_ll is 7.255136613220892[0m
[38;20m2026-09-28 17:23:14,265 - tpp_runner.py[pid:29632;line:116:_train_model] - INFO: [ Epoch 95 (valid) ]:  valid loglike is 5.491744537287247, num_events is 52959, mark_ll is -1.3425317692719287, time_ll is 6.8342762325111615[0m
[38;20m2026-09-28 17:23:15,540 - tpp_runner.py[pid:29632;line:136:_train_model] - INFO: [ Epoch 95 (test) ]: test loglike is 5.398803233067076, num_events is 112141, mark_ll is -1.3808242869015068, time_ll is 6.779627426353876[0m
[31;1m2026-09-28 17:23:15,540 - tpp_runner.py[pid:29632;line:140:_train_model] - CRITICAL: current best loglike on valid set is 5.4946 (updated at epoch-73)[0m
[38;20m2026-09-28 17:23:33,990 - tpp_runner.py[pid:29632;line:104:_train_model] - INFO: [ Epoch 96 (train) ]: train loglike is 5.911099251509066, num_events is 242824, mark_ll is -1.3410981830268527, time_ll is 7.252197378232279[0m
[38;20m2026-09-28 17:23:34,605 - tpp_runner.py[pid:29632;line:116:_train_model] - INFO: [ Epoch 96 (valid) ]:  valid loglike is 5.465124930767123, num_events is 52959, mark_ll is -1.3426777253993434, time_ll is 6.80780274779008[0m
[38;20m2026-09-28 17:23:35,871 - tpp_runner.py[pid:29632;line:136:_train_model] - INFO: [ Epoch 96 (test) ]: test loglike is 5.406339904952247, num_events is 112141, mark_ll is -1.3808784288585352, time_ll is 6.787218403477541[0m
[31;1m2026-09-28 17:23:35,871 - tpp_runner.py[pid:29632;line:140:_train_model] - CRITICAL: current best loglike on valid set is 5.4946 (updated at epoch-73)[0m
[38;20m2026-09-28 17:23:54,625 - tpp_runner.py[pid:29632;line:104:_train_model] - INFO: [ Epoch 97 (train) ]: train loglike is 5.917544393489472, num_events is 242824, mark_ll is -1.3408599784141497, time_ll is 7.258404371903621[0m
[38;20m2026-09-28 17:23:55,238 - tpp_runner.py[pid:29632;line:116:_train_model] - INFO: [ Epoch 97 (valid) ]:  valid loglike is 5.436999276378602, num_events is 52959, mark_ll is -1.342720279669473, time_ll is 6.779719574488047[0m
[38;20m2026-09-28 17:23:56,521 - tpp_runner.py[pid:29632;line:136:_train_model] - INFO: [ Epoch 97 (test) ]: test loglike is 5.40291431204633, num_events is 112141, mark_ll is -1.380870040545357, time_ll is 6.783784302518704[0m
[31;1m2026-09-28 17:23:56,521 - tpp_runner.py[pid:29632;line:140:_train_model] - CRITICAL: current best loglike on valid set is 5.4946 (updated at epoch-73)[0m
[38;20m2026-09-28 17:24:15,355 - tpp_runner.py[pid:29632;line:104:_train_model] - INFO: [ Epoch 98 (train) ]: train loglike is 5.91795661656565, num_events is 242824, mark_ll is -1.3411359909208933, time_ll is 7.259092659768495[0m
[38;20m2026-09-28 17:24:15,959 - tpp_runner.py[pid:29632;line:116:_train_model] - INFO: [ Epoch 98 (valid) ]:  valid loglike is 5.467776556160337, num_events is 52959, mark_ll is -1.3427693507411098, time_ll is 6.810545879241489[0m
[38;20m2026-09-28 17:24:17,233 - tpp_runner.py[pid:29632;line:136:_train_model] - INFO: [ Epoch 98 (test) ]: test loglike is 5.409011189735467, num_events is 112141, mark_ll is -1.3808721632044145, time_ll is 6.789883270210606[0m
[31;1m2026-09-28 17:24:17,233 - tpp_runner.py[pid:29632;line:140:_train_model] - CRITICAL: current best loglike on valid set is 5.4946 (updated at epoch-73)[0m
[38;20m2026-09-28 17:24:35,976 - tpp_runner.py[pid:29632;line:104:_train_model] - INFO: [ Epoch 99 (train) ]: train loglike is 5.90773744563964, num_events is 242824, mark_ll is -1.3416194401121029, time_ll is 7.249356899827653[0m
[38;20m2026-09-28 17:24:36,591 - tpp_runner.py[pid:29632;line:116:_train_model] - INFO: [ Epoch 99 (valid) ]:  valid loglike is 5.480463750462475, num_events is 52959, mark_ll is -1.3427661335421697, time_ll is 6.823229829260976[0m
[38;20m2026-09-28 17:24:37,858 - tpp_runner.py[pid:29632;line:136:_train_model] - INFO: [ Epoch 99 (test) ]: test loglike is 5.402691021375991, num_events is 112141, mark_ll is -1.3808768874814965, time_ll is 6.783567978524246[0m
[31;1m2026-09-28 17:24:37,858 - tpp_runner.py[pid:29632;line:140:_train_model] - CRITICAL: current best loglike on valid set is 5.4946 (updated at epoch-73)[0m
[38;20m2026-09-28 17:24:37,858 - base_runner.py[pid:29632;line:118:train] - INFO: End S2P2 train! Cost time: 34.280m[0m
RESULT {"model": "S2P2", "dataset": "lob_msft", "seed": 2019, "ll_per_event": 5.415544268418219, "mark_ll": -1.3830910973684916, "time_ll": 6.7986354267451246, "val_ll": 5.494580148657895, "best_epoch": 73, "n_params": 34060, "seconds": 2057.6669421195984, "max_epoch": 100, "batch_size": 32}
