
=== Mon Sep 28 13:39:43 2026 attempt 1: D:\Quant\.venv\Scripts\python.exe -u -m infodiff.baselines.easytpp_runner THP lob_intc 6 2019 100 64
[31;1m2026-09-28 13:39:45,282 - config.py[pid:17612;line:33:build_from_yaml_file] - CRITICAL: Load pipeline config class RunnerConfig[0m
[31;1m2026-09-28 13:39:45,285 - runner_config.py[pid:17612;line:205:update_config] - CRITICAL: train model THP using GPU with torch backend[0m
[38;20m2026-09-28 13:39:45,287 - runner_config.py[pid:17612;line:45:__init__] - INFO: Save the config to D:\Quant\results\easytpp\checkpoints/lob_intc/THP/train_2026_09_28_13_39_45\THP_train_output.yaml[0m
[38;20m2026-09-28 13:39:45,287 - base_runner.py[pid:17612;line:193:save_log] - INFO: Save the log to D:\Quant\results\easytpp\checkpoints/lob_intc/THP/train_2026_09_28_13_39_45\log[0m
0.05594760211174467 0.25143732741296776
min_dt: 7.275957614183426e-12
max_dt: 9.741414969998004
[38;20m2026-09-28 13:39:49,481 - tpp_runner.py[pid:17612;line:62:_init_model] - INFO: Num of model parameters 51224[0m
[38;20m2026-09-28 13:39:50,171 - base_runner.py[pid:17612;line:103:train] - INFO: Data 'lob_intc' loaded...[0m
[38;20m2026-09-28 13:39:50,171 - base_runner.py[pid:17612;line:108:train] - INFO: Start THP training...[0m
[38;20m2026-09-28 13:39:51,539 - tpp_runner.py[pid:17612;line:104:_train_model] - INFO: [ Epoch 0 (train) ]: train loglike is 0.4057322459739876, num_events is 248539, mark_ll is -1.5306161080353586, time_ll is 1.9363483950204998[0m
[38;20m2026-09-28 13:39:51,612 - tpp_runner.py[pid:17612;line:116:_train_model] - INFO: [ Epoch 0 (valid) ]:  valid loglike is 0.28088840527303277, num_events is 48260, mark_ll is -1.5302191458052736, time_ll is 1.8111075586665977[0m
[38;20m2026-09-28 13:39:51,809 - tpp_runner.py[pid:17612;line:136:_train_model] - INFO: [ Epoch 0 (test) ]: test loglike is 0.9096517311556759, num_events is 104775, mark_ll is -1.5903708374343832, time_ll is 2.5000226023771175[0m
[31;1m2026-09-28 13:39:51,809 - tpp_runner.py[pid:17612;line:140:_train_model] - CRITICAL: current best loglike on valid set is 0.2809 (updated at epoch-0), best updated at this epoch[0m
[38;20m2026-09-28 13:39:52,689 - tpp_runner.py[pid:17612;line:104:_train_model] - INFO: [ Epoch 1 (train) ]: train loglike is 0.9704204206295655, num_events is 248539, mark_ll is -1.4186752695251048, time_ll is 2.3890957269910356[0m
[38;20m2026-09-28 13:39:52,774 - tpp_runner.py[pid:17612;line:116:_train_model] - INFO: [ Epoch 1 (valid) ]:  valid loglike is 0.5330383907844553, num_events is 48260, mark_ll is -1.410104366323042, time_ll is 1.9431427748135102[0m
[38;20m2026-09-28 13:39:52,954 - tpp_runner.py[pid:17612;line:136:_train_model] - INFO: [ Epoch 1 (test) ]: test loglike is 1.0767394370004175, num_events is 104775, mark_ll is -1.4328577699982104, time_ll is 2.509597127773801[0m
[31;1m2026-09-28 13:39:52,955 - tpp_runner.py[pid:17612;line:140:_train_model] - CRITICAL: current best loglike on valid set is 0.5330 (updated at epoch-1), best updated at this epoch[0m
[38;20m2026-09-28 13:39:53,826 - tpp_runner.py[pid:17612;line:104:_train_model] - INFO: [ Epoch 2 (train) ]: train loglike is 1.100501406390823, num_events is 248539, mark_ll is -1.3589573993857604, time_ll is 2.45945879202434[0m
[38;20m2026-09-28 13:39:53,909 - tpp_runner.py[pid:17612;line:116:_train_model] - INFO: [ Epoch 2 (valid) ]:  valid loglike is 0.6008788101316437, num_events is 48260, mark_ll is -1.389834279812474, time_ll is 1.9907130444143701[0m
[38;20m2026-09-28 13:39:54,086 - tpp_runner.py[pid:17612;line:136:_train_model] - INFO: [ Epoch 2 (test) ]: test loglike is 1.1851825479822835, num_events is 104775, mark_ll is -1.40846550830649, time_ll is 2.5936480423079216[0m
[31;1m2026-09-28 13:39:54,086 - tpp_runner.py[pid:17612;line:140:_train_model] - CRITICAL: current best loglike on valid set is 0.6009 (updated at epoch-2), best updated at this epoch[0m
[38;20m2026-09-28 13:39:54,937 - tpp_runner.py[pid:17612;line:104:_train_model] - INFO: [ Epoch 3 (train) ]: train loglike is 1.161377473745632, num_events is 248539, mark_ll is -1.3758676309823357, time_ll is 2.5372451253563324[0m
[38;20m2026-09-28 13:39:55,013 - tpp_runner.py[pid:17612;line:116:_train_model] - INFO: [ Epoch 3 (valid) ]:  valid loglike is 0.7049938696724124, num_events is 48260, mark_ll is -1.3868627656509014, time_ll is 2.0918566100290095[0m
[38;20m2026-09-28 13:39:55,190 - tpp_runner.py[pid:17612;line:136:_train_model] - INFO: [ Epoch 3 (test) ]: test loglike is 1.244250933920902, num_events is 104775, mark_ll is -1.415128884812694, time_ll is 2.659379809413028[0m
[31;1m2026-09-28 13:39:55,190 - tpp_runner.py[pid:17612;line:140:_train_model] - CRITICAL: current best loglike on valid set is 0.7050 (updated at epoch-3), best updated at this epoch[0m
[38;20m2026-09-28 13:39:56,055 - tpp_runner.py[pid:17612;line:104:_train_model] - INFO: [ Epoch 4 (train) ]: train loglike is 1.232567244068084, num_events is 248539, mark_ll is -1.3610364379590578, time_ll is 2.5936036682748984[0m
[38;20m2026-09-28 13:39:56,138 - tpp_runner.py[pid:17612;line:116:_train_model] - INFO: [ Epoch 4 (valid) ]:  valid loglike is 0.7396071420188174, num_events is 48260, mark_ll is -1.3863478950282324, time_ll is 2.1259550522236323[0m
[38;20m2026-09-28 13:39:56,300 - tpp_runner.py[pid:17612;line:136:_train_model] - INFO: [ Epoch 4 (test) ]: test loglike is 1.329792449594369, num_events is 104775, mark_ll is -1.4206631490843473, time_ll is 2.7504555893581486[0m
[31;1m2026-09-28 13:39:56,300 - tpp_runner.py[pid:17612;line:140:_train_model] - CRITICAL: current best loglike on valid set is 0.7396 (updated at epoch-4), best updated at this epoch[0m
[38;20m2026-09-28 13:39:57,190 - tpp_runner.py[pid:17612;line:104:_train_model] - INFO: [ Epoch 5 (train) ]: train loglike is 1.2884659635480058, num_events is 248539, mark_ll is -1.3587739366042653, time_ll is 2.647239856439784[0m
[38;20m2026-09-28 13:39:57,268 - tpp_runner.py[pid:17612;line:116:_train_model] - INFO: [ Epoch 5 (valid) ]:  valid loglike is 0.6891115684208907, num_events is 48260, mark_ll is -1.348815882556724, time_ll is 2.0379274737424886[0m
[38;20m2026-09-28 13:39:57,452 - tpp_runner.py[pid:17612;line:136:_train_model] - INFO: [ Epoch 5 (test) ]: test loglike is 1.3089516691272967, num_events is 104775, mark_ll is -1.3730807832259604, time_ll is 2.6820324803149607[0m
[31;1m2026-09-28 13:39:57,452 - tpp_runner.py[pid:17612;line:140:_train_model] - CRITICAL: current best loglike on valid set is 0.7396 (updated at epoch-4)[0m
[38;20m2026-09-28 13:39:58,319 - tpp_runner.py[pid:17612;line:104:_train_model] - INFO: [ Epoch 6 (train) ]: train loglike is 1.2255665746486726, num_events is 248539, mark_ll is -1.338644741038504, time_ll is 2.5642113330616625[0m
[38;20m2026-09-28 13:39:58,408 - tpp_runner.py[pid:17612;line:116:_train_model] - INFO: [ Epoch 6 (valid) ]:  valid loglike is 0.6019123278166119, num_events is 48260, mark_ll is -1.396104575962236, time_ll is 1.9980169265437215[0m
[38;20m2026-09-28 13:39:58,583 - tpp_runner.py[pid:17612;line:136:_train_model] - INFO: [ Epoch 6 (test) ]: test loglike is 1.2175758740828562, num_events is 104775, mark_ll is -1.3828760383112622, time_ll is 2.600451861130995[0m
[31;1m2026-09-28 13:39:58,583 - tpp_runner.py[pid:17612;line:140:_train_model] - CRITICAL: current best loglike on valid set is 0.7396 (updated at epoch-4)[0m
[38;20m2026-09-28 13:39:59,449 - tpp_runner.py[pid:17612;line:104:_train_model] - INFO: [ Epoch 7 (train) ]: train loglike is 1.2424876422146964, num_events is 248539, mark_ll is -1.317173326545331, time_ll is 2.5596609751449972[0m
[38;20m2026-09-28 13:39:59,521 - tpp_runner.py[pid:17612;line:116:_train_model] - INFO: [ Epoch 7 (valid) ]:  valid loglike is 0.7123981701897922, num_events is 48260, mark_ll is -1.3436379563497203, time_ll is 2.0560360911274866[0m
[38;20m2026-09-28 13:39:59,704 - tpp_runner.py[pid:17612;line:136:_train_model] - INFO: [ Epoch 7 (test) ]: test loglike is 1.3442005236295036, num_events is 104775, mark_ll is -1.3551833448908375, time_ll is 2.699383891821761[0m
[31;1m2026-09-28 13:39:59,704 - tpp_runner.py[pid:17612;line:140:_train_model] - CRITICAL: current best loglike on valid set is 0.7396 (updated at epoch-4)[0m
[38;20m2026-09-28 13:40:00,584 - tpp_runner.py[pid:17612;line:104:_train_model] - INFO: [ Epoch 8 (train) ]: train loglike is 1.2848078580403566, num_events is 248539, mark_ll is -1.3100992709205095, time_ll is 2.594907172673353[0m
[38;20m2026-09-28 13:40:00,675 - tpp_runner.py[pid:17612;line:116:_train_model] - INFO: [ Epoch 8 (valid) ]:  valid loglike is 0.7387376857208998, num_events is 48260, mark_ll is -1.3369510326551493, time_ll is 2.0756886526108578[0m
[38;20m2026-09-28 13:40:00,849 - tpp_runner.py[pid:17612;line:136:_train_model] - INFO: [ Epoch 8 (test) ]: test loglike is 1.3756482501565857, num_events is 104775, mark_ll is -1.350893236623121, time_ll is 2.726541454157719[0m
[31;1m2026-09-28 13:40:00,849 - tpp_runner.py[pid:17612;line:140:_train_model] - CRITICAL: current best loglike on valid set is 0.7396 (updated at epoch-4)[0m
[38;20m2026-09-28 13:40:01,735 - tpp_runner.py[pid:17612;line:104:_train_model] - INFO: [ Epoch 9 (train) ]: train loglike is 1.307574916051593, num_events is 248539, mark_ll is -1.3041434180412832, time_ll is 2.61171831935833[0m
[38;20m2026-09-28 13:40:01,821 - tpp_runner.py[pid:17612;line:116:_train_model] - INFO: [ Epoch 9 (valid) ]:  valid loglike is 0.7526540023481209, num_events is 48260, mark_ll is -1.3356160195102051, time_ll is 2.088270080035226[0m
[38;20m2026-09-28 13:40:01,989 - tpp_runner.py[pid:17612;line:136:_train_model] - INFO: [ Epoch 9 (test) ]: test loglike is 1.401360388145729, num_events is 104775, mark_ll is -1.3469335797691482, time_ll is 2.7482939446134576[0m
[31;1m2026-09-28 13:40:01,989 - tpp_runner.py[pid:17612;line:140:_train_model] - CRITICAL: current best loglike on valid set is 0.7527 (updated at epoch-9), best updated at this epoch[0m
[38;20m2026-09-28 13:40:02,875 - tpp_runner.py[pid:17612;line:104:_train_model] - INFO: [ Epoch 10 (train) ]: train loglike is 1.2952661511097416, num_events is 248539, mark_ll is -1.30601364648443, time_ll is 2.6012797695985337[0m
[38;20m2026-09-28 13:40:02,957 - tpp_runner.py[pid:17612;line:116:_train_model] - INFO: [ Epoch 10 (valid) ]:  valid loglike is 0.7130895520560829, num_events is 48260, mark_ll is -1.3406237251670639, time_ll is 2.053713284811438[0m
[38;20m2026-09-28 13:40:03,123 - tpp_runner.py[pid:17612;line:136:_train_model] - INFO: [ Epoch 10 (test) ]: test loglike is 1.359523001297423, num_events is 104775, mark_ll is -1.351415384156526, time_ll is 2.7109383947745167[0m
[31;1m2026-09-28 13:40:03,123 - tpp_runner.py[pid:17612;line:140:_train_model] - CRITICAL: current best loglike on valid set is 0.7527 (updated at epoch-9)[0m
[38;20m2026-09-28 13:40:04,048 - tpp_runner.py[pid:17612;line:104:_train_model] - INFO: [ Epoch 11 (train) ]: train loglike is 1.2923982799425153, num_events is 248539, mark_ll is -1.309027814013847, time_ll is 2.601426105252848[0m
[38;20m2026-09-28 13:40:04,132 - tpp_runner.py[pid:17612;line:116:_train_model] - INFO: [ Epoch 11 (valid) ]:  valid loglike is 0.7314291924398765, num_events is 48260, mark_ll is -1.34119790587443, time_ll is 2.072627110961459[0m
[38;20m2026-09-28 13:40:04,309 - tpp_runner.py[pid:17612;line:136:_train_model] - INFO: [ Epoch 11 (test) ]: test loglike is 1.372881327733536, num_events is 104775, mark_ll is -1.3524416905273204, time_ll is 2.725323050882844[0m
[31;1m2026-09-28 13:40:04,309 - tpp_runner.py[pid:17612;line:140:_train_model] - CRITICAL: current best loglike on valid set is 0.7527 (updated at epoch-9)[0m
[38;20m2026-09-28 13:40:05,226 - tpp_runner.py[pid:17612;line:104:_train_model] - INFO: [ Epoch 12 (train) ]: train loglike is 1.3124056684530019, num_events is 248539, mark_ll is -1.3080228511672212, time_ll is 2.620428522567132[0m
[38;20m2026-09-28 13:40:05,306 - tpp_runner.py[pid:17612;line:116:_train_model] - INFO: [ Epoch 12 (valid) ]:  valid loglike is 0.7534356747630024, num_events is 48260, mark_ll is -1.3360734619444157, time_ll is 2.089509177178305[0m
[38;20m2026-09-28 13:40:05,480 - tpp_runner.py[pid:17612;line:136:_train_model] - INFO: [ Epoch 12 (test) ]: test loglike is 1.3824241398979957, num_events is 104775, mark_ll is -1.3490014782420663, time_ll is 2.7314256367811978[0m
[31;1m2026-09-28 13:40:05,480 - tpp_runner.py[pid:17612;line:140:_train_model] - CRITICAL: current best loglike on valid set is 0.7534 (updated at epoch-12), best updated at this epoch[0m
[38;20m2026-09-28 13:40:06,391 - tpp_runner.py[pid:17612;line:104:_train_model] - INFO: [ Epoch 13 (train) ]: train loglike is 1.3250069833890505, num_events is 248539, mark_ll is -1.3087888393207403, time_ll is 2.63379586396652[0m
[38;20m2026-09-28 13:40:06,471 - tpp_runner.py[pid:17612;line:116:_train_model] - INFO: [ Epoch 13 (valid) ]:  valid loglike is 0.7708748530906807, num_events is 48260, mark_ll is -1.3355938414642043, time_ll is 2.1064686844371634[0m
[38;20m2026-09-28 13:40:06,655 - tpp_runner.py[pid:17612;line:136:_train_model] - INFO: [ Epoch 13 (test) ]: test loglike is 1.3901991246122645, num_events is 104775, mark_ll is -1.34846167755309, time_ll is 2.738660839447626[0m
[31;1m2026-09-28 13:40:06,656 - tpp_runner.py[pid:17612;line:140:_train_model] - CRITICAL: current best loglike on valid set is 0.7709 (updated at epoch-13), best updated at this epoch[0m
[38;20m2026-09-28 13:40:07,622 - tpp_runner.py[pid:17612;line:104:_train_model] - INFO: [ Epoch 14 (train) ]: train loglike is 1.33965822487319, num_events is 248539, mark_ll is -1.313536879838275, time_ll is 2.6531951160079505[0m
[38;20m2026-09-28 13:40:07,714 - tpp_runner.py[pid:17612;line:116:_train_model] - INFO: [ Epoch 14 (valid) ]:  valid loglike is 0.7917988934854823, num_events is 48260, mark_ll is -1.3360565248782637, time_ll is 2.12785544365805[0m
[38;20m2026-09-28 13:40:07,903 - tpp_runner.py[pid:17612;line:136:_train_model] - INFO: [ Epoch 14 (test) ]: test loglike is 1.4350349614501312, num_events is 104775, mark_ll is -1.3538683152887139, time_ll is 2.7889033047005487[0m
[31;1m2026-09-28 13:40:07,903 - tpp_runner.py[pid:17612;line:140:_train_model] - CRITICAL: current best loglike on valid set is 0.7918 (updated at epoch-14), best updated at this epoch[0m
[38;20m2026-09-28 13:40:08,827 - tpp_runner.py[pid:17612;line:104:_train_model] - INFO: [ Epoch 15 (train) ]: train loglike is 1.3802151040210238, num_events is 248539, mark_ll is -1.307727394047061, time_ll is 2.687942527537177[0m
[38;20m2026-09-28 13:40:08,908 - tpp_runner.py[pid:17612;line:116:_train_model] - INFO: [ Epoch 15 (valid) ]:  valid loglike is 0.8099210180289707, num_events is 48260, mark_ll is -1.3419685727375155, time_ll is 2.1518895857076252[0m
[38;20m2026-09-28 13:40:09,099 - tpp_runner.py[pid:17612;line:136:_train_model] - INFO: [ Epoch 15 (test) ]: test loglike is 1.4201774076890956, num_events is 104775, mark_ll is -1.3579755353734193, time_ll is 2.778152905780243[0m
[31;1m2026-09-28 13:40:09,099 - tpp_runner.py[pid:17612;line:140:_train_model] - CRITICAL: current best loglike on valid set is 0.8099 (updated at epoch-15), best updated at this epoch[0m
[38;20m2026-09-28 13:40:10,007 - tpp_runner.py[pid:17612;line:104:_train_model] - INFO: [ Epoch 16 (train) ]: train loglike is 1.3732927862263002, num_events is 248539, mark_ll is -1.3046463729346802, time_ll is 2.6779391851920122[0m
[38;20m2026-09-28 13:40:10,080 - tpp_runner.py[pid:17612;line:116:_train_model] - INFO: [ Epoch 16 (valid) ]:  valid loglike is 0.793139931733708, num_events is 48260, mark_ll is -1.3332740299937837, time_ll is 2.12641395160977[0m
[38;20m2026-09-28 13:40:10,266 - tpp_runner.py[pid:17612;line:136:_train_model] - INFO: [ Epoch 16 (test) ]: test loglike is 1.428019500492126, num_events is 104775, mark_ll is -1.3448000924600334, time_ll is 2.7728195836315916[0m
[31;1m2026-09-28 13:40:10,266 - tpp_runner.py[pid:17612;line:140:_train_model] - CRITICAL: current best loglike on valid set is 0.8099 (updated at epoch-15)[0m
[38;20m2026-09-28 13:40:11,156 - tpp_runner.py[pid:17612;line:104:_train_model] - INFO: [ Epoch 17 (train) ]: train loglike is 1.3783440646866851, num_events is 248539, mark_ll is -1.302841581593457, time_ll is 2.681185685081114[0m
[38;20m2026-09-28 13:40:11,257 - tpp_runner.py[pid:17612;line:116:_train_model] - INFO: [ Epoch 17 (valid) ]:  valid loglike is 0.8090691412725342, num_events is 48260, mark_ll is -1.3321718863318484, time_ll is 2.1412410276043827[0m
[38;20m2026-09-28 13:40:11,434 - tpp_runner.py[pid:17612;line:136:_train_model] - INFO: [ Epoch 17 (test) ]: test loglike is 1.4335466904527558, num_events is 104775, mark_ll is -1.3429863472321641, time_ll is 2.776533047005488[0m
[31;1m2026-09-28 13:40:11,434 - tpp_runner.py[pid:17612;line:140:_train_model] - CRITICAL: current best loglike on valid set is 0.8099 (updated at epoch-15)[0m
[38;20m2026-09-28 13:40:12,337 - tpp_runner.py[pid:17612;line:104:_train_model] - INFO: [ Epoch 18 (train) ]: train loglike is 1.3681023267160788, num_events is 248539, mark_ll is -1.316605514108827, time_ll is 2.684707842789512[0m
[38;20m2026-09-28 13:40:12,420 - tpp_runner.py[pid:17612;line:116:_train_model] - INFO: [ Epoch 18 (valid) ]:  valid loglike is 0.8127180571384169, num_events is 48260, mark_ll is -1.3353534646316825, time_ll is 2.1480714812992128[0m
[38;20m2026-09-28 13:40:12,586 - tpp_runner.py[pid:17612;line:136:_train_model] - INFO: [ Epoch 18 (test) ]: test loglike is 1.4297433814647458, num_events is 104775, mark_ll is -1.354494424436292, time_ll is 2.784237801240754[0m
[31;1m2026-09-28 13:40:12,586 - tpp_runner.py[pid:17612;line:140:_train_model] - CRITICAL: current best loglike on valid set is 0.8127 (updated at epoch-18), best updated at this epoch[0m
[38;20m2026-09-28 13:40:13,504 - tpp_runner.py[pid:17612;line:104:_train_model] - INFO: [ Epoch 19 (train) ]: train loglike is 1.3886201449552436, num_events is 248539, mark_ll is -1.3073855427524705, time_ll is 2.6960056562740156[0m
[38;20m2026-09-28 13:40:13,581 - tpp_runner.py[pid:17612;line:116:_train_model] - INFO: [ Epoch 19 (valid) ]:  valid loglike is 0.8239870035841017, num_events is 48260, mark_ll is -1.3326875056659242, time_ll is 2.1566745598386343[0m
[38;20m2026-09-28 13:40:13,786 - tpp_runner.py[pid:17612;line:136:_train_model] - INFO: [ Epoch 19 (test) ]: test loglike is 1.4457936370347173, num_events is 104775, mark_ll is -1.3454247475990218, time_ll is 2.791218365992603[0m
[31;1m2026-09-28 13:40:13,786 - tpp_runner.py[pid:17612;line:140:_train_model] - CRITICAL: current best loglike on valid set is 0.8240 (updated at epoch-19), best updated at this epoch[0m
[38;20m2026-09-28 13:40:14,664 - tpp_runner.py[pid:17612;line:104:_train_model] - INFO: [ Epoch 20 (train) ]: train loglike is 1.4014525024870341, num_events is 248539, mark_ll is -1.3024809368763555, time_ll is 2.703933466867876[0m
[38;20m2026-09-28 13:40:14,738 - tpp_runner.py[pid:17612;line:116:_train_model] - INFO: [ Epoch 20 (valid) ]:  valid loglike is 0.8297280214754714, num_events is 48260, mark_ll is -1.331957329925145, time_ll is 2.161685321047451[0m
[38;20m2026-09-28 13:40:14,918 - tpp_runner.py[pid:17612;line:136:_train_model] - INFO: [ Epoch 20 (test) ]: test loglike is 1.4605346743766405, num_events is 104775, mark_ll is -1.343733428030303, time_ll is 2.8042680371629682[0m
[31;1m2026-09-28 13:40:14,918 - tpp_runner.py[pid:17612;line:140:_train_model] - CRITICAL: current best loglike on valid set is 0.8297 (updated at epoch-20), best updated at this epoch[0m
[38;20m2026-09-28 13:40:15,837 - tpp_runner.py[pid:17612;line:104:_train_model] - INFO: [ Epoch 21 (train) ]: train loglike is 1.4121983971988552, num_events is 248539, mark_ll is -1.2999574041951163, time_ll is 2.712155795500153[0m
[38;20m2026-09-28 13:40:15,912 - tpp_runner.py[pid:17612;line:116:_train_model] - INFO: [ Epoch 21 (valid) ]:  valid loglike is 0.8336212297321799, num_events is 48260, mark_ll is -1.3319945833765023, time_ll is 2.1656158333441256[0m
[38;20m2026-09-28 13:40:16,101 - tpp_runner.py[pid:17612;line:136:_train_model] - INFO: [ Epoch 21 (test) ]: test loglike is 1.470098942488368, num_events is 104775, mark_ll is -1.3427650862711764, time_ll is 2.8128639868169887[0m
[31;1m2026-09-28 13:40:16,101 - tpp_runner.py[pid:17612;line:140:_train_model] - CRITICAL: current best loglike on valid set is 0.8336 (updated at epoch-21), best updated at this epoch[0m
[38;20m2026-09-28 13:40:17,004 - tpp_runner.py[pid:17612;line:104:_train_model] - INFO: [ Epoch 22 (train) ]: train loglike is 1.421132791439422, num_events is 248539, mark_ll is -1.2988194984143586, time_ll is 2.7199522564554757[0m
[38;20m2026-09-28 13:40:17,087 - tpp_runner.py[pid:17612;line:116:_train_model] - INFO: [ Epoch 22 (valid) ]:  valid loglike is 0.8413277263617644, num_events is 48260, mark_ll is -1.3308962642133755, time_ll is 2.172224020928305[0m
[38;20m2026-09-28 13:40:17,275 - tpp_runner.py[pid:17612;line:136:_train_model] - INFO: [ Epoch 22 (test) ]: test loglike is 1.4743523183980554, num_events is 104775, mark_ll is -1.3420184994631352, time_ll is 2.8163707386363637[0m
[31;1m2026-09-28 13:40:17,275 - tpp_runner.py[pid:17612;line:140:_train_model] - CRITICAL: current best loglike on valid set is 0.8413 (updated at epoch-22), best updated at this epoch[0m
[38;20m2026-09-28 13:40:18,188 - tpp_runner.py[pid:17612;line:104:_train_model] - INFO: [ Epoch 23 (train) ]: train loglike is 1.4288092581798029, num_events is 248539, mark_ll is -1.2978246022096884, time_ll is 2.726633858424885[0m
[38;20m2026-09-28 13:40:18,268 - tpp_runner.py[pid:17612;line:116:_train_model] - INFO: [ Epoch 23 (valid) ]:  valid loglike is 0.8447235322423462, num_events is 48260, mark_ll is -1.331458870247099, time_ll is 2.1761823974305843[0m
[38;20m2026-09-28 13:40:18,451 - tpp_runner.py[pid:17612;line:136:_train_model] - INFO: [ Epoch 23 (test) ]: test loglike is 1.4809792375029827, num_events is 104775, mark_ll is -1.3411793966982821, time_ll is 2.822158624880697[0m
[31;1m2026-09-28 13:40:18,451 - tpp_runner.py[pid:17612;line:140:_train_model] - CRITICAL: current best loglike on valid set is 0.8447 (updated at epoch-23), best updated at this epoch[0m
[38;20m2026-09-28 13:40:19,351 - tpp_runner.py[pid:17612;line:104:_train_model] - INFO: [ Epoch 24 (train) ]: train loglike is 1.4345338061883648, num_events is 248539, mark_ll is -1.2965856429819616, time_ll is 2.731119427559659[0m
[38;20m2026-09-28 13:40:19,433 - tpp_runner.py[pid:17612;line:116:_train_model] - INFO: [ Epoch 24 (valid) ]:  valid loglike is 0.8495643713738086, num_events is 48260, mark_ll is -1.3307160878250621, time_ll is 2.1802804794343142[0m
[38;20m2026-09-28 13:40:19,620 - tpp_runner.py[pid:17612;line:136:_train_model] - INFO: [ Epoch 24 (test) ]: test loglike is 1.4849728025829159, num_events is 104775, mark_ll is -1.340246379891434, time_ll is 2.8252192197566215[0m
[31;1m2026-09-28 13:40:19,620 - tpp_runner.py[pid:17612;line:140:_train_model] - CRITICAL: current best loglike on valid set is 0.8496 (updated at epoch-24), best updated at this epoch[0m
[38;20m2026-09-28 13:40:20,505 - tpp_runner.py[pid:17612;line:104:_train_model] - INFO: [ Epoch 25 (train) ]: train loglike is 1.4405872214094166, num_events is 248539, mark_ll is -1.2956108152291994, time_ll is 2.7361980444970406[0m
[38;20m2026-09-28 13:40:20,583 - tpp_runner.py[pid:17612;line:116:_train_model] - INFO: [ Epoch 25 (valid) ]:  valid loglike is 0.856284096722182, num_events is 48260, mark_ll is -1.3310171305169913, time_ll is 2.1873011867682863[0m
[38;20m2026-09-28 13:40:20,766 - tpp_runner.py[pid:17612;line:136:_train_model] - INFO: [ Epoch 25 (test) ]: test loglike is 1.4887763678865427, num_events is 104775, mark_ll is -1.339759314975543, time_ll is 2.8285357015032213[0m
[31;1m2026-09-28 13:40:20,766 - tpp_runner.py[pid:17612;line:140:_train_model] - CRITICAL: current best loglike on valid set is 0.8563 (updated at epoch-25), best updated at this epoch[0m
[38;20m2026-09-28 13:40:21,661 - tpp_runner.py[pid:17612;line:104:_train_model] - INFO: [ Epoch 26 (train) ]: train loglike is 1.4477457030369856, num_events is 248539, mark_ll is -1.2948304775922994, time_ll is 2.74257613446104[0m
[38;20m2026-09-28 13:40:21,746 - tpp_runner.py[pid:17612;line:116:_train_model] - INFO: [ Epoch 26 (valid) ]:  valid loglike is 0.859513122078002, num_events is 48260, mark_ll is -1.3307362220912764, time_ll is 2.190249288521809[0m
[38;20m2026-09-28 13:40:22,038 - tpp_runner.py[pid:17612;line:136:_train_model] - INFO: [ Epoch 26 (test) ]: test loglike is 1.4940459606522907, num_events is 104775, mark_ll is -1.339148239903961, time_ll is 2.8331941958959677[0m
[31;1m2026-09-28 13:40:22,038 - tpp_runner.py[pid:17612;line:140:_train_model] - CRITICAL: current best loglike on valid set is 0.8595 (updated at epoch-26), best updated at this epoch[0m
[38;20m2026-09-28 13:40:22,954 - tpp_runner.py[pid:17612;line:104:_train_model] - INFO: [ Epoch 27 (train) ]: train loglike is 1.453194682615832, num_events is 248539, mark_ll is -1.2939604871179673, time_ll is 2.7471551834860426[0m
[38;20m2026-09-28 13:40:23,037 - tpp_runner.py[pid:17612;line:116:_train_model] - INFO: [ Epoch 27 (valid) ]:  valid loglike is 0.8640235619479771, num_events is 48260, mark_ll is -1.3311596082741919, time_ll is 2.195183134810143[0m
[38;20m2026-09-28 13:40:23,223 - tpp_runner.py[pid:17612;line:136:_train_model] - INFO: [ Epoch 27 (test) ]: test loglike is 1.4988763030153902, num_events is 104775, mark_ll is -1.3387919891583155, time_ll is 2.8376682176091625[0m
[31;1m2026-09-28 13:40:23,223 - tpp_runner.py[pid:17612;line:140:_train_model] - CRITICAL: current best loglike on valid set is 0.8640 (updated at epoch-27), best updated at this epoch[0m
[38;20m2026-09-28 13:40:24,105 - tpp_runner.py[pid:17612;line:104:_train_model] - INFO: [ Epoch 28 (train) ]: train loglike is 1.454893795827189, num_events is 248539, mark_ll is -1.2968922571004953, time_ll is 2.7517860784675645[0m
[38;20m2026-09-28 13:40:24,186 - tpp_runner.py[pid:17612;line:116:_train_model] - INFO: [ Epoch 28 (valid) ]:  valid loglike is 0.8602956367932164, num_events is 48260, mark_ll is -1.333750271154942, time_ll is 2.194045821947524[0m
[38;20m2026-09-28 13:40:24,373 - tpp_runner.py[pid:17612;line:136:_train_model] - INFO: [ Epoch 28 (test) ]: test loglike is 1.500507905705679, num_events is 104775, mark_ll is -1.341428898979957, time_ll is 2.8419368512884753[0m
[31;1m2026-09-28 13:40:24,373 - tpp_runner.py[pid:17612;line:140:_train_model] - CRITICAL: current best loglike on valid set is 0.8640 (updated at epoch-27)[0m
[38;20m2026-09-28 13:40:25,258 - tpp_runner.py[pid:17612;line:104:_train_model] - INFO: [ Epoch 29 (train) ]: train loglike is 1.4612386417080796, num_events is 248539, mark_ll is -1.2952286973667866, time_ll is 2.7564673027296522[0m
[38;20m2026-09-28 13:40:25,336 - tpp_runner.py[pid:17612;line:116:_train_model] - INFO: [ Epoch 29 (valid) ]:  valid loglike is 0.8673979182585215, num_events is 48260, mark_ll is -1.3327161185829361, time_ll is 2.2001140064882927[0m
[38;20m2026-09-28 13:40:25,511 - tpp_runner.py[pid:17612;line:136:_train_model] - INFO: [ Epoch 29 (test) ]: test loglike is 1.5068111634305654, num_events is 104775, mark_ll is -1.3385989881591505, time_ll is 2.845410160910284[0m
[31;1m2026-09-28 13:40:25,511 - tpp_runner.py[pid:17612;line:140:_train_model] - CRITICAL: current best loglike on valid set is 0.8674 (updated at epoch-29), best updated at this epoch[0m
[38;20m2026-09-28 13:40:26,416 - tpp_runner.py[pid:17612;line:104:_train_model] - INFO: [ Epoch 30 (train) ]: train loglike is 1.4661859463344409, num_events is 248539, mark_ll is -1.293012212982042, time_ll is 2.7591981524403613[0m
[38;20m2026-09-28 13:40:26,498 - tpp_runner.py[pid:17612;line:116:_train_model] - INFO: [ Epoch 30 (valid) ]:  valid loglike is 0.869430179018921, num_events is 48260, mark_ll is -1.3332194752382927, time_ll is 2.2026496491983525[0m
[38;20m2026-09-28 13:40:26,682 - tpp_runner.py[pid:17612;line:136:_train_model] - INFO: [ Epoch 30 (test) ]: test loglike is 1.505940463940587, num_events is 104775, mark_ll is -1.339765075086495, time_ll is 2.845705604271057[0m
[31;1m2026-09-28 13:40:26,682 - tpp_runner.py[pid:17612;line:140:_train_model] - CRITICAL: current best loglike on valid set is 0.8694 (updated at epoch-30), best updated at this epoch[0m
[38;20m2026-09-28 13:40:27,594 - tpp_runner.py[pid:17612;line:104:_train_model] - INFO: [ Epoch 31 (train) ]: train loglike is 1.470795630445574, num_events is 248539, mark_ll is -1.2926906521398553, time_ll is 2.76348631794834[0m
[38;20m2026-09-28 13:40:27,670 - tpp_runner.py[pid:17612;line:116:_train_model] - INFO: [ Epoch 31 (valid) ]:  valid loglike is 0.8766832701852595, num_events is 48260, mark_ll is -1.333528693049368, time_ll is 2.2102118974694362[0m
[38;20m2026-09-28 13:40:27,858 - tpp_runner.py[pid:17612;line:136:_train_model] - INFO: [ Epoch 31 (test) ]: test loglike is 1.5026354884350395, num_events is 104775, mark_ll is -1.339125180819017, time_ll is 2.841760692555476[0m
[31;1m2026-09-28 13:40:27,858 - tpp_runner.py[pid:17612;line:140:_train_model] - CRITICAL: current best loglike on valid set is 0.8767 (updated at epoch-31), best updated at this epoch[0m
[38;20m2026-09-28 13:40:28,751 - tpp_runner.py[pid:17612;line:104:_train_model] - INFO: [ Epoch 32 (train) ]: train loglike is 1.472790521007895, num_events is 248539, mark_ll is -1.2917288045399817, time_ll is 2.764519307866421[0m
[38;20m2026-09-28 13:40:28,844 - tpp_runner.py[pid:17612;line:116:_train_model] - INFO: [ Epoch 32 (valid) ]:  valid loglike is 0.8733652240549239, num_events is 48260, mark_ll is -1.3343973601649917, time_ll is 2.207762599396498[0m
[38;20m2026-09-28 13:40:29,018 - tpp_runner.py[pid:17612;line:136:_train_model] - INFO: [ Epoch 32 (test) ]: test loglike is 1.506776695970532, num_events is 104775, mark_ll is -1.3390525083512288, time_ll is 2.8458291763600574[0m
[31;1m2026-09-28 13:40:29,018 - tpp_runner.py[pid:17612;line:140:_train_model] - CRITICAL: current best loglike on valid set is 0.8767 (updated at epoch-31)[0m
[38;20m2026-09-28 13:40:29,928 - tpp_runner.py[pid:17612;line:104:_train_model] - INFO: [ Epoch 33 (train) ]: train loglike is 1.4796299987281925, num_events is 248539, mark_ll is -1.2912801651130457, time_ll is 2.7709101874165123[0m
[38;20m2026-09-28 13:40:30,002 - tpp_runner.py[pid:17612;line:116:_train_model] - INFO: [ Epoch 33 (valid) ]:  valid loglike is 0.8780094707945892, num_events is 48260, mark_ll is -1.3362054577419187, time_ll is 2.2142149133599256[0m
[38;20m2026-09-28 13:40:30,186 - tpp_runner.py[pid:17612;line:136:_train_model] - INFO: [ Epoch 33 (test) ]: test loglike is 1.5045146267671796, num_events is 104775, mark_ll is -1.3391259264644477, time_ll is 2.843640483327368[0m
[31;1m2026-09-28 13:40:30,186 - tpp_runner.py[pid:17612;line:140:_train_model] - CRITICAL: current best loglike on valid set is 0.8780 (updated at epoch-33), best updated at this epoch[0m
[38;20m2026-09-28 13:40:31,067 - tpp_runner.py[pid:17612;line:104:_train_model] - INFO: [ Epoch 34 (train) ]: train loglike is 1.4816693385048474, num_events is 248539, mark_ll is -1.29118823333247, time_ll is 2.772857556120468[0m
[38;20m2026-09-28 13:40:31,159 - tpp_runner.py[pid:17612;line:116:_train_model] - INFO: [ Epoch 34 (valid) ]:  valid loglike is 0.8828168860323637, num_events is 48260, mark_ll is -1.3358655225277145, time_ll is 2.2186823731480523[0m
[38;20m2026-09-28 13:40:31,339 - tpp_runner.py[pid:17612;line:136:_train_model] - INFO: [ Epoch 34 (test) ]: test loglike is 1.508463830604271, num_events is 104775, mark_ll is -1.3389936955678836, time_ll is 2.8474575541338583[0m
[31;1m2026-09-28 13:40:31,339 - tpp_runner.py[pid:17612;line:140:_train_model] - CRITICAL: current best loglike on valid set is 0.8828 (updated at epoch-34), best updated at this epoch[0m
[38;20m2026-09-28 13:40:32,211 - tpp_runner.py[pid:17612;line:104:_train_model] - INFO: [ Epoch 35 (train) ]: train loglike is 1.4877034671872422, num_events is 248539, mark_ll is -1.2939396171067468, time_ll is 2.7816430784001707[0m
[38;20m2026-09-28 13:40:32,302 - tpp_runner.py[pid:17612;line:116:_train_model] - INFO: [ Epoch 35 (valid) ]:  valid loglike is 0.8679664937480573, num_events is 48260, mark_ll is -1.3353617611634894, time_ll is 2.2033282650292687[0m
[38;20m2026-09-28 13:40:32,502 - tpp_runner.py[pid:17612;line:136:_train_model] - INFO: [ Epoch 35 (test) ]: test loglike is 1.5237526843235505, num_events is 104775, mark_ll is -1.3433022678805775, time_ll is 2.867054886960153[0m
[31;1m2026-09-28 13:40:32,502 - tpp_runner.py[pid:17612;line:140:_train_model] - CRITICAL: current best loglike on valid set is 0.8828 (updated at epoch-34)[0m
[38;20m2026-09-28 13:40:33,373 - tpp_runner.py[pid:17612;line:104:_train_model] - INFO: [ Epoch 36 (train) ]: train loglike is 1.4922548191946234, num_events is 248539, mark_ll is -1.2967506404301739, time_ll is 2.78900546355401[0m
[38;20m2026-09-28 13:40:33,457 - tpp_runner.py[pid:17612;line:116:_train_model] - INFO: [ Epoch 36 (valid) ]:  valid loglike is 0.8839625611919809, num_events is 48260, mark_ll is -1.3364113533788333, time_ll is 2.220373894335371[0m
[38;20m2026-09-28 13:40:33,653 - tpp_runner.py[pid:17612;line:136:_train_model] - INFO: [ Epoch 36 (test) ]: test loglike is 1.523491298317824, num_events is 104775, mark_ll is -1.3411557131352898, time_ll is 2.8646470114531137[0m
[31;1m2026-09-28 13:40:33,653 - tpp_runner.py[pid:17612;line:140:_train_model] - CRITICAL: current best loglike on valid set is 0.8840 (updated at epoch-36), best updated at this epoch[0m
[38;20m2026-09-28 13:40:34,516 - tpp_runner.py[pid:17612;line:104:_train_model] - INFO: [ Epoch 37 (train) ]: train loglike is 1.4916924408587535, num_events is 248539, mark_ll is -1.2928675393845381, time_ll is 2.7845599920309287[0m
[38;20m2026-09-28 13:40:34,598 - tpp_runner.py[pid:17612;line:116:_train_model] - INFO: [ Epoch 37 (valid) ]:  valid loglike is 0.9004948931811412, num_events is 48260, mark_ll is -1.3267719975458454, time_ll is 2.2272669564921777[0m
[38;20m2026-09-28 13:40:34,780 - tpp_runner.py[pid:17612;line:136:_train_model] - INFO: [ Epoch 37 (test) ]: test loglike is 1.5436472547199356, num_events is 104775, mark_ll is -1.3342647470025053, time_ll is 2.877912006382725[0m
[31;1m2026-09-28 13:40:34,780 - tpp_runner.py[pid:17612;line:140:_train_model] - CRITICAL: current best loglike on valid set is 0.9005 (updated at epoch-37), best updated at this epoch[0m
[38;20m2026-09-28 13:40:35,670 - tpp_runner.py[pid:17612;line:104:_train_model] - INFO: [ Epoch 38 (train) ]: train loglike is 1.4934811027834163, num_events is 248539, mark_ll is -1.2946443625924906, time_ll is 2.7881254850219683[0m
[38;20m2026-09-28 13:40:35,754 - tpp_runner.py[pid:17612;line:116:_train_model] - INFO: [ Epoch 38 (valid) ]:  valid loglike is 0.8883492512076513, num_events is 48260, mark_ll is -1.3427629555403024, time_ll is 2.2311122573365623[0m
[38;20m2026-09-28 13:40:35,941 - tpp_runner.py[pid:17612;line:136:_train_model] - INFO: [ Epoch 38 (test) ]: test loglike is 1.5114402188096516, num_events is 104775, mark_ll is -1.3455392414549034, time_ll is 2.8569794276425675[0m
[31;1m2026-09-28 13:40:35,941 - tpp_runner.py[pid:17612;line:140:_train_model] - CRITICAL: current best loglike on valid set is 0.9005 (updated at epoch-37)[0m
[38;20m2026-09-28 13:40:36,818 - tpp_runner.py[pid:17612;line:104:_train_model] - INFO: [ Epoch 39 (train) ]: train loglike is 1.4891119473688612, num_events is 248539, mark_ll is -1.2976343320678545, time_ll is 2.7867462489853203[0m
[38;20m2026-09-28 13:40:36,888 - tpp_runner.py[pid:17612;line:116:_train_model] - INFO: [ Epoch 39 (valid) ]:  valid loglike is 0.8678166502894478, num_events is 48260, mark_ll is -1.337102717539111, time_ll is 2.2049193374753937[0m
[38;20m2026-09-28 13:40:37,064 - tpp_runner.py[pid:17612;line:136:_train_model] - INFO: [ Epoch 39 (test) ]: test loglike is 1.5142683167800048, num_events is 104775, mark_ll is -1.3465096896623718, time_ll is 2.860777969160105[0m
[31;1m2026-09-28 13:40:37,064 - tpp_runner.py[pid:17612;line:140:_train_model] - CRITICAL: current best loglike on valid set is 0.9005 (updated at epoch-37)[0m
[38;20m2026-09-28 13:40:37,972 - tpp_runner.py[pid:17612;line:104:_train_model] - INFO: [ Epoch 40 (train) ]: train loglike is 1.4943361602863383, num_events is 248539, mark_ll is -1.2985257092448268, time_ll is 2.7928618518497097[0m
[38;20m2026-09-28 13:40:38,058 - tpp_runner.py[pid:17612;line:116:_train_model] - INFO: [ Epoch 40 (valid) ]:  valid loglike is 0.8901178137869742, num_events is 48260, mark_ll is -1.3448380800287505, time_ll is 2.234955919110029[0m
[38;20m2026-09-28 13:40:38,240 - tpp_runner.py[pid:17612;line:136:_train_model] - INFO: [ Epoch 40 (test) ]: test loglike is 1.525541361884097, num_events is 104775, mark_ll is -1.3495126461465043, time_ll is 2.875054022011453[0m
[31;1m2026-09-28 13:40:38,240 - tpp_runner.py[pid:17612;line:140:_train_model] - CRITICAL: current best loglike on valid set is 0.9005 (updated at epoch-37)[0m
[38;20m2026-09-28 13:40:39,138 - tpp_runner.py[pid:17612;line:104:_train_model] - INFO: [ Epoch 41 (train) ]: train loglike is 1.5065578946488278, num_events is 248539, mark_ll is -1.2957023069379956, time_ll is 2.802260181940762[0m
[38;20m2026-09-28 13:40:39,218 - tpp_runner.py[pid:17612;line:116:_train_model] - INFO: [ Epoch 41 (valid) ]:  valid loglike is 0.9027466983850497, num_events is 48260, mark_ll is -1.3389654710487464, time_ll is 2.2417121491983525[0m
[38;20m2026-09-28 13:40:39,402 - tpp_runner.py[pid:17612;line:136:_train_model] - INFO: [ Epoch 41 (test) ]: test loglike is 1.5240457322983774, num_events is 104775, mark_ll is -1.342879253907182, time_ll is 2.8669249955261273[0m
[31;1m2026-09-28 13:40:39,402 - tpp_runner.py[pid:17612;line:140:_train_model] - CRITICAL: current best loglike on valid set is 0.9027 (updated at epoch-41), best updated at this epoch[0m
[38;20m2026-09-28 13:40:40,291 - tpp_runner.py[pid:17612;line:104:_train_model] - INFO: [ Epoch 42 (train) ]: train loglike is 1.5086405255044857, num_events is 248539, mark_ll is -1.2944060126441423, time_ll is 2.803046574493842[0m
[38;20m2026-09-28 13:40:40,380 - tpp_runner.py[pid:17612;line:116:_train_model] - INFO: [ Epoch 42 (valid) ]:  valid loglike is 0.909594939034656, num_events is 48260, mark_ll is -1.339473481856092, time_ll is 2.2490683804198612[0m
[38;20m2026-09-28 13:40:40,551 - tpp_runner.py[pid:17612;line:136:_train_model] - INFO: [ Epoch 42 (test) ]: test loglike is 1.5233832636154856, num_events is 104775, mark_ll is -1.3441097645997375, time_ll is 2.867493028215223[0m
[31;1m2026-09-28 13:40:40,551 - tpp_runner.py[pid:17612;line:140:_train_model] - CRITICAL: current best loglike on valid set is 0.9096 (updated at epoch-42), best updated at this epoch[0m
[38;20m2026-09-28 13:40:41,412 - tpp_runner.py[pid:17612;line:104:_train_model] - INFO: [ Epoch 43 (train) ]: train loglike is 1.5088969115196709, num_events is 248539, mark_ll is -1.295893278444228, time_ll is 2.804790201751536[0m
[38;20m2026-09-28 13:40:41,497 - tpp_runner.py[pid:17612;line:116:_train_model] - INFO: [ Epoch 43 (valid) ]:  valid loglike is 0.9137692074829051, num_events is 48260, mark_ll is -1.3409410978618421, time_ll is 2.254710285109304[0m
[38;20m2026-09-28 13:40:41,670 - tpp_runner.py[pid:17612;line:136:_train_model] - INFO: [ Epoch 43 (test) ]: test loglike is 1.5217325770624552, num_events is 104775, mark_ll is -1.3489463284418992, time_ll is 2.870678891523503[0m
[31;1m2026-09-28 13:40:41,670 - tpp_runner.py[pid:17612;line:140:_train_model] - CRITICAL: current best loglike on valid set is 0.9138 (updated at epoch-43), best updated at this epoch[0m
[38;20m2026-09-28 13:40:42,589 - tpp_runner.py[pid:17612;line:104:_train_model] - INFO: [ Epoch 44 (train) ]: train loglike is 1.5064509719409604, num_events is 248539, mark_ll is -1.2959902828379046, time_ll is 2.8024412321858945[0m
[38;20m2026-09-28 13:40:42,676 - tpp_runner.py[pid:17612;line:116:_train_model] - INFO: [ Epoch 44 (valid) ]:  valid loglike is 0.9188609408186127, num_events is 48260, mark_ll is -1.3362243576460837, time_ll is 2.255085247876088[0m
[38;20m2026-09-28 13:40:42,859 - tpp_runner.py[pid:17612;line:136:_train_model] - INFO: [ Epoch 44 (test) ]: test loglike is 1.541650159940945, num_events is 104775, mark_ll is -1.344402225378788, time_ll is 2.8860523293963256[0m
[31;1m2026-09-28 13:40:42,859 - tpp_runner.py[pid:17612;line:140:_train_model] - CRITICAL: current best loglike on valid set is 0.9189 (updated at epoch-44), best updated at this epoch[0m
[38;20m2026-09-28 13:40:43,716 - tpp_runner.py[pid:17612;line:104:_train_model] - INFO: [ Epoch 45 (train) ]: train loglike is 1.5169578408799147, num_events is 248539, mark_ll is -1.2937229681980242, time_ll is 2.8106808375647283[0m
[38;20m2026-09-28 13:40:43,794 - tpp_runner.py[pid:17612;line:116:_train_model] - INFO: [ Epoch 45 (valid) ]:  valid loglike is 0.9152250414017172, num_events is 48260, mark_ll is -1.3338923239678304, time_ll is 2.2491173501929653[0m
[38;20m2026-09-28 13:40:43,983 - tpp_runner.py[pid:17612;line:136:_train_model] - INFO: [ Epoch 45 (test) ]: test loglike is 1.548921936515748, num_events is 104775, mark_ll is -1.3437008899278216, time_ll is 2.892622845084705[0m
[31;1m2026-09-28 13:40:43,983 - tpp_runner.py[pid:17612;line:140:_train_model] - CRITICAL: current best loglike on valid set is 0.9189 (updated at epoch-44)[0m
[38;20m2026-09-28 13:40:44,866 - tpp_runner.py[pid:17612;line:104:_train_model] - INFO: [ Epoch 46 (train) ]: train loglike is 1.5244734466503496, num_events is 248539, mark_ll is -1.2956443687377786, time_ll is 2.820117764308368[0m
[38;20m2026-09-28 13:40:44,949 - tpp_runner.py[pid:17612;line:116:_train_model] - INFO: [ Epoch 46 (valid) ]:  valid loglike is 0.9213668273091069, num_events is 48260, mark_ll is -1.3386002617656962, time_ll is 2.2599670688393596[0m
[38;20m2026-09-28 13:40:45,129 - tpp_runner.py[pid:17612;line:136:_train_model] - INFO: [ Epoch 46 (test) ]: test loglike is 1.5577139070329278, num_events is 104775, mark_ll is -1.3497996264316392, time_ll is 2.9075134961822955[0m
[31;1m2026-09-28 13:40:45,129 - tpp_runner.py[pid:17612;line:140:_train_model] - CRITICAL: current best loglike on valid set is 0.9214 (updated at epoch-46), best updated at this epoch[0m
[38;20m2026-09-28 13:40:46,064 - tpp_runner.py[pid:17612;line:104:_train_model] - INFO: [ Epoch 47 (train) ]: train loglike is 1.5301835744497092, num_events is 248539, mark_ll is -1.307505963286949, time_ll is 2.8376895082675655[0m
[38;20m2026-09-28 13:40:46,152 - tpp_runner.py[pid:17612;line:116:_train_model] - INFO: [ Epoch 47 (valid) ]:  valid loglike is 0.9237421496597208, num_events is 48260, mark_ll is -1.3394676945192707, time_ll is 2.263209859355574[0m
[38;20m2026-09-28 13:40:46,343 - tpp_runner.py[pid:17612;line:136:_train_model] - INFO: [ Epoch 47 (test) ]: test loglike is 1.5598490860251133, num_events is 104775, mark_ll is -1.3567350703143641, time_ll is 2.916584198282033[0m
[31;1m2026-09-28 13:40:46,343 - tpp_runner.py[pid:17612;line:140:_train_model] - CRITICAL: current best loglike on valid set is 0.9237 (updated at epoch-47), best updated at this epoch[0m
[38;20m2026-09-28 13:40:47,232 - tpp_runner.py[pid:17612;line:104:_train_model] - INFO: [ Epoch 48 (train) ]: train loglike is 1.5489522841799979, num_events is 248539, mark_ll is -1.3021677472210096, time_ll is 2.8511200196133704[0m
[38;20m2026-09-28 13:40:47,311 - tpp_runner.py[pid:17612;line:116:_train_model] - INFO: [ Epoch 48 (valid) ]:  valid loglike is 0.9342285004484174, num_events is 48260, mark_ll is -1.339753034507097, time_ll is 2.27398150966121[0m
[38;20m2026-09-28 13:40:47,486 - tpp_runner.py[pid:17612;line:136:_train_model] - INFO: [ Epoch 48 (test) ]: test loglike is 1.5672155269476258, num_events is 104775, mark_ll is -1.3584491413892865, time_ll is 2.9256646683369123[0m
[31;1m2026-09-28 13:40:47,486 - tpp_runner.py[pid:17612;line:140:_train_model] - CRITICAL: current best loglike on valid set is 0.9342 (updated at epoch-48), best updated at this epoch[0m
[38;20m2026-09-28 13:40:48,390 - tpp_runner.py[pid:17612;line:104:_train_model] - INFO: [ Epoch 49 (train) ]: train loglike is 1.5598534328757887, num_events is 248539, mark_ll is -1.3008153064477557, time_ll is 2.860668771739546[0m
[38;20m2026-09-28 13:40:48,471 - tpp_runner.py[pid:17612;line:116:_train_model] - INFO: [ Epoch 49 (valid) ]:  valid loglike is 0.9493774009353632, num_events is 48260, mark_ll is -1.3345790542115623, time_ll is 2.283956510794395[0m
[38;20m2026-09-28 13:40:48,660 - tpp_runner.py[pid:17612;line:136:_train_model] - INFO: [ Epoch 49 (test) ]: test loglike is 1.6002627654497734, num_events is 104775, mark_ll is -1.3513253101884992, time_ll is 2.9515880197148654[0m
[31;1m2026-09-28 13:40:48,660 - tpp_runner.py[pid:17612;line:140:_train_model] - CRITICAL: current best loglike on valid set is 0.9494 (updated at epoch-49), best updated at this epoch[0m
[38;20m2026-09-28 13:40:49,584 - tpp_runner.py[pid:17612;line:104:_train_model] - INFO: [ Epoch 50 (train) ]: train loglike is 1.5544544485944611, num_events is 248539, mark_ll is -1.2959256080031705, time_ll is 2.8503800546330256[0m
[38;20m2026-09-28 13:40:49,668 - tpp_runner.py[pid:17612;line:116:_train_model] - INFO: [ Epoch 50 (valid) ]:  valid loglike is 0.9476081048212158, num_events is 48260, mark_ll is -1.3294332416532844, time_ll is 2.277041432475135[0m
[38;20m2026-09-28 13:40:49,858 - tpp_runner.py[pid:17612;line:136:_train_model] - INFO: [ Epoch 50 (test) ]: test loglike is 1.5858710490112742, num_events is 104775, mark_ll is -1.3445308864978525, time_ll is 2.9304019401694106[0m
[31;1m2026-09-28 13:40:49,858 - tpp_runner.py[pid:17612;line:140:_train_model] - CRITICAL: current best loglike on valid set is 0.9494 (updated at epoch-49)[0m
[38;20m2026-09-28 13:40:50,786 - tpp_runner.py[pid:17612;line:104:_train_model] - INFO: [ Epoch 51 (train) ]: train loglike is 1.5535489704567869, num_events is 248539, mark_ll is -1.2977743672302184, time_ll is 2.85132338385525[0m
[38;20m2026-09-28 13:40:50,887 - tpp_runner.py[pid:17612;line:116:_train_model] - INFO: [ Epoch 51 (valid) ]:  valid loglike is 0.9505484715764867, num_events is 48260, mark_ll is -1.3361351800468815, time_ll is 2.28668366174109[0m
[38;20m2026-09-28 13:40:51,112 - tpp_runner.py[pid:17612;line:136:_train_model] - INFO: [ Epoch 51 (test) ]: test loglike is 1.5840854472381294, num_events is 104775, mark_ll is -1.3519027473305893, time_ll is 2.935988147965879[0m
[31;1m2026-09-28 13:40:51,113 - tpp_runner.py[pid:17612;line:140:_train_model] - CRITICAL: current best loglike on valid set is 0.9505 (updated at epoch-51), best updated at this epoch[0m
[38;20m2026-09-28 13:40:52,053 - tpp_runner.py[pid:17612;line:104:_train_model] - INFO: [ Epoch 52 (train) ]: train loglike is 1.568112333634007, num_events is 248539, mark_ll is -1.3038639095939168, time_ll is 2.8719762235818624[0m
[38;20m2026-09-28 13:40:52,136 - tpp_runner.py[pid:17612;line:116:_train_model] - INFO: [ Epoch 52 (valid) ]:  valid loglike is 0.9572411522547141, num_events is 48260, mark_ll is -1.3344240911857645, time_ll is 2.291665263675922[0m
[38;20m2026-09-28 13:40:52,309 - tpp_runner.py[pid:17612;line:136:_train_model] - INFO: [ Epoch 52 (test) ]: test loglike is 1.5928918180326892, num_events is 104775, mark_ll is -1.3529277208601767, time_ll is 2.9458195575340014[0m
[31;1m2026-09-28 13:40:52,309 - tpp_runner.py[pid:17612;line:140:_train_model] - CRITICAL: current best loglike on valid set is 0.9572 (updated at epoch-52), best updated at this epoch[0m
[38;20m2026-09-28 13:40:53,247 - tpp_runner.py[pid:17612;line:104:_train_model] - INFO: [ Epoch 53 (train) ]: train loglike is 1.5781736259670263, num_events is 248539, mark_ll is -1.2991230379242544, time_ll is 2.8772966756789176[0m
[38;20m2026-09-28 13:40:53,342 - tpp_runner.py[pid:17612;line:116:_train_model] - INFO: [ Epoch 53 (valid) ]:  valid loglike is 0.9736660289803927, num_events is 48260, mark_ll is -1.3357949413010257, time_ll is 2.3094610006345837[0m
[38;20m2026-09-28 13:40:53,528 - tpp_runner.py[pid:17612;line:136:_train_model] - INFO: [ Epoch 53 (test) ]: test loglike is 1.6128655946149486, num_events is 104775, mark_ll is -1.3531623195538058, time_ll is 2.9660278349439273[0m
[31;1m2026-09-28 13:40:53,528 - tpp_runner.py[pid:17612;line:140:_train_model] - CRITICAL: current best loglike on valid set is 0.9737 (updated at epoch-53), best updated at this epoch[0m
[38;20m2026-09-28 13:40:54,446 - tpp_runner.py[pid:17612;line:104:_train_model] - INFO: [ Epoch 54 (train) ]: train loglike is 1.5912361960484571, num_events is 248539, mark_ll is -1.2969785386737593, time_ll is 2.8882147347222165[0m
[38;20m2026-09-28 13:40:54,521 - tpp_runner.py[pid:17612;line:116:_train_model] - INFO: [ Epoch 54 (valid) ]:  valid loglike is 0.9677045206385335, num_events is 48260, mark_ll is -1.3328360135852673, time_ll is 2.300540488694053[0m
[38;20m2026-09-28 13:40:54,699 - tpp_runner.py[pid:17612;line:136:_train_model] - INFO: [ Epoch 54 (test) ]: test loglike is 1.6162102897205322, num_events is 104775, mark_ll is -1.3485870485116918, time_ll is 2.9647973708542112[0m
[31;1m2026-09-28 13:40:54,699 - tpp_runner.py[pid:17612;line:140:_train_model] - CRITICAL: current best loglike on valid set is 0.9737 (updated at epoch-53)[0m
[38;20m2026-09-28 13:40:55,599 - tpp_runner.py[pid:17612;line:104:_train_model] - INFO: [ Epoch 55 (train) ]: train loglike is 1.582713598975538, num_events is 248539, mark_ll is -1.2949276627297426, time_ll is 2.8776412479530378[0m
[38;20m2026-09-28 13:40:55,694 - tpp_runner.py[pid:17612;line:116:_train_model] - INFO: [ Epoch 55 (valid) ]:  valid loglike is 0.9749281034694882, num_events is 48260, mark_ll is -1.3322954641848839, time_ll is 2.307223506948042[0m
[38;20m2026-09-28 13:40:55,884 - tpp_runner.py[pid:17612;line:136:_train_model] - INFO: [ Epoch 55 (test) ]: test loglike is 1.6100434385066213, num_events is 104775, mark_ll is -1.3454782849409448, time_ll is 2.9555216908255786[0m
[31;1m2026-09-28 13:40:55,884 - tpp_runner.py[pid:17612;line:140:_train_model] - CRITICAL: current best loglike on valid set is 0.9749 (updated at epoch-55), best updated at this epoch[0m
[38;20m2026-09-28 13:40:56,797 - tpp_runner.py[pid:17612;line:104:_train_model] - INFO: [ Epoch 56 (train) ]: train loglike is 1.5853775066960065, num_events is 248539, mark_ll is -1.2938870855026776, time_ll is 2.8792645745172285[0m
[38;20m2026-09-28 13:40:56,885 - tpp_runner.py[pid:17612;line:116:_train_model] - INFO: [ Epoch 56 (valid) ]:  valid loglike is 0.9710536585277015, num_events is 48260, mark_ll is -1.331213839262588, time_ll is 2.3022675028491504[0m
[38;20m2026-09-28 13:40:57,061 - tpp_runner.py[pid:17612;line:136:_train_model] - INFO: [ Epoch 56 (test) ]: test loglike is 1.6126468595278574, num_events is 104775, mark_ll is -1.3475365552672394, time_ll is 2.9601834287759483[0m
[31;1m2026-09-28 13:40:57,061 - tpp_runner.py[pid:17612;line:140:_train_model] - CRITICAL: current best loglike on valid set is 0.9749 (updated at epoch-55)[0m
[38;20m2026-09-28 13:40:57,964 - tpp_runner.py[pid:17612;line:104:_train_model] - INFO: [ Epoch 57 (train) ]: train loglike is 1.5930089171587507, num_events is 248539, mark_ll is -1.2941873362618643, time_ll is 2.887196243597584[0m
[38;20m2026-09-28 13:40:58,050 - tpp_runner.py[pid:17612;line:116:_train_model] - INFO: [ Epoch 57 (valid) ]:  valid loglike is 0.9712710327199026, num_events is 48260, mark_ll is -1.3344613851080087, time_ll is 2.3057324785342415[0m
[38;20m2026-09-28 13:40:58,244 - tpp_runner.py[pid:17612;line:136:_train_model] - INFO: [ Epoch 57 (test) ]: test loglike is 1.634042735735803, num_events is 104775, mark_ll is -1.3524671356776425, time_ll is 2.986509894714865[0m
[31;1m2026-09-28 13:40:58,245 - tpp_runner.py[pid:17612;line:140:_train_model] - CRITICAL: current best loglike on valid set is 0.9749 (updated at epoch-55)[0m
[38;20m2026-09-28 13:40:59,158 - tpp_runner.py[pid:17612;line:104:_train_model] - INFO: [ Epoch 58 (train) ]: train loglike is 1.6157345961439276, num_events is 248539, mark_ll is -1.2927794169753037, time_ll is 2.9085140396414144[0m
[38;20m2026-09-28 13:40:59,237 - tpp_runner.py[pid:17612;line:116:_train_model] - INFO: [ Epoch 58 (valid) ]:  valid loglike is 0.9691562619389116, num_events is 48260, mark_ll is -1.331710417044395, time_ll is 2.3008666840421674[0m
[38;20m2026-09-28 13:40:59,417 - tpp_runner.py[pid:17612;line:136:_train_model] - INFO: [ Epoch 58 (test) ]: test loglike is 1.6271493043128131, num_events is 104775, mark_ll is -1.34814420036984, time_ll is 2.975293448759246[0m
[31;1m2026-09-28 13:40:59,417 - tpp_runner.py[pid:17612;line:140:_train_model] - CRITICAL: current best loglike on valid set is 0.9749 (updated at epoch-55)[0m
[38;20m2026-09-28 13:41:00,365 - tpp_runner.py[pid:17612;line:104:_train_model] - INFO: [ Epoch 59 (train) ]: train loglike is 1.6034036797764888, num_events is 248539, mark_ll is -1.2926866482725046, time_ll is 2.8960903457304488[0m
[38;20m2026-09-28 13:41:00,456 - tpp_runner.py[pid:17612;line:116:_train_model] - INFO: [ Epoch 59 (valid) ]:  valid loglike is 0.9580543287255879, num_events is 48260, mark_ll is -1.333243555415976, time_ll is 2.2912978689649814[0m
[38;20m2026-09-28 13:41:00,639 - tpp_runner.py[pid:17612;line:136:_train_model] - INFO: [ Epoch 59 (test) ]: test loglike is 1.6309606056877834, num_events is 104775, mark_ll is -1.34987175830649, time_ll is 2.980832382635409[0m
[31;1m2026-09-28 13:41:00,639 - tpp_runner.py[pid:17612;line:140:_train_model] - CRITICAL: current best loglike on valid set is 0.9749 (updated at epoch-55)[0m
[38;20m2026-09-28 13:41:01,564 - tpp_runner.py[pid:17612;line:104:_train_model] - INFO: [ Epoch 60 (train) ]: train loglike is 1.6152821463633473, num_events is 248539, mark_ll is -1.294929912203794, time_ll is 2.910212025168837[0m
[38;20m2026-09-28 13:41:01,634 - tpp_runner.py[pid:17612;line:116:_train_model] - INFO: [ Epoch 60 (valid) ]:  valid loglike is 0.9842055281612619, num_events is 48260, mark_ll is -1.333077321248187, time_ll is 2.3172828291740055[0m
[38;20m2026-09-28 13:41:01,828 - tpp_runner.py[pid:17612;line:136:_train_model] - INFO: [ Epoch 60 (test) ]: test loglike is 1.641920302620198, num_events is 104775, mark_ll is -1.3506115970233834, time_ll is 2.9925318763421616[0m
[31;1m2026-09-28 13:41:01,828 - tpp_runner.py[pid:17612;line:140:_train_model] - CRITICAL: current best loglike on valid set is 0.9842 (updated at epoch-60), best updated at this epoch[0m
[38;20m2026-09-28 13:41:02,743 - tpp_runner.py[pid:17612;line:104:_train_model] - INFO: [ Epoch 61 (train) ]: train loglike is 1.6177851980253855, num_events is 248539, mark_ll is -1.2925860309681025, time_ll is 2.910371236851913[0m
[38;20m2026-09-28 13:41:02,823 - tpp_runner.py[pid:17612;line:116:_train_model] - INFO: [ Epoch 61 (valid) ]:  valid loglike is 0.967175009672542, num_events is 48260, mark_ll is -1.3340861390450165, time_ll is 2.3012611537764194[0m
[38;20m2026-09-28 13:41:03,017 - tpp_runner.py[pid:17612;line:136:_train_model] - INFO: [ Epoch 61 (test) ]: test loglike is 1.6333120358357194, num_events is 104775, mark_ll is -1.3507766269983297, time_ll is 2.9840886535134814[0m
[31;1m2026-09-28 13:41:03,017 - tpp_runner.py[pid:17612;line:140:_train_model] - CRITICAL: current best loglike on valid set is 0.9842 (updated at epoch-60)[0m
[38;20m2026-09-28 13:41:03,949 - tpp_runner.py[pid:17612;line:104:_train_model] - INFO: [ Epoch 62 (train) ]: train loglike is 1.6202610644497066, num_events is 248539, mark_ll is -1.2932326280407702, time_ll is 2.913493683649749[0m
[38;20m2026-09-28 13:41:04,036 - tpp_runner.py[pid:17612;line:116:_train_model] - INFO: [ Epoch 62 (valid) ]:  valid loglike is 0.9786231966172814, num_events is 48260, mark_ll is -1.3332615649606299, time_ll is 2.3118847615779115[0m
[38;20m2026-09-28 13:41:04,225 - tpp_runner.py[pid:17612;line:136:_train_model] - INFO: [ Epoch 62 (test) ]: test loglike is 1.6358905150172989, num_events is 104775, mark_ll is -1.3486718377177285, time_ll is 2.9845623434144595[0m
[31;1m2026-09-28 13:41:04,225 - tpp_runner.py[pid:17612;line:140:_train_model] - CRITICAL: current best loglike on valid set is 0.9842 (updated at epoch-60)[0m
[38;20m2026-09-28 13:41:05,173 - tpp_runner.py[pid:17612;line:104:_train_model] - INFO: [ Epoch 63 (train) ]: train loglike is 1.633703028467112, num_events is 248539, mark_ll is -1.2905617322161964, time_ll is 2.924264809798462[0m
[38;20m2026-09-28 13:41:05,259 - tpp_runner.py[pid:17612;line:116:_train_model] - INFO: [ Epoch 63 (valid) ]:  valid loglike is 1.0084432893603656, num_events is 48260, mark_ll is -1.333566634505802, time_ll is 2.3420099946902195[0m
[38;20m2026-09-28 13:41:05,598 - tpp_runner.py[pid:17612;line:136:_train_model] - INFO: [ Epoch 63 (test) ]: test loglike is 1.6533324152573967, num_events is 104775, mark_ll is -1.3470434879056312, time_ll is 3.000375879861608[0m
[31;1m2026-09-28 13:41:05,598 - tpp_runner.py[pid:17612;line:140:_train_model] - CRITICAL: current best loglike on valid set is 1.0084 (updated at epoch-63), best updated at this epoch[0m
[38;20m2026-09-28 13:41:06,500 - tpp_runner.py[pid:17612;line:104:_train_model] - INFO: [ Epoch 64 (train) ]: train loglike is 1.6540080995053845, num_events is 248539, mark_ll is -1.2924273772331756, time_ll is 2.946435437446437[0m
[38;20m2026-09-28 13:41:06,588 - tpp_runner.py[pid:17612;line:116:_train_model] - INFO: [ Epoch 64 (valid) ]:  valid loglike is 0.9955591751142898, num_events is 48260, mark_ll is -1.3323136356130854, time_ll is 2.3278729068457316[0m
[38;20m2026-09-28 13:41:06,770 - tpp_runner.py[pid:17612;line:136:_train_model] - INFO: [ Epoch 64 (test) ]: test loglike is 1.665586962762467, num_events is 104775, mark_ll is -1.3465449680118111, time_ll is 3.012131874850871[0m
[31;1m2026-09-28 13:41:06,770 - tpp_runner.py[pid:17612;line:140:_train_model] - CRITICAL: current best loglike on valid set is 1.0084 (updated at epoch-63)[0m
[38;20m2026-09-28 13:41:07,682 - tpp_runner.py[pid:17612;line:104:_train_model] - INFO: [ Epoch 65 (train) ]: train loglike is 1.6557538200509403, num_events is 248539, mark_ll is -1.2935945556456934, time_ll is 2.9493483511390566[0m
[38;20m2026-09-28 13:41:07,777 - tpp_runner.py[pid:17612;line:116:_train_model] - INFO: [ Epoch 65 (valid) ]:  valid loglike is 1.0292939813315893, num_events is 48260, mark_ll is -1.3341178479848737, time_ll is 2.36341186978735[0m
[38;20m2026-09-28 13:41:07,969 - tpp_runner.py[pid:17612;line:136:_train_model] - INFO: [ Epoch 65 (test) ]: test loglike is 1.6766818125894773, num_events is 104775, mark_ll is -1.347115703665593, time_ll is 3.023797478972799[0m
[31;1m2026-09-28 13:41:07,970 - tpp_runner.py[pid:17612;line:140:_train_model] - CRITICAL: current best loglike on valid set is 1.0293 (updated at epoch-65), best updated at this epoch[0m
[38;20m2026-09-28 13:41:08,907 - tpp_runner.py[pid:17612;line:104:_train_model] - INFO: [ Epoch 66 (train) ]: train loglike is 1.664382762237516, num_events is 248539, mark_ll is -1.2928714627030367, time_ll is 2.957254240657402[0m
[38;20m2026-09-28 13:41:08,994 - tpp_runner.py[pid:17612;line:116:_train_model] - INFO: [ Epoch 66 (valid) ]:  valid loglike is 1.0190202089350004, num_events is 48260, mark_ll is -1.3400236228566618, time_ll is 2.3590437862619145[0m
[38;20m2026-09-28 13:41:09,184 - tpp_runner.py[pid:17612;line:136:_train_model] - INFO: [ Epoch 66 (test) ]: test loglike is 1.6594026448043426, num_events is 104775, mark_ll is -1.3519905377594845, time_ll is 3.0113932198460986[0m
[31;1m2026-09-28 13:41:09,184 - tpp_runner.py[pid:17612;line:140:_train_model] - CRITICAL: current best loglike on valid set is 1.0293 (updated at epoch-65)[0m
[38;20m2026-09-28 13:41:10,082 - tpp_runner.py[pid:17612;line:104:_train_model] - INFO: [ Epoch 67 (train) ]: train loglike is 1.6450965673866829, num_events is 248539, mark_ll is -1.2956072042830804, time_ll is 2.94070375791752[0m
[38;20m2026-09-28 13:41:10,165 - tpp_runner.py[pid:17612;line:116:_train_model] - INFO: [ Epoch 67 (valid) ]:  valid loglike is 0.9868935488192214, num_events is 48260, mark_ll is -1.3409898855159552, time_ll is 2.327883388805429[0m
[38;20m2026-09-28 13:41:10,340 - tpp_runner.py[pid:17612;line:136:_train_model] - INFO: [ Epoch 67 (test) ]: test loglike is 1.6714260375656167, num_events is 104775, mark_ll is -1.3533987357581723, time_ll is 3.0248247546826534[0m
[31;1m2026-09-28 13:41:10,340 - tpp_runner.py[pid:17612;line:140:_train_model] - CRITICAL: current best loglike on valid set is 1.0293 (updated at epoch-65)[0m
[38;20m2026-09-28 13:41:11,286 - tpp_runner.py[pid:17612;line:104:_train_model] - INFO: [ Epoch 68 (train) ]: train loglike is 1.668321422345311, num_events is 248539, mark_ll is -1.2931822005298967, time_ll is 2.9615036209106016[0m
[38;20m2026-09-28 13:41:11,367 - tpp_runner.py[pid:17612;line:116:_train_model] - INFO: [ Epoch 68 (valid) ]:  valid loglike is 1.0227059786022328, num_events is 48260, mark_ll is -1.339263721249482, time_ll is 2.3619698111466536[0m
[38;20m2026-09-28 13:41:11,561 - tpp_runner.py[pid:17612;line:136:_train_model] - INFO: [ Epoch 68 (test) ]: test loglike is 1.6776003825161059, num_events is 104775, mark_ll is -1.3503615914310427, time_ll is 3.0279619832677165[0m
[31;1m2026-09-28 13:41:11,561 - tpp_runner.py[pid:17612;line:140:_train_model] - CRITICAL: current best loglike on valid set is 1.0293 (updated at epoch-65)[0m
[38;20m2026-09-28 13:41:12,484 - tpp_runner.py[pid:17612;line:104:_train_model] - INFO: [ Epoch 69 (train) ]: train loglike is 1.6758585680576665, num_events is 248539, mark_ll is -1.2897483518683184, time_ll is 2.965606936625137[0m
[38;20m2026-09-28 13:41:12,583 - tpp_runner.py[pid:17612;line:116:_train_model] - INFO: [ Epoch 69 (valid) ]:  valid loglike is 0.9946921622461666, num_events is 48260, mark_ll is -1.3335352088621528, time_ll is 2.3282273913437628[0m
[38;20m2026-09-28 13:41:12,767 - tpp_runner.py[pid:17612;line:136:_train_model] - INFO: [ Epoch 69 (test) ]: test loglike is 1.6487058438096516, num_events is 104775, mark_ll is -1.3457193334675495, time_ll is 2.9944252378608924[0m
[31;1m2026-09-28 13:41:12,767 - tpp_runner.py[pid:17612;line:140:_train_model] - CRITICAL: current best loglike on valid set is 1.0293 (updated at epoch-65)[0m
[38;20m2026-09-28 13:41:13,715 - tpp_runner.py[pid:17612;line:104:_train_model] - INFO: [ Epoch 70 (train) ]: train loglike is 1.675482655403805, num_events is 248539, mark_ll is -1.2923660599103661, time_ll is 2.9678487172787773[0m
[38;20m2026-09-28 13:41:13,803 - tpp_runner.py[pid:17612;line:116:_train_model] - INFO: [ Epoch 70 (valid) ]:  valid loglike is 1.0156476080491736, num_events is 48260, mark_ll is -1.3331096777222338, time_ll is 2.3487572807125465[0m
[38;20m2026-09-28 13:41:13,989 - tpp_runner.py[pid:17612;line:136:_train_model] - INFO: [ Epoch 70 (test) ]: test loglike is 1.670888594980315, num_events is 104775, mark_ll is -1.3451951913326174, time_ll is 3.0160837956335005[0m
[31;1m2026-09-28 13:41:13,989 - tpp_runner.py[pid:17612;line:140:_train_model] - CRITICAL: current best loglike on valid set is 1.0293 (updated at epoch-65)[0m
[38;20m2026-09-28 13:41:14,966 - tpp_runner.py[pid:17612;line:104:_train_model] - INFO: [ Epoch 71 (train) ]: train loglike is 1.675717321715606, num_events is 248539, mark_ll is -1.2940687879970547, time_ll is 2.9697860704205374[0m
[38;20m2026-09-28 13:41:15,082 - tpp_runner.py[pid:17612;line:116:_train_model] - INFO: [ Epoch 71 (valid) ]:  valid loglike is 1.0278607605208117, num_events is 48260, mark_ll is -1.341140153918877, time_ll is 2.3690009599694366[0m
[38;20m2026-09-28 13:41:15,315 - tpp_runner.py[pid:17612;line:136:_train_model] - INFO: [ Epoch 71 (test) ]: test loglike is 1.6824048416621928, num_events is 104775, mark_ll is -1.3513341926896922, time_ll is 3.033739039012169[0m
[31;1m2026-09-28 13:41:15,315 - tpp_runner.py[pid:17612;line:140:_train_model] - CRITICAL: current best loglike on valid set is 1.0293 (updated at epoch-65)[0m
[38;20m2026-09-28 13:41:16,542 - tpp_runner.py[pid:17612;line:104:_train_model] - INFO: [ Epoch 72 (train) ]: train loglike is 1.6927103378864836, num_events is 248539, mark_ll is -1.2942437008125485, time_ll is 2.986954024946789[0m
[38;20m2026-09-28 13:41:16,630 - tpp_runner.py[pid:17612;line:116:_train_model] - INFO: [ Epoch 72 (valid) ]:  valid loglike is 1.0175658522035589, num_events is 48260, mark_ll is -1.3415556280434107, time_ll is 2.359121530835578[0m
[38;20m2026-09-28 13:41:16,817 - tpp_runner.py[pid:17612;line:136:_train_model] - INFO: [ Epoch 72 (test) ]: test loglike is 1.6948367688946553, num_events is 104775, mark_ll is -1.3522869411387497, time_ll is 3.047123710033405[0m
[31;1m2026-09-28 13:41:16,817 - tpp_runner.py[pid:17612;line:140:_train_model] - CRITICAL: current best loglike on valid set is 1.0293 (updated at epoch-65)[0m
[38;20m2026-09-28 13:41:17,850 - tpp_runner.py[pid:17612;line:104:_train_model] - INFO: [ Epoch 73 (train) ]: train loglike is 1.6923433121285794, num_events is 248539, mark_ll is -1.2935044470196326, time_ll is 2.985847759148212[0m
[38;20m2026-09-28 13:41:17,967 - tpp_runner.py[pid:17612;line:116:_train_model] - INFO: [ Epoch 73 (valid) ]:  valid loglike is 0.9958765326324855, num_events is 48260, mark_ll is -1.3366643571280563, time_ll is 2.3325408594073767[0m
[38;20m2026-09-28 13:41:18,200 - tpp_runner.py[pid:17612;line:136:_train_model] - INFO: [ Epoch 73 (test) ]: test loglike is 1.6435764789877119, num_events is 104775, mark_ll is -1.3475275888809353, time_ll is 2.9911040585480793[0m
[31;1m2026-09-28 13:41:18,200 - tpp_runner.py[pid:17612;line:140:_train_model] - CRITICAL: current best loglike on valid set is 1.0293 (updated at epoch-65)[0m
[38;20m2026-09-28 13:41:19,186 - tpp_runner.py[pid:17612;line:104:_train_model] - INFO: [ Epoch 74 (train) ]: train loglike is 1.676623901015032, num_events is 248539, mark_ll is -1.2947551722736421, time_ll is 2.971379083111705[0m
[38;20m2026-09-28 13:41:19,283 - tpp_runner.py[pid:17612;line:116:_train_model] - INFO: [ Epoch 74 (valid) ]:  valid loglike is 1.0422444981852854, num_events is 48260, mark_ll is -1.341233965434625, time_ll is 2.383478468678771[0m
[38;20m2026-09-28 13:41:19,467 - tpp_runner.py[pid:17612;line:136:_train_model] - INFO: [ Epoch 74 (test) ]: test loglike is 1.7020978920603675, num_events is 104775, mark_ll is -1.3520088619959436, time_ll is 3.0541067354151754[0m
[31;1m2026-09-28 13:41:19,467 - tpp_runner.py[pid:17612;line:140:_train_model] - CRITICAL: current best loglike on valid set is 1.0422 (updated at epoch-74), best updated at this epoch[0m
[38;20m2026-09-28 13:41:20,449 - tpp_runner.py[pid:17612;line:104:_train_model] - INFO: [ Epoch 75 (train) ]: train loglike is 1.705585136805114, num_events is 248539, mark_ll is -1.293722978021055, time_ll is 2.9993080539233783[0m
[38;20m2026-09-28 13:41:20,533 - tpp_runner.py[pid:17612;line:116:_train_model] - INFO: [ Epoch 75 (valid) ]:  valid loglike is 1.0377054757514634, num_events is 48260, mark_ll is -1.3411803617449751, time_ll is 2.378885832437578[0m
[38;20m2026-09-28 13:41:20,716 - tpp_runner.py[pid:17612;line:136:_train_model] - INFO: [ Epoch 75 (test) ]: test loglike is 1.6919924065333454, num_events is 104775, mark_ll is -1.3508906175435458, time_ll is 3.0428829821343353[0m
[31;1m2026-09-28 13:41:20,716 - tpp_runner.py[pid:17612;line:140:_train_model] - CRITICAL: current best loglike on valid set is 1.0422 (updated at epoch-74)[0m
[38;20m2026-09-28 13:41:21,649 - tpp_runner.py[pid:17612;line:104:_train_model] - INFO: [ Epoch 76 (train) ]: train loglike is 1.7019426803678195, num_events is 248539, mark_ll is -1.292540355839526, time_ll is 2.994483047994983[0m
[38;20m2026-09-28 13:41:21,742 - tpp_runner.py[pid:17612;line:116:_train_model] - INFO: [ Epoch 76 (valid) ]:  valid loglike is 1.0152775169653958, num_events is 48260, mark_ll is -1.342605422613189, time_ll is 2.3578829598140283[0m
[38;20m2026-09-28 13:41:21,923 - tpp_runner.py[pid:17612;line:136:_train_model] - INFO: [ Epoch 76 (test) ]: test loglike is 1.6605224178298736, num_events is 104775, mark_ll is -1.3528860952040085, time_ll is 3.013408531675018[0m
[31;1m2026-09-28 13:41:21,925 - tpp_runner.py[pid:17612;line:140:_train_model] - CRITICAL: current best loglike on valid set is 1.0422 (updated at epoch-74)[0m
[38;20m2026-09-28 13:41:22,832 - tpp_runner.py[pid:17612;line:104:_train_model] - INFO: [ Epoch 77 (train) ]: train loglike is 1.7069799325225368, num_events is 248539, mark_ll is -1.2952145856007509, time_ll is 3.0021945318755305[0m
[38;20m2026-09-28 13:41:22,933 - tpp_runner.py[pid:17612;line:116:_train_model] - INFO: [ Epoch 77 (valid) ]:  valid loglike is 1.0340359652630284, num_events is 48260, mark_ll is -1.3408177223632407, time_ll is 2.374853657273104[0m
[38;20m2026-09-28 13:41:23,116 - tpp_runner.py[pid:17612;line:136:_train_model] - INFO: [ Epoch 77 (test) ]: test loglike is 1.6793373915085898, num_events is 104775, mark_ll is -1.350743072953949, time_ll is 3.030080455141971[0m
[31;1m2026-09-28 13:41:23,116 - tpp_runner.py[pid:17612;line:140:_train_model] - CRITICAL: current best loglike on valid set is 1.0422 (updated at epoch-74)[0m
[38;20m2026-09-28 13:41:24,047 - tpp_runner.py[pid:17612;line:104:_train_model] - INFO: [ Epoch 78 (train) ]: train loglike is 1.7205820836499754, num_events is 248539, mark_ll is -1.294446705531501, time_ll is 3.0150288127567504[0m
[38;20m2026-09-28 13:41:24,135 - tpp_runner.py[pid:17612;line:116:_train_model] - INFO: [ Epoch 78 (valid) ]:  valid loglike is 1.0483010321694985, num_events is 48260, mark_ll is -1.339281831971353, time_ll is 2.387582884376295[0m
[38;20m2026-09-28 13:41:24,318 - tpp_runner.py[pid:17612;line:136:_train_model] - INFO: [ Epoch 78 (test) ]: test loglike is 1.690529417576354, num_events is 104775, mark_ll is -1.348496172974827, time_ll is 3.0390256091923167[0m
[31;1m2026-09-28 13:41:24,318 - tpp_runner.py[pid:17612;line:140:_train_model] - CRITICAL: current best loglike on valid set is 1.0483 (updated at epoch-78), best updated at this epoch[0m
[38;20m2026-09-28 13:41:25,255 - tpp_runner.py[pid:17612;line:104:_train_model] - INFO: [ Epoch 79 (train) ]: train loglike is 1.7227838570638059, num_events is 248539, mark_ll is -1.2950102115513058, time_ll is 3.0177940509336563[0m
[38;20m2026-09-28 13:41:25,347 - tpp_runner.py[pid:17612;line:116:_train_model] - INFO: [ Epoch 79 (valid) ]:  valid loglike is 1.0462504785682372, num_events is 48260, mark_ll is -1.3359416482659034, time_ll is 2.3821921622461666[0m
[38;20m2026-09-28 13:41:25,530 - tpp_runner.py[pid:17612;line:136:_train_model] - INFO: [ Epoch 79 (test) ]: test loglike is 1.6758128793471128, num_events is 104775, mark_ll is -1.345293765658554, time_ll is 3.0211066683070866[0m
[31;1m2026-09-28 13:41:25,530 - tpp_runner.py[pid:17612;line:140:_train_model] - CRITICAL: current best loglike on valid set is 1.0483 (updated at epoch-78)[0m
[38;20m2026-09-28 13:41:26,432 - tpp_runner.py[pid:17612;line:104:_train_model] - INFO: [ Epoch 80 (train) ]: train loglike is 1.7121010537141554, num_events is 248539, mark_ll is -1.295109031241073, time_ll is 3.007210088884441[0m
[38;20m2026-09-28 13:41:26,521 - tpp_runner.py[pid:17612;line:116:_train_model] - INFO: [ Epoch 80 (valid) ]:  valid loglike is 1.065941178803616, num_events is 48260, mark_ll is -1.341631025305636, time_ll is 2.407572305286469[0m
[38;20m2026-09-28 13:41:26,753 - tpp_runner.py[pid:17612;line:136:_train_model] - INFO: [ Epoch 80 (test) ]: test loglike is 1.7000699834839537, num_events is 104775, mark_ll is -1.350552868125149, time_ll is 3.050622893551658[0m
[31;1m2026-09-28 13:41:26,753 - tpp_runner.py[pid:17612;line:140:_train_model] - CRITICAL: current best loglike on valid set is 1.0659 (updated at epoch-80), best updated at this epoch[0m
[38;20m2026-09-28 13:41:27,700 - tpp_runner.py[pid:17612;line:104:_train_model] - INFO: [ Epoch 81 (train) ]: train loglike is 1.7286061992377202, num_events is 248539, mark_ll is -1.2955284039300674, time_ll is 3.024134628707668[0m
[38;20m2026-09-28 13:41:27,783 - tpp_runner.py[pid:17612;line:116:_train_model] - INFO: [ Epoch 81 (valid) ]:  valid loglike is 1.0611953602556465, num_events is 48260, mark_ll is -1.3422817566955034, time_ll is 2.4034770562448196[0m
[38;20m2026-09-28 13:41:27,966 - tpp_runner.py[pid:17612;line:136:_train_model] - INFO: [ Epoch 81 (test) ]: test loglike is 1.6980034597947984, num_events is 104775, mark_ll is -1.3508025847798855, time_ll is 3.0488060538952517[0m
[31;1m2026-09-28 13:41:27,966 - tpp_runner.py[pid:17612;line:140:_train_model] - CRITICAL: current best loglike on valid set is 1.0659 (updated at epoch-80)[0m
[38;20m2026-09-28 13:41:28,879 - tpp_runner.py[pid:17612;line:104:_train_model] - INFO: [ Epoch 82 (train) ]: train loglike is 1.7320817289835548, num_events is 248539, mark_ll is -1.2964444428081459, time_ll is 3.0285261796501253[0m
[38;20m2026-09-28 13:41:28,966 - tpp_runner.py[pid:17612;line:116:_train_model] - INFO: [ Epoch 82 (valid) ]:  valid loglike is 1.0561275806261008, num_events is 48260, mark_ll is -1.3429198004623395, time_ll is 2.3990473760295794[0m
[38;20m2026-09-28 13:41:29,151 - tpp_runner.py[pid:17612;line:136:_train_model] - INFO: [ Epoch 82 (test) ]: test loglike is 1.6886570972396207, num_events is 104775, mark_ll is -1.3515184323550464, time_ll is 3.040175543575519[0m
[31;1m2026-09-28 13:41:29,151 - tpp_runner.py[pid:17612;line:140:_train_model] - CRITICAL: current best loglike on valid set is 1.0659 (updated at epoch-80)[0m
[38;20m2026-09-28 13:41:30,065 - tpp_runner.py[pid:17612;line:104:_train_model] - INFO: [ Epoch 83 (train) ]: train loglike is 1.727192902824104, num_events is 248539, mark_ll is -1.295119638149722, time_ll is 3.0223125429384323[0m
[38;20m2026-09-28 13:41:30,148 - tpp_runner.py[pid:17612;line:116:_train_model] - INFO: [ Epoch 83 (valid) ]:  valid loglike is 1.056083265004986, num_events is 48260, mark_ll is -1.3423521153323146, time_ll is 2.398435334807553[0m
[38;20m2026-09-28 13:41:30,332 - tpp_runner.py[pid:17612;line:136:_train_model] - INFO: [ Epoch 83 (test) ]: test loglike is 1.6888570700235623, num_events is 104775, mark_ll is -1.3511398402081842, time_ll is 3.0399969055714626[0m
[31;1m2026-09-28 13:41:30,332 - tpp_runner.py[pid:17612;line:140:_train_model] - CRITICAL: current best loglike on valid set is 1.0659 (updated at epoch-80)[0m
[38;20m2026-09-28 13:41:31,266 - tpp_runner.py[pid:17612;line:104:_train_model] - INFO: [ Epoch 84 (train) ]: train loglike is 1.7253384560622276, num_events is 248539, mark_ll is -1.2964662067151684, time_ll is 3.021804672600427[0m
[38;20m2026-09-28 13:41:31,348 - tpp_runner.py[pid:17612;line:116:_train_model] - INFO: [ Epoch 84 (valid) ]:  valid loglike is 1.0682049279780097, num_events is 48260, mark_ll is -1.341407099888624, time_ll is 2.409611977278025[0m
[38;20m2026-09-28 13:41:31,532 - tpp_runner.py[pid:17612;line:136:_train_model] - INFO: [ Epoch 84 (test) ]: test loglike is 1.713871838463374, num_events is 104775, mark_ll is -1.3506357745764734, time_ll is 3.064507631680983[0m
[31;1m2026-09-28 13:41:31,532 - tpp_runner.py[pid:17612;line:140:_train_model] - CRITICAL: current best loglike on valid set is 1.0682 (updated at epoch-84), best updated at this epoch[0m
[38;20m2026-09-28 13:41:32,483 - tpp_runner.py[pid:17612;line:104:_train_model] - INFO: [ Epoch 85 (train) ]: train loglike is 1.7370794788022452, num_events is 248539, mark_ll is -1.295555723743306, time_ll is 3.032635212368582[0m
[38;20m2026-09-28 13:41:32,565 - tpp_runner.py[pid:17612;line:116:_train_model] - INFO: [ Epoch 85 (valid) ]:  valid loglike is 1.05326458408879, num_events is 48260, mark_ll is -1.342919679049679, time_ll is 2.3961842024321385[0m
[38;20m2026-09-28 13:41:32,734 - tpp_runner.py[pid:17612;line:136:_train_model] - INFO: [ Epoch 85 (test) ]: test loglike is 1.6904225479450012, num_events is 104775, mark_ll is -1.351549758783703, time_ll is 3.0419722694464326[0m
[31;1m2026-09-28 13:41:32,734 - tpp_runner.py[pid:17612;line:140:_train_model] - CRITICAL: current best loglike on valid set is 1.0682 (updated at epoch-84)[0m
[38;20m2026-09-28 13:41:33,683 - tpp_runner.py[pid:17612;line:104:_train_model] - INFO: [ Epoch 86 (train) ]: train loglike is 1.730311730817397, num_events is 248539, mark_ll is -1.2968607448177147, time_ll is 3.0271725070688102[0m
[38;20m2026-09-28 13:41:33,777 - tpp_runner.py[pid:17612;line:116:_train_model] - INFO: [ Epoch 86 (valid) ]:  valid loglike is 1.0671128109782946, num_events is 48260, mark_ll is -1.3417477231079051, time_ll is 2.4088605340862[0m
[38;20m2026-09-28 13:41:33,963 - tpp_runner.py[pid:17612;line:136:_train_model] - INFO: [ Epoch 86 (test) ]: test loglike is 1.7167961945985446, num_events is 104775, mark_ll is -1.3507927236190647, time_ll is 3.0675889741410165[0m
[31;1m2026-09-28 13:41:33,963 - tpp_runner.py[pid:17612;line:140:_train_model] - CRITICAL: current best loglike on valid set is 1.0682 (updated at epoch-84)[0m
[38;20m2026-09-28 13:41:34,863 - tpp_runner.py[pid:17612;line:104:_train_model] - INFO: [ Epoch 87 (train) ]: train loglike is 1.7402484730137926, num_events is 248539, mark_ll is -1.2960686608005936, time_ll is 3.0363171161329308[0m
[38;20m2026-09-28 13:41:34,945 - tpp_runner.py[pid:17612;line:116:_train_model] - INFO: [ Epoch 87 (valid) ]:  valid loglike is 1.0551728673461458, num_events is 48260, mark_ll is -1.3425256544951822, time_ll is 2.397698420664111[0m
[38;20m2026-09-28 13:41:35,128 - tpp_runner.py[pid:17612;line:136:_train_model] - INFO: [ Epoch 87 (test) ]: test loglike is 1.7006675204306847, num_events is 104775, mark_ll is -1.3515539903215223, time_ll is 3.0522214641493677[0m
[31;1m2026-09-28 13:41:35,128 - tpp_runner.py[pid:17612;line:140:_train_model] - CRITICAL: current best loglike on valid set is 1.0682 (updated at epoch-84)[0m
[38;20m2026-09-28 13:41:36,043 - tpp_runner.py[pid:17612;line:104:_train_model] - INFO: [ Epoch 88 (train) ]: train loglike is 1.7355709638219505, num_events is 248539, mark_ll is -1.2969111644701636, time_ll is 3.0324821184690833[0m
[38;20m2026-09-28 13:41:36,129 - tpp_runner.py[pid:17612;line:116:_train_model] - INFO: [ Epoch 88 (valid) ]:  valid loglike is 1.0577791924601119, num_events is 48260, mark_ll is -1.3421157046467054, time_ll is 2.399894876871374[0m
[38;20m2026-09-28 13:41:36,308 - tpp_runner.py[pid:17612;line:136:_train_model] - INFO: [ Epoch 88 (test) ]: test loglike is 1.709906514704128, num_events is 104775, mark_ll is -1.3513411924361727, time_ll is 3.0612476698580293[0m
[31;1m2026-09-28 13:41:36,308 - tpp_runner.py[pid:17612;line:140:_train_model] - CRITICAL: current best loglike on valid set is 1.0682 (updated at epoch-84)[0m
[38;20m2026-09-28 13:41:37,183 - tpp_runner.py[pid:17612;line:104:_train_model] - INFO: [ Epoch 89 (train) ]: train loglike is 1.7420775684978012, num_events is 248539, mark_ll is -1.2965571895909695, time_ll is 3.0386347030797984[0m
[38;20m2026-09-28 13:41:37,279 - tpp_runner.py[pid:17612;line:116:_train_model] - INFO: [ Epoch 89 (valid) ]:  valid loglike is 1.0637227620813692, num_events is 48260, mark_ll is -1.3421005482995751, time_ll is 2.405823315439805[0m
[38;20m2026-09-28 13:41:37,458 - tpp_runner.py[pid:17612;line:136:_train_model] - INFO: [ Epoch 89 (test) ]: test loglike is 1.7159267999880696, num_events is 104775, mark_ll is -1.3511933682295394, time_ll is 3.0671201309353378[0m
[31;1m2026-09-28 13:41:37,458 - tpp_runner.py[pid:17612;line:140:_train_model] - CRITICAL: current best loglike on valid set is 1.0682 (updated at epoch-84)[0m
[38;20m2026-09-28 13:41:38,340 - tpp_runner.py[pid:17612;line:104:_train_model] - INFO: [ Epoch 90 (train) ]: train loglike is 1.7459117685315484, num_events is 248539, mark_ll is -1.2963789840955544, time_ll is 3.042290784060801[0m
[38;20m2026-09-28 13:41:38,426 - tpp_runner.py[pid:17612;line:116:_train_model] - INFO: [ Epoch 90 (valid) ]:  valid loglike is 1.0615418821066878, num_events is 48260, mark_ll is -1.3422664587002693, time_ll is 2.4038083306892353[0m
[38;20m2026-09-28 13:41:38,596 - tpp_runner.py[pid:17612;line:136:_train_model] - INFO: [ Epoch 90 (test) ]: test loglike is 1.7195558749403483, num_events is 104775, mark_ll is -1.3512871890658553, time_ll is 3.0708431012884754[0m
[31;1m2026-09-28 13:41:38,596 - tpp_runner.py[pid:17612;line:140:_train_model] - CRITICAL: current best loglike on valid set is 1.0682 (updated at epoch-84)[0m
[38;20m2026-09-28 13:41:39,497 - tpp_runner.py[pid:17612;line:104:_train_model] - INFO: [ Epoch 91 (train) ]: train loglike is 1.7470962197614106, num_events is 248539, mark_ll is -1.2964127124540816, time_ll is 3.0435089263216737[0m
[38;20m2026-09-28 13:41:39,577 - tpp_runner.py[pid:17612;line:116:_train_model] - INFO: [ Epoch 91 (valid) ]:  valid loglike is 1.0564004909927993, num_events is 48260, mark_ll is -1.3425843777520203, time_ll is 2.398984848509376[0m
[38;20m2026-09-28 13:41:39,763 - tpp_runner.py[pid:17612;line:136:_train_model] - INFO: [ Epoch 91 (test) ]: test loglike is 1.721830895072775, num_events is 104775, mark_ll is -1.3514668150501075, time_ll is 3.0732977101228824[0m
[31;1m2026-09-28 13:41:39,763 - tpp_runner.py[pid:17612;line:140:_train_model] - CRITICAL: current best loglike on valid set is 1.0682 (updated at epoch-84)[0m
[38;20m2026-09-28 13:41:40,662 - tpp_runner.py[pid:17612;line:104:_train_model] - INFO: [ Epoch 92 (train) ]: train loglike is 1.7479866971487623, num_events is 248539, mark_ll is -1.2965694408749733, time_ll is 3.0445561242714927[0m
[38;20m2026-09-28 13:41:40,741 - tpp_runner.py[pid:17612;line:116:_train_model] - INFO: [ Epoch 92 (valid) ]:  valid loglike is 1.0571521770099461, num_events is 48260, mark_ll is -1.3427924992877125, time_ll is 2.3999447167685455[0m
[38;20m2026-09-28 13:41:40,921 - tpp_runner.py[pid:17612;line:136:_train_model] - INFO: [ Epoch 92 (test) ]: test loglike is 1.723010622651217, num_events is 104775, mark_ll is -1.3515667967817944, time_ll is 3.0745774240932953[0m
[31;1m2026-09-28 13:41:40,921 - tpp_runner.py[pid:17612;line:140:_train_model] - CRITICAL: current best loglike on valid set is 1.0682 (updated at epoch-84)[0m
[38;20m2026-09-28 13:41:41,803 - tpp_runner.py[pid:17612;line:104:_train_model] - INFO: [ Epoch 93 (train) ]: train loglike is 1.7502444932718055, num_events is 248539, mark_ll is -1.2966795590147573, time_ll is 3.0469240601449874[0m
[38;20m2026-09-28 13:41:41,882 - tpp_runner.py[pid:17612;line:116:_train_model] - INFO: [ Epoch 93 (valid) ]:  valid loglike is 1.058037133657532, num_events is 48260, mark_ll is -1.3429676168151679, time_ll is 2.4010047504727[0m
[38;20m2026-09-28 13:41:42,047 - tpp_runner.py[pid:17612;line:136:_train_model] - INFO: [ Epoch 93 (test) ]: test loglike is 1.7241372369735743, num_events is 104775, mark_ll is -1.3516905086793127, time_ll is 3.0758277037103317[0m
[31;1m2026-09-28 13:41:42,047 - tpp_runner.py[pid:17612;line:140:_train_model] - CRITICAL: current best loglike on valid set is 1.0682 (updated at epoch-84)[0m
[38;20m2026-09-28 13:41:42,932 - tpp_runner.py[pid:17612;line:104:_train_model] - INFO: [ Epoch 94 (train) ]: train loglike is 1.7509446415791385, num_events is 248539, mark_ll is -1.2967830328565135, time_ll is 3.0477276665772273[0m
[38;20m2026-09-28 13:41:43,025 - tpp_runner.py[pid:17612;line:116:_train_model] - INFO: [ Epoch 94 (valid) ]:  valid loglike is 1.0518772016162454, num_events is 48260, mark_ll is -1.3430121752616038, time_ll is 2.3948893971132925[0m
[38;20m2026-09-28 13:41:43,196 - tpp_runner.py[pid:17612;line:136:_train_model] - INFO: [ Epoch 94 (test) ]: test loglike is 1.7243695288266523, num_events is 104775, mark_ll is -1.3517070433667382, time_ll is 3.0760765815139584[0m
[31;1m2026-09-28 13:41:43,196 - tpp_runner.py[pid:17612;line:140:_train_model] - CRITICAL: current best loglike on valid set is 1.0682 (updated at epoch-84)[0m
[38;20m2026-09-28 13:41:44,097 - tpp_runner.py[pid:17612;line:104:_train_model] - INFO: [ Epoch 95 (train) ]: train loglike is 1.753129098954289, num_events is 248539, mark_ll is -1.296887231637942, time_ll is 3.050016330592231[0m
[38;20m2026-09-28 13:41:44,181 - tpp_runner.py[pid:17612;line:116:_train_model] - INFO: [ Epoch 95 (valid) ]:  valid loglike is 1.0536273297066023, num_events is 48260, mark_ll is -1.3429870226054186, time_ll is 2.39661434725316[0m
[38;20m2026-09-28 13:41:44,357 - tpp_runner.py[pid:17612;line:136:_train_model] - INFO: [ Epoch 95 (test) ]: test loglike is 1.7246504787043666, num_events is 104775, mark_ll is -1.351671280347769, time_ll is 3.076321731090432[0m
[31;1m2026-09-28 13:41:44,357 - tpp_runner.py[pid:17612;line:140:_train_model] - CRITICAL: current best loglike on valid set is 1.0682 (updated at epoch-84)[0m
[38;20m2026-09-28 13:41:45,255 - tpp_runner.py[pid:17612;line:104:_train_model] - INFO: [ Epoch 96 (train) ]: train loglike is 1.7515785158623245, num_events is 248539, mark_ll is -1.2968809448982352, time_ll is 3.0484594312914672[0m
[38;20m2026-09-28 13:41:45,331 - tpp_runner.py[pid:17612;line:116:_train_model] - INFO: [ Epoch 96 (valid) ]:  valid loglike is 1.0532597680532532, num_events is 48260, mark_ll is -1.3430664467208868, time_ll is 2.3963262957159137[0m
[38;20m2026-09-28 13:41:45,516 - tpp_runner.py[pid:17612;line:136:_train_model] - INFO: [ Epoch 96 (test) ]: test loglike is 1.7240619966893342, num_events is 104775, mark_ll is -1.3517369344279409, time_ll is 3.075798940437843[0m
[31;1m2026-09-28 13:41:45,516 - tpp_runner.py[pid:17612;line:140:_train_model] - CRITICAL: current best loglike on valid set is 1.0682 (updated at epoch-84)[0m
[38;20m2026-09-28 13:41:46,394 - tpp_runner.py[pid:17612;line:104:_train_model] - INFO: [ Epoch 97 (train) ]: train loglike is 1.7527912358101998, num_events is 248539, mark_ll is -1.2968607369592902, time_ll is 3.0496519943801577[0m
[38;20m2026-09-28 13:41:46,478 - tpp_runner.py[pid:17612;line:116:_train_model] - INFO: [ Epoch 97 (valid) ]:  valid loglike is 1.0497082150234407, num_events is 48260, mark_ll is -1.3430935419796415, time_ll is 2.392801665943587[0m
[38;20m2026-09-28 13:41:46,658 - tpp_runner.py[pid:17612;line:136:_train_model] - INFO: [ Epoch 97 (test) ]: test loglike is 1.7243475975304223, num_events is 104775, mark_ll is -1.351764047959914, time_ll is 3.0761117200548793[0m
[31;1m2026-09-28 13:41:46,658 - tpp_runner.py[pid:17612;line:140:_train_model] - CRITICAL: current best loglike on valid set is 1.0682 (updated at epoch-84)[0m
[38;20m2026-09-28 13:41:47,549 - tpp_runner.py[pid:17612;line:104:_train_model] - INFO: [ Epoch 98 (train) ]: train loglike is 1.7545659549249564, num_events is 248539, mark_ll is -1.296859644638266, time_ll is 3.0514256133154656[0m
[38;20m2026-09-28 13:41:47,630 - tpp_runner.py[pid:17612;line:116:_train_model] - INFO: [ Epoch 98 (valid) ]:  valid loglike is 1.051792834993719, num_events is 48260, mark_ll is -1.3431131298888832, time_ll is 2.3949059901769063[0m
[38;20m2026-09-28 13:41:47,816 - tpp_runner.py[pid:17612;line:136:_train_model] - INFO: [ Epoch 98 (test) ]: test loglike is 1.7241850747882368, num_events is 104775, mark_ll is -1.3517831644446432, time_ll is 3.075968220591744[0m
[31;1m2026-09-28 13:41:47,816 - tpp_runner.py[pid:17612;line:140:_train_model] - CRITICAL: current best loglike on valid set is 1.0682 (updated at epoch-84)[0m
[38;20m2026-09-28 13:41:48,680 - tpp_runner.py[pid:17612;line:104:_train_model] - INFO: [ Epoch 99 (train) ]: train loglike is 1.7527126692453197, num_events is 248539, mark_ll is -1.2968562399757935, time_ll is 3.0495688522475346[0m
[38;20m2026-09-28 13:41:48,768 - tpp_runner.py[pid:17612;line:116:_train_model] - INFO: [ Epoch 99 (valid) ]:  valid loglike is 1.0516713768033827, num_events is 48260, mark_ll is -1.3431172376838998, time_ll is 2.3947886448404474[0m
[38;20m2026-09-28 13:41:48,957 - tpp_runner.py[pid:17612;line:136:_train_model] - INFO: [ Epoch 99 (test) ]: test loglike is 1.7232090808428775, num_events is 104775, mark_ll is -1.3517869858774756, time_ll is 3.0749960667203533[0m
[31;1m2026-09-28 13:41:48,958 - tpp_runner.py[pid:17612;line:140:_train_model] - CRITICAL: current best loglike on valid set is 1.0682 (updated at epoch-84)[0m
[38;20m2026-09-28 13:41:48,958 - base_runner.py[pid:17612;line:118:train] - INFO: End THP train! Cost time: 1.980m[0m
RESULT {"model": "THP", "dataset": "lob_intc", "seed": 2019, "ll_per_event": 1.713871838463374, "mark_ll": -1.3506357745764734, "time_ll": 3.064507631680983, "val_ll": 1.0682049279780097, "best_epoch": 84, "n_params": 51224, "seconds": 119.47836899757385, "max_epoch": 100, "batch_size": 64}
