
=== Mon Sep 28 08:27:02 2026 attempt 1: D:\Quant\.venv\Scripts\python.exe -u -m infodiff.baselines.easytpp_runner NHP lob_amzn 6 2019 100 64
[31;1m2026-09-28 08:27:04,547 - config.py[pid:26472;line:33:build_from_yaml_file] - CRITICAL: Load pipeline config class RunnerConfig[0m
[31;1m2026-09-28 08:27:04,548 - runner_config.py[pid:26472;line:205:update_config] - CRITICAL: train model NHP using GPU with torch backend[0m
[38;20m2026-09-28 08:27:04,599 - runner_config.py[pid:26472;line:45:__init__] - INFO: Save the config to D:\Quant\results\easytpp\checkpoints/lob_amzn/NHP/train_2026_09_28_08_27_04\NHP_train_output.yaml[0m
[38;20m2026-09-28 08:27:04,599 - base_runner.py[pid:26472;line:193:save_log] - INFO: Save the log to D:\Quant\results\easytpp\checkpoints/lob_amzn/NHP/train_2026_09_28_08_27_04\log[0m
0.41421280161059515 1.2532707187976024
min_dt: 0.0
max_dt: 26.415379224003118
Traceback (most recent call last):
  File "<frozen runpy>", line 198, in _run_module_as_main
  File "<frozen runpy>", line 88, in _run_code
  File "D:\Quant\src\infodiff\baselines\easytpp_runner.py", line 84, in <module>
    r = run_model(model, dataset, n_types, seed, max_epoch, batch_size=bs, gpu=0 if torch.cuda.is_available() else -1)
        ^^^^^^^^^^^^^^^^^^^^^^^^^^^^^^^^^^^^^^^^^^^^^^^^^^^^^^^^^^^^^^^^^^^^^^^^^^^^^^^^^^^^^^^^^^^^^^^^^^^^^^^^^^^^^^
  File "D:\Quant\src\infodiff\baselines\easytpp_runner.py", line 66, in run_model
    runner = Runner.build_from_config(config)
             ^^^^^^^^^^^^^^^^^^^^^^^^^^^^^^^^
  File "D:\Quant\external\state_space_point_process\easy_tpp\runner\base_runner.py", line 66, in build_from_config
    return runner_cls(runner_config, unique_model_dir=unique_model_dir, **kwargs)
           ^^^^^^^^^^^^^^^^^^^^^^^^^^^^^^^^^^^^^^^^^^^^^^^^^^^^^^^^^^^^^^^^^^^^^^
  File "D:\Quant\external\state_space_point_process\easy_tpp\runner\tpp_runner.py", line 16, in __init__
    super(TPPRunner, self).__init__(runner_config, unique_model_dir, **kwargs)
  File "D:\Quant\external\state_space_point_process\easy_tpp\runner\base_runner.py", line 49, in __init__
    assert (min_dt > 0.)
            ^^^^^^^^^^^
AssertionError

=== Mon Sep 28 08:27:27 2026 attempt 2: D:\Quant\.venv\Scripts\python.exe -u -m infodiff.baselines.easytpp_runner NHP lob_amzn 6 2019 100 64
[31;1m2026-09-28 08:27:29,535 - config.py[pid:32736;line:33:build_from_yaml_file] - CRITICAL: Load pipeline config class RunnerConfig[0m
[31;1m2026-09-28 08:27:29,535 - runner_config.py[pid:32736;line:205:update_config] - CRITICAL: train model NHP using GPU with torch backend[0m
[38;20m2026-09-28 08:27:29,601 - runner_config.py[pid:32736;line:45:__init__] - INFO: Save the config to D:\Quant\results\easytpp\checkpoints/lob_amzn/NHP/train_2026_09_28_08_27_29\NHP_train_output.yaml[0m
[38;20m2026-09-28 08:27:29,601 - base_runner.py[pid:32736;line:193:save_log] - INFO: Save the log to D:\Quant\results\easytpp\checkpoints/lob_amzn/NHP/train_2026_09_28_08_27_29\log[0m
0.41421280161059515 1.2532707187976024
min_dt: 0.0
max_dt: 26.415379224003118
Traceback (most recent call last):
  File "<frozen runpy>", line 198, in _run_module_as_main
  File "<frozen runpy>", line 88, in _run_code
  File "D:\Quant\src\infodiff\baselines\easytpp_runner.py", line 84, in <module>
    r = run_model(model, dataset, n_types, seed, max_epoch, batch_size=bs, gpu=0 if torch.cuda.is_available() else -1)
        ^^^^^^^^^^^^^^^^^^^^^^^^^^^^^^^^^^^^^^^^^^^^^^^^^^^^^^^^^^^^^^^^^^^^^^^^^^^^^^^^^^^^^^^^^^^^^^^^^^^^^^^^^^^^^^
  File "D:\Quant\src\infodiff\baselines\easytpp_runner.py", line 66, in run_model
    runner = Runner.build_from_config(config)
             ^^^^^^^^^^^^^^^^^^^^^^^^^^^^^^^^
  File "D:\Quant\external\state_space_point_process\easy_tpp\runner\base_runner.py", line 66, in build_from_config
    return runner_cls(runner_config, unique_model_dir=unique_model_dir, **kwargs)
           ^^^^^^^^^^^^^^^^^^^^^^^^^^^^^^^^^^^^^^^^^^^^^^^^^^^^^^^^^^^^^^^^^^^^^^
  File "D:\Quant\external\state_space_point_process\easy_tpp\runner\tpp_runner.py", line 16, in __init__
    super(TPPRunner, self).__init__(runner_config, unique_model_dir, **kwargs)
  File "D:\Quant\external\state_space_point_process\easy_tpp\runner\base_runner.py", line 49, in __init__
    assert (min_dt > 0.)
            ^^^^^^^^^^^
AssertionError

=== Mon Sep 28 09:00:33 2026 attempt 1: D:\Quant\.venv\Scripts\python.exe -u -m infodiff.baselines.easytpp_runner NHP lob_amzn 6 2019 100 64
[31;1m2026-09-28 09:00:35,176 - config.py[pid:20400;line:33:build_from_yaml_file] - CRITICAL: Load pipeline config class RunnerConfig[0m
[31;1m2026-09-28 09:00:35,177 - runner_config.py[pid:20400;line:205:update_config] - CRITICAL: train model NHP using GPU with torch backend[0m
[38;20m2026-09-28 09:00:35,179 - runner_config.py[pid:20400;line:45:__init__] - INFO: Save the config to D:\Quant\results\easytpp\checkpoints/lob_amzn/NHP/train_2026_09_28_09_00_35\NHP_train_output.yaml[0m
[38;20m2026-09-28 09:00:35,180 - base_runner.py[pid:20400;line:193:save_log] - INFO: Save the log to D:\Quant\results\easytpp\checkpoints/lob_amzn/NHP/train_2026_09_28_09_00_35\log[0m
0.41421280161059515 1.2532707187976024
min_dt: 7.275957614183426e-12
max_dt: 26.415379224003118
[38;20m2026-09-28 09:00:39,307 - tpp_runner.py[pid:20400;line:62:_init_model] - INFO: Num of model parameters 231948[0m
[38;20m2026-09-28 09:00:40,018 - base_runner.py[pid:20400;line:103:train] - INFO: Data 'lob_amzn' loaded...[0m
[38;20m2026-09-28 09:00:40,018 - base_runner.py[pid:20400;line:108:train] - INFO: Start NHP training...[0m
[38;20m2026-09-28 09:00:42,253 - tpp_runner.py[pid:20400;line:104:_train_model] - INFO: [ Epoch 0 (train) ]: train loglike is -1.9988540307313425, num_events is 33274, mark_ll is -1.7463704094460013, time_ll is -0.2524836281640402[0m
[38;20m2026-09-28 09:00:42,339 - tpp_runner.py[pid:20400;line:116:_train_model] - INFO: [ Epoch 0 (valid) ]:  valid loglike is -1.5902526268078794, num_events is 9144, mark_ll is -1.5249984354067558, time_ll is -0.06525420141345246[0m
[38;20m2026-09-28 09:00:42,443 - tpp_runner.py[pid:20400;line:136:_train_model] - INFO: [ Epoch 0 (test) ]: test loglike is -1.2590365756989053, num_events is 14478, mark_ll is -1.5413986819441567, time_ll is 0.2823622074224686[0m
[31;1m2026-09-28 09:00:42,443 - tpp_runner.py[pid:20400;line:140:_train_model] - CRITICAL: current best loglike on valid set is -1.5903 (updated at epoch-0), best updated at this epoch[0m
[38;20m2026-09-28 09:00:44,357 - tpp_runner.py[pid:20400;line:104:_train_model] - INFO: [ Epoch 1 (train) ]: train loglike is -1.1539016689697896, num_events is 33274, mark_ll is -1.4849573525054285, time_ll is 0.3310556340090048[0m
[38;20m2026-09-28 09:00:44,456 - tpp_runner.py[pid:20400;line:116:_train_model] - INFO: [ Epoch 1 (valid) ]:  valid loglike is -0.7671953202962667, num_events is 9144, mark_ll is -1.442368675091761, time_ll is 0.6751734749434397[0m
[38;20m2026-09-28 09:00:44,555 - tpp_runner.py[pid:20400;line:136:_train_model] - INFO: [ Epoch 1 (test) ]: test loglike is -0.6074979602673021, num_events is 14478, mark_ll is -1.4949498403828223, time_ll is 0.8874519138412591[0m
[31;1m2026-09-28 09:00:44,555 - tpp_runner.py[pid:20400;line:140:_train_model] - CRITICAL: current best loglike on valid set is -0.7672 (updated at epoch-1), best updated at this epoch[0m
[38;20m2026-09-28 09:00:46,443 - tpp_runner.py[pid:20400;line:104:_train_model] - INFO: [ Epoch 2 (train) ]: train loglike is -0.5290336042540488, num_events is 33274, mark_ll is -1.4581671745335603, time_ll is 0.9291335537706336[0m
[38;20m2026-09-28 09:00:46,573 - tpp_runner.py[pid:20400;line:116:_train_model] - INFO: [ Epoch 2 (valid) ]:  valid loglike is -0.3802531351671861, num_events is 9144, mark_ll is -1.465609706501531, time_ll is 1.085356517935258[0m
[38;20m2026-09-28 09:00:46,704 - tpp_runner.py[pid:20400;line:136:_train_model] - INFO: [ Epoch 2 (test) ]: test loglike is -0.2008616487893269, num_events is 14478, mark_ll is -1.5050601424359373, time_ll is 1.3041985442352189[0m
[31;1m2026-09-28 09:00:46,705 - tpp_runner.py[pid:20400;line:140:_train_model] - CRITICAL: current best loglike on valid set is -0.3803 (updated at epoch-2), best updated at this epoch[0m
[38;20m2026-09-28 09:00:48,787 - tpp_runner.py[pid:20400;line:104:_train_model] - INFO: [ Epoch 3 (train) ]: train loglike is -0.1887140976248391, num_events is 33274, mark_ll is -1.475079313052233, time_ll is 1.2863652244843478[0m
[38;20m2026-09-28 09:00:48,888 - tpp_runner.py[pid:20400;line:116:_train_model] - INFO: [ Epoch 3 (valid) ]:  valid loglike is -0.14452181838628814, num_events is 9144, mark_ll is -1.486152335206146, time_ll is 1.3416305635440589[0m
[38;20m2026-09-28 09:00:49,002 - tpp_runner.py[pid:20400;line:136:_train_model] - INFO: [ Epoch 3 (test) ]: test loglike is 0.046171575937008956, num_events is 14478, mark_ll is -1.5261383920862688, time_ll is 1.572310008072593[0m
[31;1m2026-09-28 09:00:49,002 - tpp_runner.py[pid:20400;line:140:_train_model] - CRITICAL: current best loglike on valid set is -0.1445 (updated at epoch-3), best updated at this epoch[0m
[38;20m2026-09-28 09:00:50,979 - tpp_runner.py[pid:20400;line:104:_train_model] - INFO: [ Epoch 4 (train) ]: train loglike is 0.032704119858005455, num_events is 33274, mark_ll is -1.4940227369365908, time_ll is 1.526726882933653[0m
[38;20m2026-09-28 09:00:51,065 - tpp_runner.py[pid:20400;line:116:_train_model] - INFO: [ Epoch 4 (valid) ]:  valid loglike is 0.004145210913577209, num_events is 9144, mark_ll is -1.505385137709837, time_ll is 1.5095304153722728[0m
[38;20m2026-09-28 09:00:51,174 - tpp_runner.py[pid:20400;line:136:_train_model] - INFO: [ Epoch 4 (test) ]: test loglike is 0.20162971877050526, num_events is 14478, mark_ll is -1.554809182466501, time_ll is 1.7564389180998756[0m
[31;1m2026-09-28 09:00:51,174 - tpp_runner.py[pid:20400;line:140:_train_model] - CRITICAL: current best loglike on valid set is 0.0041 (updated at epoch-4), best updated at this epoch[0m
[38;20m2026-09-28 09:00:53,161 - tpp_runner.py[pid:20400;line:104:_train_model] - INFO: [ Epoch 5 (train) ]: train loglike is 0.17185148677194234, num_events is 33274, mark_ll is -1.512769514403607, time_ll is 1.6846209910867906[0m
[38;20m2026-09-28 09:00:53,253 - tpp_runner.py[pid:20400;line:116:_train_model] - INFO: [ Epoch 5 (valid) ]:  valid loglike is 0.10281158473965168, num_events is 9144, mark_ll is -1.524969920294387, time_ll is 1.6277814783344953[0m
[38;20m2026-09-28 09:00:53,359 - tpp_runner.py[pid:20400;line:136:_train_model] - INFO: [ Epoch 5 (test) ]: test loglike is 0.29823649122267404, num_events is 14478, mark_ll is -1.564851156172296, time_ll is 1.8630877317093175[0m
[31;1m2026-09-28 09:00:53,360 - tpp_runner.py[pid:20400;line:140:_train_model] - CRITICAL: current best loglike on valid set is 0.1028 (updated at epoch-5), best updated at this epoch[0m
[38;20m2026-09-28 09:00:55,300 - tpp_runner.py[pid:20400;line:104:_train_model] - INFO: [ Epoch 6 (train) ]: train loglike is 0.2544520500152381, num_events is 33274, mark_ll is -1.5313344704257172, time_ll is 1.785786555293031[0m
[38;20m2026-09-28 09:00:55,375 - tpp_runner.py[pid:20400;line:116:_train_model] - INFO: [ Epoch 6 (valid) ]:  valid loglike is 0.14962189508339654, num_events is 9144, mark_ll is -1.5376365307852145, time_ll is 1.687258422531168[0m
[38;20m2026-09-28 09:00:55,485 - tpp_runner.py[pid:20400;line:136:_train_model] - INFO: [ Epoch 6 (test) ]: test loglike is 0.3478775330053573, num_events is 14478, mark_ll is -1.5856586555895151, time_ll is 1.9335360789862204[0m
[31;1m2026-09-28 09:00:55,485 - tpp_runner.py[pid:20400;line:140:_train_model] - CRITICAL: current best loglike on valid set is 0.1496 (updated at epoch-6), best updated at this epoch[0m
[38;20m2026-09-28 09:00:57,566 - tpp_runner.py[pid:20400;line:104:_train_model] - INFO: [ Epoch 7 (train) ]: train loglike is 0.3082835807417379, num_events is 33274, mark_ll is -1.5418920189656338, time_ll is 1.8501755781541143[0m
[38;20m2026-09-28 09:00:57,651 - tpp_runner.py[pid:20400;line:116:_train_model] - INFO: [ Epoch 7 (valid) ]:  valid loglike is 0.19046149333109486, num_events is 9144, mark_ll is -1.5510236818542213, time_ll is 1.7414851284611153[0m
[38;20m2026-09-28 09:00:57,748 - tpp_runner.py[pid:20400;line:136:_train_model] - INFO: [ Epoch 7 (test) ]: test loglike is 0.38365608191091655, num_events is 14478, mark_ll is -1.6001864223951858, time_ll is 1.9838426054833196[0m
[31;1m2026-09-28 09:00:57,748 - tpp_runner.py[pid:20400;line:140:_train_model] - CRITICAL: current best loglike on valid set is 0.1905 (updated at epoch-7), best updated at this epoch[0m
[38;20m2026-09-28 09:00:59,853 - tpp_runner.py[pid:20400;line:104:_train_model] - INFO: [ Epoch 8 (train) ]: train loglike is 0.3416991681227742, num_events is 33274, mark_ll is -1.5538330775166516, time_ll is 1.8955322896631004[0m
[38;20m2026-09-28 09:00:59,969 - tpp_runner.py[pid:20400;line:116:_train_model] - INFO: [ Epoch 8 (valid) ]:  valid loglike is 0.19272311153061433, num_events is 9144, mark_ll is -1.5566574323625806, time_ll is 1.749380410395478[0m
[38;20m2026-09-28 09:01:00,091 - tpp_runner.py[pid:20400;line:136:_train_model] - INFO: [ Epoch 8 (test) ]: test loglike is 0.4162390074326133, num_events is 14478, mark_ll is -1.6074163439787954, time_ll is 2.0236553682742784[0m
[31;1m2026-09-28 09:01:00,091 - tpp_runner.py[pid:20400;line:140:_train_model] - CRITICAL: current best loglike on valid set is 0.1927 (updated at epoch-8), best updated at this epoch[0m
[38;20m2026-09-28 09:01:02,207 - tpp_runner.py[pid:20400;line:104:_train_model] - INFO: [ Epoch 9 (train) ]: train loglike is 0.37088475952772104, num_events is 33274, mark_ll is -1.5565443782413164, time_ll is 1.927429239573785[0m
[38;20m2026-09-28 09:01:02,299 - tpp_runner.py[pid:20400;line:116:_train_model] - INFO: [ Epoch 9 (valid) ]:  valid loglike is 0.2429280752480708, num_events is 9144, mark_ll is -1.558333189155799, time_ll is 1.8012613211403994[0m
[38;20m2026-09-28 09:01:02,401 - tpp_runner.py[pid:20400;line:136:_train_model] - INFO: [ Epoch 9 (test) ]: test loglike is 0.4346063315893079, num_events is 14478, mark_ll is -1.610034000941083, time_ll is 2.0446401976274347[0m
[31;1m2026-09-28 09:01:02,402 - tpp_runner.py[pid:20400;line:140:_train_model] - CRITICAL: current best loglike on valid set is 0.2429 (updated at epoch-9), best updated at this epoch[0m
[38;20m2026-09-28 09:01:04,573 - tpp_runner.py[pid:20400;line:104:_train_model] - INFO: [ Epoch 10 (train) ]: train loglike is 0.3950479173485445, num_events is 33274, mark_ll is -1.556554100136133, time_ll is 1.9516020156503577[0m
[38;20m2026-09-28 09:01:04,664 - tpp_runner.py[pid:20400;line:116:_train_model] - INFO: [ Epoch 10 (valid) ]:  valid loglike is 0.25695716010199654, num_events is 9144, mark_ll is -1.5574008410996965, time_ll is 1.8143579945268071[0m
[38;20m2026-09-28 09:01:04,778 - tpp_runner.py[pid:20400;line:136:_train_model] - INFO: [ Epoch 10 (test) ]: test loglike is 0.45144620016145187, num_events is 14478, mark_ll is -1.6097728288178617, time_ll is 2.0612189615278353[0m
[31;1m2026-09-28 09:01:04,778 - tpp_runner.py[pid:20400;line:140:_train_model] - CRITICAL: current best loglike on valid set is 0.2570 (updated at epoch-10), best updated at this epoch[0m
[38;20m2026-09-28 09:01:06,944 - tpp_runner.py[pid:20400;line:104:_train_model] - INFO: [ Epoch 11 (train) ]: train loglike is 0.41504749119937395, num_events is 33274, mark_ll is -1.5548833319793607, time_ll is 1.9699309057231247[0m
[38;20m2026-09-28 09:01:07,034 - tpp_runner.py[pid:20400;line:116:_train_model] - INFO: [ Epoch 11 (valid) ]:  valid loglike is 0.2702868737782289, num_events is 9144, mark_ll is -1.5549995509136798, time_ll is 1.825286411342137[0m
[38;20m2026-09-28 09:01:07,134 - tpp_runner.py[pid:20400;line:136:_train_model] - INFO: [ Epoch 11 (test) ]: test loglike is 0.4609208057591691, num_events is 14478, mark_ll is -1.6094257235115348, time_ll is 2.0703466304479208[0m
[31;1m2026-09-28 09:01:07,134 - tpp_runner.py[pid:20400;line:140:_train_model] - CRITICAL: current best loglike on valid set is 0.2703 (updated at epoch-11), best updated at this epoch[0m
[38;20m2026-09-28 09:01:09,116 - tpp_runner.py[pid:20400;line:104:_train_model] - INFO: [ Epoch 12 (train) ]: train loglike is 0.42309893519644654, num_events is 33274, mark_ll is -1.5496579529237824, time_ll is 1.972756979836218[0m
[38;20m2026-09-28 09:01:09,205 - tpp_runner.py[pid:20400;line:116:_train_model] - INFO: [ Epoch 12 (valid) ]:  valid loglike is 0.29518679454466384, num_events is 9144, mark_ll is -1.5517267342314633, time_ll is 1.846913495401698[0m
[38;20m2026-09-28 09:01:09,303 - tpp_runner.py[pid:20400;line:136:_train_model] - INFO: [ Epoch 12 (test) ]: test loglike is 0.4898493619629783, num_events is 14478, mark_ll is -1.6088644597622255, time_ll is 2.0987138891766817[0m
[31;1m2026-09-28 09:01:09,303 - tpp_runner.py[pid:20400;line:140:_train_model] - CRITICAL: current best loglike on valid set is 0.2952 (updated at epoch-12), best updated at this epoch[0m
[38;20m2026-09-28 09:01:11,381 - tpp_runner.py[pid:20400;line:104:_train_model] - INFO: [ Epoch 13 (train) ]: train loglike is 0.4495072151280842, num_events is 33274, mark_ll is -1.5501151497908465, time_ll is 1.9996223575816516[0m
[38;20m2026-09-28 09:01:11,468 - tpp_runner.py[pid:20400;line:116:_train_model] - INFO: [ Epoch 13 (valid) ]:  valid loglike is 0.30586341464091893, num_events is 9144, mark_ll is -1.5505798286444663, time_ll is 1.8564431765365266[0m
[38;20m2026-09-28 09:01:11,573 - tpp_runner.py[pid:20400;line:136:_train_model] - INFO: [ Epoch 13 (test) ]: test loglike is 0.5093186915060782, num_events is 14478, mark_ll is -1.6076387989535847, time_ll is 2.116957490459663[0m
[31;1m2026-09-28 09:01:11,573 - tpp_runner.py[pid:20400;line:140:_train_model] - CRITICAL: current best loglike on valid set is 0.3059 (updated at epoch-13), best updated at this epoch[0m
[38;20m2026-09-28 09:01:13,570 - tpp_runner.py[pid:20400;line:104:_train_model] - INFO: [ Epoch 14 (train) ]: train loglike is 0.47492711036876106, num_events is 33274, mark_ll is -1.546446341480022, time_ll is 2.021373354629835[0m
[38;20m2026-09-28 09:01:13,647 - tpp_runner.py[pid:20400;line:116:_train_model] - INFO: [ Epoch 14 (valid) ]:  valid loglike is 0.3454614707699807, num_events is 9144, mark_ll is -1.550543009974095, time_ll is 1.896004370608459[0m
[38;20m2026-09-28 09:01:13,752 - tpp_runner.py[pid:20400;line:136:_train_model] - INFO: [ Epoch 14 (test) ]: test loglike is 0.5159439780399572, num_events is 14478, mark_ll is -1.606239855297693, time_ll is 2.1221839007891283[0m
[31;1m2026-09-28 09:01:13,752 - tpp_runner.py[pid:20400;line:140:_train_model] - CRITICAL: current best loglike on valid set is 0.3455 (updated at epoch-14), best updated at this epoch[0m
[38;20m2026-09-28 09:01:15,742 - tpp_runner.py[pid:20400;line:104:_train_model] - INFO: [ Epoch 15 (train) ]: train loglike is 0.48603228957505296, num_events is 33274, mark_ll is -1.5459676280419772, time_ll is 2.0319998479128785[0m
[38;20m2026-09-28 09:01:15,820 - tpp_runner.py[pid:20400;line:116:_train_model] - INFO: [ Epoch 15 (valid) ]:  valid loglike is 0.33616480656287595, num_events is 9144, mark_ll is -1.545420128529466, time_ll is 1.881584935092342[0m
[38;20m2026-09-28 09:01:15,921 - tpp_runner.py[pid:20400;line:136:_train_model] - INFO: [ Epoch 15 (test) ]: test loglike is 0.5251472937927373, num_events is 14478, mark_ll is -1.6045419666908414, time_ll is 2.1296891593063614[0m
[31;1m2026-09-28 09:01:15,925 - tpp_runner.py[pid:20400;line:140:_train_model] - CRITICAL: current best loglike on valid set is 0.3455 (updated at epoch-14)[0m
[38;20m2026-09-28 09:01:17,844 - tpp_runner.py[pid:20400;line:104:_train_model] - INFO: [ Epoch 16 (train) ]: train loglike is 0.497555776234823, num_events is 33274, mark_ll is -1.5389194524065337, time_ll is 2.036475250653194[0m
[38;20m2026-09-28 09:01:17,961 - tpp_runner.py[pid:20400;line:116:_train_model] - INFO: [ Epoch 16 (valid) ]:  valid loglike is 0.3433538572056087, num_events is 9144, mark_ll is -1.5471777461227991, time_ll is 1.8905314981989556[0m
[38;20m2026-09-28 09:01:18,059 - tpp_runner.py[pid:20400;line:136:_train_model] - INFO: [ Epoch 16 (test) ]: test loglike is 0.5478445475462771, num_events is 14478, mark_ll is -1.604847117177787, time_ll is 2.152691597272586[0m
[31;1m2026-09-28 09:01:18,060 - tpp_runner.py[pid:20400;line:140:_train_model] - CRITICAL: current best loglike on valid set is 0.3455 (updated at epoch-14)[0m
[38;20m2026-09-28 09:01:20,131 - tpp_runner.py[pid:20400;line:104:_train_model] - INFO: [ Epoch 17 (train) ]: train loglike is 0.5114598174203207, num_events is 33274, mark_ll is -1.540539905171831, time_ll is 2.051999667562558[0m
[38;20m2026-09-28 09:01:20,221 - tpp_runner.py[pid:20400;line:116:_train_model] - INFO: [ Epoch 17 (valid) ]:  valid loglike is 0.3625249503895784, num_events is 9144, mark_ll is -1.544671059489146, time_ll is 1.9071961116707334[0m
[38;20m2026-09-28 09:01:20,315 - tpp_runner.py[pid:20400;line:136:_train_model] - INFO: [ Epoch 17 (test) ]: test loglike is 0.5674438223619457, num_events is 14478, mark_ll is -1.6021092616815167, time_ll is 2.1695531177692016[0m
[31;1m2026-09-28 09:01:20,315 - tpp_runner.py[pid:20400;line:140:_train_model] - CRITICAL: current best loglike on valid set is 0.3625 (updated at epoch-17), best updated at this epoch[0m
[38;20m2026-09-28 09:01:22,261 - tpp_runner.py[pid:20400;line:104:_train_model] - INFO: [ Epoch 18 (train) ]: train loglike is 0.5299225706474321, num_events is 33274, mark_ll is -1.537118271450917, time_ll is 2.067040818252192[0m
[38;20m2026-09-28 09:01:22,369 - tpp_runner.py[pid:20400;line:116:_train_model] - INFO: [ Epoch 18 (valid) ]:  valid loglike is 0.3636922944770606, num_events is 9144, mark_ll is -1.5453094722717766, time_ll is 1.909001708343586[0m
[38;20m2026-09-28 09:01:22,464 - tpp_runner.py[pid:20400;line:136:_train_model] - INFO: [ Epoch 18 (test) ]: test loglike is 0.5747865902684245, num_events is 14478, mark_ll is -1.604689280719022, time_ll is 2.1794759721646635[0m
[31;1m2026-09-28 09:01:22,464 - tpp_runner.py[pid:20400;line:140:_train_model] - CRITICAL: current best loglike on valid set is 0.3637 (updated at epoch-18), best updated at this epoch[0m
[38;20m2026-09-28 09:01:24,413 - tpp_runner.py[pid:20400;line:104:_train_model] - INFO: [ Epoch 19 (train) ]: train loglike is 0.5403561870402754, num_events is 33274, mark_ll is -1.5361405716726555, time_ll is 2.0764967146892563[0m
[38;20m2026-09-28 09:01:24,495 - tpp_runner.py[pid:20400;line:116:_train_model] - INFO: [ Epoch 19 (valid) ]:  valid loglike is 0.37656418607616676, num_events is 9144, mark_ll is -1.5424561454659476, time_ll is 1.919020204719283[0m
[38;20m2026-09-28 09:01:24,597 - tpp_runner.py[pid:20400;line:136:_train_model] - INFO: [ Epoch 19 (test) ]: test loglike is 0.5832102849744009, num_events is 14478, mark_ll is -1.6003716441540614, time_ll is 2.1835818785398535[0m
[31;1m2026-09-28 09:01:24,597 - tpp_runner.py[pid:20400;line:140:_train_model] - CRITICAL: current best loglike on valid set is 0.3766 (updated at epoch-19), best updated at this epoch[0m
[38;20m2026-09-28 09:01:26,536 - tpp_runner.py[pid:20400;line:104:_train_model] - INFO: [ Epoch 20 (train) ]: train loglike is 0.5492126351115924, num_events is 33274, mark_ll is -1.533120133036023, time_ll is 2.0823327681476154[0m
[38;20m2026-09-28 09:01:26,619 - tpp_runner.py[pid:20400;line:116:_train_model] - INFO: [ Epoch 20 (valid) ]:  valid loglike is 0.39328663743387055, num_events is 9144, mark_ll is -1.5414793426700568, time_ll is 1.9347659400546122[0m
[38;20m2026-09-28 09:01:26,712 - tpp_runner.py[pid:20400;line:136:_train_model] - INFO: [ Epoch 20 (test) ]: test loglike is 0.5890616838371149, num_events is 14478, mark_ll is -1.6048024642992818, time_ll is 2.1938641818621356[0m
[31;1m2026-09-28 09:01:26,712 - tpp_runner.py[pid:20400;line:140:_train_model] - CRITICAL: current best loglike on valid set is 0.3933 (updated at epoch-20), best updated at this epoch[0m
[38;20m2026-09-28 09:01:28,695 - tpp_runner.py[pid:20400;line:104:_train_model] - INFO: [ Epoch 21 (train) ]: train loglike is 0.5678050288889223, num_events is 33274, mark_ll is -1.5292987826925677, time_ll is 2.0971038556051647[0m
[38;20m2026-09-28 09:01:28,782 - tpp_runner.py[pid:20400;line:116:_train_model] - INFO: [ Epoch 21 (valid) ]:  valid loglike is 0.4030811780393906, num_events is 9144, mark_ll is -1.544677734375, time_ll is 1.9477589124143906[0m
[38;20m2026-09-28 09:01:28,892 - tpp_runner.py[pid:20400;line:136:_train_model] - INFO: [ Epoch 21 (test) ]: test loglike is 0.6079383509678478, num_events is 14478, mark_ll is -1.6019796873920777, time_ll is 2.209917903456969[0m
[31;1m2026-09-28 09:01:28,892 - tpp_runner.py[pid:20400;line:140:_train_model] - CRITICAL: current best loglike on valid set is 0.4031 (updated at epoch-21), best updated at this epoch[0m
[38;20m2026-09-28 09:01:30,880 - tpp_runner.py[pid:20400;line:104:_train_model] - INFO: [ Epoch 22 (train) ]: train loglike is 0.5787445653507384, num_events is 33274, mark_ll is -1.5341628484444498, time_ll is 2.112907356931275[0m
[38;20m2026-09-28 09:01:30,972 - tpp_runner.py[pid:20400;line:116:_train_model] - INFO: [ Epoch 22 (valid) ]:  valid loglike is 0.4038653703290751, num_events is 9144, mark_ll is -1.5417350174978128, time_ll is 1.9456003744771162[0m
[38;20m2026-09-28 09:01:31,063 - tpp_runner.py[pid:20400;line:136:_train_model] - INFO: [ Epoch 22 (test) ]: test loglike is 0.611630914685212, num_events is 14478, mark_ll is -1.602401191678754, time_ll is 2.214032106363966[0m
[31;1m2026-09-28 09:01:31,063 - tpp_runner.py[pid:20400;line:140:_train_model] - CRITICAL: current best loglike on valid set is 0.4039 (updated at epoch-22), best updated at this epoch[0m
[38;20m2026-09-28 09:01:32,949 - tpp_runner.py[pid:20400;line:104:_train_model] - INFO: [ Epoch 23 (train) ]: train loglike is 0.5921856957630677, num_events is 33274, mark_ll is -1.5314477983701613, time_ll is 2.1236336151983344[0m
[38;20m2026-09-28 09:01:33,030 - tpp_runner.py[pid:20400;line:116:_train_model] - INFO: [ Epoch 23 (valid) ]:  valid loglike is 0.41664752142531564, num_events is 9144, mark_ll is -1.542725570558563, time_ll is 1.9593730269037415[0m
[38;20m2026-09-28 09:01:33,128 - tpp_runner.py[pid:20400;line:136:_train_model] - INFO: [ Epoch 23 (test) ]: test loglike is 0.6085942660038075, num_events is 14478, mark_ll is -1.6000266972950339, time_ll is 2.208621081338928[0m
[31;1m2026-09-28 09:01:33,128 - tpp_runner.py[pid:20400;line:140:_train_model] - CRITICAL: current best loglike on valid set is 0.4166 (updated at epoch-23), best updated at this epoch[0m
[38;20m2026-09-28 09:01:35,033 - tpp_runner.py[pid:20400;line:104:_train_model] - INFO: [ Epoch 24 (train) ]: train loglike is 0.6017313528040851, num_events is 33274, mark_ll is -1.5301968142942877, time_ll is 2.1319281670983727[0m
[38;20m2026-09-28 09:01:35,113 - tpp_runner.py[pid:20400;line:116:_train_model] - INFO: [ Epoch 24 (valid) ]:  valid loglike is 0.42295566401978074, num_events is 9144, mark_ll is -1.5430032725096374, time_ll is 1.9659589765787333[0m
[38;20m2026-09-28 09:01:35,212 - tpp_runner.py[pid:20400;line:136:_train_model] - INFO: [ Epoch 24 (test) ]: test loglike is 0.6365745387398122, num_events is 14478, mark_ll is -1.6002338407842933, time_ll is 2.2368081771696713[0m
[31;1m2026-09-28 09:01:35,212 - tpp_runner.py[pid:20400;line:140:_train_model] - CRITICAL: current best loglike on valid set is 0.4230 (updated at epoch-24), best updated at this epoch[0m
[38;20m2026-09-28 09:01:37,079 - tpp_runner.py[pid:20400;line:104:_train_model] - INFO: [ Epoch 25 (train) ]: train loglike is 0.6133488813701671, num_events is 33274, mark_ll is -1.5277154638968302, time_ll is 2.141064209527334[0m
[38;20m2026-09-28 09:01:37,175 - tpp_runner.py[pid:20400;line:116:_train_model] - INFO: [ Epoch 25 (valid) ]:  valid loglike is 0.41800150366488614, num_events is 9144, mark_ll is -1.5434695933851774, time_ll is 1.9614711170747212[0m
[38;20m2026-09-28 09:01:37,274 - tpp_runner.py[pid:20400;line:136:_train_model] - INFO: [ Epoch 25 (test) ]: test loglike is 0.6451742649407722, num_events is 14478, mark_ll is -1.60493669274071, time_ll is 2.2501109576814824[0m
[31;1m2026-09-28 09:01:37,274 - tpp_runner.py[pid:20400;line:140:_train_model] - CRITICAL: current best loglike on valid set is 0.4230 (updated at epoch-24)[0m
[38;20m2026-09-28 09:01:39,163 - tpp_runner.py[pid:20400;line:104:_train_model] - INFO: [ Epoch 26 (train) ]: train loglike is 0.6349288959690045, num_events is 33274, mark_ll is -1.5289648924695334, time_ll is 2.1638938306278925[0m
[38;20m2026-09-28 09:01:39,247 - tpp_runner.py[pid:20400;line:116:_train_model] - INFO: [ Epoch 26 (valid) ]:  valid loglike is 0.4492373912874691, num_events is 9144, mark_ll is -1.5413229901438101, time_ll is 1.9905603764251147[0m
[38;20m2026-09-28 09:01:39,332 - tpp_runner.py[pid:20400;line:136:_train_model] - INFO: [ Epoch 26 (test) ]: test loglike is 0.6501022699311023, num_events is 14478, mark_ll is -1.599442567494647, time_ll is 2.2495448374257494[0m
[31;1m2026-09-28 09:01:39,332 - tpp_runner.py[pid:20400;line:140:_train_model] - CRITICAL: current best loglike on valid set is 0.4492 (updated at epoch-26), best updated at this epoch[0m
[38;20m2026-09-28 09:01:41,300 - tpp_runner.py[pid:20400;line:104:_train_model] - INFO: [ Epoch 27 (train) ]: train loglike is 0.6381688641621931, num_events is 33274, mark_ll is -1.5263446290353861, time_ll is 2.1645135885822078[0m
[38;20m2026-09-28 09:01:41,416 - tpp_runner.py[pid:20400;line:116:_train_model] - INFO: [ Epoch 27 (valid) ]:  valid loglike is 0.43594471655284117, num_events is 9144, mark_ll is -1.5426074250789452, time_ll is 1.9785522567735674[0m
[38;20m2026-09-28 09:01:41,507 - tpp_runner.py[pid:20400;line:136:_train_model] - INFO: [ Epoch 27 (test) ]: test loglike is 0.6664575670845421, num_events is 14478, mark_ll is -1.5986834011085784, time_ll is 2.2651408332901646[0m
[31;1m2026-09-28 09:01:41,507 - tpp_runner.py[pid:20400;line:140:_train_model] - CRITICAL: current best loglike on valid set is 0.4492 (updated at epoch-26)[0m
[38;20m2026-09-28 09:01:43,386 - tpp_runner.py[pid:20400;line:104:_train_model] - INFO: [ Epoch 28 (train) ]: train loglike is 0.6511336694208268, num_events is 33274, mark_ll is -1.5251416417707895, time_ll is 2.176275206635389[0m
[38;20m2026-09-28 09:01:43,470 - tpp_runner.py[pid:20400;line:116:_train_model] - INFO: [ Epoch 28 (valid) ]:  valid loglike is 0.43902990970294514, num_events is 9144, mark_ll is -1.5397439390968464, time_ll is 1.9787739831318694[0m
[38;20m2026-09-28 09:01:43,564 - tpp_runner.py[pid:20400;line:136:_train_model] - INFO: [ Epoch 28 (test) ]: test loglike is 0.6674243659830864, num_events is 14478, mark_ll is -1.6001417695166804, time_ll is 2.267566118636897[0m
[31;1m2026-09-28 09:01:43,564 - tpp_runner.py[pid:20400;line:140:_train_model] - CRITICAL: current best loglike on valid set is 0.4492 (updated at epoch-26)[0m
[38;20m2026-09-28 09:01:45,455 - tpp_runner.py[pid:20400;line:104:_train_model] - INFO: [ Epoch 29 (train) ]: train loglike is 0.6625092897290771, num_events is 33274, mark_ll is -1.5221495800611025, time_ll is 2.1846588881333773[0m
[38;20m2026-09-28 09:01:45,535 - tpp_runner.py[pid:20400;line:116:_train_model] - INFO: [ Epoch 29 (valid) ]:  valid loglike is 0.4569153456133077, num_events is 9144, mark_ll is -1.5402199786061899, time_ll is 1.997135325888219[0m
[38;20m2026-09-28 09:01:45,647 - tpp_runner.py[pid:20400;line:136:_train_model] - INFO: [ Epoch 29 (test) ]: test loglike is 0.6900615373325045, num_events is 14478, mark_ll is -1.5999688913782981, time_ll is 2.2900302938078463[0m
[31;1m2026-09-28 09:01:45,647 - tpp_runner.py[pid:20400;line:140:_train_model] - CRITICAL: current best loglike on valid set is 0.4569 (updated at epoch-29), best updated at this epoch[0m
[38;20m2026-09-28 09:01:47,546 - tpp_runner.py[pid:20400;line:104:_train_model] - INFO: [ Epoch 30 (train) ]: train loglike is 0.6719974610226125, num_events is 33274, mark_ll is -1.5224883972670573, time_ll is 2.1944858747985476[0m
[38;20m2026-09-28 09:01:47,630 - tpp_runner.py[pid:20400;line:116:_train_model] - INFO: [ Epoch 30 (valid) ]:  valid loglike is 0.4555288099554267, num_events is 9144, mark_ll is -1.539304945203993, time_ll is 1.994833651698689[0m
[38;20m2026-09-28 09:01:47,714 - tpp_runner.py[pid:20400;line:136:_train_model] - INFO: [ Epoch 30 (test) ]: test loglike is 0.6868436971180412, num_events is 14478, mark_ll is -1.5973327527110097, time_ll is 2.284176449829051[0m
[31;1m2026-09-28 09:01:47,714 - tpp_runner.py[pid:20400;line:140:_train_model] - CRITICAL: current best loglike on valid set is 0.4569 (updated at epoch-29)[0m
[38;20m2026-09-28 09:01:49,637 - tpp_runner.py[pid:20400;line:104:_train_model] - INFO: [ Epoch 31 (train) ]: train loglike is 0.681334355964163, num_events is 33274, mark_ll is -1.5212114208799477, time_ll is 2.2025457364890757[0m
[38;20m2026-09-28 09:01:49,732 - tpp_runner.py[pid:20400;line:116:_train_model] - INFO: [ Epoch 31 (valid) ]:  valid loglike is 0.4674529695552582, num_events is 9144, mark_ll is -1.5383509571679517, time_ll is 2.005803973447411[0m
[38;20m2026-09-28 09:01:49,835 - tpp_runner.py[pid:20400;line:136:_train_model] - INFO: [ Epoch 31 (test) ]: test loglike is 0.696633992496158, num_events is 14478, mark_ll is -1.598963189839757, time_ll is 2.2955971991987845[0m
[31;1m2026-09-28 09:01:49,835 - tpp_runner.py[pid:20400;line:140:_train_model] - CRITICAL: current best loglike on valid set is 0.4675 (updated at epoch-31), best updated at this epoch[0m
[38;20m2026-09-28 09:01:51,781 - tpp_runner.py[pid:20400;line:104:_train_model] - INFO: [ Epoch 32 (train) ]: train loglike is 0.6862215158020338, num_events is 33274, mark_ll is -1.5189910208139237, time_ll is 2.205212492592283[0m
[38;20m2026-09-28 09:01:51,871 - tpp_runner.py[pid:20400;line:116:_train_model] - INFO: [ Epoch 32 (valid) ]:  valid loglike is 0.4842600551281493, num_events is 9144, mark_ll is -1.5384494651333867, time_ll is 2.0227096303971526[0m
[38;20m2026-09-28 09:01:51,991 - tpp_runner.py[pid:20400;line:136:_train_model] - INFO: [ Epoch 32 (test) ]: test loglike is 0.7070936257543773, num_events is 14478, mark_ll is -1.5980463893493577, time_ll is 2.3051400994180824[0m
[31;1m2026-09-28 09:01:51,993 - tpp_runner.py[pid:20400;line:140:_train_model] - CRITICAL: current best loglike on valid set is 0.4843 (updated at epoch-32), best updated at this epoch[0m
[38;20m2026-09-28 09:01:53,935 - tpp_runner.py[pid:20400;line:104:_train_model] - INFO: [ Epoch 33 (train) ]: train loglike is 0.6970447967450422, num_events is 33274, mark_ll is -1.5175348644023863, time_ll is 2.214579754697737[0m
[38;20m2026-09-28 09:01:54,021 - tpp_runner.py[pid:20400;line:116:_train_model] - INFO: [ Epoch 33 (valid) ]:  valid loglike is 0.5009673127769276, num_events is 9144, mark_ll is -1.5369734609742385, time_ll is 2.0379408254815314[0m
[38;20m2026-09-28 09:01:54,114 - tpp_runner.py[pid:20400;line:136:_train_model] - INFO: [ Epoch 33 (test) ]: test loglike is 0.7060184323305188, num_events is 14478, mark_ll is -1.5972122169196368, time_ll is 2.3032308178788505[0m
[31;1m2026-09-28 09:01:54,114 - tpp_runner.py[pid:20400;line:140:_train_model] - CRITICAL: current best loglike on valid set is 0.5010 (updated at epoch-33), best updated at this epoch[0m
[38;20m2026-09-28 09:01:56,076 - tpp_runner.py[pid:20400;line:104:_train_model] - INFO: [ Epoch 34 (train) ]: train loglike is 0.7106336834497046, num_events is 33274, mark_ll is -1.5176549279690505, time_ll is 2.2282886095844354[0m
[38;20m2026-09-28 09:01:56,166 - tpp_runner.py[pid:20400;line:116:_train_model] - INFO: [ Epoch 34 (valid) ]:  valid loglike is 0.5178569758658021, num_events is 9144, mark_ll is -1.5365318104768153, time_ll is 2.0543887988580285[0m
[38;20m2026-09-28 09:01:56,252 - tpp_runner.py[pid:20400;line:136:_train_model] - INFO: [ Epoch 34 (test) ]: test loglike is 0.7202126684398311, num_events is 14478, mark_ll is -1.5941375761931897, time_ll is 2.3143501940444122[0m
[31;1m2026-09-28 09:01:56,252 - tpp_runner.py[pid:20400;line:140:_train_model] - CRITICAL: current best loglike on valid set is 0.5179 (updated at epoch-34), best updated at this epoch[0m
[38;20m2026-09-28 09:01:58,168 - tpp_runner.py[pid:20400;line:104:_train_model] - INFO: [ Epoch 35 (train) ]: train loglike is 0.7156590372709125, num_events is 33274, mark_ll is -1.5148888434499346, time_ll is 2.230547948590679[0m
[38;20m2026-09-28 09:01:58,255 - tpp_runner.py[pid:20400;line:116:_train_model] - INFO: [ Epoch 35 (valid) ]:  valid loglike is 0.512296478057888, num_events is 9144, mark_ll is -1.5362137922151822, time_ll is 2.048510373733801[0m
[38;20m2026-09-28 09:01:58,344 - tpp_runner.py[pid:20400;line:136:_train_model] - INFO: [ Epoch 35 (test) ]: test loglike is 0.7278624754746426, num_events is 14478, mark_ll is -1.598382837322144, time_ll is 2.3262455320140902[0m
[31;1m2026-09-28 09:01:58,344 - tpp_runner.py[pid:20400;line:140:_train_model] - CRITICAL: current best loglike on valid set is 0.5179 (updated at epoch-34)[0m
[38;20m2026-09-28 09:02:00,216 - tpp_runner.py[pid:20400;line:104:_train_model] - INFO: [ Epoch 36 (train) ]: train loglike is 0.714044551547849, num_events is 33274, mark_ll is -1.5140576984845524, time_ll is 2.228102294056076[0m
[38;20m2026-09-28 09:02:00,306 - tpp_runner.py[pid:20400;line:116:_train_model] - INFO: [ Epoch 36 (valid) ]:  valid loglike is 0.5174989324855054, num_events is 9144, mark_ll is -1.536595422139005, time_ll is 2.0540942361452865[0m
[38;20m2026-09-28 09:02:00,401 - tpp_runner.py[pid:20400;line:136:_train_model] - INFO: [ Epoch 36 (test) ]: test loglike is 0.7301075979233579, num_events is 14478, mark_ll is -1.59658431110996, time_ll is 2.326691925896187[0m
[31;1m2026-09-28 09:02:00,401 - tpp_runner.py[pid:20400;line:140:_train_model] - CRITICAL: current best loglike on valid set is 0.5179 (updated at epoch-34)[0m
[38;20m2026-09-28 09:02:02,361 - tpp_runner.py[pid:20400;line:104:_train_model] - INFO: [ Epoch 37 (train) ]: train loglike is 0.7264647307559018, num_events is 33274, mark_ll is -1.5143884373462106, time_ll is 2.2408532011198683[0m
[38;20m2026-09-28 09:02:02,470 - tpp_runner.py[pid:20400;line:116:_train_model] - INFO: [ Epoch 37 (valid) ]:  valid loglike is 0.5282157145355839, num_events is 9144, mark_ll is -1.534314800539459, time_ll is 2.062530570977212[0m
[38;20m2026-09-28 09:02:02,563 - tpp_runner.py[pid:20400;line:136:_train_model] - INFO: [ Epoch 37 (test) ]: test loglike is 0.7262914462352362, num_events is 14478, mark_ll is -1.5936126687905787, time_ll is 2.319904013848598[0m
[31;1m2026-09-28 09:02:02,563 - tpp_runner.py[pid:20400;line:140:_train_model] - CRITICAL: current best loglike on valid set is 0.5282 (updated at epoch-37), best updated at this epoch[0m
[38;20m2026-09-28 09:02:04,532 - tpp_runner.py[pid:20400;line:104:_train_model] - INFO: [ Epoch 38 (train) ]: train loglike is 0.7435869612558792, num_events is 33274, mark_ll is -1.5123291382488955, time_ll is 2.2559161435284496[0m
[38;20m2026-09-28 09:02:04,621 - tpp_runner.py[pid:20400;line:116:_train_model] - INFO: [ Epoch 38 (valid) ]:  valid loglike is 0.5214180733588111, num_events is 9144, mark_ll is -1.535724603180706, time_ll is 2.057142629815316[0m
[38;20m2026-09-28 09:02:04,722 - tpp_runner.py[pid:20400;line:136:_train_model] - INFO: [ Epoch 38 (test) ]: test loglike is 0.7426769279251277, num_events is 14478, mark_ll is -1.5966247819968227, time_ll is 2.3393017099219504[0m
[31;1m2026-09-28 09:02:04,722 - tpp_runner.py[pid:20400;line:140:_train_model] - CRITICAL: current best loglike on valid set is 0.5282 (updated at epoch-37)[0m
[38;20m2026-09-28 09:02:06,672 - tpp_runner.py[pid:20400;line:104:_train_model] - INFO: [ Epoch 39 (train) ]: train loglike is 0.7398904583850661, num_events is 33274, mark_ll is -1.5109954813806858, time_ll is 2.250885910416635[0m
[38;20m2026-09-28 09:02:06,758 - tpp_runner.py[pid:20400;line:116:_train_model] - INFO: [ Epoch 39 (valid) ]:  valid loglike is 0.5445385329679554, num_events is 9144, mark_ll is -1.5329970579239118, time_ll is 2.0775357143772557[0m
[38;20m2026-09-28 09:02:07,582 - tpp_runner.py[pid:20400;line:136:_train_model] - INFO: [ Epoch 39 (test) ]: test loglike is 0.7473895603458696, num_events is 14478, mark_ll is -1.5946471046587927, time_ll is 2.342036597553184[0m
[31;1m2026-09-28 09:02:07,582 - tpp_runner.py[pid:20400;line:140:_train_model] - CRITICAL: current best loglike on valid set is 0.5445 (updated at epoch-39), best updated at this epoch[0m
[38;20m2026-09-28 09:02:09,550 - tpp_runner.py[pid:20400;line:104:_train_model] - INFO: [ Epoch 40 (train) ]: train loglike is 0.7454339561822387, num_events is 33274, mark_ll is -1.5115080306813315, time_ll is 2.2569419721890123[0m
[38;20m2026-09-28 09:02:09,637 - tpp_runner.py[pid:20400;line:116:_train_model] - INFO: [ Epoch 40 (valid) ]:  valid loglike is 0.5211944997258491, num_events is 9144, mark_ll is -1.5340185157061665, time_ll is 2.0552130805121527[0m
[38;20m2026-09-28 09:02:09,735 - tpp_runner.py[pid:20400;line:136:_train_model] - INFO: [ Epoch 40 (test) ]: test loglike is 0.7452610783656669, num_events is 14478, mark_ll is -1.5912897073361307, time_ll is 2.3365506339359716[0m
[31;1m2026-09-28 09:02:09,735 - tpp_runner.py[pid:20400;line:140:_train_model] - CRITICAL: current best loglike on valid set is 0.5445 (updated at epoch-39)[0m
[38;20m2026-09-28 09:02:11,702 - tpp_runner.py[pid:20400;line:104:_train_model] - INFO: [ Epoch 41 (train) ]: train loglike is 0.7474207042637457, num_events is 33274, mark_ll is -1.5070493165823446, time_ll is 2.254470006171532[0m
[38;20m2026-09-28 09:02:11,806 - tpp_runner.py[pid:20400;line:116:_train_model] - INFO: [ Epoch 41 (valid) ]:  valid loglike is 0.5302881831572125, num_events is 9144, mark_ll is -1.5330240378125342, time_ll is 2.0633122134605[0m
[38;20m2026-09-28 09:02:11,911 - tpp_runner.py[pid:20400;line:136:_train_model] - INFO: [ Epoch 41 (test) ]: test loglike is 0.7546970848550387, num_events is 14478, mark_ll is -1.594375477556465, time_ll is 2.3490725286857645[0m
[31;1m2026-09-28 09:02:11,912 - tpp_runner.py[pid:20400;line:140:_train_model] - CRITICAL: current best loglike on valid set is 0.5445 (updated at epoch-39)[0m
[38;20m2026-09-28 09:02:13,894 - tpp_runner.py[pid:20400;line:104:_train_model] - INFO: [ Epoch 42 (train) ]: train loglike is 0.7588537057632507, num_events is 33274, mark_ll is -1.5075668589014226, time_ll is 2.2664205885108304[0m
[38;20m2026-09-28 09:02:13,982 - tpp_runner.py[pid:20400;line:116:_train_model] - INFO: [ Epoch 42 (valid) ]:  valid loglike is 0.539310438635051, num_events is 9144, mark_ll is -1.5324619456747595, time_ll is 2.0717725645317286[0m
[38;20m2026-09-28 09:02:14,100 - tpp_runner.py[pid:20400;line:136:_train_model] - INFO: [ Epoch 42 (test) ]: test loglike is 0.7596564210569485, num_events is 14478, mark_ll is -1.5945224543272551, time_ll is 2.3541788753842035[0m
[31;1m2026-09-28 09:02:14,100 - tpp_runner.py[pid:20400;line:140:_train_model] - CRITICAL: current best loglike on valid set is 0.5445 (updated at epoch-39)[0m
[38;20m2026-09-28 09:02:16,093 - tpp_runner.py[pid:20400;line:104:_train_model] - INFO: [ Epoch 43 (train) ]: train loglike is 0.7591487359218159, num_events is 33274, mark_ll is -1.507091678363268, time_ll is 2.2662403996105254[0m
[38;20m2026-09-28 09:02:16,180 - tpp_runner.py[pid:20400;line:116:_train_model] - INFO: [ Epoch 43 (valid) ]:  valid loglike is 0.5543308925545226, num_events is 9144, mark_ll is -1.5314887740167733, time_ll is 2.0858196615651314[0m
[38;20m2026-09-28 09:02:16,282 - tpp_runner.py[pid:20400;line:136:_train_model] - INFO: [ Epoch 43 (test) ]: test loglike is 0.7528692003870096, num_events is 14478, mark_ll is -1.5915106109269237, time_ll is 2.3443798619025418[0m
[31;1m2026-09-28 09:02:16,282 - tpp_runner.py[pid:20400;line:140:_train_model] - CRITICAL: current best loglike on valid set is 0.5543 (updated at epoch-43), best updated at this epoch[0m
[38;20m2026-09-28 09:02:18,300 - tpp_runner.py[pid:20400;line:104:_train_model] - INFO: [ Epoch 44 (train) ]: train loglike is 0.7675464848181717, num_events is 33274, mark_ll is -1.5047840233741059, time_ll is 2.272330554050272[0m
[38;20m2026-09-28 09:02:18,394 - tpp_runner.py[pid:20400;line:116:_train_model] - INFO: [ Epoch 44 (valid) ]:  valid loglike is 0.5476309491789143, num_events is 9144, mark_ll is -1.530763320722605, time_ll is 2.0783939445008337[0m
[38;20m2026-09-28 09:02:18,500 - tpp_runner.py[pid:20400;line:136:_train_model] - INFO: [ Epoch 44 (test) ]: test loglike is 0.7688907644896568, num_events is 14478, mark_ll is -1.5935732096758874, time_ll is 2.3624641427942397[0m
[31;1m2026-09-28 09:02:18,500 - tpp_runner.py[pid:20400;line:140:_train_model] - CRITICAL: current best loglike on valid set is 0.5543 (updated at epoch-43)[0m
[38;20m2026-09-28 09:02:20,488 - tpp_runner.py[pid:20400;line:104:_train_model] - INFO: [ Epoch 45 (train) ]: train loglike is 0.7836458931077005, num_events is 33274, mark_ll is -1.5039935856332083, time_ll is 2.2876395227645836[0m
[38;20m2026-09-28 09:02:20,575 - tpp_runner.py[pid:20400;line:116:_train_model] - INFO: [ Epoch 45 (valid) ]:  valid loglike is 0.553552187855371, num_events is 9144, mark_ll is -1.5317339025248797, time_ll is 2.0852859910913235[0m
[38;20m2026-09-28 09:02:20,676 - tpp_runner.py[pid:20400;line:136:_train_model] - INFO: [ Epoch 45 (test) ]: test loglike is 0.7798951696107888, num_events is 14478, mark_ll is -1.5912621871330639, time_ll is 2.3711572892923747[0m
[31;1m2026-09-28 09:02:20,676 - tpp_runner.py[pid:20400;line:140:_train_model] - CRITICAL: current best loglike on valid set is 0.5543 (updated at epoch-43)[0m
[38;20m2026-09-28 09:02:22,702 - tpp_runner.py[pid:20400;line:104:_train_model] - INFO: [ Epoch 46 (train) ]: train loglike is 0.7784478270735973, num_events is 33274, mark_ll is -1.5029502135383013, time_ll is 2.2813980736296546[0m
[38;20m2026-09-28 09:02:22,792 - tpp_runner.py[pid:20400;line:116:_train_model] - INFO: [ Epoch 46 (valid) ]:  valid loglike is 0.5660279842186475, num_events is 9144, mark_ll is -1.5289939953794838, time_ll is 2.095021979598131[0m
[38;20m2026-09-28 09:02:22,890 - tpp_runner.py[pid:20400;line:136:_train_model] - INFO: [ Epoch 46 (test) ]: test loglike is 0.7773049654000898, num_events is 14478, mark_ll is -1.5915556685142975, time_ll is 2.3688607013658656[0m
[31;1m2026-09-28 09:02:22,890 - tpp_runner.py[pid:20400;line:140:_train_model] - CRITICAL: current best loglike on valid set is 0.5660 (updated at epoch-46), best updated at this epoch[0m
[38;20m2026-09-28 09:02:24,854 - tpp_runner.py[pid:20400;line:104:_train_model] - INFO: [ Epoch 47 (train) ]: train loglike is 0.7877406469795533, num_events is 33274, mark_ll is -1.5018773088949893, time_ll is 2.289617968714781[0m
[38;20m2026-09-28 09:02:24,932 - tpp_runner.py[pid:20400;line:116:_train_model] - INFO: [ Epoch 47 (valid) ]:  valid loglike is 0.5553267037566044, num_events is 9144, mark_ll is -1.5293167528100735, time_ll is 2.08464357337718[0m
[38;20m2026-09-28 09:02:25,051 - tpp_runner.py[pid:20400;line:136:_train_model] - INFO: [ Epoch 47 (test) ]: test loglike is 0.7870354481799973, num_events is 14478, mark_ll is -1.5916043010300112, time_ll is 2.3786397492100084[0m
[31;1m2026-09-28 09:02:25,051 - tpp_runner.py[pid:20400;line:140:_train_model] - CRITICAL: current best loglike on valid set is 0.5660 (updated at epoch-46)[0m
[38;20m2026-09-28 09:02:27,002 - tpp_runner.py[pid:20400;line:104:_train_model] - INFO: [ Epoch 48 (train) ]: train loglike is 0.7962222096151462, num_events is 33274, mark_ll is -1.4987419427870672, time_ll is 2.294964130390376[0m
[38;20m2026-09-28 09:02:27,083 - tpp_runner.py[pid:20400;line:116:_train_model] - INFO: [ Epoch 48 (valid) ]:  valid loglike is 0.5585078058384639, num_events is 9144, mark_ll is -1.5299442988785337, time_ll is 2.0884521030482763[0m
[38;20m2026-09-28 09:02:27,173 - tpp_runner.py[pid:20400;line:136:_train_model] - INFO: [ Epoch 48 (test) ]: test loglike is 0.7884224866500035, num_events is 14478, mark_ll is -1.5918713414318275, time_ll is 2.38029386180757[0m
[31;1m2026-09-28 09:02:27,173 - tpp_runner.py[pid:20400;line:140:_train_model] - CRITICAL: current best loglike on valid set is 0.5660 (updated at epoch-46)[0m
[38;20m2026-09-28 09:02:29,074 - tpp_runner.py[pid:20400;line:104:_train_model] - INFO: [ Epoch 49 (train) ]: train loglike is 0.804698663670161, num_events is 33274, mark_ll is -1.5002674254802455, time_ll is 2.3049660744758484[0m
[38;20m2026-09-28 09:02:29,163 - tpp_runner.py[pid:20400;line:116:_train_model] - INFO: [ Epoch 49 (valid) ]:  valid loglike is 0.5678855348655454, num_events is 9144, mark_ll is -1.5303670193996746, time_ll is 2.0982524908538043[0m
[38;20m2026-09-28 09:02:29,279 - tpp_runner.py[pid:20400;line:136:_train_model] - INFO: [ Epoch 49 (test) ]: test loglike is 0.7942109026950372, num_events is 14478, mark_ll is -1.59204172386552, time_ll is 2.38625252538334[0m
[31;1m2026-09-28 09:02:29,281 - tpp_runner.py[pid:20400;line:140:_train_model] - CRITICAL: current best loglike on valid set is 0.5679 (updated at epoch-49), best updated at this epoch[0m
[38;20m2026-09-28 09:02:31,197 - tpp_runner.py[pid:20400;line:104:_train_model] - INFO: [ Epoch 50 (train) ]: train loglike is 0.8042498166267206, num_events is 33274, mark_ll is -1.4994284479694169, time_ll is 2.3036782719334163[0m
[38;20m2026-09-28 09:02:31,272 - tpp_runner.py[pid:20400;line:116:_train_model] - INFO: [ Epoch 50 (valid) ]:  valid loglike is 0.5737423400344915, num_events is 9144, mark_ll is -1.530835249292569, time_ll is 2.1045775192407588[0m
[38;20m2026-09-28 09:02:31,379 - tpp_runner.py[pid:20400;line:136:_train_model] - INFO: [ Epoch 50 (test) ]: test loglike is 0.7970077782346491, num_events is 14478, mark_ll is -1.5914030258193466, time_ll is 2.388410905231213[0m
[31;1m2026-09-28 09:02:31,379 - tpp_runner.py[pid:20400;line:140:_train_model] - CRITICAL: current best loglike on valid set is 0.5737 (updated at epoch-50), best updated at this epoch[0m
[38;20m2026-09-28 09:02:33,279 - tpp_runner.py[pid:20400;line:104:_train_model] - INFO: [ Epoch 51 (train) ]: train loglike is 0.8041765905812346, num_events is 33274, mark_ll is -1.4988637049338447, time_ll is 2.303040251491405[0m
[38;20m2026-09-28 09:02:33,377 - tpp_runner.py[pid:20400;line:116:_train_model] - INFO: [ Epoch 51 (valid) ]:  valid loglike is 0.5828647905551647, num_events is 9144, mark_ll is -1.5292634605214144, time_ll is 2.1121282435673323[0m
[38;20m2026-09-28 09:02:33,503 - tpp_runner.py[pid:20400;line:136:_train_model] - INFO: [ Epoch 51 (test) ]: test loglike is 0.8041271805713842, num_events is 14478, mark_ll is -1.59214350814598, time_ll is 2.3962706887173644[0m
[31;1m2026-09-28 09:02:33,503 - tpp_runner.py[pid:20400;line:140:_train_model] - CRITICAL: current best loglike on valid set is 0.5829 (updated at epoch-51), best updated at this epoch[0m
[38;20m2026-09-28 09:02:35,507 - tpp_runner.py[pid:20400;line:104:_train_model] - INFO: [ Epoch 52 (train) ]: train loglike is 0.8168197992279773, num_events is 33274, mark_ll is -1.4964926631904791, time_ll is 2.3133123285131125[0m
[38;20m2026-09-28 09:02:35,647 - tpp_runner.py[pid:20400;line:116:_train_model] - INFO: [ Epoch 52 (valid) ]:  valid loglike is 0.5942115483321543, num_events is 9144, mark_ll is -1.528983929651616, time_ll is 2.1231953244613955[0m
[38;20m2026-09-28 09:02:35,743 - tpp_runner.py[pid:20400;line:136:_train_model] - INFO: [ Epoch 52 (test) ]: test loglike is 0.7985599041973166, num_events is 14478, mark_ll is -1.590871305817447, time_ll is 2.389431243740503[0m
[31;1m2026-09-28 09:02:35,743 - tpp_runner.py[pid:20400;line:140:_train_model] - CRITICAL: current best loglike on valid set is 0.5942 (updated at epoch-52), best updated at this epoch[0m
[38;20m2026-09-28 09:02:37,679 - tpp_runner.py[pid:20400;line:104:_train_model] - INFO: [ Epoch 53 (train) ]: train loglike is 0.825903262714859, num_events is 33274, mark_ll is -1.4970168861021838, time_ll is 2.322920073609932[0m
[38;20m2026-09-28 09:02:37,781 - tpp_runner.py[pid:20400;line:116:_train_model] - INFO: [ Epoch 53 (valid) ]:  valid loglike is 0.5979281748373677, num_events is 9144, mark_ll is -1.5290690077467124, time_ll is 2.1269972860448108[0m
[38;20m2026-09-28 09:02:37,883 - tpp_runner.py[pid:20400;line:136:_train_model] - INFO: [ Epoch 53 (test) ]: test loglike is 0.8047496228113344, num_events is 14478, mark_ll is -1.5910853968089516, time_ll is 2.395834952168808[0m
[31;1m2026-09-28 09:02:37,883 - tpp_runner.py[pid:20400;line:140:_train_model] - CRITICAL: current best loglike on valid set is 0.5979 (updated at epoch-53), best updated at this epoch[0m
[38;20m2026-09-28 09:02:39,819 - tpp_runner.py[pid:20400;line:104:_train_model] - INFO: [ Epoch 54 (train) ]: train loglike is 0.8178413685980185, num_events is 33274, mark_ll is -1.4958105603755936, time_ll is 2.313651872109699[0m
[38;20m2026-09-28 09:02:39,909 - tpp_runner.py[pid:20400;line:116:_train_model] - INFO: [ Epoch 54 (valid) ]:  valid loglike is 0.5709589293205415, num_events is 9144, mark_ll is -1.5292044411806922, time_ll is 2.100163363826348[0m
[38;20m2026-09-28 09:02:40,011 - tpp_runner.py[pid:20400;line:136:_train_model] - INFO: [ Epoch 54 (test) ]: test loglike is 0.7971600162207314, num_events is 14478, mark_ll is -1.5912898422390869, time_ll is 2.3884498921855575[0m
[31;1m2026-09-28 09:02:40,011 - tpp_runner.py[pid:20400;line:140:_train_model] - CRITICAL: current best loglike on valid set is 0.5979 (updated at epoch-53)[0m
[38;20m2026-09-28 09:02:41,886 - tpp_runner.py[pid:20400;line:104:_train_model] - INFO: [ Epoch 55 (train) ]: train loglike is 0.835430275729666, num_events is 33274, mark_ll is -1.4962111831521046, time_ll is 2.3316414753906485[0m
[38;20m2026-09-28 09:02:41,967 - tpp_runner.py[pid:20400;line:116:_train_model] - INFO: [ Epoch 55 (valid) ]:  valid loglike is 0.6024375291425517, num_events is 9144, mark_ll is -1.5276460555803328, time_ll is 2.13008357971672[0m
[38;20m2026-09-28 09:02:42,071 - tpp_runner.py[pid:20400;line:136:_train_model] - INFO: [ Epoch 55 (test) ]: test loglike is 0.8014977870519063, num_events is 14478, mark_ll is -1.5900728152196435, time_ll is 2.391570534820072[0m
[31;1m2026-09-28 09:02:42,071 - tpp_runner.py[pid:20400;line:140:_train_model] - CRITICAL: current best loglike on valid set is 0.6024 (updated at epoch-55), best updated at this epoch[0m
[38;20m2026-09-28 09:02:43,903 - tpp_runner.py[pid:20400;line:104:_train_model] - INFO: [ Epoch 56 (train) ]: train loglike is 0.8398250711217138, num_events is 33274, mark_ll is -1.4937039174848417, time_ll is 2.3335291188432596[0m
[38;20m2026-09-28 09:02:44,005 - tpp_runner.py[pid:20400;line:116:_train_model] - INFO: [ Epoch 56 (valid) ]:  valid loglike is 0.5670769291808495, num_events is 9144, mark_ll is -1.528011986172627, time_ll is 2.0950888486046177[0m
[38;20m2026-09-28 09:02:44,109 - tpp_runner.py[pid:20400;line:136:_train_model] - INFO: [ Epoch 56 (test) ]: test loglike is 0.8237032858043238, num_events is 14478, mark_ll is -1.5900993236505387, time_ll is 2.4138025420033844[0m
[31;1m2026-09-28 09:02:44,109 - tpp_runner.py[pid:20400;line:140:_train_model] - CRITICAL: current best loglike on valid set is 0.6024 (updated at epoch-55)[0m
[38;20m2026-09-28 09:02:46,092 - tpp_runner.py[pid:20400;line:104:_train_model] - INFO: [ Epoch 57 (train) ]: train loglike is 0.8340373391492325, num_events is 33274, mark_ll is -1.494296366086321, time_ll is 2.328333749259228[0m
[38;20m2026-09-28 09:02:46,181 - tpp_runner.py[pid:20400;line:116:_train_model] - INFO: [ Epoch 57 (valid) ]:  valid loglike is 0.589176848804544, num_events is 9144, mark_ll is -1.5281042731444459, time_ll is 2.1172811085992183[0m
[38;20m2026-09-28 09:02:46,283 - tpp_runner.py[pid:20400;line:136:_train_model] - INFO: [ Epoch 57 (test) ]: test loglike is 0.82256706565565, num_events is 14478, mark_ll is -1.5904864276833817, time_ll is 2.4130534258875533[0m
[31;1m2026-09-28 09:02:46,283 - tpp_runner.py[pid:20400;line:140:_train_model] - CRITICAL: current best loglike on valid set is 0.6024 (updated at epoch-55)[0m
[38;20m2026-09-28 09:02:48,249 - tpp_runner.py[pid:20400;line:104:_train_model] - INFO: [ Epoch 58 (train) ]: train loglike is 0.8415518355583094, num_events is 33274, mark_ll is -1.4934756180454334, time_ll is 2.3350274792842196[0m
[38;20m2026-09-28 09:02:48,339 - tpp_runner.py[pid:20400;line:116:_train_model] - INFO: [ Epoch 58 (valid) ]:  valid loglike is 0.6030949545031771, num_events is 9144, mark_ll is -1.5275885848131288, time_ll is 2.130683638605233[0m
[38;20m2026-09-28 09:02:48,444 - tpp_runner.py[pid:20400;line:136:_train_model] - INFO: [ Epoch 58 (test) ]: test loglike is 0.830193399576081, num_events is 14478, mark_ll is -1.5891374655727655, time_ll is 2.4193307976973686[0m
[31;1m2026-09-28 09:02:48,444 - tpp_runner.py[pid:20400;line:140:_train_model] - CRITICAL: current best loglike on valid set is 0.6031 (updated at epoch-58), best updated at this epoch[0m
[38;20m2026-09-28 09:02:50,494 - tpp_runner.py[pid:20400;line:104:_train_model] - INFO: [ Epoch 59 (train) ]: train loglike is 0.8456968846441196, num_events is 33274, mark_ll is -1.4915223279566534, time_ll is 2.3372191759143774[0m
[38;20m2026-09-28 09:02:50,583 - tpp_runner.py[pid:20400;line:116:_train_model] - INFO: [ Epoch 59 (valid) ]:  valid loglike is 0.6038934252080642, num_events is 9144, mark_ll is -1.5281420930476952, time_ll is 2.1320356233852116[0m
[38;20m2026-09-28 09:02:50,680 - tpp_runner.py[pid:20400;line:136:_train_model] - INFO: [ Epoch 59 (test) ]: test loglike is 0.814723065815375, num_events is 14478, mark_ll is -1.5917540433114035, time_ll is 2.4064770416753003[0m
[31;1m2026-09-28 09:02:50,680 - tpp_runner.py[pid:20400;line:140:_train_model] - CRITICAL: current best loglike on valid set is 0.6039 (updated at epoch-59), best updated at this epoch[0m
[38;20m2026-09-28 09:02:52,607 - tpp_runner.py[pid:20400;line:104:_train_model] - INFO: [ Epoch 60 (train) ]: train loglike is 0.8433020481046106, num_events is 33274, mark_ll is -1.4917258237240414, time_ll is 2.3350278901718498[0m
[38;20m2026-09-28 09:02:52,692 - tpp_runner.py[pid:20400;line:116:_train_model] - INFO: [ Epoch 60 (valid) ]:  valid loglike is 0.6080380996276908, num_events is 9144, mark_ll is -1.5270050128926755, time_ll is 2.135043220152901[0m
[38;20m2026-09-28 09:02:52,786 - tpp_runner.py[pid:20400;line:136:_train_model] - INFO: [ Epoch 60 (test) ]: test loglike is 0.8164490142371184, num_events is 14478, mark_ll is -1.5895193083903163, time_ll is 2.4059683226274347[0m
[31;1m2026-09-28 09:02:52,788 - tpp_runner.py[pid:20400;line:140:_train_model] - CRITICAL: current best loglike on valid set is 0.6080 (updated at epoch-60), best updated at this epoch[0m
[38;20m2026-09-28 09:02:54,696 - tpp_runner.py[pid:20400;line:104:_train_model] - INFO: [ Epoch 61 (train) ]: train loglike is 0.8485177896440821, num_events is 33274, mark_ll is -1.491396005690911, time_ll is 2.339913828352749[0m
[38;20m2026-09-28 09:02:54,781 - tpp_runner.py[pid:20400;line:116:_train_model] - INFO: [ Epoch 61 (valid) ]:  valid loglike is 0.594629155890731, num_events is 9144, mark_ll is -1.52820199347335, time_ll is 2.1228311426891953[0m
[38;20m2026-09-28 09:02:54,874 - tpp_runner.py[pid:20400;line:136:_train_model] - INFO: [ Epoch 61 (test) ]: test loglike is 0.8117028921574976, num_events is 14478, mark_ll is -1.5907618320684833, time_ll is 2.4024647579517198[0m
[31;1m2026-09-28 09:02:54,874 - tpp_runner.py[pid:20400;line:140:_train_model] - CRITICAL: current best loglike on valid set is 0.6080 (updated at epoch-60)[0m
[38;20m2026-09-28 09:02:56,754 - tpp_runner.py[pid:20400;line:104:_train_model] - INFO: [ Epoch 62 (train) ]: train loglike is 0.8511706067513064, num_events is 33274, mark_ll is -1.4915602726955544, time_ll is 2.3427309619912506[0m
[38;20m2026-09-28 09:02:56,840 - tpp_runner.py[pid:20400;line:116:_train_model] - INFO: [ Epoch 62 (valid) ]:  valid loglike is 0.6046755382708051, num_events is 9144, mark_ll is -1.5271545036362641, time_ll is 2.1318299301027315[0m
[38;20m2026-09-28 09:02:56,936 - tpp_runner.py[pid:20400;line:136:_train_model] - INFO: [ Epoch 62 (test) ]: test loglike is 0.8192843371192499, num_events is 14478, mark_ll is -1.5901700127995926, time_ll is 2.4094543499188426[0m
[31;1m2026-09-28 09:02:56,936 - tpp_runner.py[pid:20400;line:140:_train_model] - CRITICAL: current best loglike on valid set is 0.6080 (updated at epoch-60)[0m
[38;20m2026-09-28 09:02:58,876 - tpp_runner.py[pid:20400;line:104:_train_model] - INFO: [ Epoch 63 (train) ]: train loglike is 0.8635035457107793, num_events is 33274, mark_ll is -1.4892282616083974, time_ll is 2.3527318238280546[0m
[38;20m2026-09-28 09:02:58,971 - tpp_runner.py[pid:20400;line:116:_train_model] - INFO: [ Epoch 63 (valid) ]:  valid loglike is 0.6015080421093985, num_events is 9144, mark_ll is -1.527489836551803, time_ll is 2.128997936232092[0m
[38;20m2026-09-28 09:02:59,068 - tpp_runner.py[pid:20400;line:136:_train_model] - INFO: [ Epoch 63 (test) ]: test loglike is 0.8332394408758116, num_events is 14478, mark_ll is -1.5900973001061955, time_ll is 2.4233368084334854[0m
[31;1m2026-09-28 09:02:59,070 - tpp_runner.py[pid:20400;line:140:_train_model] - CRITICAL: current best loglike on valid set is 0.6080 (updated at epoch-60)[0m
[38;20m2026-09-28 09:03:01,063 - tpp_runner.py[pid:20400;line:104:_train_model] - INFO: [ Epoch 64 (train) ]: train loglike is 0.861261282387337, num_events is 33274, mark_ll is -1.490073688587561, time_ll is 2.3513350149985723[0m
[38;20m2026-09-28 09:03:01,175 - tpp_runner.py[pid:20400;line:116:_train_model] - INFO: [ Epoch 64 (valid) ]:  valid loglike is 0.6135199564335541, num_events is 9144, mark_ll is -1.5270505890132875, time_ll is 2.1405704528328[0m
[38;20m2026-09-28 09:03:01,271 - tpp_runner.py[pid:20400;line:136:_train_model] - INFO: [ Epoch 64 (test) ]: test loglike is 0.831122948395842, num_events is 14478, mark_ll is -1.5893605276108578, time_ll is 2.420483543458178[0m
[31;1m2026-09-28 09:03:01,271 - tpp_runner.py[pid:20400;line:140:_train_model] - CRITICAL: current best loglike on valid set is 0.6135 (updated at epoch-64), best updated at this epoch[0m
[38;20m2026-09-28 09:03:03,201 - tpp_runner.py[pid:20400;line:104:_train_model] - INFO: [ Epoch 65 (train) ]: train loglike is 0.8640773374458098, num_events is 33274, mark_ll is -1.489122590114701, time_ll is 2.3531999459037087[0m
[38;20m2026-09-28 09:03:03,294 - tpp_runner.py[pid:20400;line:116:_train_model] - INFO: [ Epoch 65 (valid) ]:  valid loglike is 0.600779727792281, num_events is 9144, mark_ll is -1.5270258652360837, time_ll is 2.127805694820374[0m
[38;20m2026-09-28 09:03:03,404 - tpp_runner.py[pid:20400;line:136:_train_model] - INFO: [ Epoch 65 (test) ]: test loglike is 0.8247691877870735, num_events is 14478, mark_ll is -1.5900884639625639, time_ll is 2.4148576180238983[0m
[31;1m2026-09-28 09:03:03,404 - tpp_runner.py[pid:20400;line:140:_train_model] - CRITICAL: current best loglike on valid set is 0.6135 (updated at epoch-64)[0m
[38;20m2026-09-28 09:03:05,363 - tpp_runner.py[pid:20400;line:104:_train_model] - INFO: [ Epoch 66 (train) ]: train loglike is 0.8646576556906058, num_events is 33274, mark_ll is -1.4879600826189368, time_ll is 2.3526176887829084[0m
[38;20m2026-09-28 09:03:05,441 - tpp_runner.py[pid:20400;line:116:_train_model] - INFO: [ Epoch 66 (valid) ]:  valid loglike is 0.5963339184004283, num_events is 9144, mark_ll is -1.5270928677402873, time_ll is 2.123426943000533[0m
[38;20m2026-09-28 09:03:05,544 - tpp_runner.py[pid:20400;line:136:_train_model] - INFO: [ Epoch 66 (test) ]: test loglike is 0.8287972888822697, num_events is 14478, mark_ll is -1.5898403099746166, time_ll is 2.4186374639539303[0m
[31;1m2026-09-28 09:03:05,544 - tpp_runner.py[pid:20400;line:140:_train_model] - CRITICAL: current best loglike on valid set is 0.6135 (updated at epoch-64)[0m
[38;20m2026-09-28 09:03:07,508 - tpp_runner.py[pid:20400;line:104:_train_model] - INFO: [ Epoch 67 (train) ]: train loglike is 0.8661427668398186, num_events is 33274, mark_ll is -1.487685576664353, time_ll is 2.3538283471728114[0m
[38;20m2026-09-28 09:03:07,576 - tpp_runner.py[pid:20400;line:116:_train_model] - INFO: [ Epoch 67 (valid) ]:  valid loglike is 0.6186466425631199, num_events is 9144, mark_ll is -1.5268177422951525, time_ll is 2.145464385692633[0m
[38;20m2026-09-28 09:03:07,680 - tpp_runner.py[pid:20400;line:136:_train_model] - INFO: [ Epoch 67 (test) ]: test loglike is 0.8477093005875294, num_events is 14478, mark_ll is -1.5891736195650297, time_ll is 2.436882953878298[0m
[31;1m2026-09-28 09:03:07,680 - tpp_runner.py[pid:20400;line:140:_train_model] - CRITICAL: current best loglike on valid set is 0.6186 (updated at epoch-67), best updated at this epoch[0m
[38;20m2026-09-28 09:03:09,633 - tpp_runner.py[pid:20400;line:104:_train_model] - INFO: [ Epoch 68 (train) ]: train loglike is 0.8745665575740443, num_events is 33274, mark_ll is -1.4864040144778017, time_ll is 2.3609705977323228[0m
[38;20m2026-09-28 09:03:09,722 - tpp_runner.py[pid:20400;line:116:_train_model] - INFO: [ Epoch 68 (valid) ]:  valid loglike is 0.6256061805932019, num_events is 9144, mark_ll is -1.526660428585343, time_ll is 2.1522664948711245[0m
[38;20m2026-09-28 09:03:09,820 - tpp_runner.py[pid:20400;line:136:_train_model] - INFO: [ Epoch 68 (test) ]: test loglike is 0.8451281011491574, num_events is 14478, mark_ll is -1.5891143971672537, time_ll is 2.434242498316411[0m
[31;1m2026-09-28 09:03:09,820 - tpp_runner.py[pid:20400;line:140:_train_model] - CRITICAL: current best loglike on valid set is 0.6256 (updated at epoch-68), best updated at this epoch[0m
[38;20m2026-09-28 09:03:11,817 - tpp_runner.py[pid:20400;line:104:_train_model] - INFO: [ Epoch 69 (train) ]: train loglike is 0.8804689125207322, num_events is 33274, mark_ll is -1.4871413670043616, time_ll is 2.367610277690774[0m
[38;20m2026-09-28 09:03:11,885 - tpp_runner.py[pid:20400;line:116:_train_model] - INFO: [ Epoch 69 (valid) ]:  valid loglike is 0.5989833024125921, num_events is 9144, mark_ll is -1.527171030653639, time_ll is 2.126154314710295[0m
[38;20m2026-09-28 09:03:11,980 - tpp_runner.py[pid:20400;line:136:_train_model] - INFO: [ Epoch 69 (test) ]: test loglike is 0.8216171802152403, num_events is 14478, mark_ll is -1.5892487605116383, time_ll is 2.4108657720981834[0m
[31;1m2026-09-28 09:03:11,980 - tpp_runner.py[pid:20400;line:140:_train_model] - CRITICAL: current best loglike on valid set is 0.6256 (updated at epoch-68)[0m
[38;20m2026-09-28 09:03:13,910 - tpp_runner.py[pid:20400;line:104:_train_model] - INFO: [ Epoch 70 (train) ]: train loglike is 0.8862042746635886, num_events is 33274, mark_ll is -1.4863505073699153, time_ll is 2.372554807713981[0m
[38;20m2026-09-28 09:03:14,008 - tpp_runner.py[pid:20400;line:116:_train_model] - INFO: [ Epoch 70 (valid) ]:  valid loglike is 0.6095157015876402, num_events is 9144, mark_ll is -1.5258085529530976, time_ll is 2.1353242595469024[0m
[38;20m2026-09-28 09:03:14,100 - tpp_runner.py[pid:20400;line:136:_train_model] - INFO: [ Epoch 70 (test) ]: test loglike is 0.8360684907704794, num_events is 14478, mark_ll is -1.5890890354114864, time_ll is 2.4251575936334437[0m
[31;1m2026-09-28 09:03:14,100 - tpp_runner.py[pid:20400;line:140:_train_model] - CRITICAL: current best loglike on valid set is 0.6256 (updated at epoch-68)[0m
[38;20m2026-09-28 09:03:16,120 - tpp_runner.py[pid:20400;line:104:_train_model] - INFO: [ Epoch 71 (train) ]: train loglike is 0.8702947955123792, num_events is 33274, mark_ll is -1.4849759304961268, time_ll is 2.3552707388487444[0m
[38;20m2026-09-28 09:03:16,208 - tpp_runner.py[pid:20400;line:116:_train_model] - INFO: [ Epoch 71 (valid) ]:  valid loglike is 0.6184621812581808, num_events is 9144, mark_ll is -1.5265581826838295, time_ll is 2.145020358935846[0m
[38;20m2026-09-28 09:03:16,310 - tpp_runner.py[pid:20400;line:136:_train_model] - INFO: [ Epoch 71 (test) ]: test loglike is 0.8475458993818207, num_events is 14478, mark_ll is -1.5894059899071005, time_ll is 2.436952024191877[0m
[31;1m2026-09-28 09:03:16,310 - tpp_runner.py[pid:20400;line:140:_train_model] - CRITICAL: current best loglike on valid set is 0.6256 (updated at epoch-68)[0m
[38;20m2026-09-28 09:03:18,340 - tpp_runner.py[pid:20400;line:104:_train_model] - INFO: [ Epoch 72 (train) ]: train loglike is 0.8769848917498929, num_events is 33274, mark_ll is -1.4848746210148596, time_ll is 2.361859527439311[0m
[38;20m2026-09-28 09:03:18,438 - tpp_runner.py[pid:20400;line:116:_train_model] - INFO: [ Epoch 72 (valid) ]:  valid loglike is 0.5961112425396136, num_events is 9144, mark_ll is -1.5267819515572028, time_ll is 2.1228930856299213[0m
[38;20m2026-09-28 09:03:18,554 - tpp_runner.py[pid:20400;line:136:_train_model] - INFO: [ Epoch 72 (test) ]: test loglike is 0.8509392146165734, num_events is 14478, mark_ll is -1.589573809184625, time_ll is 2.4405131249784153[0m
[31;1m2026-09-28 09:03:18,554 - tpp_runner.py[pid:20400;line:140:_train_model] - CRITICAL: current best loglike on valid set is 0.6256 (updated at epoch-68)[0m
[38;20m2026-09-28 09:03:20,590 - tpp_runner.py[pid:20400;line:104:_train_model] - INFO: [ Epoch 73 (train) ]: train loglike is 0.8794509549263314, num_events is 33274, mark_ll is -1.4856261675078515, time_ll is 2.3650771554519388[0m
[38;20m2026-09-28 09:03:20,683 - tpp_runner.py[pid:20400;line:116:_train_model] - INFO: [ Epoch 73 (valid) ]:  valid loglike is 0.6156891549978982, num_events is 9144, mark_ll is -1.526387772847974, time_ll is 2.1420771347673337[0m
[38;20m2026-09-28 09:03:20,780 - tpp_runner.py[pid:20400;line:136:_train_model] - INFO: [ Epoch 73 (test) ]: test loglike is 0.8359093390078913, num_events is 14478, mark_ll is -1.5892242081736083, time_ll is 2.425133446004282[0m
[31;1m2026-09-28 09:03:20,780 - tpp_runner.py[pid:20400;line:140:_train_model] - CRITICAL: current best loglike on valid set is 0.6256 (updated at epoch-68)[0m
[38;20m2026-09-28 09:03:22,829 - tpp_runner.py[pid:20400;line:104:_train_model] - INFO: [ Epoch 74 (train) ]: train loglike is 0.8804725463082098, num_events is 33274, mark_ll is -1.4848403595900703, time_ll is 2.365312968265153[0m
[38;20m2026-09-28 09:03:22,918 - tpp_runner.py[pid:20400;line:116:_train_model] - INFO: [ Epoch 74 (valid) ]:  valid loglike is 0.6090199427967622, num_events is 9144, mark_ll is -1.5260006027688922, time_ll is 2.1350205522405403[0m
[38;20m2026-09-28 09:03:23,013 - tpp_runner.py[pid:20400;line:136:_train_model] - INFO: [ Epoch 74 (test) ]: test loglike is 0.8406357652559056, num_events is 14478, mark_ll is -1.5894708782290372, time_ll is 2.4301065760334644[0m
[31;1m2026-09-28 09:03:23,013 - tpp_runner.py[pid:20400;line:140:_train_model] - CRITICAL: current best loglike on valid set is 0.6256 (updated at epoch-68)[0m
[38;20m2026-09-28 09:03:24,972 - tpp_runner.py[pid:20400;line:104:_train_model] - INFO: [ Epoch 75 (train) ]: train loglike is 0.8751579459386928, num_events is 33274, mark_ll is -1.4837180493778928, time_ll is 2.3588760503461788[0m
[38;20m2026-09-28 09:03:25,050 - tpp_runner.py[pid:20400;line:116:_train_model] - INFO: [ Epoch 75 (valid) ]:  valid loglike is 0.5974905676520507, num_events is 9144, mark_ll is -1.5257399618260608, time_ll is 2.1232305545089334[0m
[38;20m2026-09-28 09:03:25,160 - tpp_runner.py[pid:20400;line:136:_train_model] - INFO: [ Epoch 75 (test) ]: test loglike is 0.8462999356782704, num_events is 14478, mark_ll is -1.5893057570106368, time_ll is 2.4356057601403855[0m
[31;1m2026-09-28 09:03:25,160 - tpp_runner.py[pid:20400;line:140:_train_model] - CRITICAL: current best loglike on valid set is 0.6256 (updated at epoch-68)[0m
[38;20m2026-09-28 09:03:27,123 - tpp_runner.py[pid:20400;line:104:_train_model] - INFO: [ Epoch 76 (train) ]: train loglike is 0.892800521598367, num_events is 33274, mark_ll is -1.4834740334866374, time_ll is 2.376274558753644[0m
[38;20m2026-09-28 09:03:27,211 - tpp_runner.py[pid:20400;line:116:_train_model] - INFO: [ Epoch 76 (valid) ]:  valid loglike is 0.6250365416626084, num_events is 9144, mark_ll is -1.526298516274333, time_ll is 2.1513348543529225[0m
[38;20m2026-09-28 09:03:27,332 - tpp_runner.py[pid:20400;line:136:_train_model] - INFO: [ Epoch 76 (test) ]: test loglike is 0.8571512259441049, num_events is 14478, mark_ll is -1.589699538739812, time_ll is 2.446850798409656[0m
[31;1m2026-09-28 09:03:27,332 - tpp_runner.py[pid:20400;line:140:_train_model] - CRITICAL: current best loglike on valid set is 0.6256 (updated at epoch-68)[0m
[38;20m2026-09-28 09:03:29,271 - tpp_runner.py[pid:20400;line:104:_train_model] - INFO: [ Epoch 77 (train) ]: train loglike is 0.8928719133240762, num_events is 33274, mark_ll is -1.484571888547552, time_ll is 2.377443772522512[0m
[38;20m2026-09-28 09:03:29,355 - tpp_runner.py[pid:20400;line:116:_train_model] - INFO: [ Epoch 77 (valid) ]:  valid loglike is 0.615095650847294, num_events is 9144, mark_ll is -1.5272398353770231, time_ll is 2.1423356931457787[0m
[38;20m2026-09-28 09:03:29,457 - tpp_runner.py[pid:20400;line:136:_train_model] - INFO: [ Epoch 77 (test) ]: test loglike is 0.8481276009289958, num_events is 14478, mark_ll is -1.5898324181516783, time_ll is 2.437960086532152[0m
[31;1m2026-09-28 09:03:29,457 - tpp_runner.py[pid:20400;line:140:_train_model] - CRITICAL: current best loglike on valid set is 0.6256 (updated at epoch-68)[0m
[38;20m2026-09-28 09:03:31,444 - tpp_runner.py[pid:20400;line:104:_train_model] - INFO: [ Epoch 78 (train) ]: train loglike is 0.8824279513676923, num_events is 33274, mark_ll is -1.4846483576704033, time_ll is 2.3670763695706483[0m
[38;20m2026-09-28 09:03:31,523 - tpp_runner.py[pid:20400;line:116:_train_model] - INFO: [ Epoch 78 (valid) ]:  valid loglike is 0.6261884701012105, num_events is 9144, mark_ll is -1.5262174164112055, time_ll is 2.1524058798375303[0m
[38;20m2026-09-28 09:03:31,615 - tpp_runner.py[pid:20400;line:136:_train_model] - INFO: [ Epoch 78 (test) ]: test loglike is 0.8431735933938562, num_events is 14478, mark_ll is -1.5894194802027213, time_ll is 2.4325931073223166[0m
[31;1m2026-09-28 09:03:31,615 - tpp_runner.py[pid:20400;line:140:_train_model] - CRITICAL: current best loglike on valid set is 0.6262 (updated at epoch-78), best updated at this epoch[0m
[38;20m2026-09-28 09:03:33,603 - tpp_runner.py[pid:20400;line:104:_train_model] - INFO: [ Epoch 79 (train) ]: train loglike is 0.8849304423005763, num_events is 33274, mark_ll is -1.483056722068798, time_ll is 2.367987263422642[0m
[38;20m2026-09-28 09:03:33,692 - tpp_runner.py[pid:20400;line:116:_train_model] - INFO: [ Epoch 79 (valid) ]:  valid loglike is 0.6192100930401659, num_events is 9144, mark_ll is -1.5254304607187774, time_ll is 2.1446404511325734[0m
[38;20m2026-09-28 09:03:33,792 - tpp_runner.py[pid:20400;line:136:_train_model] - INFO: [ Epoch 79 (test) ]: test loglike is 0.8376115782350808, num_events is 14478, mark_ll is -1.5887865155321867, time_ll is 2.4263980263157894[0m
[31;1m2026-09-28 09:03:33,792 - tpp_runner.py[pid:20400;line:140:_train_model] - CRITICAL: current best loglike on valid set is 0.6262 (updated at epoch-78)[0m
[38;20m2026-09-28 09:03:35,809 - tpp_runner.py[pid:20400;line:104:_train_model] - INFO: [ Epoch 80 (train) ]: train loglike is 0.8862950551493377, num_events is 33274, mark_ll is -1.4824047094355297, time_ll is 2.3686997792594253[0m
[38;20m2026-09-28 09:03:35,927 - tpp_runner.py[pid:20400;line:116:_train_model] - INFO: [ Epoch 80 (valid) ]:  valid loglike is 0.6286372579406044, num_events is 9144, mark_ll is -1.5254431430019002, time_ll is 2.1540802883038057[0m
[38;20m2026-09-28 09:03:36,043 - tpp_runner.py[pid:20400;line:136:_train_model] - INFO: [ Epoch 80 (test) ]: test loglike is 0.8449998084378022, num_events is 14478, mark_ll is -1.5886451372340793, time_ll is 2.433644878220403[0m
[31;1m2026-09-28 09:03:36,043 - tpp_runner.py[pid:20400;line:140:_train_model] - CRITICAL: current best loglike on valid set is 0.6286 (updated at epoch-80), best updated at this epoch[0m
[38;20m2026-09-28 09:03:38,425 - tpp_runner.py[pid:20400;line:104:_train_model] - INFO: [ Epoch 81 (train) ]: train loglike is 0.8908208356480003, num_events is 33274, mark_ll is -1.481974733873952, time_ll is 2.372795562184673[0m
[38;20m2026-09-28 09:03:38,524 - tpp_runner.py[pid:20400;line:116:_train_model] - INFO: [ Epoch 81 (valid) ]:  valid loglike is 0.6229650475743145, num_events is 9144, mark_ll is -1.5252703435569088, time_ll is 2.148235411155881[0m
[38;20m2026-09-28 09:03:38,637 - tpp_runner.py[pid:20400;line:136:_train_model] - INFO: [ Epoch 81 (test) ]: test loglike is 0.8412547674704725, num_events is 14478, mark_ll is -1.5886437882045172, time_ll is 2.429898690577946[0m
[31;1m2026-09-28 09:03:38,637 - tpp_runner.py[pid:20400;line:140:_train_model] - CRITICAL: current best loglike on valid set is 0.6286 (updated at epoch-80)[0m
[38;20m2026-09-28 09:03:41,353 - tpp_runner.py[pid:20400;line:104:_train_model] - INFO: [ Epoch 82 (train) ]: train loglike is 0.8822491143610627, num_events is 33274, mark_ll is -1.4820688858394504, time_ll is 2.3643179818573152[0m
[38;20m2026-09-28 09:03:41,464 - tpp_runner.py[pid:20400;line:116:_train_model] - INFO: [ Epoch 82 (valid) ]:  valid loglike is 0.6150199734945623, num_events is 9144, mark_ll is -1.525649637270683, time_ll is 2.140669735084994[0m
[38;20m2026-09-28 09:03:41,588 - tpp_runner.py[pid:20400;line:136:_train_model] - INFO: [ Epoch 82 (test) ]: test loglike is 0.8483939668160312, num_events is 14478, mark_ll is -1.5887078671087167, time_ll is 2.4371016990217917[0m
[31;1m2026-09-28 09:03:41,589 - tpp_runner.py[pid:20400;line:140:_train_model] - CRITICAL: current best loglike on valid set is 0.6286 (updated at epoch-80)[0m
[38;20m2026-09-28 09:03:43,743 - tpp_runner.py[pid:20400;line:104:_train_model] - INFO: [ Epoch 83 (train) ]: train loglike is 0.881957195208839, num_events is 33274, mark_ll is -1.4818206473440694, time_ll is 2.3637777196534833[0m
[38;20m2026-09-28 09:03:43,848 - tpp_runner.py[pid:20400;line:116:_train_model] - INFO: [ Epoch 83 (valid) ]:  valid loglike is 0.5971344508106836, num_events is 9144, mark_ll is -1.5255027897818925, time_ll is 2.1226374375017087[0m
[38;20m2026-09-28 09:03:43,963 - tpp_runner.py[pid:20400;line:136:_train_model] - INFO: [ Epoch 83 (test) ]: test loglike is 0.8413908845532877, num_events is 14478, mark_ll is -1.5885182610037643, time_ll is 2.429908943202618[0m
[31;1m2026-09-28 09:03:43,963 - tpp_runner.py[pid:20400;line:140:_train_model] - CRITICAL: current best loglike on valid set is 0.6286 (updated at epoch-80)[0m
[38;20m2026-09-28 09:03:46,174 - tpp_runner.py[pid:20400;line:104:_train_model] - INFO: [ Epoch 84 (train) ]: train loglike is 0.8941934563444807, num_events is 33274, mark_ll is -1.4817670228397173, time_ll is 2.375960493858756[0m
[38;20m2026-09-28 09:03:46,259 - tpp_runner.py[pid:20400;line:116:_train_model] - INFO: [ Epoch 84 (valid) ]:  valid loglike is 0.5972672743642945, num_events is 9144, mark_ll is -1.525527793904302, time_ll is 2.1227950716060393[0m
[38;20m2026-09-28 09:03:46,367 - tpp_runner.py[pid:20400;line:136:_train_model] - INFO: [ Epoch 84 (test) ]: test loglike is 0.8418771422589446, num_events is 14478, mark_ll is -1.5886836520280772, time_ll is 2.430560996641456[0m
[31;1m2026-09-28 09:03:46,367 - tpp_runner.py[pid:20400;line:140:_train_model] - CRITICAL: current best loglike on valid set is 0.6286 (updated at epoch-80)[0m
[38;20m2026-09-28 09:03:48,359 - tpp_runner.py[pid:20400;line:104:_train_model] - INFO: [ Epoch 85 (train) ]: train loglike is 0.8952776787408149, num_events is 33274, mark_ll is -1.4819080123263941, time_ll is 2.3771857534340812[0m
[38;20m2026-09-28 09:03:48,448 - tpp_runner.py[pid:20400;line:116:_train_model] - INFO: [ Epoch 85 (valid) ]:  valid loglike is 0.6214441639857655, num_events is 9144, mark_ll is -1.5257942686973698, time_ll is 2.147238423505167[0m
[38;20m2026-09-28 09:03:48,539 - tpp_runner.py[pid:20400;line:136:_train_model] - INFO: [ Epoch 85 (test) ]: test loglike is 0.8322009241931724, num_events is 14478, mark_ll is -1.5886489145168532, time_ll is 2.420849737532808[0m
[31;1m2026-09-28 09:03:48,539 - tpp_runner.py[pid:20400;line:140:_train_model] - CRITICAL: current best loglike on valid set is 0.6286 (updated at epoch-80)[0m
[38;20m2026-09-28 09:03:50,614 - tpp_runner.py[pid:20400;line:104:_train_model] - INFO: [ Epoch 86 (train) ]: train loglike is 0.8958965452157184, num_events is 33274, mark_ll is -1.4819688952341026, time_ll is 2.377865464295978[0m
[38;20m2026-09-28 09:03:50,703 - tpp_runner.py[pid:20400;line:116:_train_model] - INFO: [ Epoch 86 (valid) ]:  valid loglike is 0.6351541584245176, num_events is 9144, mark_ll is -1.5260278897022639, time_ll is 2.1611821532562336[0m
[38;20m2026-09-28 09:03:50,793 - tpp_runner.py[pid:20400;line:136:_train_model] - INFO: [ Epoch 86 (test) ]: test loglike is 0.8498878484273553, num_events is 14478, mark_ll is -1.588768708341967, time_ll is 2.4386565904950617[0m
[31;1m2026-09-28 09:03:50,795 - tpp_runner.py[pid:20400;line:140:_train_model] - CRITICAL: current best loglike on valid set is 0.6352 (updated at epoch-86), best updated at this epoch[0m
[38;20m2026-09-28 09:03:52,725 - tpp_runner.py[pid:20400;line:104:_train_model] - INFO: [ Epoch 87 (train) ]: train loglike is 0.8873480078964384, num_events is 33274, mark_ll is -1.4819322840456794, time_ll is 2.369280334131473[0m
[38;20m2026-09-28 09:03:52,848 - tpp_runner.py[pid:20400;line:116:_train_model] - INFO: [ Epoch 87 (valid) ]:  valid loglike is 0.6009291021425476, num_events is 9144, mark_ll is -1.5260069839597687, time_ll is 2.1269360906913004[0m
[38;20m2026-09-28 09:03:52,994 - tpp_runner.py[pid:20400;line:136:_train_model] - INFO: [ Epoch 87 (test) ]: test loglike is 0.8467211701590344, num_events is 14478, mark_ll is -1.5887990615071141, time_ll is 2.435520231666149[0m
[31;1m2026-09-28 09:03:52,994 - tpp_runner.py[pid:20400;line:140:_train_model] - CRITICAL: current best loglike on valid set is 0.6352 (updated at epoch-86)[0m
[38;20m2026-09-28 09:03:55,063 - tpp_runner.py[pid:20400;line:104:_train_model] - INFO: [ Epoch 88 (train) ]: train loglike is 0.8899482974225371, num_events is 33274, mark_ll is -1.4816838401064834, time_ll is 2.3716320201325547[0m
[38;20m2026-09-28 09:03:55,144 - tpp_runner.py[pid:20400;line:116:_train_model] - INFO: [ Epoch 88 (valid) ]:  valid loglike is 0.606489668785222, num_events is 9144, mark_ll is -1.525602192182032, time_ll is 2.13209179922456[0m
[38;20m2026-09-28 09:03:55,241 - tpp_runner.py[pid:20400;line:136:_train_model] - INFO: [ Epoch 88 (test) ]: test loglike is 0.858098278422434, num_events is 14478, mark_ll is -1.5886711735046277, time_ll is 2.4467693844755836[0m
[31;1m2026-09-28 09:03:55,241 - tpp_runner.py[pid:20400;line:140:_train_model] - CRITICAL: current best loglike on valid set is 0.6352 (updated at epoch-86)[0m
[38;20m2026-09-28 09:03:57,157 - tpp_runner.py[pid:20400;line:104:_train_model] - INFO: [ Epoch 89 (train) ]: train loglike is 0.9003735162994427, num_events is 33274, mark_ll is -1.4812739962044548, time_ll is 2.3816473474151176[0m
[38;20m2026-09-28 09:03:57,230 - tpp_runner.py[pid:20400;line:116:_train_model] - INFO: [ Epoch 89 (valid) ]:  valid loglike is 0.6022949193719178, num_events is 9144, mark_ll is -1.5253719887186954, time_ll is 2.1276672309882163[0m
[38;20m2026-09-28 09:03:57,330 - tpp_runner.py[pid:20400;line:136:_train_model] - INFO: [ Epoch 89 (test) ]: test loglike is 0.8566548167909932, num_events is 14478, mark_ll is -1.5886290837822903, time_ll is 2.4452840354762397[0m
[31;1m2026-09-28 09:03:57,330 - tpp_runner.py[pid:20400;line:140:_train_model] - CRITICAL: current best loglike on valid set is 0.6352 (updated at epoch-86)[0m
[38;20m2026-09-28 09:03:59,282 - tpp_runner.py[pid:20400;line:104:_train_model] - INFO: [ Epoch 90 (train) ]: train loglike is 0.8914704526596404, num_events is 33274, mark_ll is -1.4812944928936398, time_ll is 2.3727649767367165[0m
[38;20m2026-09-28 09:03:59,366 - tpp_runner.py[pid:20400;line:116:_train_model] - INFO: [ Epoch 90 (valid) ]:  valid loglike is 0.5932846711793701, num_events is 9144, mark_ll is -1.5255256979901437, time_ll is 2.1188104851456555[0m
[38;20m2026-09-28 09:03:59,464 - tpp_runner.py[pid:20400;line:136:_train_model] - INFO: [ Epoch 90 (test) ]: test loglike is 0.8401135896381579, num_events is 14478, mark_ll is -1.5886692848632409, time_ll is 2.4287828407756598[0m
[31;1m2026-09-28 09:03:59,464 - tpp_runner.py[pid:20400;line:140:_train_model] - CRITICAL: current best loglike on valid set is 0.6352 (updated at epoch-86)[0m
[38;20m2026-09-28 09:04:01,372 - tpp_runner.py[pid:20400;line:104:_train_model] - INFO: [ Epoch 91 (train) ]: train loglike is 0.8801856678667325, num_events is 33274, mark_ll is -1.4814478071748962, time_ll is 2.361633564923298[0m
[38;20m2026-09-28 09:04:01,454 - tpp_runner.py[pid:20400;line:116:_train_model] - INFO: [ Epoch 91 (valid) ]:  valid loglike is 0.6207839718849536, num_events is 9144, mark_ll is -1.5255066211663728, time_ll is 2.1462904829157097[0m
[38;20m2026-09-28 09:04:01,541 - tpp_runner.py[pid:20400;line:136:_train_model] - INFO: [ Epoch 91 (test) ]: test loglike is 0.8505327520095144, num_events is 14478, mark_ll is -1.5885351238732905, time_ll is 2.4390677747055878[0m
[31;1m2026-09-28 09:04:01,541 - tpp_runner.py[pid:20400;line:140:_train_model] - CRITICAL: current best loglike on valid set is 0.6352 (updated at epoch-86)[0m
[38;20m2026-09-28 09:04:03,531 - tpp_runner.py[pid:20400;line:104:_train_model] - INFO: [ Epoch 92 (train) ]: train loglike is 0.8935061660732667, num_events is 33274, mark_ll is -1.4813178382814378, time_ll is 2.374824107076612[0m
[38;20m2026-09-28 09:04:03,627 - tpp_runner.py[pid:20400;line:116:_train_model] - INFO: [ Epoch 92 (valid) ]:  valid loglike is 0.62613702341849, num_events is 9144, mark_ll is -1.525438390483172, time_ll is 2.1515755640865937[0m
[38;20m2026-09-28 09:04:03,723 - tpp_runner.py[pid:20400;line:136:_train_model] - INFO: [ Epoch 92 (test) ]: test loglike is 0.8268360697048971, num_events is 14478, mark_ll is -1.5884075056767164, time_ll is 2.4152435753816133[0m
[31;1m2026-09-28 09:04:03,723 - tpp_runner.py[pid:20400;line:140:_train_model] - CRITICAL: current best loglike on valid set is 0.6352 (updated at epoch-86)[0m
[38;20m2026-09-28 09:04:05,653 - tpp_runner.py[pid:20400;line:104:_train_model] - INFO: [ Epoch 93 (train) ]: train loglike is 0.8950094204793908, num_events is 33274, mark_ll is -1.4812081808108668, time_ll is 2.376217599455938[0m
[38;20m2026-09-28 09:04:05,745 - tpp_runner.py[pid:20400;line:116:_train_model] - INFO: [ Epoch 93 (valid) ]:  valid loglike is 0.6210672565436843, num_events is 9144, mark_ll is -1.5254166837543746, time_ll is 2.1464838944082185[0m
[38;20m2026-09-28 09:04:05,865 - tpp_runner.py[pid:20400;line:136:_train_model] - INFO: [ Epoch 93 (test) ]: test loglike is 0.8574259220886863, num_events is 14478, mark_ll is -1.5883845047226828, time_ll is 2.445810291908413[0m
[31;1m2026-09-28 09:04:05,865 - tpp_runner.py[pid:20400;line:140:_train_model] - CRITICAL: current best loglike on valid set is 0.6352 (updated at epoch-86)[0m
[38;20m2026-09-28 09:04:08,529 - tpp_runner.py[pid:20400;line:104:_train_model] - INFO: [ Epoch 94 (train) ]: train loglike is 0.8883742309357532, num_events is 33274, mark_ll is -1.4811102152945523, time_ll is 2.369484523271736[0m
[38;20m2026-09-28 09:04:08,612 - tpp_runner.py[pid:20400;line:116:_train_model] - INFO: [ Epoch 94 (valid) ]:  valid loglike is 0.6113504374746889, num_events is 9144, mark_ll is -1.5253588525433344, time_ll is 2.136709405159804[0m
[38;20m2026-09-28 09:04:08,708 - tpp_runner.py[pid:20400;line:136:_train_model] - INFO: [ Epoch 94 (test) ]: test loglike is 0.8513560984769996, num_events is 14478, mark_ll is -1.58836217828343, time_ll is 2.439718344211908[0m
[31;1m2026-09-28 09:04:08,708 - tpp_runner.py[pid:20400;line:140:_train_model] - CRITICAL: current best loglike on valid set is 0.6352 (updated at epoch-86)[0m
[38;20m2026-09-28 09:04:10,743 - tpp_runner.py[pid:20400;line:104:_train_model] - INFO: [ Epoch 95 (train) ]: train loglike is 0.9002596307217864, num_events is 33274, mark_ll is -1.4809891556922494, time_ll is 2.381248775408117[0m
[38;20m2026-09-28 09:04:10,830 - tpp_runner.py[pid:20400;line:116:_train_model] - INFO: [ Epoch 95 (valid) ]:  valid loglike is 0.613718775000785, num_events is 9144, mark_ll is -1.525332206399005, time_ll is 2.139051088615144[0m
[38;20m2026-09-28 09:04:10,929 - tpp_runner.py[pid:20400;line:136:_train_model] - INFO: [ Epoch 95 (test) ]: test loglike is 0.8367609813704414, num_events is 14478, mark_ll is -1.5883592104183935, time_ll is 2.425120225514574[0m
[31;1m2026-09-28 09:04:10,929 - tpp_runner.py[pid:20400;line:140:_train_model] - CRITICAL: current best loglike on valid set is 0.6352 (updated at epoch-86)[0m
[38;20m2026-09-28 09:04:12,909 - tpp_runner.py[pid:20400;line:104:_train_model] - INFO: [ Epoch 96 (train) ]: train loglike is 0.8981308897806847, num_events is 33274, mark_ll is -1.4809477037339354, time_ll is 2.379078577005742[0m
[38;20m2026-09-28 09:04:12,997 - tpp_runner.py[pid:20400;line:116:_train_model] - INFO: [ Epoch 96 (valid) ]:  valid loglike is 0.6444787478509537, num_events is 9144, mark_ll is -1.5253356506401055, time_ll is 2.1698143826382053[0m
[38;20m2026-09-28 09:04:13,098 - tpp_runner.py[pid:20400;line:136:_train_model] - INFO: [ Epoch 96 (test) ]: test loglike is 0.8423423213776937, num_events is 14478, mark_ll is -1.588373105422883, time_ll is 2.430715527977794[0m
[31;1m2026-09-28 09:04:13,098 - tpp_runner.py[pid:20400;line:140:_train_model] - CRITICAL: current best loglike on valid set is 0.6445 (updated at epoch-96), best updated at this epoch[0m
[38;20m2026-09-28 09:04:15,135 - tpp_runner.py[pid:20400;line:104:_train_model] - INFO: [ Epoch 97 (train) ]: train loglike is 0.8979526159102265, num_events is 33274, mark_ll is -1.480955618823772, time_ll is 2.3789081503552887[0m
[38;20m2026-09-28 09:04:15,228 - tpp_runner.py[pid:20400;line:116:_train_model] - INFO: [ Epoch 97 (valid) ]:  valid loglike is 0.6034551471967188, num_events is 9144, mark_ll is -1.525348760115923, time_ll is 2.1288040174482585[0m
[38;20m2026-09-28 09:04:15,342 - tpp_runner.py[pid:20400;line:136:_train_model] - INFO: [ Epoch 97 (test) ]: test loglike is 0.8571765876998723, num_events is 14478, mark_ll is -1.588386595718504, time_ll is 2.445563217144115[0m
[31;1m2026-09-28 09:04:15,342 - tpp_runner.py[pid:20400;line:140:_train_model] - CRITICAL: current best loglike on valid set is 0.6445 (updated at epoch-96)[0m
[38;20m2026-09-28 09:04:17,377 - tpp_runner.py[pid:20400;line:104:_train_model] - INFO: [ Epoch 98 (train) ]: train loglike is 0.8949371647890667, num_events is 33274, mark_ll is -1.4809701209559265, time_ll is 2.3759073316029875[0m
[38;20m2026-09-28 09:04:17,462 - tpp_runner.py[pid:20400;line:116:_train_model] - INFO: [ Epoch 98 (valid) ]:  valid loglike is 0.6234719509214867, num_events is 9144, mark_ll is -1.5253522978054257, time_ll is 2.1488244030836476[0m
[38;20m2026-09-28 09:04:17,555 - tpp_runner.py[pid:20400;line:136:_train_model] - INFO: [ Epoch 98 (test) ]: test loglike is 0.8532529014927821, num_events is 14478, mark_ll is -1.588390440452756, time_ll is 2.4416434093970163[0m
[31;1m2026-09-28 09:04:17,555 - tpp_runner.py[pid:20400;line:140:_train_model] - CRITICAL: current best loglike on valid set is 0.6445 (updated at epoch-96)[0m
[38;20m2026-09-28 09:04:19,639 - tpp_runner.py[pid:20400;line:104:_train_model] - INFO: [ Epoch 99 (train) ]: train loglike is 0.8995864170205388, num_events is 33274, mark_ll is -1.4809739932049752, time_ll is 2.3805603808763975[0m
[38;20m2026-09-28 09:04:19,730 - tpp_runner.py[pid:20400;line:116:_train_model] - INFO: [ Epoch 99 (valid) ]:  valid loglike is 0.6317892650293866, num_events is 9144, mark_ll is -1.5253528851953808, time_ll is 2.1571423120907496[0m
[38;20m2026-09-28 09:04:19,831 - tpp_runner.py[pid:20400;line:136:_train_model] - INFO: [ Epoch 99 (test) ]: test loglike is 0.8373288216388659, num_events is 14478, mark_ll is -1.5883910475160588, time_ll is 2.425719869154925[0m
[31;1m2026-09-28 09:04:19,831 - tpp_runner.py[pid:20400;line:140:_train_model] - CRITICAL: current best loglike on valid set is 0.6445 (updated at epoch-96)[0m
[38;20m2026-09-28 09:04:19,831 - base_runner.py[pid:20400;line:118:train] - INFO: End NHP train! Cost time: 3.664m[0m
RESULT {"model": "NHP", "dataset": "lob_amzn", "seed": 2019, "ll_per_event": 0.8423423213776937, "mark_ll": -1.588373105422883, "time_ll": 2.430715527977794, "val_ll": 0.6444787478509537, "best_epoch": 96, "n_params": 231948, "seconds": 220.52391624450684, "max_epoch": 100, "batch_size": 64}
