
=== Mon Sep 28 09:38:03 2026 attempt 1: D:\Quant\.venv\Scripts\python.exe -u -m infodiff.baselines.easytpp_runner RMTPP lob_goog 6 2019 100 64
[31;1m2026-09-28 09:38:04,608 - config.py[pid:27084;line:33:build_from_yaml_file] - CRITICAL: Load pipeline config class RunnerConfig[0m
[31;1m2026-09-28 09:38:04,639 - runner_config.py[pid:27084;line:205:update_config] - CRITICAL: train model RMTPP using GPU with torch backend[0m
[38;20m2026-09-28 09:38:04,641 - runner_config.py[pid:27084;line:45:__init__] - INFO: Save the config to D:\Quant\results\easytpp\checkpoints/lob_goog/RMTPP/train_2026_09_28_09_38_04\RMTPP_train_output.yaml[0m
[38;20m2026-09-28 09:38:04,643 - base_runner.py[pid:27084;line:193:save_log] - INFO: Save the log to D:\Quant\results\easytpp\checkpoints/lob_goog/RMTPP/train_2026_09_28_09_38_04\log[0m
0.4950103427465081 1.5277294467620006
min_dt: 7.275957614183426e-12
max_dt: 36.42092722700181
[38;20m2026-09-28 09:38:08,724 - tpp_runner.py[pid:27084;line:62:_init_model] - INFO: Num of model parameters 34962[0m
[38;20m2026-09-28 09:38:09,433 - base_runner.py[pid:27084;line:103:train] - INFO: Data 'lob_goog' loaded...[0m
[38;20m2026-09-28 09:38:09,433 - base_runner.py[pid:27084;line:108:train] - INFO: Start RMTPP training...[0m
[38;20m2026-09-28 09:38:09,769 - tpp_runner.py[pid:27084;line:104:_train_model] - INFO: [ Epoch 0 (train) ]: train loglike is -2469.3721993557624, num_events is 27940, mark_ll is -2.3209527531093412, time_ll is -2467.051377952756[0m
[38;20m2026-09-28 09:38:09,780 - tpp_runner.py[pid:27084;line:116:_train_model] - INFO: [ Epoch 0 (valid) ]:  valid loglike is -991.1906273812548, num_events is 7874, mark_ll is -2.8354592646685295, time_ll is -988.3549657099314[0m
[38;20m2026-09-28 09:38:09,798 - tpp_runner.py[pid:27084;line:136:_train_model] - INFO: [ Epoch 0 (test) ]: test loglike is -86.21129405244247, num_events is 13081, mark_ll is -2.555016803355057, time_ll is -83.65626672272762[0m
[31;1m2026-09-28 09:38:09,798 - tpp_runner.py[pid:27084;line:140:_train_model] - CRITICAL: current best loglike on valid set is -991.1906 (updated at epoch-0), best updated at this epoch[0m
[38;20m2026-09-28 09:38:09,861 - tpp_runner.py[pid:27084;line:104:_train_model] - INFO: [ Epoch 1 (train) ]: train loglike is -535.6382324568272, num_events is 27940, mark_ll is -2.9379515116096995, time_ll is -532.7002545214075[0m
[38;20m2026-09-28 09:38:09,885 - tpp_runner.py[pid:27084;line:116:_train_model] - INFO: [ Epoch 1 (valid) ]:  valid loglike is -494.84661544323086, num_events is 7874, mark_ll is -4.001174256254762, time_ll is -490.8454406908814[0m
[38;20m2026-09-28 09:38:09,893 - tpp_runner.py[pid:27084;line:136:_train_model] - INFO: [ Epoch 1 (test) ]: test loglike is -14.858553197385522, num_events is 13081, mark_ll is -4.045996310249599, time_ll is -10.812554946105038[0m
[31;1m2026-09-28 09:38:09,893 - tpp_runner.py[pid:27084;line:140:_train_model] - CRITICAL: current best loglike on valid set is -494.8466 (updated at epoch-1), best updated at this epoch[0m
[38;20m2026-09-28 09:38:09,974 - tpp_runner.py[pid:27084;line:104:_train_model] - INFO: [ Epoch 2 (train) ]: train loglike is -146.32778358759842, num_events is 27940, mark_ll is -4.1660390429268075, time_ll is -142.16173668044246[0m
[38;20m2026-09-28 09:38:09,988 - tpp_runner.py[pid:27084;line:116:_train_model] - INFO: [ Epoch 2 (valid) ]:  valid loglike is -172.93375349250698, num_events is 7874, mark_ll is -4.571534877444755, time_ll is -168.36223647447295[0m
[38;20m2026-09-28 09:38:10,004 - tpp_runner.py[pid:27084;line:136:_train_model] - INFO: [ Epoch 2 (test) ]: test loglike is -4.159565728680911, num_events is 13081, mark_ll is -4.30952350379367, time_ll is 0.14995771912148345[0m
[31;1m2026-09-28 09:38:10,004 - tpp_runner.py[pid:27084;line:140:_train_model] - CRITICAL: current best loglike on valid set is -172.9338 (updated at epoch-2), best updated at this epoch[0m
[38;20m2026-09-28 09:38:10,078 - tpp_runner.py[pid:27084;line:104:_train_model] - INFO: [ Epoch 3 (train) ]: train loglike is -89.5737255055476, num_events is 27940, mark_ll is -4.501191378288296, time_ll is -85.07251848618132[0m
[38;20m2026-09-28 09:38:10,085 - tpp_runner.py[pid:27084;line:116:_train_model] - INFO: [ Epoch 3 (valid) ]:  valid loglike is -95.62553181356363, num_events is 7874, mark_ll is -4.508302145510541, time_ll is -91.11722917195834[0m
[38;20m2026-09-28 09:38:10,099 - tpp_runner.py[pid:27084;line:136:_train_model] - INFO: [ Epoch 3 (test) ]: test loglike is -3.999213434561578, num_events is 13081, mark_ll is -3.894837783569681, time_ll is -0.10437582363166281[0m
[31;1m2026-09-28 09:38:10,099 - tpp_runner.py[pid:27084;line:140:_train_model] - CRITICAL: current best loglike on valid set is -95.6255 (updated at epoch-3), best updated at this epoch[0m
[38;20m2026-09-28 09:38:10,181 - tpp_runner.py[pid:27084;line:104:_train_model] - INFO: [ Epoch 4 (train) ]: train loglike is -77.99972569568719, num_events is 27940, mark_ll is -4.098319501610594, time_ll is -73.9013977793514[0m
[38;20m2026-09-28 09:38:10,193 - tpp_runner.py[pid:27084;line:116:_train_model] - INFO: [ Epoch 4 (valid) ]:  valid loglike is -161.36188722377446, num_events is 7874, mark_ll is -4.1075548283909065, time_ll is -157.25430213360426[0m
[38;20m2026-09-28 09:38:10,212 - tpp_runner.py[pid:27084;line:136:_train_model] - INFO: [ Epoch 4 (test) ]: test loglike is -3.8301826420476264, num_events is 13081, mark_ll is -3.882846990625717, time_ll is 0.05266438590560737[0m
[31;1m2026-09-28 09:38:10,212 - tpp_runner.py[pid:27084;line:140:_train_model] - CRITICAL: current best loglike on valid set is -95.6255 (updated at epoch-3)[0m
[38;20m2026-09-28 09:38:10,283 - tpp_runner.py[pid:27084;line:104:_train_model] - INFO: [ Epoch 5 (train) ]: train loglike is -136.49741158509306, num_events is 27940, mark_ll is -3.7013901160969938, time_ll is -132.79603217308573[0m
[38;20m2026-09-28 09:38:10,297 - tpp_runner.py[pid:27084;line:116:_train_model] - INFO: [ Epoch 5 (valid) ]:  valid loglike is -146.0898050546101, num_events is 7874, mark_ll is -3.792144240538481, time_ll is -142.2976568453137[0m
[38;20m2026-09-28 09:38:10,328 - tpp_runner.py[pid:27084;line:136:_train_model] - INFO: [ Epoch 5 (test) ]: test loglike is -3.305286830613103, num_events is 13081, mark_ll is -3.571269278915985, time_ll is 0.2659823643159688[0m
[31;1m2026-09-28 09:38:10,328 - tpp_runner.py[pid:27084;line:140:_train_model] - CRITICAL: current best loglike on valid set is -95.6255 (updated at epoch-3)[0m
[38;20m2026-09-28 09:38:10,396 - tpp_runner.py[pid:27084;line:104:_train_model] - INFO: [ Epoch 6 (train) ]: train loglike is -76.05201834567376, num_events is 27940, mark_ll is -3.3730605412826593, time_ll is -72.67895949956939[0m
[38;20m2026-09-28 09:38:10,408 - tpp_runner.py[pid:27084;line:116:_train_model] - INFO: [ Epoch 6 (valid) ]:  valid loglike is -135.99025273050546, num_events is 7874, mark_ll is -3.547332895447041, time_ll is -132.44291338582678[0m
[38;20m2026-09-28 09:38:10,431 - tpp_runner.py[pid:27084;line:136:_train_model] - INFO: [ Epoch 6 (test) ]: test loglike is -3.153718447796422, num_events is 13081, mark_ll is -3.184918727543766, time_ll is 0.031200167764792446[0m
[31;1m2026-09-28 09:38:10,431 - tpp_runner.py[pid:27084;line:140:_train_model] - CRITICAL: current best loglike on valid set is -95.6255 (updated at epoch-3)[0m
[38;20m2026-09-28 09:38:10,493 - tpp_runner.py[pid:27084;line:104:_train_model] - INFO: [ Epoch 7 (train) ]: train loglike is -110.88338753243558, num_events is 27940, mark_ll is -3.0547608295678237, time_ll is -107.82861565799482[0m
[38;20m2026-09-28 09:38:10,509 - tpp_runner.py[pid:27084;line:116:_train_model] - INFO: [ Epoch 7 (valid) ]:  valid loglike is -21.44465963931928, num_events is 7874, mark_ll is -3.3453610676752605, time_ll is -18.099298323596646[0m
[38;20m2026-09-28 09:38:10,534 - tpp_runner.py[pid:27084;line:136:_train_model] - INFO: [ Epoch 7 (test) ]: test loglike is -2.905857015900925, num_events is 13081, mark_ll is -3.2196222694174756, time_ll is 0.3137653095078262[0m
[31;1m2026-09-28 09:38:10,534 - tpp_runner.py[pid:27084;line:140:_train_model] - CRITICAL: current best loglike on valid set is -21.4447 (updated at epoch-7), best updated at this epoch[0m
[38;20m2026-09-28 09:38:10,589 - tpp_runner.py[pid:27084;line:104:_train_model] - INFO: [ Epoch 8 (train) ]: train loglike is -51.72355291193182, num_events is 27940, mark_ll is -3.0227439448930746, time_ll is -48.700813838491804[0m
[38;20m2026-09-28 09:38:10,603 - tpp_runner.py[pid:27084;line:116:_train_model] - INFO: [ Epoch 8 (valid) ]:  valid loglike is -27.838249301498603, num_events is 7874, mark_ll is -3.2224054741078234, time_ll is -24.615840106680213[0m
[38;20m2026-09-28 09:38:10,619 - tpp_runner.py[pid:27084;line:136:_train_model] - INFO: [ Epoch 8 (test) ]: test loglike is -2.859108182908417, num_events is 13081, mark_ll is -3.0041290206215123, time_ll is 0.14502091236812933[0m
[31;1m2026-09-28 09:38:10,619 - tpp_runner.py[pid:27084;line:140:_train_model] - CRITICAL: current best loglike on valid set is -21.4447 (updated at epoch-7)[0m
[38;20m2026-09-28 09:38:10,699 - tpp_runner.py[pid:27084;line:104:_train_model] - INFO: [ Epoch 9 (train) ]: train loglike is -41.602666847485686, num_events is 27940, mark_ll is -2.9112060022593056, time_ll is -38.69145628615798[0m
[38;20m2026-09-28 09:38:10,699 - tpp_runner.py[pid:27084;line:116:_train_model] - INFO: [ Epoch 9 (valid) ]:  valid loglike is -16.948146193167386, num_events is 7874, mark_ll is -3.2733422498094997, time_ll is -13.674805927736855[0m
[38;20m2026-09-28 09:38:10,735 - tpp_runner.py[pid:27084;line:136:_train_model] - INFO: [ Epoch 9 (test) ]: test loglike is -2.593595314769513, num_events is 13081, mark_ll is -2.9536702803684736, time_ll is 0.3600748676142282[0m
[31;1m2026-09-28 09:38:10,735 - tpp_runner.py[pid:27084;line:140:_train_model] - CRITICAL: current best loglike on valid set is -16.9481 (updated at epoch-9), best updated at this epoch[0m
[38;20m2026-09-28 09:38:10,805 - tpp_runner.py[pid:27084;line:104:_train_model] - INFO: [ Epoch 10 (train) ]: train loglike is -57.31972383623389, num_events is 27940, mark_ll is -2.9024829293799215, time_ll is -54.41723600044879[0m
[38;20m2026-09-28 09:38:10,816 - tpp_runner.py[pid:27084;line:116:_train_model] - INFO: [ Epoch 10 (valid) ]:  valid loglike is -14.626371205867411, num_events is 7874, mark_ll is -3.038420801450978, time_ll is -11.58794966027432[0m
[38;20m2026-09-28 09:38:10,838 - tpp_runner.py[pid:27084;line:136:_train_model] - INFO: [ Epoch 10 (test) ]: test loglike is -2.6234534463152666, num_events is 13081, mark_ll is -2.9628691243502026, time_ll is 0.3394156640371173[0m
[31;1m2026-09-28 09:38:10,838 - tpp_runner.py[pid:27084;line:140:_train_model] - CRITICAL: current best loglike on valid set is -14.6264 (updated at epoch-10), best updated at this epoch[0m
[38;20m2026-09-28 09:38:10,909 - tpp_runner.py[pid:27084;line:104:_train_model] - INFO: [ Epoch 11 (train) ]: train loglike is -48.33018794459109, num_events is 27940, mark_ll is -2.724825588873479, time_ll is -45.60536148191437[0m
[38;20m2026-09-28 09:38:10,923 - tpp_runner.py[pid:27084;line:116:_train_model] - INFO: [ Epoch 11 (valid) ]:  valid loglike is -31.456732600965204, num_events is 7874, mark_ll is -2.7021134628206758, time_ll is -28.754621618618238[0m
[38;20m2026-09-28 09:38:10,940 - tpp_runner.py[pid:27084;line:136:_train_model] - INFO: [ Epoch 11 (test) ]: test loglike is -2.3764668221084015, num_events is 13081, mark_ll is -2.6528931363953445, time_ll is 0.27642618364063337[0m
[31;1m2026-09-28 09:38:10,940 - tpp_runner.py[pid:27084;line:140:_train_model] - CRITICAL: current best loglike on valid set is -14.6264 (updated at epoch-10)[0m
[38;20m2026-09-28 09:38:11,010 - tpp_runner.py[pid:27084;line:104:_train_model] - INFO: [ Epoch 12 (train) ]: train loglike is -37.577124670051894, num_events is 27940, mark_ll is -2.4764763430006265, time_ll is -35.1006510052582[0m
[38;20m2026-09-28 09:38:11,022 - tpp_runner.py[pid:27084;line:116:_train_model] - INFO: [ Epoch 12 (valid) ]:  valid loglike is -12.056354378333756, num_events is 7874, mark_ll is -2.716802828136906, time_ll is -9.339552046291592[0m
[38;20m2026-09-28 09:38:11,044 - tpp_runner.py[pid:27084;line:136:_train_model] - INFO: [ Epoch 12 (test) ]: test loglike is -2.1548667915296997, num_events is 13081, mark_ll is -2.5018839944384985, time_ll is 0.34701727756383305[0m
[31;1m2026-09-28 09:38:11,044 - tpp_runner.py[pid:27084;line:140:_train_model] - CRITICAL: current best loglike on valid set is -12.0564 (updated at epoch-12), best updated at this epoch[0m
[38;20m2026-09-28 09:38:11,109 - tpp_runner.py[pid:27084;line:104:_train_model] - INFO: [ Epoch 13 (train) ]: train loglike is -26.920901792904438, num_events is 27940, mark_ll is -2.376232621801181, time_ll is -24.544665678074807[0m
[38;20m2026-09-28 09:38:11,126 - tpp_runner.py[pid:27084;line:116:_train_model] - INFO: [ Epoch 13 (valid) ]:  valid loglike is -4.983083665386081, num_events is 7874, mark_ll is -2.518231977870206, time_ll is -2.4648516875158752[0m
[38;20m2026-09-28 09:38:11,147 - tpp_runner.py[pid:27084;line:136:_train_model] - INFO: [ Epoch 13 (test) ]: test loglike is -2.252615016531611, num_events is 13081, mark_ll is -2.4695537360962465, time_ll is 0.21693878722076032[0m
[31;1m2026-09-28 09:38:11,147 - tpp_runner.py[pid:27084;line:140:_train_model] - CRITICAL: current best loglike on valid set is -4.9831 (updated at epoch-13), best updated at this epoch[0m
[38;20m2026-09-28 09:38:11,218 - tpp_runner.py[pid:27084;line:104:_train_model] - INFO: [ Epoch 14 (train) ]: train loglike is -20.0302759191012, num_events is 27940, mark_ll is -2.333887208079814, time_ll is -17.69638923530333[0m
[38;20m2026-09-28 09:38:11,220 - tpp_runner.py[pid:27084;line:116:_train_model] - INFO: [ Epoch 14 (valid) ]:  valid loglike is -7.783810841059182, num_events is 7874, mark_ll is -2.676941119507239, time_ll is -5.106869225457201[0m
[38;20m2026-09-28 09:38:11,242 - tpp_runner.py[pid:27084;line:136:_train_model] - INFO: [ Epoch 14 (test) ]: test loglike is -2.0723385629682363, num_events is 13081, mark_ll is -2.545174656945188, time_ll is 0.4728361593001061[0m
[31;1m2026-09-28 09:38:11,242 - tpp_runner.py[pid:27084;line:140:_train_model] - CRITICAL: current best loglike on valid set is -4.9831 (updated at epoch-13)[0m
[38;20m2026-09-28 09:38:11,321 - tpp_runner.py[pid:27084;line:104:_train_model] - INFO: [ Epoch 15 (train) ]: train loglike is -3.4755151244855047, num_events is 27940, mark_ll is -2.347835134999105, time_ll is -1.1276801205568854[0m
[38;20m2026-09-28 09:38:11,331 - tpp_runner.py[pid:27084;line:116:_train_model] - INFO: [ Epoch 15 (valid) ]:  valid loglike is -3.806344208391542, num_events is 7874, mark_ll is -2.4207190992506984, time_ll is -1.3856251091408434[0m
[38;20m2026-09-28 09:38:11,353 - tpp_runner.py[pid:27084;line:136:_train_model] - INFO: [ Epoch 15 (test) ]: test loglike is -2.1215715422177204, num_events is 13081, mark_ll is -2.30233646366868, time_ll is 0.1807649541125368[0m
[31;1m2026-09-28 09:38:11,353 - tpp_runner.py[pid:27084;line:140:_train_model] - CRITICAL: current best loglike on valid set is -3.8063 (updated at epoch-15), best updated at this epoch[0m
[38;20m2026-09-28 09:38:11,421 - tpp_runner.py[pid:27084;line:104:_train_model] - INFO: [ Epoch 16 (train) ]: train loglike is -3.4307134149069434, num_events is 27940, mark_ll is -2.1699837053171978, time_ll is -1.260730025251166[0m
[38;20m2026-09-28 09:38:11,434 - tpp_runner.py[pid:27084;line:116:_train_model] - INFO: [ Epoch 16 (valid) ]:  valid loglike is -3.9365946270955043, num_events is 7874, mark_ll is -2.373567774479299, time_ll is -1.5630267285925197[0m
[38;20m2026-09-28 09:38:11,451 - tpp_runner.py[pid:27084;line:136:_train_model] - INFO: [ Epoch 16 (test) ]: test loglike is -1.9734395306169252, num_events is 13081, mark_ll is -2.3780915396137527, time_ll is 0.4046518876823972[0m
[31;1m2026-09-28 09:38:11,451 - tpp_runner.py[pid:27084;line:140:_train_model] - CRITICAL: current best loglike on valid set is -3.8063 (updated at epoch-15)[0m
[38;20m2026-09-28 09:38:11,519 - tpp_runner.py[pid:27084;line:104:_train_model] - INFO: [ Epoch 17 (train) ]: train loglike is -2.666647489598246, num_events is 27940, mark_ll is -2.116192762392627, time_ll is -0.550454543706939[0m
[38;20m2026-09-28 09:38:11,531 - tpp_runner.py[pid:27084;line:116:_train_model] - INFO: [ Epoch 17 (valid) ]:  valid loglike is -3.181551575993777, num_events is 7874, mark_ll is -2.2683701402559056, time_ll is -0.913181559761557[0m
[38;20m2026-09-28 09:38:11,553 - tpp_runner.py[pid:27084;line:136:_train_model] - INFO: [ Epoch 17 (test) ]: test loglike is -1.7402200785609854, num_events is 13081, mark_ll is -2.182756419138445, time_ll is 0.4425363219137012[0m
[31;1m2026-09-28 09:38:11,553 - tpp_runner.py[pid:27084;line:140:_train_model] - CRITICAL: current best loglike on valid set is -3.1816 (updated at epoch-17), best updated at this epoch[0m
[38;20m2026-09-28 09:38:11,621 - tpp_runner.py[pid:27084;line:104:_train_model] - INFO: [ Epoch 18 (train) ]: train loglike is -2.299673092732194, num_events is 27940, mark_ll is -2.0698728546382874, time_ll is -0.22980025556997136[0m
[38;20m2026-09-28 09:38:11,634 - tpp_runner.py[pid:27084;line:116:_train_model] - INFO: [ Epoch 18 (valid) ]:  valid loglike is -2.7274435642621286, num_events is 7874, mark_ll is -2.231945376000127, time_ll is -0.4954980952442374[0m
[38;20m2026-09-28 09:38:11,658 - tpp_runner.py[pid:27084;line:136:_train_model] - INFO: [ Epoch 18 (test) ]: test loglike is -1.7610084820063452, num_events is 13081, mark_ll is -2.127969702598234, time_ll is 0.3669613605700778[0m
[31;1m2026-09-28 09:38:11,658 - tpp_runner.py[pid:27084;line:140:_train_model] - CRITICAL: current best loglike on valid set is -2.7274 (updated at epoch-18), best updated at this epoch[0m
[38;20m2026-09-28 09:38:11,741 - tpp_runner.py[pid:27084;line:104:_train_model] - INFO: [ Epoch 19 (train) ]: train loglike is -1.9386933006554223, num_events is 27940, mark_ll is -2.0602586597396204, time_ll is 0.12156539403632785[0m
[38;20m2026-09-28 09:38:11,752 - tpp_runner.py[pid:27084;line:116:_train_model] - INFO: [ Epoch 19 (valid) ]:  valid loglike is -2.436128794132588, num_events is 7874, mark_ll is -2.240575688182626, time_ll is -0.1955530749440405[0m
[38;20m2026-09-28 09:38:11,774 - tpp_runner.py[pid:27084;line:136:_train_model] - INFO: [ Epoch 19 (test) ]: test loglike is -1.772512598783541, num_events is 13081, mark_ll is -2.2614434968895725, time_ll is 0.4889308141191184[0m
[31;1m2026-09-28 09:38:11,774 - tpp_runner.py[pid:27084;line:140:_train_model] - CRITICAL: current best loglike on valid set is -2.4361 (updated at epoch-19), best updated at this epoch[0m
[38;20m2026-09-28 09:38:11,833 - tpp_runner.py[pid:27084;line:104:_train_model] - INFO: [ Epoch 20 (train) ]: train loglike is -1.8816635535969937, num_events is 27940, mark_ll is -2.004098207095562, time_ll is 0.12243464476053598[0m
[38;20m2026-09-28 09:38:11,849 - tpp_runner.py[pid:27084;line:116:_train_model] - INFO: [ Epoch 20 (valid) ]:  valid loglike is -2.27662093996063, num_events is 7874, mark_ll is -2.0265136594726316, time_ll is -0.25010752853536955[0m
[38;20m2026-09-28 09:38:11,865 - tpp_runner.py[pid:27084;line:136:_train_model] - INFO: [ Epoch 20 (test) ]: test loglike is -1.5139191324726702, num_events is 13081, mark_ll is -1.9102889866504855, time_ll is 0.39636989150533214[0m
[31;1m2026-09-28 09:38:11,865 - tpp_runner.py[pid:27084;line:140:_train_model] - CRITICAL: current best loglike on valid set is -2.2766 (updated at epoch-20), best updated at this epoch[0m
[38;20m2026-09-28 09:38:11,950 - tpp_runner.py[pid:27084;line:104:_train_model] - INFO: [ Epoch 21 (train) ]: train loglike is -1.8382527989665354, num_events is 27940, mark_ll is -1.8687837987092877, time_ll is 0.030530973528655154[0m
[38;20m2026-09-28 09:38:11,959 - tpp_runner.py[pid:27084;line:116:_train_model] - INFO: [ Epoch 21 (valid) ]:  valid loglike is -2.25232023510922, num_events is 7874, mark_ll is -2.037250762001524, time_ll is -0.215069535119539[0m
[38;20m2026-09-28 09:38:11,975 - tpp_runner.py[pid:27084;line:136:_train_model] - INFO: [ Epoch 21 (test) ]: test loglike is -1.5580315975938384, num_events is 13081, mark_ll is -2.0370453209808117, time_ll is 0.47901377004636975[0m
[31;1m2026-09-28 09:38:11,975 - tpp_runner.py[pid:27084;line:140:_train_model] - CRITICAL: current best loglike on valid set is -2.2523 (updated at epoch-21), best updated at this epoch[0m
[38;20m2026-09-28 09:38:12,050 - tpp_runner.py[pid:27084;line:104:_train_model] - INFO: [ Epoch 22 (train) ]: train loglike is -1.59184530117551, num_events is 27940, mark_ll is -1.8981170938282927, time_ll is 0.30627186692605807[0m
[38;20m2026-09-28 09:38:12,063 - tpp_runner.py[pid:27084;line:116:_train_model] - INFO: [ Epoch 22 (valid) ]:  valid loglike is -2.080772161544323, num_events is 7874, mark_ll is -2.001359299593599, time_ll is -0.0794128619507239[0m
[38;20m2026-09-28 09:38:12,084 - tpp_runner.py[pid:27084;line:136:_train_model] - INFO: [ Epoch 22 (test) ]: test loglike is -1.4943809395545065, num_events is 13081, mark_ll is -1.896012181909831, time_ll is 0.4016311303727735[0m
[31;1m2026-09-28 09:38:12,084 - tpp_runner.py[pid:27084;line:140:_train_model] - CRITICAL: current best loglike on valid set is -2.0808 (updated at epoch-22), best updated at this epoch[0m
[38;20m2026-09-28 09:38:12,155 - tpp_runner.py[pid:27084;line:104:_train_model] - INFO: [ Epoch 23 (train) ]: train loglike is -1.567764559659091, num_events is 27940, mark_ll is -1.875269026541249, time_ll is 0.3075044008007882[0m
[38;20m2026-09-28 09:38:12,167 - tpp_runner.py[pid:27084;line:116:_train_model] - INFO: [ Epoch 23 (valid) ]:  valid loglike is -2.0219251551784354, num_events is 7874, mark_ll is -2.004576225949327, time_ll is -0.01734896411077002[0m
[38;20m2026-09-28 09:38:12,189 - tpp_runner.py[pid:27084;line:136:_train_model] - INFO: [ Epoch 23 (test) ]: test loglike is -1.4857216275036311, num_events is 13081, mark_ll is -1.999249194322873, time_ll is 0.5135275854830001[0m
[31;1m2026-09-28 09:38:12,189 - tpp_runner.py[pid:27084;line:140:_train_model] - CRITICAL: current best loglike on valid set is -2.0219 (updated at epoch-23), best updated at this epoch[0m
[38;20m2026-09-28 09:38:12,260 - tpp_runner.py[pid:27084;line:104:_train_model] - INFO: [ Epoch 24 (train) ]: train loglike is -1.488468383701682, num_events is 27940, mark_ll is -1.8701964589298496, time_ll is 0.3817280391837839[0m
[38;20m2026-09-28 09:38:12,274 - tpp_runner.py[pid:27084;line:116:_train_model] - INFO: [ Epoch 24 (valid) ]:  valid loglike is -1.981107471980569, num_events is 7874, mark_ll is -1.9377709917529211, time_ll is -0.04333654999097108[0m
[38;20m2026-09-28 09:38:12,290 - tpp_runner.py[pid:27084;line:136:_train_model] - INFO: [ Epoch 24 (test) ]: test loglike is -1.4038265109581645, num_events is 13081, mark_ll is -1.8663003742307545, time_ll is 0.4624738539407108[0m
[31;1m2026-09-28 09:38:12,290 - tpp_runner.py[pid:27084;line:140:_train_model] - CRITICAL: current best loglike on valid set is -1.9811 (updated at epoch-24), best updated at this epoch[0m
[38;20m2026-09-28 09:38:12,368 - tpp_runner.py[pid:27084;line:104:_train_model] - INFO: [ Epoch 25 (train) ]: train loglike is -1.4424819192633769, num_events is 27940, mark_ll is -1.8038257901977452, time_ll is 0.3613438687498602[0m
[38;20m2026-09-28 09:38:12,369 - tpp_runner.py[pid:27084;line:116:_train_model] - INFO: [ Epoch 25 (valid) ]:  valid loglike is -1.912232406496063, num_events is 7874, mark_ll is -1.917206748475997, time_ll is 0.004974411743257081[0m
[38;20m2026-09-28 09:38:12,391 - tpp_runner.py[pid:27084;line:136:_train_model] - INFO: [ Epoch 25 (test) ]: test loglike is -1.42830615790555, num_events is 13081, mark_ll is -1.9257882675731979, time_ll is 0.4974822776414743[0m
[31;1m2026-09-28 09:38:12,391 - tpp_runner.py[pid:27084;line:140:_train_model] - CRITICAL: current best loglike on valid set is -1.9122 (updated at epoch-25), best updated at this epoch[0m
[38;20m2026-09-28 09:38:12,464 - tpp_runner.py[pid:27084;line:104:_train_model] - INFO: [ Epoch 26 (train) ]: train loglike is -1.4053306541360953, num_events is 27940, mark_ll is -1.8198151661484432, time_ll is 0.41448455133349366[0m
[38;20m2026-09-28 09:38:12,464 - tpp_runner.py[pid:27084;line:116:_train_model] - INFO: [ Epoch 26 (valid) ]:  valid loglike is -1.9132985140970282, num_events is 7874, mark_ll is -1.954907468408687, time_ll is 0.04160882253649273[0m
[38;20m2026-09-28 09:38:12,498 - tpp_runner.py[pid:27084;line:136:_train_model] - INFO: [ Epoch 26 (test) ]: test loglike is -1.3711966246368779, num_events is 13081, mark_ll is -1.88559877517965, time_ll is 0.5144022438615645[0m
[31;1m2026-09-28 09:38:12,498 - tpp_runner.py[pid:27084;line:140:_train_model] - CRITICAL: current best loglike on valid set is -1.9122 (updated at epoch-25)[0m
[38;20m2026-09-28 09:38:12,569 - tpp_runner.py[pid:27084;line:104:_train_model] - INFO: [ Epoch 27 (train) ]: train loglike is -1.3780750708829188, num_events is 27940, mark_ll is -1.8173813445105584, time_ll is 0.439306350085423[0m
[38;20m2026-09-28 09:38:12,582 - tpp_runner.py[pid:27084;line:116:_train_model] - INFO: [ Epoch 27 (valid) ]:  valid loglike is -1.8585348635541021, num_events is 7874, mark_ll is -1.9186448031099188, time_ll is 0.06010996281025765[0m
[38;20m2026-09-28 09:38:12,601 - tpp_runner.py[pid:27084;line:136:_train_model] - INFO: [ Epoch 27 (test) ]: test loglike is -1.4088440384670515, num_events is 13081, mark_ll is -1.9090389627608746, time_ll is 0.5001949616213401[0m
[31;1m2026-09-28 09:38:12,601 - tpp_runner.py[pid:27084;line:140:_train_model] - CRITICAL: current best loglike on valid set is -1.8585 (updated at epoch-27), best updated at this epoch[0m
[38;20m2026-09-28 09:38:12,675 - tpp_runner.py[pid:27084;line:104:_train_model] - INFO: [ Epoch 28 (train) ]: train loglike is -1.3638584319915443, num_events is 27940, mark_ll is -1.810631633914191, time_ll is 0.44677320192264675[0m
[38;20m2026-09-28 09:38:12,686 - tpp_runner.py[pid:27084;line:116:_train_model] - INFO: [ Epoch 28 (valid) ]:  valid loglike is -1.876013273510922, num_events is 7874, mark_ll is -1.917916412004699, time_ll is 0.041903285771903574[0m
[38;20m2026-09-28 09:38:12,709 - tpp_runner.py[pid:27084;line:136:_train_model] - INFO: [ Epoch 28 (test) ]: test loglike is -1.320161286228595, num_events is 13081, mark_ll is -1.8363316785796193, time_ll is 0.5161703736872659[0m
[31;1m2026-09-28 09:38:12,709 - tpp_runner.py[pid:27084;line:140:_train_model] - CRITICAL: current best loglike on valid set is -1.8585 (updated at epoch-27)[0m
[38;20m2026-09-28 09:38:12,781 - tpp_runner.py[pid:27084;line:104:_train_model] - INFO: [ Epoch 29 (train) ]: train loglike is -1.3326060727227989, num_events is 27940, mark_ll is -1.7776002636788655, time_ll is 0.44499420624762326[0m
[38;20m2026-09-28 09:38:12,790 - tpp_runner.py[pid:27084;line:116:_train_model] - INFO: [ Epoch 29 (valid) ]:  valid loglike is -1.8407657420783592, num_events is 7874, mark_ll is -1.8899174448739522, time_ll is 0.049151795813357255[0m
[38;20m2026-09-28 09:38:12,813 - tpp_runner.py[pid:27084;line:136:_train_model] - INFO: [ Epoch 29 (test) ]: test loglike is -1.3106907725780712, num_events is 13081, mark_ll is -1.833857461442168, time_ll is 0.5231667635191308[0m
[31;1m2026-09-28 09:38:12,813 - tpp_runner.py[pid:27084;line:140:_train_model] - CRITICAL: current best loglike on valid set is -1.8408 (updated at epoch-29), best updated at this epoch[0m
[38;20m2026-09-28 09:38:12,884 - tpp_runner.py[pid:27084;line:104:_train_model] - INFO: [ Epoch 30 (train) ]: train loglike is -1.3186264791741231, num_events is 27940, mark_ll is -1.7878462357954545, time_ll is 0.46921975006780714[0m
[38;20m2026-09-28 09:38:12,897 - tpp_runner.py[pid:27084;line:116:_train_model] - INFO: [ Epoch 30 (valid) ]:  valid loglike is -1.819095331550038, num_events is 7874, mark_ll is -1.901521721012192, time_ll is 0.08242628094142906[0m
[38;20m2026-09-28 09:38:12,913 - tpp_runner.py[pid:27084;line:136:_train_model] - INFO: [ Epoch 30 (test) ]: test loglike is -1.3396290047946449, num_events is 13081, mark_ll is -1.8669856327880132, time_ll is 0.5273566839846437[0m
[31;1m2026-09-28 09:38:12,913 - tpp_runner.py[pid:27084;line:140:_train_model] - CRITICAL: current best loglike on valid set is -1.8191 (updated at epoch-30), best updated at this epoch[0m
[38;20m2026-09-28 09:38:12,993 - tpp_runner.py[pid:27084;line:104:_train_model] - INFO: [ Epoch 31 (train) ]: train loglike is -1.3232571994396474, num_events is 27940, mark_ll is -1.7965866449311023, time_ll is 0.4733295230414924[0m
[38;20m2026-09-28 09:38:13,006 - tpp_runner.py[pid:27084;line:116:_train_model] - INFO: [ Epoch 31 (valid) ]:  valid loglike is -1.796505409417069, num_events is 7874, mark_ll is -1.8766359964360553, time_ll is 0.08013061027342758[0m
[38;20m2026-09-28 09:38:13,026 - tpp_runner.py[pid:27084;line:136:_train_model] - INFO: [ Epoch 31 (test) ]: test loglike is -1.3219769339834493, num_events is 13081, mark_ll is -1.8532669490816833, time_ll is 0.5312899404432001[0m
[31;1m2026-09-28 09:38:13,026 - tpp_runner.py[pid:27084;line:140:_train_model] - CRITICAL: current best loglike on valid set is -1.7965 (updated at epoch-31), best updated at this epoch[0m
[38;20m2026-09-28 09:38:13,097 - tpp_runner.py[pid:27084;line:104:_train_model] - INFO: [ Epoch 32 (train) ]: train loglike is -1.2961166174307668, num_events is 27940, mark_ll is -1.7668193142671798, time_ll is 0.47070269902092093[0m
[38;20m2026-09-28 09:38:13,110 - tpp_runner.py[pid:27084;line:116:_train_model] - INFO: [ Epoch 32 (valid) ]:  valid loglike is -1.7922696284845694, num_events is 7874, mark_ll is -1.8561526166021083, time_ll is 0.06388290285125492[0m
[38;20m2026-09-28 09:38:13,134 - tpp_runner.py[pid:27084;line:136:_train_model] - INFO: [ Epoch 32 (test) ]: test loglike is -1.2790046005418163, num_events is 13081, mark_ll is -1.7953054525647887, time_ll is 0.5163008893504892[0m
[31;1m2026-09-28 09:38:13,134 - tpp_runner.py[pid:27084;line:140:_train_model] - CRITICAL: current best loglike on valid set is -1.7923 (updated at epoch-32), best updated at this epoch[0m
[38;20m2026-09-28 09:38:13,205 - tpp_runner.py[pid:27084;line:104:_train_model] - INFO: [ Epoch 33 (train) ]: train loglike is -1.2611263114039013, num_events is 27940, mark_ll is -1.7480409331379743, time_ll is 0.48691462937985136[0m
[38;20m2026-09-28 09:38:13,216 - tpp_runner.py[pid:27084;line:116:_train_model] - INFO: [ Epoch 33 (valid) ]:  valid loglike is -1.7753754941103632, num_events is 7874, mark_ll is -1.8669783960661672, time_ll is 0.09160283994396114[0m
[38;20m2026-09-28 09:38:13,224 - tpp_runner.py[pid:27084;line:136:_train_model] - INFO: [ Epoch 33 (test) ]: test loglike is -1.308339698919234, num_events is 13081, mark_ll is -1.830577791142688, time_ll is 0.5222381482147294[0m
[31;1m2026-09-28 09:38:13,224 - tpp_runner.py[pid:27084;line:140:_train_model] - CRITICAL: current best loglike on valid set is -1.7754 (updated at epoch-33), best updated at this epoch[0m
[38;20m2026-09-28 09:38:13,307 - tpp_runner.py[pid:27084;line:104:_train_model] - INFO: [ Epoch 34 (train) ]: train loglike is -1.237160195396385, num_events is 27940, mark_ll is -1.7574154263320956, time_ll is 0.5202552615188238[0m
[38;20m2026-09-28 09:38:13,318 - tpp_runner.py[pid:27084;line:116:_train_model] - INFO: [ Epoch 34 (valid) ]:  valid loglike is -1.755029656543688, num_events is 7874, mark_ll is -1.8439214007334264, time_ll is 0.0888915659056904[0m
[38;20m2026-09-28 09:38:13,338 - tpp_runner.py[pid:27084;line:136:_train_model] - INFO: [ Epoch 34 (test) ]: test loglike is -1.2698671229980507, num_events is 13081, mark_ll is -1.7897272284229035, time_ll is 0.5198600307698188[0m
[31;1m2026-09-28 09:38:13,338 - tpp_runner.py[pid:27084;line:140:_train_model] - CRITICAL: current best loglike on valid set is -1.7550 (updated at epoch-34), best updated at this epoch[0m
[38;20m2026-09-28 09:38:13,410 - tpp_runner.py[pid:27084;line:104:_train_model] - INFO: [ Epoch 35 (train) ]: train loglike is -1.2302746957766644, num_events is 27940, mark_ll is -1.724380595835943, time_ll is 0.4941059022437869[0m
[38;20m2026-09-28 09:38:13,421 - tpp_runner.py[pid:27084;line:116:_train_model] - INFO: [ Epoch 35 (valid) ]:  valid loglike is -1.7244201148558547, num_events is 7874, mark_ll is -1.832437303546482, time_ll is 0.10801723519950947[0m
[38;20m2026-09-28 09:38:13,442 - tpp_runner.py[pid:27084;line:136:_train_model] - INFO: [ Epoch 35 (test) ]: test loglike is -1.2422243422592882, num_events is 13081, mark_ll is -1.7804372306446372, time_ll is 0.5382128137303149[0m
[31;1m2026-09-28 09:38:13,442 - tpp_runner.py[pid:27084;line:140:_train_model] - CRITICAL: current best loglike on valid set is -1.7244 (updated at epoch-35), best updated at this epoch[0m
[38;20m2026-09-28 09:38:13,515 - tpp_runner.py[pid:27084;line:104:_train_model] - INFO: [ Epoch 36 (train) ]: train loglike is -1.1846798349979868, num_events is 27940, mark_ll is -1.7121141284896206, time_ll is 0.5274342148493424[0m
[38;20m2026-09-28 09:38:13,526 - tpp_runner.py[pid:27084;line:116:_train_model] - INFO: [ Epoch 36 (valid) ]:  valid loglike is -1.7097688248110872, num_events is 7874, mark_ll is -1.8219008713408051, time_ll is 0.11213213954748222[0m
[38;20m2026-09-28 09:38:13,558 - tpp_runner.py[pid:27084;line:136:_train_model] - INFO: [ Epoch 36 (test) ]: test loglike is -1.193661466595157, num_events is 13081, mark_ll is -1.7248100477314425, time_ll is 0.5311485438087684[0m
[31;1m2026-09-28 09:38:13,558 - tpp_runner.py[pid:27084;line:140:_train_model] - CRITICAL: current best loglike on valid set is -1.7098 (updated at epoch-36), best updated at this epoch[0m
[38;20m2026-09-28 09:38:13,644 - tpp_runner.py[pid:27084;line:104:_train_model] - INFO: [ Epoch 37 (train) ]: train loglike is -1.176276976053597, num_events is 27940, mark_ll is -1.6943223061694703, time_ll is 0.5180453104553004[0m
[38;20m2026-09-28 09:38:13,657 - tpp_runner.py[pid:27084;line:116:_train_model] - INFO: [ Epoch 37 (valid) ]:  valid loglike is -1.706203515922657, num_events is 7874, mark_ll is -1.821660389414529, time_ll is 0.11545695100667545[0m
[38;20m2026-09-28 09:38:13,678 - tpp_runner.py[pid:27084;line:136:_train_model] - INFO: [ Epoch 37 (test) ]: test loglike is -1.1922012514572662, num_events is 13081, mark_ll is -1.7443652619973626, time_ll is 0.5521639918763378[0m
[31;1m2026-09-28 09:38:13,678 - tpp_runner.py[pid:27084;line:140:_train_model] - CRITICAL: current best loglike on valid set is -1.7062 (updated at epoch-37), best updated at this epoch[0m
[38;20m2026-09-28 09:38:13,756 - tpp_runner.py[pid:27084;line:104:_train_model] - INFO: [ Epoch 38 (train) ]: train loglike is -1.1526867527234699, num_events is 27940, mark_ll is -1.702625184547244, time_ll is 0.5499384624068875[0m
[38;20m2026-09-28 09:38:13,768 - tpp_runner.py[pid:27084;line:116:_train_model] - INFO: [ Epoch 38 (valid) ]:  valid loglike is -1.7222639630826138, num_events is 7874, mark_ll is -1.8402094958486792, time_ll is 0.11794558702642796[0m
[38;20m2026-09-28 09:38:13,787 - tpp_runner.py[pid:27084;line:136:_train_model] - INFO: [ Epoch 38 (test) ]: test loglike is -1.2325089787609413, num_events is 13081, mark_ll is -1.7801841500793134, time_ll is 0.5476752646371645[0m
[31;1m2026-09-28 09:38:13,787 - tpp_runner.py[pid:27084;line:140:_train_model] - CRITICAL: current best loglike on valid set is -1.7062 (updated at epoch-37)[0m
[38;20m2026-09-28 09:38:13,859 - tpp_runner.py[pid:27084;line:104:_train_model] - INFO: [ Epoch 39 (train) ]: train loglike is -1.1361923010245167, num_events is 27940, mark_ll is -1.6927231239094935, time_ll is 0.5565308239772307[0m
[38;20m2026-09-28 09:38:13,867 - tpp_runner.py[pid:27084;line:116:_train_model] - INFO: [ Epoch 39 (valid) ]:  valid loglike is -1.6631831720694692, num_events is 7874, mark_ll is -1.7947140113030227, time_ll is 0.13153065319802515[0m
[38;20m2026-09-28 09:38:13,893 - tpp_runner.py[pid:27084;line:136:_train_model] - INFO: [ Epoch 39 (test) ]: test loglike is -1.1379265004765977, num_events is 13081, mark_ll is -1.7096199133046022, time_ll is 0.5716935061467969[0m
[31;1m2026-09-28 09:38:13,893 - tpp_runner.py[pid:27084;line:140:_train_model] - CRITICAL: current best loglike on valid set is -1.6632 (updated at epoch-39), best updated at this epoch[0m
[38;20m2026-09-28 09:38:13,971 - tpp_runner.py[pid:27084;line:104:_train_model] - INFO: [ Epoch 40 (train) ]: train loglike is -1.1081770507113458, num_events is 27940, mark_ll is -1.6690411512392627, time_ll is 0.5608640972511548[0m
[38;20m2026-09-28 09:38:13,983 - tpp_runner.py[pid:27084;line:116:_train_model] - INFO: [ Epoch 40 (valid) ]:  valid loglike is -1.6496400336550674, num_events is 7874, mark_ll is -1.7772298962566675, time_ll is 0.1275899091104823[0m
[38;20m2026-09-28 09:38:14,005 - tpp_runner.py[pid:27084;line:136:_train_model] - INFO: [ Epoch 40 (test) ]: test loglike is -1.1039967766942511, num_events is 13081, mark_ll is -1.6680531101884413, time_ll is 0.5640562961666731[0m
[31;1m2026-09-28 09:38:14,005 - tpp_runner.py[pid:27084;line:140:_train_model] - CRITICAL: current best loglike on valid set is -1.6496 (updated at epoch-40), best updated at this epoch[0m
[38;20m2026-09-28 09:38:14,074 - tpp_runner.py[pid:27084;line:104:_train_model] - INFO: [ Epoch 41 (train) ]: train loglike is -1.0698582752312433, num_events is 27940, mark_ll is -1.6483692035388333, time_ll is 0.578510975274514[0m
[38;20m2026-09-28 09:38:14,088 - tpp_runner.py[pid:27084;line:116:_train_model] - INFO: [ Epoch 41 (valid) ]:  valid loglike is -1.6200443855965836, num_events is 7874, mark_ll is -1.7583554756953264, time_ll is 0.13831099708097855[0m
[38;20m2026-09-28 09:38:14,104 - tpp_runner.py[pid:27084;line:136:_train_model] - INFO: [ Epoch 41 (test) ]: test loglike is -1.1001051777446773, num_events is 13081, mark_ll is -1.7082694783942358, time_ll is 0.6081644126321095[0m
[31;1m2026-09-28 09:38:14,120 - tpp_runner.py[pid:27084;line:140:_train_model] - CRITICAL: current best loglike on valid set is -1.6200 (updated at epoch-41), best updated at this epoch[0m
[38;20m2026-09-28 09:38:14,195 - tpp_runner.py[pid:27084;line:104:_train_model] - INFO: [ Epoch 42 (train) ]: train loglike is -1.055481026935509, num_events is 27940, mark_ll is -1.6413366777861043, time_ll is 0.585855671603422[0m
[38;20m2026-09-28 09:38:14,205 - tpp_runner.py[pid:27084;line:116:_train_model] - INFO: [ Epoch 42 (valid) ]:  valid loglike is -1.6395683181991363, num_events is 7874, mark_ll is -1.7856065800022225, time_ll is 0.14603819979124333[0m
[38;20m2026-09-28 09:38:14,226 - tpp_runner.py[pid:27084;line:136:_train_model] - INFO: [ Epoch 42 (test) ]: test loglike is -1.1314498216640547, num_events is 13081, mark_ll is -1.696531392740425, time_ll is 0.5650815524126118[0m
[31;1m2026-09-28 09:38:14,226 - tpp_runner.py[pid:27084;line:140:_train_model] - CRITICAL: current best loglike on valid set is -1.6200 (updated at epoch-41)[0m
[38;20m2026-09-28 09:38:14,301 - tpp_runner.py[pid:27084;line:104:_train_model] - INFO: [ Epoch 43 (train) ]: train loglike is -1.0703977001848268, num_events is 27940, mark_ll is -1.652987480846233, time_ll is 0.5825898298128384[0m
[38;20m2026-09-28 09:38:14,314 - tpp_runner.py[pid:27084;line:116:_train_model] - INFO: [ Epoch 43 (valid) ]:  valid loglike is -1.642514004754572, num_events is 7874, mark_ll is -1.7681147754873634, time_ll is 0.12560073972687008[0m
[38;20m2026-09-28 09:38:14,335 - tpp_runner.py[pid:27084;line:136:_train_model] - INFO: [ Epoch 43 (test) ]: test loglike is -1.098551083901508, num_events is 13081, mark_ll is -1.651997947882425, time_ll is 0.5534468453171585[0m
[31;1m2026-09-28 09:38:14,335 - tpp_runner.py[pid:27084;line:140:_train_model] - CRITICAL: current best loglike on valid set is -1.6200 (updated at epoch-41)[0m
[38;20m2026-09-28 09:38:14,410 - tpp_runner.py[pid:27084;line:104:_train_model] - INFO: [ Epoch 44 (train) ]: train loglike is -1.0669816712780176, num_events is 27940, mark_ll is -1.6196166904807177, time_ll is 0.5526350126491757[0m
[38;20m2026-09-28 09:38:14,422 - tpp_runner.py[pid:27084;line:116:_train_model] - INFO: [ Epoch 44 (valid) ]:  valid loglike is -1.6643708228822707, num_events is 7874, mark_ll is -1.7606087380143511, time_ll is 0.09623805465872651[0m
[38;20m2026-09-28 09:38:14,441 - tpp_runner.py[pid:27084;line:136:_train_model] - INFO: [ Epoch 44 (test) ]: test loglike is -1.1820229707567274, num_events is 13081, mark_ll is -1.7386561675808425, time_ll is 0.5566331968241152[0m
[31;1m2026-09-28 09:38:14,441 - tpp_runner.py[pid:27084;line:140:_train_model] - CRITICAL: current best loglike on valid set is -1.6200 (updated at epoch-41)[0m
[38;20m2026-09-28 09:38:14,522 - tpp_runner.py[pid:27084;line:104:_train_model] - INFO: [ Epoch 45 (train) ]: train loglike is -1.029428535303049, num_events is 27940, mark_ll is -1.6329625494922155, time_ll is 0.6035340272962151[0m
[38;20m2026-09-28 09:38:14,535 - tpp_runner.py[pid:27084;line:116:_train_model] - INFO: [ Epoch 45 (valid) ]:  valid loglike is -1.7040896562261874, num_events is 7874, mark_ll is -1.8397618943675387, time_ll is 0.13567234666207614[0m
[38;20m2026-09-28 09:38:14,556 - tpp_runner.py[pid:27084;line:136:_train_model] - INFO: [ Epoch 45 (test) ]: test loglike is -1.054826843620996, num_events is 13081, mark_ll is -1.6488091327593457, time_ll is 0.5939822144833155[0m
[31;1m2026-09-28 09:38:14,556 - tpp_runner.py[pid:27084;line:140:_train_model] - CRITICAL: current best loglike on valid set is -1.6200 (updated at epoch-41)[0m
[38;20m2026-09-28 09:38:14,633 - tpp_runner.py[pid:27084;line:104:_train_model] - INFO: [ Epoch 46 (train) ]: train loglike is -1.084189478465294, num_events is 27940, mark_ll is -1.6790547965506442, time_ll is 0.5948653836205933[0m
[38;20m2026-09-28 09:38:14,646 - tpp_runner.py[pid:27084;line:116:_train_model] - INFO: [ Epoch 46 (valid) ]:  valid loglike is -1.6520629603759207, num_events is 7874, mark_ll is -1.7755828617125984, time_ll is 0.12351970754966901[0m
[38;20m2026-09-28 09:38:14,669 - tpp_runner.py[pid:27084;line:136:_train_model] - INFO: [ Epoch 46 (test) ]: test loglike is -1.200703713281668, num_events is 13081, mark_ll is -1.7249960134211835, time_ll is 0.5242923188032739[0m
[31;1m2026-09-28 09:38:14,669 - tpp_runner.py[pid:27084;line:140:_train_model] - CRITICAL: current best loglike on valid set is -1.6200 (updated at epoch-41)[0m
[38;20m2026-09-28 09:38:14,749 - tpp_runner.py[pid:27084;line:104:_train_model] - INFO: [ Epoch 47 (train) ]: train loglike is -1.0528077832101155, num_events is 27940, mark_ll is -1.6406966169134753, time_ll is 0.5878888096737708[0m
[38;20m2026-09-28 09:38:14,761 - tpp_runner.py[pid:27084;line:116:_train_model] - INFO: [ Epoch 47 (valid) ]:  valid loglike is -1.6916550415132081, num_events is 7874, mark_ll is -1.8047381016637034, time_ll is 0.11308298263569183[0m
[38;20m2026-09-28 09:38:14,782 - tpp_runner.py[pid:27084;line:136:_train_model] - INFO: [ Epoch 47 (test) ]: test loglike is -1.2105725488661991, num_events is 13081, mark_ll is -1.755105060536274, time_ll is 0.544532437015041[0m
[31;1m2026-09-28 09:38:14,782 - tpp_runner.py[pid:27084;line:140:_train_model] - CRITICAL: current best loglike on valid set is -1.6200 (updated at epoch-41)[0m
[38;20m2026-09-28 09:38:14,861 - tpp_runner.py[pid:27084;line:104:_train_model] - INFO: [ Epoch 48 (train) ]: train loglike is -1.0740877319423319, num_events is 27940, mark_ll is -1.6700492755122585, time_ll is 0.5959615413854186[0m
[38;20m2026-09-28 09:38:14,873 - tpp_runner.py[pid:27084;line:116:_train_model] - INFO: [ Epoch 48 (valid) ]:  valid loglike is -1.6351499744015112, num_events is 7874, mark_ll is -1.7684214860617222, time_ll is 0.1332715271631715[0m
[38;20m2026-09-28 09:38:14,891 - tpp_runner.py[pid:27084;line:136:_train_model] - INFO: [ Epoch 48 (test) ]: test loglike is -1.2192736677361249, num_events is 13081, mark_ll is -1.78922913003593, time_ll is 0.5699554809635635[0m
[31;1m2026-09-28 09:38:14,891 - tpp_runner.py[pid:27084;line:140:_train_model] - CRITICAL: current best loglike on valid set is -1.6200 (updated at epoch-41)[0m
[38;20m2026-09-28 09:38:14,969 - tpp_runner.py[pid:27084;line:104:_train_model] - INFO: [ Epoch 49 (train) ]: train loglike is -1.0361552080770178, num_events is 27940, mark_ll is -1.6444038669638064, time_ll is 0.6082486512410104[0m
[38;20m2026-09-28 09:38:14,984 - tpp_runner.py[pid:27084;line:116:_train_model] - INFO: [ Epoch 49 (valid) ]:  valid loglike is -1.6101151733553467, num_events is 7874, mark_ll is -1.7375420688341376, time_ll is 0.12742687222434992[0m
[38;20m2026-09-28 09:38:15,008 - tpp_runner.py[pid:27084;line:136:_train_model] - INFO: [ Epoch 49 (test) ]: test loglike is -1.1080442180273393, num_events is 13081, mark_ll is -1.6559931866829753, time_ll is 0.5479489499918775[0m
[31;1m2026-09-28 09:38:15,008 - tpp_runner.py[pid:27084;line:140:_train_model] - CRITICAL: current best loglike on valid set is -1.6101 (updated at epoch-49), best updated at this epoch[0m
[38;20m2026-09-28 09:38:15,095 - tpp_runner.py[pid:27084;line:104:_train_model] - INFO: [ Epoch 50 (train) ]: train loglike is -1.0291950550775657, num_events is 27940, mark_ll is -1.6369896639562456, time_ll is 0.607794589764234[0m
[38;20m2026-09-28 09:38:15,105 - tpp_runner.py[pid:27084;line:116:_train_model] - INFO: [ Epoch 50 (valid) ]:  valid loglike is -1.650498029511684, num_events is 7874, mark_ll is -1.7975062805594362, time_ll is 0.14700828205367347[0m
[38;20m2026-09-28 09:38:15,127 - tpp_runner.py[pid:27084;line:136:_train_model] - INFO: [ Epoch 50 (test) ]: test loglike is -1.085069392600671, num_events is 13081, mark_ll is -1.6373653372496368, time_ll is 0.552295944648966[0m
[31;1m2026-09-28 09:38:15,127 - tpp_runner.py[pid:27084;line:140:_train_model] - CRITICAL: current best loglike on valid set is -1.6101 (updated at epoch-49)[0m
[38;20m2026-09-28 09:38:15,205 - tpp_runner.py[pid:27084;line:104:_train_model] - INFO: [ Epoch 51 (train) ]: train loglike is -1.0278594861477721, num_events is 27940, mark_ll is -1.6293656607909808, time_ll is 0.6015062030418139[0m
[38;20m2026-09-28 09:38:15,217 - tpp_runner.py[pid:27084;line:116:_train_model] - INFO: [ Epoch 51 (valid) ]:  valid loglike is -1.5891736500269875, num_events is 7874, mark_ll is -1.7129063760080645, time_ll is 0.12373275698699834[0m
[38;20m2026-09-28 09:38:15,244 - tpp_runner.py[pid:27084;line:136:_train_model] - INFO: [ Epoch 51 (test) ]: test loglike is -1.1100716061224294, num_events is 13081, mark_ll is -1.6599940246110771, time_ll is 0.5499223998248891[0m
[31;1m2026-09-28 09:38:15,244 - tpp_runner.py[pid:27084;line:140:_train_model] - CRITICAL: current best loglike on valid set is -1.5892 (updated at epoch-51), best updated at this epoch[0m
[38;20m2026-09-28 09:38:15,323 - tpp_runner.py[pid:27084;line:104:_train_model] - INFO: [ Epoch 52 (train) ]: train loglike is -0.998822469308535, num_events is 27940, mark_ll is -1.6002521271866053, time_ll is 0.6014295978040975[0m
[38;20m2026-09-28 09:38:15,337 - tpp_runner.py[pid:27084;line:116:_train_model] - INFO: [ Epoch 52 (valid) ]:  valid loglike is -1.627578700469901, num_events is 7874, mark_ll is -1.7724673867316485, time_ll is 0.1448887482735903[0m
[38;20m2026-09-28 09:38:15,366 - tpp_runner.py[pid:27084;line:136:_train_model] - INFO: [ Epoch 52 (test) ]: test loglike is -1.1073834463212389, num_events is 13081, mark_ll is -1.6865366514410214, time_ll is 0.579153261111058[0m
[31;1m2026-09-28 09:38:15,366 - tpp_runner.py[pid:27084;line:140:_train_model] - CRITICAL: current best loglike on valid set is -1.5892 (updated at epoch-51)[0m
[38;20m2026-09-28 09:38:15,456 - tpp_runner.py[pid:27084;line:104:_train_model] - INFO: [ Epoch 53 (train) ]: train loglike is -0.9765977339311079, num_events is 27940, mark_ll is -1.6081908917546528, time_ll is 0.6315930780889993[0m
[38;20m2026-09-28 09:38:15,462 - tpp_runner.py[pid:27084;line:116:_train_model] - INFO: [ Epoch 53 (valid) ]:  valid loglike is -1.6665989083931292, num_events is 7874, mark_ll is -1.8085104060833121, time_ll is 0.14191151319314357[0m
[38;20m2026-09-28 09:38:15,493 - tpp_runner.py[pid:27084;line:136:_train_model] - INFO: [ Epoch 53 (test) ]: test loglike is -1.0868714344755752, num_events is 13081, mark_ll is -1.6667393682272953, time_ll is 0.5798679524154785[0m
[31;1m2026-09-28 09:38:15,493 - tpp_runner.py[pid:27084;line:140:_train_model] - CRITICAL: current best loglike on valid set is -1.5892 (updated at epoch-51)[0m
[38;20m2026-09-28 09:38:15,566 - tpp_runner.py[pid:27084;line:104:_train_model] - INFO: [ Epoch 54 (train) ]: train loglike is -0.9927933296307377, num_events is 27940, mark_ll is -1.6257692963716894, time_ll is 0.6329760000547001[0m
[38;20m2026-09-28 09:38:15,582 - tpp_runner.py[pid:27084;line:116:_train_model] - INFO: [ Epoch 54 (valid) ]:  valid loglike is -1.5560549851568453, num_events is 7874, mark_ll is -1.677370737553975, time_ll is 0.12131569038528701[0m
[38;20m2026-09-28 09:38:15,598 - tpp_runner.py[pid:27084;line:136:_train_model] - INFO: [ Epoch 54 (test) ]: test loglike is -1.0905397588821573, num_events is 13081, mark_ll is -1.636830321948341, time_ll is 0.5462906003937008[0m
[31;1m2026-09-28 09:38:15,598 - tpp_runner.py[pid:27084;line:140:_train_model] - CRITICAL: current best loglike on valid set is -1.5561 (updated at epoch-54), best updated at this epoch[0m
[38;20m2026-09-28 09:38:15,685 - tpp_runner.py[pid:27084;line:104:_train_model] - INFO: [ Epoch 55 (train) ]: train loglike is -0.9841194966561297, num_events is 27940, mark_ll is -1.5809224286417323, time_ll is 0.5968029243398242[0m
[38;20m2026-09-28 09:38:15,701 - tpp_runner.py[pid:27084;line:116:_train_model] - INFO: [ Epoch 55 (valid) ]:  valid loglike is -1.5652329859347218, num_events is 7874, mark_ll is -1.683651296990094, time_ll is 0.11841814052280449[0m
[38;20m2026-09-28 09:38:15,724 - tpp_runner.py[pid:27084;line:136:_train_model] - INFO: [ Epoch 55 (test) ]: test loglike is -1.093812206307096, num_events is 13081, mark_ll is -1.6402505303493617, time_ll is 0.5464382960466277[0m
[31;1m2026-09-28 09:38:15,724 - tpp_runner.py[pid:27084;line:140:_train_model] - CRITICAL: current best loglike on valid set is -1.5561 (updated at epoch-54)[0m
[38;20m2026-09-28 09:38:15,806 - tpp_runner.py[pid:27084;line:104:_train_model] - INFO: [ Epoch 56 (train) ]: train loglike is -0.9732534453624816, num_events is 27940, mark_ll is -1.5900361614732463, time_ll is 0.6167827543396565[0m
[38;20m2026-09-28 09:38:15,806 - tpp_runner.py[pid:27084;line:116:_train_model] - INFO: [ Epoch 56 (valid) ]:  valid loglike is -1.532726626000127, num_events is 7874, mark_ll is -1.6846501837534924, time_ll is 0.15192349574152272[0m
[38;20m2026-09-28 09:38:15,840 - tpp_runner.py[pid:27084;line:136:_train_model] - INFO: [ Epoch 56 (test) ]: test loglike is -1.025090978357207, num_events is 13081, mark_ll is -1.5972926799843283, time_ll is 0.5722017389546384[0m
[31;1m2026-09-28 09:38:15,840 - tpp_runner.py[pid:27084;line:140:_train_model] - CRITICAL: current best loglike on valid set is -1.5327 (updated at epoch-56), best updated at this epoch[0m
[38;20m2026-09-28 09:38:15,918 - tpp_runner.py[pid:27084;line:104:_train_model] - INFO: [ Epoch 57 (train) ]: train loglike is -0.926227018264847, num_events is 27940, mark_ll is -1.5601297912379206, time_ll is 0.6339027153566725[0m
[38;20m2026-09-28 09:38:15,938 - tpp_runner.py[pid:27084;line:116:_train_model] - INFO: [ Epoch 57 (valid) ]:  valid loglike is -1.5354553951295402, num_events is 7874, mark_ll is -1.6805175905273686, time_ll is 0.14506225740967107[0m
[38;20m2026-09-28 09:38:15,961 - tpp_runner.py[pid:27084;line:136:_train_model] - INFO: [ Epoch 57 (test) ]: test loglike is -1.080792685658111, num_events is 13081, mark_ll is -1.6184349109634202, time_ll is 0.537642290628464[0m
[31;1m2026-09-28 09:38:15,961 - tpp_runner.py[pid:27084;line:140:_train_model] - CRITICAL: current best loglike on valid set is -1.5327 (updated at epoch-56)[0m
[38;20m2026-09-28 09:38:16,046 - tpp_runner.py[pid:27084;line:104:_train_model] - INFO: [ Epoch 58 (train) ]: train loglike is -0.928131438837618, num_events is 27940, mark_ll is -1.5632760770848246, time_ll is 0.6351446043873311[0m
[38;20m2026-09-28 09:38:16,058 - tpp_runner.py[pid:27084;line:116:_train_model] - INFO: [ Epoch 58 (valid) ]:  valid loglike is -1.5126712519050038, num_events is 7874, mark_ll is -1.6499185908528067, time_ll is 0.1372473079418815[0m
[38;20m2026-09-28 09:38:16,081 - tpp_runner.py[pid:27084;line:136:_train_model] - INFO: [ Epoch 58 (test) ]: test loglike is -1.0298379186952928, num_events is 13081, mark_ll is -1.5929318554821879, time_ll is 0.5630938434681025[0m
[31;1m2026-09-28 09:38:16,081 - tpp_runner.py[pid:27084;line:140:_train_model] - CRITICAL: current best loglike on valid set is -1.5127 (updated at epoch-58), best updated at this epoch[0m
[38;20m2026-09-28 09:38:16,167 - tpp_runner.py[pid:27084;line:104:_train_model] - INFO: [ Epoch 59 (train) ]: train loglike is -0.911602524065852, num_events is 27940, mark_ll is -1.5420293416137258, time_ll is 0.6304267484628053[0m
[38;20m2026-09-28 09:38:16,177 - tpp_runner.py[pid:27084;line:116:_train_model] - INFO: [ Epoch 59 (valid) ]:  valid loglike is -1.4845611595520065, num_events is 7874, mark_ll is -1.6279341523526798, time_ll is 0.14337286877698754[0m
[38;20m2026-09-28 09:38:16,199 - tpp_runner.py[pid:27084;line:136:_train_model] - INFO: [ Epoch 59 (test) ]: test loglike is -1.0060340117883284, num_events is 13081, mark_ll is -1.596858859581645, time_ll is 0.5908249037845922[0m
[31;1m2026-09-28 09:38:16,199 - tpp_runner.py[pid:27084;line:140:_train_model] - CRITICAL: current best loglike on valid set is -1.4846 (updated at epoch-59), best updated at this epoch[0m
[38;20m2026-09-28 09:38:16,279 - tpp_runner.py[pid:27084;line:104:_train_model] - INFO: [ Epoch 60 (train) ]: train loglike is -0.8863819889622923, num_events is 27940, mark_ll is -1.535005361656675, time_ll is 0.6486234955729633[0m
[38;20m2026-09-28 09:38:16,291 - tpp_runner.py[pid:27084;line:116:_train_model] - INFO: [ Epoch 60 (valid) ]:  valid loglike is -1.4925688728330582, num_events is 7874, mark_ll is -1.6319832776384302, time_ll is 0.13941428078168655[0m
[38;20m2026-09-28 09:38:16,312 - tpp_runner.py[pid:27084;line:136:_train_model] - INFO: [ Epoch 60 (test) ]: test loglike is -1.0068288452717682, num_events is 13081, mark_ll is -1.5678965511166003, time_ll is 0.5610676685173152[0m
[31;1m2026-09-28 09:38:16,312 - tpp_runner.py[pid:27084;line:140:_train_model] - CRITICAL: current best loglike on valid set is -1.4846 (updated at epoch-59)[0m
[38;20m2026-09-28 09:38:16,400 - tpp_runner.py[pid:27084;line:104:_train_model] - INFO: [ Epoch 61 (train) ]: train loglike is -0.8928258908161881, num_events is 27940, mark_ll is -1.5305467282010559, time_ll is 0.6377208357464866[0m
[38;20m2026-09-28 09:38:16,410 - tpp_runner.py[pid:27084;line:116:_train_model] - INFO: [ Epoch 61 (valid) ]:  valid loglike is -1.426581078748095, num_events is 7874, mark_ll is -1.609875931665926, time_ll is 0.18329479090598808[0m
[38;20m2026-09-28 09:38:16,435 - tpp_runner.py[pid:27084;line:136:_train_model] - INFO: [ Epoch 61 (test) ]: test loglike is -0.9332656411254874, num_events is 13081, mark_ll is -1.547637563844985, time_ll is 0.6143718853919807[0m
[31;1m2026-09-28 09:38:16,435 - tpp_runner.py[pid:27084;line:140:_train_model] - CRITICAL: current best loglike on valid set is -1.4266 (updated at epoch-61), best updated at this epoch[0m
[38;20m2026-09-28 09:38:16,518 - tpp_runner.py[pid:27084;line:104:_train_model] - INFO: [ Epoch 62 (train) ]: train loglike is -0.8912989748147188, num_events is 27940, mark_ll is -1.5518142077610504, time_ll is 0.6605152531530316[0m
[38;20m2026-09-28 09:38:16,527 - tpp_runner.py[pid:27084;line:116:_train_model] - INFO: [ Epoch 62 (valid) ]:  valid loglike is -1.4688579006064262, num_events is 7874, mark_ll is -1.5903852374110998, time_ll is 0.12152722053246841[0m
[38;20m2026-09-28 09:38:16,551 - tpp_runner.py[pid:27084;line:136:_train_model] - INFO: [ Epoch 62 (test) ]: test loglike is -0.9899930526025342, num_events is 13081, mark_ll is -1.5467583141818286, time_ll is 0.5567652615792944[0m
[31;1m2026-09-28 09:38:16,551 - tpp_runner.py[pid:27084;line:140:_train_model] - CRITICAL: current best loglike on valid set is -1.4266 (updated at epoch-61)[0m
[38;20m2026-09-28 09:38:16,641 - tpp_runner.py[pid:27084;line:104:_train_model] - INFO: [ Epoch 63 (train) ]: train loglike is -0.8688937821384831, num_events is 27940, mark_ll is -1.5112642849353526, time_ll is 0.6423705137194099[0m
[38;20m2026-09-28 09:38:16,653 - tpp_runner.py[pid:27084;line:116:_train_model] - INFO: [ Epoch 63 (valid) ]:  valid loglike is -1.4890492046609094, num_events is 7874, mark_ll is -1.6210316141335408, time_ll is 0.13198245598151354[0m
[38;20m2026-09-28 09:38:16,689 - tpp_runner.py[pid:27084;line:136:_train_model] - INFO: [ Epoch 63 (test) ]: test loglike is -0.9762430511094335, num_events is 13081, mark_ll is -1.5643875405526144, time_ll is 0.588144526770698[0m
[31;1m2026-09-28 09:38:16,689 - tpp_runner.py[pid:27084;line:140:_train_model] - CRITICAL: current best loglike on valid set is -1.4266 (updated at epoch-61)[0m
[38;20m2026-09-28 09:38:16,781 - tpp_runner.py[pid:27084;line:104:_train_model] - INFO: [ Epoch 64 (train) ]: train loglike is -0.8721861919165511, num_events is 27940, mark_ll is -1.5184595478033285, time_ll is 0.6462732947205507[0m
[38;20m2026-09-28 09:38:16,795 - tpp_runner.py[pid:27084;line:116:_train_model] - INFO: [ Epoch 64 (valid) ]:  valid loglike is -1.4911086179594235, num_events is 7874, mark_ll is -1.6139511019256414, time_ll is 0.12284248396621793[0m
[38;20m2026-09-28 09:38:16,820 - tpp_runner.py[pid:27084;line:136:_train_model] - INFO: [ Epoch 64 (test) ]: test loglike is -1.0200019873170056, num_events is 13081, mark_ll is -1.5689357865176592, time_ll is 0.5489338551919292[0m
[31;1m2026-09-28 09:38:16,820 - tpp_runner.py[pid:27084;line:140:_train_model] - CRITICAL: current best loglike on valid set is -1.4266 (updated at epoch-61)[0m
[38;20m2026-09-28 09:38:16,903 - tpp_runner.py[pid:27084;line:104:_train_model] - INFO: [ Epoch 65 (train) ]: train loglike is -0.848999336914412, num_events is 27940, mark_ll is -1.5089336419839388, time_ll is 0.6599342990621295[0m
[38;20m2026-09-28 09:38:16,924 - tpp_runner.py[pid:27084;line:116:_train_model] - INFO: [ Epoch 65 (valid) ]:  valid loglike is -1.4222617058515368, num_events is 7874, mark_ll is -1.609360489228791, time_ll is 0.18709875237133286[0m
[38;20m2026-09-28 09:38:16,947 - tpp_runner.py[pid:27084;line:136:_train_model] - INFO: [ Epoch 65 (test) ]: test loglike is -0.9168655165710285, num_events is 13081, mark_ll is -1.567005879233239, time_ll is 0.650140455981003[0m
[31;1m2026-09-28 09:38:16,947 - tpp_runner.py[pid:27084;line:140:_train_model] - CRITICAL: current best loglike on valid set is -1.4223 (updated at epoch-65), best updated at this epoch[0m
[38;20m2026-09-28 09:38:17,029 - tpp_runner.py[pid:27084;line:104:_train_model] - INFO: [ Epoch 66 (train) ]: train loglike is -0.8746805023105979, num_events is 27940, mark_ll is -1.5389456200787401, time_ll is 0.6642652106097364[0m
[38;20m2026-09-28 09:38:17,041 - tpp_runner.py[pid:27084;line:116:_train_model] - INFO: [ Epoch 66 (valid) ]:  valid loglike is -1.421988977767018, num_events is 7874, mark_ll is -1.5920149086391924, time_ll is 0.17002586886033147[0m
[38;20m2026-09-28 09:38:17,065 - tpp_runner.py[pid:27084;line:136:_train_model] - INFO: [ Epoch 66 (test) ]: test loglike is -0.9292964569318095, num_events is 13081, mark_ll is -1.5437256027348827, time_ll is 0.6144291831305901[0m
[31;1m2026-09-28 09:38:17,065 - tpp_runner.py[pid:27084;line:140:_train_model] - CRITICAL: current best loglike on valid set is -1.4220 (updated at epoch-66), best updated at this epoch[0m
[38;20m2026-09-28 09:38:17,137 - tpp_runner.py[pid:27084;line:104:_train_model] - INFO: [ Epoch 67 (train) ]: train loglike is -0.8513909811622002, num_events is 27940, mark_ll is -1.5058500427814066, time_ll is 0.6544591206009249[0m
[38;20m2026-09-28 09:38:17,155 - tpp_runner.py[pid:27084;line:116:_train_model] - INFO: [ Epoch 67 (valid) ]:  valid loglike is -1.4787100941389382, num_events is 7874, mark_ll is -1.598847869570739, time_ll is 0.12013779093476155[0m
[38;20m2026-09-28 09:38:17,180 - tpp_runner.py[pid:27084;line:136:_train_model] - INFO: [ Epoch 67 (test) ]: test loglike is -1.0423636336217605, num_events is 13081, mark_ll is -1.5544638708455967, time_ll is 0.5121003585382664[0m
[31;1m2026-09-28 09:38:17,180 - tpp_runner.py[pid:27084;line:140:_train_model] - CRITICAL: current best loglike on valid set is -1.4220 (updated at epoch-66)[0m
[38;20m2026-09-28 09:38:17,265 - tpp_runner.py[pid:27084;line:104:_train_model] - INFO: [ Epoch 68 (train) ]: train loglike is -0.8601426274075027, num_events is 27940, mark_ll is -1.5062306714723515, time_ll is 0.646088004743703[0m
[38;20m2026-09-28 09:38:17,267 - tpp_runner.py[pid:27084;line:116:_train_model] - INFO: [ Epoch 68 (valid) ]:  valid loglike is -1.4477021883731267, num_events is 7874, mark_ll is -1.592055836455423, time_ll is 0.14435371009413894[0m
[38;20m2026-09-28 09:38:17,296 - tpp_runner.py[pid:27084;line:136:_train_model] - INFO: [ Epoch 68 (test) ]: test loglike is -0.9885159467631967, num_events is 13081, mark_ll is -1.557025994285605, time_ll is 0.5685100848499255[0m
[31;1m2026-09-28 09:38:17,296 - tpp_runner.py[pid:27084;line:140:_train_model] - CRITICAL: current best loglike on valid set is -1.4220 (updated at epoch-66)[0m
[38;20m2026-09-28 09:38:17,375 - tpp_runner.py[pid:27084;line:104:_train_model] - INFO: [ Epoch 69 (train) ]: train loglike is -0.8313052352872505, num_events is 27940, mark_ll is -1.4970662930051002, time_ll is 0.6657610405148484[0m
[38;20m2026-09-28 09:38:17,375 - tpp_runner.py[pid:27084;line:116:_train_model] - INFO: [ Epoch 69 (valid) ]:  valid loglike is -1.4205929671624968, num_events is 7874, mark_ll is -1.5907597889414529, time_ll is 0.17016677527007398[0m
[38;20m2026-09-28 09:38:17,407 - tpp_runner.py[pid:27084;line:136:_train_model] - INFO: [ Epoch 69 (test) ]: test loglike is -0.9522313792427949, num_events is 13081, mark_ll is -1.5596848333221849, time_ll is 0.607453566061941[0m
[31;1m2026-09-28 09:38:17,407 - tpp_runner.py[pid:27084;line:140:_train_model] - CRITICAL: current best loglike on valid set is -1.4206 (updated at epoch-69), best updated at this epoch[0m
[38;20m2026-09-28 09:38:17,486 - tpp_runner.py[pid:27084;line:104:_train_model] - INFO: [ Epoch 70 (train) ]: train loglike is -0.8142278891080775, num_events is 27940, mark_ll is -1.4971811806549749, time_ll is 0.6829533755821933[0m
[38;20m2026-09-28 09:38:17,502 - tpp_runner.py[pid:27084;line:116:_train_model] - INFO: [ Epoch 70 (valid) ]:  valid loglike is -1.4023040624206249, num_events is 7874, mark_ll is -1.5874174746396368, time_ll is 0.18511347423085472[0m
[38;20m2026-09-28 09:38:17,518 - tpp_runner.py[pid:27084;line:136:_train_model] - INFO: [ Epoch 70 (test) ]: test loglike is -0.9646803861218084, num_events is 13081, mark_ll is -1.5504249215226282, time_ll is 0.5857444980733029[0m
[31;1m2026-09-28 09:38:17,518 - tpp_runner.py[pid:27084;line:140:_train_model] - CRITICAL: current best loglike on valid set is -1.4023 (updated at epoch-70), best updated at this epoch[0m
[38;20m2026-09-28 09:38:17,612 - tpp_runner.py[pid:27084;line:104:_train_model] - INFO: [ Epoch 71 (train) ]: train loglike is -0.8096762305596256, num_events is 27940, mark_ll is -1.4938719479800466, time_ll is 0.6841957013096738[0m
[38;20m2026-09-28 09:38:17,628 - tpp_runner.py[pid:27084;line:116:_train_model] - INFO: [ Epoch 71 (valid) ]:  valid loglike is -1.4223629091789434, num_events is 7874, mark_ll is -1.578928921529718, time_ll is 0.15656587282412845[0m
[38;20m2026-09-28 09:38:17,649 - tpp_runner.py[pid:27084;line:136:_train_model] - INFO: [ Epoch 71 (test) ]: test loglike is -0.9688496644704151, num_events is 13081, mark_ll is -1.5451148582629386, time_ll is 0.576265137801248[0m
[31;1m2026-09-28 09:38:17,649 - tpp_runner.py[pid:27084;line:140:_train_model] - CRITICAL: current best loglike on valid set is -1.4023 (updated at epoch-70)[0m
[38;20m2026-09-28 09:38:17,739 - tpp_runner.py[pid:27084;line:104:_train_model] - INFO: [ Epoch 72 (train) ]: train loglike is -0.8018789369204937, num_events is 27940, mark_ll is -1.4845396944345024, time_ll is 0.68266074904904[0m
[38;20m2026-09-28 09:38:17,739 - tpp_runner.py[pid:27084;line:116:_train_model] - INFO: [ Epoch 72 (valid) ]:  valid loglike is -1.3907580774145922, num_events is 7874, mark_ll is -1.5691595758191517, time_ll is 0.17840140538679514[0m
[38;20m2026-09-28 09:38:17,913 - tpp_runner.py[pid:27084;line:136:_train_model] - INFO: [ Epoch 72 (test) ]: test loglike is -0.957541349183692, num_events is 13081, mark_ll is -1.542821530272915, time_ll is 0.5852801997529814[0m
[31;1m2026-09-28 09:38:17,913 - tpp_runner.py[pid:27084;line:140:_train_model] - CRITICAL: current best loglike on valid set is -1.3908 (updated at epoch-72), best updated at this epoch[0m
[38;20m2026-09-28 09:38:18,008 - tpp_runner.py[pid:27084;line:104:_train_model] - INFO: [ Epoch 73 (train) ]: train loglike is -0.8047649735796852, num_events is 27940, mark_ll is -1.4825132573427433, time_ll is 0.6777483304569187[0m
[38;20m2026-09-28 09:38:18,024 - tpp_runner.py[pid:27084;line:116:_train_model] - INFO: [ Epoch 73 (valid) ]:  valid loglike is -1.4062903076978028, num_events is 7874, mark_ll is -1.5723468605140336, time_ll is 0.16605647530142717[0m
[38;20m2026-09-28 09:38:18,040 - tpp_runner.py[pid:27084;line:136:_train_model] - INFO: [ Epoch 73 (test) ]: test loglike is -0.947285744531668, num_events is 13081, mark_ll is -1.5395579854607828, time_ll is 0.5922721849378393[0m
[31;1m2026-09-28 09:38:18,040 - tpp_runner.py[pid:27084;line:140:_train_model] - CRITICAL: current best loglike on valid set is -1.3908 (updated at epoch-72)[0m
[38;20m2026-09-28 09:38:18,134 - tpp_runner.py[pid:27084;line:104:_train_model] - INFO: [ Epoch 74 (train) ]: train loglike is -0.7964366850037189, num_events is 27940, mark_ll is -1.4857032508276664, time_ll is 0.689266538654128[0m
[38;20m2026-09-28 09:38:18,134 - tpp_runner.py[pid:27084;line:116:_train_model] - INFO: [ Epoch 74 (valid) ]:  valid loglike is -1.4183078307562864, num_events is 7874, mark_ll is -1.5929493030861062, time_ll is 0.17464172037719075[0m
[38;20m2026-09-28 09:38:18,166 - tpp_runner.py[pid:27084;line:136:_train_model] - INFO: [ Epoch 74 (test) ]: test loglike is -0.9648378149247955, num_events is 13081, mark_ll is -1.549891847252217, time_ll is 0.5850540696549384[0m
[31;1m2026-09-28 09:38:18,166 - tpp_runner.py[pid:27084;line:140:_train_model] - CRITICAL: current best loglike on valid set is -1.3908 (updated at epoch-72)[0m
[38;20m2026-09-28 09:38:18,245 - tpp_runner.py[pid:27084;line:104:_train_model] - INFO: [ Epoch 75 (train) ]: train loglike is -0.7965968378458863, num_events is 27940, mark_ll is -1.486375275422781, time_ll is 0.6897784594219757[0m
[38;20m2026-09-28 09:38:18,261 - tpp_runner.py[pid:27084;line:116:_train_model] - INFO: [ Epoch 75 (valid) ]:  valid loglike is -1.400293638477902, num_events is 7874, mark_ll is -1.5673795878841759, time_ll is 0.16708587189147034[0m
[38;20m2026-09-28 09:38:18,277 - tpp_runner.py[pid:27084;line:136:_train_model] - INFO: [ Epoch 75 (test) ]: test loglike is -0.9441585198116543, num_events is 13081, mark_ll is -1.5381383826613981, time_ll is 0.5939798815135025[0m
[31;1m2026-09-28 09:38:18,277 - tpp_runner.py[pid:27084;line:140:_train_model] - CRITICAL: current best loglike on valid set is -1.3908 (updated at epoch-72)[0m
[38;20m2026-09-28 09:38:18,376 - tpp_runner.py[pid:27084;line:104:_train_model] - INFO: [ Epoch 76 (train) ]: train loglike is -0.7850142394975841, num_events is 27940, mark_ll is -1.4800636548183608, time_ll is 0.6950494008484105[0m
[38;20m2026-09-28 09:38:18,387 - tpp_runner.py[pid:27084;line:116:_train_model] - INFO: [ Epoch 76 (valid) ]:  valid loglike is -1.3854931479394208, num_events is 7874, mark_ll is -1.5659235498158497, time_ll is 0.18043046388827153[0m
[38;20m2026-09-28 09:38:18,403 - tpp_runner.py[pid:27084;line:136:_train_model] - INFO: [ Epoch 76 (test) ]: test loglike is -0.9447046400492604, num_events is 13081, mark_ll is -1.535762971461471, time_ll is 0.591058238093418[0m
[31;1m2026-09-28 09:38:18,403 - tpp_runner.py[pid:27084;line:140:_train_model] - CRITICAL: current best loglike on valid set is -1.3855 (updated at epoch-76), best updated at this epoch[0m
[38;20m2026-09-28 09:38:18,498 - tpp_runner.py[pid:27084;line:104:_train_model] - INFO: [ Epoch 77 (train) ]: train loglike is -0.781958588891654, num_events is 27940, mark_ll is -1.477491195558563, time_ll is 0.695532663191056[0m
[38;20m2026-09-28 09:38:18,498 - tpp_runner.py[pid:27084;line:116:_train_model] - INFO: [ Epoch 77 (valid) ]:  valid loglike is -1.410394375476251, num_events is 7874, mark_ll is -1.5713533067691134, time_ll is 0.1609589312928626[0m
[38;20m2026-09-28 09:38:18,530 - tpp_runner.py[pid:27084;line:136:_train_model] - INFO: [ Epoch 77 (test) ]: test loglike is -0.9569275728215064, num_events is 13081, mark_ll is -1.538319495773928, time_ll is 0.5813919042886629[0m
[31;1m2026-09-28 09:38:18,530 - tpp_runner.py[pid:27084;line:140:_train_model] - CRITICAL: current best loglike on valid set is -1.3855 (updated at epoch-76)[0m
[38;20m2026-09-28 09:38:18,625 - tpp_runner.py[pid:27084;line:104:_train_model] - INFO: [ Epoch 78 (train) ]: train loglike is -0.7869296293047042, num_events is 27940, mark_ll is -1.4772663659851468, time_ll is 0.6903367331306168[0m
[38;20m2026-09-28 09:38:18,625 - tpp_runner.py[pid:27084;line:116:_train_model] - INFO: [ Epoch 78 (valid) ]:  valid loglike is -1.3977764537560324, num_events is 7874, mark_ll is -1.5687525300831853, time_ll is 0.17097616934491683[0m
[38;20m2026-09-28 09:38:18,678 - tpp_runner.py[pid:27084;line:136:_train_model] - INFO: [ Epoch 78 (test) ]: test loglike is -0.9556053015227238, num_events is 13081, mark_ll is -1.536315642678312, time_ll is 0.5807104158106223[0m
[31;1m2026-09-28 09:38:18,678 - tpp_runner.py[pid:27084;line:140:_train_model] - CRITICAL: current best loglike on valid set is -1.3855 (updated at epoch-76)[0m
[38;20m2026-09-28 09:38:18,768 - tpp_runner.py[pid:27084;line:104:_train_model] - INFO: [ Epoch 79 (train) ]: train loglike is -0.7785186789423206, num_events is 27940, mark_ll is -1.4755969648968772, time_ll is 0.6970782675227696[0m
[38;20m2026-09-28 09:38:18,784 - tpp_runner.py[pid:27084;line:116:_train_model] - INFO: [ Epoch 79 (valid) ]:  valid loglike is -1.3881432860521972, num_events is 7874, mark_ll is -1.5667969246094742, time_ll is 0.17865376258096266[0m
[38;20m2026-09-28 09:38:18,799 - tpp_runner.py[pid:27084;line:136:_train_model] - INFO: [ Epoch 79 (test) ]: test loglike is -0.9451702634964356, num_events is 13081, mark_ll is -1.5354547954810411, time_ll is 0.590284587975881[0m
[31;1m2026-09-28 09:38:18,799 - tpp_runner.py[pid:27084;line:140:_train_model] - CRITICAL: current best loglike on valid set is -1.3855 (updated at epoch-76)[0m
[38;20m2026-09-28 09:38:18,893 - tpp_runner.py[pid:27084;line:104:_train_model] - INFO: [ Epoch 80 (train) ]: train loglike is -0.7825323543125335, num_events is 27940, mark_ll is -1.475696560990068, time_ll is 0.6931642823161274[0m
[38;20m2026-09-28 09:38:18,894 - tpp_runner.py[pid:27084;line:116:_train_model] - INFO: [ Epoch 80 (valid) ]:  valid loglike is -1.387068124722187, num_events is 7874, mark_ll is -1.5658682352520954, time_ll is 0.17880017254175135[0m
[38;20m2026-09-28 09:38:18,926 - tpp_runner.py[pid:27084;line:136:_train_model] - INFO: [ Epoch 80 (test) ]: test loglike is -0.947189962123022, num_events is 13081, mark_ll is -1.5350400867670668, time_ll is 0.5878502366265959[0m
[31;1m2026-09-28 09:38:18,926 - tpp_runner.py[pid:27084;line:140:_train_model] - CRITICAL: current best loglike on valid set is -1.3855 (updated at epoch-76)[0m
[38;20m2026-09-28 09:38:19,005 - tpp_runner.py[pid:27084;line:104:_train_model] - INFO: [ Epoch 81 (train) ]: train loglike is -0.7726128591156552, num_events is 27940, mark_ll is -1.4751414862204724, time_ll is 0.7025286441030208[0m
[38;20m2026-09-28 09:38:19,030 - tpp_runner.py[pid:27084;line:116:_train_model] - INFO: [ Epoch 81 (valid) ]:  valid loglike is -1.4049071955565786, num_events is 7874, mark_ll is -1.5637806685769622, time_ll is 0.15887328698485523[0m
[38;20m2026-09-28 09:38:19,052 - tpp_runner.py[pid:27084;line:136:_train_model] - INFO: [ Epoch 81 (test) ]: test loglike is -0.957074885867384, num_events is 13081, mark_ll is -1.5334199232187906, time_ll is 0.5763450373514066[0m
[31;1m2026-09-28 09:38:19,052 - tpp_runner.py[pid:27084;line:140:_train_model] - CRITICAL: current best loglike on valid set is -1.3855 (updated at epoch-76)[0m
[38;20m2026-09-28 09:38:19,147 - tpp_runner.py[pid:27084;line:104:_train_model] - INFO: [ Epoch 82 (train) ]: train loglike is -0.7737107754094992, num_events is 27940, mark_ll is -1.4735392806012886, time_ll is 0.6998285237601082[0m
[38;20m2026-09-28 09:38:19,147 - tpp_runner.py[pid:27084;line:116:_train_model] - INFO: [ Epoch 82 (valid) ]:  valid loglike is -1.3904542193850014, num_events is 7874, mark_ll is -1.56185879754572, time_ll is 0.1714046401725616[0m
[38;20m2026-09-28 09:38:19,178 - tpp_runner.py[pid:27084;line:136:_train_model] - INFO: [ Epoch 82 (test) ]: test loglike is -0.9518601197586194, num_events is 13081, mark_ll is -1.5327719921785414, time_ll is 0.5809119470749561[0m
[31;1m2026-09-28 09:38:19,178 - tpp_runner.py[pid:27084;line:140:_train_model] - CRITICAL: current best loglike on valid set is -1.3855 (updated at epoch-76)[0m
[38;20m2026-09-28 09:38:19,268 - tpp_runner.py[pid:27084;line:104:_train_model] - INFO: [ Epoch 83 (train) ]: train loglike is -0.7675195408618356, num_events is 27940, mark_ll is -1.472132981668307, time_ll is 0.7046133885148088[0m
[38;20m2026-09-28 09:38:19,273 - tpp_runner.py[pid:27084;line:116:_train_model] - INFO: [ Epoch 83 (valid) ]:  valid loglike is -1.3964010310833121, num_events is 7874, mark_ll is -1.5614304197358395, time_ll is 0.1650293886525273[0m
[38;20m2026-09-28 09:38:19,305 - tpp_runner.py[pid:27084;line:136:_train_model] - INFO: [ Epoch 83 (test) ]: test loglike is -0.9514208495384527, num_events is 13081, mark_ll is -1.5322958423715693, time_ll is 0.5808749555055998[0m
[31;1m2026-09-28 09:38:19,305 - tpp_runner.py[pid:27084;line:140:_train_model] - CRITICAL: current best loglike on valid set is -1.3855 (updated at epoch-76)[0m
[38;20m2026-09-28 09:38:19,388 - tpp_runner.py[pid:27084;line:104:_train_model] - INFO: [ Epoch 84 (train) ]: train loglike is -0.7711514734419739, num_events is 27940, mark_ll is -1.4703810760782032, time_ll is 0.6992296433226928[0m
[38;20m2026-09-28 09:38:19,400 - tpp_runner.py[pid:27084;line:116:_train_model] - INFO: [ Epoch 84 (valid) ]:  valid loglike is -1.3945412959185293, num_events is 7874, mark_ll is -1.5623973083883669, time_ll is 0.1678558884461519[0m
[38;20m2026-09-28 09:38:19,429 - tpp_runner.py[pid:27084;line:136:_train_model] - INFO: [ Epoch 84 (test) ]: test loglike is -0.9508259608998738, num_events is 13081, mark_ll is -1.530416327235112, time_ll is 0.5795904036627552[0m
[31;1m2026-09-28 09:38:19,429 - tpp_runner.py[pid:27084;line:140:_train_model] - CRITICAL: current best loglike on valid set is -1.3855 (updated at epoch-76)[0m
[38;20m2026-09-28 09:38:19,509 - tpp_runner.py[pid:27084;line:104:_train_model] - INFO: [ Epoch 85 (train) ]: train loglike is -0.7648440645691661, num_events is 27940, mark_ll is -1.4698159176192287, time_ll is 0.7049718363931884[0m
[38;20m2026-09-28 09:38:19,525 - tpp_runner.py[pid:27084;line:116:_train_model] - INFO: [ Epoch 85 (valid) ]:  valid loglike is -1.3885433864617729, num_events is 7874, mark_ll is -1.5639576503762382, time_ll is 0.1754142949203867[0m
[38;20m2026-09-28 09:38:19,541 - tpp_runner.py[pid:27084;line:136:_train_model] - INFO: [ Epoch 85 (test) ]: test loglike is -0.9471435453556207, num_events is 13081, mark_ll is -1.5315352568849858, time_ll is 0.5843916555380896[0m
[31;1m2026-09-28 09:38:19,541 - tpp_runner.py[pid:27084;line:140:_train_model] - CRITICAL: current best loglike on valid set is -1.3855 (updated at epoch-76)[0m
[38;20m2026-09-28 09:38:19,636 - tpp_runner.py[pid:27084;line:104:_train_model] - INFO: [ Epoch 86 (train) ]: train loglike is -0.7642382742595741, num_events is 27940, mark_ll is -1.4679914339320865, time_ll is 0.7037531688884061[0m
[38;20m2026-09-28 09:38:19,651 - tpp_runner.py[pid:27084;line:116:_train_model] - INFO: [ Epoch 86 (valid) ]:  valid loglike is -1.3953681618300737, num_events is 7874, mark_ll is -1.5645950080962663, time_ll is 0.16922701679876015[0m
[38;20m2026-09-28 09:38:19,667 - tpp_runner.py[pid:27084;line:136:_train_model] - INFO: [ Epoch 86 (test) ]: test loglike is -0.9466188884402951, num_events is 13081, mark_ll is -1.5333958469703195, time_ll is 0.586776939866266[0m
[31;1m2026-09-28 09:38:19,667 - tpp_runner.py[pid:27084;line:140:_train_model] - CRITICAL: current best loglike on valid set is -1.3855 (updated at epoch-76)[0m
[38;20m2026-09-28 09:38:19,746 - tpp_runner.py[pid:27084;line:104:_train_model] - INFO: [ Epoch 87 (train) ]: train loglike is -0.7578244361522459, num_events is 27940, mark_ll is -1.4680036322253043, time_ll is 0.7101791144270682[0m
[38;20m2026-09-28 09:38:19,762 - tpp_runner.py[pid:27084;line:116:_train_model] - INFO: [ Epoch 87 (valid) ]:  valid loglike is -1.3796570893923037, num_events is 7874, mark_ll is -1.5663699110601346, time_ll is 0.18671288367967362[0m
[38;20m2026-09-28 09:38:19,799 - tpp_runner.py[pid:27084;line:136:_train_model] - INFO: [ Epoch 87 (test) ]: test loglike is -0.948142784322204, num_events is 13081, mark_ll is -1.5347504252350739, time_ll is 0.5866076409128698[0m
[31;1m2026-09-28 09:38:19,800 - tpp_runner.py[pid:27084;line:140:_train_model] - CRITICAL: current best loglike on valid set is -1.3797 (updated at epoch-87), best updated at this epoch[0m
[38;20m2026-09-28 09:38:19,894 - tpp_runner.py[pid:27084;line:104:_train_model] - INFO: [ Epoch 88 (train) ]: train loglike is -0.7608952035542121, num_events is 27940, mark_ll is -1.4684589361410612, time_ll is 0.7075636808413135[0m
[38;20m2026-09-28 09:38:19,904 - tpp_runner.py[pid:27084;line:116:_train_model] - INFO: [ Epoch 88 (valid) ]:  valid loglike is -1.3891100506810388, num_events is 7874, mark_ll is -1.5625437803609983, time_ll is 0.17343380719476284[0m
[38;20m2026-09-28 09:38:19,921 - tpp_runner.py[pid:27084;line:136:_train_model] - INFO: [ Epoch 88 (test) ]: test loglike is -0.949099376600604, num_events is 13081, mark_ll is -1.5352478517267412, time_ll is 0.5861484377986201[0m
[31;1m2026-09-28 09:38:19,921 - tpp_runner.py[pid:27084;line:140:_train_model] - CRITICAL: current best loglike on valid set is -1.3797 (updated at epoch-87)[0m
[38;20m2026-09-28 09:38:20,031 - tpp_runner.py[pid:27084;line:104:_train_model] - INFO: [ Epoch 89 (train) ]: train loglike is -0.7577996245092721, num_events is 27940, mark_ll is -1.4672027740806193, time_ll is 0.7094031931249772[0m
[38;20m2026-09-28 09:38:20,044 - tpp_runner.py[pid:27084;line:116:_train_model] - INFO: [ Epoch 89 (valid) ]:  valid loglike is -1.3851920184309119, num_events is 7874, mark_ll is -1.560449888477902, time_ll is 0.17525796306475425[0m
[38;20m2026-09-28 09:38:20,070 - tpp_runner.py[pid:27084;line:136:_train_model] - INFO: [ Epoch 89 (test) ]: test loglike is -0.9581830651923592, num_events is 13081, mark_ll is -1.5346340007095214, time_ll is 0.5764508981896452[0m
[31;1m2026-09-28 09:38:20,070 - tpp_runner.py[pid:27084;line:140:_train_model] - CRITICAL: current best loglike on valid set is -1.3797 (updated at epoch-87)[0m
[38;20m2026-09-28 09:38:20,158 - tpp_runner.py[pid:27084;line:104:_train_model] - INFO: [ Epoch 90 (train) ]: train loglike is -0.763631610146743, num_events is 27940, mark_ll is -1.4658848690833035, time_ll is 0.7022532777779428[0m
[38;20m2026-09-28 09:38:20,170 - tpp_runner.py[pid:27084;line:116:_train_model] - INFO: [ Epoch 90 (valid) ]:  valid loglike is -1.3832858984077343, num_events is 7874, mark_ll is -1.5578471274130048, time_ll is 0.1745612910171133[0m
[38;20m2026-09-28 09:38:20,194 - tpp_runner.py[pid:27084;line:136:_train_model] - INFO: [ Epoch 90 (test) ]: test loglike is -0.9532439814604675, num_events is 13081, mark_ll is -1.5328811751657938, time_ll is 0.5796372683603604[0m
[31;1m2026-09-28 09:38:20,194 - tpp_runner.py[pid:27084;line:140:_train_model] - CRITICAL: current best loglike on valid set is -1.3797 (updated at epoch-87)[0m
[38;20m2026-09-28 09:38:20,298 - tpp_runner.py[pid:27084;line:104:_train_model] - INFO: [ Epoch 91 (train) ]: train loglike is -0.7647877173672938, num_events is 27940, mark_ll is -1.465856173384932, time_ll is 0.7010685112447336[0m
[38;20m2026-09-28 09:38:20,298 - tpp_runner.py[pid:27084;line:116:_train_model] - INFO: [ Epoch 91 (valid) ]:  valid loglike is -1.3973312087249175, num_events is 7874, mark_ll is -1.5597606888573152, time_ll is 0.1624294026175943[0m
[38;20m2026-09-28 09:38:20,330 - tpp_runner.py[pid:27084;line:136:_train_model] - INFO: [ Epoch 91 (test) ]: test loglike is -0.9485308038615167, num_events is 13081, mark_ll is -1.5342143274357847, time_ll is 0.5856834675829925[0m
[31;1m2026-09-28 09:38:20,330 - tpp_runner.py[pid:27084;line:140:_train_model] - CRITICAL: current best loglike on valid set is -1.3797 (updated at epoch-87)[0m
[38;20m2026-09-28 09:38:20,420 - tpp_runner.py[pid:27084;line:104:_train_model] - INFO: [ Epoch 92 (train) ]: train loglike is -0.7581474637336704, num_events is 27940, mark_ll is -1.466107356864039, time_ll is 0.7079598385176662[0m
[38;20m2026-09-28 09:38:20,424 - tpp_runner.py[pid:27084;line:116:_train_model] - INFO: [ Epoch 92 (valid) ]:  valid loglike is -1.3933937047561595, num_events is 7874, mark_ll is -1.5601770363696978, time_ll is 0.166783393625381[0m
[38;20m2026-09-28 09:38:20,456 - tpp_runner.py[pid:27084;line:136:_train_model] - INFO: [ Epoch 92 (test) ]: test loglike is -0.9578916119395497, num_events is 13081, mark_ll is -1.534088160428293, time_ll is 0.5761966231437773[0m
[31;1m2026-09-28 09:38:20,456 - tpp_runner.py[pid:27084;line:140:_train_model] - CRITICAL: current best loglike on valid set is -1.3797 (updated at epoch-87)[0m
[38;20m2026-09-28 09:38:20,551 - tpp_runner.py[pid:27084;line:104:_train_model] - INFO: [ Epoch 93 (train) ]: train loglike is -0.7553130033106658, num_events is 27940, mark_ll is -1.4657771466199894, time_ll is 0.7104641225564966[0m
[38;20m2026-09-28 09:38:20,563 - tpp_runner.py[pid:27084;line:116:_train_model] - INFO: [ Epoch 93 (valid) ]:  valid loglike is -1.3871854511287147, num_events is 7874, mark_ll is -1.5598771470980441, time_ll is 0.17269163395748666[0m
[38;20m2026-09-28 09:38:20,588 - tpp_runner.py[pid:27084;line:136:_train_model] - INFO: [ Epoch 93 (test) ]: test loglike is -0.9512436558152091, num_events is 13081, mark_ll is -1.5336908090097279, time_ll is 0.5824471531945188[0m
[31;1m2026-09-28 09:38:20,588 - tpp_runner.py[pid:27084;line:140:_train_model] - CRITICAL: current best loglike on valid set is -1.3797 (updated at epoch-87)[0m
[38;20m2026-09-28 09:38:20,677 - tpp_runner.py[pid:27084;line:104:_train_model] - INFO: [ Epoch 94 (train) ]: train loglike is -0.7579691816588001, num_events is 27940, mark_ll is -1.4651342895769954, time_ll is 0.707165089008547[0m
[38;20m2026-09-28 09:38:20,677 - tpp_runner.py[pid:27084;line:116:_train_model] - INFO: [ Epoch 94 (valid) ]:  valid loglike is -1.3924790300752476, num_events is 7874, mark_ll is -1.5596152090741682, time_ll is 0.16713613249003842[0m
[38;20m2026-09-28 09:38:20,708 - tpp_runner.py[pid:27084;line:136:_train_model] - INFO: [ Epoch 94 (test) ]: test loglike is -0.9495931823231213, num_events is 13081, mark_ll is -1.5333761380413387, time_ll is 0.5837829930457342[0m
[31;1m2026-09-28 09:38:20,708 - tpp_runner.py[pid:27084;line:140:_train_model] - CRITICAL: current best loglike on valid set is -1.3797 (updated at epoch-87)[0m
[38;20m2026-09-28 09:38:20,803 - tpp_runner.py[pid:27084;line:104:_train_model] - INFO: [ Epoch 95 (train) ]: train loglike is -0.7564365788366254, num_events is 27940, mark_ll is -1.4650709912703561, time_ll is 0.7086344457474792[0m
[38;20m2026-09-28 09:38:20,803 - tpp_runner.py[pid:27084;line:116:_train_model] - INFO: [ Epoch 95 (valid) ]:  valid loglike is -1.380123666497333, num_events is 7874, mark_ll is -1.559389982061214, time_ll is 0.1792663620727632[0m
[38;20m2026-09-28 09:38:20,835 - tpp_runner.py[pid:27084;line:136:_train_model] - INFO: [ Epoch 95 (test) ]: test loglike is -0.9577168445049117, num_events is 13081, mark_ll is -1.5330821465173725, time_ll is 0.5753652646849439[0m
[31;1m2026-09-28 09:38:20,835 - tpp_runner.py[pid:27084;line:140:_train_model] - CRITICAL: current best loglike on valid set is -1.3797 (updated at epoch-87)[0m
[38;20m2026-09-28 09:38:20,932 - tpp_runner.py[pid:27084;line:104:_train_model] - INFO: [ Epoch 96 (train) ]: train loglike is -0.7595794612199132, num_events is 27940, mark_ll is -1.4650680727675376, time_ll is 0.705488562532724[0m
[38;20m2026-09-28 09:38:20,945 - tpp_runner.py[pid:27084;line:116:_train_model] - INFO: [ Epoch 96 (valid) ]:  valid loglike is -1.386111778082931, num_events is 7874, mark_ll is -1.559424832716853, time_ll is 0.17331308563984316[0m
[38;20m2026-09-28 09:38:20,966 - tpp_runner.py[pid:27084;line:136:_train_model] - INFO: [ Epoch 96 (test) ]: test loglike is -0.9516087935865951, num_events is 13081, mark_ll is -1.5330587048366906, time_ll is 0.5814498739225785[0m
[31;1m2026-09-28 09:38:20,966 - tpp_runner.py[pid:27084;line:140:_train_model] - CRITICAL: current best loglike on valid set is -1.3797 (updated at epoch-87)[0m
[38;20m2026-09-28 09:38:21,053 - tpp_runner.py[pid:27084;line:104:_train_model] - INFO: [ Epoch 97 (train) ]: train loglike is -0.7570903977412535, num_events is 27940, mark_ll is -1.465032980829456, time_ll is 0.7079426005642672[0m
[38;20m2026-09-28 09:38:21,067 - tpp_runner.py[pid:27084;line:116:_train_model] - INFO: [ Epoch 97 (valid) ]:  valid loglike is -1.3951182541036957, num_events is 7874, mark_ll is -1.5595167342678435, time_ll is 0.16439844915822643[0m
[38;20m2026-09-28 09:38:21,088 - tpp_runner.py[pid:27084;line:136:_train_model] - INFO: [ Epoch 97 (test) ]: test loglike is -0.9492753758433032, num_events is 13081, mark_ll is -1.5330943526154346, time_ll is 0.5838189207808558[0m
[31;1m2026-09-28 09:38:21,088 - tpp_runner.py[pid:27084;line:140:_train_model] - CRITICAL: current best loglike on valid set is -1.3797 (updated at epoch-87)[0m
[38;20m2026-09-28 09:38:21,178 - tpp_runner.py[pid:27084;line:104:_train_model] - INFO: [ Epoch 98 (train) ]: train loglike is -0.7584735146743021, num_events is 27940, mark_ll is -1.4650024326682176, time_ll is 0.7065289341046628[0m
[38;20m2026-09-28 09:38:21,191 - tpp_runner.py[pid:27084;line:116:_train_model] - INFO: [ Epoch 98 (valid) ]:  valid loglike is -1.3817528416306832, num_events is 7874, mark_ll is -1.5595450116681484, time_ll is 0.17779217003746509[0m
[38;20m2026-09-28 09:38:21,216 - tpp_runner.py[pid:27084;line:136:_train_model] - INFO: [ Epoch 98 (test) ]: test loglike is -0.9523394797320541, num_events is 13081, mark_ll is -1.5331049536302652, time_ll is 0.5807654738982111[0m
[31;1m2026-09-28 09:38:21,216 - tpp_runner.py[pid:27084;line:140:_train_model] - CRITICAL: current best loglike on valid set is -1.3797 (updated at epoch-87)[0m
[38;20m2026-09-28 09:38:21,309 - tpp_runner.py[pid:27084;line:104:_train_model] - INFO: [ Epoch 99 (train) ]: train loglike is -0.7574687632818092, num_events is 27940, mark_ll is -1.4649934150187902, time_ll is 0.7075245239432573[0m
[38;20m2026-09-28 09:38:21,321 - tpp_runner.py[pid:27084;line:116:_train_model] - INFO: [ Epoch 99 (valid) ]:  valid loglike is -1.3816069897764796, num_events is 7874, mark_ll is -1.5595484843313436, time_ll is 0.17794144804598203[0m
[38;20m2026-09-28 09:38:21,343 - tpp_runner.py[pid:27084;line:136:_train_model] - INFO: [ Epoch 99 (test) ]: test loglike is -0.9480229629926038, num_events is 13081, mark_ll is -1.5331046550101293, time_ll is 0.585081748008801[0m
[31;1m2026-09-28 09:38:21,343 - tpp_runner.py[pid:27084;line:140:_train_model] - CRITICAL: current best loglike on valid set is -1.3797 (updated at epoch-87)[0m
[38;20m2026-09-28 09:38:21,343 - base_runner.py[pid:27084;line:118:train] - INFO: End RMTPP train! Cost time: 0.199m[0m
RESULT {"model": "RMTPP", "dataset": "lob_goog", "seed": 2019, "ll_per_event": -0.948142784322204, "mark_ll": -1.5347504252350739, "time_ll": 0.5866076409128698, "val_ll": -1.3796570893923037, "best_epoch": 87, "n_params": 34962, "seconds": 12.621286153793335, "max_epoch": 100, "batch_size": 64}
