
=== Mon Sep 28 13:17:20 2026 attempt 1: D:\Quant\.venv\Scripts\python.exe -u -m infodiff.baselines.easytpp_runner NHP lob_intc 6 2019 100 64
[31;1m2026-09-28 13:17:23,238 - config.py[pid:31752;line:33:build_from_yaml_file] - CRITICAL: Load pipeline config class RunnerConfig[0m
[31;1m2026-09-28 13:17:23,252 - runner_config.py[pid:31752;line:205:update_config] - CRITICAL: train model NHP using GPU with torch backend[0m
[38;20m2026-09-28 13:17:23,254 - runner_config.py[pid:31752;line:45:__init__] - INFO: Save the config to D:\Quant\results\easytpp\checkpoints/lob_intc/NHP/train_2026_09_28_13_17_23\NHP_train_output.yaml[0m
[38;20m2026-09-28 13:17:23,255 - base_runner.py[pid:31752;line:193:save_log] - INFO: Save the log to D:\Quant\results\easytpp\checkpoints/lob_intc/NHP/train_2026_09_28_13_17_23\log[0m
0.05594760211174467 0.25143732741296776
min_dt: 7.275957614183426e-12
max_dt: 9.741414969998004
[38;20m2026-09-28 13:17:28,833 - tpp_runner.py[pid:31752;line:62:_init_model] - INFO: Num of model parameters 231948[0m
[38;20m2026-09-28 13:17:29,585 - base_runner.py[pid:31752;line:103:train] - INFO: Data 'lob_intc' loaded...[0m
[38;20m2026-09-28 13:17:29,585 - base_runner.py[pid:31752;line:108:train] - INFO: Start NHP training...[0m
[38;20m2026-09-28 13:17:42,240 - tpp_runner.py[pid:31752;line:104:_train_model] - INFO: [ Epoch 0 (train) ]: train loglike is 0.5508844817040472, num_events is 248539, mark_ll is -1.4805934965972392, time_ll is 2.0314779453941334[0m
[38;20m2026-09-28 13:17:42,556 - tpp_runner.py[pid:31752;line:116:_train_model] - INFO: [ Epoch 0 (valid) ]:  valid loglike is 1.2837896695633029, num_events is 48260, mark_ll is -1.4557247485948508, time_ll is 2.739514438393597[0m
[38;20m2026-09-28 13:17:43,251 - tpp_runner.py[pid:31752;line:136:_train_model] - INFO: [ Epoch 0 (test) ]: test loglike is 1.5998951995347173, num_events is 104775, mark_ll is -1.4876743132605583, time_ll is 3.087569512795276[0m
[31;1m2026-09-28 13:17:43,251 - tpp_runner.py[pid:31752;line:140:_train_model] - CRITICAL: current best loglike on valid set is 1.2838 (updated at epoch-0), best updated at this epoch[0m
[38;20m2026-09-28 13:17:55,698 - tpp_runner.py[pid:31752;line:104:_train_model] - INFO: [ Epoch 1 (train) ]: train loglike is 1.832454995902303, num_events is 248539, mark_ll is -1.532721254259895, time_ll is 3.365176214799287[0m
[38;20m2026-09-28 13:17:55,975 - tpp_runner.py[pid:31752;line:116:_train_model] - INFO: [ Epoch 1 (valid) ]:  valid loglike is 1.5742403614535847, num_events is 48260, mark_ll is -1.5153921912233217, time_ll is 3.0896326133832366[0m
[38;20m2026-09-28 13:17:56,686 - tpp_runner.py[pid:31752;line:136:_train_model] - INFO: [ Epoch 1 (test) ]: test loglike is 1.8853559338463375, num_events is 104775, mark_ll is -1.5539698535552373, time_ll is 3.439325787401575[0m
[31;1m2026-09-28 13:17:56,686 - tpp_runner.py[pid:31752;line:140:_train_model] - CRITICAL: current best loglike on valid set is 1.5742 (updated at epoch-1), best updated at this epoch[0m
[38;20m2026-09-28 13:18:08,911 - tpp_runner.py[pid:31752;line:104:_train_model] - INFO: [ Epoch 2 (train) ]: train loglike is 2.089490368431866, num_events is 248539, mark_ll is -1.53281789127222, time_ll is 3.622308214518144[0m
[38;20m2026-09-28 13:18:09,229 - tpp_runner.py[pid:31752;line:116:_train_model] - INFO: [ Epoch 2 (valid) ]:  valid loglike is 1.772363706194312, num_events is 48260, mark_ll is -1.4995625704193432, time_ll is 3.2719261956718815[0m
[38;20m2026-09-28 13:18:09,984 - tpp_runner.py[pid:31752;line:136:_train_model] - INFO: [ Epoch 2 (test) ]: test loglike is 2.094771413072656, num_events is 104775, mark_ll is -1.5350963560307802, time_ll is 3.6298677411417324[0m
[31;1m2026-09-28 13:18:09,984 - tpp_runner.py[pid:31752;line:140:_train_model] - CRITICAL: current best loglike on valid set is 1.7724 (updated at epoch-2), best updated at this epoch[0m
[38;20m2026-09-28 13:18:22,261 - tpp_runner.py[pid:31752;line:104:_train_model] - INFO: [ Epoch 3 (train) ]: train loglike is 2.301382914565219, num_events is 248539, mark_ll is -1.5198083773447024, time_ll is 3.8211912683346476[0m
[38;20m2026-09-28 13:18:22,540 - tpp_runner.py[pid:31752;line:116:_train_model] - INFO: [ Epoch 3 (valid) ]:  valid loglike is 1.946378604337184, num_events is 48260, mark_ll is -1.4928541769192913, time_ll is 3.439232720550145[0m
[38;20m2026-09-28 13:18:23,274 - tpp_runner.py[pid:31752;line:136:_train_model] - INFO: [ Epoch 3 (test) ]: test loglike is 2.2764484069285373, num_events is 104775, mark_ll is -1.527862038818301, time_ll is 3.804310501670246[0m
[31;1m2026-09-28 13:18:23,274 - tpp_runner.py[pid:31752;line:140:_train_model] - CRITICAL: current best loglike on valid set is 1.9464 (updated at epoch-3), best updated at this epoch[0m
[38;20m2026-09-28 13:18:35,562 - tpp_runner.py[pid:31752;line:104:_train_model] - INFO: [ Epoch 4 (train) ]: train loglike is 2.485833283930037, num_events is 248539, mark_ll is -1.5125160068251362, time_ll is 3.998349337905721[0m
[38;20m2026-09-28 13:18:35,849 - tpp_runner.py[pid:31752;line:116:_train_model] - INFO: [ Epoch 4 (valid) ]:  valid loglike is 2.099690094183848, num_events is 48260, mark_ll is -1.4926678894270617, time_ll is 3.592358003846353[0m
[38;20m2026-09-28 13:18:36,727 - tpp_runner.py[pid:31752;line:136:_train_model] - INFO: [ Epoch 4 (test) ]: test loglike is 2.4369385103495587, num_events is 104775, mark_ll is -1.5273160306311142, time_ll is 3.964254634186352[0m
[31;1m2026-09-28 13:18:36,727 - tpp_runner.py[pid:31752;line:140:_train_model] - CRITICAL: current best loglike on valid set is 2.0997 (updated at epoch-4), best updated at this epoch[0m
[38;20m2026-09-28 13:18:49,002 - tpp_runner.py[pid:31752;line:104:_train_model] - INFO: [ Epoch 5 (train) ]: train loglike is 2.6471527104398103, num_events is 248539, mark_ll is -1.5075099192179096, time_ll is 4.1546625982240215[0m
[38;20m2026-09-28 13:18:49,301 - tpp_runner.py[pid:31752;line:116:_train_model] - INFO: [ Epoch 5 (valid) ]:  valid loglike is 2.227504115889194, num_events is 48260, mark_ll is -1.4917263544796415, time_ll is 3.7192305108397226[0m
[38;20m2026-09-28 13:18:50,075 - tpp_runner.py[pid:31752;line:136:_train_model] - INFO: [ Epoch 5 (test) ]: test loglike is 2.5770627535194466, num_events is 104775, mark_ll is -1.5270481854718445, time_ll is 4.104110948311859[0m
[31;1m2026-09-28 13:18:50,075 - tpp_runner.py[pid:31752;line:140:_train_model] - CRITICAL: current best loglike on valid set is 2.2275 (updated at epoch-5), best updated at this epoch[0m
[38;20m2026-09-28 13:19:02,645 - tpp_runner.py[pid:31752;line:104:_train_model] - INFO: [ Epoch 6 (train) ]: train loglike is 2.7873848913676524, num_events is 248539, mark_ll is -1.5064547646131492, time_ll is 4.293839644193165[0m
[38;20m2026-09-28 13:19:02,964 - tpp_runner.py[pid:31752;line:116:_train_model] - INFO: [ Epoch 6 (valid) ]:  valid loglike is 2.335962126534656, num_events is 48260, mark_ll is -1.491606864186179, time_ll is 3.8275689704853915[0m
[38;20m2026-09-28 13:19:03,697 - tpp_runner.py[pid:31752;line:136:_train_model] - INFO: [ Epoch 6 (test) ]: test loglike is 2.7006260811858747, num_events is 104775, mark_ll is -1.5267040794261513, time_ll is 4.22733014197089[0m
[31;1m2026-09-28 13:19:03,697 - tpp_runner.py[pid:31752;line:140:_train_model] - CRITICAL: current best loglike on valid set is 2.3360 (updated at epoch-6), best updated at this epoch[0m
[38;20m2026-09-28 13:19:16,243 - tpp_runner.py[pid:31752;line:104:_train_model] - INFO: [ Epoch 7 (train) ]: train loglike is 2.908356435006176, num_events is 248539, mark_ll is -1.5044550175444045, time_ll is 4.4128115173825835[0m
[38;20m2026-09-28 13:19:16,585 - tpp_runner.py[pid:31752;line:116:_train_model] - INFO: [ Epoch 7 (valid) ]:  valid loglike is 2.4293290898259428, num_events is 48260, mark_ll is -1.4892565579025072, time_ll is 3.918585688199337[0m
[38;20m2026-09-28 13:19:17,280 - tpp_runner.py[pid:31752;line:136:_train_model] - INFO: [ Epoch 7 (test) ]: test loglike is 2.796893007337151, num_events is 104775, mark_ll is -1.524806849871749, time_ll is 4.321699941094011[0m
[31;1m2026-09-28 13:19:17,280 - tpp_runner.py[pid:31752;line:140:_train_model] - CRITICAL: current best loglike on valid set is 2.4293 (updated at epoch-7), best updated at this epoch[0m
[38;20m2026-09-28 13:19:29,791 - tpp_runner.py[pid:31752;line:104:_train_model] - INFO: [ Epoch 8 (train) ]: train loglike is 3.0096355955768006, num_events is 248539, mark_ll is -1.5008636723009265, time_ll is 4.510499263948515[0m
[38;20m2026-09-28 13:19:30,156 - tpp_runner.py[pid:31752;line:116:_train_model] - INFO: [ Epoch 8 (valid) ]:  valid loglike is 2.5098963864354538, num_events is 48260, mark_ll is -1.4863965005633548, time_ll is 3.9962928262924784[0m
[38;20m2026-09-28 13:19:30,804 - tpp_runner.py[pid:31752;line:136:_train_model] - INFO: [ Epoch 8 (test) ]: test loglike is 2.8849574795693154, num_events is 104775, mark_ll is -1.5207964052433787, time_ll is 4.405753959377237[0m
[31;1m2026-09-28 13:19:30,899 - tpp_runner.py[pid:31752;line:140:_train_model] - CRITICAL: current best loglike on valid set is 2.5099 (updated at epoch-8), best updated at this epoch[0m
[38;20m2026-09-28 13:19:43,432 - tpp_runner.py[pid:31752;line:104:_train_model] - INFO: [ Epoch 9 (train) ]: train loglike is 3.1008583851528333, num_events is 248539, mark_ll is -1.4991573529141804, time_ll is 4.600015741996226[0m
[38;20m2026-09-28 13:19:43,741 - tpp_runner.py[pid:31752;line:116:_train_model] - INFO: [ Epoch 9 (valid) ]:  valid loglike is 2.584958833013883, num_events is 48260, mark_ll is -1.4851079075256424, time_ll is 4.0700665988914215[0m
[38;20m2026-09-28 13:19:44,393 - tpp_runner.py[pid:31752;line:136:_train_model] - INFO: [ Epoch 9 (test) ]: test loglike is 2.9661774300584587, num_events is 104775, mark_ll is -1.5202986962389644, time_ll is 4.486476266105941[0m
[31;1m2026-09-28 13:19:44,393 - tpp_runner.py[pid:31752;line:140:_train_model] - CRITICAL: current best loglike on valid set is 2.5850 (updated at epoch-9), best updated at this epoch[0m
[38;20m2026-09-28 13:19:56,976 - tpp_runner.py[pid:31752;line:104:_train_model] - INFO: [ Epoch 10 (train) ]: train loglike is 3.175626737654855, num_events is 248539, mark_ll is -1.4981410975113563, time_ll is 4.67376776444039[0m
[38;20m2026-09-28 13:19:57,293 - tpp_runner.py[pid:31752;line:116:_train_model] - INFO: [ Epoch 10 (valid) ]:  valid loglike is 2.6422006125673434, num_events is 48260, mark_ll is -1.485813254377331, time_ll is 4.128013947886449[0m
[38;20m2026-09-28 13:19:57,939 - tpp_runner.py[pid:31752;line:136:_train_model] - INFO: [ Epoch 10 (test) ]: test loglike is 3.0303935516583156, num_events is 104775, mark_ll is -1.5208439028573133, time_ll is 4.5512373613099495[0m
[31;1m2026-09-28 13:19:57,955 - tpp_runner.py[pid:31752;line:140:_train_model] - CRITICAL: current best loglike on valid set is 2.6422 (updated at epoch-10), best updated at this epoch[0m
[38;20m2026-09-28 13:20:10,671 - tpp_runner.py[pid:31752;line:104:_train_model] - INFO: [ Epoch 11 (train) ]: train loglike is 3.242349006343069, num_events is 248539, mark_ll is -1.4966525861509663, time_ll is 4.739001568918761[0m
[38;20m2026-09-28 13:20:11,010 - tpp_runner.py[pid:31752;line:116:_train_model] - INFO: [ Epoch 11 (valid) ]:  valid loglike is 2.701376293449544, num_events is 48260, mark_ll is -1.4872977872137898, time_ll is 4.188674019957004[0m
[38;20m2026-09-28 13:20:11,863 - tpp_runner.py[pid:31752;line:136:_train_model] - INFO: [ Epoch 11 (test) ]: test loglike is 3.0885108528692435, num_events is 104775, mark_ll is -1.5207348056102363, time_ll is 4.609245723723455[0m
[31;1m2026-09-28 13:20:11,863 - tpp_runner.py[pid:31752;line:140:_train_model] - CRITICAL: current best loglike on valid set is 2.7014 (updated at epoch-11), best updated at this epoch[0m
[38;20m2026-09-28 13:20:24,461 - tpp_runner.py[pid:31752;line:104:_train_model] - INFO: [ Epoch 12 (train) ]: train loglike is 3.3013965882240814, num_events is 248539, mark_ll is -1.4960070715762919, time_ll is 4.7974035497824286[0m
[38;20m2026-09-28 13:20:24,779 - tpp_runner.py[pid:31752;line:116:_train_model] - INFO: [ Epoch 12 (valid) ]:  valid loglike is 2.7418277138157894, num_events is 48260, mark_ll is -1.4886256977180896, time_ll is 4.230453411533879[0m
[38;20m2026-09-28 13:20:25,544 - tpp_runner.py[pid:31752;line:136:_train_model] - INFO: [ Epoch 12 (test) ]: test loglike is 3.1378528021355283, num_events is 104775, mark_ll is -1.5221730531197806, time_ll is 4.660025873896445[0m
[31;1m2026-09-28 13:20:25,544 - tpp_runner.py[pid:31752;line:140:_train_model] - CRITICAL: current best loglike on valid set is 2.7418 (updated at epoch-12), best updated at this epoch[0m
[38;20m2026-09-28 13:20:38,029 - tpp_runner.py[pid:31752;line:104:_train_model] - INFO: [ Epoch 13 (train) ]: train loglike is 3.349578845020299, num_events is 248539, mark_ll is -1.4952995186683478, time_ll is 4.844878375476283[0m
[38;20m2026-09-28 13:20:38,339 - tpp_runner.py[pid:31752;line:116:_train_model] - INFO: [ Epoch 13 (valid) ]:  valid loglike is 2.783573393143908, num_events is 48260, mark_ll is -1.4871781957431103, time_ll is 4.2707516091224615[0m
[38;20m2026-09-28 13:20:39,019 - tpp_runner.py[pid:31752;line:136:_train_model] - INFO: [ Epoch 13 (test) ]: test loglike is 3.1860616313230734, num_events is 104775, mark_ll is -1.520973673123956, time_ll is 4.707035276485326[0m
[31;1m2026-09-28 13:20:39,019 - tpp_runner.py[pid:31752;line:140:_train_model] - CRITICAL: current best loglike on valid set is 2.7836 (updated at epoch-13), best updated at this epoch[0m
[38;20m2026-09-28 13:20:51,603 - tpp_runner.py[pid:31752;line:104:_train_model] - INFO: [ Epoch 14 (train) ]: train loglike is 3.397790291934817, num_events is 248539, mark_ll is -1.4950769562950885, time_ll is 4.892867228583844[0m
[38;20m2026-09-28 13:20:51,928 - tpp_runner.py[pid:31752;line:116:_train_model] - INFO: [ Epoch 14 (valid) ]:  valid loglike is 2.8189587488344383, num_events is 48260, mark_ll is -1.4887288377732595, time_ll is 4.3076875663722545[0m
[38;20m2026-09-28 13:20:52,558 - tpp_runner.py[pid:31752;line:136:_train_model] - INFO: [ Epoch 14 (test) ]: test loglike is 3.2224021713194944, num_events is 104775, mark_ll is -1.5227460816332619, time_ll is 4.74514823431162[0m
[31;1m2026-09-28 13:20:52,558 - tpp_runner.py[pid:31752;line:140:_train_model] - CRITICAL: current best loglike on valid set is 2.8190 (updated at epoch-14), best updated at this epoch[0m
[38;20m2026-09-28 13:21:05,006 - tpp_runner.py[pid:31752;line:104:_train_model] - INFO: [ Epoch 15 (train) ]: train loglike is 3.4359642280738636, num_events is 248539, mark_ll is -1.4948919532623652, time_ll is 4.930856173477804[0m
[38;20m2026-09-28 13:21:05,313 - tpp_runner.py[pid:31752;line:116:_train_model] - INFO: [ Epoch 15 (valid) ]:  valid loglike is 2.8508604919964773, num_events is 48260, mark_ll is -1.4860491794122979, time_ll is 4.336909772585993[0m
[38;20m2026-09-28 13:21:06,007 - tpp_runner.py[pid:31752;line:136:_train_model] - INFO: [ Epoch 15 (test) ]: test loglike is 3.2623840334943925, num_events is 104775, mark_ll is -1.5211685568778335, time_ll is 4.783552590372226[0m
[31;1m2026-09-28 13:21:06,007 - tpp_runner.py[pid:31752;line:140:_train_model] - CRITICAL: current best loglike on valid set is 2.8509 (updated at epoch-15), best updated at this epoch[0m
[38;20m2026-09-28 13:21:18,542 - tpp_runner.py[pid:31752;line:104:_train_model] - INFO: [ Epoch 16 (train) ]: train loglike is 3.4723534098898967, num_events is 248539, mark_ll is -1.494931913351627, time_ll is 4.9672854096841945[0m
[38;20m2026-09-28 13:21:18,834 - tpp_runner.py[pid:31752;line:116:_train_model] - INFO: [ Epoch 16 (valid) ]:  valid loglike is 2.8717866520539785, num_events is 48260, mark_ll is -1.4842549431141214, time_ll is 4.356041574932656[0m
[38;20m2026-09-28 13:21:19,539 - tpp_runner.py[pid:31752;line:136:_train_model] - INFO: [ Epoch 16 (test) ]: test loglike is 3.2885914012168933, num_events is 104775, mark_ll is -1.5191522011453114, time_ll is 4.807743602362205[0m
[31;1m2026-09-28 13:21:19,539 - tpp_runner.py[pid:31752;line:140:_train_model] - CRITICAL: current best loglike on valid set is 2.8718 (updated at epoch-16), best updated at this epoch[0m
[38;20m2026-09-28 13:21:32,038 - tpp_runner.py[pid:31752;line:104:_train_model] - INFO: [ Epoch 17 (train) ]: train loglike is 3.5098528181505215, num_events is 248539, mark_ll is -1.494736558809055, time_ll is 5.004589359278121[0m
[38;20m2026-09-28 13:21:32,353 - tpp_runner.py[pid:31752;line:116:_train_model] - INFO: [ Epoch 17 (valid) ]:  valid loglike is 2.9117424254688147, num_events is 48260, mark_ll is -1.4872562640838687, time_ll is 4.398998790729901[0m
[38;20m2026-09-28 13:21:33,159 - tpp_runner.py[pid:31752;line:136:_train_model] - INFO: [ Epoch 17 (test) ]: test loglike is 3.3271359572596038, num_events is 104775, mark_ll is -1.5213830231448342, time_ll is 4.848518961763302[0m
[31;1m2026-09-28 13:21:33,159 - tpp_runner.py[pid:31752;line:140:_train_model] - CRITICAL: current best loglike on valid set is 2.9117 (updated at epoch-17), best updated at this epoch[0m
[38;20m2026-09-28 13:21:45,713 - tpp_runner.py[pid:31752;line:104:_train_model] - INFO: [ Epoch 18 (train) ]: train loglike is 3.541437681341007, num_events is 248539, mark_ll is -1.4944588165426251, time_ll is 5.03589654503418[0m
[38;20m2026-09-28 13:21:46,036 - tpp_runner.py[pid:31752;line:116:_train_model] - INFO: [ Epoch 18 (valid) ]:  valid loglike is 2.929805998756734, num_events is 48260, mark_ll is -1.4857787529462805, time_ll is 4.415584812409345[0m
[38;20m2026-09-28 13:21:46,840 - tpp_runner.py[pid:31752;line:136:_train_model] - INFO: [ Epoch 18 (test) ]: test loglike is 3.3528093496480555, num_events is 104775, mark_ll is -1.5202997401425673, time_ll is 4.8731091923168695[0m
[31;1m2026-09-28 13:21:46,840 - tpp_runner.py[pid:31752;line:140:_train_model] - CRITICAL: current best loglike on valid set is 2.9298 (updated at epoch-18), best updated at this epoch[0m
[38;20m2026-09-28 13:21:59,312 - tpp_runner.py[pid:31752;line:104:_train_model] - INFO: [ Epoch 19 (train) ]: train loglike is 3.570495180868244, num_events is 248539, mark_ll is -1.4940790424553592, time_ll is 5.064574231182028[0m
[38;20m2026-09-28 13:21:59,641 - tpp_runner.py[pid:31752;line:116:_train_model] - INFO: [ Epoch 19 (valid) ]:  valid loglike is 2.952239820762536, num_events is 48260, mark_ll is -1.4870606075813302, time_ll is 4.439300428343866[0m
[38;20m2026-09-28 13:22:00,301 - tpp_runner.py[pid:31752;line:136:_train_model] - INFO: [ Epoch 19 (test) ]: test loglike is 3.3768181445359104, num_events is 104775, mark_ll is -1.5213025400411597, time_ll is 4.898120600691959[0m
[31;1m2026-09-28 13:22:00,301 - tpp_runner.py[pid:31752;line:140:_train_model] - CRITICAL: current best loglike on valid set is 2.9522 (updated at epoch-19), best updated at this epoch[0m
[38;20m2026-09-28 13:22:12,881 - tpp_runner.py[pid:31752;line:104:_train_model] - INFO: [ Epoch 20 (train) ]: train loglike is 3.5975374070442667, num_events is 248539, mark_ll is -1.4940272357909623, time_ll is 5.091564548534134[0m
[38;20m2026-09-28 13:22:13,222 - tpp_runner.py[pid:31752;line:116:_train_model] - INFO: [ Epoch 20 (valid) ]:  valid loglike is 2.9534375566592415, num_events is 48260, mark_ll is -1.484656576195348, time_ll is 4.43809419356092[0m
[38;20m2026-09-28 13:22:13,865 - tpp_runner.py[pid:31752;line:136:_train_model] - INFO: [ Epoch 20 (test) ]: test loglike is 3.4046830261274157, num_events is 104775, mark_ll is -1.519029356060606, time_ll is 4.923712419470293[0m
[31;1m2026-09-28 13:22:13,865 - tpp_runner.py[pid:31752;line:140:_train_model] - CRITICAL: current best loglike on valid set is 2.9534 (updated at epoch-20), best updated at this epoch[0m
[38;20m2026-09-28 13:22:26,439 - tpp_runner.py[pid:31752;line:104:_train_model] - INFO: [ Epoch 21 (train) ]: train loglike is 3.6187238298742854, num_events is 248539, mark_ll is -1.4925687043205493, time_ll is 5.111292510619561[0m
[38;20m2026-09-28 13:22:26,801 - tpp_runner.py[pid:31752;line:116:_train_model] - INFO: [ Epoch 21 (valid) ]:  valid loglike is 2.996266722570452, num_events is 48260, mark_ll is -1.4858871542167427, time_ll is 4.482154038670742[0m
[38;20m2026-09-28 13:22:27,463 - tpp_runner.py[pid:31752;line:136:_train_model] - INFO: [ Epoch 21 (test) ]: test loglike is 3.423713612502983, num_events is 104775, mark_ll is -1.519855121092818, time_ll is 4.943568808160344[0m
[31;1m2026-09-28 13:22:27,463 - tpp_runner.py[pid:31752;line:140:_train_model] - CRITICAL: current best loglike on valid set is 2.9963 (updated at epoch-21), best updated at this epoch[0m
[38;20m2026-09-28 13:22:39,830 - tpp_runner.py[pid:31752;line:104:_train_model] - INFO: [ Epoch 22 (train) ]: train loglike is 3.6463619328857844, num_events is 248539, mark_ll is -1.4927777403804081, time_ll is 5.13913969487686[0m
[38;20m2026-09-28 13:22:40,138 - tpp_runner.py[pid:31752;line:116:_train_model] - INFO: [ Epoch 22 (valid) ]:  valid loglike is 3.017712973995027, num_events is 48260, mark_ll is -1.4843163981558227, time_ll is 4.502029412621736[0m
[38;20m2026-09-28 13:22:40,890 - tpp_runner.py[pid:31752;line:136:_train_model] - INFO: [ Epoch 22 (test) ]: test loglike is 3.443009257188022, num_events is 104775, mark_ll is -1.5190271377654498, time_ll is 4.962036469518015[0m
[31;1m2026-09-28 13:22:40,890 - tpp_runner.py[pid:31752;line:140:_train_model] - CRITICAL: current best loglike on valid set is 3.0177 (updated at epoch-22), best updated at this epoch[0m
[38;20m2026-09-28 13:22:53,360 - tpp_runner.py[pid:31752;line:104:_train_model] - INFO: [ Epoch 23 (train) ]: train loglike is 3.6715358539680896, num_events is 248539, mark_ll is -1.4923182131061423, time_ll is 5.16385406314502[0m
[38;20m2026-09-28 13:22:53,701 - tpp_runner.py[pid:31752;line:116:_train_model] - INFO: [ Epoch 23 (valid) ]:  valid loglike is 3.0291760289318277, num_events is 48260, mark_ll is -1.4860530443819933, time_ll is 4.51522895190116[0m
[38;20m2026-09-28 13:22:54,396 - tpp_runner.py[pid:31752;line:136:_train_model] - INFO: [ Epoch 23 (test) ]: test loglike is 3.4664646153960867, num_events is 104775, mark_ll is -1.5200058812783346, time_ll is 4.986470487353854[0m
[31;1m2026-09-28 13:22:54,396 - tpp_runner.py[pid:31752;line:140:_train_model] - CRITICAL: current best loglike on valid set is 3.0292 (updated at epoch-23), best updated at this epoch[0m
[38;20m2026-09-28 13:23:06,884 - tpp_runner.py[pid:31752;line:104:_train_model] - INFO: [ Epoch 24 (train) ]: train loglike is 3.691134277781857, num_events is 248539, mark_ll is -1.4923034923121974, time_ll is 5.183437720978901[0m
[38;20m2026-09-28 13:23:07,203 - tpp_runner.py[pid:31752;line:116:_train_model] - INFO: [ Epoch 24 (valid) ]:  valid loglike is 3.0461370538489434, num_events is 48260, mark_ll is -1.484601879791753, time_ll is 4.530738933640696[0m
[38;20m2026-09-28 13:23:07,891 - tpp_runner.py[pid:31752;line:136:_train_model] - INFO: [ Epoch 24 (test) ]: test loglike is 3.4872614121033165, num_events is 104775, mark_ll is -1.5190258515270818, time_ll is 5.006287319553806[0m
[31;1m2026-09-28 13:23:07,891 - tpp_runner.py[pid:31752;line:140:_train_model] - CRITICAL: current best loglike on valid set is 3.0461 (updated at epoch-24), best updated at this epoch[0m
[38;20m2026-09-28 13:23:20,450 - tpp_runner.py[pid:31752;line:104:_train_model] - INFO: [ Epoch 25 (train) ]: train loglike is 3.7124748514694876, num_events is 248539, mark_ll is -1.4926182359710145, time_ll is 5.205093205316872[0m
[38;20m2026-09-28 13:23:20,782 - tpp_runner.py[pid:31752;line:116:_train_model] - INFO: [ Epoch 25 (valid) ]:  valid loglike is 3.0728979421363447, num_events is 48260, mark_ll is -1.4867880159228657, time_ll is 4.559685816411107[0m
[38;20m2026-09-28 13:23:21,444 - tpp_runner.py[pid:31752;line:136:_train_model] - INFO: [ Epoch 25 (test) ]: test loglike is 3.505873299928418, num_events is 104775, mark_ll is -1.5204873631740634, time_ll is 5.026360616499642[0m
[31;1m2026-09-28 13:23:21,444 - tpp_runner.py[pid:31752;line:140:_train_model] - CRITICAL: current best loglike on valid set is 3.0729 (updated at epoch-25), best updated at this epoch[0m
[38;20m2026-09-28 13:23:33,738 - tpp_runner.py[pid:31752;line:104:_train_model] - INFO: [ Epoch 26 (train) ]: train loglike is 3.7340712876047624, num_events is 248539, mark_ll is -1.491839741134691, time_ll is 5.225910934438358[0m
[38;20m2026-09-28 13:23:34,019 - tpp_runner.py[pid:31752;line:116:_train_model] - INFO: [ Epoch 26 (valid) ]:  valid loglike is 3.083062286313717, num_events is 48260, mark_ll is -1.485879808750777, time_ll is 4.568942196241712[0m
[38;20m2026-09-28 13:23:34,686 - tpp_runner.py[pid:31752;line:136:_train_model] - INFO: [ Epoch 26 (test) ]: test loglike is 3.5204627102720116, num_events is 104775, mark_ll is -1.5204126028990694, time_ll is 5.040875238606538[0m
[31;1m2026-09-28 13:23:34,686 - tpp_runner.py[pid:31752;line:140:_train_model] - CRITICAL: current best loglike on valid set is 3.0831 (updated at epoch-26), best updated at this epoch[0m
[38;20m2026-09-28 13:23:47,136 - tpp_runner.py[pid:31752;line:104:_train_model] - INFO: [ Epoch 27 (train) ]: train loglike is 3.7495087463008825, num_events is 248539, mark_ll is -1.4920414276029115, time_ll is 5.24155013461167[0m
[38;20m2026-09-28 13:23:47,436 - tpp_runner.py[pid:31752;line:116:_train_model] - INFO: [ Epoch 27 (valid) ]:  valid loglike is 3.0995590292167425, num_events is 48260, mark_ll is -1.4857062898233526, time_ll is 4.585265440452756[0m
[38;20m2026-09-28 13:23:48,044 - tpp_runner.py[pid:31752;line:136:_train_model] - INFO: [ Epoch 27 (test) ]: test loglike is 3.5394893447267957, num_events is 104775, mark_ll is -1.520056035254116, time_ll is 5.059545305416369[0m
[31;1m2026-09-28 13:23:48,044 - tpp_runner.py[pid:31752;line:140:_train_model] - CRITICAL: current best loglike on valid set is 3.0996 (updated at epoch-27), best updated at this epoch[0m
[38;20m2026-09-28 13:24:00,474 - tpp_runner.py[pid:31752;line:104:_train_model] - INFO: [ Epoch 28 (train) ]: train loglike is 3.766646225856405, num_events is 248539, mark_ll is -1.4917736203498244, time_ll is 5.258419799055681[0m
[38;20m2026-09-28 13:24:00,771 - tpp_runner.py[pid:31752;line:116:_train_model] - INFO: [ Epoch 28 (valid) ]:  valid loglike is 3.1082241698611686, num_events is 48260, mark_ll is -1.4834227200321177, time_ll is 4.591646808951513[0m
[38;20m2026-09-28 13:24:01,388 - tpp_runner.py[pid:31752;line:136:_train_model] - INFO: [ Epoch 28 (test) ]: test loglike is 3.5486165108267715, num_events is 104775, mark_ll is -1.517500633798616, time_ll is 5.066117200548795[0m
[31;1m2026-09-28 13:24:01,388 - tpp_runner.py[pid:31752;line:140:_train_model] - CRITICAL: current best loglike on valid set is 3.1082 (updated at epoch-28), best updated at this epoch[0m
[38;20m2026-09-28 13:24:13,676 - tpp_runner.py[pid:31752;line:104:_train_model] - INFO: [ Epoch 29 (train) ]: train loglike is 3.7833831457915057, num_events is 248539, mark_ll is -1.4910516904540132, time_ll is 5.274434812670245[0m
[38;20m2026-09-28 13:24:13,977 - tpp_runner.py[pid:31752;line:116:_train_model] - INFO: [ Epoch 29 (valid) ]:  valid loglike is 3.1268783348010776, num_events is 48260, mark_ll is -1.483183800151523, time_ll is 4.6100620337753835[0m
[38;20m2026-09-28 13:24:14,708 - tpp_runner.py[pid:31752;line:136:_train_model] - INFO: [ Epoch 29 (test) ]: test loglike is 3.5638512959317583, num_events is 104775, mark_ll is -1.5178786387497016, time_ll is 5.081729897399189[0m
[31;1m2026-09-28 13:24:14,708 - tpp_runner.py[pid:31752;line:140:_train_model] - CRITICAL: current best loglike on valid set is 3.1269 (updated at epoch-29), best updated at this epoch[0m
[38;20m2026-09-28 13:24:26,800 - tpp_runner.py[pid:31752;line:104:_train_model] - INFO: [ Epoch 30 (train) ]: train loglike is 3.7987929428329155, num_events is 248539, mark_ll is -1.4911264633644015, time_ll is 5.289919429772591[0m
[38;20m2026-09-28 13:24:27,101 - tpp_runner.py[pid:31752;line:116:_train_model] - INFO: [ Epoch 30 (valid) ]:  valid loglike is 3.1339880173798176, num_events is 48260, mark_ll is -1.482739186988448, time_ll is 4.616727184132822[0m
[38;20m2026-09-28 13:24:27,753 - tpp_runner.py[pid:31752;line:136:_train_model] - INFO: [ Epoch 30 (test) ]: test loglike is 3.5746269535910282, num_events is 104775, mark_ll is -1.5170817674779289, time_ll is 5.091708758351229[0m
[31;1m2026-09-28 13:24:27,753 - tpp_runner.py[pid:31752;line:140:_train_model] - CRITICAL: current best loglike on valid set is 3.1340 (updated at epoch-30), best updated at this epoch[0m
[38;20m2026-09-28 13:24:39,783 - tpp_runner.py[pid:31752;line:104:_train_model] - INFO: [ Epoch 31 (train) ]: train loglike is 3.811899192003066, num_events is 248539, mark_ll is -1.4900588335105356, time_ll is 5.3019579862214785[0m
[38;20m2026-09-28 13:24:40,110 - tpp_runner.py[pid:31752;line:116:_train_model] - INFO: [ Epoch 31 (valid) ]:  valid loglike is 3.1466700958998137, num_events is 48260, mark_ll is -1.4819691676595523, time_ll is 4.628639142146706[0m
[38;20m2026-09-28 13:24:40,744 - tpp_runner.py[pid:31752;line:136:_train_model] - INFO: [ Epoch 31 (test) ]: test loglike is 3.5926371428358386, num_events is 104775, mark_ll is -1.516333577532212, time_ll is 5.1089707110474825[0m
[31;1m2026-09-28 13:24:40,744 - tpp_runner.py[pid:31752;line:140:_train_model] - CRITICAL: current best loglike on valid set is 3.1467 (updated at epoch-31), best updated at this epoch[0m
[38;20m2026-09-28 13:24:52,675 - tpp_runner.py[pid:31752;line:104:_train_model] - INFO: [ Epoch 32 (train) ]: train loglike is 3.828812832191326, num_events is 248539, mark_ll is -1.4898804590589907, time_ll is 5.318693334471653[0m
[38;20m2026-09-28 13:24:52,962 - tpp_runner.py[pid:31752;line:116:_train_model] - INFO: [ Epoch 32 (valid) ]:  valid loglike is 3.1579563335319105, num_events is 48260, mark_ll is -1.482377357024451, time_ll is 4.6403336905563615[0m
[38;20m2026-09-28 13:24:53,722 - tpp_runner.py[pid:31752;line:136:_train_model] - INFO: [ Epoch 32 (test) ]: test loglike is 3.604320884782868, num_events is 104775, mark_ll is -1.5172195720740873, time_ll is 5.121540354330708[0m
[31;1m2026-09-28 13:24:53,722 - tpp_runner.py[pid:31752;line:140:_train_model] - CRITICAL: current best loglike on valid set is 3.1580 (updated at epoch-32), best updated at this epoch[0m
[38;20m2026-09-28 13:25:06,043 - tpp_runner.py[pid:31752;line:104:_train_model] - INFO: [ Epoch 33 (train) ]: train loglike is 3.8422827456782436, num_events is 248539, mark_ll is -1.48930301022928, time_ll is 5.331585771624373[0m
[38;20m2026-09-28 13:25:06,344 - tpp_runner.py[pid:31752;line:116:_train_model] - INFO: [ Epoch 33 (valid) ]:  valid loglike is 3.182567893959801, num_events is 48260, mark_ll is -1.4824364040483837, time_ll is 4.665004338479072[0m
[38;20m2026-09-28 13:25:07,057 - tpp_runner.py[pid:31752;line:136:_train_model] - INFO: [ Epoch 33 (test) ]: test loglike is 3.614765680923407, num_events is 104775, mark_ll is -1.5168887291964925, time_ll is 5.131654438081603[0m
[31;1m2026-09-28 13:25:07,057 - tpp_runner.py[pid:31752;line:140:_train_model] - CRITICAL: current best loglike on valid set is 3.1826 (updated at epoch-33), best updated at this epoch[0m
[38;20m2026-09-28 13:25:19,436 - tpp_runner.py[pid:31752;line:104:_train_model] - INFO: [ Epoch 34 (train) ]: train loglike is 3.8539895194391023, num_events is 248539, mark_ll is -1.4893571351289436, time_ll is 5.3433467135062305[0m
[38;20m2026-09-28 13:25:19,771 - tpp_runner.py[pid:31752;line:116:_train_model] - INFO: [ Epoch 34 (valid) ]:  valid loglike is 3.1877385354071697, num_events is 48260, mark_ll is -1.481772054205087, time_ll is 4.669510447964153[0m
[38;20m2026-09-28 13:25:20,465 - tpp_runner.py[pid:31752;line:136:_train_model] - INFO: [ Epoch 34 (test) ]: test loglike is 3.62765162699833, num_events is 104775, mark_ll is -1.5164819050495109, time_ll is 5.144133485445002[0m
[31;1m2026-09-28 13:25:20,465 - tpp_runner.py[pid:31752;line:140:_train_model] - CRITICAL: current best loglike on valid set is 3.1877 (updated at epoch-34), best updated at this epoch[0m
[38;20m2026-09-28 13:25:32,965 - tpp_runner.py[pid:31752;line:104:_train_model] - INFO: [ Epoch 35 (train) ]: train loglike is 3.8635772847143706, num_events is 248539, mark_ll is -1.489219545901247, time_ll is 5.352796854190892[0m
[38;20m2026-09-28 13:25:33,285 - tpp_runner.py[pid:31752;line:116:_train_model] - INFO: [ Epoch 35 (valid) ]:  valid loglike is 3.1921620438121634, num_events is 48260, mark_ll is -1.4808953333829775, time_ll is 4.6730573974305845[0m
[38;20m2026-09-28 13:25:34,120 - tpp_runner.py[pid:31752;line:136:_train_model] - INFO: [ Epoch 35 (test) ]: test loglike is 3.636179070478406, num_events is 104775, mark_ll is -1.5158098734639704, time_ll is 5.15198897190408[0m
[31;1m2026-09-28 13:25:34,120 - tpp_runner.py[pid:31752;line:140:_train_model] - CRITICAL: current best loglike on valid set is 3.1922 (updated at epoch-35), best updated at this epoch[0m
[38;20m2026-09-28 13:25:46,897 - tpp_runner.py[pid:31752;line:104:_train_model] - INFO: [ Epoch 36 (train) ]: train loglike is 3.8795079067067944, num_events is 248539, mark_ll is -1.4892489599846503, time_ll is 5.368756913841993[0m
[38;20m2026-09-28 13:25:47,213 - tpp_runner.py[pid:31752;line:116:_train_model] - INFO: [ Epoch 36 (valid) ]:  valid loglike is 3.2022821533101946, num_events is 48260, mark_ll is -1.482958559430688, time_ll is 4.685240591328222[0m
[38;20m2026-09-28 13:25:47,961 - tpp_runner.py[pid:31752;line:136:_train_model] - INFO: [ Epoch 36 (test) ]: test loglike is 3.6589274822536386, num_events is 104775, mark_ll is -1.517595190959795, time_ll is 5.176522719816273[0m
[31;1m2026-09-28 13:25:47,961 - tpp_runner.py[pid:31752;line:140:_train_model] - CRITICAL: current best loglike on valid set is 3.2023 (updated at epoch-36), best updated at this epoch[0m
[38;20m2026-09-28 13:26:00,486 - tpp_runner.py[pid:31752;line:104:_train_model] - INFO: [ Epoch 37 (train) ]: train loglike is 3.8914679810688666, num_events is 248539, mark_ll is -1.4883634962722148, time_ll is 5.379831422332109[0m
[38;20m2026-09-28 13:26:00,770 - tpp_runner.py[pid:31752;line:116:_train_model] - INFO: [ Epoch 37 (valid) ]:  valid loglike is 3.1998967992384997, num_events is 48260, mark_ll is -1.4796543543436593, time_ll is 4.67955127499482[0m
[38;20m2026-09-28 13:26:01,418 - tpp_runner.py[pid:31752;line:136:_train_model] - INFO: [ Epoch 37 (test) ]: test loglike is 3.6645499843414457, num_events is 104775, mark_ll is -1.5143551565109759, time_ll is 5.178905168814126[0m
[31;1m2026-09-28 13:26:01,418 - tpp_runner.py[pid:31752;line:140:_train_model] - CRITICAL: current best loglike on valid set is 3.2023 (updated at epoch-36)[0m
[38;20m2026-09-28 13:26:13,898 - tpp_runner.py[pid:31752;line:104:_train_model] - INFO: [ Epoch 38 (train) ]: train loglike is 3.8961522229660135, num_events is 248539, mark_ll is -1.4880013054100665, time_ll is 5.384153540163717[0m
[38;20m2026-09-28 13:26:14,183 - tpp_runner.py[pid:31752;line:116:_train_model] - INFO: [ Epoch 38 (valid) ]:  valid loglike is 3.2171076509402194, num_events is 48260, mark_ll is -1.4800180054975653, time_ll is 4.697125676673228[0m
[38;20m2026-09-28 13:26:14,828 - tpp_runner.py[pid:31752;line:136:_train_model] - INFO: [ Epoch 38 (test) ]: test loglike is 3.669379660283942, num_events is 104775, mark_ll is -1.515071320985445, time_ll is 5.184451093116201[0m
[31;1m2026-09-28 13:26:14,828 - tpp_runner.py[pid:31752;line:140:_train_model] - CRITICAL: current best loglike on valid set is 3.2171 (updated at epoch-38), best updated at this epoch[0m
[38;20m2026-09-28 13:26:27,271 - tpp_runner.py[pid:31752;line:104:_train_model] - INFO: [ Epoch 39 (train) ]: train loglike is 3.912297599986823, num_events is 248539, mark_ll is -1.4879008118758525, time_ll is 5.400198376499764[0m
[38;20m2026-09-28 13:26:27,550 - tpp_runner.py[pid:31752;line:116:_train_model] - INFO: [ Epoch 39 (valid) ]:  valid loglike is 3.2210126058718402, num_events is 48260, mark_ll is -1.4822693604628574, time_ll is 4.703282027041028[0m
[38;20m2026-09-28 13:26:28,198 - tpp_runner.py[pid:31752;line:136:_train_model] - INFO: [ Epoch 39 (test) ]: test loglike is 3.6807137504473872, num_events is 104775, mark_ll is -1.5172812183100692, time_ll is 5.197994884872346[0m
[31;1m2026-09-28 13:26:28,198 - tpp_runner.py[pid:31752;line:140:_train_model] - CRITICAL: current best loglike on valid set is 3.2210 (updated at epoch-39), best updated at this epoch[0m
[38;20m2026-09-28 13:26:40,545 - tpp_runner.py[pid:31752;line:104:_train_model] - INFO: [ Epoch 40 (train) ]: train loglike is 3.920431588138582, num_events is 248539, mark_ll is -1.4876822553345501, time_ll is 5.408113892588286[0m
[38;20m2026-09-28 13:26:40,856 - tpp_runner.py[pid:31752;line:116:_train_model] - INFO: [ Epoch 40 (valid) ]:  valid loglike is 3.232353722026523, num_events is 48260, mark_ll is -1.4808259662828946, time_ll is 4.713179749015748[0m
[38;20m2026-09-28 13:26:41,541 - tpp_runner.py[pid:31752;line:136:_train_model] - INFO: [ Epoch 40 (test) ]: test loglike is 3.6932601295931757, num_events is 104775, mark_ll is -1.515778929178597, time_ll is 5.209039012168933[0m
[31;1m2026-09-28 13:26:41,541 - tpp_runner.py[pid:31752;line:140:_train_model] - CRITICAL: current best loglike on valid set is 3.2324 (updated at epoch-40), best updated at this epoch[0m
[38;20m2026-09-28 13:26:53,916 - tpp_runner.py[pid:31752;line:104:_train_model] - INFO: [ Epoch 41 (train) ]: train loglike is 3.9334910561068885, num_events is 248539, mark_ll is -1.4880050067280688, time_ll is 5.421496082481019[0m
[38;20m2026-09-28 13:26:54,264 - tpp_runner.py[pid:31752;line:116:_train_model] - INFO: [ Epoch 41 (valid) ]:  valid loglike is 3.2397727235935556, num_events is 48260, mark_ll is -1.4808169615105677, time_ll is 4.720589644633237[0m
[38;20m2026-09-28 13:26:54,960 - tpp_runner.py[pid:31752;line:136:_train_model] - INFO: [ Epoch 41 (test) ]: test loglike is 3.699524222291816, num_events is 104775, mark_ll is -1.5159654989859221, time_ll is 5.215489702636602[0m
[31;1m2026-09-28 13:26:54,960 - tpp_runner.py[pid:31752;line:140:_train_model] - CRITICAL: current best loglike on valid set is 3.2398 (updated at epoch-41), best updated at this epoch[0m
[38;20m2026-09-28 13:27:07,524 - tpp_runner.py[pid:31752;line:104:_train_model] - INFO: [ Epoch 42 (train) ]: train loglike is 3.9370667729083766, num_events is 248539, mark_ll is -1.487014169399722, time_ll is 5.424081009104708[0m
[38;20m2026-09-28 13:27:07,847 - tpp_runner.py[pid:31752;line:116:_train_model] - INFO: [ Epoch 42 (valid) ]:  valid loglike is 3.2418595644037507, num_events is 48260, mark_ll is -1.4794464351624015, time_ll is 4.721305979330709[0m
[38;20m2026-09-28 13:27:08,660 - tpp_runner.py[pid:31752;line:136:_train_model] - INFO: [ Epoch 42 (test) ]: test loglike is 3.7082283464566927, num_events is 104775, mark_ll is -1.5145957390091864, time_ll is 5.22282416935099[0m
[31;1m2026-09-28 13:27:08,660 - tpp_runner.py[pid:31752;line:140:_train_model] - CRITICAL: current best loglike on valid set is 3.2419 (updated at epoch-42), best updated at this epoch[0m
[38;20m2026-09-28 13:27:21,069 - tpp_runner.py[pid:31752;line:104:_train_model] - INFO: [ Epoch 43 (train) ]: train loglike is 3.9504933393250155, num_events is 248539, mark_ll is -1.4867970961360693, time_ll is 5.437290447248722[0m
[38;20m2026-09-28 13:27:21,370 - tpp_runner.py[pid:31752;line:116:_train_model] - INFO: [ Epoch 43 (valid) ]:  valid loglike is 3.250766194830087, num_events is 48260, mark_ll is -1.4788599917763159, time_ll is 4.729626146135516[0m
[38;20m2026-09-28 13:27:22,067 - tpp_runner.py[pid:31752;line:136:_train_model] - INFO: [ Epoch 43 (test) ]: test loglike is 3.715505734013362, num_events is 104775, mark_ll is -1.514533822476736, time_ll is 5.230039556490098[0m
[31;1m2026-09-28 13:27:22,067 - tpp_runner.py[pid:31752;line:140:_train_model] - CRITICAL: current best loglike on valid set is 3.2508 (updated at epoch-43), best updated at this epoch[0m
[38;20m2026-09-28 13:27:34,434 - tpp_runner.py[pid:31752;line:104:_train_model] - INFO: [ Epoch 44 (train) ]: train loglike is 3.958516547264715, num_events is 248539, mark_ll is -1.486143632764878, time_ll is 5.4446601485958945[0m
[38;20m2026-09-28 13:27:34,717 - tpp_runner.py[pid:31752;line:116:_train_model] - INFO: [ Epoch 44 (valid) ]:  valid loglike is 3.2585296441152094, num_events is 48260, mark_ll is -1.4814362874922296, time_ll is 4.739965972078326[0m
[38;20m2026-09-28 13:27:35,409 - tpp_runner.py[pid:31752;line:136:_train_model] - INFO: [ Epoch 44 (test) ]: test loglike is 3.727608547333572, num_events is 104775, mark_ll is -1.5164243039399905, time_ll is 5.2440329724409445[0m
[31;1m2026-09-28 13:27:35,416 - tpp_runner.py[pid:31752;line:140:_train_model] - CRITICAL: current best loglike on valid set is 3.2585 (updated at epoch-44), best updated at this epoch[0m
[38;20m2026-09-28 13:27:47,716 - tpp_runner.py[pid:31752;line:104:_train_model] - INFO: [ Epoch 45 (train) ]: train loglike is 3.9681687830556776, num_events is 248539, mark_ll is -1.4865443475891862, time_ll is 5.454713093317347[0m
[38;20m2026-09-28 13:27:48,014 - tpp_runner.py[pid:31752;line:116:_train_model] - INFO: [ Epoch 45 (valid) ]:  valid loglike is 3.2688401691359306, num_events is 48260, mark_ll is -1.4773952896744198, time_ll is 4.7462353981040195[0m
[38;20m2026-09-28 13:27:48,663 - tpp_runner.py[pid:31752;line:136:_train_model] - INFO: [ Epoch 45 (test) ]: test loglike is 3.7255819948997853, num_events is 104775, mark_ll is -1.511370626789549, time_ll is 5.236952621689334[0m
[31;1m2026-09-28 13:27:48,663 - tpp_runner.py[pid:31752;line:140:_train_model] - CRITICAL: current best loglike on valid set is 3.2688 (updated at epoch-45), best updated at this epoch[0m
[38;20m2026-09-28 13:28:01,006 - tpp_runner.py[pid:31752;line:104:_train_model] - INFO: [ Epoch 46 (train) ]: train loglike is 3.9731175002338666, num_events is 248539, mark_ll is -1.4861736362301288, time_ll is 5.459291160039269[0m
[38;20m2026-09-28 13:28:01,345 - tpp_runner.py[pid:31752;line:116:_train_model] - INFO: [ Epoch 46 (valid) ]:  valid loglike is 3.2743499566152092, num_events is 48260, mark_ll is -1.4805140369223995, time_ll is 4.754864114950269[0m
[38;20m2026-09-28 13:28:01,970 - tpp_runner.py[pid:31752;line:136:_train_model] - INFO: [ Epoch 46 (test) ]: test loglike is 3.7349845651395848, num_events is 104775, mark_ll is -1.5153494187693868, time_ll is 5.250333937306133[0m
[31;1m2026-09-28 13:28:01,970 - tpp_runner.py[pid:31752;line:140:_train_model] - CRITICAL: current best loglike on valid set is 3.2743 (updated at epoch-46), best updated at this epoch[0m
[38;20m2026-09-28 13:28:14,414 - tpp_runner.py[pid:31752;line:104:_train_model] - INFO: [ Epoch 47 (train) ]: train loglike is 3.9809930562331264, num_events is 248539, mark_ll is -1.4862077948374048, time_ll is 5.46720079016774[0m
[38;20m2026-09-28 13:28:14,756 - tpp_runner.py[pid:31752;line:116:_train_model] - INFO: [ Epoch 47 (valid) ]:  valid loglike is 3.2841260231040197, num_events is 48260, mark_ll is -1.478971023654424, time_ll is 4.763097026523001[0m
[38;20m2026-09-28 13:28:15,441 - tpp_runner.py[pid:31752;line:136:_train_model] - INFO: [ Epoch 47 (test) ]: test loglike is 3.7376882381889764, num_events is 104775, mark_ll is -1.5139989523681698, time_ll is 5.251687060069196[0m
[31;1m2026-09-28 13:28:15,441 - tpp_runner.py[pid:31752;line:140:_train_model] - CRITICAL: current best loglike on valid set is 3.2841 (updated at epoch-47), best updated at this epoch[0m
[38;20m2026-09-28 13:28:27,890 - tpp_runner.py[pid:31752;line:104:_train_model] - INFO: [ Epoch 48 (train) ]: train loglike is 3.9836790736313015, num_events is 248539, mark_ll is -1.4858190837567242, time_ll is 5.4694981613172375[0m
[38;20m2026-09-28 13:28:28,185 - tpp_runner.py[pid:31752;line:116:_train_model] - INFO: [ Epoch 48 (valid) ]:  valid loglike is 3.288711334114691, num_events is 48260, mark_ll is -1.477060069318535, time_ll is 4.7657712617851224[0m
[38;20m2026-09-28 13:28:28,836 - tpp_runner.py[pid:31752;line:136:_train_model] - INFO: [ Epoch 48 (test) ]: test loglike is 3.7449871562574564, num_events is 104775, mark_ll is -1.5126863274725602, time_ll is 5.257673474409449[0m
[31;1m2026-09-28 13:28:28,836 - tpp_runner.py[pid:31752;line:140:_train_model] - CRITICAL: current best loglike on valid set is 3.2887 (updated at epoch-48), best updated at this epoch[0m
[38;20m2026-09-28 13:28:41,317 - tpp_runner.py[pid:31752;line:104:_train_model] - INFO: [ Epoch 49 (train) ]: train loglike is 3.995048383063121, num_events is 248539, mark_ll is -1.4853677547839574, time_ll is 5.480416145705503[0m
[38;20m2026-09-28 13:28:41,636 - tpp_runner.py[pid:31752;line:116:_train_model] - INFO: [ Epoch 49 (valid) ]:  valid loglike is 3.294673464696436, num_events is 48260, mark_ll is -1.4795712069065996, time_ll is 4.774244408542271[0m
[38;20m2026-09-28 13:28:42,321 - tpp_runner.py[pid:31752;line:136:_train_model] - INFO: [ Epoch 49 (test) ]: test loglike is 3.7546126371987594, num_events is 104775, mark_ll is -1.5140869385289908, time_ll is 5.268699557086614[0m
[31;1m2026-09-28 13:28:42,321 - tpp_runner.py[pid:31752;line:140:_train_model] - CRITICAL: current best loglike on valid set is 3.2947 (updated at epoch-49), best updated at this epoch[0m
[38;20m2026-09-28 13:28:54,788 - tpp_runner.py[pid:31752;line:104:_train_model] - INFO: [ Epoch 50 (train) ]: train loglike is 4.002758975012473, num_events is 248539, mark_ll is -1.4848327473410863, time_ll is 5.4875917675395005[0m
[38;20m2026-09-28 13:28:55,077 - tpp_runner.py[pid:31752;line:116:_train_model] - INFO: [ Epoch 50 (valid) ]:  valid loglike is 3.2984818560920015, num_events is 48260, mark_ll is -1.4774765956861273, time_ll is 4.775958674368007[0m
[38;20m2026-09-28 13:28:55,732 - tpp_runner.py[pid:31752;line:136:_train_model] - INFO: [ Epoch 50 (test) ]: test loglike is 3.7610975527916963, num_events is 104775, mark_ll is -1.5127456342460033, time_ll is 5.273843280243379[0m
[31;1m2026-09-28 13:28:55,732 - tpp_runner.py[pid:31752;line:140:_train_model] - CRITICAL: current best loglike on valid set is 3.2985 (updated at epoch-50), best updated at this epoch[0m
[38;20m2026-09-28 13:29:08,018 - tpp_runner.py[pid:31752;line:104:_train_model] - INFO: [ Epoch 51 (train) ]: train loglike is 4.0112308184513035, num_events is 248538, mark_ll is -1.4846905464877354, time_ll is 5.4959214612051275[0m
[38;20m2026-09-28 13:29:08,326 - tpp_runner.py[pid:31752;line:116:_train_model] - INFO: [ Epoch 51 (valid) ]:  valid loglike is 3.3020725141162455, num_events is 48260, mark_ll is -1.477421899282532, time_ll is 4.779494453869664[0m
[38;20m2026-09-28 13:29:08,982 - tpp_runner.py[pid:31752;line:136:_train_model] - INFO: [ Epoch 51 (test) ]: test loglike is 3.7645648413266524, num_events is 104775, mark_ll is -1.5129375260975901, time_ll is 5.277502311500835[0m
[31;1m2026-09-28 13:29:08,982 - tpp_runner.py[pid:31752;line:140:_train_model] - CRITICAL: current best loglike on valid set is 3.3021 (updated at epoch-51), best updated at this epoch[0m
[38;20m2026-09-28 13:29:21,214 - tpp_runner.py[pid:31752;line:104:_train_model] - INFO: [ Epoch 52 (train) ]: train loglike is 4.016383534437754, num_events is 248539, mark_ll is -1.4840543487704645, time_ll is 5.500437879279007[0m
[38;20m2026-09-28 13:29:21,528 - tpp_runner.py[pid:31752;line:116:_train_model] - INFO: [ Epoch 52 (valid) ]:  valid loglike is 3.314638643545379, num_events is 48260, mark_ll is -1.4776715439481454, time_ll is 4.79231004584542[0m
[38;20m2026-09-28 13:29:22,159 - tpp_runner.py[pid:31752;line:136:_train_model] - INFO: [ Epoch 52 (test) ]: test loglike is 3.7722704716952995, num_events is 104775, mark_ll is -1.5131813987562635, time_ll is 5.285451935695538[0m
[31;1m2026-09-28 13:29:22,159 - tpp_runner.py[pid:31752;line:140:_train_model] - CRITICAL: current best loglike on valid set is 3.3146 (updated at epoch-52), best updated at this epoch[0m
[38;20m2026-09-28 13:29:34,569 - tpp_runner.py[pid:31752;line:104:_train_model] - INFO: [ Epoch 53 (train) ]: train loglike is 4.019021859056828, num_events is 248539, mark_ll is -1.4839704993796246, time_ll is 5.502992385940939[0m
[38;20m2026-09-28 13:29:34,904 - tpp_runner.py[pid:31752;line:116:_train_model] - INFO: [ Epoch 53 (valid) ]:  valid loglike is 3.3090273955527354, num_events is 48260, mark_ll is -1.475184850775746, time_ll is 4.784212145151264[0m
[38;20m2026-09-28 13:29:35,594 - tpp_runner.py[pid:31752;line:136:_train_model] - INFO: [ Epoch 53 (test) ]: test loglike is 3.777278282331186, num_events is 104775, mark_ll is -1.51095414653424, time_ll is 5.28823241022429[0m
[31;1m2026-09-28 13:29:35,594 - tpp_runner.py[pid:31752;line:140:_train_model] - CRITICAL: current best loglike on valid set is 3.3146 (updated at epoch-52)[0m
[38;20m2026-09-28 13:29:48,071 - tpp_runner.py[pid:31752;line:104:_train_model] - INFO: [ Epoch 54 (train) ]: train loglike is 4.029682613631563, num_events is 248539, mark_ll is -1.4836744666298598, time_ll is 5.513357042933905[0m
[38;20m2026-09-28 13:29:48,353 - tpp_runner.py[pid:31752;line:116:_train_model] - INFO: [ Epoch 54 (valid) ]:  valid loglike is 3.322613229447265, num_events is 48260, mark_ll is -1.4764824688212288, time_ll is 4.799095718503937[0m
[38;20m2026-09-28 13:29:49,030 - tpp_runner.py[pid:31752;line:136:_train_model] - INFO: [ Epoch 54 (test) ]: test loglike is 3.7831034881293246, num_events is 104775, mark_ll is -1.5123639756323073, time_ll is 5.295467482402768[0m
[31;1m2026-09-28 13:29:49,030 - tpp_runner.py[pid:31752;line:140:_train_model] - CRITICAL: current best loglike on valid set is 3.3226 (updated at epoch-54), best updated at this epoch[0m
[38;20m2026-09-28 13:30:01,072 - tpp_runner.py[pid:31752;line:104:_train_model] - INFO: [ Epoch 55 (train) ]: train loglike is 4.0324462958403915, num_events is 248539, mark_ll is -1.483494601042241, time_ll is 5.515940837944448[0m
[38;20m2026-09-28 13:30:01,352 - tpp_runner.py[pid:31752;line:116:_train_model] - INFO: [ Epoch 55 (valid) ]:  valid loglike is 3.3270768849720267, num_events is 48260, mark_ll is -1.4769909045728864, time_ll is 4.804068052605677[0m
[38;20m2026-09-28 13:30:02,044 - tpp_runner.py[pid:31752;line:136:_train_model] - INFO: [ Epoch 55 (test) ]: test loglike is 3.7880109908136483, num_events is 104775, mark_ll is -1.5127432295394894, time_ll is 5.300754220353138[0m
[31;1m2026-09-28 13:30:02,044 - tpp_runner.py[pid:31752;line:140:_train_model] - CRITICAL: current best loglike on valid set is 3.3271 (updated at epoch-55), best updated at this epoch[0m
[38;20m2026-09-28 13:30:14,423 - tpp_runner.py[pid:31752;line:104:_train_model] - INFO: [ Epoch 56 (train) ]: train loglike is 4.0328050643586115, num_events is 248539, mark_ll is -1.484060780891027, time_ll is 5.516865876683338[0m
[38;20m2026-09-28 13:30:14,736 - tpp_runner.py[pid:31752;line:116:_train_model] - INFO: [ Epoch 56 (valid) ]:  valid loglike is 3.3306169543876916, num_events is 48260, mark_ll is -1.4777696049070141, time_ll is 4.808386620001036[0m
[38;20m2026-09-28 13:30:15,412 - tpp_runner.py[pid:31752;line:136:_train_model] - INFO: [ Epoch 56 (test) ]: test loglike is 3.788288669172035, num_events is 104775, mark_ll is -1.5134289623598187, time_ll is 5.301717445120496[0m
[31;1m2026-09-28 13:30:15,412 - tpp_runner.py[pid:31752;line:140:_train_model] - CRITICAL: current best loglike on valid set is 3.3306 (updated at epoch-56), best updated at this epoch[0m
[38;20m2026-09-28 13:30:27,857 - tpp_runner.py[pid:31752;line:104:_train_model] - INFO: [ Epoch 57 (train) ]: train loglike is 4.038195566452851, num_events is 248539, mark_ll is -1.4829682005389497, time_ll is 5.5211637748502245[0m
[38;20m2026-09-28 13:30:28,144 - tpp_runner.py[pid:31752;line:116:_train_model] - INFO: [ Epoch 57 (valid) ]:  valid loglike is 3.3404377412064856, num_events is 48260, mark_ll is -1.4767386697705138, time_ll is 4.817176572860547[0m
[38;20m2026-09-28 13:30:28,823 - tpp_runner.py[pid:31752;line:136:_train_model] - INFO: [ Epoch 57 (test) ]: test loglike is 3.7966020751312337, num_events is 104775, mark_ll is -1.5123630156138153, time_ll is 5.308965118706753[0m
[31;1m2026-09-28 13:30:28,823 - tpp_runner.py[pid:31752;line:140:_train_model] - CRITICAL: current best loglike on valid set is 3.3404 (updated at epoch-57), best updated at this epoch[0m
[38;20m2026-09-28 13:30:41,185 - tpp_runner.py[pid:31752;line:104:_train_model] - INFO: [ Epoch 58 (train) ]: train loglike is 4.052102989872817, num_events is 248539, mark_ll is -1.483399789149037, time_ll is 5.535502727942093[0m
[38;20m2026-09-28 13:30:41,472 - tpp_runner.py[pid:31752;line:116:_train_model] - INFO: [ Epoch 58 (valid) ]:  valid loglike is 3.336989055053357, num_events is 48260, mark_ll is -1.477732027688562, time_ll is 4.814721042271032[0m
[38;20m2026-09-28 13:30:42,129 - tpp_runner.py[pid:31752;line:136:_train_model] - INFO: [ Epoch 58 (test) ]: test loglike is 3.8015301949117157, num_events is 104775, mark_ll is -1.5132503336763303, time_ll is 5.314780631114292[0m
[31;1m2026-09-28 13:30:42,129 - tpp_runner.py[pid:31752;line:140:_train_model] - CRITICAL: current best loglike on valid set is 3.3404 (updated at epoch-57)[0m
[38;20m2026-09-28 13:30:54,544 - tpp_runner.py[pid:31752;line:104:_train_model] - INFO: [ Epoch 59 (train) ]: train loglike is 4.054537631983814, num_events is 248539, mark_ll is -1.4831155499300412, time_ll is 5.537653170126218[0m
[38;20m2026-09-28 13:30:54,974 - tpp_runner.py[pid:31752;line:116:_train_model] - INFO: [ Epoch 59 (valid) ]:  valid loglike is 3.3403102579128676, num_events is 48260, mark_ll is -1.4782600513494613, time_ll is 4.818570390204103[0m
[38;20m2026-09-28 13:30:55,751 - tpp_runner.py[pid:31752;line:136:_train_model] - INFO: [ Epoch 59 (test) ]: test loglike is 3.805799909776903, num_events is 104775, mark_ll is -1.5138820538057742, time_ll is 5.319681944941541[0m
[31;1m2026-09-28 13:30:55,751 - tpp_runner.py[pid:31752;line:140:_train_model] - CRITICAL: current best loglike on valid set is 3.3404 (updated at epoch-57)[0m
[38;20m2026-09-28 13:31:08,121 - tpp_runner.py[pid:31752;line:104:_train_model] - INFO: [ Epoch 60 (train) ]: train loglike is 4.058214313824993, num_events is 248539, mark_ll is -1.482733280792954, time_ll is 5.540947578901098[0m
[38;20m2026-09-28 13:31:08,397 - tpp_runner.py[pid:31752;line:116:_train_model] - INFO: [ Epoch 60 (valid) ]:  valid loglike is 3.3521765242954826, num_events is 48260, mark_ll is -1.4783028897832056, time_ll is 4.830479434314132[0m
[38;20m2026-09-28 13:31:09,126 - tpp_runner.py[pid:31752;line:136:_train_model] - INFO: [ Epoch 60 (test) ]: test loglike is 3.8080241887377713, num_events is 104775, mark_ll is -1.5138477447953949, time_ll is 5.321872017418277[0m
[31;1m2026-09-28 13:31:09,126 - tpp_runner.py[pid:31752;line:140:_train_model] - CRITICAL: current best loglike on valid set is 3.3522 (updated at epoch-60), best updated at this epoch[0m
[38;20m2026-09-28 13:31:21,723 - tpp_runner.py[pid:31752;line:104:_train_model] - INFO: [ Epoch 61 (train) ]: train loglike is 4.063919750144846, num_events is 248539, mark_ll is -1.48268699074265, time_ll is 5.546606807684106[0m
[38;20m2026-09-28 13:31:22,045 - tpp_runner.py[pid:31752;line:116:_train_model] - INFO: [ Epoch 61 (valid) ]:  valid loglike is 3.337379396757149, num_events is 48260, mark_ll is -1.4769913295171986, time_ll is 4.8143705643908[0m
[38;20m2026-09-28 13:31:22,730 - tpp_runner.py[pid:31752;line:136:_train_model] - INFO: [ Epoch 61 (test) ]: test loglike is 3.813820836315915, num_events is 104775, mark_ll is -1.5125426043157957, time_ll is 5.326363524516822[0m
[31;1m2026-09-28 13:31:22,730 - tpp_runner.py[pid:31752;line:140:_train_model] - CRITICAL: current best loglike on valid set is 3.3522 (updated at epoch-60)[0m
[38;20m2026-09-28 13:31:35,458 - tpp_runner.py[pid:31752;line:104:_train_model] - INFO: [ Epoch 62 (train) ]: train loglike is 4.067433204647963, num_events is 248539, mark_ll is -1.4821690576919015, time_ll is 5.549602352711747[0m
[38;20m2026-09-28 13:31:35,791 - tpp_runner.py[pid:31752;line:116:_train_model] - INFO: [ Epoch 62 (valid) ]:  valid loglike is 3.3572668310324287, num_events is 48260, mark_ll is -1.477221426744457, time_ll is 4.834488318483216[0m
[38;20m2026-09-28 13:31:36,457 - tpp_runner.py[pid:31752;line:136:_train_model] - INFO: [ Epoch 62 (test) ]: test loglike is 3.820192264674302, num_events is 104775, mark_ll is -1.512786243960272, time_ll is 5.332978629801956[0m
[31;1m2026-09-28 13:31:36,457 - tpp_runner.py[pid:31752;line:140:_train_model] - CRITICAL: current best loglike on valid set is 3.3573 (updated at epoch-62), best updated at this epoch[0m
[38;20m2026-09-28 13:31:48,965 - tpp_runner.py[pid:31752;line:104:_train_model] - INFO: [ Epoch 63 (train) ]: train loglike is 4.069687527347318, num_events is 248539, mark_ll is -1.4823367800488556, time_ll is 5.552024311325385[0m
[38;20m2026-09-28 13:31:49,283 - tpp_runner.py[pid:31752;line:116:_train_model] - INFO: [ Epoch 63 (valid) ]:  valid loglike is 3.3632209079076874, num_events is 48260, mark_ll is -1.4776066488810609, time_ll is 4.840827516317861[0m
[38;20m2026-09-28 13:31:50,005 - tpp_runner.py[pid:31752;line:136:_train_model] - INFO: [ Epoch 63 (test) ]: test loglike is 3.822611213015987, num_events is 104775, mark_ll is -1.5130878016135767, time_ll is 5.33569911715581[0m
[31;1m2026-09-28 13:31:50,005 - tpp_runner.py[pid:31752;line:140:_train_model] - CRITICAL: current best loglike on valid set is 3.3632 (updated at epoch-63), best updated at this epoch[0m
[38;20m2026-09-28 13:32:02,558 - tpp_runner.py[pid:31752;line:104:_train_model] - INFO: [ Epoch 64 (train) ]: train loglike is 4.07707182964746, num_events is 248539, mark_ll is -1.4819999109954827, time_ll is 5.559071699386213[0m
[38;20m2026-09-28 13:32:02,875 - tpp_runner.py[pid:31752;line:116:_train_model] - INFO: [ Epoch 64 (valid) ]:  valid loglike is 3.3669085746477414, num_events is 48260, mark_ll is -1.4779004877551285, time_ll is 4.844809042167427[0m
[38;20m2026-09-28 13:32:03,570 - tpp_runner.py[pid:31752;line:136:_train_model] - INFO: [ Epoch 64 (test) ]: test loglike is 3.818089451354092, num_events is 104775, mark_ll is -1.5132180379086138, time_ll is 5.331307526544977[0m
[31;1m2026-09-28 13:32:03,570 - tpp_runner.py[pid:31752;line:140:_train_model] - CRITICAL: current best loglike on valid set is 3.3669 (updated at epoch-64), best updated at this epoch[0m
[38;20m2026-09-28 13:32:15,924 - tpp_runner.py[pid:31752;line:104:_train_model] - INFO: [ Epoch 65 (train) ]: train loglike is 4.079956885224753, num_events is 248539, mark_ll is -1.4817408206999203, time_ll is 5.56169773342916[0m
[38;20m2026-09-28 13:32:16,257 - tpp_runner.py[pid:31752;line:116:_train_model] - INFO: [ Epoch 65 (valid) ]:  valid loglike is 3.3558082197990053, num_events is 48260, mark_ll is -1.4762105449323975, time_ll is 4.83201886590862[0m
[38;20m2026-09-28 13:32:17,077 - tpp_runner.py[pid:31752;line:136:_train_model] - INFO: [ Epoch 65 (test) ]: test loglike is 3.8248884700847054, num_events is 104775, mark_ll is -1.5114936210033405, time_ll is 5.3363821283703174[0m
[31;1m2026-09-28 13:32:17,077 - tpp_runner.py[pid:31752;line:140:_train_model] - CRITICAL: current best loglike on valid set is 3.3669 (updated at epoch-64)[0m
[38;20m2026-09-28 13:32:29,540 - tpp_runner.py[pid:31752;line:104:_train_model] - INFO: [ Epoch 66 (train) ]: train loglike is 4.07939863059721, num_events is 248539, mark_ll is -1.4815072368861124, time_ll is 5.560905887129384[0m
[38;20m2026-09-28 13:32:29,849 - tpp_runner.py[pid:31752;line:116:_train_model] - INFO: [ Epoch 66 (valid) ]:  valid loglike is 3.369834862593245, num_events is 48260, mark_ll is -1.4764844721301285, time_ll is 4.8463192537816[0m
[38;20m2026-09-28 13:32:30,553 - tpp_runner.py[pid:31752;line:136:_train_model] - INFO: [ Epoch 66 (test) ]: test loglike is 3.8310329426151277, num_events is 104775, mark_ll is -1.511903427732045, time_ll is 5.342936388988308[0m
[31;1m2026-09-28 13:32:30,553 - tpp_runner.py[pid:31752;line:140:_train_model] - CRITICAL: current best loglike on valid set is 3.3698 (updated at epoch-66), best updated at this epoch[0m
[38;20m2026-09-28 13:32:42,902 - tpp_runner.py[pid:31752;line:104:_train_model] - INFO: [ Epoch 67 (train) ]: train loglike is 4.083162069446344, num_events is 248539, mark_ll is -1.481369352967492, time_ll is 5.56453149706887[0m
[38;20m2026-09-28 13:32:43,256 - tpp_runner.py[pid:31752;line:116:_train_model] - INFO: [ Epoch 67 (valid) ]:  valid loglike is 3.3624838925870284, num_events is 48260, mark_ll is -1.4767549188315894, time_ll is 4.839238710241401[0m
[38;20m2026-09-28 13:32:43,988 - tpp_runner.py[pid:31752;line:136:_train_model] - INFO: [ Epoch 67 (test) ]: test loglike is 3.8280988092042474, num_events is 104775, mark_ll is -1.5119766221516344, time_ll is 5.340075496599857[0m
[31;1m2026-09-28 13:32:43,988 - tpp_runner.py[pid:31752;line:140:_train_model] - CRITICAL: current best loglike on valid set is 3.3698 (updated at epoch-66)[0m
[38;20m2026-09-28 13:32:56,472 - tpp_runner.py[pid:31752;line:104:_train_model] - INFO: [ Epoch 68 (train) ]: train loglike is 4.087850987106148, num_events is 248539, mark_ll is -1.4819207845178473, time_ll is 5.56977176965939[0m
[38;20m2026-09-28 13:32:56,850 - tpp_runner.py[pid:31752;line:116:_train_model] - INFO: [ Epoch 68 (valid) ]:  valid loglike is 3.37260400208506, num_events is 48260, mark_ll is -1.4768364069622877, time_ll is 4.849440449518235[0m
[38;20m2026-09-28 13:32:57,578 - tpp_runner.py[pid:31752;line:136:_train_model] - INFO: [ Epoch 68 (test) ]: test loglike is 3.83491883649487, num_events is 104775, mark_ll is -1.512216803865426, time_ll is 5.347135565795753[0m
[31;1m2026-09-28 13:32:57,578 - tpp_runner.py[pid:31752;line:140:_train_model] - CRITICAL: current best loglike on valid set is 3.3726 (updated at epoch-68), best updated at this epoch[0m
[38;20m2026-09-28 13:33:09,941 - tpp_runner.py[pid:31752;line:104:_train_model] - INFO: [ Epoch 69 (train) ]: train loglike is 4.0935176499588595, num_events is 248539, mark_ll is -1.4814555539919037, time_ll is 5.5749732530659175[0m
[38;20m2026-09-28 13:33:10,265 - tpp_runner.py[pid:31752;line:116:_train_model] - INFO: [ Epoch 69 (valid) ]:  valid loglike is 3.3566293336225654, num_events is 48260, mark_ll is -1.47584452623161, time_ll is 4.832473839618732[0m
[38;20m2026-09-28 13:33:10,913 - tpp_runner.py[pid:31752;line:136:_train_model] - INFO: [ Epoch 69 (test) ]: test loglike is 3.836106239560964, num_events is 104775, mark_ll is -1.5110010849141016, time_ll is 5.3471074176807445[0m
[31;1m2026-09-28 13:33:10,913 - tpp_runner.py[pid:31752;line:140:_train_model] - CRITICAL: current best loglike on valid set is 3.3726 (updated at epoch-68)[0m
[38;20m2026-09-28 13:33:23,319 - tpp_runner.py[pid:31752;line:104:_train_model] - INFO: [ Epoch 70 (train) ]: train loglike is 4.093112697479068, num_events is 248539, mark_ll is -1.4814090065781929, time_ll is 5.574521692269624[0m
[38;20m2026-09-28 13:33:23,651 - tpp_runner.py[pid:31752;line:116:_train_model] - INFO: [ Epoch 70 (valid) ]:  valid loglike is 3.3686204122202654, num_events is 48260, mark_ll is -1.4755672804211561, time_ll is 4.844187733112308[0m
[38;20m2026-09-28 13:33:24,316 - tpp_runner.py[pid:31752;line:136:_train_model] - INFO: [ Epoch 70 (test) ]: test loglike is 3.8391347530422335, num_events is 104775, mark_ll is -1.5109895553716297, time_ll is 5.350124336375567[0m
[31;1m2026-09-28 13:33:24,316 - tpp_runner.py[pid:31752;line:140:_train_model] - CRITICAL: current best loglike on valid set is 3.3726 (updated at epoch-68)[0m
[38;20m2026-09-28 13:33:36,700 - tpp_runner.py[pid:31752;line:104:_train_model] - INFO: [ Epoch 71 (train) ]: train loglike is 4.096131204823489, num_events is 248539, mark_ll is -1.4813495340205662, time_ll is 5.577480766348541[0m
[38;20m2026-09-28 13:33:37,052 - tpp_runner.py[pid:31752;line:116:_train_model] - INFO: [ Epoch 71 (valid) ]:  valid loglike is 3.374120243861376, num_events is 48260, mark_ll is -1.475209011895203, time_ll is 4.849329235521136[0m
[38;20m2026-09-28 13:33:37,714 - tpp_runner.py[pid:31752;line:136:_train_model] - INFO: [ Epoch 71 (test) ]: test loglike is 3.8455592340730136, num_events is 104775, mark_ll is -1.5106316921677403, time_ll is 5.356190907599618[0m
[31;1m2026-09-28 13:33:37,714 - tpp_runner.py[pid:31752;line:140:_train_model] - CRITICAL: current best loglike on valid set is 3.3741 (updated at epoch-71), best updated at this epoch[0m
[38;20m2026-09-28 13:33:50,078 - tpp_runner.py[pid:31752;line:104:_train_model] - INFO: [ Epoch 72 (train) ]: train loglike is 4.100290511813538, num_events is 248539, mark_ll is -1.481310571951233, time_ll is 5.581601142702956[0m
[38;20m2026-09-28 13:33:50,371 - tpp_runner.py[pid:31752;line:116:_train_model] - INFO: [ Epoch 72 (valid) ]:  valid loglike is 3.385719442861583, num_events is 48260, mark_ll is -1.4754342728514815, time_ll is 4.861153938302943[0m
[38;20m2026-09-28 13:33:51,081 - tpp_runner.py[pid:31752;line:136:_train_model] - INFO: [ Epoch 72 (test) ]: test loglike is 3.8436026045394893, num_events is 104775, mark_ll is -1.5105674827755906, time_ll is 5.354169984788833[0m
[31;1m2026-09-28 13:33:51,081 - tpp_runner.py[pid:31752;line:140:_train_model] - CRITICAL: current best loglike on valid set is 3.3857 (updated at epoch-72), best updated at this epoch[0m
[38;20m2026-09-28 13:34:03,750 - tpp_runner.py[pid:31752;line:104:_train_model] - INFO: [ Epoch 73 (train) ]: train loglike is 4.101050311457659, num_events is 248539, mark_ll is -1.481267407589327, time_ll is 5.582317783878989[0m
[38;20m2026-09-28 13:34:04,088 - tpp_runner.py[pid:31752;line:116:_train_model] - INFO: [ Epoch 73 (valid) ]:  valid loglike is 3.3826330520876504, num_events is 48260, mark_ll is -1.4756644712559572, time_ll is 4.858297503108164[0m
[38;20m2026-09-28 13:34:04,789 - tpp_runner.py[pid:31752;line:136:_train_model] - INFO: [ Epoch 73 (test) ]: test loglike is 3.8438972649725605, num_events is 104775, mark_ll is -1.511029549928418, time_ll is 5.35492685218325[0m
[31;1m2026-09-28 13:34:04,789 - tpp_runner.py[pid:31752;line:140:_train_model] - CRITICAL: current best loglike on valid set is 3.3857 (updated at epoch-72)[0m
[38;20m2026-09-28 13:34:17,336 - tpp_runner.py[pid:31752;line:104:_train_model] - INFO: [ Epoch 74 (train) ]: train loglike is 4.108324053581631, num_events is 248539, mark_ll is -1.481855486902961, time_ll is 5.590179477617195[0m
[38;20m2026-09-28 13:34:17,682 - tpp_runner.py[pid:31752;line:116:_train_model] - INFO: [ Epoch 74 (valid) ]:  valid loglike is 3.3795024266343763, num_events is 48260, mark_ll is -1.475969237269478, time_ll is 4.85547158296208[0m
[38;20m2026-09-28 13:34:18,344 - tpp_runner.py[pid:31752;line:136:_train_model] - INFO: [ Epoch 74 (test) ]: test loglike is 3.8464491805356715, num_events is 104775, mark_ll is -1.5112276119959438, time_ll is 5.357676792531615[0m
[31;1m2026-09-28 13:34:18,344 - tpp_runner.py[pid:31752;line:140:_train_model] - CRITICAL: current best loglike on valid set is 3.3857 (updated at epoch-72)[0m
[38;20m2026-09-28 13:34:31,187 - tpp_runner.py[pid:31752;line:104:_train_model] - INFO: [ Epoch 75 (train) ]: train loglike is 4.1091429878711185, num_events is 248539, mark_ll is -1.4818654042348485, time_ll is 5.59100843139809[0m
[38;20m2026-09-28 13:34:31,472 - tpp_runner.py[pid:31752;line:116:_train_model] - INFO: [ Epoch 75 (valid) ]:  valid loglike is 3.3765821283801283, num_events is 48260, mark_ll is -1.475887668197006, time_ll is 4.852469776341691[0m
[38;20m2026-09-28 13:34:32,090 - tpp_runner.py[pid:31752;line:136:_train_model] - INFO: [ Epoch 75 (test) ]: test loglike is 3.8528102071403008, num_events is 104775, mark_ll is -1.5112681378251014, time_ll is 5.364078382247674[0m
[31;1m2026-09-28 13:34:32,090 - tpp_runner.py[pid:31752;line:140:_train_model] - CRITICAL: current best loglike on valid set is 3.3857 (updated at epoch-72)[0m
[38;20m2026-09-28 13:34:44,056 - tpp_runner.py[pid:31752;line:104:_train_model] - INFO: [ Epoch 76 (train) ]: train loglike is 4.110156127408576, num_events is 248539, mark_ll is -1.481415430840331, time_ll is 5.591571589682605[0m
[38;20m2026-09-28 13:34:44,403 - tpp_runner.py[pid:31752;line:116:_train_model] - INFO: [ Epoch 76 (valid) ]:  valid loglike is 3.3917498073585786, num_events is 48260, mark_ll is -1.4759437406107543, time_ll is 4.867693386085786[0m
[38;20m2026-09-28 13:34:45,112 - tpp_runner.py[pid:31752;line:136:_train_model] - INFO: [ Epoch 76 (test) ]: test loglike is 3.8543548862145074, num_events is 104775, mark_ll is -1.5112375570418755, time_ll is 5.365592266165593[0m
[31;1m2026-09-28 13:34:45,112 - tpp_runner.py[pid:31752;line:140:_train_model] - CRITICAL: current best loglike on valid set is 3.3917 (updated at epoch-76), best updated at this epoch[0m
[38;20m2026-09-28 13:34:56,973 - tpp_runner.py[pid:31752;line:104:_train_model] - INFO: [ Epoch 77 (train) ]: train loglike is 4.111340305558182, num_events is 248539, mark_ll is -1.4813104049597094, time_ll is 5.592650708553285[0m
[38;20m2026-09-28 13:34:57,278 - tpp_runner.py[pid:31752;line:116:_train_model] - INFO: [ Epoch 77 (valid) ]:  valid loglike is 3.3855263562603604, num_events is 48260, mark_ll is -1.4760906904009532, time_ll is 4.861617249015748[0m
[38;20m2026-09-28 13:34:57,915 - tpp_runner.py[pid:31752;line:136:_train_model] - INFO: [ Epoch 77 (test) ]: test loglike is 3.853521795215939, num_events is 104775, mark_ll is -1.5113871801181102, time_ll is 5.364908993975185[0m
[31;1m2026-09-28 13:34:57,915 - tpp_runner.py[pid:31752;line:140:_train_model] - CRITICAL: current best loglike on valid set is 3.3917 (updated at epoch-76)[0m
[38;20m2026-09-28 13:35:09,758 - tpp_runner.py[pid:31752;line:104:_train_model] - INFO: [ Epoch 78 (train) ]: train loglike is 4.112240385940436, num_events is 248539, mark_ll is -1.4813915726631435, time_ll is 5.593631950745155[0m
[38;20m2026-09-28 13:35:10,052 - tpp_runner.py[pid:31752;line:116:_train_model] - INFO: [ Epoch 78 (valid) ]:  valid loglike is 3.3827296156237048, num_events is 48260, mark_ll is -1.4759938435686903, time_ll is 4.858723337779735[0m
[38;20m2026-09-28 13:35:10,707 - tpp_runner.py[pid:31752;line:136:_train_model] - INFO: [ Epoch 78 (test) ]: test loglike is 3.859655977839418, num_events is 104775, mark_ll is -1.511414899486996, time_ll is 5.371070933249821[0m
[31;1m2026-09-28 13:35:10,707 - tpp_runner.py[pid:31752;line:140:_train_model] - CRITICAL: current best loglike on valid set is 3.3917 (updated at epoch-76)[0m
[38;20m2026-09-28 13:35:22,518 - tpp_runner.py[pid:31752;line:104:_train_model] - INFO: [ Epoch 79 (train) ]: train loglike is 4.113387268006731, num_events is 248539, mark_ll is -1.4813588737582433, time_ll is 5.594746102472851[0m
[38;20m2026-09-28 13:35:22,805 - tpp_runner.py[pid:31752;line:116:_train_model] - INFO: [ Epoch 79 (valid) ]:  valid loglike is 3.3816777368032533, num_events is 48260, mark_ll is -1.4755581542361687, time_ll is 4.857236032687526[0m
[38;20m2026-09-28 13:35:23,472 - tpp_runner.py[pid:31752;line:136:_train_model] - INFO: [ Epoch 79 (test) ]: test loglike is 3.8608425234132664, num_events is 104775, mark_ll is -1.510874502281675, time_ll is 5.371716885886423[0m
[31;1m2026-09-28 13:35:23,472 - tpp_runner.py[pid:31752;line:140:_train_model] - CRITICAL: current best loglike on valid set is 3.3917 (updated at epoch-76)[0m
[38;20m2026-09-28 13:35:35,578 - tpp_runner.py[pid:31752;line:104:_train_model] - INFO: [ Epoch 80 (train) ]: train loglike is 4.115769659452339, num_events is 248539, mark_ll is -1.481275755200894, time_ll is 5.5970453517858365[0m
[38;20m2026-09-28 13:35:35,880 - tpp_runner.py[pid:31752;line:116:_train_model] - INFO: [ Epoch 80 (valid) ]:  valid loglike is 3.3935514093581642, num_events is 48260, mark_ll is -1.4759211376204413, time_ll is 4.869472486272275[0m
[38;20m2026-09-28 13:35:36,595 - tpp_runner.py[pid:31752;line:136:_train_model] - INFO: [ Epoch 80 (test) ]: test loglike is 3.863605680326891, num_events is 104775, mark_ll is -1.5112461878877357, time_ll is 5.374851952099737[0m
[31;1m2026-09-28 13:35:36,595 - tpp_runner.py[pid:31752;line:140:_train_model] - CRITICAL: current best loglike on valid set is 3.3936 (updated at epoch-80), best updated at this epoch[0m
[38;20m2026-09-28 13:35:50,442 - tpp_runner.py[pid:31752;line:104:_train_model] - INFO: [ Epoch 81 (train) ]: train loglike is 4.114554998473579, num_events is 248539, mark_ll is -1.480907580148387, time_ll is 5.59546261791409[0m
[38;20m2026-09-28 13:35:50,776 - tpp_runner.py[pid:31752;line:116:_train_model] - INFO: [ Epoch 81 (valid) ]:  valid loglike is 3.3866941841716742, num_events is 48260, mark_ll is -1.4763240252991607, time_ll is 4.863018108293618[0m
[38;20m2026-09-28 13:35:51,482 - tpp_runner.py[pid:31752;line:136:_train_model] - INFO: [ Epoch 81 (test) ]: test loglike is 3.8583512474648054, num_events is 104775, mark_ll is -1.5117396094309234, time_ll is 5.370090856895729[0m
[31;1m2026-09-28 13:35:51,482 - tpp_runner.py[pid:31752;line:140:_train_model] - CRITICAL: current best loglike on valid set is 3.3936 (updated at epoch-80)[0m
[38;20m2026-09-28 13:36:03,731 - tpp_runner.py[pid:31752;line:104:_train_model] - INFO: [ Epoch 82 (train) ]: train loglike is 4.120672624882312, num_events is 248539, mark_ll is -1.4813224597830974, time_ll is 5.601995074842379[0m
[38;20m2026-09-28 13:36:04,010 - tpp_runner.py[pid:31752;line:116:_train_model] - INFO: [ Epoch 82 (valid) ]:  valid loglike is 3.384086078338686, num_events is 48260, mark_ll is -1.4770955015799834, time_ll is 4.86118170133133[0m
[38;20m2026-09-28 13:36:04,670 - tpp_runner.py[pid:31752;line:136:_train_model] - INFO: [ Epoch 82 (test) ]: test loglike is 3.861262731895729, num_events is 104775, mark_ll is -1.5124973249970175, time_ll is 5.373760178060129[0m
[31;1m2026-09-28 13:36:04,670 - tpp_runner.py[pid:31752;line:140:_train_model] - CRITICAL: current best loglike on valid set is 3.3936 (updated at epoch-80)[0m
[38;20m2026-09-28 13:36:16,590 - tpp_runner.py[pid:31752;line:104:_train_model] - INFO: [ Epoch 83 (train) ]: train loglike is 4.118017836863631, num_events is 248539, mark_ll is -1.4808572705138832, time_ll is 5.598875028793268[0m
[38;20m2026-09-28 13:36:16,853 - tpp_runner.py[pid:31752;line:116:_train_model] - INFO: [ Epoch 83 (valid) ]:  valid loglike is 3.387767593503937, num_events is 48260, mark_ll is -1.4766183498238707, time_ll is 4.864385943327807[0m
[38;20m2026-09-28 13:36:17,513 - tpp_runner.py[pid:31752;line:136:_train_model] - INFO: [ Epoch 83 (test) ]: test loglike is 3.8680334906645193, num_events is 104775, mark_ll is -1.5120208202845382, time_ll is 5.380054320269625[0m
[31;1m2026-09-28 13:36:17,513 - tpp_runner.py[pid:31752;line:140:_train_model] - CRITICAL: current best loglike on valid set is 3.3936 (updated at epoch-80)[0m
[38;20m2026-09-28 13:36:29,249 - tpp_runner.py[pid:31752;line:104:_train_model] - INFO: [ Epoch 84 (train) ]: train loglike is 4.119800936988259, num_events is 248539, mark_ll is -1.4810056336417523, time_ll is 5.60080655098395[0m
[38;20m2026-09-28 13:36:29,536 - tpp_runner.py[pid:31752;line:116:_train_model] - INFO: [ Epoch 84 (valid) ]:  valid loglike is 3.382766201305429, num_events is 48260, mark_ll is -1.4766235908037195, time_ll is 4.859389812344592[0m
[38;20m2026-09-28 13:36:30,161 - tpp_runner.py[pid:31752;line:136:_train_model] - INFO: [ Epoch 84 (test) ]: test loglike is 3.8655757501193033, num_events is 104775, mark_ll is -1.5119825966356477, time_ll is 5.3775583467549515[0m
[31;1m2026-09-28 13:36:30,161 - tpp_runner.py[pid:31752;line:140:_train_model] - CRITICAL: current best loglike on valid set is 3.3936 (updated at epoch-80)[0m
[38;20m2026-09-28 13:36:41,957 - tpp_runner.py[pid:31752;line:104:_train_model] - INFO: [ Epoch 85 (train) ]: train loglike is 4.122927238343379, num_events is 248539, mark_ll is -1.480680901925226, time_ll is 5.60360817366691[0m
[38;20m2026-09-28 13:36:42,269 - tpp_runner.py[pid:31752;line:116:_train_model] - INFO: [ Epoch 85 (valid) ]:  valid loglike is 3.3972929833195193, num_events is 48260, mark_ll is -1.4766618762626917, time_ll is 4.8739547988758805[0m
[38;20m2026-09-28 13:36:42,946 - tpp_runner.py[pid:31752;line:136:_train_model] - INFO: [ Epoch 85 (test) ]: test loglike is 3.8654010081126224, num_events is 104775, mark_ll is -1.5120543556877832, time_ll is 5.3774553731209735[0m
[31;1m2026-09-28 13:36:42,946 - tpp_runner.py[pid:31752;line:140:_train_model] - CRITICAL: current best loglike on valid set is 3.3973 (updated at epoch-85), best updated at this epoch[0m
[38;20m2026-09-28 13:36:54,799 - tpp_runner.py[pid:31752;line:104:_train_model] - INFO: [ Epoch 86 (train) ]: train loglike is 4.124928936266039, num_events is 248539, mark_ll is -1.4808832622533585, time_ll is 5.60581220244861[0m
[38;20m2026-09-28 13:36:55,084 - tpp_runner.py[pid:31752;line:116:_train_model] - INFO: [ Epoch 86 (valid) ]:  valid loglike is 3.389611244754973, num_events is 48260, mark_ll is -1.4760208174147844, time_ll is 4.865632203817862[0m
[38;20m2026-09-28 13:36:55,694 - tpp_runner.py[pid:31752;line:136:_train_model] - INFO: [ Epoch 86 (test) ]: test loglike is 3.8674530243378666, num_events is 104775, mark_ll is -1.5113587989889048, time_ll is 5.378811739441661[0m
[31;1m2026-09-28 13:36:55,778 - tpp_runner.py[pid:31752;line:140:_train_model] - CRITICAL: current best loglike on valid set is 3.3973 (updated at epoch-85)[0m
[38;20m2026-09-28 13:37:07,574 - tpp_runner.py[pid:31752;line:104:_train_model] - INFO: [ Epoch 87 (train) ]: train loglike is 4.126101075309107, num_events is 248539, mark_ll is -1.480759256312641, time_ll is 5.606860304117261[0m
[38;20m2026-09-28 13:37:07,866 - tpp_runner.py[pid:31752;line:116:_train_model] - INFO: [ Epoch 87 (valid) ]:  valid loglike is 3.3957686878367177, num_events is 48260, mark_ll is -1.4760149491361894, time_ll is 4.87178353579569[0m
[38;20m2026-09-28 13:37:08,507 - tpp_runner.py[pid:31752;line:136:_train_model] - INFO: [ Epoch 87 (test) ]: test loglike is 3.8618711785671676, num_events is 104775, mark_ll is -1.511311953814722, time_ll is 5.373183160343594[0m
[31;1m2026-09-28 13:37:08,507 - tpp_runner.py[pid:31752;line:140:_train_model] - CRITICAL: current best loglike on valid set is 3.3973 (updated at epoch-85)[0m
[38;20m2026-09-28 13:37:20,436 - tpp_runner.py[pid:31752;line:104:_train_model] - INFO: [ Epoch 88 (train) ]: train loglike is 4.12394103013008, num_events is 248539, mark_ll is -1.4807641403235507, time_ll is 5.604705099727809[0m
[38;20m2026-09-28 13:37:20,720 - tpp_runner.py[pid:31752;line:116:_train_model] - INFO: [ Epoch 88 (valid) ]:  valid loglike is 3.3960050378159967, num_events is 48260, mark_ll is -1.4757793883392043, time_ll is 4.871784426155201[0m
[38;20m2026-09-28 13:37:21,387 - tpp_runner.py[pid:31752;line:136:_train_model] - INFO: [ Epoch 88 (test) ]: test loglike is 3.865841908255786, num_events is 104775, mark_ll is -1.5110841125328085, time_ll is 5.376925964865188[0m
[31;1m2026-09-28 13:37:21,387 - tpp_runner.py[pid:31752;line:140:_train_model] - CRITICAL: current best loglike on valid set is 3.3973 (updated at epoch-85)[0m
[38;20m2026-09-28 13:37:33,504 - tpp_runner.py[pid:31752;line:104:_train_model] - INFO: [ Epoch 89 (train) ]: train loglike is 4.123374437714, num_events is 248539, mark_ll is -1.4808100276295924, time_ll is 5.604184526246384[0m
[38;20m2026-09-28 13:37:33,782 - tpp_runner.py[pid:31752;line:116:_train_model] - INFO: [ Epoch 89 (valid) ]:  valid loglike is 3.3862674186697057, num_events is 48260, mark_ll is -1.47554742945115, time_ll is 4.861814746943638[0m
[38;20m2026-09-28 13:37:34,453 - tpp_runner.py[pid:31752;line:136:_train_model] - INFO: [ Epoch 89 (test) ]: test loglike is 3.863710350304223, num_events is 104775, mark_ll is -1.5108829560367454, time_ll is 5.374593287699833[0m
[31;1m2026-09-28 13:37:34,453 - tpp_runner.py[pid:31752;line:140:_train_model] - CRITICAL: current best loglike on valid set is 3.3973 (updated at epoch-85)[0m
[38;20m2026-09-28 13:37:46,297 - tpp_runner.py[pid:31752;line:104:_train_model] - INFO: [ Epoch 90 (train) ]: train loglike is 4.1232598854581175, num_events is 248539, mark_ll is -1.4806141308557208, time_ll is 5.603874102756509[0m
[38;20m2026-09-28 13:37:46,575 - tpp_runner.py[pid:31752;line:116:_train_model] - INFO: [ Epoch 90 (valid) ]:  valid loglike is 3.39397485624741, num_events is 48260, mark_ll is -1.4755667947705138, time_ll is 4.869541772430584[0m
[38;20m2026-09-28 13:37:47,235 - tpp_runner.py[pid:31752;line:136:_train_model] - INFO: [ Epoch 90 (test) ]: test loglike is 3.865571313528991, num_events is 104775, mark_ll is -1.5108762359073014, time_ll is 5.376447484192317[0m
[31;1m2026-09-28 13:37:47,235 - tpp_runner.py[pid:31752;line:140:_train_model] - CRITICAL: current best loglike on valid set is 3.3973 (updated at epoch-85)[0m
[38;20m2026-09-28 13:37:59,261 - tpp_runner.py[pid:31752;line:104:_train_model] - INFO: [ Epoch 91 (train) ]: train loglike is 4.125912936764954, num_events is 248539, mark_ll is -1.4808674118108727, time_ll is 5.606780399655587[0m
[38;20m2026-09-28 13:37:59,541 - tpp_runner.py[pid:31752;line:116:_train_model] - INFO: [ Epoch 91 (valid) ]:  valid loglike is 3.3982565951357233, num_events is 48260, mark_ll is -1.4755233088025799, time_ll is 4.873779802761086[0m
[38;20m2026-09-28 13:38:00,171 - tpp_runner.py[pid:31752;line:136:_train_model] - INFO: [ Epoch 91 (test) ]: test loglike is 3.872388824266285, num_events is 104775, mark_ll is -1.5108243762675972, time_ll is 5.383213247136721[0m
[31;1m2026-09-28 13:38:00,171 - tpp_runner.py[pid:31752;line:140:_train_model] - CRITICAL: current best loglike on valid set is 3.3983 (updated at epoch-91), best updated at this epoch[0m
[38;20m2026-09-28 13:38:12,035 - tpp_runner.py[pid:31752;line:104:_train_model] - INFO: [ Epoch 92 (train) ]: train loglike is 4.1253582655790435, num_events is 248539, mark_ll is -1.4808169155387836, time_ll is 5.606175175224009[0m
[38;20m2026-09-28 13:38:12,317 - tpp_runner.py[pid:31752;line:116:_train_model] - INFO: [ Epoch 92 (valid) ]:  valid loglike is 3.3939445435531495, num_events is 48260, mark_ll is -1.4753674149463842, time_ll is 4.869311897793203[0m
[38;20m2026-09-28 13:38:12,924 - tpp_runner.py[pid:31752;line:136:_train_model] - INFO: [ Epoch 92 (test) ]: test loglike is 3.8700883403424005, num_events is 104775, mark_ll is -1.5106286257009067, time_ll is 5.380717049928418[0m
[31;1m2026-09-28 13:38:12,924 - tpp_runner.py[pid:31752;line:140:_train_model] - CRITICAL: current best loglike on valid set is 3.3983 (updated at epoch-91)[0m
[38;20m2026-09-28 13:38:24,768 - tpp_runner.py[pid:31752;line:104:_train_model] - INFO: [ Epoch 93 (train) ]: train loglike is 4.122724938918037, num_events is 248539, mark_ll is -1.4806689590843891, time_ll is 5.603393827276604[0m
[38;20m2026-09-28 13:38:25,050 - tpp_runner.py[pid:31752;line:116:_train_model] - INFO: [ Epoch 93 (valid) ]:  valid loglike is 3.3970162029242643, num_events is 48260, mark_ll is -1.4752158312396395, time_ll is 4.872232034163904[0m
[38;20m2026-09-28 13:38:25,895 - tpp_runner.py[pid:31752;line:136:_train_model] - INFO: [ Epoch 93 (test) ]: test loglike is 3.870436109371272, num_events is 104775, mark_ll is -1.510501791413147, time_ll is 5.3809377609759[0m
[31;1m2026-09-28 13:38:25,895 - tpp_runner.py[pid:31752;line:140:_train_model] - CRITICAL: current best loglike on valid set is 3.3983 (updated at epoch-91)[0m
[38;20m2026-09-28 13:38:37,658 - tpp_runner.py[pid:31752;line:104:_train_model] - INFO: [ Epoch 94 (train) ]: train loglike is 4.127056557585027, num_events is 248539, mark_ll is -1.480718769708929, time_ll is 5.6077753626568665[0m
[38;20m2026-09-28 13:38:37,950 - tpp_runner.py[pid:31752;line:116:_train_model] - INFO: [ Epoch 94 (valid) ]:  valid loglike is 3.3924723341017406, num_events is 48260, mark_ll is -1.4752439787414526, time_ll is 4.867716130724202[0m
[38;20m2026-09-28 13:38:38,614 - tpp_runner.py[pid:31752;line:136:_train_model] - INFO: [ Epoch 94 (test) ]: test loglike is 3.8695597150143164, num_events is 104775, mark_ll is -1.5105370511214506, time_ll is 5.3800965983655455[0m
[31;1m2026-09-28 13:38:38,614 - tpp_runner.py[pid:31752;line:140:_train_model] - CRITICAL: current best loglike on valid set is 3.3983 (updated at epoch-91)[0m
[38;20m2026-09-28 13:38:50,572 - tpp_runner.py[pid:31752;line:104:_train_model] - INFO: [ Epoch 95 (train) ]: train loglike is 4.125968818022524, num_events is 248539, mark_ll is -1.4807621639297555, time_ll is 5.606731025173614[0m
[38;20m2026-09-28 13:38:50,859 - tpp_runner.py[pid:31752;line:116:_train_model] - INFO: [ Epoch 95 (valid) ]:  valid loglike is 3.3923236845342934, num_events is 48260, mark_ll is -1.4752459618149087, time_ll is 4.867569626113759[0m
[38;20m2026-09-28 13:38:51,497 - tpp_runner.py[pid:31752;line:136:_train_model] - INFO: [ Epoch 95 (test) ]: test loglike is 3.8692935382366977, num_events is 104775, mark_ll is -1.5105259969279408, time_ll is 5.3798195165235025[0m
[31;1m2026-09-28 13:38:51,497 - tpp_runner.py[pid:31752;line:140:_train_model] - CRITICAL: current best loglike on valid set is 3.3983 (updated at epoch-91)[0m
[38;20m2026-09-28 13:39:03,342 - tpp_runner.py[pid:31752;line:104:_train_model] - INFO: [ Epoch 96 (train) ]: train loglike is 4.126998656712327, num_events is 248539, mark_ll is -1.480794815684108, time_ll is 5.607793507759346[0m
[38;20m2026-09-28 13:39:03,628 - tpp_runner.py[pid:31752;line:116:_train_model] - INFO: [ Epoch 96 (valid) ]:  valid loglike is 3.379124307138417, num_events is 48260, mark_ll is -1.4752212138675922, time_ll is 4.854345601947783[0m
[38;20m2026-09-28 13:39:04,279 - tpp_runner.py[pid:31752;line:136:_train_model] - INFO: [ Epoch 96 (test) ]: test loglike is 3.867537058577905, num_events is 104775, mark_ll is -1.510490914310427, time_ll is 5.378027954247196[0m
[31;1m2026-09-28 13:39:04,279 - tpp_runner.py[pid:31752;line:140:_train_model] - CRITICAL: current best loglike on valid set is 3.3983 (updated at epoch-91)[0m
[38;20m2026-09-28 13:39:16,090 - tpp_runner.py[pid:31752;line:104:_train_model] - INFO: [ Epoch 97 (train) ]: train loglike is 4.1298300156740995, num_events is 248539, mark_ll is -1.4807641953325232, time_ll is 5.610594179572924[0m
[38;20m2026-09-28 13:39:16,373 - tpp_runner.py[pid:31752;line:116:_train_model] - INFO: [ Epoch 97 (valid) ]:  valid loglike is 3.39646992689339, num_events is 48260, mark_ll is -1.4751967289810402, time_ll is 4.871666574932656[0m
[38;20m2026-09-28 13:39:17,011 - tpp_runner.py[pid:31752;line:136:_train_model] - INFO: [ Epoch 97 (test) ]: test loglike is 3.872757434084944, num_events is 104775, mark_ll is -1.5104683678567168, time_ll is 5.383225811262228[0m
[31;1m2026-09-28 13:39:17,011 - tpp_runner.py[pid:31752;line:140:_train_model] - CRITICAL: current best loglike on valid set is 3.3983 (updated at epoch-91)[0m
[38;20m2026-09-28 13:39:28,774 - tpp_runner.py[pid:31752;line:104:_train_model] - INFO: [ Epoch 98 (train) ]: train loglike is 4.122758478674373, num_events is 248539, mark_ll is -1.4807627926037261, time_ll is 5.603521290924161[0m
[38;20m2026-09-28 13:39:29,094 - tpp_runner.py[pid:31752;line:116:_train_model] - INFO: [ Epoch 98 (valid) ]:  valid loglike is 3.398847308200373, num_events is 48260, mark_ll is -1.4751731344539991, time_ll is 4.8740204426543725[0m
[38;20m2026-09-28 13:39:29,724 - tpp_runner.py[pid:31752;line:136:_train_model] - INFO: [ Epoch 98 (test) ]: test loglike is 3.8742599469100454, num_events is 104775, mark_ll is -1.5104445631263421, time_ll is 5.384704500715819[0m
[31;1m2026-09-28 13:39:29,724 - tpp_runner.py[pid:31752;line:140:_train_model] - CRITICAL: current best loglike on valid set is 3.3988 (updated at epoch-98), best updated at this epoch[0m
[38;20m2026-09-28 13:39:41,584 - tpp_runner.py[pid:31752;line:104:_train_model] - INFO: [ Epoch 99 (train) ]: train loglike is 4.1317350078232185, num_events is 248539, mark_ll is -1.4807570893520483, time_ll is 5.612492012697203[0m
[38;20m2026-09-28 13:39:41,872 - tpp_runner.py[pid:31752;line:116:_train_model] - INFO: [ Epoch 99 (valid) ]:  valid loglike is 3.3929220465965604, num_events is 48260, mark_ll is -1.4751687838336613, time_ll is 4.868090891136552[0m
[38;20m2026-09-28 13:39:42,524 - tpp_runner.py[pid:31752;line:136:_train_model] - INFO: [ Epoch 99 (test) ]: test loglike is 3.8737958944762587, num_events is 104775, mark_ll is -1.5104395673019566, time_ll is 5.384235377893105[0m
[31;1m2026-09-28 13:39:42,524 - tpp_runner.py[pid:31752;line:140:_train_model] - CRITICAL: current best loglike on valid set is 3.3988 (updated at epoch-98)[0m
[38;20m2026-09-28 13:39:42,524 - base_runner.py[pid:31752;line:118:train] - INFO: End NHP train! Cost time: 22.216m[0m
RESULT {"model": "NHP", "dataset": "lob_intc", "seed": 2019, "ll_per_event": 3.8742599469100454, "mark_ll": -1.5104445631263421, "time_ll": 5.384704500715819, "val_ll": 3.398847308200373, "best_epoch": 98, "n_params": 231948, "seconds": 1333.6909458637238, "max_epoch": 100, "batch_size": 64}
