
=== Mon Sep 28 09:38:47 2026 attempt 1: D:\Quant\.venv\Scripts\python.exe -u -m infodiff.baselines.easytpp_runner AttNHP lob_goog 6 2019 100 64
[31;1m2026-09-28 09:38:49,097 - config.py[pid:1208;line:33:build_from_yaml_file] - CRITICAL: Load pipeline config class RunnerConfig[0m
[31;1m2026-09-28 09:38:49,129 - runner_config.py[pid:1208;line:205:update_config] - CRITICAL: train model AttNHP using GPU with torch backend[0m
[38;20m2026-09-28 09:38:49,129 - runner_config.py[pid:1208;line:45:__init__] - INFO: Save the config to D:\Quant\results\easytpp\checkpoints/lob_goog/AttNHP/train_2026_09_28_09_38_49\AttNHP_train_output.yaml[0m
[38;20m2026-09-28 09:38:49,129 - base_runner.py[pid:1208;line:193:save_log] - INFO: Save the log to D:\Quant\results\easytpp\checkpoints/lob_goog/AttNHP/train_2026_09_28_09_38_49\log[0m
0.4950103427465081 1.5277294467620006
min_dt: 7.275957614183426e-12
max_dt: 36.42092722700181
[38;20m2026-09-28 09:38:52,981 - tpp_runner.py[pid:1208;line:62:_init_model] - INFO: Num of model parameters 20044[0m
[38;20m2026-09-28 09:38:53,667 - base_runner.py[pid:1208;line:103:train] - INFO: Data 'lob_goog' loaded...[0m
[38;20m2026-09-28 09:38:53,667 - base_runner.py[pid:1208;line:108:train] - INFO: Start AttNHP training...[0m
[38;20m2026-09-28 09:38:56,657 - tpp_runner.py[pid:1208;line:104:_train_model] - INFO: [ Epoch 0 (train) ]: train loglike is -2.282187975348962, num_events is 27940, mark_ll is -1.7725668075004475, time_ll is -0.509621176586547[0m
[38;20m2026-09-28 09:38:56,848 - tpp_runner.py[pid:1208;line:116:_train_model] - INFO: [ Epoch 0 (valid) ]:  valid loglike is -2.2196593416624335, num_events is 7874, mark_ll is -1.7335437932594615, time_ll is -0.48611548639112906[0m
[38;20m2026-09-28 09:38:57,988 - tpp_runner.py[pid:1208;line:136:_train_model] - INFO: [ Epoch 0 (test) ]: test loglike is -1.8310820112424508, num_events is 13081, mark_ll is -1.816890985135884, time_ll is -0.01419108209784229[0m
[31;1m2026-09-28 09:38:57,988 - tpp_runner.py[pid:1208;line:140:_train_model] - CRITICAL: current best loglike on valid set is -2.2197 (updated at epoch-0), best updated at this epoch[0m
[38;20m2026-09-28 09:39:00,576 - tpp_runner.py[pid:1208;line:104:_train_model] - INFO: [ Epoch 1 (train) ]: train loglike is -2.0284346409158016, num_events is 27940, mark_ll is -1.7511951531182892, time_ll is -0.2772395511482474[0m
[38;20m2026-09-28 09:39:00,761 - tpp_runner.py[pid:1208;line:116:_train_model] - INFO: [ Epoch 1 (valid) ]:  valid loglike is -2.1819236470504193, num_events is 7874, mark_ll is -1.7051971877381256, time_ll is -0.4767264593122936[0m
[38;20m2026-09-28 09:39:01,097 - tpp_runner.py[pid:1208;line:136:_train_model] - INFO: [ Epoch 1 (test) ]: test loglike is -1.9467872355420075, num_events is 13081, mark_ll is -1.8571393056962389, time_ll is -0.08964794384358755[0m
[31;1m2026-09-28 09:39:01,097 - tpp_runner.py[pid:1208;line:140:_train_model] - CRITICAL: current best loglike on valid set is -2.1819 (updated at epoch-1), best updated at this epoch[0m
[38;20m2026-09-28 09:39:03,678 - tpp_runner.py[pid:1208;line:104:_train_model] - INFO: [ Epoch 2 (train) ]: train loglike is -2.0065420949467607, num_events is 27940, mark_ll is -1.72470662930051, time_ll is -0.28183549186034806[0m
[38;20m2026-09-28 09:39:03,868 - tpp_runner.py[pid:1208;line:116:_train_model] - INFO: [ Epoch 2 (valid) ]:  valid loglike is -2.2062744574707898, num_events is 7874, mark_ll is -1.7244776618459488, time_ll is -0.481796857636684[0m
[38;20m2026-09-28 09:39:04,197 - tpp_runner.py[pid:1208;line:136:_train_model] - INFO: [ Epoch 2 (test) ]: test loglike is -1.7529126288247268, num_events is 13081, mark_ll is -1.78105141760951, time_ll is 0.02813880744854178[0m
[31;1m2026-09-28 09:39:04,197 - tpp_runner.py[pid:1208;line:140:_train_model] - CRITICAL: current best loglike on valid set is -2.1819 (updated at epoch-1)[0m
[38;20m2026-09-28 09:39:06,779 - tpp_runner.py[pid:1208;line:104:_train_model] - INFO: [ Epoch 3 (train) ]: train loglike is -1.910778782379653, num_events is 27940, mark_ll is -1.7052426796259843, time_ll is -0.20553610275366857[0m
[38;20m2026-09-28 09:39:06,978 - tpp_runner.py[pid:1208;line:116:_train_model] - INFO: [ Epoch 3 (valid) ]:  valid loglike is -2.202986589566929, num_events is 7874, mark_ll is -1.6956046998031495, time_ll is -0.5073820137874651[0m
[38;20m2026-09-28 09:39:07,301 - tpp_runner.py[pid:1208;line:136:_train_model] - INFO: [ Epoch 3 (test) ]: test loglike is -1.8008359721399358, num_events is 13081, mark_ll is -1.8062740687829677, time_ll is 0.005438171298065897[0m
[31;1m2026-09-28 09:39:07,301 - tpp_runner.py[pid:1208;line:140:_train_model] - CRITICAL: current best loglike on valid set is -2.1819 (updated at epoch-1)[0m
[38;20m2026-09-28 09:39:09,884 - tpp_runner.py[pid:1208;line:104:_train_model] - INFO: [ Epoch 4 (train) ]: train loglike is -1.8555292171841447, num_events is 27940, mark_ll is -1.6778751971300108, time_ll is -0.1776539982090529[0m
[38;20m2026-09-28 09:39:10,075 - tpp_runner.py[pid:1208;line:116:_train_model] - INFO: [ Epoch 4 (valid) ]:  valid loglike is -2.158985962503175, num_events is 7874, mark_ll is -1.666549422942596, time_ll is -0.4924363535250508[0m
[38;20m2026-09-28 09:39:10,417 - tpp_runner.py[pid:1208;line:136:_train_model] - INFO: [ Epoch 4 (test) ]: test loglike is -1.738352881505141, num_events is 13081, mark_ll is -1.7752976794826465, time_ll is 0.03694478864562629[0m
[31;1m2026-09-28 09:39:10,417 - tpp_runner.py[pid:1208;line:140:_train_model] - CRITICAL: current best loglike on valid set is -2.1590 (updated at epoch-4), best updated at this epoch[0m
[38;20m2026-09-28 09:39:13,050 - tpp_runner.py[pid:1208;line:104:_train_model] - INFO: [ Epoch 5 (train) ]: train loglike is -1.7975885127729063, num_events is 27940, mark_ll is -1.6616481117461526, time_ll is -0.13594046874650478[0m
[38;20m2026-09-28 09:39:13,247 - tpp_runner.py[pid:1208;line:116:_train_model] - INFO: [ Epoch 5 (valid) ]:  valid loglike is -2.1364389525654053, num_events is 7874, mark_ll is -1.681316179038608, time_ll is -0.45512271151495426[0m
[38;20m2026-09-28 09:39:13,580 - tpp_runner.py[pid:1208;line:136:_train_model] - INFO: [ Epoch 5 (test) ]: test loglike is -1.6684122009020717, num_events is 13081, mark_ll is -1.7544752706692914, time_ll is 0.08606306976721963[0m
[31;1m2026-09-28 09:39:13,580 - tpp_runner.py[pid:1208;line:140:_train_model] - CRITICAL: current best loglike on valid set is -2.1364 (updated at epoch-5), best updated at this epoch[0m
[38;20m2026-09-28 09:39:16,163 - tpp_runner.py[pid:1208;line:104:_train_model] - INFO: [ Epoch 6 (train) ]: train loglike is -1.7265484492439156, num_events is 27940, mark_ll is -1.6403198504328471, time_ll is -0.08622858242725763[0m
[38;20m2026-09-28 09:39:16,354 - tpp_runner.py[pid:1208;line:116:_train_model] - INFO: [ Epoch 6 (valid) ]:  valid loglike is -2.0886694937452375, num_events is 7874, mark_ll is -1.659310408464567, time_ll is -0.42935886823922087[0m
[38;20m2026-09-28 09:39:16,686 - tpp_runner.py[pid:1208;line:136:_train_model] - INFO: [ Epoch 6 (test) ]: test loglike is -1.6404731516608058, num_events is 13081, mark_ll is -1.7399948816508677, time_ll is 0.09952169266254492[0m
[31;1m2026-09-28 09:39:16,686 - tpp_runner.py[pid:1208;line:140:_train_model] - CRITICAL: current best loglike on valid set is -2.0887 (updated at epoch-6), best updated at this epoch[0m
[38;20m2026-09-28 09:39:19,271 - tpp_runner.py[pid:1208;line:104:_train_model] - INFO: [ Epoch 7 (train) ]: train loglike is -1.6720200338616231, num_events is 27940, mark_ll is -1.62214476053597, time_ll is -0.04987524929606411[0m
[38;20m2026-09-28 09:39:19,461 - tpp_runner.py[pid:1208;line:116:_train_model] - INFO: [ Epoch 7 (valid) ]:  valid loglike is -2.048968147740983, num_events is 7874, mark_ll is -1.6491789135922021, time_ll is -0.39978917213693804[0m
[38;20m2026-09-28 09:39:19,793 - tpp_runner.py[pid:1208;line:136:_train_model] - INFO: [ Epoch 7 (test) ]: test loglike is -1.568387669257893, num_events is 13081, mark_ll is -1.717685717835028, time_ll is 0.14929812789810842[0m
[31;1m2026-09-28 09:39:19,793 - tpp_runner.py[pid:1208;line:140:_train_model] - CRITICAL: current best loglike on valid set is -2.0490 (updated at epoch-7), best updated at this epoch[0m
[38;20m2026-09-28 09:39:22,390 - tpp_runner.py[pid:1208;line:104:_train_model] - INFO: [ Epoch 8 (train) ]: train loglike is -1.6200065290578025, num_events is 27940, mark_ll is -1.6128003086972083, time_ll is -0.007206224729610326[0m
[38;20m2026-09-28 09:39:22,580 - tpp_runner.py[pid:1208;line:116:_train_model] - INFO: [ Epoch 8 (valid) ]:  valid loglike is -2.0269277745586742, num_events is 7874, mark_ll is -1.6454197556832613, time_ll is -0.38150795686357[0m
[38;20m2026-09-28 09:39:22,913 - tpp_runner.py[pid:1208;line:136:_train_model] - INFO: [ Epoch 8 (test) ]: test loglike is -1.54342183140146, num_events is 13081, mark_ll is -1.7111095051983793, time_ll is 0.1676877671157117[0m
[31;1m2026-09-28 09:39:22,913 - tpp_runner.py[pid:1208;line:140:_train_model] - CRITICAL: current best loglike on valid set is -2.0269 (updated at epoch-8), best updated at this epoch[0m
[38;20m2026-09-28 09:39:25,484 - tpp_runner.py[pid:1208;line:104:_train_model] - INFO: [ Epoch 9 (train) ]: train loglike is -1.5614813027078114, num_events is 27940, mark_ll is -1.593208084707185, time_ll is 0.031726729571179314[0m
[38;20m2026-09-28 09:39:25,674 - tpp_runner.py[pid:1208;line:116:_train_model] - INFO: [ Epoch 9 (valid) ]:  valid loglike is -1.9570037167418084, num_events is 7874, mark_ll is -1.6262737232505715, time_ll is -0.3307299624853156[0m
[38;20m2026-09-28 09:39:26,007 - tpp_runner.py[pid:1208;line:136:_train_model] - INFO: [ Epoch 9 (test) ]: test loglike is -1.406175121000879, num_events is 13081, mark_ll is -1.6977108676228883, time_ll is 0.291535759453343[0m
[31;1m2026-09-28 09:39:26,007 - tpp_runner.py[pid:1208;line:140:_train_model] - CRITICAL: current best loglike on valid set is -1.9570 (updated at epoch-9), best updated at this epoch[0m
[38;20m2026-09-28 09:39:28,592 - tpp_runner.py[pid:1208;line:104:_train_model] - INFO: [ Epoch 10 (train) ]: train loglike is -1.4595367235034897, num_events is 27940, mark_ll is -1.585513495716267, time_ll is 0.12597678968884216[0m
[38;20m2026-09-28 09:39:28,799 - tpp_runner.py[pid:1208;line:116:_train_model] - INFO: [ Epoch 10 (valid) ]:  valid loglike is -1.907331238490602, num_events is 7874, mark_ll is -1.617281758001016, time_ll is -0.29004948048958595[0m
[38;20m2026-09-28 09:39:29,130 - tpp_runner.py[pid:1208;line:136:_train_model] - INFO: [ Epoch 10 (test) ]: test loglike is -1.381697377756861, num_events is 13081, mark_ll is -1.6741095744782508, time_ll is 0.2924123017050314[0m
[31;1m2026-09-28 09:39:29,130 - tpp_runner.py[pid:1208;line:140:_train_model] - CRITICAL: current best loglike on valid set is -1.9073 (updated at epoch-10), best updated at this epoch[0m
[38;20m2026-09-28 09:39:31,715 - tpp_runner.py[pid:1208;line:104:_train_model] - INFO: [ Epoch 11 (train) ]: train loglike is -1.4231072897559502, num_events is 27940, mark_ll is -1.5816225372729509, time_ll is 0.1585152737310979[0m
[38;20m2026-09-28 09:39:31,906 - tpp_runner.py[pid:1208;line:116:_train_model] - INFO: [ Epoch 11 (valid) ]:  valid loglike is -1.8638061182372365, num_events is 7874, mark_ll is -1.6085446614252603, time_ll is -0.2552615343267796[0m
[38;20m2026-09-28 09:39:32,240 - tpp_runner.py[pid:1208;line:136:_train_model] - INFO: [ Epoch 11 (test) ]: test loglike is -1.2964960510473205, num_events is 13081, mark_ll is -1.6671329868941596, time_ll is 0.3706369451787182[0m
[31;1m2026-09-28 09:39:32,240 - tpp_runner.py[pid:1208;line:140:_train_model] - CRITICAL: current best loglike on valid set is -1.8638 (updated at epoch-11), best updated at this epoch[0m
[38;20m2026-09-28 09:39:34,824 - tpp_runner.py[pid:1208;line:104:_train_model] - INFO: [ Epoch 12 (train) ]: train loglike is -1.3436876628769239, num_events is 27940, mark_ll is -1.5649231612383678, time_ll is 0.22123548525439557[0m
[38;20m2026-09-28 09:39:35,015 - tpp_runner.py[pid:1208;line:116:_train_model] - INFO: [ Epoch 12 (valid) ]:  valid loglike is -1.7188654660512446, num_events is 7874, mark_ll is -1.5907694627889255, time_ll is -0.12809608077712248[0m
[38;20m2026-09-28 09:39:35,360 - tpp_runner.py[pid:1208;line:136:_train_model] - INFO: [ Epoch 12 (test) ]: test loglike is -1.1409502719832199, num_events is 13081, mark_ll is -1.6399545977945111, time_ll is 0.4990043071475327[0m
[31;1m2026-09-28 09:39:35,360 - tpp_runner.py[pid:1208;line:140:_train_model] - CRITICAL: current best loglike on valid set is -1.7189 (updated at epoch-12), best updated at this epoch[0m
[38;20m2026-09-28 09:39:37,947 - tpp_runner.py[pid:1208;line:104:_train_model] - INFO: [ Epoch 13 (train) ]: train loglike is -1.219834861673452, num_events is 27940, mark_ll is -1.5601976682735326, time_ll is 0.3403627749247131[0m
[38;20m2026-09-28 09:39:38,138 - tpp_runner.py[pid:1208;line:116:_train_model] - INFO: [ Epoch 13 (valid) ]:  valid loglike is -1.7311454232283465, num_events is 7874, mark_ll is -1.5840312559531369, time_ll is -0.1471140587544847[0m
[38;20m2026-09-28 09:39:38,471 - tpp_runner.py[pid:1208;line:136:_train_model] - INFO: [ Epoch 13 (test) ]: test loglike is -1.1451943920034307, num_events is 13081, mark_ll is -1.6332273580240424, time_ll is 0.4880330686712837[0m
[31;1m2026-09-28 09:39:38,471 - tpp_runner.py[pid:1208;line:140:_train_model] - CRITICAL: current best loglike on valid set is -1.7189 (updated at epoch-12)[0m
[38;20m2026-09-28 09:39:41,055 - tpp_runner.py[pid:1208;line:104:_train_model] - INFO: [ Epoch 14 (train) ]: train loglike is -1.2011766197515883, num_events is 27940, mark_ll is -1.5558682178887795, time_ll is 0.3546915768382374[0m
[38;20m2026-09-28 09:39:41,246 - tpp_runner.py[pid:1208;line:116:_train_model] - INFO: [ Epoch 14 (valid) ]:  valid loglike is -1.6059533105394337, num_events is 7874, mark_ll is -1.5694681467487934, time_ll is -0.036485287814325626[0m
[38;20m2026-09-28 09:39:41,578 - tpp_runner.py[pid:1208;line:136:_train_model] - INFO: [ Epoch 14 (test) ]: test loglike is -1.0390581513442685, num_events is 13081, mark_ll is -1.6127239501710495, time_ll is 0.5736658174905397[0m
[31;1m2026-09-28 09:39:41,578 - tpp_runner.py[pid:1208;line:140:_train_model] - CRITICAL: current best loglike on valid set is -1.6060 (updated at epoch-14), best updated at this epoch[0m
[38;20m2026-09-28 09:39:44,186 - tpp_runner.py[pid:1208;line:104:_train_model] - INFO: [ Epoch 15 (train) ]: train loglike is -1.0992768229632695, num_events is 27940, mark_ll is -1.544590563763869, time_ll is 0.44531373206256714[0m
[38;20m2026-09-28 09:39:44,376 - tpp_runner.py[pid:1208;line:116:_train_model] - INFO: [ Epoch 15 (valid) ]:  valid loglike is -1.5864383076422404, num_events is 7874, mark_ll is -1.5465245090646431, time_ll is -0.03991386058943993[0m
[38;20m2026-09-28 09:39:44,709 - tpp_runner.py[pid:1208;line:136:_train_model] - INFO: [ Epoch 15 (test) ]: test loglike is -1.0193617830727772, num_events is 13081, mark_ll is -1.6093811217127896, time_ll is 0.5900193386400122[0m
[31;1m2026-09-28 09:39:44,709 - tpp_runner.py[pid:1208;line:140:_train_model] - CRITICAL: current best loglike on valid set is -1.5864 (updated at epoch-15), best updated at this epoch[0m
[38;20m2026-09-28 09:39:47,343 - tpp_runner.py[pid:1208;line:104:_train_model] - INFO: [ Epoch 16 (train) ]: train loglike is -1.045934944999329, num_events is 27940, mark_ll is -1.5327696312130905, time_ll is 0.48683467092220495[0m
[38;20m2026-09-28 09:39:47,534 - tpp_runner.py[pid:1208;line:116:_train_model] - INFO: [ Epoch 16 (valid) ]:  valid loglike is -1.4977066780305435, num_events is 7874, mark_ll is -1.5415003095631192, time_ll is 0.04379371679885938[0m
[38;20m2026-09-28 09:39:47,868 - tpp_runner.py[pid:1208;line:136:_train_model] - INFO: [ Epoch 16 (test) ]: test loglike is -0.9290319541462808, num_events is 13081, mark_ll is -1.5800569229703387, time_ll is 0.6510249314965408[0m
[31;1m2026-09-28 09:39:47,868 - tpp_runner.py[pid:1208;line:140:_train_model] - CRITICAL: current best loglike on valid set is -1.4977 (updated at epoch-16), best updated at this epoch[0m
[38;20m2026-09-28 09:39:50,517 - tpp_runner.py[pid:1208;line:104:_train_model] - INFO: [ Epoch 17 (train) ]: train loglike is -0.9901006831044202, num_events is 27940, mark_ll is -1.5224439158129026, time_ll is 0.5323432032176232[0m
[38;20m2026-09-28 09:39:50,707 - tpp_runner.py[pid:1208;line:116:_train_model] - INFO: [ Epoch 17 (valid) ]:  valid loglike is -1.4516811162528576, num_events is 7874, mark_ll is -1.5286763845012066, time_ll is 0.07699517523058484[0m
[38;20m2026-09-28 09:39:51,043 - tpp_runner.py[pid:1208;line:136:_train_model] - INFO: [ Epoch 17 (test) ]: test loglike is -0.8785775065576982, num_events is 13081, mark_ll is -1.5888135851855745, time_ll is 0.7102360413003593[0m
[31;1m2026-09-28 09:39:51,043 - tpp_runner.py[pid:1208;line:140:_train_model] - CRITICAL: current best loglike on valid set is -1.4517 (updated at epoch-17), best updated at this epoch[0m
[38;20m2026-09-28 09:39:53,672 - tpp_runner.py[pid:1208;line:104:_train_model] - INFO: [ Epoch 18 (train) ]: train loglike is -0.9144056862221501, num_events is 27940, mark_ll is -1.5154442974901574, time_ll is 0.6010386527736612[0m
[38;20m2026-09-28 09:39:53,869 - tpp_runner.py[pid:1208;line:116:_train_model] - INFO: [ Epoch 18 (valid) ]:  valid loglike is -1.406157106259525, num_events is 7874, mark_ll is -1.5064598976854204, time_ll is 0.10030271391109188[0m
[38;20m2026-09-28 09:39:54,577 - tpp_runner.py[pid:1208;line:136:_train_model] - INFO: [ Epoch 18 (test) ]: test loglike is -0.8703882972560393, num_events is 13081, mark_ll is -1.5584632530005351, time_ll is 0.6880749557444958[0m
[31;1m2026-09-28 09:39:54,577 - tpp_runner.py[pid:1208;line:140:_train_model] - CRITICAL: current best loglike on valid set is -1.4062 (updated at epoch-18), best updated at this epoch[0m
[38;20m2026-09-28 09:39:57,238 - tpp_runner.py[pid:1208;line:104:_train_model] - INFO: [ Epoch 19 (train) ]: train loglike is -0.8828555260714925, num_events is 27940, mark_ll is -1.4906721154706515, time_ll is 0.6078165173103917[0m
[38;20m2026-09-28 09:39:57,429 - tpp_runner.py[pid:1208;line:116:_train_model] - INFO: [ Epoch 19 (valid) ]:  valid loglike is -1.322734434531369, num_events is 7874, mark_ll is -1.5090361176816103, time_ll is 0.18630177616800547[0m
[38;20m2026-09-28 09:39:57,760 - tpp_runner.py[pid:1208;line:136:_train_model] - INFO: [ Epoch 19 (test) ]: test loglike is -0.7835421708369964, num_events is 13081, mark_ll is -1.5703793909104808, time_ll is 0.7868372947285185[0m
[31;1m2026-09-28 09:39:57,760 - tpp_runner.py[pid:1208;line:140:_train_model] - CRITICAL: current best loglike on valid set is -1.3227 (updated at epoch-19), best updated at this epoch[0m
[38;20m2026-09-28 09:40:00,375 - tpp_runner.py[pid:1208;line:104:_train_model] - INFO: [ Epoch 20 (train) ]: train loglike is -0.8165738760443696, num_events is 27940, mark_ll is -1.492807131352899, time_ll is 0.6762332793381185[0m
[38;20m2026-09-28 09:40:00,565 - tpp_runner.py[pid:1208;line:116:_train_model] - INFO: [ Epoch 20 (valid) ]:  valid loglike is -1.253500196453518, num_events is 7874, mark_ll is -1.4950264021621793, time_ll is 0.24152612819385796[0m
[38;20m2026-09-28 09:40:00,898 - tpp_runner.py[pid:1208;line:136:_train_model] - INFO: [ Epoch 20 (test) ]: test loglike is -0.7102728462321306, num_events is 13081, mark_ll is -1.5558874676893013, time_ll is 0.8456146587846877[0m
[31;1m2026-09-28 09:40:00,898 - tpp_runner.py[pid:1208;line:140:_train_model] - CRITICAL: current best loglike on valid set is -1.2535 (updated at epoch-20), best updated at this epoch[0m
[38;20m2026-09-28 09:40:03,509 - tpp_runner.py[pid:1208;line:104:_train_model] - INFO: [ Epoch 21 (train) ]: train loglike is -0.7456600901904751, num_events is 27940, mark_ll is -1.486789912535791, time_ll is 0.7411297961312187[0m
[38;20m2026-09-28 09:40:03,699 - tpp_runner.py[pid:1208;line:116:_train_model] - INFO: [ Epoch 21 (valid) ]:  valid loglike is -1.197230278249619, num_events is 7874, mark_ll is -1.4874505393542037, time_ll is 0.2902202611045847[0m
[38;20m2026-09-28 09:40:04,047 - tpp_runner.py[pid:1208;line:136:_train_model] - INFO: [ Epoch 21 (test) ]: test loglike is -0.6564328955014668, num_events is 13081, mark_ll is -1.5430069360499006, time_ll is 0.8865739565615205[0m
[31;1m2026-09-28 09:40:04,047 - tpp_runner.py[pid:1208;line:140:_train_model] - CRITICAL: current best loglike on valid set is -1.1972 (updated at epoch-21), best updated at this epoch[0m
[38;20m2026-09-28 09:40:06,648 - tpp_runner.py[pid:1208;line:104:_train_model] - INFO: [ Epoch 22 (train) ]: train loglike is -0.7061239145616164, num_events is 27940, mark_ll is -1.4816719770602182, time_ll is 0.7755480766979046[0m
[38;20m2026-09-28 09:40:06,838 - tpp_runner.py[pid:1208;line:116:_train_model] - INFO: [ Epoch 22 (valid) ]:  valid loglike is -1.1438625142875285, num_events is 7874, mark_ll is -1.4755302508651893, time_ll is 0.33166770557173925[0m
[38;20m2026-09-28 09:40:07,173 - tpp_runner.py[pid:1208;line:136:_train_model] - INFO: [ Epoch 22 (test) ]: test loglike is -0.625832748908842, num_events is 13081, mark_ll is -1.5287911244720396, time_ll is 0.9029584222225938[0m
[31;1m2026-09-28 09:40:07,173 - tpp_runner.py[pid:1208;line:140:_train_model] - CRITICAL: current best loglike on valid set is -1.1439 (updated at epoch-22), best updated at this epoch[0m
[38;20m2026-09-28 09:40:09,790 - tpp_runner.py[pid:1208;line:104:_train_model] - INFO: [ Epoch 23 (train) ]: train loglike is -0.659210607027615, num_events is 27940, mark_ll is -1.470291773387169, time_ll is 0.8110812176954942[0m
[38;20m2026-09-28 09:40:09,981 - tpp_runner.py[pid:1208;line:116:_train_model] - INFO: [ Epoch 23 (valid) ]:  valid loglike is -1.094837563698565, num_events is 7874, mark_ll is -1.468968405710249, time_ll is 0.37413077999984123[0m
[38;20m2026-09-28 09:40:10,314 - tpp_runner.py[pid:1208;line:136:_train_model] - INFO: [ Epoch 23 (test) ]: test loglike is -0.5747473123067928, num_events is 13081, mark_ll is -1.5217957611468924, time_ll is 0.9470484535060393[0m
[31;1m2026-09-28 09:40:10,314 - tpp_runner.py[pid:1208;line:140:_train_model] - CRITICAL: current best loglike on valid set is -1.0948 (updated at epoch-23), best updated at this epoch[0m
[38;20m2026-09-28 09:40:12,913 - tpp_runner.py[pid:1208;line:104:_train_model] - INFO: [ Epoch 24 (train) ]: train loglike is -0.620454367690199, num_events is 27940, mark_ll is -1.4653983354397817, time_ll is 0.8449439778529326[0m
[38;20m2026-09-28 09:40:13,119 - tpp_runner.py[pid:1208;line:116:_train_model] - INFO: [ Epoch 24 (valid) ]:  valid loglike is -1.0743539358172467, num_events is 7874, mark_ll is -1.46347973750635, time_ll is 0.3891258016891034[0m
[38;20m2026-09-28 09:40:13,452 - tpp_runner.py[pid:1208;line:136:_train_model] - INFO: [ Epoch 24 (test) ]: test loglike is -0.5833087002827335, num_events is 13081, mark_ll is -1.5081823037110123, time_ll is 0.9248736314239163[0m
[31;1m2026-09-28 09:40:13,452 - tpp_runner.py[pid:1208;line:140:_train_model] - CRITICAL: current best loglike on valid set is -1.0744 (updated at epoch-24), best updated at this epoch[0m
[38;20m2026-09-28 09:40:16,116 - tpp_runner.py[pid:1208;line:104:_train_model] - INFO: [ Epoch 25 (train) ]: train loglike is -0.6202575399607697, num_events is 27940, mark_ll is -1.4592688154303866, time_ll is 0.8390112842076493[0m
[38;20m2026-09-28 09:40:16,303 - tpp_runner.py[pid:1208;line:116:_train_model] - INFO: [ Epoch 25 (valid) ]:  valid loglike is -1.059188071501143, num_events is 7874, mark_ll is -1.454249770804229, time_ll is 0.39506176131492887[0m
[38;20m2026-09-28 09:40:16,636 - tpp_runner.py[pid:1208;line:136:_train_model] - INFO: [ Epoch 25 (test) ]: test loglike is -0.542723260918448, num_events is 13081, mark_ll is -1.5114132616007951, time_ll is 0.9686900146801659[0m
[31;1m2026-09-28 09:40:16,636 - tpp_runner.py[pid:1208;line:140:_train_model] - CRITICAL: current best loglike on valid set is -1.0592 (updated at epoch-25), best updated at this epoch[0m
[38;20m2026-09-28 09:40:19,269 - tpp_runner.py[pid:1208;line:104:_train_model] - INFO: [ Epoch 26 (train) ]: train loglike is -0.6335738655150406, num_events is 27940, mark_ll is -1.4648300312891465, time_ll is 0.8312561728737571[0m
[38;20m2026-09-28 09:40:19,459 - tpp_runner.py[pid:1208;line:116:_train_model] - INFO: [ Epoch 26 (valid) ]:  valid loglike is -1.072625665759144, num_events is 7874, mark_ll is -1.4693510187801626, time_ll is 0.3967253530210185[0m
[38;20m2026-09-28 09:40:19,792 - tpp_runner.py[pid:1208;line:136:_train_model] - INFO: [ Epoch 26 (test) ]: test loglike is -0.5748706564208107, num_events is 13081, mark_ll is -1.5334717338123998, time_ll is 0.9586010587278304[0m
[31;1m2026-09-28 09:40:19,792 - tpp_runner.py[pid:1208;line:140:_train_model] - CRITICAL: current best loglike on valid set is -1.0592 (updated at epoch-25)[0m
[38;20m2026-09-28 09:40:22,390 - tpp_runner.py[pid:1208;line:104:_train_model] - INFO: [ Epoch 27 (train) ]: train loglike is -0.6301303459391393, num_events is 27940, mark_ll is -1.4615155732708482, time_ll is 0.8313852385273129[0m
[38;20m2026-09-28 09:40:22,580 - tpp_runner.py[pid:1208;line:116:_train_model] - INFO: [ Epoch 27 (valid) ]:  valid loglike is -1.0462811745935992, num_events is 7874, mark_ll is -1.4718773812547625, time_ll is 0.42559633068484887[0m
[38;20m2026-09-28 09:40:22,929 - tpp_runner.py[pid:1208;line:136:_train_model] - INFO: [ Epoch 27 (test) ]: test loglike is -0.5414554831285595, num_events is 13081, mark_ll is -1.524255121932574, time_ll is 0.9827996294721352[0m
[31;1m2026-09-28 09:40:22,929 - tpp_runner.py[pid:1208;line:140:_train_model] - CRITICAL: current best loglike on valid set is -1.0463 (updated at epoch-27), best updated at this epoch[0m
[38;20m2026-09-28 09:40:25,578 - tpp_runner.py[pid:1208;line:104:_train_model] - INFO: [ Epoch 28 (train) ]: train loglike is -0.6141636667545131, num_events is 27940, mark_ll is -1.4665723774718147, time_ll is 0.8524087260088583[0m
[38;20m2026-09-28 09:40:25,773 - tpp_runner.py[pid:1208;line:116:_train_model] - INFO: [ Epoch 28 (valid) ]:  valid loglike is -1.1174761031162688, num_events is 7874, mark_ll is -1.4382322358394717, time_ll is 0.3207560397054388[0m
[38;20m2026-09-28 09:40:26,102 - tpp_runner.py[pid:1208;line:136:_train_model] - INFO: [ Epoch 28 (test) ]: test loglike is -0.6278738828620709, num_events is 13081, mark_ll is -1.4827684983229492, time_ll is 0.8548945781333613[0m
[31;1m2026-09-28 09:40:26,102 - tpp_runner.py[pid:1208;line:140:_train_model] - CRITICAL: current best loglike on valid set is -1.0463 (updated at epoch-27)[0m
[38;20m2026-09-28 09:40:28,714 - tpp_runner.py[pid:1208;line:104:_train_model] - INFO: [ Epoch 29 (train) ]: train loglike is -0.7397661519033532, num_events is 27940, mark_ll is -1.43335841731165, time_ll is 0.693592249024486[0m
[38;20m2026-09-28 09:40:28,903 - tpp_runner.py[pid:1208;line:116:_train_model] - INFO: [ Epoch 29 (valid) ]:  valid loglike is -1.171571638065151, num_events is 7874, mark_ll is -1.4638101366046483, time_ll is 0.29223852954541846[0m
[38;20m2026-09-28 09:40:29,237 - tpp_runner.py[pid:1208;line:136:_train_model] - INFO: [ Epoch 29 (test) ]: test loglike is -0.7077114133511868, num_events is 13081, mark_ll is -1.5373064269622927, time_ll is 0.8295949576198303[0m
[31;1m2026-09-28 09:40:29,237 - tpp_runner.py[pid:1208;line:140:_train_model] - CRITICAL: current best loglike on valid set is -1.0463 (updated at epoch-27)[0m
[38;20m2026-09-28 09:40:31,853 - tpp_runner.py[pid:1208;line:104:_train_model] - INFO: [ Epoch 30 (train) ]: train loglike is -0.7330353951914957, num_events is 27940, mark_ll is -1.4638337033598783, time_ll is 0.73079833984375[0m
[38;20m2026-09-28 09:40:32,043 - tpp_runner.py[pid:1208;line:116:_train_model] - INFO: [ Epoch 30 (valid) ]:  valid loglike is -0.9635991103036894, num_events is 7874, mark_ll is -1.4571287326168403, time_ll is 0.49352952929538674[0m
[38;20m2026-09-28 09:40:32,376 - tpp_runner.py[pid:1208;line:136:_train_model] - INFO: [ Epoch 30 (test) ]: test loglike is -0.47126239385547264, num_events is 13081, mark_ll is -1.5018123629333575, time_ll is 1.0305500344010396[0m
[31;1m2026-09-28 09:40:32,376 - tpp_runner.py[pid:1208;line:140:_train_model] - CRITICAL: current best loglike on valid set is -0.9636 (updated at epoch-30), best updated at this epoch[0m
[38;20m2026-09-28 09:40:35,007 - tpp_runner.py[pid:1208;line:104:_train_model] - INFO: [ Epoch 31 (train) ]: train loglike is -0.540630989921204, num_events is 27940, mark_ll is -1.4400864925398176, time_ll is 0.8994555026186135[0m
[38;20m2026-09-28 09:40:35,197 - tpp_runner.py[pid:1208;line:116:_train_model] - INFO: [ Epoch 31 (valid) ]:  valid loglike is -0.9524333199057023, num_events is 7874, mark_ll is -1.4517617316484632, time_ll is 0.49932847375460376[0m
[38;20m2026-09-28 09:40:35,529 - tpp_runner.py[pid:1208;line:136:_train_model] - INFO: [ Epoch 31 (test) ]: test loglike is -0.4641719900060799, num_events is 13081, mark_ll is -1.5195692494123156, time_ll is 1.0553972454084168[0m
[31;1m2026-09-28 09:40:35,529 - tpp_runner.py[pid:1208;line:140:_train_model] - CRITICAL: current best loglike on valid set is -0.9524 (updated at epoch-31), best updated at this epoch[0m
[38;20m2026-09-28 09:40:38,162 - tpp_runner.py[pid:1208;line:104:_train_model] - INFO: [ Epoch 32 (train) ]: train loglike is -0.4862954884490202, num_events is 27940, mark_ll is -1.4467909750805297, time_ll is 0.9604954604174123[0m
[38;20m2026-09-28 09:40:38,351 - tpp_runner.py[pid:1208;line:116:_train_model] - INFO: [ Epoch 32 (valid) ]:  valid loglike is -0.912404737407131, num_events is 7874, mark_ll is -1.4481719900939802, time_ll is 0.5357671906750063[0m
[38;20m2026-09-28 09:40:38,684 - tpp_runner.py[pid:1208;line:136:_train_model] - INFO: [ Epoch 32 (test) ]: test loglike is -0.435791440225506, num_events is 13081, mark_ll is -1.4978435520148499, time_ll is 1.0620521817784383[0m
[31;1m2026-09-28 09:40:38,684 - tpp_runner.py[pid:1208;line:140:_train_model] - CRITICAL: current best loglike on valid set is -0.9124 (updated at epoch-32), best updated at this epoch[0m
[38;20m2026-09-28 09:40:41,288 - tpp_runner.py[pid:1208;line:104:_train_model] - INFO: [ Epoch 33 (train) ]: train loglike is -0.4802825709283565, num_events is 27940, mark_ll is -1.433816919347262, time_ll is 0.9535343942935756[0m
[38;20m2026-09-28 09:40:41,471 - tpp_runner.py[pid:1208;line:116:_train_model] - INFO: [ Epoch 33 (valid) ]:  valid loglike is -0.9264982929379921, num_events is 7874, mark_ll is -1.4379639726076328, time_ll is 0.5114656796696406[0m
[38;20m2026-09-28 09:40:41,804 - tpp_runner.py[pid:1208;line:136:_train_model] - INFO: [ Epoch 33 (test) ]: test loglike is -0.44367675221337244, num_events is 13081, mark_ll is -1.4900646094526413, time_ll is 1.0463878759030274[0m
[31;1m2026-09-28 09:40:41,804 - tpp_runner.py[pid:1208;line:140:_train_model] - CRITICAL: current best loglike on valid set is -0.9124 (updated at epoch-32)[0m
[38;20m2026-09-28 09:40:44,420 - tpp_runner.py[pid:1208;line:104:_train_model] - INFO: [ Epoch 34 (train) ]: train loglike is -0.4905539510586301, num_events is 27940, mark_ll is -1.4287458197253042, time_ll is 0.9381919079878199[0m
[38;20m2026-09-28 09:40:44,610 - tpp_runner.py[pid:1208;line:116:_train_model] - INFO: [ Epoch 34 (valid) ]:  valid loglike is -0.9233651445818517, num_events is 7874, mark_ll is -1.4592991471139192, time_ll is 0.5359340025320676[0m
[38;20m2026-09-28 09:40:44,930 - tpp_runner.py[pid:1208;line:136:_train_model] - INFO: [ Epoch 34 (test) ]: test loglike is -0.4610349341512738, num_events is 13081, mark_ll is -1.529114343441824, time_ll is 1.0680793812949125[0m
[31;1m2026-09-28 09:40:44,930 - tpp_runner.py[pid:1208;line:140:_train_model] - CRITICAL: current best loglike on valid set is -0.9124 (updated at epoch-32)[0m
[38;20m2026-09-28 09:40:47,525 - tpp_runner.py[pid:1208;line:104:_train_model] - INFO: [ Epoch 35 (train) ]: train loglike is -0.42841515510357014, num_events is 27940, mark_ll is -1.4344678328561202, time_ll is 1.006052721442712[0m
[38;20m2026-09-28 09:40:47,724 - tpp_runner.py[pid:1208;line:116:_train_model] - INFO: [ Epoch 35 (valid) ]:  valid loglike is -0.8310106590916306, num_events is 7874, mark_ll is -1.4482979981584962, time_ll is 0.6172873390668656[0m
[38;20m2026-09-28 09:40:48,049 - tpp_runner.py[pid:1208;line:136:_train_model] - INFO: [ Epoch 35 (test) ]: test loglike is -0.3592462830565025, num_events is 13081, mark_ll is -1.5079560616304182, time_ll is 1.1487097669090667[0m
[31;1m2026-09-28 09:40:48,049 - tpp_runner.py[pid:1208;line:140:_train_model] - CRITICAL: current best loglike on valid set is -0.8310 (updated at epoch-35), best updated at this epoch[0m
[38;20m2026-09-28 09:40:50,649 - tpp_runner.py[pid:1208;line:104:_train_model] - INFO: [ Epoch 36 (train) ]: train loglike is -0.3950236949224342, num_events is 27940, mark_ll is -1.4360315037524607, time_ll is 1.0410078568892045[0m
[38;20m2026-09-28 09:40:50,840 - tpp_runner.py[pid:1208;line:116:_train_model] - INFO: [ Epoch 36 (valid) ]:  valid loglike is -0.8245311036520511, num_events is 7874, mark_ll is -1.4349834353965583, time_ll is 0.61045239375635[0m
[38;20m2026-09-28 09:40:51,174 - tpp_runner.py[pid:1208;line:136:_train_model] - INFO: [ Epoch 36 (test) ]: test loglike is -0.3568585193646573, num_events is 13081, mark_ll is -1.497042018242107, time_ll is 1.14018352745633[0m
[31;1m2026-09-28 09:40:51,174 - tpp_runner.py[pid:1208;line:140:_train_model] - CRITICAL: current best loglike on valid set is -0.8245 (updated at epoch-36), best updated at this epoch[0m
[38;20m2026-09-28 09:40:53,771 - tpp_runner.py[pid:1208;line:104:_train_model] - INFO: [ Epoch 37 (train) ]: train loglike is -0.38301041206463626, num_events is 27940, mark_ll is -1.432940984028275, time_ll is 1.0499305938087196[0m
[38;20m2026-09-28 09:40:53,967 - tpp_runner.py[pid:1208;line:116:_train_model] - INFO: [ Epoch 37 (valid) ]:  valid loglike is -0.7951170882810515, num_events is 7874, mark_ll is -1.4504952017716535, time_ll is 0.6553781755024447[0m
[38;20m2026-09-28 09:40:54,298 - tpp_runner.py[pid:1208;line:136:_train_model] - INFO: [ Epoch 37 (test) ]: test loglike is -0.3402299124953415, num_events is 13081, mark_ll is -1.5228480238513875, time_ll is 1.1826181206879252[0m
[31;1m2026-09-28 09:40:54,298 - tpp_runner.py[pid:1208;line:140:_train_model] - CRITICAL: current best loglike on valid set is -0.7951 (updated at epoch-37), best updated at this epoch[0m
[38;20m2026-09-28 09:40:56,895 - tpp_runner.py[pid:1208;line:104:_train_model] - INFO: [ Epoch 38 (train) ]: train loglike is -0.3666360252997495, num_events is 27940, mark_ll is -1.4298594994295812, time_ll is 1.0632234959749127[0m
[38;20m2026-09-28 09:40:57,086 - tpp_runner.py[pid:1208;line:116:_train_model] - INFO: [ Epoch 38 (valid) ]:  valid loglike is -0.7733716434229744, num_events is 7874, mark_ll is -1.446853494292926, time_ll is 0.6734817268462662[0m
[38;20m2026-09-28 09:40:57,419 - tpp_runner.py[pid:1208;line:136:_train_model] - INFO: [ Epoch 38 (test) ]: test loglike is -0.3011588714928558, num_events is 13081, mark_ll is -1.4994297475226475, time_ll is 1.1982708550330632[0m
[31;1m2026-09-28 09:40:57,419 - tpp_runner.py[pid:1208;line:140:_train_model] - CRITICAL: current best loglike on valid set is -0.7734 (updated at epoch-38), best updated at this epoch[0m
[38;20m2026-09-28 09:41:00,015 - tpp_runner.py[pid:1208;line:104:_train_model] - INFO: [ Epoch 39 (train) ]: train loglike is -0.32256681623847977, num_events is 27940, mark_ll is -1.426764453404617, time_ll is 1.1041976502731858[0m
[38;20m2026-09-28 09:41:00,216 - tpp_runner.py[pid:1208;line:116:_train_model] - INFO: [ Epoch 39 (valid) ]:  valid loglike is -0.752805539790767, num_events is 7874, mark_ll is -1.440832516430658, time_ll is 0.6880268526162052[0m
[38;20m2026-09-28 09:41:00,537 - tpp_runner.py[pid:1208;line:136:_train_model] - INFO: [ Epoch 39 (test) ]: test loglike is -0.2931229616376149, num_events is 13081, mark_ll is -1.5130024433099534, time_ll is 1.2198794933371875[0m
[31;1m2026-09-28 09:41:00,537 - tpp_runner.py[pid:1208;line:140:_train_model] - CRITICAL: current best loglike on valid set is -0.7528 (updated at epoch-39), best updated at this epoch[0m
[38;20m2026-09-28 09:41:03,159 - tpp_runner.py[pid:1208;line:104:_train_model] - INFO: [ Epoch 40 (train) ]: train loglike is -0.3148069017174078, num_events is 27940, mark_ll is -1.4268749370861669, time_ll is 1.1120680877969533[0m
[38;20m2026-09-28 09:41:03,350 - tpp_runner.py[pid:1208;line:116:_train_model] - INFO: [ Epoch 40 (valid) ]:  valid loglike is -0.7154716819199264, num_events is 7874, mark_ll is -1.4387805445532766, time_ll is 0.723308924645193[0m
[38;20m2026-09-28 09:41:03,683 - tpp_runner.py[pid:1208;line:136:_train_model] - INFO: [ Epoch 40 (test) ]: test loglike is -0.2695289870192813, num_events is 13081, mark_ll is -1.4956183094158513, time_ll is 1.2260892617393548[0m
[31;1m2026-09-28 09:41:03,683 - tpp_runner.py[pid:1208;line:140:_train_model] - CRITICAL: current best loglike on valid set is -0.7155 (updated at epoch-40), best updated at this epoch[0m
[38;20m2026-09-28 09:41:06,282 - tpp_runner.py[pid:1208;line:104:_train_model] - INFO: [ Epoch 41 (train) ]: train loglike is -0.30889592863613996, num_events is 27940, mark_ll is -1.425735218045365, time_ll is 1.1168392806711926[0m
[38;20m2026-09-28 09:41:06,487 - tpp_runner.py[pid:1208;line:116:_train_model] - INFO: [ Epoch 41 (valid) ]:  valid loglike is -0.7358596875396876, num_events is 7874, mark_ll is -1.4249495471647193, time_ll is 0.6890897356013462[0m
[38;20m2026-09-28 09:41:06,820 - tpp_runner.py[pid:1208;line:136:_train_model] - INFO: [ Epoch 41 (test) ]: test loglike is -0.2967789026404291, num_events is 13081, mark_ll is -1.479381175464414, time_ll is 1.1826022564931962[0m
[31;1m2026-09-28 09:41:06,820 - tpp_runner.py[pid:1208;line:140:_train_model] - CRITICAL: current best loglike on valid set is -0.7155 (updated at epoch-40)[0m
[38;20m2026-09-28 09:41:09,420 - tpp_runner.py[pid:1208;line:104:_train_model] - INFO: [ Epoch 42 (train) ]: train loglike is -0.3307487165578024, num_events is 27940, mark_ll is -1.4132748362842251, time_ll is 1.082526084774293[0m
[38;20m2026-09-28 09:41:09,609 - tpp_runner.py[pid:1208;line:116:_train_model] - INFO: [ Epoch 42 (valid) ]:  valid loglike is -0.7879391554681547, num_events is 7874, mark_ll is -1.4482982462058673, time_ll is 0.6603592147613982[0m
[38;20m2026-09-28 09:41:09,942 - tpp_runner.py[pid:1208;line:136:_train_model] - INFO: [ Epoch 42 (test) ]: test loglike is -0.32244884595075574, num_events is 13081, mark_ll is -1.5228256273411818, time_ll is 1.2003767988876997[0m
[31;1m2026-09-28 09:41:09,947 - tpp_runner.py[pid:1208;line:140:_train_model] - CRITICAL: current best loglike on valid set is -0.7155 (updated at epoch-40)[0m
[38;20m2026-09-28 09:41:12,535 - tpp_runner.py[pid:1208;line:104:_train_model] - INFO: [ Epoch 43 (train) ]: train loglike is -0.29219539044324894, num_events is 27940, mark_ll is -1.4218530151105047, time_ll is 1.129657563501029[0m
[38;20m2026-09-28 09:41:12,725 - tpp_runner.py[pid:1208;line:116:_train_model] - INFO: [ Epoch 43 (valid) ]:  valid loglike is -0.732772613982728, num_events is 7874, mark_ll is -1.4241540592456186, time_ll is 0.6913815692865761[0m
[38;20m2026-09-28 09:41:13,058 - tpp_runner.py[pid:1208;line:136:_train_model] - INFO: [ Epoch 43 (test) ]: test loglike is -0.2791181181869816, num_events is 13081, mark_ll is -1.4736459517859872, time_ll is 1.1945278382649454[0m
[31;1m2026-09-28 09:41:13,058 - tpp_runner.py[pid:1208;line:140:_train_model] - CRITICAL: current best loglike on valid set is -0.7155 (updated at epoch-40)[0m
[38;20m2026-09-28 09:41:15,655 - tpp_runner.py[pid:1208;line:104:_train_model] - INFO: [ Epoch 44 (train) ]: train loglike is -0.29655063113060354, num_events is 27940, mark_ll is -1.4129116137538027, time_ll is 1.1163610132063126[0m
[38;20m2026-09-28 09:41:15,846 - tpp_runner.py[pid:1208;line:116:_train_model] - INFO: [ Epoch 44 (valid) ]:  valid loglike is -0.6900965598806198, num_events is 7874, mark_ll is -1.4475884586534797, time_ll is 0.75749189877286[0m
[38;20m2026-09-28 09:41:16,187 - tpp_runner.py[pid:1208;line:136:_train_model] - INFO: [ Epoch 44 (test) ]: test loglike is -0.2542770195605148, num_events is 13081, mark_ll is -1.5169664016512499, time_ll is 1.2626893400972785[0m
[31;1m2026-09-28 09:41:16,187 - tpp_runner.py[pid:1208;line:140:_train_model] - CRITICAL: current best loglike on valid set is -0.6901 (updated at epoch-44), best updated at this epoch[0m
[38;20m2026-09-28 09:41:18,794 - tpp_runner.py[pid:1208;line:104:_train_model] - INFO: [ Epoch 45 (train) ]: train loglike is -0.23206534580238905, num_events is 27940, mark_ll is -1.4172944185643344, time_ll is 1.185229024702767[0m
[38;20m2026-09-28 09:41:18,989 - tpp_runner.py[pid:1208;line:116:_train_model] - INFO: [ Epoch 45 (valid) ]:  valid loglike is -0.6491658911052197, num_events is 7874, mark_ll is -1.4370039052578105, time_ll is 0.787837952140748[0m
[38;20m2026-09-28 09:41:19,318 - tpp_runner.py[pid:1208;line:136:_train_model] - INFO: [ Epoch 45 (test) ]: test loglike is -0.2137221234370222, num_events is 13081, mark_ll is -1.5099249388425962, time_ll is 1.2962027314186606[0m
[31;1m2026-09-28 09:41:19,318 - tpp_runner.py[pid:1208;line:140:_train_model] - CRITICAL: current best loglike on valid set is -0.6492 (updated at epoch-45), best updated at this epoch[0m
[38;20m2026-09-28 09:41:21,921 - tpp_runner.py[pid:1208;line:104:_train_model] - INFO: [ Epoch 46 (train) ]: train loglike is -0.2111106834329702, num_events is 27940, mark_ll is -1.4192888919336077, time_ll is 1.2081781779175242[0m
[38;20m2026-09-28 09:41:22,121 - tpp_runner.py[pid:1208;line:116:_train_model] - INFO: [ Epoch 46 (valid) ]:  valid loglike is -0.6357578764962217, num_events is 7874, mark_ll is -1.4311735518002286, time_ll is 0.795415613292164[0m
[38;20m2026-09-28 09:41:22,454 - tpp_runner.py[pid:1208;line:136:_train_model] - INFO: [ Epoch 46 (test) ]: test loglike is -0.21251026693355343, num_events is 13081, mark_ll is -1.4899896184709693, time_ll is 1.277479323541778[0m
[31;1m2026-09-28 09:41:22,454 - tpp_runner.py[pid:1208;line:140:_train_model] - CRITICAL: current best loglike on valid set is -0.6358 (updated at epoch-46), best updated at this epoch[0m
[38;20m2026-09-28 09:41:25,048 - tpp_runner.py[pid:1208;line:104:_train_model] - INFO: [ Epoch 47 (train) ]: train loglike is -0.2360507012096233, num_events is 27940, mark_ll is -1.4153176484486847, time_ll is 1.1792669690841424[0m
[38;20m2026-09-28 09:41:25,239 - tpp_runner.py[pid:1208;line:116:_train_model] - INFO: [ Epoch 47 (valid) ]:  valid loglike is -0.732048935777559, num_events is 7874, mark_ll is -1.4499953863188977, time_ll is 0.7179464505413385[0m
[38;20m2026-09-28 09:41:26,160 - tpp_runner.py[pid:1208;line:136:_train_model] - INFO: [ Epoch 47 (test) ]: test loglike is -0.28528419939642896, num_events is 13081, mark_ll is -1.5316075976129502, time_ll is 1.246323388884642[0m
[31;1m2026-09-28 09:41:26,160 - tpp_runner.py[pid:1208;line:140:_train_model] - CRITICAL: current best loglike on valid set is -0.6358 (updated at epoch-46)[0m
[38;20m2026-09-28 09:41:28,744 - tpp_runner.py[pid:1208;line:104:_train_model] - INFO: [ Epoch 48 (train) ]: train loglike is -0.224163997489039, num_events is 27940, mark_ll is -1.423423641480628, time_ll is 1.1992596265155244[0m
[38;20m2026-09-28 09:41:28,935 - tpp_runner.py[pid:1208;line:116:_train_model] - INFO: [ Epoch 48 (valid) ]:  valid loglike is -0.6324910306070612, num_events is 7874, mark_ll is -1.422765242014859, time_ll is 0.7902742114077979[0m
[38;20m2026-09-28 09:41:29,267 - tpp_runner.py[pid:1208;line:136:_train_model] - INFO: [ Epoch 48 (test) ]: test loglike is -0.20963607145352753, num_events is 13081, mark_ll is -1.480571923257014, time_ll is 1.270935847137547[0m
[31;1m2026-09-28 09:41:29,267 - tpp_runner.py[pid:1208;line:140:_train_model] - CRITICAL: current best loglike on valid set is -0.6325 (updated at epoch-48), best updated at this epoch[0m
[38;20m2026-09-28 09:41:31,867 - tpp_runner.py[pid:1208;line:104:_train_model] - INFO: [ Epoch 49 (train) ]: train loglike is -0.22160566762761721, num_events is 27940, mark_ll is -1.41363306066012, time_ll is 1.1920274279846323[0m
[38;20m2026-09-28 09:41:32,056 - tpp_runner.py[pid:1208;line:116:_train_model] - INFO: [ Epoch 49 (valid) ]:  valid loglike is -0.6554991606076962, num_events is 7874, mark_ll is -1.4465461636001398, time_ll is 0.7910469409806007[0m
[38;20m2026-09-28 09:41:32,516 - tpp_runner.py[pid:1208;line:136:_train_model] - INFO: [ Epoch 49 (test) ]: test loglike is -0.2410547824985308, num_events is 13081, mark_ll is -1.5188187796828416, time_ll is 1.2777639831864918[0m
[31;1m2026-09-28 09:41:32,516 - tpp_runner.py[pid:1208;line:140:_train_model] - CRITICAL: current best loglike on valid set is -0.6325 (updated at epoch-48)[0m
[38;20m2026-09-28 09:41:35,113 - tpp_runner.py[pid:1208;line:104:_train_model] - INFO: [ Epoch 50 (train) ]: train loglike is -0.1826958691126633, num_events is 27940, mark_ll is -1.4208090299525769, time_ll is 1.2381131826849947[0m
[38;20m2026-09-28 09:41:35,303 - tpp_runner.py[pid:1208;line:116:_train_model] - INFO: [ Epoch 50 (valid) ]:  valid loglike is -0.5707368470401003, num_events is 7874, mark_ll is -1.4319938444564388, time_ll is 0.8612569974163385[0m
[38;20m2026-09-28 09:41:35,641 - tpp_runner.py[pid:1208;line:136:_train_model] - INFO: [ Epoch 50 (test) ]: test loglike is -0.1627045016014998, num_events is 13081, mark_ll is -1.4950489527989068, time_ll is 1.3323444278677088[0m
[31;1m2026-09-28 09:41:35,641 - tpp_runner.py[pid:1208;line:140:_train_model] - CRITICAL: current best loglike on valid set is -0.5707 (updated at epoch-50), best updated at this epoch[0m
[38;20m2026-09-28 09:41:38,234 - tpp_runner.py[pid:1208;line:104:_train_model] - INFO: [ Epoch 51 (train) ]: train loglike is -0.1708602086082901, num_events is 27940, mark_ll is -1.415444262538028, time_ll is 1.2445840015015435[0m
[38;20m2026-09-28 09:41:38,423 - tpp_runner.py[pid:1208;line:116:_train_model] - INFO: [ Epoch 51 (valid) ]:  valid loglike is -0.5782209943326136, num_events is 7874, mark_ll is -1.4300848718884938, time_ll is 0.8518640015795657[0m
[38;20m2026-09-28 09:41:38,755 - tpp_runner.py[pid:1208;line:136:_train_model] - INFO: [ Epoch 51 (test) ]: test loglike is -0.16807270713487119, num_events is 13081, mark_ll is -1.4969598977046863, time_ll is 1.328887227897332[0m
[31;1m2026-09-28 09:41:38,755 - tpp_runner.py[pid:1208;line:140:_train_model] - CRITICAL: current best loglike on valid set is -0.5707 (updated at epoch-50)[0m
[38;20m2026-09-28 09:41:41,348 - tpp_runner.py[pid:1208;line:104:_train_model] - INFO: [ Epoch 52 (train) ]: train loglike is -0.17842382323170186, num_events is 27940, mark_ll is -1.4123272316235684, time_ll is 1.2339034520820285[0m
[38;20m2026-09-28 09:41:41,538 - tpp_runner.py[pid:1208;line:116:_train_model] - INFO: [ Epoch 52 (valid) ]:  valid loglike is -0.538872619737427, num_events is 7874, mark_ll is -1.4359566492570486, time_ll is 0.8970840915314643[0m
[38;20m2026-09-28 09:41:41,882 - tpp_runner.py[pid:1208;line:136:_train_model] - INFO: [ Epoch 52 (test) ]: test loglike is -0.14351188216986946, num_events is 13081, mark_ll is -1.503970192036637, time_ll is 1.360458393853681[0m
[31;1m2026-09-28 09:41:41,882 - tpp_runner.py[pid:1208;line:140:_train_model] - CRITICAL: current best loglike on valid set is -0.5389 (updated at epoch-52), best updated at this epoch[0m
[38;20m2026-09-28 09:41:44,476 - tpp_runner.py[pid:1208;line:104:_train_model] - INFO: [ Epoch 53 (train) ]: train loglike is -0.14266607766502998, num_events is 27940, mark_ll is -1.4134380452532211, time_ll is 1.270771963219175[0m
[38;20m2026-09-28 09:41:44,672 - tpp_runner.py[pid:1208;line:116:_train_model] - INFO: [ Epoch 53 (valid) ]:  valid loglike is -0.5563974145526416, num_events is 7874, mark_ll is -1.4300087213455677, time_ll is 0.8736112447810833[0m
[38;20m2026-09-28 09:41:45,005 - tpp_runner.py[pid:1208;line:136:_train_model] - INFO: [ Epoch 53 (test) ]: test loglike is -0.14582902044980553, num_events is 13081, mark_ll is -1.495148915889458, time_ll is 1.3493198627780751[0m
[31;1m2026-09-28 09:41:45,005 - tpp_runner.py[pid:1208;line:140:_train_model] - CRITICAL: current best loglike on valid set is -0.5389 (updated at epoch-52)[0m
[38;20m2026-09-28 09:41:47,604 - tpp_runner.py[pid:1208;line:104:_train_model] - INFO: [ Epoch 54 (train) ]: train loglike is -0.14831175971389585, num_events is 27940, mark_ll is -1.4153870633779975, time_ll is 1.2670753910444255[0m
[38;20m2026-09-28 09:41:47,791 - tpp_runner.py[pid:1208;line:116:_train_model] - INFO: [ Epoch 54 (valid) ]:  valid loglike is -0.5258479003286132, num_events is 7874, mark_ll is -1.4340671484077343, time_ll is 0.9082193721028067[0m
[38;20m2026-09-28 09:41:48,138 - tpp_runner.py[pid:1208;line:136:_train_model] - INFO: [ Epoch 54 (test) ]: test loglike is -0.13739253501171786, num_events is 13081, mark_ll is -1.5050919212502867, time_ll is 1.367699334913233[0m
[31;1m2026-09-28 09:41:48,138 - tpp_runner.py[pid:1208;line:140:_train_model] - CRITICAL: current best loglike on valid set is -0.5258 (updated at epoch-54), best updated at this epoch[0m
[38;20m2026-09-28 09:41:50,729 - tpp_runner.py[pid:1208;line:104:_train_model] - INFO: [ Epoch 55 (train) ]: train loglike is -0.13299782492897727, num_events is 27940, mark_ll is -1.4133153807545187, time_ll is 1.2803175995157032[0m
[38;20m2026-09-28 09:41:50,920 - tpp_runner.py[pid:1208;line:116:_train_model] - INFO: [ Epoch 55 (valid) ]:  valid loglike is -0.5311222556038863, num_events is 7874, mark_ll is -1.4342237903225807, time_ll is 0.9031014106950089[0m
[38;20m2026-09-28 09:41:51,251 - tpp_runner.py[pid:1208;line:136:_train_model] - INFO: [ Epoch 55 (test) ]: test loglike is -0.13583660278833565, num_events is 13081, mark_ll is -1.5027600339351923, time_ll is 1.3669234451446755[0m
[31;1m2026-09-28 09:41:51,251 - tpp_runner.py[pid:1208;line:140:_train_model] - CRITICAL: current best loglike on valid set is -0.5258 (updated at epoch-54)[0m
[38;20m2026-09-28 09:41:53,849 - tpp_runner.py[pid:1208;line:104:_train_model] - INFO: [ Epoch 56 (train) ]: train loglike is -0.12564141745215754, num_events is 27940, mark_ll is -1.414586956704098, time_ll is 1.288945550174481[0m
[38;20m2026-09-28 09:41:54,051 - tpp_runner.py[pid:1208;line:116:_train_model] - INFO: [ Epoch 56 (valid) ]:  valid loglike is -0.522907298744285, num_events is 7874, mark_ll is -1.442317576041402, time_ll is 0.9194102772971171[0m
[38;20m2026-09-28 09:41:54,381 - tpp_runner.py[pid:1208;line:136:_train_model] - INFO: [ Epoch 56 (test) ]: test loglike is -0.1533827381062586, num_events is 13081, mark_ll is -1.5203985175301964, time_ll is 1.3670157934217568[0m
[31;1m2026-09-28 09:41:54,381 - tpp_runner.py[pid:1208;line:140:_train_model] - CRITICAL: current best loglike on valid set is -0.5229 (updated at epoch-56), best updated at this epoch[0m
[38;20m2026-09-28 09:41:57,005 - tpp_runner.py[pid:1208;line:104:_train_model] - INFO: [ Epoch 57 (train) ]: train loglike is -0.10679490697665478, num_events is 27940, mark_ll is -1.4148571716177523, time_ll is 1.30806223296573[0m
[38;20m2026-09-28 09:41:57,211 - tpp_runner.py[pid:1208;line:116:_train_model] - INFO: [ Epoch 57 (valid) ]:  valid loglike is -0.5017673685249714, num_events is 7874, mark_ll is -1.434614464932055, time_ll is 0.9328471274130048[0m
[38;20m2026-09-28 09:41:57,542 - tpp_runner.py[pid:1208;line:136:_train_model] - INFO: [ Epoch 57 (test) ]: test loglike is -0.11218084413044205, num_events is 13081, mark_ll is -1.5046398850193028, time_ll is 1.392459124875774[0m
[31;1m2026-09-28 09:41:57,542 - tpp_runner.py[pid:1208;line:140:_train_model] - CRITICAL: current best loglike on valid set is -0.5018 (updated at epoch-57), best updated at this epoch[0m
[38;20m2026-09-28 09:42:00,168 - tpp_runner.py[pid:1208;line:104:_train_model] - INFO: [ Epoch 58 (train) ]: train loglike is -0.08171220313845658, num_events is 27940, mark_ll is -1.41652071822432, time_ll is 1.3348084937869094[0m
[38;20m2026-09-28 09:42:00,359 - tpp_runner.py[pid:1208;line:116:_train_model] - INFO: [ Epoch 58 (valid) ]:  valid loglike is -0.49833262557150115, num_events is 7874, mark_ll is -1.4305290007064388, time_ll is 0.9321963751349378[0m
[38;20m2026-09-28 09:42:00,688 - tpp_runner.py[pid:1208;line:136:_train_model] - INFO: [ Epoch 58 (test) ]: test loglike is -0.12043730828587264, num_events is 13081, mark_ll is -1.5028512250592463, time_ll is 1.3824139914284077[0m
[31;1m2026-09-28 09:42:00,688 - tpp_runner.py[pid:1208;line:140:_train_model] - CRITICAL: current best loglike on valid set is -0.4983 (updated at epoch-58), best updated at this epoch[0m
[38;20m2026-09-28 09:42:03,356 - tpp_runner.py[pid:1208;line:104:_train_model] - INFO: [ Epoch 59 (train) ]: train loglike is -0.10838075827596524, num_events is 27940, mark_ll is -1.4102096568539728, time_ll is 1.3018289138695642[0m
[38;20m2026-09-28 09:42:03,539 - tpp_runner.py[pid:1208;line:116:_train_model] - INFO: [ Epoch 59 (valid) ]:  valid loglike is -0.5240612151146178, num_events is 7874, mark_ll is -1.4417151930006984, time_ll is 0.9176539778860807[0m
[38;20m2026-09-28 09:42:03,871 - tpp_runner.py[pid:1208;line:136:_train_model] - INFO: [ Epoch 59 (test) ]: test loglike is -0.12571359947454802, num_events is 13081, mark_ll is -1.5232957300903982, time_ll is 1.3975821772752466[0m
[31;1m2026-09-28 09:42:03,871 - tpp_runner.py[pid:1208;line:140:_train_model] - CRITICAL: current best loglike on valid set is -0.4983 (updated at epoch-58)[0m
[38;20m2026-09-28 09:42:06,514 - tpp_runner.py[pid:1208;line:104:_train_model] - INFO: [ Epoch 60 (train) ]: train loglike is -0.08988641398927529, num_events is 27940, mark_ll is -1.4177985331290266, time_ll is 1.327912089102765[0m
[38;20m2026-09-28 09:42:06,704 - tpp_runner.py[pid:1208;line:116:_train_model] - INFO: [ Epoch 60 (valid) ]:  valid loglike is -0.49734207940095565, num_events is 7874, mark_ll is -1.4308653529416433, time_ll is 0.9335232425347664[0m
[38;20m2026-09-28 09:42:07,037 - tpp_runner.py[pid:1208;line:136:_train_model] - INFO: [ Epoch 60 (test) ]: test loglike is -0.10832319455758829, num_events is 13081, mark_ll is -1.4890211933696773, time_ll is 1.3806980454714854[0m
[31;1m2026-09-28 09:42:07,037 - tpp_runner.py[pid:1208;line:140:_train_model] - CRITICAL: current best loglike on valid set is -0.4973 (updated at epoch-60), best updated at this epoch[0m
[38;20m2026-09-28 09:42:09,678 - tpp_runner.py[pid:1208;line:104:_train_model] - INFO: [ Epoch 61 (train) ]: train loglike is -0.0934920740366494, num_events is 27940, mark_ll is -1.4105471021888423, time_ll is 1.3170550751191168[0m
[38;20m2026-09-28 09:42:09,868 - tpp_runner.py[pid:1208;line:116:_train_model] - INFO: [ Epoch 61 (valid) ]:  valid loglike is -0.481767277987681, num_events is 7874, mark_ll is -1.4441544908480441, time_ll is 0.9623871508485204[0m
[38;20m2026-09-28 09:42:10,200 - tpp_runner.py[pid:1208;line:136:_train_model] - INFO: [ Epoch 61 (test) ]: test loglike is -0.1351813555547526, num_events is 13081, mark_ll is -1.522461161465102, time_ll is 1.3872797825806513[0m
[31;1m2026-09-28 09:42:10,200 - tpp_runner.py[pid:1208;line:140:_train_model] - CRITICAL: current best loglike on valid set is -0.4818 (updated at epoch-61), best updated at this epoch[0m
[38;20m2026-09-28 09:42:12,849 - tpp_runner.py[pid:1208;line:104:_train_model] - INFO: [ Epoch 62 (train) ]: train loglike is -0.09018435140294352, num_events is 27940, mark_ll is -1.4155556549749464, time_ll is 1.325371261520222[0m
[38;20m2026-09-28 09:42:13,047 - tpp_runner.py[pid:1208;line:116:_train_model] - INFO: [ Epoch 62 (valid) ]:  valid loglike is -0.47057807811904684, num_events is 7874, mark_ll is -1.4305655876936754, time_ll is 0.9599876025923927[0m
[38;20m2026-09-28 09:42:13,380 - tpp_runner.py[pid:1208;line:136:_train_model] - INFO: [ Epoch 62 (test) ]: test loglike is -0.10295312264836642, num_events is 13081, mark_ll is -1.5039634730835754, time_ll is 1.4010104110924242[0m
[31;1m2026-09-28 09:42:13,380 - tpp_runner.py[pid:1208;line:140:_train_model] - CRITICAL: current best loglike on valid set is -0.4706 (updated at epoch-62), best updated at this epoch[0m
[38;20m2026-09-28 09:42:16,056 - tpp_runner.py[pid:1208;line:104:_train_model] - INFO: [ Epoch 63 (train) ]: train loglike is -0.0880065762322548, num_events is 27940, mark_ll is -1.4128124720382964, time_ll is 1.3248059545146966[0m
[38;20m2026-09-28 09:42:16,247 - tpp_runner.py[pid:1208;line:116:_train_model] - INFO: [ Epoch 63 (valid) ]:  valid loglike is -0.5022092339106553, num_events is 7874, mark_ll is -1.4452834784575819, time_ll is 0.9430742445469266[0m
[38;20m2026-09-28 09:42:16,579 - tpp_runner.py[pid:1208;line:136:_train_model] - INFO: [ Epoch 63 (test) ]: test loglike is -0.11209010093659219, num_events is 13081, mark_ll is -1.5340584477247534, time_ll is 1.4219683934475575[0m
[31;1m2026-09-28 09:42:16,579 - tpp_runner.py[pid:1208;line:140:_train_model] - CRITICAL: current best loglike on valid set is -0.4706 (updated at epoch-62)[0m
[38;20m2026-09-28 09:42:19,208 - tpp_runner.py[pid:1208;line:104:_train_model] - INFO: [ Epoch 64 (train) ]: train loglike is -0.06060049033796437, num_events is 27940, mark_ll is -1.4162968498344668, time_ll is 1.355696323315587[0m
[38;20m2026-09-28 09:42:19,397 - tpp_runner.py[pid:1208;line:116:_train_model] - INFO: [ Epoch 64 (valid) ]:  valid loglike is -0.44546743658917004, num_events is 7874, mark_ll is -1.4311631338106425, time_ll is 0.9856958522510795[0m
[38;20m2026-09-28 09:42:19,732 - tpp_runner.py[pid:1208;line:136:_train_model] - INFO: [ Epoch 64 (test) ]: test loglike is -0.07758981672487769, num_events is 13081, mark_ll is -1.505974269097355, time_ll is 1.4283844710362357[0m
[31;1m2026-09-28 09:42:19,732 - tpp_runner.py[pid:1208;line:140:_train_model] - CRITICAL: current best loglike on valid set is -0.4455 (updated at epoch-64), best updated at this epoch[0m
[38;20m2026-09-28 09:42:22,402 - tpp_runner.py[pid:1208;line:104:_train_model] - INFO: [ Epoch 65 (train) ]: train loglike is -0.05156880230586189, num_events is 27940, mark_ll is -1.4149881372472262, time_ll is 1.3634192759596457[0m
[38;20m2026-09-28 09:42:22,591 - tpp_runner.py[pid:1208;line:116:_train_model] - INFO: [ Epoch 65 (valid) ]:  valid loglike is -0.4572824599750762, num_events is 7874, mark_ll is -1.4469654876809754, time_ll is 0.9896829656940563[0m
[38;20m2026-09-28 09:42:23,524 - tpp_runner.py[pid:1208;line:136:_train_model] - INFO: [ Epoch 65 (test) ]: test loglike is -0.0973021425098903, num_events is 13081, mark_ll is -1.5272587179162527, time_ll is 1.4299566313976377[0m
[31;1m2026-09-28 09:42:23,524 - tpp_runner.py[pid:1208;line:140:_train_model] - CRITICAL: current best loglike on valid set is -0.4455 (updated at epoch-64)[0m
[38;20m2026-09-28 09:42:26,153 - tpp_runner.py[pid:1208;line:104:_train_model] - INFO: [ Epoch 66 (train) ]: train loglike is -0.048304542099141014, num_events is 27940, mark_ll is -1.4129353812019059, time_ll is 1.3646308041506352[0m
[38;20m2026-09-28 09:42:26,343 - tpp_runner.py[pid:1208;line:116:_train_model] - INFO: [ Epoch 66 (valid) ]:  valid loglike is -0.4518922665775019, num_events is 7874, mark_ll is -1.4334540993300737, time_ll is 0.9815617087288863[0m
[38;20m2026-09-28 09:42:26,675 - tpp_runner.py[pid:1208;line:136:_train_model] - INFO: [ Epoch 66 (test) ]: test loglike is -0.06131953593833614, num_events is 13081, mark_ll is -1.5045868052901155, time_ll is 1.4432671760329867[0m
[31;1m2026-09-28 09:42:26,675 - tpp_runner.py[pid:1208;line:140:_train_model] - CRITICAL: current best loglike on valid set is -0.4455 (updated at epoch-64)[0m
[38;20m2026-09-28 09:42:29,285 - tpp_runner.py[pid:1208;line:104:_train_model] - INFO: [ Epoch 67 (train) ]: train loglike is -0.03579023575560912, num_events is 27940, mark_ll is -1.4132942347161328, time_ll is 1.3775039792999508[0m
[38;20m2026-09-28 09:42:29,492 - tpp_runner.py[pid:1208;line:116:_train_model] - INFO: [ Epoch 67 (valid) ]:  valid loglike is -0.4423767043334868, num_events is 7874, mark_ll is -1.4400230138350902, time_ll is 0.997646278495682[0m
[38;20m2026-09-28 09:42:29,823 - tpp_runner.py[pid:1208;line:136:_train_model] - INFO: [ Epoch 67 (test) ]: test loglike is -0.06095714173945035, num_events is 13081, mark_ll is -1.5278127329237061, time_ll is 1.4668556285117729[0m
[31;1m2026-09-28 09:42:29,823 - tpp_runner.py[pid:1208;line:140:_train_model] - CRITICAL: current best loglike on valid set is -0.4424 (updated at epoch-67), best updated at this epoch[0m
[38;20m2026-09-28 09:42:32,416 - tpp_runner.py[pid:1208;line:104:_train_model] - INFO: [ Epoch 68 (train) ]: train loglike is -0.03460403256699624, num_events is 27940, mark_ll is -1.4133265130077846, time_ll is 1.3787224891788208[0m
[38;20m2026-09-28 09:42:32,605 - tpp_runner.py[pid:1208;line:116:_train_model] - INFO: [ Epoch 68 (valid) ]:  valid loglike is -0.4152416551903416, num_events is 7874, mark_ll is -1.434944615982982, time_ll is 1.019703084816326[0m
[38;20m2026-09-28 09:42:32,952 - tpp_runner.py[pid:1208;line:136:_train_model] - INFO: [ Epoch 68 (test) ]: test loglike is -0.047376009933300205, num_events is 13081, mark_ll is -1.5138880386510014, time_ll is 1.4665119913901843[0m
[31;1m2026-09-28 09:42:32,952 - tpp_runner.py[pid:1208;line:140:_train_model] - CRITICAL: current best loglike on valid set is -0.4152 (updated at epoch-68), best updated at this epoch[0m
[38;20m2026-09-28 09:42:35,545 - tpp_runner.py[pid:1208;line:104:_train_model] - INFO: [ Epoch 69 (train) ]: train loglike is -0.026862321551902515, num_events is 27940, mark_ll is -1.4147491695374015, time_ll is 1.3878868851221366[0m
[38;20m2026-09-28 09:42:35,734 - tpp_runner.py[pid:1208;line:116:_train_model] - INFO: [ Epoch 69 (valid) ]:  valid loglike is -0.39796881449231647, num_events is 7874, mark_ll is -1.4400352921799593, time_ll is 1.042066477687643[0m
[38;20m2026-09-28 09:42:36,067 - tpp_runner.py[pid:1208;line:136:_train_model] - INFO: [ Epoch 69 (test) ]: test loglike is -0.04176999545500153, num_events is 13081, mark_ll is -1.514104724887241, time_ll is 1.472334785423515[0m
[31;1m2026-09-28 09:42:36,067 - tpp_runner.py[pid:1208;line:140:_train_model] - CRITICAL: current best loglike on valid set is -0.3980 (updated at epoch-69), best updated at this epoch[0m
[38;20m2026-09-28 09:42:38,690 - tpp_runner.py[pid:1208;line:104:_train_model] - INFO: [ Epoch 70 (train) ]: train loglike is -0.017816273519287985, num_events is 27940, mark_ll is -1.411804802142985, time_ll is 1.3939885133321404[0m
[38;20m2026-09-28 09:42:38,880 - tpp_runner.py[pid:1208;line:116:_train_model] - INFO: [ Epoch 70 (valid) ]:  valid loglike is -0.38695963500325437, num_events is 7874, mark_ll is -1.4396782279892686, time_ll is 1.0527186239919355[0m
[38;20m2026-09-28 09:42:40,006 - tpp_runner.py[pid:1208;line:136:_train_model] - INFO: [ Epoch 70 (test) ]: test loglike is -0.04967837118244018, num_events is 13081, mark_ll is -1.5161640840006498, time_ll is 1.4664857128182096[0m
[31;1m2026-09-28 09:42:40,006 - tpp_runner.py[pid:1208;line:140:_train_model] - CRITICAL: current best loglike on valid set is -0.3870 (updated at epoch-70), best updated at this epoch[0m
[38;20m2026-09-28 09:42:42,603 - tpp_runner.py[pid:1208;line:104:_train_model] - INFO: [ Epoch 71 (train) ]: train loglike is -0.010564414415516508, num_events is 27940, mark_ll is -1.4123987436806549, time_ll is 1.4018343227116141[0m
[38;20m2026-09-28 09:42:42,793 - tpp_runner.py[pid:1208;line:116:_train_model] - INFO: [ Epoch 71 (valid) ]:  valid loglike is -0.41583194592170436, num_events is 7874, mark_ll is -1.4364722157178689, time_ll is 1.0206402697961645[0m
[38;20m2026-09-28 09:42:43,125 - tpp_runner.py[pid:1208;line:136:_train_model] - INFO: [ Epoch 71 (test) ]: test loglike is -0.04943323204636018, num_events is 13081, mark_ll is -1.5134445504214127, time_ll is 1.4640113463706903[0m
[31;1m2026-09-28 09:42:43,125 - tpp_runner.py[pid:1208;line:140:_train_model] - CRITICAL: current best loglike on valid set is -0.3870 (updated at epoch-70)[0m
[38;20m2026-09-28 09:42:45,749 - tpp_runner.py[pid:1208;line:104:_train_model] - INFO: [ Epoch 72 (train) ]: train loglike is -0.004389849849146608, num_events is 27940, mark_ll is -1.4108028993490516, time_ll is 1.4064130429463806[0m
[38;20m2026-09-28 09:42:45,939 - tpp_runner.py[pid:1208;line:116:_train_model] - INFO: [ Epoch 72 (valid) ]:  valid loglike is -0.39592716758675706, num_events is 7874, mark_ll is -1.4405537111855473, time_ll is 1.0446265746047116[0m
[38;20m2026-09-28 09:42:46,271 - tpp_runner.py[pid:1208;line:136:_train_model] - INFO: [ Epoch 72 (test) ]: test loglike is -0.0516291818763856, num_events is 13081, mark_ll is -1.5239439224232665, time_ll is 1.472314777874398[0m
[31;1m2026-09-28 09:42:46,271 - tpp_runner.py[pid:1208;line:140:_train_model] - CRITICAL: current best loglike on valid set is -0.3870 (updated at epoch-70)[0m
[38;20m2026-09-28 09:42:48,913 - tpp_runner.py[pid:1208;line:104:_train_model] - INFO: [ Epoch 73 (train) ]: train loglike is -0.004971097210260827, num_events is 27940, mark_ll is -1.4140969453236847, time_ll is 1.4091258699585048[0m
[38;20m2026-09-28 09:42:49,102 - tpp_runner.py[pid:1208;line:116:_train_model] - INFO: [ Epoch 73 (valid) ]:  valid loglike is -0.3828451802411417, num_events is 7874, mark_ll is -1.4396018293989712, time_ll is 1.0567564631223012[0m
[38;20m2026-09-28 09:42:49,433 - tpp_runner.py[pid:1208;line:136:_train_model] - INFO: [ Epoch 73 (test) ]: test loglike is -0.029821531915325664, num_events is 13081, mark_ll is -1.5165134695598579, time_ll is 1.4866919189807737[0m
[31;1m2026-09-28 09:42:49,433 - tpp_runner.py[pid:1208;line:140:_train_model] - CRITICAL: current best loglike on valid set is -0.3828 (updated at epoch-73), best updated at this epoch[0m
[38;20m2026-09-28 09:42:52,029 - tpp_runner.py[pid:1208;line:104:_train_model] - INFO: [ Epoch 74 (train) ]: train loglike is 0.006660661308272191, num_events is 27940, mark_ll is -1.4149553871018254, time_ll is 1.4216160047199355[0m
[38;20m2026-09-28 09:42:52,234 - tpp_runner.py[pid:1208;line:116:_train_model] - INFO: [ Epoch 74 (valid) ]:  valid loglike is -0.39530546785702947, num_events is 7874, mark_ll is -1.439532004064008, time_ll is 1.0442265982188215[0m
[38;20m2026-09-28 09:42:52,567 - tpp_runner.py[pid:1208;line:136:_train_model] - INFO: [ Epoch 74 (test) ]: test loglike is -0.025729913465856968, num_events is 13081, mark_ll is -1.5162950662578358, time_ll is 1.4905651714557373[0m
[31;1m2026-09-28 09:42:52,678 - tpp_runner.py[pid:1208;line:140:_train_model] - CRITICAL: current best loglike on valid set is -0.3828 (updated at epoch-73)[0m
[38;20m2026-09-28 09:42:55,288 - tpp_runner.py[pid:1208;line:104:_train_model] - INFO: [ Epoch 75 (train) ]: train loglike is 0.0063063078807265565, num_events is 27940, mark_ll is -1.4113494807511633, time_ll is 1.4176557886318897[0m
[38;20m2026-09-28 09:42:55,488 - tpp_runner.py[pid:1208;line:116:_train_model] - INFO: [ Epoch 75 (valid) ]:  valid loglike is -0.38502427639620906, num_events is 7874, mark_ll is -1.4415439162909576, time_ll is 1.0565195778829057[0m
[38;20m2026-09-28 09:42:55,827 - tpp_runner.py[pid:1208;line:136:_train_model] - INFO: [ Epoch 75 (test) ]: test loglike is -0.019694669869467166, num_events is 13081, mark_ll is -1.5220073335133018, time_ll is 1.5023127382988686[0m
[31;1m2026-09-28 09:42:55,827 - tpp_runner.py[pid:1208;line:140:_train_model] - CRITICAL: current best loglike on valid set is -0.3828 (updated at epoch-73)[0m
[38;20m2026-09-28 09:42:58,437 - tpp_runner.py[pid:1208;line:104:_train_model] - INFO: [ Epoch 76 (train) ]: train loglike is 0.010374576292809369, num_events is 27940, mark_ll is -1.415419446526038, time_ll is 1.4257940512174525[0m
[38;20m2026-09-28 09:42:58,642 - tpp_runner.py[pid:1208;line:116:_train_model] - INFO: [ Epoch 76 (valid) ]:  valid loglike is -0.3769988587340456, num_events is 7874, mark_ll is -1.438232979981585, time_ll is 1.061234090241618[0m
[38;20m2026-09-28 09:42:58,992 - tpp_runner.py[pid:1208;line:136:_train_model] - INFO: [ Epoch 76 (test) ]: test loglike is -0.013472378085343246, num_events is 13081, mark_ll is -1.516160425903983, time_ll is 1.5026880291548812[0m
[31;1m2026-09-28 09:42:58,992 - tpp_runner.py[pid:1208;line:140:_train_model] - CRITICAL: current best loglike on valid set is -0.3770 (updated at epoch-76), best updated at this epoch[0m
[38;20m2026-09-28 09:43:01,636 - tpp_runner.py[pid:1208;line:104:_train_model] - INFO: [ Epoch 77 (train) ]: train loglike is 0.003248402862439603, num_events is 27940, mark_ll is -1.4108984584712778, time_ll is 1.4141469181309279[0m
[38;20m2026-09-28 09:43:01,826 - tpp_runner.py[pid:1208;line:116:_train_model] - INFO: [ Epoch 77 (valid) ]:  valid loglike is -0.37523455979529147, num_events is 7874, mark_ll is -1.4419730382429514, time_ll is 1.066738385429896[0m
[38;20m2026-09-28 09:43:02,171 - tpp_runner.py[pid:1208;line:136:_train_model] - INFO: [ Epoch 77 (test) ]: test loglike is -0.02210064297394599, num_events is 13081, mark_ll is -1.5174898827497898, time_ll is 1.4953891557889305[0m
[31;1m2026-09-28 09:43:02,171 - tpp_runner.py[pid:1208;line:140:_train_model] - CRITICAL: current best loglike on valid set is -0.3752 (updated at epoch-77), best updated at this epoch[0m
[38;20m2026-09-28 09:43:04,807 - tpp_runner.py[pid:1208;line:104:_train_model] - INFO: [ Epoch 78 (train) ]: train loglike is 0.012956730399544784, num_events is 27940, mark_ll is -1.414153585249642, time_ll is 1.4271103396787759[0m
[38;20m2026-09-28 09:43:04,998 - tpp_runner.py[pid:1208;line:116:_train_model] - INFO: [ Epoch 78 (valid) ]:  valid loglike is -0.3863133785837884, num_events is 7874, mark_ll is -1.4411754419211964, time_ll is 1.0548621253492507[0m
[38;20m2026-09-28 09:43:05,330 - tpp_runner.py[pid:1208;line:136:_train_model] - INFO: [ Epoch 78 (test) ]: test loglike is -0.013862823913261602, num_events is 13081, mark_ll is -1.5176764830073197, time_ll is 1.5038136031027827[0m
[31;1m2026-09-28 09:43:05,330 - tpp_runner.py[pid:1208;line:140:_train_model] - CRITICAL: current best loglike on valid set is -0.3752 (updated at epoch-77)[0m
[38;20m2026-09-28 09:43:07,974 - tpp_runner.py[pid:1208;line:104:_train_model] - INFO: [ Epoch 79 (train) ]: train loglike is 0.01859408291903409, num_events is 27940, mark_ll is -1.4113584984005905, time_ll is 1.4299525944266733[0m
[38;20m2026-09-28 09:43:08,166 - tpp_runner.py[pid:1208;line:116:_train_model] - INFO: [ Epoch 79 (valid) ]:  valid loglike is -0.36695204103298834, num_events is 7874, mark_ll is -1.4413942197025018, time_ll is 1.0744421166576708[0m
[38;20m2026-09-28 09:43:08,499 - tpp_runner.py[pid:1208;line:136:_train_model] - INFO: [ Epoch 79 (test) ]: test loglike is -0.015699253763210956, num_events is 13081, mark_ll is -1.5173213116829753, time_ll is 1.5016221792341946[0m
[31;1m2026-09-28 09:43:08,499 - tpp_runner.py[pid:1208;line:140:_train_model] - CRITICAL: current best loglike on valid set is -0.3670 (updated at epoch-79), best updated at this epoch[0m
[38;20m2026-09-28 09:43:11,143 - tpp_runner.py[pid:1208;line:104:_train_model] - INFO: [ Epoch 80 (train) ]: train loglike is 0.02072588975888623, num_events is 27940, mark_ll is -1.412276428703248, time_ll is 1.4330023162776262[0m
[38;20m2026-09-28 09:43:11,343 - tpp_runner.py[pid:1208;line:116:_train_model] - INFO: [ Epoch 80 (valid) ]:  valid loglike is -0.3643262115625794, num_events is 7874, mark_ll is -1.4407588463614427, time_ll is 1.0764325727870205[0m
[38;20m2026-09-28 09:43:11,672 - tpp_runner.py[pid:1208;line:136:_train_model] - INFO: [ Epoch 80 (test) ]: test loglike is -0.018954894473616313, num_events is 13081, mark_ll is -1.5219989721494915, time_ll is 1.5030440590121168[0m
[31;1m2026-09-28 09:43:11,672 - tpp_runner.py[pid:1208;line:140:_train_model] - CRITICAL: current best loglike on valid set is -0.3643 (updated at epoch-80), best updated at this epoch[0m
[38;20m2026-09-28 09:43:14,319 - tpp_runner.py[pid:1208;line:104:_train_model] - INFO: [ Epoch 81 (train) ]: train loglike is 0.02640308552156966, num_events is 27940, mark_ll is -1.4113832445083214, time_ll is 1.4377863103693183[0m
[38;20m2026-09-28 09:43:14,525 - tpp_runner.py[pid:1208;line:116:_train_model] - INFO: [ Epoch 81 (valid) ]:  valid loglike is -0.3715291971599568, num_events is 7874, mark_ll is -1.4390545128746508, time_ll is 1.0675251916910085[0m
[38;20m2026-09-28 09:43:14,843 - tpp_runner.py[pid:1208;line:136:_train_model] - INFO: [ Epoch 81 (test) ]: test loglike is -0.026584125696979398, num_events is 13081, mark_ll is -1.5186709627154842, time_ll is 1.4920867903591086[0m
[31;1m2026-09-28 09:43:14,843 - tpp_runner.py[pid:1208;line:140:_train_model] - CRITICAL: current best loglike on valid set is -0.3643 (updated at epoch-80)[0m
[38;20m2026-09-28 09:43:17,484 - tpp_runner.py[pid:1208;line:104:_train_model] - INFO: [ Epoch 82 (train) ]: train loglike is 0.02714647144271206, num_events is 27940, mark_ll is -1.41332368188529, time_ll is 1.44047010963784[0m
[38;20m2026-09-28 09:43:17,673 - tpp_runner.py[pid:1208;line:116:_train_model] - INFO: [ Epoch 82 (valid) ]:  valid loglike is -0.3620884522042482, num_events is 7874, mark_ll is -1.4430978090471807, time_ll is 1.0810094188547752[0m
[38;20m2026-09-28 09:43:18,007 - tpp_runner.py[pid:1208;line:136:_train_model] - INFO: [ Epoch 82 (test) ]: test loglike is -0.013757653634087609, num_events is 13081, mark_ll is -1.5253847645798295, time_ll is 1.511627073618225[0m
[31;1m2026-09-28 09:43:18,007 - tpp_runner.py[pid:1208;line:140:_train_model] - CRITICAL: current best loglike on valid set is -0.3621 (updated at epoch-82), best updated at this epoch[0m
[38;20m2026-09-28 09:43:20,683 - tpp_runner.py[pid:1208;line:104:_train_model] - INFO: [ Epoch 83 (train) ]: train loglike is 0.027225555004865336, num_events is 27940, mark_ll is -1.4135626670711794, time_ll is 1.4407881740168664[0m
[38;20m2026-09-28 09:43:20,873 - tpp_runner.py[pid:1208;line:116:_train_model] - INFO: [ Epoch 83 (valid) ]:  valid loglike is -0.37158429468226123, num_events is 7874, mark_ll is -1.4391639017653035, time_ll is 1.0675796380889637[0m
[38;20m2026-09-28 09:43:21,212 - tpp_runner.py[pid:1208;line:136:_train_model] - INFO: [ Epoch 83 (test) ]: test loglike is -0.010144835245298524, num_events is 13081, mark_ll is -1.5169412429047855, time_ll is 1.5067964449870042[0m
[31;1m2026-09-28 09:43:21,348 - tpp_runner.py[pid:1208;line:140:_train_model] - CRITICAL: current best loglike on valid set is -0.3621 (updated at epoch-82)[0m
[38;20m2026-09-28 09:43:23,986 - tpp_runner.py[pid:1208;line:104:_train_model] - INFO: [ Epoch 84 (train) ]: train loglike is 0.0330075263294392, num_events is 27940, mark_ll is -1.4098617783084288, time_ll is 1.4428693111913922[0m
[38;20m2026-09-28 09:43:24,177 - tpp_runner.py[pid:1208;line:116:_train_model] - INFO: [ Epoch 84 (valid) ]:  valid loglike is -0.3410246725278607, num_events is 7874, mark_ll is -1.441283218503937, time_ll is 1.100258514970155[0m
[38;20m2026-09-28 09:43:24,532 - tpp_runner.py[pid:1208;line:136:_train_model] - INFO: [ Epoch 84 (test) ]: test loglike is -0.014702319770803073, num_events is 13081, mark_ll is -1.5212630601516512, time_ll is 1.5065609083546747[0m
[31;1m2026-09-28 09:43:24,532 - tpp_runner.py[pid:1208;line:140:_train_model] - CRITICAL: current best loglike on valid set is -0.3410 (updated at epoch-84), best updated at this epoch[0m
[38;20m2026-09-28 09:43:27,154 - tpp_runner.py[pid:1208;line:104:_train_model] - INFO: [ Epoch 85 (train) ]: train loglike is 0.025626931978961615, num_events is 27940, mark_ll is -1.4124228781261186, time_ll is 1.4380498669022905[0m
[38;20m2026-09-28 09:43:27,344 - tpp_runner.py[pid:1208;line:116:_train_model] - INFO: [ Epoch 85 (valid) ]:  valid loglike is -0.3464249428498857, num_events is 7874, mark_ll is -1.4398785262414275, time_ll is 1.0934535833915418[0m
[38;20m2026-09-28 09:43:27,676 - tpp_runner.py[pid:1208;line:136:_train_model] - INFO: [ Epoch 85 (test) ]: test loglike is -0.0065363841759995414, num_events is 13081, mark_ll is -1.516268153118072, time_ll is 1.5097317316145555[0m
[31;1m2026-09-28 09:43:27,676 - tpp_runner.py[pid:1208;line:140:_train_model] - CRITICAL: current best loglike on valid set is -0.3410 (updated at epoch-84)[0m
[38;20m2026-09-28 09:43:30,286 - tpp_runner.py[pid:1208;line:104:_train_model] - INFO: [ Epoch 86 (train) ]: train loglike is 0.03392160315981232, num_events is 27940, mark_ll is -1.4097938663206873, time_ll is 1.4437154847720561[0m
[38;20m2026-09-28 09:43:30,492 - tpp_runner.py[pid:1208;line:116:_train_model] - INFO: [ Epoch 86 (valid) ]:  valid loglike is -0.34954841735855346, num_events is 7874, mark_ll is -1.4412477477298704, time_ll is 1.0916993923831597[0m
[38;20m2026-09-28 09:43:30,807 - tpp_runner.py[pid:1208;line:136:_train_model] - INFO: [ Epoch 86 (test) ]: test loglike is -0.00579808321707056, num_events is 13081, mark_ll is -1.5181609568505847, time_ll is 1.5123628736335142[0m
[31;1m2026-09-28 09:43:30,823 - tpp_runner.py[pid:1208;line:140:_train_model] - CRITICAL: current best loglike on valid set is -0.3410 (updated at epoch-84)[0m
[38;20m2026-09-28 09:43:33,418 - tpp_runner.py[pid:1208;line:104:_train_model] - INFO: [ Epoch 87 (train) ]: train loglike is 0.0378548667869486, num_events is 27940, mark_ll is -1.412685455999463, time_ll is 1.4505403599230493[0m
[38;20m2026-09-28 09:43:33,623 - tpp_runner.py[pid:1208;line:116:_train_model] - INFO: [ Epoch 87 (valid) ]:  valid loglike is -0.3593452963273114, num_events is 7874, mark_ll is -1.442629371586868, time_ll is 1.0832841372713995[0m
[38;20m2026-09-28 09:43:33,955 - tpp_runner.py[pid:1208;line:136:_train_model] - INFO: [ Epoch 87 (test) ]: test loglike is -0.0004921633117689779, num_events is 13081, mark_ll is -1.521646973664093, time_ll is 1.521154698369773[0m
[31;1m2026-09-28 09:43:33,955 - tpp_runner.py[pid:1208;line:140:_train_model] - CRITICAL: current best loglike on valid set is -0.3410 (updated at epoch-84)[0m
[38;20m2026-09-28 09:43:36,583 - tpp_runner.py[pid:1208;line:104:_train_model] - INFO: [ Epoch 88 (train) ]: train loglike is 0.0345205319294694, num_events is 27940, mark_ll is -1.413573344946761, time_ll is 1.4480938506621333[0m
[38;20m2026-09-28 09:43:36,773 - tpp_runner.py[pid:1208;line:116:_train_model] - INFO: [ Epoch 88 (valid) ]:  valid loglike is -0.36386037859966347, num_events is 7874, mark_ll is -1.439735899003048, time_ll is 1.0758755824152273[0m
[38;20m2026-09-28 09:43:37,110 - tpp_runner.py[pid:1208;line:136:_train_model] - INFO: [ Epoch 88 (test) ]: test loglike is 0.002336973189286943, num_events is 13081, mark_ll is -1.516573417552175, time_ll is 1.5189104187370996[0m
[31;1m2026-09-28 09:43:37,110 - tpp_runner.py[pid:1208;line:140:_train_model] - CRITICAL: current best loglike on valid set is -0.3410 (updated at epoch-84)[0m
[38;20m2026-09-28 09:43:39,741 - tpp_runner.py[pid:1208;line:104:_train_model] - INFO: [ Epoch 89 (train) ]: train loglike is 0.037142203787692375, num_events is 27940, mark_ll is -1.410545511866947, time_ll is 1.4476877680828337[0m
[38;20m2026-09-28 09:43:39,921 - tpp_runner.py[pid:1208;line:116:_train_model] - INFO: [ Epoch 89 (valid) ]:  valid loglike is -0.34520820848282324, num_events is 7874, mark_ll is -1.4405122872745746, time_ll is 1.0953041408035942[0m
[38;20m2026-09-28 09:43:40,255 - tpp_runner.py[pid:1208;line:136:_train_model] - INFO: [ Epoch 89 (test) ]: test loglike is -0.007380760606389993, num_events is 13081, mark_ll is -1.5186886932860637, time_ll is 1.5113079233477944[0m
[31;1m2026-09-28 09:43:40,255 - tpp_runner.py[pid:1208;line:140:_train_model] - CRITICAL: current best loglike on valid set is -0.3410 (updated at epoch-84)[0m
[38;20m2026-09-28 09:43:42,867 - tpp_runner.py[pid:1208;line:104:_train_model] - INFO: [ Epoch 90 (train) ]: train loglike is 0.03823719939420969, num_events is 27940, mark_ll is -1.41346936236131, time_ll is 1.45170657267806[0m
[38;20m2026-09-28 09:43:43,073 - tpp_runner.py[pid:1208;line:116:_train_model] - INFO: [ Epoch 90 (valid) ]:  valid loglike is -0.3780196356779432, num_events is 7874, mark_ll is -1.4430814379206884, time_ll is 1.0650618332486665[0m
[38;20m2026-09-28 09:43:43,392 - tpp_runner.py[pid:1208;line:136:_train_model] - INFO: [ Epoch 90 (test) ]: test loglike is -0.0014820144078243253, num_events is 13081, mark_ll is -1.5240039823981346, time_ll is 1.5225219306627933[0m
[31;1m2026-09-28 09:43:43,392 - tpp_runner.py[pid:1208;line:140:_train_model] - CRITICAL: current best loglike on valid set is -0.3410 (updated at epoch-84)[0m
[38;20m2026-09-28 09:43:46,035 - tpp_runner.py[pid:1208;line:104:_train_model] - INFO: [ Epoch 91 (train) ]: train loglike is 0.03769672369223112, num_events is 27940, mark_ll is -1.4148892227205618, time_ll is 1.4525859070916474[0m
[38;20m2026-09-28 09:43:46,225 - tpp_runner.py[pid:1208;line:116:_train_model] - INFO: [ Epoch 91 (valid) ]:  valid loglike is -0.3364703057531115, num_events is 7874, mark_ll is -1.4416669477870205, time_ll is 1.105196642033909[0m
[38;20m2026-09-28 09:43:46,557 - tpp_runner.py[pid:1208;line:136:_train_model] - INFO: [ Epoch 91 (test) ]: test loglike is -0.001026870661049423, num_events is 13081, mark_ll is -1.5216562308883113, time_ll is 1.5206292762403486[0m
[31;1m2026-09-28 09:43:46,557 - tpp_runner.py[pid:1208;line:140:_train_model] - CRITICAL: current best loglike on valid set is -0.3365 (updated at epoch-91), best updated at this epoch[0m
[38;20m2026-09-28 09:43:49,158 - tpp_runner.py[pid:1208;line:104:_train_model] - INFO: [ Epoch 92 (train) ]: train loglike is 0.048218752097127775, num_events is 27940, mark_ll is -1.412866542982731, time_ll is 1.461085277603794[0m
[38;20m2026-09-28 09:43:49,343 - tpp_runner.py[pid:1208;line:116:_train_model] - INFO: [ Epoch 92 (valid) ]:  valid loglike is -0.36762803213106426, num_events is 7874, mark_ll is -1.4406162191230631, time_ll is 1.072988186991999[0m
[38;20m2026-09-28 09:43:49,691 - tpp_runner.py[pid:1208;line:136:_train_model] - INFO: [ Epoch 92 (test) ]: test loglike is 0.005843128198221657, num_events is 13081, mark_ll is -1.5196201268179994, time_ll is 1.5254632643481003[0m
[31;1m2026-09-28 09:43:49,691 - tpp_runner.py[pid:1208;line:140:_train_model] - CRITICAL: current best loglike on valid set is -0.3365 (updated at epoch-91)[0m
[38;20m2026-09-28 09:43:52,300 - tpp_runner.py[pid:1208;line:104:_train_model] - INFO: [ Epoch 93 (train) ]: train loglike is 0.03792885170720182, num_events is 27940, mark_ll is -1.4115065556214208, time_ll is 1.4494353832990337[0m
[38;20m2026-09-28 09:43:52,490 - tpp_runner.py[pid:1208;line:116:_train_model] - INFO: [ Epoch 93 (valid) ]:  valid loglike is -0.3607435393581725, num_events is 7874, mark_ll is -1.4406504496602743, time_ll is 1.0799068482902592[0m
[38;20m2026-09-28 09:43:52,918 - tpp_runner.py[pid:1208;line:136:_train_model] - INFO: [ Epoch 93 (test) ]: test loglike is 0.01805560926570503, num_events is 13081, mark_ll is -1.5196598059685804, time_ll is 1.5377154245661646[0m
[31;1m2026-09-28 09:43:52,918 - tpp_runner.py[pid:1208;line:140:_train_model] - CRITICAL: current best loglike on valid set is -0.3365 (updated at epoch-91)[0m
[38;20m2026-09-28 09:43:55,546 - tpp_runner.py[pid:1208;line:104:_train_model] - INFO: [ Epoch 94 (train) ]: train loglike is 0.04739368960272011, num_events is 27940, mark_ll is -1.4115864212374731, time_ll is 1.4589801632683876[0m
[38;20m2026-09-28 09:43:55,740 - tpp_runner.py[pid:1208;line:116:_train_model] - INFO: [ Epoch 94 (valid) ]:  valid loglike is -0.3516646335050483, num_events is 7874, mark_ll is -1.4411260804943484, time_ll is 1.089461509001143[0m
[38;20m2026-09-28 09:43:56,070 - tpp_runner.py[pid:1208;line:136:_train_model] - INFO: [ Epoch 94 (test) ]: test loglike is 0.010313910233592615, num_events is 13081, mark_ll is -1.5206065064549728, time_ll is 1.5309204726798409[0m
[31;1m2026-09-28 09:43:56,070 - tpp_runner.py[pid:1208;line:140:_train_model] - CRITICAL: current best loglike on valid set is -0.3365 (updated at epoch-91)[0m
[38;20m2026-09-28 09:43:58,714 - tpp_runner.py[pid:1208;line:104:_train_model] - INFO: [ Epoch 95 (train) ]: train loglike is 0.0382513965123367, num_events is 27940, mark_ll is -1.4120725005033106, time_ll is 1.4503238751705665[0m
[38;20m2026-09-28 09:43:58,915 - tpp_runner.py[pid:1208;line:116:_train_model] - INFO: [ Epoch 95 (valid) ]:  valid loglike is -0.34237079460487047, num_events is 7874, mark_ll is -1.4414701221980568, time_ll is 1.0990993896050292[0m
[38;20m2026-09-28 09:43:59,235 - tpp_runner.py[pid:1208;line:136:_train_model] - INFO: [ Epoch 95 (test) ]: test loglike is 0.006569577670500153, num_events is 13081, mark_ll is -1.5212528697395076, time_ll is 1.5278223634230945[0m
[31;1m2026-09-28 09:43:59,235 - tpp_runner.py[pid:1208;line:140:_train_model] - CRITICAL: current best loglike on valid set is -0.3365 (updated at epoch-91)[0m
[38;20m2026-09-28 09:44:01,865 - tpp_runner.py[pid:1208;line:104:_train_model] - INFO: [ Epoch 96 (train) ]: train loglike is 0.03890739992506263, num_events is 27940, mark_ll is -1.4122825628019864, time_ll is 1.4511899802031138[0m
[38;20m2026-09-28 09:44:02,070 - tpp_runner.py[pid:1208;line:116:_train_model] - INFO: [ Epoch 96 (valid) ]:  valid loglike is -0.35198250621110616, num_events is 7874, mark_ll is -1.4415403196040768, time_ll is 1.0895577513811279[0m
[38;20m2026-09-28 09:44:02,393 - tpp_runner.py[pid:1208;line:136:_train_model] - INFO: [ Epoch 96 (test) ]: test loglike is -0.0013298114572184848, num_events is 13081, mark_ll is -1.5213973645578511, time_ll is 1.520067497109357[0m
[31;1m2026-09-28 09:44:02,393 - tpp_runner.py[pid:1208;line:140:_train_model] - CRITICAL: current best loglike on valid set is -0.3365 (updated at epoch-91)[0m
[38;20m2026-09-28 09:44:05,014 - tpp_runner.py[pid:1208;line:104:_train_model] - INFO: [ Epoch 97 (train) ]: train loglike is 0.04186202576950608, num_events is 27940, mark_ll is -1.4122746985728347, time_ll is 1.4541368117226647[0m
[38;20m2026-09-28 09:44:05,205 - tpp_runner.py[pid:1208;line:116:_train_model] - INFO: [ Epoch 97 (valid) ]:  valid loglike is -0.3480459634259112, num_events is 7874, mark_ll is -1.441521343980188, time_ll is 1.0934754115601981[0m
[38;20m2026-09-28 09:44:05,546 - tpp_runner.py[pid:1208;line:136:_train_model] - INFO: [ Epoch 97 (test) ]: test loglike is 0.008233685038175597, num_events is 13081, mark_ll is -1.5213402534568268, time_ll is 1.5295739198312437[0m
[31;1m2026-09-28 09:44:05,546 - tpp_runner.py[pid:1208;line:140:_train_model] - CRITICAL: current best loglike on valid set is -0.3365 (updated at epoch-91)[0m
[38;20m2026-09-28 09:44:08,162 - tpp_runner.py[pid:1208;line:104:_train_model] - INFO: [ Epoch 98 (train) ]: train loglike is 0.03573452424559324, num_events is 27940, mark_ll is -1.4122168877505368, time_ll is 1.4479513508299033[0m
[38;20m2026-09-28 09:44:08,367 - tpp_runner.py[pid:1208;line:116:_train_model] - INFO: [ Epoch 98 (valid) ]:  valid loglike is -0.3509792786187135, num_events is 7874, mark_ll is -1.4415018722615571, time_ll is 1.0905225316310008[0m
[38;20m2026-09-28 09:44:08,698 - tpp_runner.py[pid:1208;line:136:_train_model] - INFO: [ Epoch 98 (test) ]: test loglike is 0.0017422338607761257, num_events is 13081, mark_ll is -1.521294377938422, time_ll is 1.523036602467319[0m
[31;1m2026-09-28 09:44:08,698 - tpp_runner.py[pid:1208;line:140:_train_model] - CRITICAL: current best loglike on valid set is -0.3365 (updated at epoch-91)[0m
[38;20m2026-09-28 09:44:11,321 - tpp_runner.py[pid:1208;line:104:_train_model] - INFO: [ Epoch 99 (train) ]: train loglike is 0.029909529034034987, num_events is 27940, mark_ll is -1.4121864269696225, time_ll is 1.4420959865867709[0m
[38;20m2026-09-28 09:44:11,519 - tpp_runner.py[pid:1208;line:116:_train_model] - INFO: [ Epoch 99 (valid) ]:  valid loglike is -0.33241169265541654, num_events is 7874, mark_ll is -1.4414935626746253, time_ll is 1.1090820560547372[0m
[38;20m2026-09-28 09:44:11,856 - tpp_runner.py[pid:1208;line:136:_train_model] - INFO: [ Epoch 99 (test) ]: test loglike is 0.004293345683266761, num_events is 13081, mark_ll is -1.5212748929745432, time_ll is 1.5255682293259307[0m
[31;1m2026-09-28 09:44:11,856 - tpp_runner.py[pid:1208;line:140:_train_model] - CRITICAL: current best loglike on valid set is -0.3324 (updated at epoch-99), best updated at this epoch[0m
[38;20m2026-09-28 09:44:11,856 - base_runner.py[pid:1208;line:118:train] - INFO: End AttNHP train! Cost time: 5.303m[0m
RESULT {"model": "AttNHP", "dataset": "lob_goog", "seed": 2019, "ll_per_event": 0.004293345683266761, "mark_ll": -1.5212748929745432, "time_ll": 1.5255682293259307, "val_ll": -0.33241169265541654, "best_epoch": 99, "n_params": 20044, "seconds": 318.874409198761, "max_epoch": 100, "batch_size": 64}
