
=== Mon Sep 28 18:37:24 2026 attempt 1: D:\Quant\.venv\Scripts\python.exe -u -m infodiff.baselines.easytpp_runner IntensityFree lob_msft 6 2019 100 64
[31;1m2026-09-28 18:37:26,443 - config.py[pid:20348;line:33:build_from_yaml_file] - CRITICAL: Load pipeline config class RunnerConfig[0m
[31;1m2026-09-28 18:37:26,465 - runner_config.py[pid:20348;line:205:update_config] - CRITICAL: train model IntensityFree using GPU with torch backend[0m
[38;20m2026-09-28 18:37:26,465 - runner_config.py[pid:20348;line:45:__init__] - INFO: Save the config to D:\Quant\results\easytpp\checkpoints/lob_msft/IntensityFree/train_2026_09_28_18_37_26\IntensityFree_train_output.yaml[0m
[38;20m2026-09-28 18:37:26,465 - base_runner.py[pid:20348;line:193:save_log] - INFO: Save the log to D:\Quant\results\easytpp\checkpoints/lob_msft/IntensityFree/train_2026_09_28_18_37_26\log[0m
0.057202864041665524 0.2894569117098711
min_dt: 7.275957614183426e-12
max_dt: 12.213735631004965
[38;20m2026-09-28 18:37:31,376 - tpp_runner.py[pid:20348;line:62:_init_model] - INFO: Num of model parameters 7184[0m
[38;20m2026-09-28 18:37:32,047 - base_runner.py[pid:20348;line:103:train] - INFO: Data 'lob_msft' loaded...[0m
[38;20m2026-09-28 18:37:32,047 - base_runner.py[pid:20348;line:108:train] - INFO: Start IntensityFree training...[0m
[38;20m2026-09-28 18:37:33,095 - tpp_runner.py[pid:20348;line:104:_train_model] - INFO: [ Epoch 0 (train) ]: train loglike is -154.51025125193556, num_events is 242824, mark_ll is -1.860254933389255, time_ll is -152.64999714299245[0m
[38;20m2026-09-28 18:37:33,886 - tpp_runner.py[pid:20348;line:116:_train_model] - INFO: [ Epoch 0 (valid) ]:  valid loglike is -25.48211942257218, num_events is 52959, mark_ll is -1.7642987971827262, time_ll is -23.717820920429013[0m
[38;20m2026-09-28 18:37:34,113 - tpp_runner.py[pid:20348;line:136:_train_model] - INFO: [ Epoch 0 (test) ]: test loglike is -25.822373312392436, num_events is 112141, mark_ll is -1.787062445729595, time_ll is -24.03531115403822[0m
[31;1m2026-09-28 18:37:34,113 - tpp_runner.py[pid:20348;line:140:_train_model] - CRITICAL: current best loglike on valid set is -25.4821 (updated at epoch-0), best updated at this epoch[0m
[38;20m2026-09-28 18:37:34,717 - tpp_runner.py[pid:20348;line:104:_train_model] - INFO: [ Epoch 1 (train) ]: train loglike is -2.909917194800169, num_events is 242824, mark_ll is -1.6413616084527785, time_ll is -1.2685556856328266[0m
[38;20m2026-09-28 18:37:34,861 - tpp_runner.py[pid:20348;line:116:_train_model] - INFO: [ Epoch 1 (valid) ]:  valid loglike is 3.1974641497431975, num_events is 52959, mark_ll is -1.5702364535536926, time_ll is 4.7677005295370005[0m
[38;20m2026-09-28 18:37:35,031 - tpp_runner.py[pid:20348;line:136:_train_model] - INFO: [ Epoch 1 (test) ]: test loglike is 3.2080375166642887, num_events is 112141, mark_ll is -1.6201218290478059, time_ll is 4.828159450212233[0m
[31;1m2026-09-28 18:37:35,031 - tpp_runner.py[pid:20348;line:140:_train_model] - CRITICAL: current best loglike on valid set is 3.1975 (updated at epoch-1), best updated at this epoch[0m
[38;20m2026-09-28 18:37:35,651 - tpp_runner.py[pid:20348;line:104:_train_model] - INFO: [ Epoch 2 (train) ]: train loglike is 3.6468738514057506, num_events is 242824, mark_ll is -1.5398024102590766, time_ll is 5.186676229491319[0m
[38;20m2026-09-28 18:37:35,729 - tpp_runner.py[pid:20348;line:116:_train_model] - INFO: [ Epoch 2 (valid) ]:  valid loglike is 3.4905449041357466, num_events is 52959, mark_ll is -1.5497081911242658, time_ll is 5.0402531321399575[0m
[38;20m2026-09-28 18:37:35,907 - tpp_runner.py[pid:20348;line:136:_train_model] - INFO: [ Epoch 2 (test) ]: test loglike is 3.5119122145892225, num_events is 112141, mark_ll is -1.5960157110384472, time_ll is 5.107927951752704[0m
[31;1m2026-09-28 18:37:35,907 - tpp_runner.py[pid:20348;line:140:_train_model] - CRITICAL: current best loglike on valid set is 3.4905 (updated at epoch-2), best updated at this epoch[0m
[38;20m2026-09-28 18:37:36,506 - tpp_runner.py[pid:20348;line:104:_train_model] - INFO: [ Epoch 3 (train) ]: train loglike is 3.9503017344223594, num_events is 242824, mark_ll is -1.524359588728616, time_ll is 5.474661351302795[0m
[38;20m2026-09-28 18:37:36,592 - tpp_runner.py[pid:20348;line:116:_train_model] - INFO: [ Epoch 3 (valid) ]:  valid loglike is 3.836822397397043, num_events is 52959, mark_ll is -1.5003783882342945, time_ll is 5.337200859391227[0m
[38;20m2026-09-28 18:37:36,842 - tpp_runner.py[pid:20348;line:136:_train_model] - INFO: [ Epoch 3 (test) ]: test loglike is 3.8618276530773756, num_events is 112141, mark_ll is -1.5449446821551662, time_ll is 5.40677218719068[0m
[31;1m2026-09-28 18:37:36,842 - tpp_runner.py[pid:20348;line:140:_train_model] - CRITICAL: current best loglike on valid set is 3.8368 (updated at epoch-3), best updated at this epoch[0m
[38;20m2026-09-28 18:37:37,691 - tpp_runner.py[pid:20348;line:104:_train_model] - INFO: [ Epoch 4 (train) ]: train loglike is 4.334176836927157, num_events is 242824, mark_ll is -1.4297726069730545, time_ll is 5.763949387596572[0m
[38;20m2026-09-28 18:37:37,780 - tpp_runner.py[pid:20348;line:116:_train_model] - INFO: [ Epoch 4 (valid) ]:  valid loglike is 4.17352803288865, num_events is 52959, mark_ll is -1.377655503549916, time_ll is 5.551183499558621[0m
[38;20m2026-09-28 18:37:38,012 - tpp_runner.py[pid:20348;line:136:_train_model] - INFO: [ Epoch 4 (test) ]: test loglike is 4.17131177908838, num_events is 112141, mark_ll is -1.4277964219570674, time_ll is 5.599108279420551[0m
[31;1m2026-09-28 18:37:38,012 - tpp_runner.py[pid:20348;line:140:_train_model] - CRITICAL: current best loglike on valid set is 4.1735 (updated at epoch-4), best updated at this epoch[0m
[38;20m2026-09-28 18:37:38,831 - tpp_runner.py[pid:20348;line:104:_train_model] - INFO: [ Epoch 5 (train) ]: train loglike is 4.637043010704255, num_events is 242824, mark_ll is -1.2878217447358993, time_ll is 5.924864691093138[0m
[38;20m2026-09-28 18:37:38,940 - tpp_runner.py[pid:20348;line:116:_train_model] - INFO: [ Epoch 5 (valid) ]:  valid loglike is 4.396742239574482, num_events is 52959, mark_ll is -1.239535629124653, time_ll is 5.636277776499273[0m
[38;20m2026-09-28 18:37:39,139 - tpp_runner.py[pid:20348;line:136:_train_model] - INFO: [ Epoch 5 (test) ]: test loglike is 4.4008797378969335, num_events is 112141, mark_ll is -1.2876814697150238, time_ll is 5.68856133823713[0m
[31;1m2026-09-28 18:37:39,139 - tpp_runner.py[pid:20348;line:140:_train_model] - CRITICAL: current best loglike on valid set is 4.3967 (updated at epoch-5), best updated at this epoch[0m
[38;20m2026-09-28 18:37:39,996 - tpp_runner.py[pid:20348;line:104:_train_model] - INFO: [ Epoch 6 (train) ]: train loglike is 4.816142724836198, num_events is 242824, mark_ll is -1.2028993792507638, time_ll is 6.019042116152028[0m
[38;20m2026-09-28 18:37:40,091 - tpp_runner.py[pid:20348;line:116:_train_model] - INFO: [ Epoch 6 (valid) ]:  valid loglike is 4.587888190923639, num_events is 52959, mark_ll is -1.1862681453016721, time_ll is 5.774156253245435[0m
[38;20m2026-09-28 18:37:40,297 - tpp_runner.py[pid:20348;line:136:_train_model] - INFO: [ Epoch 6 (test) ]: test loglike is 4.635997594546152, num_events is 112141, mark_ll is -1.2298281467360288, time_ll is 5.865825723865491[0m
[31;1m2026-09-28 18:37:40,297 - tpp_runner.py[pid:20348;line:140:_train_model] - CRITICAL: current best loglike on valid set is 4.5879 (updated at epoch-6), best updated at this epoch[0m
[38;20m2026-09-28 18:37:41,249 - tpp_runner.py[pid:20348;line:104:_train_model] - INFO: [ Epoch 7 (train) ]: train loglike is 5.129320467833699, num_events is 242824, mark_ll is -1.1622095271099129, time_ll is 6.291530015052055[0m
[38;20m2026-09-28 18:37:41,361 - tpp_runner.py[pid:20348;line:116:_train_model] - INFO: [ Epoch 7 (valid) ]:  valid loglike is 4.993916173655564, num_events is 52959, mark_ll is -1.1639439309772655, time_ll is 6.157860030872939[0m
[38;20m2026-09-28 18:37:41,628 - tpp_runner.py[pid:20348;line:136:_train_model] - INFO: [ Epoch 7 (test) ]: test loglike is 5.037493726508369, num_events is 112141, mark_ll is -1.2072885554653294, time_ll is 6.244782360348802[0m
[31;1m2026-09-28 18:37:41,628 - tpp_runner.py[pid:20348;line:140:_train_model] - CRITICAL: current best loglike on valid set is 4.9939 (updated at epoch-7), best updated at this epoch[0m
[38;20m2026-09-28 18:37:42,425 - tpp_runner.py[pid:20348;line:104:_train_model] - INFO: [ Epoch 8 (train) ]: train loglike is 5.790907859833665, num_events is 242824, mark_ll is -1.1489383329399585, time_ll is 6.93984620483869[0m
[38;20m2026-09-28 18:37:42,520 - tpp_runner.py[pid:20348;line:116:_train_model] - INFO: [ Epoch 8 (valid) ]:  valid loglike is 5.761026292155252, num_events is 52959, mark_ll is -1.1417821820299665, time_ll is 6.9028082897854945[0m
[38;20m2026-09-28 18:37:42,740 - tpp_runner.py[pid:20348;line:136:_train_model] - INFO: [ Epoch 8 (test) ]: test loglike is 5.66502997969632, num_events is 112141, mark_ll is -1.1875551934896693, time_ll is 6.852585225436058[0m
[31;1m2026-09-28 18:37:42,740 - tpp_runner.py[pid:20348;line:140:_train_model] - CRITICAL: current best loglike on valid set is 5.7610 (updated at epoch-8), best updated at this epoch[0m
[38;20m2026-09-28 18:37:43,521 - tpp_runner.py[pid:20348;line:104:_train_model] - INFO: [ Epoch 9 (train) ]: train loglike is 6.218129517804047, num_events is 242824, mark_ll is -1.1287537153967482, time_ll is 7.3468832171140415[0m
[38;20m2026-09-28 18:37:43,632 - tpp_runner.py[pid:20348;line:116:_train_model] - INFO: [ Epoch 9 (valid) ]:  valid loglike is 5.890538959088635, num_events is 52959, mark_ll is -1.1302947799240923, time_ll is 7.020833702132782[0m
[38;20m2026-09-28 18:37:43,977 - tpp_runner.py[pid:20348;line:136:_train_model] - INFO: [ Epoch 9 (test) ]: test loglike is 5.773263211186141, num_events is 112141, mark_ll is -1.178150990926044, time_ll is 6.951414123737081[0m
[31;1m2026-09-28 18:37:43,977 - tpp_runner.py[pid:20348;line:140:_train_model] - CRITICAL: current best loglike on valid set is 5.8905 (updated at epoch-9), best updated at this epoch[0m
[38;20m2026-09-28 18:37:44,823 - tpp_runner.py[pid:20348;line:104:_train_model] - INFO: [ Epoch 10 (train) ]: train loglike is 6.309733480447773, num_events is 242824, mark_ll is -1.1202584452885629, time_ll is 7.429991797042303[0m
[38;20m2026-09-28 18:37:44,916 - tpp_runner.py[pid:20348;line:116:_train_model] - INFO: [ Epoch 10 (valid) ]:  valid loglike is 5.976874319933817, num_events is 52959, mark_ll is -1.1196629187791498, time_ll is 7.096537496872581[0m
[38;20m2026-09-28 18:37:45,127 - tpp_runner.py[pid:20348;line:136:_train_model] - INFO: [ Epoch 10 (test) ]: test loglike is 5.8583929077010195, num_events is 112141, mark_ll is -1.1686463463129007, time_ll is 7.027039201763851[0m
[31;1m2026-09-28 18:37:45,127 - tpp_runner.py[pid:20348;line:140:_train_model] - CRITICAL: current best loglike on valid set is 5.9769 (updated at epoch-10), best updated at this epoch[0m
[38;20m2026-09-28 18:37:46,091 - tpp_runner.py[pid:20348;line:104:_train_model] - INFO: [ Epoch 11 (train) ]: train loglike is 6.3694472224481515, num_events is 242824, mark_ll is -1.1173792500882842, time_ll is 7.486826412211108[0m
[38;20m2026-09-28 18:37:46,182 - tpp_runner.py[pid:20348;line:116:_train_model] - INFO: [ Epoch 11 (valid) ]:  valid loglike is 6.07591880481835, num_events is 52959, mark_ll is -1.1249987737418332, time_ll is 7.200917366500501[0m
[38;20m2026-09-28 18:37:46,394 - tpp_runner.py[pid:20348;line:136:_train_model] - INFO: [ Epoch 11 (test) ]: test loglike is 5.95795820105938, num_events is 112141, mark_ll is -1.1772215754050703, time_ll is 7.135179915797969[0m
[31;1m2026-09-28 18:37:46,394 - tpp_runner.py[pid:20348;line:140:_train_model] - CRITICAL: current best loglike on valid set is 6.0759 (updated at epoch-11), best updated at this epoch[0m
[38;20m2026-09-28 18:37:47,197 - tpp_runner.py[pid:20348;line:104:_train_model] - INFO: [ Epoch 12 (train) ]: train loglike is 6.524573289192996, num_events is 242824, mark_ll is -1.1265275901347271, time_ll is 7.651100919544608[0m
[38;20m2026-09-28 18:37:47,292 - tpp_runner.py[pid:20348;line:116:_train_model] - INFO: [ Epoch 12 (valid) ]:  valid loglike is 6.114772232410922, num_events is 52959, mark_ll is -1.137797027387932, time_ll is 7.252569278238826[0m
[38;20m2026-09-28 18:37:47,500 - tpp_runner.py[pid:20348;line:136:_train_model] - INFO: [ Epoch 12 (test) ]: test loglike is 6.00753501729965, num_events is 112141, mark_ll is -1.1880282307820065, time_ll is 7.195563265498346[0m
[31;1m2026-09-28 18:37:47,500 - tpp_runner.py[pid:20348;line:140:_train_model] - CRITICAL: current best loglike on valid set is 6.1148 (updated at epoch-12), best updated at this epoch[0m
[38;20m2026-09-28 18:37:48,377 - tpp_runner.py[pid:20348;line:104:_train_model] - INFO: [ Epoch 13 (train) ]: train loglike is 6.619231563421449, num_events is 242824, mark_ll is -1.142442501597093, time_ll is 7.761673964476328[0m
[38;20m2026-09-28 18:37:48,470 - tpp_runner.py[pid:20348;line:116:_train_model] - INFO: [ Epoch 13 (valid) ]:  valid loglike is 6.34840742071697, num_events is 52959, mark_ll is -1.1459159997297437, time_ll is 7.4943235126465755[0m
[38;20m2026-09-28 18:37:48,789 - tpp_runner.py[pid:20348;line:136:_train_model] - INFO: [ Epoch 13 (test) ]: test loglike is 6.205629432895863, num_events is 112141, mark_ll is -1.197018508298147, time_ll is 7.402647880235596[0m
[31;1m2026-09-28 18:37:48,789 - tpp_runner.py[pid:20348;line:140:_train_model] - CRITICAL: current best loglike on valid set is 6.3484 (updated at epoch-13), best updated at this epoch[0m
[38;20m2026-09-28 18:37:49,744 - tpp_runner.py[pid:20348;line:104:_train_model] - INFO: [ Epoch 14 (train) ]: train loglike is 6.6896401013439775, num_events is 242824, mark_ll is -1.1446069985038032, time_ll is 7.834247039522452[0m
[38;20m2026-09-28 18:37:49,855 - tpp_runner.py[pid:20348;line:116:_train_model] - INFO: [ Epoch 14 (valid) ]:  valid loglike is 6.381200403850149, num_events is 52959, mark_ll is -1.1504727935171548, time_ll is 7.531673160487358[0m
[38;20m2026-09-28 18:37:50,061 - tpp_runner.py[pid:20348;line:136:_train_model] - INFO: [ Epoch 14 (test) ]: test loglike is 6.241874417585897, num_events is 112141, mark_ll is -1.2014811692840932, time_ll is 7.443355595578335[0m
[31;1m2026-09-28 18:37:50,061 - tpp_runner.py[pid:20348;line:140:_train_model] - CRITICAL: current best loglike on valid set is 6.3812 (updated at epoch-14), best updated at this epoch[0m
[38;20m2026-09-28 18:37:50,921 - tpp_runner.py[pid:20348;line:104:_train_model] - INFO: [ Epoch 15 (train) ]: train loglike is 6.7773086004420895, num_events is 242824, mark_ll is -1.144147178743658, time_ll is 7.9214557470122395[0m
[38;20m2026-09-28 18:37:51,050 - tpp_runner.py[pid:20348;line:116:_train_model] - INFO: [ Epoch 15 (valid) ]:  valid loglike is 6.460012698502616, num_events is 52959, mark_ll is -1.148800011418031, time_ll is 7.608812654600729[0m
[38;20m2026-09-28 18:37:51,334 - tpp_runner.py[pid:20348;line:136:_train_model] - INFO: [ Epoch 15 (test) ]: test loglike is 6.313125189493584, num_events is 112141, mark_ll is -1.2002091500599692, time_ll is 7.513334426637002[0m
[31;1m2026-09-28 18:37:51,334 - tpp_runner.py[pid:20348;line:140:_train_model] - CRITICAL: current best loglike on valid set is 6.4600 (updated at epoch-15), best updated at this epoch[0m
[38;20m2026-09-28 18:37:52,176 - tpp_runner.py[pid:20348;line:104:_train_model] - INFO: [ Epoch 16 (train) ]: train loglike is 6.774571680517576, num_events is 242824, mark_ll is -1.1473110049292388, time_ll is 7.921882689468504[0m
[38;20m2026-09-28 18:37:52,271 - tpp_runner.py[pid:20348;line:116:_train_model] - INFO: [ Epoch 16 (valid) ]:  valid loglike is 6.183697161365396, num_events is 52959, mark_ll is -1.1562697307705017, time_ll is 7.3399667446161185[0m
[38;20m2026-09-28 18:37:52,496 - tpp_runner.py[pid:20348;line:136:_train_model] - INFO: [ Epoch 16 (test) ]: test loglike is 6.107874412848557, num_events is 112141, mark_ll is -1.2085050589910247, time_ll is 7.316379428297857[0m
[31;1m2026-09-28 18:37:52,496 - tpp_runner.py[pid:20348;line:140:_train_model] - CRITICAL: current best loglike on valid set is 6.4600 (updated at epoch-15)[0m
[38;20m2026-09-28 18:37:53,528 - tpp_runner.py[pid:20348;line:104:_train_model] - INFO: [ Epoch 17 (train) ]: train loglike is 6.67127877662937, num_events is 242824, mark_ll is -1.148409814696035, time_ll is 7.819688655672421[0m
[38;20m2026-09-28 18:37:53,621 - tpp_runner.py[pid:20348;line:116:_train_model] - INFO: [ Epoch 17 (valid) ]:  valid loglike is 6.393310634464869, num_events is 52959, mark_ll is -1.1477498457680706, time_ll is 7.5410604341330085[0m
[38;20m2026-09-28 18:37:53,862 - tpp_runner.py[pid:20348;line:136:_train_model] - INFO: [ Epoch 17 (test) ]: test loglike is 6.254020207400727, num_events is 112141, mark_ll is -1.197178088717552, time_ll is 7.451198330951659[0m
[31;1m2026-09-28 18:37:53,862 - tpp_runner.py[pid:20348;line:140:_train_model] - CRITICAL: current best loglike on valid set is 6.4600 (updated at epoch-15)[0m
[38;20m2026-09-28 18:37:54,722 - tpp_runner.py[pid:20348;line:104:_train_model] - INFO: [ Epoch 18 (train) ]: train loglike is 6.780920800662208, num_events is 242824, mark_ll is -1.1417324483537974, time_ll is 7.922653164560546[0m
[38;20m2026-09-28 18:37:54,869 - tpp_runner.py[pid:20348;line:116:_train_model] - INFO: [ Epoch 18 (valid) ]:  valid loglike is 6.365955009122623, num_events is 52959, mark_ll is -1.151136853804358, time_ll is 7.517091715407202[0m
[38;20m2026-09-28 18:37:55,142 - tpp_runner.py[pid:20348;line:136:_train_model] - INFO: [ Epoch 18 (test) ]: test loglike is 6.226786826963377, num_events is 112141, mark_ll is -1.202277460337321, time_ll is 7.429064365675801[0m
[31;1m2026-09-28 18:37:55,142 - tpp_runner.py[pid:20348;line:140:_train_model] - CRITICAL: current best loglike on valid set is 6.4600 (updated at epoch-15)[0m
[38;20m2026-09-28 18:37:55,968 - tpp_runner.py[pid:20348;line:104:_train_model] - INFO: [ Epoch 19 (train) ]: train loglike is 6.843427862747299, num_events is 242824, mark_ll is -1.1420739540585465, time_ll is 7.985501828870911[0m
[38;20m2026-09-28 18:37:56,086 - tpp_runner.py[pid:20348;line:116:_train_model] - INFO: [ Epoch 19 (valid) ]:  valid loglike is 6.545595782232482, num_events is 52959, mark_ll is -1.147305682152113, time_ll is 7.692901436724636[0m
[38;20m2026-09-28 18:37:56,361 - tpp_runner.py[pid:20348;line:136:_train_model] - INFO: [ Epoch 19 (test) ]: test loglike is 6.378817198465548, num_events is 112141, mark_ll is -1.1993337872354892, time_ll is 7.578151055367796[0m
[31;1m2026-09-28 18:37:56,361 - tpp_runner.py[pid:20348;line:140:_train_model] - CRITICAL: current best loglike on valid set is 6.5456 (updated at epoch-19), best updated at this epoch[0m
[38;20m2026-09-28 18:37:57,261 - tpp_runner.py[pid:20348;line:104:_train_model] - INFO: [ Epoch 20 (train) ]: train loglike is 6.859066053885736, num_events is 242824, mark_ll is -1.147413123644852, time_ll is 8.00647922981254[0m
[38;20m2026-09-28 18:37:57,356 - tpp_runner.py[pid:20348;line:116:_train_model] - INFO: [ Epoch 20 (valid) ]:  valid loglike is 6.52556163730433, num_events is 52959, mark_ll is -1.1583297615106734, time_ll is 7.683891592434714[0m
[38;20m2026-09-28 18:37:57,566 - tpp_runner.py[pid:20348;line:136:_train_model] - INFO: [ Epoch 20 (test) ]: test loglike is 6.358729293645946, num_events is 112141, mark_ll is -1.209570542400304, time_ll is 7.568299757671146[0m
[31;1m2026-09-28 18:37:57,566 - tpp_runner.py[pid:20348;line:140:_train_model] - CRITICAL: current best loglike on valid set is 6.5456 (updated at epoch-19)[0m
[38;20m2026-09-28 18:37:58,370 - tpp_runner.py[pid:20348;line:104:_train_model] - INFO: [ Epoch 21 (train) ]: train loglike is 7.002150219912364, num_events is 242824, mark_ll is -1.1502088205474954, time_ll is 8.152359080676746[0m
[38;20m2026-09-28 18:37:58,486 - tpp_runner.py[pid:20348;line:116:_train_model] - INFO: [ Epoch 21 (valid) ]:  valid loglike is 6.634539219018486, num_events is 52959, mark_ll is -1.1525176942599464, time_ll is 7.7870567473186805[0m
[38;20m2026-09-28 18:37:58,704 - tpp_runner.py[pid:20348;line:136:_train_model] - INFO: [ Epoch 21 (test) ]: test loglike is 6.462378957489901, num_events is 112141, mark_ll is -1.2042285998346947, time_ll is 7.666607635699699[0m
[31;1m2026-09-28 18:37:58,704 - tpp_runner.py[pid:20348;line:140:_train_model] - CRITICAL: current best loglike on valid set is 6.6345 (updated at epoch-21), best updated at this epoch[0m
[38;20m2026-09-28 18:37:59,686 - tpp_runner.py[pid:20348;line:104:_train_model] - INFO: [ Epoch 22 (train) ]: train loglike is 7.063156146529997, num_events is 242824, mark_ll is -1.1450673249967054, time_ll is 8.208223584133982[0m
[38;20m2026-09-28 18:37:59,781 - tpp_runner.py[pid:20348;line:116:_train_model] - INFO: [ Epoch 22 (valid) ]:  valid loglike is 6.689183569482997, num_events is 52959, mark_ll is -1.153242449716408, time_ll is 7.842426009979418[0m
[38;20m2026-09-28 18:38:00,003 - tpp_runner.py[pid:20348;line:136:_train_model] - INFO: [ Epoch 22 (test) ]: test loglike is 6.512596864661453, num_events is 112141, mark_ll is -1.2046790302637973, time_ll is 7.717275886216905[0m
[31;1m2026-09-28 18:38:00,003 - tpp_runner.py[pid:20348;line:140:_train_model] - CRITICAL: current best loglike on valid set is 6.6892 (updated at epoch-22), best updated at this epoch[0m
[38;20m2026-09-28 18:38:00,767 - tpp_runner.py[pid:20348;line:104:_train_model] - INFO: [ Epoch 23 (train) ]: train loglike is 7.137686915214312, num_events is 242824, mark_ll is -1.1468788342778617, time_ll is 8.284565850034387[0m
[38;20m2026-09-28 18:38:00,909 - tpp_runner.py[pid:20348;line:116:_train_model] - INFO: [ Epoch 23 (valid) ]:  valid loglike is 6.743288919553334, num_events is 52959, mark_ll is -1.1542662830857362, time_ll is 7.897555331718877[0m
[38;20m2026-09-28 18:38:01,130 - tpp_runner.py[pid:20348;line:136:_train_model] - INFO: [ Epoch 23 (test) ]: test loglike is 6.565409127097805, num_events is 112141, mark_ll is -1.2067131864126412, time_ll is 7.772122365760516[0m
[31;1m2026-09-28 18:38:01,130 - tpp_runner.py[pid:20348;line:140:_train_model] - CRITICAL: current best loglike on valid set is 6.7433 (updated at epoch-23), best updated at this epoch[0m
[38;20m2026-09-28 18:38:01,993 - tpp_runner.py[pid:20348;line:104:_train_model] - INFO: [ Epoch 24 (train) ]: train loglike is 7.155968385281109, num_events is 242824, mark_ll is -1.14590083603505, time_ll is 8.30186913283901[0m
[38;20m2026-09-28 18:38:02,079 - tpp_runner.py[pid:20348;line:116:_train_model] - INFO: [ Epoch 24 (valid) ]:  valid loglike is 6.775765398999698, num_events is 52959, mark_ll is -1.1536561781578674, time_ll is 7.929421374317869[0m
[38;20m2026-09-28 18:38:02,339 - tpp_runner.py[pid:20348;line:136:_train_model] - INFO: [ Epoch 24 (test) ]: test loglike is 6.593691810839702, num_events is 112141, mark_ll is -1.2057637329901643, time_ll is 7.799455735413453[0m
[31;1m2026-09-28 18:38:02,339 - tpp_runner.py[pid:20348;line:140:_train_model] - CRITICAL: current best loglike on valid set is 6.7758 (updated at epoch-24), best updated at this epoch[0m
[38;20m2026-09-28 18:38:03,251 - tpp_runner.py[pid:20348;line:104:_train_model] - INFO: [ Epoch 25 (train) ]: train loglike is 7.1371402229598395, num_events is 242824, mark_ll is -1.1469616247583125, time_ll is 8.284101891956725[0m
[38;20m2026-09-28 18:38:03,352 - tpp_runner.py[pid:20348;line:116:_train_model] - INFO: [ Epoch 25 (valid) ]:  valid loglike is 6.7540486803470605, num_events is 52959, mark_ll is -1.1558634059779735, time_ll is 7.909912104765007[0m
[38;20m2026-09-28 18:38:03,559 - tpp_runner.py[pid:20348;line:136:_train_model] - INFO: [ Epoch 25 (test) ]: test loglike is 6.568218700397268, num_events is 112141, mark_ll is -1.2079595508528327, time_ll is 7.776178364458583[0m
[31;1m2026-09-28 18:38:03,559 - tpp_runner.py[pid:20348;line:140:_train_model] - CRITICAL: current best loglike on valid set is 6.7758 (updated at epoch-24)[0m
[38;20m2026-09-28 18:38:04,376 - tpp_runner.py[pid:20348;line:104:_train_model] - INFO: [ Epoch 26 (train) ]: train loglike is 7.162242557237958, num_events is 242824, mark_ll is -1.1490779458579052, time_ll is 8.311320583529634[0m
[38;20m2026-09-28 18:38:04,479 - tpp_runner.py[pid:20348;line:116:_train_model] - INFO: [ Epoch 26 (valid) ]:  valid loglike is 6.8074265735049755, num_events is 52959, mark_ll is -1.1566457310283662, time_ll is 7.964072369073246[0m
[38;20m2026-09-28 18:38:04,685 - tpp_runner.py[pid:20348;line:136:_train_model] - INFO: [ Epoch 26 (test) ]: test loglike is 6.6213185646306885, num_events is 112141, mark_ll is -1.2093774958116346, time_ll is 7.830696191067496[0m
[31;1m2026-09-28 18:38:04,685 - tpp_runner.py[pid:20348;line:140:_train_model] - CRITICAL: current best loglike on valid set is 6.8074 (updated at epoch-26), best updated at this epoch[0m
[38;20m2026-09-28 18:38:05,531 - tpp_runner.py[pid:20348;line:104:_train_model] - INFO: [ Epoch 27 (train) ]: train loglike is 7.129430774707195, num_events is 242824, mark_ll is -1.1523589399176462, time_ll is 8.281789614082628[0m
[38;20m2026-09-28 18:38:05,621 - tpp_runner.py[pid:20348;line:116:_train_model] - INFO: [ Epoch 27 (valid) ]:  valid loglike is 6.7638084414358275, num_events is 52959, mark_ll is -1.1599313192162806, time_ll is 7.923739428732604[0m
[38;20m2026-09-28 18:38:06,094 - tpp_runner.py[pid:20348;line:136:_train_model] - INFO: [ Epoch 27 (test) ]: test loglike is 6.580964582255821, num_events is 112141, mark_ll is -1.2143450753404197, time_ll is 7.795309344095826[0m
[31;1m2026-09-28 18:38:06,094 - tpp_runner.py[pid:20348;line:140:_train_model] - CRITICAL: current best loglike on valid set is 6.8074 (updated at epoch-26)[0m
[38;20m2026-09-28 18:38:07,138 - tpp_runner.py[pid:20348;line:104:_train_model] - INFO: [ Epoch 28 (train) ]: train loglike is 6.9387111073761245, num_events is 242824, mark_ll is -1.1529006412566303, time_ll is 8.09161176471951[0m
[38;20m2026-09-28 18:38:07,244 - tpp_runner.py[pid:20348;line:116:_train_model] - INFO: [ Epoch 28 (valid) ]:  valid loglike is 6.485350290141902, num_events is 52959, mark_ll is -1.1722687856112748, time_ll is 7.657618983553315[0m
[38;20m2026-09-28 18:38:07,493 - tpp_runner.py[pid:20348;line:136:_train_model] - INFO: [ Epoch 28 (test) ]: test loglike is 6.317914779161948, num_events is 112141, mark_ll is -1.226405732375982, time_ll is 7.544320598621378[0m
[31;1m2026-09-28 18:38:07,493 - tpp_runner.py[pid:20348;line:140:_train_model] - CRITICAL: current best loglike on valid set is 6.8074 (updated at epoch-26)[0m
[38;20m2026-09-28 18:38:08,363 - tpp_runner.py[pid:20348;line:104:_train_model] - INFO: [ Epoch 29 (train) ]: train loglike is 6.772008031022469, num_events is 242824, mark_ll is -1.161551635167086, time_ll is 7.933559726514884[0m
[38;20m2026-09-28 18:38:08,489 - tpp_runner.py[pid:20348;line:116:_train_model] - INFO: [ Epoch 29 (valid) ]:  valid loglike is 6.589297631776469, num_events is 52959, mark_ll is -1.1558080030808031, time_ll is 7.74510573627712[0m
[38;20m2026-09-28 18:38:08,808 - tpp_runner.py[pid:20348;line:136:_train_model] - INFO: [ Epoch 29 (test) ]: test loglike is 6.4282252295659035, num_events is 112141, mark_ll is -1.2095415261952587, time_ll is 7.637766712219438[0m
[31;1m2026-09-28 18:38:08,808 - tpp_runner.py[pid:20348;line:140:_train_model] - CRITICAL: current best loglike on valid set is 6.8074 (updated at epoch-26)[0m
[38;20m2026-09-28 18:38:09,672 - tpp_runner.py[pid:20348;line:104:_train_model] - INFO: [ Epoch 30 (train) ]: train loglike is 7.017452101367657, num_events is 242824, mark_ll is -1.1524973101338316, time_ll is 8.169949415523178[0m
[38;20m2026-09-28 18:38:09,757 - tpp_runner.py[pid:20348;line:116:_train_model] - INFO: [ Epoch 30 (valid) ]:  valid loglike is 6.710639805085066, num_events is 52959, mark_ll is -1.1639679582613436, time_ll is 7.874607597386658[0m
[38;20m2026-09-28 18:38:09,982 - tpp_runner.py[pid:20348;line:136:_train_model] - INFO: [ Epoch 30 (test) ]: test loglike is 6.534966286165408, num_events is 112141, mark_ll is -1.215660732080595, time_ll is 7.750627035662692[0m
[31;1m2026-09-28 18:38:09,982 - tpp_runner.py[pid:20348;line:140:_train_model] - CRITICAL: current best loglike on valid set is 6.8074 (updated at epoch-26)[0m
[38;20m2026-09-28 18:38:11,013 - tpp_runner.py[pid:20348;line:104:_train_model] - INFO: [ Epoch 31 (train) ]: train loglike is 7.1267330421158945, num_events is 242824, mark_ll is -1.164789412161689, time_ll is 8.291522550798108[0m
[38;20m2026-09-28 18:38:11,125 - tpp_runner.py[pid:20348;line:116:_train_model] - INFO: [ Epoch 31 (valid) ]:  valid loglike is 6.686150636577352, num_events is 52959, mark_ll is -1.1709942515967542, time_ll is 7.857144795974245[0m
[38;20m2026-09-28 18:38:11,332 - tpp_runner.py[pid:20348;line:136:_train_model] - INFO: [ Epoch 31 (test) ]: test loglike is 6.5100086226547385, num_events is 112141, mark_ll is -1.22659066278725, time_ll is 7.736599355108747[0m
[31;1m2026-09-28 18:38:11,332 - tpp_runner.py[pid:20348;line:140:_train_model] - CRITICAL: current best loglike on valid set is 6.8074 (updated at epoch-26)[0m
[38;20m2026-09-28 18:38:12,126 - tpp_runner.py[pid:20348;line:104:_train_model] - INFO: [ Epoch 32 (train) ]: train loglike is 7.208285180315785, num_events is 242824, mark_ll is -1.1618562740529148, time_ll is 8.37014136589155[0m
[38;20m2026-09-28 18:38:12,240 - tpp_runner.py[pid:20348;line:116:_train_model] - INFO: [ Epoch 32 (valid) ]:  valid loglike is 6.739518277110595, num_events is 52959, mark_ll is -1.1685413111439982, time_ll is 7.908059625134538[0m
[38;20m2026-09-28 18:38:12,457 - tpp_runner.py[pid:20348;line:136:_train_model] - INFO: [ Epoch 32 (test) ]: test loglike is 6.540628155904174, num_events is 112141, mark_ll is -1.224108392629034, time_ll is 7.764736609491623[0m
[31;1m2026-09-28 18:38:12,457 - tpp_runner.py[pid:20348;line:140:_train_model] - CRITICAL: current best loglike on valid set is 6.8074 (updated at epoch-26)[0m
[38;20m2026-09-28 18:38:13,468 - tpp_runner.py[pid:20348;line:104:_train_model] - INFO: [ Epoch 33 (train) ]: train loglike is 7.236885450598994, num_events is 242824, mark_ll is -1.159974517937889, time_ll is 8.396859952450129[0m
[38;20m2026-09-28 18:38:13,579 - tpp_runner.py[pid:20348;line:116:_train_model] - INFO: [ Epoch 33 (valid) ]:  valid loglike is 6.838755865386431, num_events is 52959, mark_ll is -1.1658482453702392, time_ll is 8.004603944796918[0m
[38;20m2026-09-28 18:38:13,799 - tpp_runner.py[pid:20348;line:136:_train_model] - INFO: [ Epoch 33 (test) ]: test loglike is 6.641897463349712, num_events is 112141, mark_ll is -1.2207273341986873, time_ll is 7.862624849798468[0m
[31;1m2026-09-28 18:38:13,799 - tpp_runner.py[pid:20348;line:140:_train_model] - CRITICAL: current best loglike on valid set is 6.8388 (updated at epoch-33), best updated at this epoch[0m
[38;20m2026-09-28 18:38:14,610 - tpp_runner.py[pid:20348;line:104:_train_model] - INFO: [ Epoch 34 (train) ]: train loglike is 7.234220422378966, num_events is 242824, mark_ll is -1.1590827205674172, time_ll is 8.393303155011449[0m
[38;20m2026-09-28 18:38:14,719 - tpp_runner.py[pid:20348;line:116:_train_model] - INFO: [ Epoch 34 (valid) ]:  valid loglike is 6.810718219223833, num_events is 52959, mark_ll is -1.1657588668238636, time_ll is 7.976476717248248[0m
[38;20m2026-09-28 18:38:15,003 - tpp_runner.py[pid:20348;line:136:_train_model] - INFO: [ Epoch 34 (test) ]: test loglike is 6.617611875061307, num_events is 112141, mark_ll is -1.2200335403643627, time_ll is 7.837645415425669[0m
[31;1m2026-09-28 18:38:15,005 - tpp_runner.py[pid:20348;line:140:_train_model] - CRITICAL: current best loglike on valid set is 6.8388 (updated at epoch-33)[0m
[38;20m2026-09-28 18:38:15,814 - tpp_runner.py[pid:20348;line:104:_train_model] - INFO: [ Epoch 35 (train) ]: train loglike is 7.2550748722583025, num_events is 242824, mark_ll is -1.1586763611131417, time_ll is 8.413751221306379[0m
[38;20m2026-09-28 18:38:15,925 - tpp_runner.py[pid:20348;line:116:_train_model] - INFO: [ Epoch 35 (valid) ]:  valid loglike is 6.871563674257445, num_events is 52959, mark_ll is -1.1656198478717026, time_ll is 8.037183688088898[0m
[38;20m2026-09-28 18:38:16,218 - tpp_runner.py[pid:20348;line:136:_train_model] - INFO: [ Epoch 35 (test) ]: test loglike is 6.680506955250533, num_events is 112141, mark_ll is -1.2203030113874498, time_ll is 7.9008101059715[0m
[31;1m2026-09-28 18:38:16,218 - tpp_runner.py[pid:20348;line:140:_train_model] - CRITICAL: current best loglike on valid set is 6.8716 (updated at epoch-35), best updated at this epoch[0m
[38;20m2026-09-28 18:38:17,115 - tpp_runner.py[pid:20348;line:104:_train_model] - INFO: [ Epoch 36 (train) ]: train loglike is 6.845569411899153, num_events is 242824, mark_ll is -1.1588375141949518, time_ll is 8.004406901963973[0m
[38;20m2026-09-28 18:38:17,209 - tpp_runner.py[pid:20348;line:116:_train_model] - INFO: [ Epoch 36 (valid) ]:  valid loglike is 6.657404784833551, num_events is 52959, mark_ll is -1.1633150910374064, time_ll is 7.820719875870957[0m
[38;20m2026-09-28 18:38:17,434 - tpp_runner.py[pid:20348;line:136:_train_model] - INFO: [ Epoch 36 (test) ]: test loglike is 6.46956255824141, num_events is 112141, mark_ll is -1.2169548269589179, time_ll is 7.686517385200328[0m
[31;1m2026-09-28 18:38:17,434 - tpp_runner.py[pid:20348;line:140:_train_model] - CRITICAL: current best loglike on valid set is 6.8716 (updated at epoch-35)[0m
[38;20m2026-09-28 18:38:18,244 - tpp_runner.py[pid:20348;line:104:_train_model] - INFO: [ Epoch 37 (train) ]: train loglike is 7.0169482159660905, num_events is 242824, mark_ll is -1.1575572860577517, time_ll is 8.174505377351498[0m
[38;20m2026-09-28 18:38:18,346 - tpp_runner.py[pid:20348;line:116:_train_model] - INFO: [ Epoch 37 (valid) ]:  valid loglike is 6.74262098687192, num_events is 52959, mark_ll is -1.1640254540953852, time_ll is 7.906646533167167[0m
[38;20m2026-09-28 18:38:18,554 - tpp_runner.py[pid:20348;line:136:_train_model] - INFO: [ Epoch 37 (test) ]: test loglike is 6.574488221023087, num_events is 112141, mark_ll is -1.2179092528463051, time_ll is 7.792397517411116[0m
[31;1m2026-09-28 18:38:18,554 - tpp_runner.py[pid:20348;line:140:_train_model] - CRITICAL: current best loglike on valid set is 6.8716 (updated at epoch-35)[0m
[38;20m2026-09-28 18:38:19,393 - tpp_runner.py[pid:20348;line:104:_train_model] - INFO: [ Epoch 38 (train) ]: train loglike is 7.13572047038184, num_events is 242824, mark_ll is -1.154655726247457, time_ll is 8.290376128260592[0m
[38;20m2026-09-28 18:38:19,520 - tpp_runner.py[pid:20348;line:116:_train_model] - INFO: [ Epoch 38 (valid) ]:  valid loglike is 6.733897625993693, num_events is 52959, mark_ll is -1.1619065445232397, time_ll is 7.895803903137333[0m
[38;20m2026-09-28 18:38:19,860 - tpp_runner.py[pid:20348;line:136:_train_model] - INFO: [ Epoch 38 (test) ]: test loglike is 6.5688387171340095, num_events is 112141, mark_ll is -1.2159156775844695, time_ll is 7.784754586302066[0m
[31;1m2026-09-28 18:38:19,860 - tpp_runner.py[pid:20348;line:140:_train_model] - CRITICAL: current best loglike on valid set is 6.8716 (updated at epoch-35)[0m
[38;20m2026-09-28 18:38:20,762 - tpp_runner.py[pid:20348;line:104:_train_model] - INFO: [ Epoch 39 (train) ]: train loglike is 7.1774348396369385, num_events is 242824, mark_ll is -1.1514713331466413, time_ll is 8.328906156696826[0m
[38;20m2026-09-28 18:38:20,874 - tpp_runner.py[pid:20348;line:116:_train_model] - INFO: [ Epoch 39 (valid) ]:  valid loglike is 6.772262873756113, num_events is 52959, mark_ll is -1.1598069047222852, time_ll is 7.932069723158481[0m
[38;20m2026-09-28 18:38:21,081 - tpp_runner.py[pid:20348;line:136:_train_model] - INFO: [ Epoch 39 (test) ]: test loglike is 6.604040546610963, num_events is 112141, mark_ll is -1.2126231046461597, time_ll is 7.816663564173674[0m
[31;1m2026-09-28 18:38:21,081 - tpp_runner.py[pid:20348;line:140:_train_model] - CRITICAL: current best loglike on valid set is 6.8716 (updated at epoch-35)[0m
[38;20m2026-09-28 18:38:22,111 - tpp_runner.py[pid:20348;line:104:_train_model] - INFO: [ Epoch 40 (train) ]: train loglike is 7.191549003856703, num_events is 242824, mark_ll is -1.1509441259731843, time_ll is 8.34249309363469[0m
[38;20m2026-09-28 18:38:22,207 - tpp_runner.py[pid:20348;line:116:_train_model] - INFO: [ Epoch 40 (valid) ]:  valid loglike is 6.79455853378321, num_events is 52959, mark_ll is -1.1593854038324458, time_ll is 7.9539438822957385[0m
[38;20m2026-09-28 18:38:22,475 - tpp_runner.py[pid:20348;line:136:_train_model] - INFO: [ Epoch 40 (test) ]: test loglike is 6.625189458750591, num_events is 112141, mark_ll is -1.2118750055733407, time_ll is 7.837064603657449[0m
[31;1m2026-09-28 18:38:22,475 - tpp_runner.py[pid:20348;line:140:_train_model] - CRITICAL: current best loglike on valid set is 6.8716 (updated at epoch-35)[0m
[38;20m2026-09-28 18:38:23,318 - tpp_runner.py[pid:20348;line:104:_train_model] - INFO: [ Epoch 41 (train) ]: train loglike is 7.203454295858317, num_events is 242824, mark_ll is -1.1503921049813857, time_ll is 8.353846368666195[0m
[38;20m2026-09-28 18:38:23,413 - tpp_runner.py[pid:20348;line:116:_train_model] - INFO: [ Epoch 41 (valid) ]:  valid loglike is 6.8003016631970015, num_events is 52959, mark_ll is -1.1591747916873194, time_ll is 7.959476611624087[0m
[38;20m2026-09-28 18:38:23,634 - tpp_runner.py[pid:20348;line:136:_train_model] - INFO: [ Epoch 41 (test) ]: test loglike is 6.630654868229506, num_events is 112141, mark_ll is -1.211425698520724, time_ll is 7.842080540625195[0m
[31;1m2026-09-28 18:38:23,634 - tpp_runner.py[pid:20348;line:140:_train_model] - CRITICAL: current best loglike on valid set is 6.8716 (updated at epoch-35)[0m
[38;20m2026-09-28 18:38:24,618 - tpp_runner.py[pid:20348;line:104:_train_model] - INFO: [ Epoch 42 (train) ]: train loglike is 7.217256055311666, num_events is 242824, mark_ll is -1.1501047593563136, time_ll is 8.367360915210194[0m
[38;20m2026-09-28 18:38:24,711 - tpp_runner.py[pid:20348;line:116:_train_model] - INFO: [ Epoch 42 (valid) ]:  valid loglike is 6.820003298542269, num_events is 52959, mark_ll is -1.1587801117373817, time_ll is 7.978783705319209[0m
[38;20m2026-09-28 18:38:24,928 - tpp_runner.py[pid:20348;line:136:_train_model] - INFO: [ Epoch 42 (test) ]: test loglike is 6.64483632073684, num_events is 112141, mark_ll is -1.210942785965325, time_ll is 7.855779324410786[0m
[31;1m2026-09-28 18:38:24,928 - tpp_runner.py[pid:20348;line:140:_train_model] - CRITICAL: current best loglike on valid set is 6.8716 (updated at epoch-35)[0m
[38;20m2026-09-28 18:38:25,743 - tpp_runner.py[pid:20348;line:104:_train_model] - INFO: [ Epoch 43 (train) ]: train loglike is 7.225946200360138, num_events is 242824, mark_ll is -1.1501301040375436, time_ll is 8.376076236028975[0m
[38;20m2026-09-28 18:38:25,902 - tpp_runner.py[pid:20348;line:116:_train_model] - INFO: [ Epoch 43 (valid) ]:  valid loglike is 6.819887089836005, num_events is 52959, mark_ll is -1.1587780372404832, time_ll is 7.97866502565664[0m
[38;20m2026-09-28 18:38:26,165 - tpp_runner.py[pid:20348;line:136:_train_model] - INFO: [ Epoch 43 (test) ]: test loglike is 6.645420999010175, num_events is 112141, mark_ll is -1.2113140227063475, time_ll is 7.856735047841557[0m
[31;1m2026-09-28 18:38:26,165 - tpp_runner.py[pid:20348;line:140:_train_model] - CRITICAL: current best loglike on valid set is 6.8716 (updated at epoch-35)[0m
[38;20m2026-09-28 18:38:27,108 - tpp_runner.py[pid:20348;line:104:_train_model] - INFO: [ Epoch 44 (train) ]: train loglike is 7.2415991913124325, num_events is 242824, mark_ll is -1.150996536618343, time_ll is 8.392595675648824[0m
[38;20m2026-09-28 18:38:27,206 - tpp_runner.py[pid:20348;line:116:_train_model] - INFO: [ Epoch 44 (valid) ]:  valid loglike is 6.837486863363639, num_events is 52959, mark_ll is -1.1599519166654866, time_ll is 7.9974386878292645[0m
[38;20m2026-09-28 18:38:27,411 - tpp_runner.py[pid:20348;line:136:_train_model] - INFO: [ Epoch 44 (test) ]: test loglike is 6.656756407669809, num_events is 112141, mark_ll is -1.2124312772257693, time_ll is 7.869187702312267[0m
[31;1m2026-09-28 18:38:27,411 - tpp_runner.py[pid:20348;line:140:_train_model] - CRITICAL: current best loglike on valid set is 6.8716 (updated at epoch-35)[0m
[38;20m2026-09-28 18:38:28,314 - tpp_runner.py[pid:20348;line:104:_train_model] - INFO: [ Epoch 45 (train) ]: train loglike is 7.250950292830404, num_events is 242824, mark_ll is -1.1505202560869705, time_ll is 8.401470528808932[0m
[38;20m2026-09-28 18:38:28,423 - tpp_runner.py[pid:20348;line:116:_train_model] - INFO: [ Epoch 45 (valid) ]:  valid loglike is 6.847232720713193, num_events is 52959, mark_ll is -1.1602838730491984, time_ll is 8.00751650156253[0m
[38;20m2026-09-28 18:38:28,677 - tpp_runner.py[pid:20348;line:136:_train_model] - INFO: [ Epoch 45 (test) ]: test loglike is 6.671146634036615, num_events is 112141, mark_ll is -1.2127240256546445, time_ll is 7.883870668399604[0m
[31;1m2026-09-28 18:38:28,677 - tpp_runner.py[pid:20348;line:140:_train_model] - CRITICAL: current best loglike on valid set is 6.8716 (updated at epoch-35)[0m
[38;20m2026-09-28 18:38:29,565 - tpp_runner.py[pid:20348;line:104:_train_model] - INFO: [ Epoch 46 (train) ]: train loglike is 7.266253348618752, num_events is 242824, mark_ll is -1.1516930206844773, time_ll is 8.417946260717638[0m
[38;20m2026-09-28 18:38:29,724 - tpp_runner.py[pid:20348;line:116:_train_model] - INFO: [ Epoch 46 (valid) ]:  valid loglike is 6.867411656304878, num_events is 52959, mark_ll is -1.1610815493766404, time_ll is 8.02849329788138[0m
[38;20m2026-09-28 18:38:30,203 - tpp_runner.py[pid:20348;line:136:_train_model] - INFO: [ Epoch 46 (test) ]: test loglike is 6.690889444566439, num_events is 112141, mark_ll is -1.2138485168086381, time_ll is 7.904738161667009[0m
[31;1m2026-09-28 18:38:30,203 - tpp_runner.py[pid:20348;line:140:_train_model] - CRITICAL: current best loglike on valid set is 6.8716 (updated at epoch-35)[0m
[38;20m2026-09-28 18:38:31,154 - tpp_runner.py[pid:20348;line:104:_train_model] - INFO: [ Epoch 47 (train) ]: train loglike is 7.2778023994487775, num_events is 242824, mark_ll is -1.151917326341558, time_ll is 8.429719753942155[0m
[38;20m2026-09-28 18:38:31,266 - tpp_runner.py[pid:20348;line:116:_train_model] - INFO: [ Epoch 47 (valid) ]:  valid loglike is 6.874708058356465, num_events is 52959, mark_ll is -1.1612763861253517, time_ll is 8.035983983482506[0m
[38;20m2026-09-28 18:38:31,481 - tpp_runner.py[pid:20348;line:136:_train_model] - INFO: [ Epoch 47 (test) ]: test loglike is 6.698126096554784, num_events is 112141, mark_ll is -1.2142614665214997, time_ll is 7.912387571784628[0m
[31;1m2026-09-28 18:38:31,481 - tpp_runner.py[pid:20348;line:140:_train_model] - CRITICAL: current best loglike on valid set is 6.8747 (updated at epoch-47), best updated at this epoch[0m
[38;20m2026-09-28 18:38:32,304 - tpp_runner.py[pid:20348;line:104:_train_model] - INFO: [ Epoch 48 (train) ]: train loglike is 7.291594249461544, num_events is 242824, mark_ll is -1.1520285702684867, time_ll is 8.443622940380687[0m
[38;20m2026-09-28 18:38:32,435 - tpp_runner.py[pid:20348;line:116:_train_model] - INFO: [ Epoch 48 (valid) ]:  valid loglike is 6.883135051997772, num_events is 52959, mark_ll is -1.1613559546063936, time_ll is 8.044491227883835[0m
[38;20m2026-09-28 18:38:32,694 - tpp_runner.py[pid:20348;line:136:_train_model] - INFO: [ Epoch 48 (test) ]: test loglike is 6.706638817147609, num_events is 112141, mark_ll is -1.2142991388213276, time_ll is 7.920937842760454[0m
[31;1m2026-09-28 18:38:32,694 - tpp_runner.py[pid:20348;line:140:_train_model] - CRITICAL: current best loglike on valid set is 6.8831 (updated at epoch-48), best updated at this epoch[0m
[38;20m2026-09-28 18:38:33,615 - tpp_runner.py[pid:20348;line:104:_train_model] - INFO: [ Epoch 49 (train) ]: train loglike is 7.3038278399427154, num_events is 242824, mark_ll is -1.1523558593042182, time_ll is 8.456183864136165[0m
[38;20m2026-09-28 18:38:33,727 - tpp_runner.py[pid:20348;line:116:_train_model] - INFO: [ Epoch 49 (valid) ]:  valid loglike is 6.912167350273324, num_events is 52959, mark_ll is -1.1621169353886969, time_ll is 8.074284396301856[0m
[38;20m2026-09-28 18:38:33,933 - tpp_runner.py[pid:20348;line:136:_train_model] - INFO: [ Epoch 49 (test) ]: test loglike is 6.731847733823936, num_events is 112141, mark_ll is -1.215334770024456, time_ll is 7.9471825648068055[0m
[31;1m2026-09-28 18:38:33,933 - tpp_runner.py[pid:20348;line:140:_train_model] - CRITICAL: current best loglike on valid set is 6.9122 (updated at epoch-49), best updated at this epoch[0m
[38;20m2026-09-28 18:38:34,789 - tpp_runner.py[pid:20348;line:104:_train_model] - INFO: [ Epoch 50 (train) ]: train loglike is 7.315270380373233, num_events is 242824, mark_ll is -1.15288518590754, time_ll is 8.468155594432593[0m
[38;20m2026-09-28 18:38:34,931 - tpp_runner.py[pid:20348;line:116:_train_model] - INFO: [ Epoch 50 (valid) ]:  valid loglike is 6.898822895423819, num_events is 52959, mark_ll is -1.1623042209686976, time_ll is 8.06112718093242[0m
[38;20m2026-09-28 18:38:35,185 - tpp_runner.py[pid:20348;line:136:_train_model] - INFO: [ Epoch 50 (test) ]: test loglike is 6.7152409027753, num_events is 112141, mark_ll is -1.2154659351146102, time_ll is 7.930706829181566[0m
[31;1m2026-09-28 18:38:35,185 - tpp_runner.py[pid:20348;line:140:_train_model] - CRITICAL: current best loglike on valid set is 6.9122 (updated at epoch-49)[0m
[38;20m2026-09-28 18:38:36,137 - tpp_runner.py[pid:20348;line:104:_train_model] - INFO: [ Epoch 51 (train) ]: train loglike is 7.328401402610533, num_events is 242824, mark_ll is -1.1529723238333114, time_ll is 8.481373839051123[0m
[38;20m2026-09-28 18:38:36,245 - tpp_runner.py[pid:20348;line:116:_train_model] - INFO: [ Epoch 51 (valid) ]:  valid loglike is 6.926032918743745, num_events is 52959, mark_ll is -1.1623095962206613, time_ll is 8.088342514964406[0m
[38;20m2026-09-28 18:38:36,440 - tpp_runner.py[pid:20348;line:136:_train_model] - INFO: [ Epoch 51 (test) ]: test loglike is 6.74172223055127, num_events is 112141, mark_ll is -1.2154781267974024, time_ll is 7.9572002267235[0m
[31;1m2026-09-28 18:38:36,440 - tpp_runner.py[pid:20348;line:140:_train_model] - CRITICAL: current best loglike on valid set is 6.9260 (updated at epoch-51), best updated at this epoch[0m
[38;20m2026-09-28 18:38:37,282 - tpp_runner.py[pid:20348;line:104:_train_model] - INFO: [ Epoch 52 (train) ]: train loglike is 7.335723690950029, num_events is 242824, mark_ll is -1.1532492573067326, time_ll is 8.488973044777287[0m
[38;20m2026-09-28 18:38:37,377 - tpp_runner.py[pid:20348;line:116:_train_model] - INFO: [ Epoch 52 (valid) ]:  valid loglike is 6.940669167421968, num_events is 52959, mark_ll is -1.1630607761576173, time_ll is 8.103729934359599[0m
[38;20m2026-09-28 18:38:37,596 - tpp_runner.py[pid:20348;line:136:_train_model] - INFO: [ Epoch 52 (test) ]: test loglike is 6.756889990196494, num_events is 112141, mark_ll is -1.2163035385558136, time_ll is 7.97319365937748[0m
[31;1m2026-09-28 18:38:37,596 - tpp_runner.py[pid:20348;line:140:_train_model] - CRITICAL: current best loglike on valid set is 6.9407 (updated at epoch-52), best updated at this epoch[0m
[38;20m2026-09-28 18:38:38,392 - tpp_runner.py[pid:20348;line:104:_train_model] - INFO: [ Epoch 53 (train) ]: train loglike is 7.348427658123785, num_events is 242824, mark_ll is -1.1537070420924724, time_ll is 8.502134728368077[0m
[38;20m2026-09-28 18:38:38,493 - tpp_runner.py[pid:20348;line:116:_train_model] - INFO: [ Epoch 53 (valid) ]:  valid loglike is 6.928264524207406, num_events is 52959, mark_ll is -1.1634710010043146, time_ll is 8.091735617411583[0m
[38;20m2026-09-28 18:38:38,698 - tpp_runner.py[pid:20348;line:136:_train_model] - INFO: [ Epoch 53 (test) ]: test loglike is 6.744314147479512, num_events is 112141, mark_ll is -1.2166875504387333, time_ll is 7.961001732751625[0m
[31;1m2026-09-28 18:38:38,698 - tpp_runner.py[pid:20348;line:140:_train_model] - CRITICAL: current best loglike on valid set is 6.9407 (updated at epoch-52)[0m
[38;20m2026-09-28 18:38:39,531 - tpp_runner.py[pid:20348;line:104:_train_model] - INFO: [ Epoch 54 (train) ]: train loglike is 7.360688049137441, num_events is 242824, mark_ll is -1.153869980803998, time_ll is 8.514558062114947[0m
[38;20m2026-09-28 18:38:39,627 - tpp_runner.py[pid:20348;line:116:_train_model] - INFO: [ Epoch 54 (valid) ]:  valid loglike is 6.9362725247951245, num_events is 52959, mark_ll is -1.1637361862478521, time_ll is 8.100008674163032[0m
[38;20m2026-09-28 18:38:39,884 - tpp_runner.py[pid:20348;line:136:_train_model] - INFO: [ Epoch 54 (test) ]: test loglike is 6.7483575016608555, num_events is 112141, mark_ll is -1.2170318783941645, time_ll is 7.965389345221641[0m
[31;1m2026-09-28 18:38:39,884 - tpp_runner.py[pid:20348;line:140:_train_model] - CRITICAL: current best loglike on valid set is 6.9407 (updated at epoch-52)[0m
[38;20m2026-09-28 18:38:40,687 - tpp_runner.py[pid:20348;line:104:_train_model] - INFO: [ Epoch 55 (train) ]: train loglike is 7.3735169943045165, num_events is 242824, mark_ll is -1.1540846303868748, time_ll is 8.527601733276983[0m
[38;20m2026-09-28 18:38:40,783 - tpp_runner.py[pid:20348;line:116:_train_model] - INFO: [ Epoch 55 (valid) ]:  valid loglike is 6.96910788298495, num_events is 52959, mark_ll is -1.1637466970321382, time_ll is 8.132854469377254[0m
[38;20m2026-09-28 18:38:41,020 - tpp_runner.py[pid:20348;line:136:_train_model] - INFO: [ Epoch 55 (test) ]: test loglike is 6.78009715447517, num_events is 112141, mark_ll is -1.2170029492725676, time_ll is 7.997100086331048[0m
[31;1m2026-09-28 18:38:41,020 - tpp_runner.py[pid:20348;line:140:_train_model] - CRITICAL: current best loglike on valid set is 6.9691 (updated at epoch-55), best updated at this epoch[0m
[38;20m2026-09-28 18:38:41,971 - tpp_runner.py[pid:20348;line:104:_train_model] - INFO: [ Epoch 56 (train) ]: train loglike is 7.38147543333855, num_events is 242824, mark_ll is -1.1543327283534062, time_ll is 8.53580814962689[0m
[38;20m2026-09-28 18:38:42,070 - tpp_runner.py[pid:20348;line:116:_train_model] - INFO: [ Epoch 56 (valid) ]:  valid loglike is 6.964406612013539, num_events is 52959, mark_ll is -1.1642296583500915, time_ll is 8.128636215043713[0m
[38;20m2026-09-28 18:38:42,271 - tpp_runner.py[pid:20348;line:136:_train_model] - INFO: [ Epoch 56 (test) ]: test loglike is 6.774983231211154, num_events is 112141, mark_ll is -1.2175782660751866, time_ll is 7.992561540828064[0m
[31;1m2026-09-28 18:38:42,271 - tpp_runner.py[pid:20348;line:140:_train_model] - CRITICAL: current best loglike on valid set is 6.9691 (updated at epoch-55)[0m
[38;20m2026-09-28 18:38:43,079 - tpp_runner.py[pid:20348;line:104:_train_model] - INFO: [ Epoch 57 (train) ]: train loglike is 7.399552698147629, num_events is 242824, mark_ll is -1.1546108643117032, time_ll is 8.554163586589464[0m
[38;20m2026-09-28 18:38:43,172 - tpp_runner.py[pid:20348;line:116:_train_model] - INFO: [ Epoch 57 (valid) ]:  valid loglike is 6.958942442502691, num_events is 52959, mark_ll is -1.1639415891007667, time_ll is 8.12288375500387[0m
[38;20m2026-09-28 18:38:43,384 - tpp_runner.py[pid:20348;line:136:_train_model] - INFO: [ Epoch 57 (test) ]: test loglike is 6.756793519152228, num_events is 112141, mark_ll is -1.217439315724735, time_ll is 7.974232599751652[0m
[31;1m2026-09-28 18:38:43,384 - tpp_runner.py[pid:20348;line:140:_train_model] - CRITICAL: current best loglike on valid set is 6.9691 (updated at epoch-55)[0m
[38;20m2026-09-28 18:38:44,266 - tpp_runner.py[pid:20348;line:104:_train_model] - INFO: [ Epoch 58 (train) ]: train loglike is 7.398018729614865, num_events is 242824, mark_ll is -1.155160150555289, time_ll is 8.553178852018334[0m
[38;20m2026-09-28 18:38:44,418 - tpp_runner.py[pid:20348;line:116:_train_model] - INFO: [ Epoch 58 (valid) ]:  valid loglike is 6.967472626229725, num_events is 52959, mark_ll is -1.164799748537784, time_ll is 8.132272430087426[0m
[38;20m2026-09-28 18:38:44,655 - tpp_runner.py[pid:20348;line:136:_train_model] - INFO: [ Epoch 58 (test) ]: test loglike is 6.772865239826424, num_events is 112141, mark_ll is -1.2182490611707582, time_ll is 7.991114318413872[0m
[31;1m2026-09-28 18:38:44,655 - tpp_runner.py[pid:20348;line:140:_train_model] - CRITICAL: current best loglike on valid set is 6.9691 (updated at epoch-55)[0m
[38;20m2026-09-28 18:38:45,545 - tpp_runner.py[pid:20348;line:104:_train_model] - INFO: [ Epoch 59 (train) ]: train loglike is 7.416611253160726, num_events is 242824, mark_ll is -1.1551395595099228, time_ll is 8.571750655824795[0m
[38;20m2026-09-28 18:38:45,656 - tpp_runner.py[pid:20348;line:116:_train_model] - INFO: [ Epoch 59 (valid) ]:  valid loglike is 7.021890091273438, num_events is 52959, mark_ll is -1.1651028094846958, time_ll is 8.186992826998244[0m
[38;20m2026-09-28 18:38:45,882 - tpp_runner.py[pid:20348;line:136:_train_model] - INFO: [ Epoch 59 (test) ]: test loglike is 6.8300895677651345, num_events is 112141, mark_ll is -1.218531211543949, time_ll is 8.048620709642325[0m
[31;1m2026-09-28 18:38:45,882 - tpp_runner.py[pid:20348;line:140:_train_model] - CRITICAL: current best loglike on valid set is 7.0219 (updated at epoch-59), best updated at this epoch[0m
[38;20m2026-09-28 18:38:46,742 - tpp_runner.py[pid:20348;line:104:_train_model] - INFO: [ Epoch 60 (train) ]: train loglike is 7.42950922659004, num_events is 242824, mark_ll is -1.1556635171590328, time_ll is 8.585172912659992[0m
[38;20m2026-09-28 18:38:46,831 - tpp_runner.py[pid:20348;line:116:_train_model] - INFO: [ Epoch 60 (valid) ]:  valid loglike is 6.985204909399252, num_events is 52959, mark_ll is -1.1657942162510149, time_ll is 8.150999107210295[0m
[38;20m2026-09-28 18:38:47,053 - tpp_runner.py[pid:20348;line:136:_train_model] - INFO: [ Epoch 60 (test) ]: test loglike is 6.790655082106455, num_events is 112141, mark_ll is -1.219269165395016, time_ll is 8.009924134292989[0m
[31;1m2026-09-28 18:38:47,053 - tpp_runner.py[pid:20348;line:140:_train_model] - CRITICAL: current best loglike on valid set is 7.0219 (updated at epoch-59)[0m
[38;20m2026-09-28 18:38:47,862 - tpp_runner.py[pid:20348;line:104:_train_model] - INFO: [ Epoch 61 (train) ]: train loglike is 7.445178754725645, num_events is 242824, mark_ll is -1.1558242600286113, time_ll is 8.601002986602436[0m
[38;20m2026-09-28 18:38:47,957 - tpp_runner.py[pid:20348;line:116:_train_model] - INFO: [ Epoch 61 (valid) ]:  valid loglike is 6.992625412465303, num_events is 52959, mark_ll is -1.1658436353771313, time_ll is 8.158468992522517[0m
[38;20m2026-09-28 18:38:48,340 - tpp_runner.py[pid:20348;line:136:_train_model] - INFO: [ Epoch 61 (test) ]: test loglike is 6.796039974228872, num_events is 112141, mark_ll is -1.2193591225973328, time_ll is 8.015399070701172[0m
[31;1m2026-09-28 18:38:48,340 - tpp_runner.py[pid:20348;line:140:_train_model] - CRITICAL: current best loglike on valid set is 7.0219 (updated at epoch-59)[0m
[38;20m2026-09-28 18:38:49,209 - tpp_runner.py[pid:20348;line:104:_train_model] - INFO: [ Epoch 62 (train) ]: train loglike is 7.46071133632281, num_events is 242824, mark_ll is -1.1562613089881972, time_ll is 8.616972677484515[0m
[38;20m2026-09-28 18:38:49,321 - tpp_runner.py[pid:20348;line:116:_train_model] - INFO: [ Epoch 62 (valid) ]:  valid loglike is 7.02268640304292, num_events is 52959, mark_ll is -1.166249425410459, time_ll is 8.188935810013406[0m
[38;20m2026-09-28 18:38:49,557 - tpp_runner.py[pid:20348;line:136:_train_model] - INFO: [ Epoch 62 (test) ]: test loglike is 6.824547054600904, num_events is 112141, mark_ll is -1.2199374611956153, time_ll is 8.044484454838106[0m
[31;1m2026-09-28 18:38:49,557 - tpp_runner.py[pid:20348;line:140:_train_model] - CRITICAL: current best loglike on valid set is 7.0227 (updated at epoch-62), best updated at this epoch[0m
[38;20m2026-09-28 18:38:50,408 - tpp_runner.py[pid:20348;line:104:_train_model] - INFO: [ Epoch 63 (train) ]: train loglike is 7.472873179880284, num_events is 242824, mark_ll is -1.1564364253726465, time_ll is 8.629309673621636[0m
[38;20m2026-09-28 18:38:50,523 - tpp_runner.py[pid:20348;line:116:_train_model] - INFO: [ Epoch 63 (valid) ]:  valid loglike is 6.995369280363111, num_events is 52959, mark_ll is -1.1664090971317433, time_ll is 8.161778377494855[0m
[38;20m2026-09-28 18:38:50,740 - tpp_runner.py[pid:20348;line:136:_train_model] - INFO: [ Epoch 63 (test) ]: test loglike is 6.797908837284089, num_events is 112141, mark_ll is -1.2200154879654854, time_ll is 8.017924490708126[0m
[31;1m2026-09-28 18:38:50,740 - tpp_runner.py[pid:20348;line:140:_train_model] - CRITICAL: current best loglike on valid set is 7.0227 (updated at epoch-62)[0m
[38;20m2026-09-28 18:38:51,559 - tpp_runner.py[pid:20348;line:104:_train_model] - INFO: [ Epoch 64 (train) ]: train loglike is 7.488831127431802, num_events is 242824, mark_ll is -1.156707338378311, time_ll is 8.645538361246212[0m
[38;20m2026-09-28 18:38:51,662 - tpp_runner.py[pid:20348;line:116:_train_model] - INFO: [ Epoch 64 (valid) ]:  valid loglike is 7.0704038147434805, num_events is 52959, mark_ll is -1.1666897350721785, time_ll is 8.237093494495742[0m
[38;20m2026-09-28 18:38:51,944 - tpp_runner.py[pid:20348;line:136:_train_model] - INFO: [ Epoch 64 (test) ]: test loglike is 6.872809711936313, num_events is 112141, mark_ll is -1.220381856741736, time_ll is 8.0931914815946[0m
[31;1m2026-09-28 18:38:51,944 - tpp_runner.py[pid:20348;line:140:_train_model] - CRITICAL: current best loglike on valid set is 7.0704 (updated at epoch-64), best updated at this epoch[0m
[38;20m2026-09-28 18:38:52,798 - tpp_runner.py[pid:20348;line:104:_train_model] - INFO: [ Epoch 65 (train) ]: train loglike is 7.499048484576277, num_events is 242824, mark_ll is -1.1569212801440034, time_ll is 8.655969704394952[0m
[38;20m2026-09-28 18:38:52,967 - tpp_runner.py[pid:20348;line:116:_train_model] - INFO: [ Epoch 65 (valid) ]:  valid loglike is 7.097867350804396, num_events is 52959, mark_ll is -1.1669122041195783, time_ll is 8.26477949038407[0m
[38;20m2026-09-28 18:38:53,190 - tpp_runner.py[pid:20348;line:136:_train_model] - INFO: [ Epoch 65 (test) ]: test loglike is 6.893676700119715, num_events is 112141, mark_ll is -1.220705946503732, time_ll is 8.114382820790345[0m
[31;1m2026-09-28 18:38:53,192 - tpp_runner.py[pid:20348;line:140:_train_model] - CRITICAL: current best loglike on valid set is 7.0979 (updated at epoch-65), best updated at this epoch[0m
[38;20m2026-09-28 18:38:54,000 - tpp_runner.py[pid:20348;line:104:_train_model] - INFO: [ Epoch 66 (train) ]: train loglike is 7.514150455937222, num_events is 242824, mark_ll is -1.1573782605920337, time_ll is 8.671528732616009[0m
[38;20m2026-09-28 18:38:54,117 - tpp_runner.py[pid:20348;line:116:_train_model] - INFO: [ Epoch 66 (valid) ]:  valid loglike is 7.076196473923224, num_events is 52959, mark_ll is -1.1672671551489124, time_ll is 8.24346361985215[0m
[38;20m2026-09-28 18:38:54,348 - tpp_runner.py[pid:20348;line:136:_train_model] - INFO: [ Epoch 66 (test) ]: test loglike is 6.867734471140127, num_events is 112141, mark_ll is -1.2210239665493665, time_ll is 8.088758516064598[0m
[31;1m2026-09-28 18:38:54,348 - tpp_runner.py[pid:20348;line:140:_train_model] - CRITICAL: current best loglike on valid set is 7.0979 (updated at epoch-65)[0m
[38;20m2026-09-28 18:38:55,205 - tpp_runner.py[pid:20348;line:104:_train_model] - INFO: [ Epoch 67 (train) ]: train loglike is 7.523540342619552, num_events is 242824, mark_ll is -1.157754622271429, time_ll is 8.681295081519949[0m
[38;20m2026-09-28 18:38:55,318 - tpp_runner.py[pid:20348;line:116:_train_model] - INFO: [ Epoch 67 (valid) ]:  valid loglike is 7.117718644965917, num_events is 52959, mark_ll is -1.1677492405681753, time_ll is 8.285468106813761[0m
[38;20m2026-09-28 18:38:55,618 - tpp_runner.py[pid:20348;line:136:_train_model] - INFO: [ Epoch 67 (test) ]: test loglike is 6.913830022025842, num_events is 112141, mark_ll is -1.221512365362022, time_ll is 8.135342239346002[0m
[31;1m2026-09-28 18:38:55,618 - tpp_runner.py[pid:20348;line:140:_train_model] - CRITICAL: current best loglike on valid set is 7.1177 (updated at epoch-67), best updated at this epoch[0m
[38;20m2026-09-28 18:38:56,528 - tpp_runner.py[pid:20348;line:104:_train_model] - INFO: [ Epoch 68 (train) ]: train loglike is 7.540633564587932, num_events is 242824, mark_ll is -1.1581148046977956, time_ll is 8.698748357220662[0m
[38;20m2026-09-28 18:38:56,616 - tpp_runner.py[pid:20348;line:116:_train_model] - INFO: [ Epoch 68 (valid) ]:  valid loglike is 7.057674222334731, num_events is 52959, mark_ll is -1.1683374941287128, time_ll is 8.226011882423196[0m
[38;20m2026-09-28 18:38:56,839 - tpp_runner.py[pid:20348;line:136:_train_model] - INFO: [ Epoch 68 (test) ]: test loglike is 6.854800280032504, num_events is 112141, mark_ll is -1.2220512377414372, time_ll is 8.076851561315666[0m
[31;1m2026-09-28 18:38:56,839 - tpp_runner.py[pid:20348;line:140:_train_model] - CRITICAL: current best loglike on valid set is 7.1177 (updated at epoch-67)[0m
[38;20m2026-09-28 18:38:57,708 - tpp_runner.py[pid:20348;line:104:_train_model] - INFO: [ Epoch 69 (train) ]: train loglike is 7.5524553663352885, num_events is 242824, mark_ll is -1.1584925940766255, time_ll is 8.710947924216716[0m
[38;20m2026-09-28 18:38:57,804 - tpp_runner.py[pid:20348;line:116:_train_model] - INFO: [ Epoch 69 (valid) ]:  valid loglike is 7.131485522703884, num_events is 52959, mark_ll is -1.1685130057863158, time_ll is 8.299998805089787[0m
[38;20m2026-09-28 18:38:58,090 - tpp_runner.py[pid:20348;line:136:_train_model] - INFO: [ Epoch 69 (test) ]: test loglike is 6.928090877221534, num_events is 112141, mark_ll is -1.2223197421382457, time_ll is 8.150410706443228[0m
[31;1m2026-09-28 18:38:58,090 - tpp_runner.py[pid:20348;line:140:_train_model] - CRITICAL: current best loglike on valid set is 7.1315 (updated at epoch-69), best updated at this epoch[0m
[38;20m2026-09-28 18:38:58,975 - tpp_runner.py[pid:20348;line:104:_train_model] - INFO: [ Epoch 70 (train) ]: train loglike is 7.573697442643643, num_events is 242824, mark_ll is -1.1587845566001507, time_ll is 8.73248203946068[0m
[38;20m2026-09-28 18:38:59,076 - tpp_runner.py[pid:20348;line:116:_train_model] - INFO: [ Epoch 70 (valid) ]:  valid loglike is 7.165861688110142, num_events is 52959, mark_ll is -1.1687520615889178, time_ll is 8.334613878778868[0m
[38;20m2026-09-28 18:38:59,342 - tpp_runner.py[pid:20348;line:136:_train_model] - INFO: [ Epoch 70 (test) ]: test loglike is 6.956328730404134, num_events is 112141, mark_ll is -1.2225417788069262, time_ll is 8.178870517919405[0m
[31;1m2026-09-28 18:38:59,342 - tpp_runner.py[pid:20348;line:140:_train_model] - CRITICAL: current best loglike on valid set is 7.1659 (updated at epoch-70), best updated at this epoch[0m
[38;20m2026-09-28 18:39:00,153 - tpp_runner.py[pid:20348;line:104:_train_model] - INFO: [ Epoch 71 (train) ]: train loglike is 7.584759997853384, num_events is 242824, mark_ll is -1.1591239670051663, time_ll is 8.743883928663353[0m
[38;20m2026-09-28 18:39:00,252 - tpp_runner.py[pid:20348;line:116:_train_model] - INFO: [ Epoch 71 (valid) ]:  valid loglike is 7.176988478115145, num_events is 52959, mark_ll is -1.1691244199522273, time_ll is 8.346112824307482[0m
[38;20m2026-09-28 18:39:00,461 - tpp_runner.py[pid:20348;line:136:_train_model] - INFO: [ Epoch 71 (test) ]: test loglike is 6.960503023258665, num_events is 112141, mark_ll is -1.2230627381209815, time_ll is 8.183565848463095[0m
[31;1m2026-09-28 18:39:00,461 - tpp_runner.py[pid:20348;line:140:_train_model] - CRITICAL: current best loglike on valid set is 7.1770 (updated at epoch-71), best updated at this epoch[0m
[38;20m2026-09-28 18:39:01,280 - tpp_runner.py[pid:20348;line:104:_train_model] - INFO: [ Epoch 72 (train) ]: train loglike is 7.588987934676967, num_events is 242824, mark_ll is -1.1597867774730874, time_ll is 8.748774720193433[0m
[38;20m2026-09-28 18:39:01,382 - tpp_runner.py[pid:20348;line:116:_train_model] - INFO: [ Epoch 72 (valid) ]:  valid loglike is 7.167260249379237, num_events is 52959, mark_ll is -1.1698242537859476, time_ll is 8.337084466285239[0m
[38;20m2026-09-28 18:39:01,633 - tpp_runner.py[pid:20348;line:136:_train_model] - INFO: [ Epoch 72 (test) ]: test loglike is 6.958995364931202, num_events is 112141, mark_ll is -1.223906742195651, time_ll is 8.182902237752026[0m
[31;1m2026-09-28 18:39:01,633 - tpp_runner.py[pid:20348;line:140:_train_model] - CRITICAL: current best loglike on valid set is 7.1770 (updated at epoch-71)[0m
[38;20m2026-09-28 18:39:02,617 - tpp_runner.py[pid:20348;line:104:_train_model] - INFO: [ Epoch 73 (train) ]: train loglike is 7.626608884547038, num_events is 242824, mark_ll is -1.1600912957082599, time_ll is 8.786700224493872[0m
[38;20m2026-09-28 18:39:02,725 - tpp_runner.py[pid:20348;line:116:_train_model] - INFO: [ Epoch 73 (valid) ]:  valid loglike is 7.194619562715969, num_events is 52959, mark_ll is -1.170006228653888, time_ll is 8.364625892789705[0m
[38;20m2026-09-28 18:39:02,936 - tpp_runner.py[pid:20348;line:136:_train_model] - INFO: [ Epoch 73 (test) ]: test loglike is 6.9802648528136455, num_events is 112141, mark_ll is -1.2240322294449621, time_ll is 8.204297317383919[0m
[31;1m2026-09-28 18:39:02,936 - tpp_runner.py[pid:20348;line:140:_train_model] - CRITICAL: current best loglike on valid set is 7.1946 (updated at epoch-73), best updated at this epoch[0m
[38;20m2026-09-28 18:39:03,872 - tpp_runner.py[pid:20348;line:104:_train_model] - INFO: [ Epoch 74 (train) ]: train loglike is 7.638826227406476, num_events is 242824, mark_ll is -1.1603212397726852, time_ll is 8.799147447070718[0m
[38;20m2026-09-28 18:39:03,960 - tpp_runner.py[pid:20348;line:116:_train_model] - INFO: [ Epoch 74 (valid) ]:  valid loglike is 7.221379613828622, num_events is 52959, mark_ll is -1.1703611335832909, time_ll is 8.391740765851885[0m
[38;20m2026-09-28 18:39:04,246 - tpp_runner.py[pid:20348;line:136:_train_model] - INFO: [ Epoch 74 (test) ]: test loglike is 7.0038402059126454, num_events is 112141, mark_ll is -1.224406548940062, time_ll is 8.228246554560776[0m
[31;1m2026-09-28 18:39:04,246 - tpp_runner.py[pid:20348;line:140:_train_model] - CRITICAL: current best loglike on valid set is 7.2214 (updated at epoch-74), best updated at this epoch[0m
[38;20m2026-09-28 18:39:05,321 - tpp_runner.py[pid:20348;line:104:_train_model] - INFO: [ Epoch 75 (train) ]: train loglike is 7.659933255413386, num_events is 242824, mark_ll is -1.1607360930331743, time_ll is 8.820669497249037[0m
[38;20m2026-09-28 18:39:05,424 - tpp_runner.py[pid:20348;line:116:_train_model] - INFO: [ Epoch 75 (valid) ]:  valid loglike is 7.2299870241602, num_events is 52959, mark_ll is -1.1706358707325477, time_ll is 8.400622710493023[0m
[38;20m2026-09-28 18:39:05,642 - tpp_runner.py[pid:20348;line:136:_train_model] - INFO: [ Epoch 75 (test) ]: test loglike is 7.012173290767873, num_events is 112141, mark_ll is -1.2246550067270223, time_ll is 8.236828245244826[0m
[31;1m2026-09-28 18:39:05,642 - tpp_runner.py[pid:20348;line:140:_train_model] - CRITICAL: current best loglike on valid set is 7.2300 (updated at epoch-75), best updated at this epoch[0m
[38;20m2026-09-28 18:39:06,501 - tpp_runner.py[pid:20348;line:104:_train_model] - INFO: [ Epoch 76 (train) ]: train loglike is 7.671623097516102, num_events is 242824, mark_ll is -1.1611055414299554, time_ll is 8.83272869122801[0m
[38;20m2026-09-28 18:39:06,596 - tpp_runner.py[pid:20348;line:116:_train_model] - INFO: [ Epoch 76 (valid) ]:  valid loglike is 7.229253260777205, num_events is 52959, mark_ll is -1.1710475246771086, time_ll is 8.400300601054589[0m
[38;20m2026-09-28 18:39:06,838 - tpp_runner.py[pid:20348;line:136:_train_model] - INFO: [ Epoch 76 (test) ]: test loglike is 7.008956968097083, num_events is 112141, mark_ll is -1.22502417088197, time_ll is 8.23398124347919[0m
[31;1m2026-09-28 18:39:06,840 - tpp_runner.py[pid:20348;line:140:_train_model] - CRITICAL: current best loglike on valid set is 7.2300 (updated at epoch-75)[0m
[38;20m2026-09-28 18:39:07,761 - tpp_runner.py[pid:20348;line:104:_train_model] - INFO: [ Epoch 77 (train) ]: train loglike is 7.690050796178508, num_events is 242824, mark_ll is -1.1613615138626638, time_ll is 8.851412297976106[0m
[38;20m2026-09-28 18:39:07,860 - tpp_runner.py[pid:20348;line:116:_train_model] - INFO: [ Epoch 77 (valid) ]:  valid loglike is 7.266520887620612, num_events is 52959, mark_ll is -1.171407528258889, time_ll is 8.437928397439528[0m
[38;20m2026-09-28 18:39:08,089 - tpp_runner.py[pid:20348;line:136:_train_model] - INFO: [ Epoch 77 (test) ]: test loglike is 7.0424097265105985, num_events is 112141, mark_ll is -1.2253949460807154, time_ll is 8.267804733549728[0m
[31;1m2026-09-28 18:39:08,089 - tpp_runner.py[pid:20348;line:140:_train_model] - CRITICAL: current best loglike on valid set is 7.2665 (updated at epoch-77), best updated at this epoch[0m
[38;20m2026-09-28 18:39:08,950 - tpp_runner.py[pid:20348;line:104:_train_model] - INFO: [ Epoch 78 (train) ]: train loglike is 7.696943729048611, num_events is 242824, mark_ll is -1.1617868838387062, time_ll is 8.858730564627056[0m
[38;20m2026-09-28 18:39:09,052 - tpp_runner.py[pid:20348;line:116:_train_model] - INFO: [ Epoch 78 (valid) ]:  valid loglike is 7.259836176334523, num_events is 52959, mark_ll is -1.17215969473437, time_ll is 8.431995815748976[0m
[38;20m2026-09-28 18:39:09,263 - tpp_runner.py[pid:20348;line:136:_train_model] - INFO: [ Epoch 78 (test) ]: test loglike is 7.038246806754443, num_events is 112141, mark_ll is -1.2261422701108426, time_ll is 8.264388972365147[0m
[31;1m2026-09-28 18:39:09,263 - tpp_runner.py[pid:20348;line:140:_train_model] - CRITICAL: current best loglike on valid set is 7.2665 (updated at epoch-77)[0m
[38;20m2026-09-28 18:39:10,254 - tpp_runner.py[pid:20348;line:104:_train_model] - INFO: [ Epoch 79 (train) ]: train loglike is 7.66578408834691, num_events is 242824, mark_ll is -1.1626058001693098, time_ll is 8.828389755800497[0m
[38;20m2026-09-28 18:39:10,368 - tpp_runner.py[pid:20348;line:116:_train_model] - INFO: [ Epoch 79 (valid) ]:  valid loglike is 7.170930910291452, num_events is 52959, mark_ll is -1.1733915033327669, time_ll is 8.344322229224494[0m
[38;20m2026-09-28 18:39:10,608 - tpp_runner.py[pid:20348;line:136:_train_model] - INFO: [ Epoch 79 (test) ]: test loglike is 6.948431533042108, num_events is 112141, mark_ll is -1.2267468904938872, time_ll is 8.175178214535718[0m
[31;1m2026-09-28 18:39:10,608 - tpp_runner.py[pid:20348;line:140:_train_model] - CRITICAL: current best loglike on valid set is 7.2665 (updated at epoch-77)[0m
[38;20m2026-09-28 18:39:11,446 - tpp_runner.py[pid:20348;line:104:_train_model] - INFO: [ Epoch 80 (train) ]: train loglike is 7.608134598644491, num_events is 242824, mark_ll is -1.1647256885066448, time_ll is 8.772860082045021[0m
[38;20m2026-09-28 18:39:11,540 - tpp_runner.py[pid:20348;line:116:_train_model] - INFO: [ Epoch 80 (valid) ]:  valid loglike is 7.186367933212485, num_events is 52959, mark_ll is -1.1752410878875639, time_ll is 8.361608892020243[0m
[38;20m2026-09-28 18:39:11,747 - tpp_runner.py[pid:20348;line:136:_train_model] - INFO: [ Epoch 80 (test) ]: test loglike is 6.96319689748843, num_events is 112141, mark_ll is -1.2289875389158516, time_ll is 8.192184392862558[0m
[31;1m2026-09-28 18:39:11,747 - tpp_runner.py[pid:20348;line:140:_train_model] - CRITICAL: current best loglike on valid set is 7.2665 (updated at epoch-77)[0m
[38;20m2026-09-28 18:39:12,568 - tpp_runner.py[pid:20348;line:104:_train_model] - INFO: [ Epoch 81 (train) ]: train loglike is 7.651591324246162, num_events is 242824, mark_ll is -1.1647299555181942, time_ll is 8.816320958029273[0m
[38;20m2026-09-28 18:39:12,709 - tpp_runner.py[pid:20348;line:116:_train_model] - INFO: [ Epoch 81 (valid) ]:  valid loglike is 7.241550952151664, num_events is 52959, mark_ll is -1.1763831307001642, time_ll is 8.417934009091939[0m
[38;20m2026-09-28 18:39:12,927 - tpp_runner.py[pid:20348;line:136:_train_model] - INFO: [ Epoch 81 (test) ]: test loglike is 7.022122748927689, num_events is 112141, mark_ll is -1.2300172136111012, time_ll is 8.252139884163686[0m
[31;1m2026-09-28 18:39:12,927 - tpp_runner.py[pid:20348;line:140:_train_model] - CRITICAL: current best loglike on valid set is 7.2665 (updated at epoch-77)[0m
[38;20m2026-09-28 18:39:13,766 - tpp_runner.py[pid:20348;line:104:_train_model] - INFO: [ Epoch 82 (train) ]: train loglike is 7.685049392126602, num_events is 242824, mark_ll is -1.1657446959075812, time_ll is 8.850794084012495[0m
[38;20m2026-09-28 18:39:13,863 - tpp_runner.py[pid:20348;line:116:_train_model] - INFO: [ Epoch 82 (valid) ]:  valid loglike is 7.224571351776846, num_events is 52959, mark_ll is -1.1762627822200902, time_ll is 8.400834180096867[0m
[38;20m2026-09-28 18:39:14,084 - tpp_runner.py[pid:20348;line:136:_train_model] - INFO: [ Epoch 82 (test) ]: test loglike is 7.006564350349114, num_events is 112141, mark_ll is -1.229942069303377, time_ll is 8.23650641965249[0m
[31;1m2026-09-28 18:39:14,084 - tpp_runner.py[pid:20348;line:140:_train_model] - CRITICAL: current best loglike on valid set is 7.2665 (updated at epoch-77)[0m
[38;20m2026-09-28 18:39:14,938 - tpp_runner.py[pid:20348;line:104:_train_model] - INFO: [ Epoch 83 (train) ]: train loglike is 7.712938724395035, num_events is 242824, mark_ll is -1.1657892079564314, time_ll is 8.878727815722499[0m
[38;20m2026-09-28 18:39:15,061 - tpp_runner.py[pid:20348;line:116:_train_model] - INFO: [ Epoch 83 (valid) ]:  valid loglike is 7.283581697634019, num_events is 52959, mark_ll is -1.1764330569255226, time_ll is 8.460014690019637[0m
[38;20m2026-09-28 18:39:15,627 - tpp_runner.py[pid:20348;line:136:_train_model] - INFO: [ Epoch 83 (test) ]: test loglike is 7.057854341855343, num_events is 112141, mark_ll is -1.230159621174459, time_ll is 8.288013910779732[0m
[31;1m2026-09-28 18:39:15,627 - tpp_runner.py[pid:20348;line:140:_train_model] - CRITICAL: current best loglike on valid set is 7.2836 (updated at epoch-83), best updated at this epoch[0m
[38;20m2026-09-28 18:39:16,647 - tpp_runner.py[pid:20348;line:104:_train_model] - INFO: [ Epoch 84 (train) ]: train loglike is 7.727814242517214, num_events is 242824, mark_ll is -1.1659075823371556, time_ll is 8.893721957570092[0m
[38;20m2026-09-28 18:39:16,757 - tpp_runner.py[pid:20348;line:116:_train_model] - INFO: [ Epoch 84 (valid) ]:  valid loglike is 7.2702965826157975, num_events is 52959, mark_ll is -1.1765713290588002, time_ll is 8.446867874794652[0m
[38;20m2026-09-28 18:39:16,964 - tpp_runner.py[pid:20348;line:136:_train_model] - INFO: [ Epoch 84 (test) ]: test loglike is 7.048817030568659, num_events is 112141, mark_ll is -1.2302564492608636, time_ll is 8.279073401454419[0m
[31;1m2026-09-28 18:39:16,964 - tpp_runner.py[pid:20348;line:140:_train_model] - CRITICAL: current best loglike on valid set is 7.2836 (updated at epoch-83)[0m
[38;20m2026-09-28 18:39:17,818 - tpp_runner.py[pid:20348;line:104:_train_model] - INFO: [ Epoch 85 (train) ]: train loglike is 7.743738472231946, num_events is 242824, mark_ll is -1.1660940036881136, time_ll is 8.909832487985126[0m
[38;20m2026-09-28 18:39:17,929 - tpp_runner.py[pid:20348;line:116:_train_model] - INFO: [ Epoch 85 (valid) ]:  valid loglike is 7.29840153467777, num_events is 52959, mark_ll is -1.1767988229986877, time_ll is 8.47520030235654[0m
[38;20m2026-09-28 18:39:18,182 - tpp_runner.py[pid:20348;line:136:_train_model] - INFO: [ Epoch 85 (test) ]: test loglike is 7.071228617878385, num_events is 112141, mark_ll is -1.2304405610877154, time_ll is 8.301669048340928[0m
[31;1m2026-09-28 18:39:18,182 - tpp_runner.py[pid:20348;line:140:_train_model] - CRITICAL: current best loglike on valid set is 7.2984 (updated at epoch-85), best updated at this epoch[0m
[38;20m2026-09-28 18:39:19,022 - tpp_runner.py[pid:20348;line:104:_train_model] - INFO: [ Epoch 86 (train) ]: train loglike is 7.755403605080223, num_events is 242824, mark_ll is -1.1662500009652053, time_ll is 8.921653565828542[0m
[38;20m2026-09-28 18:39:19,112 - tpp_runner.py[pid:20348;line:116:_train_model] - INFO: [ Epoch 86 (valid) ]:  valid loglike is 7.294336110835741, num_events is 52959, mark_ll is -1.1769944895461584, time_ll is 8.471330637261843[0m
[38;20m2026-09-28 18:39:19,491 - tpp_runner.py[pid:20348;line:136:_train_model] - INFO: [ Epoch 86 (test) ]: test loglike is 7.070434364577853, num_events is 112141, mark_ll is -1.2305611629555648, time_ll is 8.30099540561659[0m
[31;1m2026-09-28 18:39:19,491 - tpp_runner.py[pid:20348;line:140:_train_model] - CRITICAL: current best loglike on valid set is 7.2984 (updated at epoch-85)[0m
[38;20m2026-09-28 18:39:20,445 - tpp_runner.py[pid:20348;line:104:_train_model] - INFO: [ Epoch 87 (train) ]: train loglike is 7.7688218884871345, num_events is 242824, mark_ll is -1.166445374594871, time_ll is 8.935267319385646[0m
[38;20m2026-09-28 18:39:20,548 - tpp_runner.py[pid:20348;line:116:_train_model] - INFO: [ Epoch 87 (valid) ]:  valid loglike is 7.323489633490058, num_events is 52959, mark_ll is -1.1772107166628902, time_ll is 8.500700423912837[0m
[38;20m2026-09-28 18:39:20,769 - tpp_runner.py[pid:20348;line:136:_train_model] - INFO: [ Epoch 87 (test) ]: test loglike is 7.094362893310653, num_events is 112141, mark_ll is -1.230717974121307, time_ll is 8.325080806473547[0m
[31;1m2026-09-28 18:39:20,769 - tpp_runner.py[pid:20348;line:140:_train_model] - CRITICAL: current best loglike on valid set is 7.3235 (updated at epoch-87), best updated at this epoch[0m
[38;20m2026-09-28 18:39:21,622 - tpp_runner.py[pid:20348;line:104:_train_model] - INFO: [ Epoch 88 (train) ]: train loglike is 7.782672004723586, num_events is 242824, mark_ll is -1.1669184699489137, time_ll is 8.94959049880263[0m
[38;20m2026-09-28 18:39:21,764 - tpp_runner.py[pid:20348;line:116:_train_model] - INFO: [ Epoch 88 (valid) ]:  valid loglike is 7.3029725825638705, num_events is 52959, mark_ll is -1.1778007404607809, time_ll is 8.480773452104458[0m
[38;20m2026-09-28 18:39:22,057 - tpp_runner.py[pid:20348;line:136:_train_model] - INFO: [ Epoch 88 (test) ]: test loglike is 7.077273219373378, num_events is 112141, mark_ll is -1.2308689855293782, time_ll is 8.308142204902756[0m
[31;1m2026-09-28 18:39:22,059 - tpp_runner.py[pid:20348;line:140:_train_model] - CRITICAL: current best loglike on valid set is 7.3235 (updated at epoch-87)[0m
[38;20m2026-09-28 18:39:22,978 - tpp_runner.py[pid:20348;line:104:_train_model] - INFO: [ Epoch 89 (train) ]: train loglike is 7.777567452403798, num_events is 242824, mark_ll is -1.1675204604209222, time_ll is 8.945087961084983[0m
[38;20m2026-09-28 18:39:23,080 - tpp_runner.py[pid:20348;line:116:_train_model] - INFO: [ Epoch 89 (valid) ]:  valid loglike is 7.31532935561, num_events is 52959, mark_ll is -1.1784894549911251, time_ll is 8.493818699961292[0m
[38;20m2026-09-28 18:39:23,302 - tpp_runner.py[pid:20348;line:136:_train_model] - INFO: [ Epoch 89 (test) ]: test loglike is 7.088122075389465, num_events is 112141, mark_ll is -1.230975836920707, time_ll is 8.319097720726585[0m
[31;1m2026-09-28 18:39:23,302 - tpp_runner.py[pid:20348;line:140:_train_model] - CRITICAL: current best loglike on valid set is 7.3235 (updated at epoch-87)[0m
[38;20m2026-09-28 18:39:24,155 - tpp_runner.py[pid:20348;line:104:_train_model] - INFO: [ Epoch 90 (train) ]: train loglike is 7.779640037640431, num_events is 242824, mark_ll is -1.1683897926391646, time_ll is 8.948029826257907[0m
[38;20m2026-09-28 18:39:24,263 - tpp_runner.py[pid:20348;line:116:_train_model] - INFO: [ Epoch 90 (valid) ]:  valid loglike is 7.313355836000491, num_events is 52959, mark_ll is -1.1796346510390112, time_ll is 8.492990228879888[0m
[38;20m2026-09-28 18:39:24,515 - tpp_runner.py[pid:20348;line:136:_train_model] - INFO: [ Epoch 90 (test) ]: test loglike is 7.086426908980658, num_events is 112141, mark_ll is -1.2322473075191054, time_ll is 8.318674251333142[0m
[31;1m2026-09-28 18:39:24,515 - tpp_runner.py[pid:20348;line:140:_train_model] - CRITICAL: current best loglike on valid set is 7.3235 (updated at epoch-87)[0m
[38;20m2026-09-28 18:39:25,323 - tpp_runner.py[pid:20348;line:104:_train_model] - INFO: [ Epoch 91 (train) ]: train loglike is 7.787706370534832, num_events is 242824, mark_ll is -1.1688039702559776, time_ll is 8.95651039307276[0m
[38;20m2026-09-28 18:39:25,416 - tpp_runner.py[pid:20348;line:116:_train_model] - INFO: [ Epoch 91 (valid) ]:  valid loglike is 7.3217765600511715, num_events is 52959, mark_ll is -1.1799317743148001, time_ll is 8.501708426565834[0m
[38;20m2026-09-28 18:39:25,647 - tpp_runner.py[pid:20348;line:136:_train_model] - INFO: [ Epoch 91 (test) ]: test loglike is 7.094444525335292, num_events is 112141, mark_ll is -1.232329540419539, time_ll is 8.326774196380004[0m
[31;1m2026-09-28 18:39:25,647 - tpp_runner.py[pid:20348;line:140:_train_model] - CRITICAL: current best loglike on valid set is 7.3235 (updated at epoch-87)[0m
[38;20m2026-09-28 18:39:26,512 - tpp_runner.py[pid:20348;line:104:_train_model] - INFO: [ Epoch 92 (train) ]: train loglike is 7.7890515127468865, num_events is 242824, mark_ll is -1.1693840626338419, time_ll is 8.958435671901254[0m
[38;20m2026-09-28 18:39:26,605 - tpp_runner.py[pid:20348;line:116:_train_model] - INFO: [ Epoch 92 (valid) ]:  valid loglike is 7.325959040838195, num_events is 52959, mark_ll is -1.1805092220514926, time_ll is 8.506468447289413[0m
[38;20m2026-09-28 18:39:26,857 - tpp_runner.py[pid:20348;line:136:_train_model] - INFO: [ Epoch 92 (test) ]: test loglike is 7.097844419915552, num_events is 112141, mark_ll is -1.2328481571888292, time_ll is 8.330692603229416[0m
[31;1m2026-09-28 18:39:26,857 - tpp_runner.py[pid:20348;line:140:_train_model] - CRITICAL: current best loglike on valid set is 7.3260 (updated at epoch-92), best updated at this epoch[0m
[38;20m2026-09-28 18:39:27,750 - tpp_runner.py[pid:20348;line:104:_train_model] - INFO: [ Epoch 93 (train) ]: train loglike is 7.789315737684496, num_events is 242824, mark_ll is -1.1699290336056156, time_ll is 8.959244706943094[0m
[38;20m2026-09-28 18:39:27,839 - tpp_runner.py[pid:20348;line:116:_train_model] - INFO: [ Epoch 93 (valid) ]:  valid loglike is 7.322642353636776, num_events is 52959, mark_ll is -1.1810417223553835, time_ll is 8.503684158972035[0m
[38;20m2026-09-28 18:39:28,061 - tpp_runner.py[pid:20348;line:136:_train_model] - INFO: [ Epoch 93 (test) ]: test loglike is 7.096022460005707, num_events is 112141, mark_ll is -1.2331736402860016, time_ll is 8.329196439917158[0m
[31;1m2026-09-28 18:39:28,061 - tpp_runner.py[pid:20348;line:140:_train_model] - CRITICAL: current best loglike on valid set is 7.3260 (updated at epoch-92)[0m
[38;20m2026-09-28 18:39:28,948 - tpp_runner.py[pid:20348;line:104:_train_model] - INFO: [ Epoch 94 (train) ]: train loglike is 7.789986844895892, num_events is 242824, mark_ll is -1.1700071267538423, time_ll is 8.959994027953373[0m
[38;20m2026-09-28 18:39:29,053 - tpp_runner.py[pid:20348;line:116:_train_model] - INFO: [ Epoch 94 (valid) ]:  valid loglike is 7.325889854061632, num_events is 52959, mark_ll is -1.1811077190167159, time_ll is 8.506997600738307[0m
[38;20m2026-09-28 18:39:29,314 - tpp_runner.py[pid:20348;line:136:_train_model] - INFO: [ Epoch 94 (test) ]: test loglike is 7.0980868950696, num_events is 112141, mark_ll is -1.233167396402743, time_ll is 8.331254186972204[0m
[31;1m2026-09-28 18:39:29,314 - tpp_runner.py[pid:20348;line:140:_train_model] - CRITICAL: current best loglike on valid set is 7.3260 (updated at epoch-92)[0m
[38;20m2026-09-28 18:39:30,287 - tpp_runner.py[pid:20348;line:104:_train_model] - INFO: [ Epoch 95 (train) ]: train loglike is 7.792653047448975, num_events is 242824, mark_ll is -1.1704493596699668, time_ll is 8.96310232668517[0m
[38;20m2026-09-28 18:39:30,412 - tpp_runner.py[pid:20348;line:116:_train_model] - INFO: [ Epoch 95 (valid) ]:  valid loglike is 7.32660923426613, num_events is 52959, mark_ll is -1.1816914916639523, time_ll is 8.508300864229875[0m
[38;20m2026-09-28 18:39:30,678 - tpp_runner.py[pid:20348;line:136:_train_model] - INFO: [ Epoch 95 (test) ]: test loglike is 7.097642525648514, num_events is 112141, mark_ll is -1.2336633801837642, time_ll is 8.331305984207383[0m
[31;1m2026-09-28 18:39:30,678 - tpp_runner.py[pid:20348;line:140:_train_model] - CRITICAL: current best loglike on valid set is 7.3266 (updated at epoch-95), best updated at this epoch[0m
[38;20m2026-09-28 18:39:31,473 - tpp_runner.py[pid:20348;line:104:_train_model] - INFO: [ Epoch 96 (train) ]: train loglike is 7.792574528001762, num_events is 242824, mark_ll is -1.1707764033826968, time_ll is 8.963350963557968[0m
[38;20m2026-09-28 18:39:31,588 - tpp_runner.py[pid:20348;line:116:_train_model] - INFO: [ Epoch 96 (valid) ]:  valid loglike is 7.327805472157707, num_events is 52959, mark_ll is -1.1818740197310655, time_ll is 8.509679657848524[0m
[38;20m2026-09-28 18:39:31,826 - tpp_runner.py[pid:20348;line:136:_train_model] - INFO: [ Epoch 96 (test) ]: test loglike is 7.098737930930703, num_events is 112141, mark_ll is -1.2337496015061395, time_ll is 8.332487288603186[0m
[31;1m2026-09-28 18:39:31,826 - tpp_runner.py[pid:20348;line:140:_train_model] - CRITICAL: current best loglike on valid set is 7.3278 (updated at epoch-96), best updated at this epoch[0m
[38;20m2026-09-28 18:39:32,731 - tpp_runner.py[pid:20348;line:104:_train_model] - INFO: [ Epoch 97 (train) ]: train loglike is 7.793180467771926, num_events is 242824, mark_ll is -1.1709345401980962, time_ll is 8.964115020035088[0m
[38;20m2026-09-28 18:39:32,826 - tpp_runner.py[pid:20348;line:116:_train_model] - INFO: [ Epoch 97 (valid) ]:  valid loglike is 7.327397284927963, num_events is 52959, mark_ll is -1.1819916298752338, time_ll is 8.509388896363225[0m
[38;20m2026-09-28 18:39:33,087 - tpp_runner.py[pid:20348;line:136:_train_model] - INFO: [ Epoch 97 (test) ]: test loglike is 7.098756375205099, num_events is 112141, mark_ll is -1.233831076780571, time_ll is 8.332587469402359[0m
[31;1m2026-09-28 18:39:33,087 - tpp_runner.py[pid:20348;line:140:_train_model] - CRITICAL: current best loglike on valid set is 7.3278 (updated at epoch-96)[0m
[38;20m2026-09-28 18:39:33,880 - tpp_runner.py[pid:20348;line:104:_train_model] - INFO: [ Epoch 98 (train) ]: train loglike is 7.793339260122558, num_events is 242824, mark_ll is -1.1710795140268775, time_ll is 8.964418754040993[0m
[38;20m2026-09-28 18:39:33,980 - tpp_runner.py[pid:20348;line:116:_train_model] - INFO: [ Epoch 98 (valid) ]:  valid loglike is 7.327706412625805, num_events is 52959, mark_ll is -1.1820132507429095, time_ll is 8.509719340669196[0m
[38;20m2026-09-28 18:39:34,217 - tpp_runner.py[pid:20348;line:136:_train_model] - INFO: [ Epoch 98 (test) ]: test loglike is 7.098951442129774, num_events is 112141, mark_ll is -1.2338574282320918, time_ll is 8.332809009695383[0m
[31;1m2026-09-28 18:39:34,217 - tpp_runner.py[pid:20348;line:140:_train_model] - CRITICAL: current best loglike on valid set is 7.3278 (updated at epoch-96)[0m
[38;20m2026-09-28 18:39:35,104 - tpp_runner.py[pid:20348;line:104:_train_model] - INFO: [ Epoch 99 (train) ]: train loglike is 7.793666673830635, num_events is 242824, mark_ll is -1.171105610763866, time_ll is 8.964772389158403[0m
[38;20m2026-09-28 18:39:35,215 - tpp_runner.py[pid:20348;line:116:_train_model] - INFO: [ Epoch 99 (valid) ]:  valid loglike is 7.327778180998508, num_events is 52959, mark_ll is -1.1820300126778498, time_ll is 8.509807926296759[0m
[38;20m2026-09-28 18:39:35,573 - tpp_runner.py[pid:20348;line:136:_train_model] - INFO: [ Epoch 99 (test) ]: test loglike is 7.098976435079498, num_events is 112141, mark_ll is -1.233875654797866, time_ll is 8.332852133419088[0m
[31;1m2026-09-28 18:39:35,578 - tpp_runner.py[pid:20348;line:140:_train_model] - CRITICAL: current best loglike on valid set is 7.3278 (updated at epoch-96)[0m
[38;20m2026-09-28 18:39:35,578 - base_runner.py[pid:20348;line:118:train] - INFO: End IntensityFree train! Cost time: 2.059m[0m
RESULT {"model": "IntensityFree", "dataset": "lob_msft", "seed": 2019, "ll_per_event": 7.098737930930703, "mark_ll": -1.2337496015061395, "time_ll": 8.332487288603186, "val_ll": 7.327805472157707, "best_epoch": 96, "n_params": 7184, "seconds": 124.2024998664856, "max_epoch": 100, "batch_size": 64}
