
=== Mon Sep 28 17:46:36 2026 attempt 1: D:\Quant\.venv\Scripts\python.exe -u -m infodiff.baselines.easytpp_runner THP lob_msft 6 2019 100 64
[31;1m2026-09-28 17:46:37,626 - config.py[pid:15508;line:33:build_from_yaml_file] - CRITICAL: Load pipeline config class RunnerConfig[0m
[31;1m2026-09-28 17:46:37,629 - runner_config.py[pid:15508;line:205:update_config] - CRITICAL: train model THP using GPU with torch backend[0m
[38;20m2026-09-28 17:46:37,639 - runner_config.py[pid:15508;line:45:__init__] - INFO: Save the config to D:\Quant\results\easytpp\checkpoints/lob_msft/THP/train_2026_09_28_17_46_37\THP_train_output.yaml[0m
[38;20m2026-09-28 17:46:37,639 - base_runner.py[pid:15508;line:193:save_log] - INFO: Save the log to D:\Quant\results\easytpp\checkpoints/lob_msft/THP/train_2026_09_28_17_46_37\log[0m
0.057202864041665524 0.2894569117098711
min_dt: 7.275957614183426e-12
max_dt: 12.213735631004965
[38;20m2026-09-28 17:46:42,714 - tpp_runner.py[pid:15508;line:62:_init_model] - INFO: Num of model parameters 51224[0m
[38;20m2026-09-28 17:46:43,434 - base_runner.py[pid:15508;line:103:train] - INFO: Data 'lob_msft' loaded...[0m
[38;20m2026-09-28 17:46:43,434 - base_runner.py[pid:15508;line:108:train] - INFO: Start THP training...[0m
[38;20m2026-09-28 17:46:44,643 - tpp_runner.py[pid:15508;line:104:_train_model] - INFO: [ Epoch 0 (train) ]: train loglike is 0.45391546910517544, num_events is 242824, mark_ll is -1.5128613599767733, time_ll is 1.9667768309042764[0m
[38;20m2026-09-28 17:46:45,165 - tpp_runner.py[pid:15508;line:116:_train_model] - INFO: [ Epoch 0 (valid) ]:  valid loglike is 0.4345438004296366, num_events is 52959, mark_ll is -1.435203209233794, time_ll is 1.8697470050534375[0m
[38;20m2026-09-28 17:46:45,388 - tpp_runner.py[pid:15508;line:136:_train_model] - INFO: [ Epoch 0 (test) ]: test loglike is 1.0507007652997955, num_events is 112141, mark_ll is -1.4757579534358531, time_ll is 2.52645871220439[0m
[31;1m2026-09-28 17:46:45,389 - tpp_runner.py[pid:15508;line:140:_train_model] - CRITICAL: current best loglike on valid set is 0.4345 (updated at epoch-0), best updated at this epoch[0m
[38;20m2026-09-28 17:46:46,226 - tpp_runner.py[pid:15508;line:104:_train_model] - INFO: [ Epoch 1 (train) ]: train loglike is 0.9913515417641738, num_events is 242824, mark_ll is -1.3913931505560613, time_ll is 2.382744714439522[0m
[38;20m2026-09-28 17:46:46,316 - tpp_runner.py[pid:15508;line:116:_train_model] - INFO: [ Epoch 1 (valid) ]:  valid loglike is 0.9037643746961093, num_events is 52959, mark_ll is -1.3545835391234258, time_ll is 2.258347867719604[0m
[38;20m2026-09-28 17:46:46,531 - tpp_runner.py[pid:15508;line:136:_train_model] - INFO: [ Epoch 1 (test) ]: test loglike is 1.3682626017761679, num_events is 112141, mark_ll is -1.4007320443682507, time_ll is 2.768994659206936[0m
[31;1m2026-09-28 17:46:46,531 - tpp_runner.py[pid:15508;line:140:_train_model] - CRITICAL: current best loglike on valid set is 0.9038 (updated at epoch-1), best updated at this epoch[0m
[38;20m2026-09-28 17:46:47,361 - tpp_runner.py[pid:15508;line:104:_train_model] - INFO: [ Epoch 2 (train) ]: train loglike is 1.158541467646706, num_events is 242824, mark_ll is -1.347983703924962, time_ll is 2.506525149452381[0m
[38;20m2026-09-28 17:46:47,447 - tpp_runner.py[pid:15508;line:116:_train_model] - INFO: [ Epoch 2 (valid) ]:  valid loglike is 0.9474289847157706, num_events is 52959, mark_ll is -1.3025924794121395, time_ll is 2.2500214272479653[0m
[38;20m2026-09-28 17:46:47,634 - tpp_runner.py[pid:15508;line:136:_train_model] - INFO: [ Epoch 2 (test) ]: test loglike is 1.3887416419047784, num_events is 112141, mark_ll is -1.3319363987078767, time_ll is 2.720678114633586[0m
[31;1m2026-09-28 17:46:47,634 - tpp_runner.py[pid:15508;line:140:_train_model] - CRITICAL: current best loglike on valid set is 0.9474 (updated at epoch-2), best updated at this epoch[0m
[38;20m2026-09-28 17:46:48,465 - tpp_runner.py[pid:15508;line:104:_train_model] - INFO: [ Epoch 3 (train) ]: train loglike is 1.2417880880126912, num_events is 242824, mark_ll is -1.3264215937070163, time_ll is 2.5682096877522405[0m
[38;20m2026-09-28 17:46:48,551 - tpp_runner.py[pid:15508;line:116:_train_model] - INFO: [ Epoch 3 (valid) ]:  valid loglike is 0.9881586518432891, num_events is 52959, mark_ll is -1.3034100985697663, time_ll is 2.291568658213193[0m
[38;20m2026-09-28 17:46:48,742 - tpp_runner.py[pid:15508;line:136:_train_model] - INFO: [ Epoch 3 (test) ]: test loglike is 1.454002979682108, num_events is 112141, mark_ll is -1.3325101480084225, time_ll is 2.7865132017114616[0m
[31;1m2026-09-28 17:46:48,742 - tpp_runner.py[pid:15508;line:140:_train_model] - CRITICAL: current best loglike on valid set is 0.9882 (updated at epoch-3), best updated at this epoch[0m
[38;20m2026-09-28 17:46:49,579 - tpp_runner.py[pid:15508;line:104:_train_model] - INFO: [ Epoch 4 (train) ]: train loglike is 1.2645970684721752, num_events is 242824, mark_ll is -1.3151948409972347, time_ll is 2.5797919335995414[0m
[38;20m2026-09-28 17:46:49,671 - tpp_runner.py[pid:15508;line:116:_train_model] - INFO: [ Epoch 4 (valid) ]:  valid loglike is 0.9662856728642676, num_events is 52959, mark_ll is -1.3273132355336204, time_ll is 2.2935989729377915[0m
[38;20m2026-09-28 17:46:49,856 - tpp_runner.py[pid:15508;line:136:_train_model] - INFO: [ Epoch 4 (test) ]: test loglike is 1.4752911164850502, num_events is 112141, mark_ll is -1.3786714294810773, time_ll is 2.8539625546744722[0m
[31;1m2026-09-28 17:46:49,858 - tpp_runner.py[pid:15508;line:140:_train_model] - CRITICAL: current best loglike on valid set is 0.9882 (updated at epoch-3)[0m
[38;20m2026-09-28 17:46:50,691 - tpp_runner.py[pid:15508;line:104:_train_model] - INFO: [ Epoch 5 (train) ]: train loglike is 1.3050349175869147, num_events is 242824, mark_ll is -1.3274360525782047, time_ll is 2.632470929948234[0m
[38;20m2026-09-28 17:46:50,778 - tpp_runner.py[pid:15508;line:116:_train_model] - INFO: [ Epoch 5 (valid) ]:  valid loglike is 0.9631696402228611, num_events is 52959, mark_ll is -1.3130663653132613, time_ll is 2.276236042416067[0m
[38;20m2026-09-28 17:46:50,960 - tpp_runner.py[pid:15508;line:136:_train_model] - INFO: [ Epoch 5 (test) ]: test loglike is 1.4687928668275319, num_events is 112141, mark_ll is -1.357284474734932, time_ll is 2.8260773372082912[0m
[31;1m2026-09-28 17:46:50,960 - tpp_runner.py[pid:15508;line:140:_train_model] - CRITICAL: current best loglike on valid set is 0.9882 (updated at epoch-3)[0m
[38;20m2026-09-28 17:46:51,794 - tpp_runner.py[pid:15508;line:104:_train_model] - INFO: [ Epoch 6 (train) ]: train loglike is 1.2969985623589513, num_events is 242824, mark_ll is -1.3110480739136166, time_ll is 2.608046660402699[0m
[38;20m2026-09-28 17:46:51,884 - tpp_runner.py[pid:15508;line:116:_train_model] - INFO: [ Epoch 6 (valid) ]:  valid loglike is 0.9618681746286042, num_events is 52959, mark_ll is -1.2971199104938491, time_ll is 2.2589881035624257[0m
[38;20m2026-09-28 17:46:52,067 - tpp_runner.py[pid:15508;line:136:_train_model] - INFO: [ Epoch 6 (test) ]: test loglike is 1.4815429765875103, num_events is 112141, mark_ll is -1.3432891543904548, time_ll is 2.8248321832280343[0m
[31;1m2026-09-28 17:46:52,067 - tpp_runner.py[pid:15508;line:140:_train_model] - CRITICAL: current best loglike on valid set is 0.9882 (updated at epoch-3)[0m
[38;20m2026-09-28 17:46:52,889 - tpp_runner.py[pid:15508;line:104:_train_model] - INFO: [ Epoch 7 (train) ]: train loglike is 1.303332729865561, num_events is 242824, mark_ll is -1.3096432538651965, time_ll is 2.612975963622315[0m
[38;20m2026-09-28 17:46:52,975 - tpp_runner.py[pid:15508;line:116:_train_model] - INFO: [ Epoch 7 (valid) ]:  valid loglike is 1.0278181920506901, num_events is 52959, mark_ll is -1.2910161597592005, time_ll is 2.3188343886898357[0m
[38;20m2026-09-28 17:46:53,164 - tpp_runner.py[pid:15508;line:136:_train_model] - INFO: [ Epoch 7 (test) ]: test loglike is 1.5510634395607428, num_events is 112141, mark_ll is -1.3360115122228935, time_ll is 2.8870750258045677[0m
[31;1m2026-09-28 17:46:53,164 - tpp_runner.py[pid:15508;line:140:_train_model] - CRITICAL: current best loglike on valid set is 1.0278 (updated at epoch-7), best updated at this epoch[0m
[38;20m2026-09-28 17:46:53,969 - tpp_runner.py[pid:15508;line:104:_train_model] - INFO: [ Epoch 8 (train) ]: train loglike is 1.3357851383293557, num_events is 242824, mark_ll is -1.3095177208788567, time_ll is 2.645302871273278[0m
[38;20m2026-09-28 17:46:54,059 - tpp_runner.py[pid:15508;line:116:_train_model] - INFO: [ Epoch 8 (valid) ]:  valid loglike is 0.9929639058192422, num_events is 52959, mark_ll is -1.3172216840208935, time_ll is 2.310185599060122[0m
[38;20m2026-09-28 17:46:54,242 - tpp_runner.py[pid:15508;line:136:_train_model] - INFO: [ Epoch 8 (test) ]: test loglike is 1.5503192461805897, num_events is 112141, mark_ll is -1.3704234251550504, time_ll is 2.9207426887523296[0m
[31;1m2026-09-28 17:46:54,242 - tpp_runner.py[pid:15508;line:140:_train_model] - CRITICAL: current best loglike on valid set is 1.0278 (updated at epoch-7)[0m
[38;20m2026-09-28 17:46:55,083 - tpp_runner.py[pid:15508;line:104:_train_model] - INFO: [ Epoch 9 (train) ]: train loglike is 1.3491351797141398, num_events is 242824, mark_ll is -1.315300639557869, time_ll is 2.6644357971527217[0m
[38;20m2026-09-28 17:46:55,169 - tpp_runner.py[pid:15508;line:116:_train_model] - INFO: [ Epoch 9 (valid) ]:  valid loglike is 1.0648273550205112, num_events is 52959, mark_ll is -1.293893901856861, time_ll is 2.3587212476573858[0m
[38;20m2026-09-28 17:46:55,356 - tpp_runner.py[pid:15508;line:136:_train_model] - INFO: [ Epoch 9 (test) ]: test loglike is 1.6061057480092027, num_events is 112141, mark_ll is -1.3390913315881345, time_ll is 2.945197097014027[0m
[31;1m2026-09-28 17:46:55,356 - tpp_runner.py[pid:15508;line:140:_train_model] - CRITICAL: current best loglike on valid set is 1.0648 (updated at epoch-9), best updated at this epoch[0m
[38;20m2026-09-28 17:46:56,163 - tpp_runner.py[pid:15508;line:104:_train_model] - INFO: [ Epoch 10 (train) ]: train loglike is 1.3287152773041122, num_events is 242824, mark_ll is -1.3131892088315509, time_ll is 2.641904500211573[0m
[38;20m2026-09-28 17:46:56,253 - tpp_runner.py[pid:15508;line:116:_train_model] - INFO: [ Epoch 10 (valid) ]:  valid loglike is 0.9010924780107017, num_events is 52959, mark_ll is -1.3314456517954927, time_ll is 2.2325381390261807[0m
[38;20m2026-09-28 17:46:56,436 - tpp_runner.py[pid:15508;line:136:_train_model] - INFO: [ Epoch 10 (test) ]: test loglike is 1.4755821667866793, num_events is 112141, mark_ll is -1.3642918534200248, time_ll is 2.839874072456773[0m
[31;1m2026-09-28 17:46:56,436 - tpp_runner.py[pid:15508;line:140:_train_model] - CRITICAL: current best loglike on valid set is 1.0648 (updated at epoch-9)[0m
[38;20m2026-09-28 17:46:57,291 - tpp_runner.py[pid:15508;line:104:_train_model] - INFO: [ Epoch 11 (train) ]: train loglike is 1.3394972915858039, num_events is 242824, mark_ll is -1.3120373610361826, time_ll is 2.651534634524388[0m
[38;20m2026-09-28 17:46:57,376 - tpp_runner.py[pid:15508;line:116:_train_model] - INFO: [ Epoch 11 (valid) ]:  valid loglike is 1.0025626675087096, num_events is 52959, mark_ll is -1.3036305853201298, time_ll is 2.3061933081487567[0m
[38;20m2026-09-28 17:46:57,563 - tpp_runner.py[pid:15508;line:136:_train_model] - INFO: [ Epoch 11 (test) ]: test loglike is 1.5464036869599433, num_events is 112141, mark_ll is -1.3412702117200668, time_ll is 2.88767389868001[0m
[31;1m2026-09-28 17:46:57,563 - tpp_runner.py[pid:15508;line:140:_train_model] - CRITICAL: current best loglike on valid set is 1.0648 (updated at epoch-9)[0m
[38;20m2026-09-28 17:46:58,411 - tpp_runner.py[pid:15508;line:104:_train_model] - INFO: [ Epoch 12 (train) ]: train loglike is 1.3798596274655204, num_events is 242824, mark_ll is -1.3044425389505363, time_ll is 2.684302162394368[0m
[38;20m2026-09-28 17:46:58,504 - tpp_runner.py[pid:15508;line:116:_train_model] - INFO: [ Epoch 12 (valid) ]:  valid loglike is 1.0278464881883862, num_events is 52959, mark_ll is -1.3109549331499368, time_ll is 2.3388013567984194[0m
[38;20m2026-09-28 17:46:58,690 - tpp_runner.py[pid:15508;line:136:_train_model] - INFO: [ Epoch 12 (test) ]: test loglike is 1.5589591347332823, num_events is 112141, mark_ll is -1.345369813100806, time_ll is 2.904328869458985[0m
[31;1m2026-09-28 17:46:58,690 - tpp_runner.py[pid:15508;line:140:_train_model] - CRITICAL: current best loglike on valid set is 1.0648 (updated at epoch-9)[0m
[38;20m2026-09-28 17:46:59,554 - tpp_runner.py[pid:15508;line:104:_train_model] - INFO: [ Epoch 13 (train) ]: train loglike is 1.4061685024924173, num_events is 242824, mark_ll is -1.2930850692978761, time_ll is 2.6992535778228266[0m
[38;20m2026-09-28 17:46:59,644 - tpp_runner.py[pid:15508;line:116:_train_model] - INFO: [ Epoch 13 (valid) ]:  valid loglike is 1.043674244905257, num_events is 52959, mark_ll is -1.2974744650637757, time_ll is 2.341148728409005[0m
[38;20m2026-09-28 17:46:59,831 - tpp_runner.py[pid:15508;line:136:_train_model] - INFO: [ Epoch 13 (test) ]: test loglike is 1.6231083863938591, num_events is 112141, mark_ll is -1.3300165047518302, time_ll is 2.9531248780831723[0m
[31;1m2026-09-28 17:46:59,831 - tpp_runner.py[pid:15508;line:140:_train_model] - CRITICAL: current best loglike on valid set is 1.0648 (updated at epoch-9)[0m
[38;20m2026-09-28 17:47:00,679 - tpp_runner.py[pid:15508;line:104:_train_model] - INFO: [ Epoch 14 (train) ]: train loglike is 1.4195630177200103, num_events is 242824, mark_ll is -1.2912836544549757, time_ll is 2.7108467144027157[0m
[38;20m2026-09-28 17:47:00,772 - tpp_runner.py[pid:15508;line:116:_train_model] - INFO: [ Epoch 14 (valid) ]:  valid loglike is 1.061924110440978, num_events is 52959, mark_ll is -1.3035928755765074, time_ll is 2.3655170228974303[0m
[38;20m2026-09-28 17:47:00,959 - tpp_runner.py[pid:15508;line:136:_train_model] - INFO: [ Epoch 14 (test) ]: test loglike is 1.6259676712799065, num_events is 112141, mark_ll is -1.3364128101703436, time_ll is 2.962380420491836[0m
[31;1m2026-09-28 17:47:00,959 - tpp_runner.py[pid:15508;line:140:_train_model] - CRITICAL: current best loglike on valid set is 1.0648 (updated at epoch-9)[0m
[38;20m2026-09-28 17:47:01,815 - tpp_runner.py[pid:15508;line:104:_train_model] - INFO: [ Epoch 15 (train) ]: train loglike is 1.4439564952071768, num_events is 242824, mark_ll is -1.2903668984853742, time_ll is 2.734323409779305[0m
[38;20m2026-09-28 17:47:01,905 - tpp_runner.py[pid:15508;line:116:_train_model] - INFO: [ Epoch 15 (valid) ]:  valid loglike is 1.1125481688959855, num_events is 52959, mark_ll is -1.289623812760815, time_ll is 2.4021720185367452[0m
[38;20m2026-09-28 17:47:02,101 - tpp_runner.py[pid:15508;line:136:_train_model] - INFO: [ Epoch 15 (test) ]: test loglike is 1.6449118220867034, num_events is 112141, mark_ll is -1.3257067884265121, time_ll is 2.970618601804871[0m
[31;1m2026-09-28 17:47:02,101 - tpp_runner.py[pid:15508;line:140:_train_model] - CRITICAL: current best loglike on valid set is 1.1125 (updated at epoch-15), best updated at this epoch[0m
[38;20m2026-09-28 17:47:02,935 - tpp_runner.py[pid:15508;line:104:_train_model] - INFO: [ Epoch 16 (train) ]: train loglike is 1.3539038285413252, num_events is 242824, mark_ll is -1.3088633881303948, time_ll is 2.662767210639187[0m
[38;20m2026-09-28 17:47:03,026 - tpp_runner.py[pid:15508;line:116:_train_model] - INFO: [ Epoch 16 (valid) ]:  valid loglike is 1.0457484098842973, num_events is 52959, mark_ll is -1.3138141707352622, time_ll is 2.3595625898395456[0m
[38;20m2026-09-28 17:47:03,229 - tpp_runner.py[pid:15508;line:136:_train_model] - INFO: [ Epoch 16 (test) ]: test loglike is 1.598357563490104, num_events is 112141, mark_ll is -1.3522918151729741, time_ll is 2.950649356892216[0m
[31;1m2026-09-28 17:47:03,229 - tpp_runner.py[pid:15508;line:140:_train_model] - CRITICAL: current best loglike on valid set is 1.1125 (updated at epoch-15)[0m
[38;20m2026-09-28 17:47:04,071 - tpp_runner.py[pid:15508;line:104:_train_model] - INFO: [ Epoch 17 (train) ]: train loglike is 1.4124587933769674, num_events is 242824, mark_ll is -1.3002891923844533, time_ll is 2.712747951577068[0m
[38;20m2026-09-28 17:47:04,159 - tpp_runner.py[pid:15508;line:116:_train_model] - INFO: [ Epoch 17 (valid) ]:  valid loglike is 1.073042915937919, num_events is 52959, mark_ll is -1.285631023970194, time_ll is 2.3586739306881266[0m
[38;20m2026-09-28 17:47:04,343 - tpp_runner.py[pid:15508;line:136:_train_model] - INFO: [ Epoch 17 (test) ]: test loglike is 1.610709275181468, num_events is 112141, mark_ll is -1.3254182809615795, time_ll is 2.936127599684772[0m
[31;1m2026-09-28 17:47:04,343 - tpp_runner.py[pid:15508;line:140:_train_model] - CRITICAL: current best loglike on valid set is 1.1125 (updated at epoch-15)[0m
[38;20m2026-09-28 17:47:05,201 - tpp_runner.py[pid:15508;line:104:_train_model] - INFO: [ Epoch 18 (train) ]: train loglike is 1.4177823547900177, num_events is 242824, mark_ll is -1.3028305898768244, time_ll is 2.720612974829506[0m
[38;20m2026-09-28 17:47:05,288 - tpp_runner.py[pid:15508;line:116:_train_model] - INFO: [ Epoch 18 (valid) ]:  valid loglike is 1.0743728436296238, num_events is 52959, mark_ll is -1.2948892731287411, time_ll is 2.369262199738241[0m
[38;20m2026-09-28 17:47:05,475 - tpp_runner.py[pid:15508;line:136:_train_model] - INFO: [ Epoch 18 (test) ]: test loglike is 1.6174321957819844, num_events is 112141, mark_ll is -1.3301344157411206, time_ll is 2.9475666376481393[0m
[31;1m2026-09-28 17:47:05,475 - tpp_runner.py[pid:15508;line:140:_train_model] - CRITICAL: current best loglike on valid set is 1.1125 (updated at epoch-15)[0m
[38;20m2026-09-28 17:47:06,379 - tpp_runner.py[pid:15508;line:104:_train_model] - INFO: [ Epoch 19 (train) ]: train loglike is 1.4460900592964194, num_events is 242824, mark_ll is -1.2954858926887376, time_ll is 2.7415759700827556[0m
[38;20m2026-09-28 17:47:06,469 - tpp_runner.py[pid:15508;line:116:_train_model] - INFO: [ Epoch 19 (valid) ]:  valid loglike is 1.097131817184048, num_events is 52959, mark_ll is -1.2960689611450604, time_ll is 2.3932008428690117[0m
[38;20m2026-09-28 17:47:06,659 - tpp_runner.py[pid:15508;line:136:_train_model] - INFO: [ Epoch 19 (test) ]: test loglike is 1.6357795985494823, num_events is 112141, mark_ll is -1.3312189443005904, time_ll is 2.9669985080166934[0m
[31;1m2026-09-28 17:47:06,661 - tpp_runner.py[pid:15508;line:140:_train_model] - CRITICAL: current best loglike on valid set is 1.1125 (updated at epoch-15)[0m
[38;20m2026-09-28 17:47:07,503 - tpp_runner.py[pid:15508;line:104:_train_model] - INFO: [ Epoch 20 (train) ]: train loglike is 1.4682187510295523, num_events is 242824, mark_ll is -1.2931414453279433, time_ll is 2.761360200379184[0m
[38;20m2026-09-28 17:47:07,597 - tpp_runner.py[pid:15508;line:116:_train_model] - INFO: [ Epoch 20 (valid) ]:  valid loglike is 1.146304677468655, num_events is 52959, mark_ll is -1.2961239491428511, time_ll is 2.4424285989515475[0m
[38;20m2026-09-28 17:47:07,791 - tpp_runner.py[pid:15508;line:136:_train_model] - INFO: [ Epoch 20 (test) ]: test loglike is 1.6713687490803988, num_events is 112141, mark_ll is -1.3325183948109969, time_ll is 3.0038871613080853[0m
[31;1m2026-09-28 17:47:07,791 - tpp_runner.py[pid:15508;line:140:_train_model] - CRITICAL: current best loglike on valid set is 1.1463 (updated at epoch-20), best updated at this epoch[0m
[38;20m2026-09-28 17:47:08,651 - tpp_runner.py[pid:15508;line:104:_train_model] - INFO: [ Epoch 21 (train) ]: train loglike is 1.4477189899500256, num_events is 242824, mark_ll is -1.29584159897575, time_ll is 2.74356057686071[0m
[38;20m2026-09-28 17:47:08,739 - tpp_runner.py[pid:15508;line:116:_train_model] - INFO: [ Epoch 21 (valid) ]:  valid loglike is 1.1345491950435715, num_events is 52959, mark_ll is -1.2737436588622804, time_ll is 2.4082929276657414[0m
[38;20m2026-09-28 17:47:08,963 - tpp_runner.py[pid:15508;line:136:_train_model] - INFO: [ Epoch 21 (test) ]: test loglike is 1.6562391058605908, num_events is 112141, mark_ll is -1.3140215045957768, time_ll is 2.970260636581402[0m
[31;1m2026-09-28 17:47:08,963 - tpp_runner.py[pid:15508;line:140:_train_model] - CRITICAL: current best loglike on valid set is 1.1463 (updated at epoch-20)[0m
[38;20m2026-09-28 17:47:09,837 - tpp_runner.py[pid:15508;line:104:_train_model] - INFO: [ Epoch 22 (train) ]: train loglike is 1.4949637319300708, num_events is 242824, mark_ll is -1.2821213631709591, time_ll is 2.7770850830359644[0m
[38;20m2026-09-28 17:47:09,916 - tpp_runner.py[pid:15508;line:116:_train_model] - INFO: [ Epoch 22 (valid) ]:  valid loglike is 1.1496148000398894, num_events is 52959, mark_ll is -1.2842357357962055, time_ll is 2.4338505450560812[0m
[38;20m2026-09-28 17:47:10,121 - tpp_runner.py[pid:15508;line:136:_train_model] - INFO: [ Epoch 22 (test) ]: test loglike is 1.6947635433572468, num_events is 112141, mark_ll is -1.3217252025352013, time_ll is 3.0164888329758965[0m
[31;1m2026-09-28 17:47:10,121 - tpp_runner.py[pid:15508;line:140:_train_model] - CRITICAL: current best loglike on valid set is 1.1496 (updated at epoch-22), best updated at this epoch[0m
[38;20m2026-09-28 17:47:10,966 - tpp_runner.py[pid:15508;line:104:_train_model] - INFO: [ Epoch 23 (train) ]: train loglike is 1.521502191080268, num_events is 242824, mark_ll is -1.284517750639352, time_ll is 2.806019917589489[0m
[38;20m2026-09-28 17:47:11,061 - tpp_runner.py[pid:15508;line:116:_train_model] - INFO: [ Epoch 23 (valid) ]:  valid loglike is 1.1484200465660936, num_events is 52959, mark_ll is -1.2876275658852838, time_ll is 2.4360476677712946[0m
[38;20m2026-09-28 17:47:11,234 - tpp_runner.py[pid:15508;line:136:_train_model] - INFO: [ Epoch 23 (test) ]: test loglike is 1.6757680133158257, num_events is 112141, mark_ll is -1.3230944243045586, time_ll is 2.998862463745419[0m
[31;1m2026-09-28 17:47:11,234 - tpp_runner.py[pid:15508;line:140:_train_model] - CRITICAL: current best loglike on valid set is 1.1496 (updated at epoch-22)[0m
[38;20m2026-09-28 17:47:12,094 - tpp_runner.py[pid:15508;line:104:_train_model] - INFO: [ Epoch 24 (train) ]: train loglike is 1.5042588897494944, num_events is 242824, mark_ll is -1.2804851794020566, time_ll is 2.7847440671407067[0m
[38;20m2026-09-28 17:47:12,172 - tpp_runner.py[pid:15508;line:116:_train_model] - INFO: [ Epoch 24 (valid) ]:  valid loglike is 1.1287475924771992, num_events is 52959, mark_ll is -1.2869406308122793, time_ll is 2.4156883154893407[0m
[38;20m2026-09-28 17:47:12,377 - tpp_runner.py[pid:15508;line:136:_train_model] - INFO: [ Epoch 24 (test) ]: test loglike is 1.6666588407674268, num_events is 112141, mark_ll is -1.3209590771885393, time_ll is 2.987617917955966[0m
[31;1m2026-09-28 17:47:12,377 - tpp_runner.py[pid:15508;line:140:_train_model] - CRITICAL: current best loglike on valid set is 1.1496 (updated at epoch-22)[0m
[38;20m2026-09-28 17:47:13,229 - tpp_runner.py[pid:15508;line:104:_train_model] - INFO: [ Epoch 25 (train) ]: train loglike is 1.4999745085271379, num_events is 242824, mark_ll is -1.2873752810034222, time_ll is 2.787349767411273[0m
[38;20m2026-09-28 17:47:13,581 - tpp_runner.py[pid:15508;line:116:_train_model] - INFO: [ Epoch 25 (valid) ]:  valid loglike is 1.1487394453285797, num_events is 52959, mark_ll is -1.2953204089041759, time_ll is 2.444059835792783[0m
[38;20m2026-09-28 17:47:13,765 - tpp_runner.py[pid:15508;line:136:_train_model] - INFO: [ Epoch 25 (test) ]: test loglike is 1.6806873224890986, num_events is 112141, mark_ll is -1.3321554397059283, time_ll is 3.012842736069992[0m
[31;1m2026-09-28 17:47:13,765 - tpp_runner.py[pid:15508;line:140:_train_model] - CRITICAL: current best loglike on valid set is 1.1496 (updated at epoch-22)[0m
[38;20m2026-09-28 17:47:14,649 - tpp_runner.py[pid:15508;line:104:_train_model] - INFO: [ Epoch 26 (train) ]: train loglike is 1.5189896290947869, num_events is 242824, mark_ll is -1.283074085101246, time_ll is 2.802063734304476[0m
[38;20m2026-09-28 17:47:14,749 - tpp_runner.py[pid:15508;line:116:_train_model] - INFO: [ Epoch 26 (valid) ]:  valid loglike is 1.163272301081379, num_events is 52959, mark_ll is -1.2831134053141344, time_ll is 2.4463857063955134[0m
[38;20m2026-09-28 17:47:14,940 - tpp_runner.py[pid:15508;line:136:_train_model] - INFO: [ Epoch 26 (test) ]: test loglike is 1.6874276423626282, num_events is 112141, mark_ll is -1.3182948200396154, time_ll is 3.0057224275688643[0m
[31;1m2026-09-28 17:47:14,942 - tpp_runner.py[pid:15508;line:140:_train_model] - CRITICAL: current best loglike on valid set is 1.1633 (updated at epoch-26), best updated at this epoch[0m
[38;20m2026-09-28 17:47:15,786 - tpp_runner.py[pid:15508;line:104:_train_model] - INFO: [ Epoch 27 (train) ]: train loglike is 1.5289379553838376, num_events is 242824, mark_ll is -1.2820808165070174, time_ll is 2.811018763847478[0m
[38;20m2026-09-28 17:47:15,874 - tpp_runner.py[pid:15508;line:116:_train_model] - INFO: [ Epoch 27 (valid) ]:  valid loglike is 1.1752462326398723, num_events is 52959, mark_ll is -1.2778716771907277, time_ll is 2.4531179190505865[0m
[38;20m2026-09-28 17:47:16,070 - tpp_runner.py[pid:15508;line:136:_train_model] - INFO: [ Epoch 27 (test) ]: test loglike is 1.6912631631857438, num_events is 112141, mark_ll is -1.3123692093686743, time_ll is 3.003632372554418[0m
[31;1m2026-09-28 17:47:16,070 - tpp_runner.py[pid:15508;line:140:_train_model] - CRITICAL: current best loglike on valid set is 1.1752 (updated at epoch-27), best updated at this epoch[0m
[38;20m2026-09-28 17:47:16,928 - tpp_runner.py[pid:15508;line:104:_train_model] - INFO: [ Epoch 28 (train) ]: train loglike is 1.5288564317352795, num_events is 242824, mark_ll is -1.2881635440239123, time_ll is 2.817019999889323[0m
[38;20m2026-09-28 17:47:17,022 - tpp_runner.py[pid:15508;line:116:_train_model] - INFO: [ Epoch 28 (valid) ]:  valid loglike is 1.1629161791137956, num_events is 52959, mark_ll is -1.2819923748501199, time_ll is 2.4449085170839706[0m
[38;20m2026-09-28 17:47:17,217 - tpp_runner.py[pid:15508;line:136:_train_model] - INFO: [ Epoch 28 (test) ]: test loglike is 1.659614556116853, num_events is 112141, mark_ll is -1.3193860627329657, time_ll is 2.9790006275581633[0m
[31;1m2026-09-28 17:47:17,217 - tpp_runner.py[pid:15508;line:140:_train_model] - CRITICAL: current best loglike on valid set is 1.1752 (updated at epoch-27)[0m
[38;20m2026-09-28 17:47:18,060 - tpp_runner.py[pid:15508;line:104:_train_model] - INFO: [ Epoch 29 (train) ]: train loglike is 1.5256621593565454, num_events is 242824, mark_ll is -1.2853314588832858, time_ll is 2.810993644380807[0m
[38;20m2026-09-28 17:47:18,151 - tpp_runner.py[pid:15508;line:116:_train_model] - INFO: [ Epoch 29 (valid) ]:  valid loglike is 1.1703543292334637, num_events is 52959, mark_ll is -1.2955745301642545, time_ll is 2.4659288501777317[0m
[38;20m2026-09-28 17:47:18,340 - tpp_runner.py[pid:15508;line:136:_train_model] - INFO: [ Epoch 29 (test) ]: test loglike is 1.6948417268773242, num_events is 112141, mark_ll is -1.3297187838580449, time_ll is 3.0245604933186794[0m
[31;1m2026-09-28 17:47:18,340 - tpp_runner.py[pid:15508;line:140:_train_model] - CRITICAL: current best loglike on valid set is 1.1752 (updated at epoch-27)[0m
[38;20m2026-09-28 17:47:19,207 - tpp_runner.py[pid:15508;line:104:_train_model] - INFO: [ Epoch 30 (train) ]: train loglike is 1.5283404088776749, num_events is 242824, mark_ll is -1.293244670007907, time_ll is 2.821585050733762[0m
[38;20m2026-09-28 17:47:19,313 - tpp_runner.py[pid:15508;line:116:_train_model] - INFO: [ Epoch 30 (valid) ]:  valid loglike is 1.1715636134055354, num_events is 52959, mark_ll is -1.2899291233843633, time_ll is 2.4614926906899677[0m
[38;20m2026-09-28 17:47:19,516 - tpp_runner.py[pid:15508;line:136:_train_model] - INFO: [ Epoch 30 (test) ]: test loglike is 1.706832995821109, num_events is 112141, mark_ll is -1.3231242329689854, time_ll is 3.0299572462067843[0m
[31;1m2026-09-28 17:47:19,516 - tpp_runner.py[pid:15508;line:140:_train_model] - CRITICAL: current best loglike on valid set is 1.1752 (updated at epoch-27)[0m
[38;20m2026-09-28 17:47:20,377 - tpp_runner.py[pid:15508;line:104:_train_model] - INFO: [ Epoch 31 (train) ]: train loglike is 1.5529822819363253, num_events is 242824, mark_ll is -1.2825031782600258, time_ll is 2.835485438077064[0m
[38;20m2026-09-28 17:47:20,465 - tpp_runner.py[pid:15508;line:116:_train_model] - INFO: [ Epoch 31 (valid) ]:  valid loglike is 1.2030651346295012, num_events is 52959, mark_ll is -1.2780712898922988, time_ll is 2.481136387641855[0m
[38;20m2026-09-28 17:47:20,658 - tpp_runner.py[pid:15508;line:136:_train_model] - INFO: [ Epoch 31 (test) ]: test loglike is 1.7114688657861532, num_events is 112141, mark_ll is -1.3122580734716784, time_ll is 3.0237269131327973[0m
[31;1m2026-09-28 17:47:20,658 - tpp_runner.py[pid:15508;line:140:_train_model] - CRITICAL: current best loglike on valid set is 1.2031 (updated at epoch-31), best updated at this epoch[0m
[38;20m2026-09-28 17:47:21,558 - tpp_runner.py[pid:15508;line:104:_train_model] - INFO: [ Epoch 32 (train) ]: train loglike is 1.5694858017020559, num_events is 242824, mark_ll is -1.2798029924387107, time_ll is 2.8492887418588153[0m
[38;20m2026-09-28 17:47:21,646 - tpp_runner.py[pid:15508;line:116:_train_model] - INFO: [ Epoch 32 (valid) ]:  valid loglike is 1.2160899048969487, num_events is 52959, mark_ll is -1.2803386135825592, time_ll is 2.4964285092595215[0m
[38;20m2026-09-28 17:47:21,837 - tpp_runner.py[pid:15508;line:136:_train_model] - INFO: [ Epoch 32 (test) ]: test loglike is 1.7309688441197912, num_events is 112141, mark_ll is -1.3116567100096084, time_ll is 3.042625588962779[0m
[31;1m2026-09-28 17:47:21,837 - tpp_runner.py[pid:15508;line:140:_train_model] - CRITICAL: current best loglike on valid set is 1.2161 (updated at epoch-32), best updated at this epoch[0m
[38;20m2026-09-28 17:47:22,688 - tpp_runner.py[pid:15508;line:104:_train_model] - INFO: [ Epoch 33 (train) ]: train loglike is 1.5795126393949424, num_events is 242824, mark_ll is -1.279165353719412, time_ll is 2.858678049417994[0m
[38;20m2026-09-28 17:47:22,778 - tpp_runner.py[pid:15508;line:116:_train_model] - INFO: [ Epoch 33 (valid) ]:  valid loglike is 1.2209447162988114, num_events is 52959, mark_ll is -1.2781972349040058, time_ll is 2.4991418774429275[0m
[38;20m2026-09-28 17:47:22,965 - tpp_runner.py[pid:15508;line:136:_train_model] - INFO: [ Epoch 33 (test) ]: test loglike is 1.7255395394386308, num_events is 112141, mark_ll is -1.312045833690956, time_ll is 3.0375853382962075[0m
[31;1m2026-09-28 17:47:22,965 - tpp_runner.py[pid:15508;line:140:_train_model] - CRITICAL: current best loglike on valid set is 1.2209 (updated at epoch-33), best updated at this epoch[0m
[38;20m2026-09-28 17:47:23,833 - tpp_runner.py[pid:15508;line:104:_train_model] - INFO: [ Epoch 34 (train) ]: train loglike is 1.5825609707287995, num_events is 242824, mark_ll is -1.277839801152275, time_ll is 2.8604007557943203[0m
[38;20m2026-09-28 17:47:23,920 - tpp_runner.py[pid:15508;line:116:_train_model] - INFO: [ Epoch 34 (valid) ]:  valid loglike is 1.2142270620019733, num_events is 52959, mark_ll is -1.2816187625686852, time_ll is 2.495845806130686[0m
[38;20m2026-09-28 17:47:24,104 - tpp_runner.py[pid:15508;line:136:_train_model] - INFO: [ Epoch 34 (test) ]: test loglike is 1.738594132122172, num_events is 112141, mark_ll is -1.3160360321353253, time_ll is 3.0546301816741868[0m
[31;1m2026-09-28 17:47:24,104 - tpp_runner.py[pid:15508;line:140:_train_model] - CRITICAL: current best loglike on valid set is 1.2209 (updated at epoch-33)[0m
[38;20m2026-09-28 17:47:24,990 - tpp_runner.py[pid:15508;line:104:_train_model] - INFO: [ Epoch 35 (train) ]: train loglike is 1.5878553185962363, num_events is 242824, mark_ll is -1.2802772983210062, time_ll is 2.8681326611558164[0m
[38;20m2026-09-28 17:47:25,085 - tpp_runner.py[pid:15508;line:116:_train_model] - INFO: [ Epoch 35 (valid) ]:  valid loglike is 1.2300958845374488, num_events is 52959, mark_ll is -1.2794167717007496, time_ll is 2.5095126285782396[0m
[38;20m2026-09-28 17:47:25,277 - tpp_runner.py[pid:15508;line:136:_train_model] - INFO: [ Epoch 35 (test) ]: test loglike is 1.7357676646336977, num_events is 112141, mark_ll is -1.3131168730242506, time_ll is 3.0488845028245692[0m
[31;1m2026-09-28 17:47:25,277 - tpp_runner.py[pid:15508;line:140:_train_model] - CRITICAL: current best loglike on valid set is 1.2301 (updated at epoch-35), best updated at this epoch[0m
[38;20m2026-09-28 17:47:26,145 - tpp_runner.py[pid:15508;line:104:_train_model] - INFO: [ Epoch 36 (train) ]: train loglike is 1.5903774240486421, num_events is 242824, mark_ll is -1.2799560458397852, time_ll is 2.8703334417366078[0m
[38;20m2026-09-28 17:47:26,238 - tpp_runner.py[pid:15508;line:116:_train_model] - INFO: [ Epoch 36 (valid) ]:  valid loglike is 1.219839212291584, num_events is 52959, mark_ll is -1.277729975222578, time_ll is 2.497569187514162[0m
[38;20m2026-09-28 17:47:26,428 - tpp_runner.py[pid:15508;line:136:_train_model] - INFO: [ Epoch 36 (test) ]: test loglike is 1.7258169350555328, num_events is 112141, mark_ll is -1.3113090467580992, time_ll is 3.037125990521977[0m
[31;1m2026-09-28 17:47:26,428 - tpp_runner.py[pid:15508;line:140:_train_model] - CRITICAL: current best loglike on valid set is 1.2301 (updated at epoch-35)[0m
[38;20m2026-09-28 17:47:27,285 - tpp_runner.py[pid:15508;line:104:_train_model] - INFO: [ Epoch 37 (train) ]: train loglike is 1.5873819618324383, num_events is 242824, mark_ll is -1.285776382309049, time_ll is 2.873158388380061[0m
[38;20m2026-09-28 17:47:27,369 - tpp_runner.py[pid:15508;line:116:_train_model] - INFO: [ Epoch 37 (valid) ]:  valid loglike is 1.236190129466309, num_events is 52959, mark_ll is -1.2844532813709661, time_ll is 2.520643493817151[0m
[38;20m2026-09-28 17:47:27,566 - tpp_runner.py[pid:15508;line:136:_train_model] - INFO: [ Epoch 37 (test) ]: test loglike is 1.7431619028304768, num_events is 112141, mark_ll is -1.3178420383574028, time_ll is 3.0610039063545003[0m
[31;1m2026-09-28 17:47:27,566 - tpp_runner.py[pid:15508;line:140:_train_model] - CRITICAL: current best loglike on valid set is 1.2362 (updated at epoch-37), best updated at this epoch[0m
[38;20m2026-09-28 17:47:28,435 - tpp_runner.py[pid:15508;line:104:_train_model] - INFO: [ Epoch 38 (train) ]: train loglike is 1.6027493344748922, num_events is 242824, mark_ll is -1.2783407828947098, time_ll is 2.8810901555756434[0m
[38;20m2026-09-28 17:47:28,514 - tpp_runner.py[pid:15508;line:116:_train_model] - INFO: [ Epoch 38 (valid) ]:  valid loglike is 1.2425421375498027, num_events is 52959, mark_ll is -1.2795887982035632, time_ll is 2.5221309726333105[0m
[38;20m2026-09-28 17:47:28,708 - tpp_runner.py[pid:15508;line:136:_train_model] - INFO: [ Epoch 38 (test) ]: test loglike is 1.7360096434120884, num_events is 112141, mark_ll is -1.3135711090000535, time_ll is 3.0495807698288315[0m
[31;1m2026-09-28 17:47:28,708 - tpp_runner.py[pid:15508;line:140:_train_model] - CRITICAL: current best loglike on valid set is 1.2425 (updated at epoch-38), best updated at this epoch[0m
[38;20m2026-09-28 17:47:29,563 - tpp_runner.py[pid:15508;line:104:_train_model] - INFO: [ Epoch 39 (train) ]: train loglike is 1.602348744132839, num_events is 242824, mark_ll is -1.279309913314273, time_ll is 2.8816586453820463[0m
[38;20m2026-09-28 17:47:29,683 - tpp_runner.py[pid:15508;line:116:_train_model] - INFO: [ Epoch 39 (valid) ]:  valid loglike is 1.2404856288443655, num_events is 52959, mark_ll is -1.2787386601545536, time_ll is 2.519224298218905[0m
[38;20m2026-09-28 17:47:29,898 - tpp_runner.py[pid:15508;line:136:_train_model] - INFO: [ Epoch 39 (test) ]: test loglike is 1.7339891158229372, num_events is 112141, mark_ll is -1.3112930321119172, time_ll is 3.0452821392265097[0m
[31;1m2026-09-28 17:47:29,898 - tpp_runner.py[pid:15508;line:140:_train_model] - CRITICAL: current best loglike on valid set is 1.2425 (updated at epoch-38)[0m
[38;20m2026-09-28 17:47:30,770 - tpp_runner.py[pid:15508;line:104:_train_model] - INFO: [ Epoch 40 (train) ]: train loglike is 1.608847615872247, num_events is 242824, mark_ll is -1.2784517654118828, time_ll is 2.887299369219064[0m
[38;20m2026-09-28 17:47:30,850 - tpp_runner.py[pid:15508;line:116:_train_model] - INFO: [ Epoch 40 (valid) ]:  valid loglike is 1.2834932687462235, num_events is 52959, mark_ll is -1.2817712427007213, time_ll is 2.5652645759868484[0m
[38;20m2026-09-28 17:47:31,036 - tpp_runner.py[pid:15508;line:136:_train_model] - INFO: [ Epoch 40 (test) ]: test loglike is 1.7674432849883184, num_events is 112141, mark_ll is -1.3218084804370167, time_ll is 3.089251826383749[0m
[31;1m2026-09-28 17:47:31,036 - tpp_runner.py[pid:15508;line:140:_train_model] - CRITICAL: current best loglike on valid set is 1.2835 (updated at epoch-40), best updated at this epoch[0m
[38;20m2026-09-28 17:47:31,890 - tpp_runner.py[pid:15508;line:104:_train_model] - INFO: [ Epoch 41 (train) ]: train loglike is 1.6420043185213364, num_events is 242824, mark_ll is -1.2800004895199302, time_ll is 2.922004868366595[0m
[38;20m2026-09-28 17:47:31,978 - tpp_runner.py[pid:15508;line:116:_train_model] - INFO: [ Epoch 41 (valid) ]:  valid loglike is 1.2937895316128987, num_events is 52959, mark_ll is -1.2793974650496138, time_ll is 2.5731869966625127[0m
[38;20m2026-09-28 17:47:32,151 - tpp_runner.py[pid:15508;line:136:_train_model] - INFO: [ Epoch 41 (test) ]: test loglike is 1.7600968556047742, num_events is 112141, mark_ll is -1.313493221563701, time_ll is 3.073590042335096[0m
[31;1m2026-09-28 17:47:32,151 - tpp_runner.py[pid:15508;line:140:_train_model] - CRITICAL: current best loglike on valid set is 1.2938 (updated at epoch-41), best updated at this epoch[0m
[38;20m2026-09-28 17:47:33,033 - tpp_runner.py[pid:15508;line:104:_train_model] - INFO: [ Epoch 42 (train) ]: train loglike is 1.6485378391184304, num_events is 242824, mark_ll is -1.2764689442636437, time_ll is 2.9250067532194097[0m
[38;20m2026-09-28 17:47:33,121 - tpp_runner.py[pid:15508;line:116:_train_model] - INFO: [ Epoch 42 (valid) ]:  valid loglike is 1.3056506289800835, num_events is 52959, mark_ll is -1.2768175008467635, time_ll is 2.5824680560669573[0m
[38;20m2026-09-28 17:47:33,295 - tpp_runner.py[pid:15508;line:136:_train_model] - INFO: [ Epoch 42 (test) ]: test loglike is 1.7812848943378203, num_events is 112141, mark_ll is -1.3156547024226197, time_ll is 3.096939640302164[0m
[31;1m2026-09-28 17:47:33,295 - tpp_runner.py[pid:15508;line:140:_train_model] - CRITICAL: current best loglike on valid set is 1.3057 (updated at epoch-42), best updated at this epoch[0m
[38;20m2026-09-28 17:47:34,148 - tpp_runner.py[pid:15508;line:104:_train_model] - INFO: [ Epoch 43 (train) ]: train loglike is 1.6622292233295772, num_events is 242824, mark_ll is -1.2756110819011404, time_ll is 2.937840299198185[0m
[38;20m2026-09-28 17:47:34,236 - tpp_runner.py[pid:15508;line:116:_train_model] - INFO: [ Epoch 43 (valid) ]:  valid loglike is 1.3117774296802716, num_events is 52959, mark_ll is -1.2752783440078646, time_ll is 2.587055681488274[0m
[38;20m2026-09-28 17:47:34,420 - tpp_runner.py[pid:15508;line:136:_train_model] - INFO: [ Epoch 43 (test) ]: test loglike is 1.780888473063487, num_events is 112141, mark_ll is -1.311446046439304, time_ll is 3.092334580461205[0m
[31;1m2026-09-28 17:47:34,420 - tpp_runner.py[pid:15508;line:140:_train_model] - CRITICAL: current best loglike on valid set is 1.3118 (updated at epoch-43), best updated at this epoch[0m
[38;20m2026-09-28 17:47:35,327 - tpp_runner.py[pid:15508;line:104:_train_model] - INFO: [ Epoch 44 (train) ]: train loglike is 1.669182497614656, num_events is 242824, mark_ll is -1.2741020679458168, time_ll is 2.9432845555062515[0m
[38;20m2026-09-28 17:47:35,418 - tpp_runner.py[pid:15508;line:116:_train_model] - INFO: [ Epoch 44 (valid) ]:  valid loglike is 1.3149866395023744, num_events is 52959, mark_ll is -1.274925974574671, time_ll is 2.589912641737004[0m
[38;20m2026-09-28 17:47:35,598 - tpp_runner.py[pid:15508;line:136:_train_model] - INFO: [ Epoch 44 (test) ]: test loglike is 1.7813835685933335, num_events is 112141, mark_ll is -1.3107433788015757, time_ll is 3.092127025770013[0m
[31;1m2026-09-28 17:47:35,598 - tpp_runner.py[pid:15508;line:140:_train_model] - CRITICAL: current best loglike on valid set is 1.3150 (updated at epoch-44), best updated at this epoch[0m
[38;20m2026-09-28 17:47:36,496 - tpp_runner.py[pid:15508;line:104:_train_model] - INFO: [ Epoch 45 (train) ]: train loglike is 1.6729867113436583, num_events is 242824, mark_ll is -1.2738311227666437, time_ll is 2.946817842153679[0m
[38;20m2026-09-28 17:47:36,593 - tpp_runner.py[pid:15508;line:116:_train_model] - INFO: [ Epoch 45 (valid) ]:  valid loglike is 1.3520098260712297, num_events is 52959, mark_ll is -1.2783520292525823, time_ll is 2.630361864543798[0m
[38;20m2026-09-28 17:47:36,788 - tpp_runner.py[pid:15508;line:136:_train_model] - INFO: [ Epoch 45 (test) ]: test loglike is 1.7905418126649708, num_events is 112141, mark_ll is -1.318167878496714, time_ll is 3.108709577953202[0m
[31;1m2026-09-28 17:47:36,788 - tpp_runner.py[pid:15508;line:140:_train_model] - CRITICAL: current best loglike on valid set is 1.3520 (updated at epoch-45), best updated at this epoch[0m
[38;20m2026-09-28 17:47:37,656 - tpp_runner.py[pid:15508;line:104:_train_model] - INFO: [ Epoch 46 (train) ]: train loglike is 1.7022564359242702, num_events is 242824, mark_ll is -1.2791355811590905, time_ll is 2.9813920090399835[0m
[38;20m2026-09-28 17:47:37,751 - tpp_runner.py[pid:15508;line:116:_train_model] - INFO: [ Epoch 46 (valid) ]:  valid loglike is 1.3635031935081856, num_events is 52959, mark_ll is -1.2758367248130629, time_ll is 2.6393399552011934[0m
[38;20m2026-09-28 17:47:37,936 - tpp_runner.py[pid:15508;line:136:_train_model] - INFO: [ Epoch 46 (test) ]: test loglike is 1.8011226606599058, num_events is 112141, mark_ll is -1.3136367960452688, time_ll is 3.114759421871795[0m
[31;1m2026-09-28 17:47:37,936 - tpp_runner.py[pid:15508;line:140:_train_model] - CRITICAL: current best loglike on valid set is 1.3635 (updated at epoch-46), best updated at this epoch[0m
[38;20m2026-09-28 17:47:38,788 - tpp_runner.py[pid:15508;line:104:_train_model] - INFO: [ Epoch 47 (train) ]: train loglike is 1.70965131574206, num_events is 242824, mark_ll is -1.276294045050376, time_ll is 2.985945380900879[0m
[38;20m2026-09-28 17:47:38,882 - tpp_runner.py[pid:15508;line:116:_train_model] - INFO: [ Epoch 47 (valid) ]:  valid loglike is 1.371975106922336, num_events is 52959, mark_ll is -1.2753811468541703, time_ll is 2.647356309096424[0m
[38;20m2026-09-28 17:47:39,066 - tpp_runner.py[pid:15508;line:136:_train_model] - INFO: [ Epoch 47 (test) ]: test loglike is 1.8015174621820966, num_events is 112141, mark_ll is -1.3140958041940503, time_ll is 3.1156132228344227[0m
[31;1m2026-09-28 17:47:39,066 - tpp_runner.py[pid:15508;line:140:_train_model] - CRITICAL: current best loglike on valid set is 1.3720 (updated at epoch-47), best updated at this epoch[0m
[38;20m2026-09-28 17:47:39,912 - tpp_runner.py[pid:15508;line:104:_train_model] - INFO: [ Epoch 48 (train) ]: train loglike is 1.7086943991906174, num_events is 242824, mark_ll is -1.2741504810325586, time_ll is 2.9828448842448645[0m
[38;20m2026-09-28 17:47:40,009 - tpp_runner.py[pid:15508;line:116:_train_model] - INFO: [ Epoch 48 (valid) ]:  valid loglike is 1.3667105501130592, num_events is 52959, mark_ll is -1.2722737902197927, time_ll is 2.6389842481329895[0m
[38;20m2026-09-28 17:47:40,220 - tpp_runner.py[pid:15508;line:136:_train_model] - INFO: [ Epoch 48 (test) ]: test loglike is 1.7970504296070349, num_events is 112141, mark_ll is -1.3111566594315416, time_ll is 3.108207123871956[0m
[31;1m2026-09-28 17:47:40,220 - tpp_runner.py[pid:15508;line:140:_train_model] - CRITICAL: current best loglike on valid set is 1.3720 (updated at epoch-47)[0m
[38;20m2026-09-28 17:47:41,104 - tpp_runner.py[pid:15508;line:104:_train_model] - INFO: [ Epoch 49 (train) ]: train loglike is 1.7092609103262548, num_events is 242824, mark_ll is -1.2718434997222783, time_ll is 2.981104377875025[0m
[38;20m2026-09-28 17:47:41,183 - tpp_runner.py[pid:15508;line:116:_train_model] - INFO: [ Epoch 49 (valid) ]:  valid loglike is 1.3526912107125324, num_events is 52959, mark_ll is -1.2731456505563266, time_ll is 2.625836916588776[0m
[38;20m2026-09-28 17:47:41,371 - tpp_runner.py[pid:15508;line:136:_train_model] - INFO: [ Epoch 49 (test) ]: test loglike is 1.7926510434547802, num_events is 112141, mark_ll is -1.3117818402167807, time_ll is 3.104432927213285[0m
[31;1m2026-09-28 17:47:41,371 - tpp_runner.py[pid:15508;line:140:_train_model] - CRITICAL: current best loglike on valid set is 1.3720 (updated at epoch-47)[0m
[38;20m2026-09-28 17:47:42,235 - tpp_runner.py[pid:15508;line:104:_train_model] - INFO: [ Epoch 50 (train) ]: train loglike is 1.6936186572823835, num_events is 242824, mark_ll is -1.2694949663259192, time_ll is 2.9631136195866143[0m
[38;20m2026-09-28 17:47:42,324 - tpp_runner.py[pid:15508;line:116:_train_model] - INFO: [ Epoch 50 (valid) ]:  valid loglike is 1.3650490532770634, num_events is 52959, mark_ll is -1.2709171522280207, time_ll is 2.6359661409651807[0m
[38;20m2026-09-28 17:47:42,502 - tpp_runner.py[pid:15508;line:136:_train_model] - INFO: [ Epoch 50 (test) ]: test loglike is 1.801442108874096, num_events is 112141, mark_ll is -1.3097807931950625, time_ll is 3.111222875944124[0m
[31;1m2026-09-28 17:47:42,502 - tpp_runner.py[pid:15508;line:140:_train_model] - CRITICAL: current best loglike on valid set is 1.3720 (updated at epoch-47)[0m
[38;20m2026-09-28 17:47:43,347 - tpp_runner.py[pid:15508;line:104:_train_model] - INFO: [ Epoch 51 (train) ]: train loglike is 1.6946323460002153, num_events is 242824, mark_ll is -1.269868689777627, time_ll is 2.964501005615178[0m
[38;20m2026-09-28 17:47:43,442 - tpp_runner.py[pid:15508;line:116:_train_model] - INFO: [ Epoch 51 (valid) ]:  valid loglike is 1.3655822450799202, num_events is 52959, mark_ll is -1.2737032845426415, time_ll is 2.639285594162465[0m
[38;20m2026-09-28 17:47:43,626 - tpp_runner.py[pid:15508;line:136:_train_model] - INFO: [ Epoch 51 (test) ]: test loglike is 1.8062092135960532, num_events is 112141, mark_ll is -1.3164833362686261, time_ll is 3.1226926021147485[0m
[31;1m2026-09-28 17:47:43,626 - tpp_runner.py[pid:15508;line:140:_train_model] - CRITICAL: current best loglike on valid set is 1.3720 (updated at epoch-47)[0m
[38;20m2026-09-28 17:47:44,508 - tpp_runner.py[pid:15508;line:104:_train_model] - INFO: [ Epoch 52 (train) ]: train loglike is 1.7063844780260085, num_events is 242824, mark_ll is -1.2724255949010395, time_ll is 2.9788100769487365[0m
[38;20m2026-09-28 17:47:44,587 - tpp_runner.py[pid:15508;line:116:_train_model] - INFO: [ Epoch 52 (valid) ]:  valid loglike is 1.3618763453803886, num_events is 52959, mark_ll is -1.2714713379394909, time_ll is 2.633347701759852[0m
[38;20m2026-09-28 17:47:44,787 - tpp_runner.py[pid:15508;line:136:_train_model] - INFO: [ Epoch 52 (test) ]: test loglike is 1.8017666514700243, num_events is 112141, mark_ll is -1.310052693846363, time_ll is 3.1118193453163876[0m
[31;1m2026-09-28 17:47:44,787 - tpp_runner.py[pid:15508;line:140:_train_model] - CRITICAL: current best loglike on valid set is 1.3720 (updated at epoch-47)[0m
[38;20m2026-09-28 17:47:45,665 - tpp_runner.py[pid:15508;line:104:_train_model] - INFO: [ Epoch 53 (train) ]: train loglike is 1.7169206364325345, num_events is 242824, mark_ll is -1.2701307068082233, time_ll is 2.9870513693817333[0m
[38;20m2026-09-28 17:47:45,749 - tpp_runner.py[pid:15508;line:116:_train_model] - INFO: [ Epoch 53 (valid) ]:  valid loglike is 1.3727041865523328, num_events is 52959, mark_ll is -1.2693098504710012, time_ll is 2.6420140462433204[0m
[38;20m2026-09-28 17:47:45,971 - tpp_runner.py[pid:15508;line:136:_train_model] - INFO: [ Epoch 53 (test) ]: test loglike is 1.8081871573788801, num_events is 112141, mark_ll is -1.3090207723981415, time_ll is 3.1172079471937115[0m
[31;1m2026-09-28 17:47:45,971 - tpp_runner.py[pid:15508;line:140:_train_model] - CRITICAL: current best loglike on valid set is 1.3727 (updated at epoch-53), best updated at this epoch[0m
[38;20m2026-09-28 17:47:46,829 - tpp_runner.py[pid:15508;line:104:_train_model] - INFO: [ Epoch 54 (train) ]: train loglike is 1.721989273062743, num_events is 242824, mark_ll is -1.2700499191286694, time_ll is 2.992039188169724[0m
[38;20m2026-09-28 17:47:46,937 - tpp_runner.py[pid:15508;line:116:_train_model] - INFO: [ Epoch 54 (valid) ]:  valid loglike is 1.3778811166126155, num_events is 52959, mark_ll is -1.2691180747577135, time_ll is 2.646999182150343[0m
[38;20m2026-09-28 17:47:47,161 - tpp_runner.py[pid:15508;line:136:_train_model] - INFO: [ Epoch 54 (test) ]: test loglike is 1.8036277466816328, num_events is 112141, mark_ll is -1.3090869732357033, time_ll is 3.1127147547507157[0m
[31;1m2026-09-28 17:47:47,161 - tpp_runner.py[pid:15508;line:140:_train_model] - CRITICAL: current best loglike on valid set is 1.3779 (updated at epoch-54), best updated at this epoch[0m
[38;20m2026-09-28 17:47:48,034 - tpp_runner.py[pid:15508;line:104:_train_model] - INFO: [ Epoch 55 (train) ]: train loglike is 1.7241497321941508, num_events is 242824, mark_ll is -1.2703035911555283, time_ll is 2.9944532469375966[0m
[38;20m2026-09-28 17:47:48,130 - tpp_runner.py[pid:15508;line:116:_train_model] - INFO: [ Epoch 55 (valid) ]:  valid loglike is 1.3743239721706886, num_events is 52959, mark_ll is -1.276957045338139, time_ll is 2.6512810543887726[0m
[38;20m2026-09-28 17:47:48,338 - tpp_runner.py[pid:15508;line:136:_train_model] - INFO: [ Epoch 55 (test) ]: test loglike is 1.7987755962638554, num_events is 112141, mark_ll is -1.3119859115700323, time_ll is 3.1107615600839567[0m
[31;1m2026-09-28 17:47:48,338 - tpp_runner.py[pid:15508;line:140:_train_model] - CRITICAL: current best loglike on valid set is 1.3779 (updated at epoch-54)[0m
[38;20m2026-09-28 17:47:49,163 - tpp_runner.py[pid:15508;line:104:_train_model] - INFO: [ Epoch 56 (train) ]: train loglike is 1.7177672762731444, num_events is 242824, mark_ll is -1.274585157195901, time_ll is 2.9923524455341113[0m
[38;20m2026-09-28 17:47:49,262 - tpp_runner.py[pid:15508;line:116:_train_model] - INFO: [ Epoch 56 (valid) ]:  valid loglike is 1.370769354004985, num_events is 52959, mark_ll is -1.2726411144706282, time_ll is 2.6434104315956684[0m
[38;20m2026-09-28 17:47:49,447 - tpp_runner.py[pid:15508;line:136:_train_model] - INFO: [ Epoch 56 (test) ]: test loglike is 1.8036473578742387, num_events is 112141, mark_ll is -1.3119741291794482, time_ll is 3.115621495762032[0m
[31;1m2026-09-28 17:47:49,447 - tpp_runner.py[pid:15508;line:140:_train_model] - CRITICAL: current best loglike on valid set is 1.3779 (updated at epoch-54)[0m
[38;20m2026-09-28 17:47:50,262 - tpp_runner.py[pid:15508;line:104:_train_model] - INFO: [ Epoch 57 (train) ]: train loglike is 1.7215318059903983, num_events is 242824, mark_ll is -1.270177322200184, time_ll is 2.9917091281905823[0m
[38;20m2026-09-28 17:47:50,358 - tpp_runner.py[pid:15508;line:116:_train_model] - INFO: [ Epoch 57 (valid) ]:  valid loglike is 1.3839049024068146, num_events is 52959, mark_ll is -1.271279248746672, time_ll is 2.655184169593459[0m
[38;20m2026-09-28 17:47:50,592 - tpp_runner.py[pid:15508;line:136:_train_model] - INFO: [ Epoch 57 (test) ]: test loglike is 1.7979644139409314, num_events is 112141, mark_ll is -1.314659765314983, time_ll is 3.1126241705475697[0m
[31;1m2026-09-28 17:47:50,592 - tpp_runner.py[pid:15508;line:140:_train_model] - CRITICAL: current best loglike on valid set is 1.3839 (updated at epoch-57), best updated at this epoch[0m
[38;20m2026-09-28 17:47:51,407 - tpp_runner.py[pid:15508;line:104:_train_model] - INFO: [ Epoch 58 (train) ]: train loglike is 1.7323059196649373, num_events is 242824, mark_ll is -1.270558787402347, time_ll is 3.002864713099817[0m
[38;20m2026-09-28 17:47:51,501 - tpp_runner.py[pid:15508;line:116:_train_model] - INFO: [ Epoch 58 (valid) ]:  valid loglike is 1.3881667488351839, num_events is 52959, mark_ll is -1.2707135472724183, time_ll is 2.6588802776676297[0m
[38;20m2026-09-28 17:47:51,690 - tpp_runner.py[pid:15508;line:136:_train_model] - INFO: [ Epoch 58 (test) ]: test loglike is 1.8089353957852168, num_events is 112141, mark_ll is -1.3092089858554186, time_ll is 3.1181443903489803[0m
[31;1m2026-09-28 17:47:51,690 - tpp_runner.py[pid:15508;line:140:_train_model] - CRITICAL: current best loglike on valid set is 1.3882 (updated at epoch-58), best updated at this epoch[0m
[38;20m2026-09-28 17:47:52,536 - tpp_runner.py[pid:15508;line:104:_train_model] - INFO: [ Epoch 59 (train) ]: train loglike is 1.741821956662799, num_events is 242824, mark_ll is -1.2688186791796734, time_ll is 3.0106406398641608[0m
[38;20m2026-09-28 17:47:52,630 - tpp_runner.py[pid:15508;line:116:_train_model] - INFO: [ Epoch 59 (valid) ]:  valid loglike is 1.3926930060282483, num_events is 52959, mark_ll is -1.2732595358260637, time_ll is 2.665952560294284[0m
[38;20m2026-09-28 17:47:52,846 - tpp_runner.py[pid:15508;line:136:_train_model] - INFO: [ Epoch 59 (test) ]: test loglike is 1.8103933817136462, num_events is 112141, mark_ll is -1.312149088535861, time_ll is 3.1225424354161277[0m
[31;1m2026-09-28 17:47:52,846 - tpp_runner.py[pid:15508;line:140:_train_model] - CRITICAL: current best loglike on valid set is 1.3927 (updated at epoch-59), best updated at this epoch[0m
[38;20m2026-09-28 17:47:53,686 - tpp_runner.py[pid:15508;line:104:_train_model] - INFO: [ Epoch 60 (train) ]: train loglike is 1.7353827788465102, num_events is 242824, mark_ll is -1.2700363016912455, time_ll is 3.005419104667887[0m
[38;20m2026-09-28 17:47:53,778 - tpp_runner.py[pid:15508;line:116:_train_model] - INFO: [ Epoch 60 (valid) ]:  valid loglike is 1.3820357530412677, num_events is 52959, mark_ll is -1.2745959267281057, time_ll is 2.656631670549387[0m
[38;20m2026-09-28 17:47:53,962 - tpp_runner.py[pid:15508;line:136:_train_model] - INFO: [ Epoch 60 (test) ]: test loglike is 1.8026641334904272, num_events is 112141, mark_ll is -1.312920195055778, time_ll is 3.115584398212964[0m
[31;1m2026-09-28 17:47:53,962 - tpp_runner.py[pid:15508;line:140:_train_model] - CRITICAL: current best loglike on valid set is 1.3927 (updated at epoch-59)[0m
[38;20m2026-09-28 17:47:54,764 - tpp_runner.py[pid:15508;line:104:_train_model] - INFO: [ Epoch 61 (train) ]: train loglike is 1.7382571560639084, num_events is 242824, mark_ll is -1.2701989146459987, time_ll is 3.0084559782110705[0m
[38;20m2026-09-28 17:47:54,855 - tpp_runner.py[pid:15508;line:116:_train_model] - INFO: [ Epoch 61 (valid) ]:  valid loglike is 1.3937842467167998, num_events is 52959, mark_ll is -1.2726671701516739, time_ll is 2.666451435308446[0m
[38;20m2026-09-28 17:47:55,059 - tpp_runner.py[pid:15508;line:136:_train_model] - INFO: [ Epoch 61 (test) ]: test loglike is 1.8072389144163374, num_events is 112141, mark_ll is -1.3119151040180443, time_ll is 3.1191540532677613[0m
[31;1m2026-09-28 17:47:55,059 - tpp_runner.py[pid:15508;line:140:_train_model] - CRITICAL: current best loglike on valid set is 1.3938 (updated at epoch-61), best updated at this epoch[0m
[38;20m2026-09-28 17:47:55,893 - tpp_runner.py[pid:15508;line:104:_train_model] - INFO: [ Epoch 62 (train) ]: train loglike is 1.7428227297278585, num_events is 242824, mark_ll is -1.2694058014691196, time_ll is 3.0122285633704866[0m
[38;20m2026-09-28 17:47:55,968 - tpp_runner.py[pid:15508;line:116:_train_model] - INFO: [ Epoch 62 (valid) ]:  valid loglike is 1.3957910689165203, num_events is 52959, mark_ll is -1.2739429949642649, time_ll is 2.6697340823207574[0m
[38;20m2026-09-28 17:47:56,158 - tpp_runner.py[pid:15508;line:136:_train_model] - INFO: [ Epoch 62 (test) ]: test loglike is 1.81020981851252, num_events is 112141, mark_ll is -1.314031466942287, time_ll is 3.1242413115798415[0m
[31;1m2026-09-28 17:47:56,158 - tpp_runner.py[pid:15508;line:140:_train_model] - CRITICAL: current best loglike on valid set is 1.3958 (updated at epoch-62), best updated at this epoch[0m
[38;20m2026-09-28 17:47:57,008 - tpp_runner.py[pid:15508;line:104:_train_model] - INFO: [ Epoch 63 (train) ]: train loglike is 1.7505200847630382, num_events is 242824, mark_ll is -1.2694850086250742, time_ll is 3.020005069257981[0m
[38;20m2026-09-28 17:47:57,100 - tpp_runner.py[pid:15508;line:116:_train_model] - INFO: [ Epoch 63 (valid) ]:  valid loglike is 1.3937647187859947, num_events is 52959, mark_ll is -1.2749587792856265, time_ll is 2.668723534951566[0m
[38;20m2026-09-28 17:47:57,320 - tpp_runner.py[pid:15508;line:136:_train_model] - INFO: [ Epoch 63 (test) ]: test loglike is 1.811684672504927, num_events is 112141, mark_ll is -1.3149152768612729, time_ll is 3.1265999493661996[0m
[31;1m2026-09-28 17:47:57,320 - tpp_runner.py[pid:15508;line:140:_train_model] - CRITICAL: current best loglike on valid set is 1.3958 (updated at epoch-62)[0m
[38;20m2026-09-28 17:47:58,179 - tpp_runner.py[pid:15508;line:104:_train_model] - INFO: [ Epoch 64 (train) ]: train loglike is 1.753247197800027, num_events is 242824, mark_ll is -1.2679873438748333, time_ll is 3.0212345155338847[0m
[38;20m2026-09-28 17:47:58,257 - tpp_runner.py[pid:15508;line:116:_train_model] - INFO: [ Epoch 64 (valid) ]:  valid loglike is 1.3988246472211994, num_events is 52959, mark_ll is -1.2768292932091334, time_ll is 2.6756539404303328[0m
[38;20m2026-09-28 17:47:58,446 - tpp_runner.py[pid:15508;line:136:_train_model] - INFO: [ Epoch 64 (test) ]: test loglike is 1.8151592063089101, num_events is 112141, mark_ll is -1.316895615438934, time_ll is 3.1320548043311547[0m
[31;1m2026-09-28 17:47:58,446 - tpp_runner.py[pid:15508;line:140:_train_model] - CRITICAL: current best loglike on valid set is 1.3988 (updated at epoch-64), best updated at this epoch[0m
[38;20m2026-09-28 17:47:59,278 - tpp_runner.py[pid:15508;line:104:_train_model] - INFO: [ Epoch 65 (train) ]: train loglike is 1.768374487701226, num_events is 242824, mark_ll is -1.2694317735337632, time_ll is 3.037806245148235[0m
[38;20m2026-09-28 17:47:59,394 - tpp_runner.py[pid:15508;line:116:_train_model] - INFO: [ Epoch 65 (valid) ]:  valid loglike is 1.4079928171144187, num_events is 52959, mark_ll is -1.280092117251081, time_ll is 2.6880849343654996[0m
[38;20m2026-09-28 17:47:59,602 - tpp_runner.py[pid:15508;line:136:_train_model] - INFO: [ Epoch 65 (test) ]: test loglike is 1.8284628489468615, num_events is 112141, mark_ll is -1.3187083706282716, time_ll is 3.1471712021584435[0m
[31;1m2026-09-28 17:47:59,602 - tpp_runner.py[pid:15508;line:140:_train_model] - CRITICAL: current best loglike on valid set is 1.4080 (updated at epoch-65), best updated at this epoch[0m
[38;20m2026-09-28 17:48:00,438 - tpp_runner.py[pid:15508;line:104:_train_model] - INFO: [ Epoch 66 (train) ]: train loglike is 1.7834478688782822, num_events is 242824, mark_ll is -1.2733210520080902, time_ll is 3.0567689007779295[0m
[38;20m2026-09-28 17:48:00,535 - tpp_runner.py[pid:15508;line:116:_train_model] - INFO: [ Epoch 66 (valid) ]:  valid loglike is 1.4227823388434921, num_events is 52959, mark_ll is -1.2784246182040588, time_ll is 2.70120691094762[0m
[38;20m2026-09-28 17:48:00,737 - tpp_runner.py[pid:15508;line:136:_train_model] - INFO: [ Epoch 66 (test) ]: test loglike is 1.8314323858329022, num_events is 112141, mark_ll is -1.3180473637123131, time_ll is 3.149479766961905[0m
[31;1m2026-09-28 17:48:00,737 - tpp_runner.py[pid:15508;line:140:_train_model] - CRITICAL: current best loglike on valid set is 1.4228 (updated at epoch-66), best updated at this epoch[0m
[38;20m2026-09-28 17:48:01,554 - tpp_runner.py[pid:15508;line:104:_train_model] - INFO: [ Epoch 67 (train) ]: train loglike is 1.783217741827028, num_events is 242824, mark_ll is -1.2712799203975924, time_ll is 3.054497644127022[0m
[38;20m2026-09-28 17:48:01,672 - tpp_runner.py[pid:15508;line:116:_train_model] - INFO: [ Epoch 67 (valid) ]:  valid loglike is 1.420339780095215, num_events is 52959, mark_ll is -1.2776438605513227, time_ll is 2.697983603766593[0m
[38;20m2026-09-28 17:48:01,866 - tpp_runner.py[pid:15508;line:136:_train_model] - INFO: [ Epoch 67 (test) ]: test loglike is 1.8369474328774713, num_events is 112141, mark_ll is -1.3165210869435577, time_ll is 3.153468502404339[0m
[31;1m2026-09-28 17:48:01,866 - tpp_runner.py[pid:15508;line:140:_train_model] - CRITICAL: current best loglike on valid set is 1.4228 (updated at epoch-66)[0m
[38;20m2026-09-28 17:48:02,683 - tpp_runner.py[pid:15508;line:104:_train_model] - INFO: [ Epoch 68 (train) ]: train loglike is 1.7890852969415347, num_events is 242824, mark_ll is -1.2707351826837545, time_ll is 3.0598204937011992[0m
[38;20m2026-09-28 17:48:02,789 - tpp_runner.py[pid:15508;line:116:_train_model] - INFO: [ Epoch 68 (valid) ]:  valid loglike is 1.420618869077966, num_events is 52959, mark_ll is -1.2775084005138408, time_ll is 2.6981271958319173[0m
[38;20m2026-09-28 17:48:02,984 - tpp_runner.py[pid:15508;line:136:_train_model] - INFO: [ Epoch 68 (test) ]: test loglike is 1.8404526113469872, num_events is 112141, mark_ll is -1.3161260241710213, time_ll is 3.156578670351388[0m
[31;1m2026-09-28 17:48:02,984 - tpp_runner.py[pid:15508;line:140:_train_model] - CRITICAL: current best loglike on valid set is 1.4228 (updated at epoch-66)[0m
[38;20m2026-09-28 17:48:03,841 - tpp_runner.py[pid:15508;line:104:_train_model] - INFO: [ Epoch 69 (train) ]: train loglike is 1.7924608026929998, num_events is 242824, mark_ll is -1.2696163207778577, time_ll is 3.0620771274925462[0m
[38;20m2026-09-28 17:48:03,945 - tpp_runner.py[pid:15508;line:116:_train_model] - INFO: [ Epoch 69 (valid) ]:  valid loglike is 1.4250105513522253, num_events is 52959, mark_ll is -1.2760098577142223, time_ll is 2.7010203168665856[0m
[38;20m2026-09-28 17:48:04,146 - tpp_runner.py[pid:15508;line:136:_train_model] - INFO: [ Epoch 69 (test) ]: test loglike is 1.8408486233291124, num_events is 112141, mark_ll is -1.3134854972618177, time_ll is 3.1543340944658955[0m
[31;1m2026-09-28 17:48:04,146 - tpp_runner.py[pid:15508;line:140:_train_model] - CRITICAL: current best loglike on valid set is 1.4250 (updated at epoch-69), best updated at this epoch[0m
[38;20m2026-09-28 17:48:04,969 - tpp_runner.py[pid:15508;line:104:_train_model] - INFO: [ Epoch 70 (train) ]: train loglike is 1.7969555383348639, num_events is 242824, mark_ll is -1.268921236259338, time_ll is 3.0658767786158907[0m
[38;20m2026-09-28 17:48:05,047 - tpp_runner.py[pid:15508;line:116:_train_model] - INFO: [ Epoch 70 (valid) ]:  valid loglike is 1.4237637141762967, num_events is 52959, mark_ll is -1.2780636834036707, time_ll is 2.701827379139995[0m
[38;20m2026-09-28 17:48:05,236 - tpp_runner.py[pid:15508;line:136:_train_model] - INFO: [ Epoch 70 (test) ]: test loglike is 1.8275526788680099, num_events is 112141, mark_ll is -1.316731811472276, time_ll is 3.1442845774237345[0m
[31;1m2026-09-28 17:48:05,236 - tpp_runner.py[pid:15508;line:140:_train_model] - CRITICAL: current best loglike on valid set is 1.4250 (updated at epoch-69)[0m
[38;20m2026-09-28 17:48:06,083 - tpp_runner.py[pid:15508;line:104:_train_model] - INFO: [ Epoch 71 (train) ]: train loglike is 1.7978779065708341, num_events is 242824, mark_ll is -1.271327259693492, time_ll is 3.069205144145039[0m
[38;20m2026-09-28 17:48:06,193 - tpp_runner.py[pid:15508;line:116:_train_model] - INFO: [ Epoch 71 (valid) ]:  valid loglike is 1.4229002255872467, num_events is 52959, mark_ll is -1.2772999735054476, time_ll is 2.700200180652722[0m
[38;20m2026-09-28 17:48:06,387 - tpp_runner.py[pid:15508;line:136:_train_model] - INFO: [ Epoch 71 (test) ]: test loglike is 1.8405098164643172, num_events is 112141, mark_ll is -1.3159470241425972, time_ll is 3.156456823190225[0m
[31;1m2026-09-28 17:48:06,387 - tpp_runner.py[pid:15508;line:140:_train_model] - CRITICAL: current best loglike on valid set is 1.4250 (updated at epoch-69)[0m
[38;20m2026-09-28 17:48:07,213 - tpp_runner.py[pid:15508;line:104:_train_model] - INFO: [ Epoch 72 (train) ]: train loglike is 1.7991889549182227, num_events is 242824, mark_ll is -1.2682947858775802, time_ll is 3.0674837488391797[0m
[38;20m2026-09-28 17:48:07,291 - tpp_runner.py[pid:15508;line:116:_train_model] - INFO: [ Epoch 72 (valid) ]:  valid loglike is 1.4277279394496214, num_events is 52959, mark_ll is -1.2755353603436148, time_ll is 2.703263373553126[0m
[38;20m2026-09-28 17:48:07,485 - tpp_runner.py[pid:15508;line:136:_train_model] - INFO: [ Epoch 72 (test) ]: test loglike is 1.8440412593019055, num_events is 112141, mark_ll is -1.3127215490013688, time_ll is 3.1567627995949294[0m
[31;1m2026-09-28 17:48:07,485 - tpp_runner.py[pid:15508;line:140:_train_model] - CRITICAL: current best loglike on valid set is 1.4277 (updated at epoch-72), best updated at this epoch[0m
[38;20m2026-09-28 17:48:08,363 - tpp_runner.py[pid:15508;line:104:_train_model] - INFO: [ Epoch 73 (train) ]: train loglike is 1.8074739832141797, num_events is 242824, mark_ll is -1.2699060070256647, time_ll is 3.0773799741530903[0m
[38;20m2026-09-28 17:48:08,463 - tpp_runner.py[pid:15508;line:116:_train_model] - INFO: [ Epoch 73 (valid) ]:  valid loglike is 1.4286517820684397, num_events is 52959, mark_ll is -1.279082989759767, time_ll is 2.7077348087081514[0m
[38;20m2026-09-28 17:48:08,654 - tpp_runner.py[pid:15508;line:136:_train_model] - INFO: [ Epoch 73 (test) ]: test loglike is 1.843349337761724, num_events is 112141, mark_ll is -1.3170655326636778, time_ll is 3.160414922675471[0m
[31;1m2026-09-28 17:48:08,654 - tpp_runner.py[pid:15508;line:140:_train_model] - CRITICAL: current best loglike on valid set is 1.4287 (updated at epoch-73), best updated at this epoch[0m
[38;20m2026-09-28 17:48:09,503 - tpp_runner.py[pid:15508;line:104:_train_model] - INFO: [ Epoch 74 (train) ]: train loglike is 1.8098171677647699, num_events is 242824, mark_ll is -1.269871903106777, time_ll is 3.079689066849858[0m
[38;20m2026-09-28 17:48:09,598 - tpp_runner.py[pid:15508;line:116:_train_model] - INFO: [ Epoch 74 (valid) ]:  valid loglike is 1.4323447184673521, num_events is 52959, mark_ll is -1.2772292008912556, time_ll is 2.709573900918635[0m
[38;20m2026-09-28 17:48:09,791 - tpp_runner.py[pid:15508;line:136:_train_model] - INFO: [ Epoch 74 (test) ]: test loglike is 1.8530580101863947, num_events is 112141, mark_ll is -1.3142994140050248, time_ll is 3.167357476441489[0m
[31;1m2026-09-28 17:48:09,791 - tpp_runner.py[pid:15508;line:140:_train_model] - CRITICAL: current best loglike on valid set is 1.4323 (updated at epoch-74), best updated at this epoch[0m
[38;20m2026-09-28 17:48:10,647 - tpp_runner.py[pid:15508;line:104:_train_model] - INFO: [ Epoch 75 (train) ]: train loglike is 1.8082719385040709, num_events is 242824, mark_ll is -1.2683804719737855, time_ll is 3.076652466781496[0m
[38;20m2026-09-28 17:48:10,739 - tpp_runner.py[pid:15508;line:116:_train_model] - INFO: [ Epoch 75 (valid) ]:  valid loglike is 1.4258569460868313, num_events is 52959, mark_ll is -1.2767369550471828, time_ll is 2.702593855034083[0m
[38;20m2026-09-28 17:48:10,943 - tpp_runner.py[pid:15508;line:136:_train_model] - INFO: [ Epoch 75 (test) ]: test loglike is 1.8427837481803042, num_events is 112141, mark_ll is -1.3129627440287228, time_ll is 3.15574658800082[0m
[31;1m2026-09-28 17:48:10,943 - tpp_runner.py[pid:15508;line:140:_train_model] - CRITICAL: current best loglike on valid set is 1.4323 (updated at epoch-74)[0m
[38;20m2026-09-28 17:48:11,777 - tpp_runner.py[pid:15508;line:104:_train_model] - INFO: [ Epoch 76 (train) ]: train loglike is 1.8127931730517783, num_events is 242824, mark_ll is -1.2676275314438132, time_ll is 3.0804206683003947[0m
[38;20m2026-09-28 17:48:11,864 - tpp_runner.py[pid:15508;line:116:_train_model] - INFO: [ Epoch 76 (valid) ]:  valid loglike is 1.428624066789875, num_events is 52959, mark_ll is -1.2778049982504154, time_ll is 2.706429074260277[0m
[38;20m2026-09-28 17:48:12,044 - tpp_runner.py[pid:15508;line:136:_train_model] - INFO: [ Epoch 76 (test) ]: test loglike is 1.8417772115573252, num_events is 112141, mark_ll is -1.3133902976359004, time_ll is 3.15516753531826[0m
[31;1m2026-09-28 17:48:12,044 - tpp_runner.py[pid:15508;line:140:_train_model] - CRITICAL: current best loglike on valid set is 1.4323 (updated at epoch-74)[0m
[38;20m2026-09-28 17:48:12,898 - tpp_runner.py[pid:15508;line:104:_train_model] - INFO: [ Epoch 77 (train) ]: train loglike is 1.8149457536953204, num_events is 242824, mark_ll is -1.267598165074035, time_ll is 3.082543975072995[0m
[38;20m2026-09-28 17:48:12,997 - tpp_runner.py[pid:15508;line:116:_train_model] - INFO: [ Epoch 77 (valid) ]:  valid loglike is 1.4367821871931588, num_events is 52959, mark_ll is -1.2787396005931475, time_ll is 2.715521806226279[0m
[38;20m2026-09-28 17:48:13,218 - tpp_runner.py[pid:15508;line:136:_train_model] - INFO: [ Epoch 77 (test) ]: test loglike is 1.8467391742036812, num_events is 112141, mark_ll is -1.3151029242761345, time_ll is 3.161842028813057[0m
[31;1m2026-09-28 17:48:13,218 - tpp_runner.py[pid:15508;line:140:_train_model] - CRITICAL: current best loglike on valid set is 1.4368 (updated at epoch-77), best updated at this epoch[0m
[38;20m2026-09-28 17:48:14,064 - tpp_runner.py[pid:15508;line:104:_train_model] - INFO: [ Epoch 78 (train) ]: train loglike is 1.8210549439228618, num_events is 242824, mark_ll is -1.2690911807523144, time_ll is 3.0901461488053075[0m
[38;20m2026-09-28 17:48:14,159 - tpp_runner.py[pid:15508;line:116:_train_model] - INFO: [ Epoch 78 (valid) ]:  valid loglike is 1.4351581972610887, num_events is 52959, mark_ll is -1.2806668358718536, time_ll is 2.715825051572915[0m
[38;20m2026-09-28 17:48:14,332 - tpp_runner.py[pid:15508;line:136:_train_model] - INFO: [ Epoch 78 (test) ]: test loglike is 1.848870019105412, num_events is 112141, mark_ll is -1.31698180192793, time_ll is 3.165851821033342[0m
[31;1m2026-09-28 17:48:14,332 - tpp_runner.py[pid:15508;line:140:_train_model] - CRITICAL: current best loglike on valid set is 1.4368 (updated at epoch-77)[0m
[38;20m2026-09-28 17:48:15,211 - tpp_runner.py[pid:15508;line:104:_train_model] - INFO: [ Epoch 79 (train) ]: train loglike is 1.8180790834166414, num_events is 242824, mark_ll is -1.2688899314356799, time_ll is 3.086968998765567[0m
[38;20m2026-09-28 17:48:15,290 - tpp_runner.py[pid:15508;line:116:_train_model] - INFO: [ Epoch 79 (valid) ]:  valid loglike is 1.4149481534359127, num_events is 52959, mark_ll is -1.2804439611450604, time_ll is 2.695392160680904[0m
[38;20m2026-09-28 17:48:15,491 - tpp_runner.py[pid:15508;line:136:_train_model] - INFO: [ Epoch 79 (test) ]: test loglike is 1.8383272265774784, num_events is 112141, mark_ll is -1.3163402320376802, time_ll is 3.154667502156883[0m
[31;1m2026-09-28 17:48:15,491 - tpp_runner.py[pid:15508;line:140:_train_model] - CRITICAL: current best loglike on valid set is 1.4368 (updated at epoch-77)[0m
[38;20m2026-09-28 17:48:16,323 - tpp_runner.py[pid:15508;line:104:_train_model] - INFO: [ Epoch 80 (train) ]: train loglike is 1.8183008393231825, num_events is 242824, mark_ll is -1.2681953898451142, time_ll is 3.086496201016477[0m
[38;20m2026-09-28 17:48:16,419 - tpp_runner.py[pid:15508;line:116:_train_model] - INFO: [ Epoch 80 (valid) ]:  valid loglike is 1.434096681808097, num_events is 52959, mark_ll is -1.2775619317538096, time_ll is 2.7116586320018787[0m
[38;20m2026-09-28 17:48:16,604 - tpp_runner.py[pid:15508;line:136:_train_model] - INFO: [ Epoch 80 (test) ]: test loglike is 1.848679045102817, num_events is 112141, mark_ll is -1.3156834138355953, time_ll is 3.1643624328133777[0m
[31;1m2026-09-28 17:48:16,604 - tpp_runner.py[pid:15508;line:140:_train_model] - CRITICAL: current best loglike on valid set is 1.4368 (updated at epoch-77)[0m
[38;20m2026-09-28 17:48:17,455 - tpp_runner.py[pid:15508;line:104:_train_model] - INFO: [ Epoch 81 (train) ]: train loglike is 1.822109008382872, num_events is 242824, mark_ll is -1.2679081447622558, time_ll is 3.0900171410800623[0m
[38;20m2026-09-28 17:48:17,545 - tpp_runner.py[pid:15508;line:116:_train_model] - INFO: [ Epoch 81 (valid) ]:  valid loglike is 1.4329390387788195, num_events is 52959, mark_ll is -1.2805977228551804, time_ll is 2.713536761634[0m
[38;20m2026-09-28 17:48:17,741 - tpp_runner.py[pid:15508;line:136:_train_model] - INFO: [ Epoch 81 (test) ]: test loglike is 1.8587000510239342, num_events is 112141, mark_ll is -1.316751466206606, time_ll is 3.1754515520639197[0m
[31;1m2026-09-28 17:48:17,741 - tpp_runner.py[pid:15508;line:140:_train_model] - CRITICAL: current best loglike on valid set is 1.4368 (updated at epoch-77)[0m
[38;20m2026-09-28 17:48:18,569 - tpp_runner.py[pid:15508;line:104:_train_model] - INFO: [ Epoch 82 (train) ]: train loglike is 1.8261945874860752, num_events is 242824, mark_ll is -1.2683409307319808, time_ll is 3.094535540337343[0m
[38;20m2026-09-28 17:48:18,664 - tpp_runner.py[pid:15508;line:116:_train_model] - INFO: [ Epoch 82 (valid) ]:  valid loglike is 1.4313662013302744, num_events is 52959, mark_ll is -1.2815953069237522, time_ll is 2.712961508254027[0m
[38;20m2026-09-28 17:48:18,846 - tpp_runner.py[pid:15508;line:136:_train_model] - INFO: [ Epoch 82 (test) ]: test loglike is 1.8581683020706075, num_events is 112141, mark_ll is -1.3176270902814313, time_ll is 3.1757953749353494[0m
[31;1m2026-09-28 17:48:18,846 - tpp_runner.py[pid:15508;line:140:_train_model] - CRITICAL: current best loglike on valid set is 1.4368 (updated at epoch-77)[0m
[38;20m2026-09-28 17:48:19,680 - tpp_runner.py[pid:15508;line:104:_train_model] - INFO: [ Epoch 83 (train) ]: train loglike is 1.8274003882441603, num_events is 242824, mark_ll is -1.268167740736346, time_ll is 3.095568124958818[0m
[38;20m2026-09-28 17:48:19,771 - tpp_runner.py[pid:15508;line:116:_train_model] - INFO: [ Epoch 83 (valid) ]:  valid loglike is 1.4299346140705547, num_events is 52959, mark_ll is -1.28094444965681, time_ll is 2.7108790084074474[0m
[38;20m2026-09-28 17:48:19,970 - tpp_runner.py[pid:15508;line:136:_train_model] - INFO: [ Epoch 83 (test) ]: test loglike is 1.8554844511457673, num_events is 112141, mark_ll is -1.3173552418802, time_ll is 3.1728397278593468[0m
[31;1m2026-09-28 17:48:19,970 - tpp_runner.py[pid:15508;line:140:_train_model] - CRITICAL: current best loglike on valid set is 1.4368 (updated at epoch-77)[0m
[38;20m2026-09-28 17:48:20,783 - tpp_runner.py[pid:15508;line:104:_train_model] - INFO: [ Epoch 84 (train) ]: train loglike is 1.8292269587489292, num_events is 242824, mark_ll is -1.2685636397787081, time_ll is 3.097790574397506[0m
[38;20m2026-09-28 17:48:20,869 - tpp_runner.py[pid:15508;line:116:_train_model] - INFO: [ Epoch 84 (valid) ]:  valid loglike is 1.4368260558875734, num_events is 52959, mark_ll is -1.2795672695357494, time_ll is 2.7163932977633642[0m
[38;20m2026-09-28 17:48:21,043 - tpp_runner.py[pid:15508;line:136:_train_model] - INFO: [ Epoch 84 (test) ]: test loglike is 1.8548289479037552, num_events is 112141, mark_ll is -1.3167111204449087, time_ll is 3.1715400596403187[0m
[31;1m2026-09-28 17:48:21,043 - tpp_runner.py[pid:15508;line:140:_train_model] - CRITICAL: current best loglike on valid set is 1.4368 (updated at epoch-84), best updated at this epoch[0m
[38;20m2026-09-28 17:48:21,899 - tpp_runner.py[pid:15508;line:104:_train_model] - INFO: [ Epoch 85 (train) ]: train loglike is 1.8315794716061067, num_events is 242824, mark_ll is -1.2685323791936238, time_ll is 3.1001118367238205[0m
[38;20m2026-09-28 17:48:21,999 - tpp_runner.py[pid:15508;line:116:_train_model] - INFO: [ Epoch 85 (valid) ]:  valid loglike is 1.4351023610245661, num_events is 52959, mark_ll is -1.2808357183593677, time_ll is 2.7159380517239753[0m
[38;20m2026-09-28 17:48:22,204 - tpp_runner.py[pid:15508;line:136:_train_model] - INFO: [ Epoch 85 (test) ]: test loglike is 1.8565869014789418, num_events is 112141, mark_ll is -1.3170758694690168, time_ll is 3.1736628231980273[0m
[31;1m2026-09-28 17:48:22,204 - tpp_runner.py[pid:15508;line:140:_train_model] - CRITICAL: current best loglike on valid set is 1.4368 (updated at epoch-84)[0m
[38;20m2026-09-28 17:48:23,064 - tpp_runner.py[pid:15508;line:104:_train_model] - INFO: [ Epoch 86 (train) ]: train loglike is 1.8342893798594868, num_events is 242824, mark_ll is -1.2683290707724524, time_ll is 3.1026184104150536[0m
[38;20m2026-09-28 17:48:23,152 - tpp_runner.py[pid:15508;line:116:_train_model] - INFO: [ Epoch 86 (valid) ]:  valid loglike is 1.4319906709966672, num_events is 52959, mark_ll is -1.2818458508291792, time_ll is 2.7138364480659565[0m
[38;20m2026-09-28 17:48:23,332 - tpp_runner.py[pid:15508;line:136:_train_model] - INFO: [ Epoch 86 (test) ]: test loglike is 1.858583124077612, num_events is 112141, mark_ll is -1.3174804940042, time_ll is 3.1760636093734673[0m
[31;1m2026-09-28 17:48:23,332 - tpp_runner.py[pid:15508;line:140:_train_model] - CRITICAL: current best loglike on valid set is 1.4368 (updated at epoch-84)[0m
[38;20m2026-09-28 17:48:24,195 - tpp_runner.py[pid:15508;line:104:_train_model] - INFO: [ Epoch 87 (train) ]: train loglike is 1.83591239058755, num_events is 242824, mark_ll is -1.2687323134181032, time_ll is 3.1046447703635143[0m
[38;20m2026-09-28 17:48:24,357 - tpp_runner.py[pid:15508;line:116:_train_model] - INFO: [ Epoch 87 (valid) ]:  valid loglike is 1.4347322707778658, num_events is 52959, mark_ll is -1.281219186806067, time_ll is 2.7159514022640154[0m
[38;20m2026-09-28 17:48:24,538 - tpp_runner.py[pid:15508;line:136:_train_model] - INFO: [ Epoch 87 (test) ]: test loglike is 1.8587986381959989, num_events is 112141, mark_ll is -1.3172555052066148, time_ll is 3.176054134694269[0m
[31;1m2026-09-28 17:48:24,538 - tpp_runner.py[pid:15508;line:140:_train_model] - CRITICAL: current best loglike on valid set is 1.4368 (updated at epoch-84)[0m
[38;20m2026-09-28 17:48:25,388 - tpp_runner.py[pid:15508;line:104:_train_model] - INFO: [ Epoch 88 (train) ]: train loglike is 1.8380003628045674, num_events is 242824, mark_ll is -1.2683727664185274, time_ll is 3.106373131233939[0m
[38;20m2026-09-28 17:48:25,467 - tpp_runner.py[pid:15508;line:116:_train_model] - INFO: [ Epoch 88 (valid) ]:  valid loglike is 1.4323444418677655, num_events is 52959, mark_ll is -1.2814714825088749, time_ll is 2.7138159428166126[0m
[38;20m2026-09-28 17:48:25,667 - tpp_runner.py[pid:15508;line:136:_train_model] - INFO: [ Epoch 88 (test) ]: test loglike is 1.856267305222889, num_events is 112141, mark_ll is -1.3175177395951303, time_ll is 3.1737850186929846[0m
[31;1m2026-09-28 17:48:25,667 - tpp_runner.py[pid:15508;line:140:_train_model] - CRITICAL: current best loglike on valid set is 1.4368 (updated at epoch-84)[0m
[38;20m2026-09-28 17:48:26,531 - tpp_runner.py[pid:15508;line:104:_train_model] - INFO: [ Epoch 89 (train) ]: train loglike is 1.8374300994335147, num_events is 242824, mark_ll is -1.2684565985163123, time_ll is 3.1058867321341794[0m
[38;20m2026-09-28 17:48:26,622 - tpp_runner.py[pid:15508;line:116:_train_model] - INFO: [ Epoch 89 (valid) ]:  valid loglike is 1.4336311093841463, num_events is 52959, mark_ll is -1.2813785542678062, time_ll is 2.715009672871939[0m
[38;20m2026-09-28 17:48:26,807 - tpp_runner.py[pid:15508;line:136:_train_model] - INFO: [ Epoch 89 (test) ]: test loglike is 1.8567514456549121, num_events is 112141, mark_ll is -1.3170094247977993, time_ll is 3.1737607746609178[0m
[31;1m2026-09-28 17:48:26,807 - tpp_runner.py[pid:15508;line:140:_train_model] - CRITICAL: current best loglike on valid set is 1.4368 (updated at epoch-84)[0m
[38;20m2026-09-28 17:48:27,630 - tpp_runner.py[pid:15508;line:104:_train_model] - INFO: [ Epoch 90 (train) ]: train loglike is 1.8396441837600226, num_events is 242824, mark_ll is -1.2686872584412991, time_ll is 3.1083313959519034[0m
[38;20m2026-09-28 17:48:27,722 - tpp_runner.py[pid:15508;line:116:_train_model] - INFO: [ Epoch 90 (valid) ]:  valid loglike is 1.4362069706931306, num_events is 52959, mark_ll is -1.2810381800366792, time_ll is 2.7172451507298097[0m
[38;20m2026-09-28 17:48:27,911 - tpp_runner.py[pid:15508;line:136:_train_model] - INFO: [ Epoch 90 (test) ]: test loglike is 1.8567145309810864, num_events is 112141, mark_ll is -1.3169224197243872, time_ll is 3.1736370116638875[0m
[31;1m2026-09-28 17:48:27,911 - tpp_runner.py[pid:15508;line:140:_train_model] - CRITICAL: current best loglike on valid set is 1.4368 (updated at epoch-84)[0m
[38;20m2026-09-28 17:48:28,752 - tpp_runner.py[pid:15508;line:104:_train_model] - INFO: [ Epoch 91 (train) ]: train loglike is 1.839370634537515, num_events is 242824, mark_ll is -1.2686680548784819, time_ll is 3.108038721589505[0m
[38;20m2026-09-28 17:48:28,834 - tpp_runner.py[pid:15508;line:116:_train_model] - INFO: [ Epoch 91 (valid) ]:  valid loglike is 1.4321461384042373, num_events is 52959, mark_ll is -1.2809948461014653, time_ll is 2.71314103982562[0m
[38;20m2026-09-28 17:48:29,025 - tpp_runner.py[pid:15508;line:136:_train_model] - INFO: [ Epoch 91 (test) ]: test loglike is 1.8567181623608895, num_events is 112141, mark_ll is -1.316723007335631, time_ll is 3.1734411261547963[0m
[31;1m2026-09-28 17:48:29,025 - tpp_runner.py[pid:15508;line:140:_train_model] - CRITICAL: current best loglike on valid set is 1.4368 (updated at epoch-84)[0m
[38;20m2026-09-28 17:48:29,854 - tpp_runner.py[pid:15508;line:104:_train_model] - INFO: [ Epoch 92 (train) ]: train loglike is 1.8421214574393387, num_events is 242824, mark_ll is -1.268643679424192, time_ll is 3.110765152950285[0m
[38;20m2026-09-28 17:48:29,933 - tpp_runner.py[pid:15508;line:116:_train_model] - INFO: [ Epoch 92 (valid) ]:  valid loglike is 1.431612670001794, num_events is 52959, mark_ll is -1.281189830369956, time_ll is 2.7128024450518327[0m
[38;20m2026-09-28 17:48:30,122 - tpp_runner.py[pid:15508;line:136:_train_model] - INFO: [ Epoch 92 (test) ]: test loglike is 1.8565228690192481, num_events is 112141, mark_ll is -1.3169388959128463, time_ll is 3.1734618345988532[0m
[31;1m2026-09-28 17:48:30,122 - tpp_runner.py[pid:15508;line:140:_train_model] - CRITICAL: current best loglike on valid set is 1.4368 (updated at epoch-84)[0m
[38;20m2026-09-28 17:48:31,000 - tpp_runner.py[pid:15508;line:104:_train_model] - INFO: [ Epoch 93 (train) ]: train loglike is 1.8403331150950637, num_events is 242824, mark_ll is -1.2686222398025422, time_ll is 3.1089553609301386[0m
[38;20m2026-09-28 17:48:31,086 - tpp_runner.py[pid:15508;line:116:_train_model] - INFO: [ Epoch 93 (valid) ]:  valid loglike is 1.4356073765495478, num_events is 52959, mark_ll is -1.2813674073044714, time_ll is 2.7169747100941293[0m
[38;20m2026-09-28 17:48:31,287 - tpp_runner.py[pid:15508;line:136:_train_model] - INFO: [ Epoch 93 (test) ]: test loglike is 1.8559020424064347, num_events is 112141, mark_ll is -1.3171387350105002, time_ll is 3.17304076870859[0m
[31;1m2026-09-28 17:48:31,287 - tpp_runner.py[pid:15508;line:140:_train_model] - CRITICAL: current best loglike on valid set is 1.4368 (updated at epoch-84)[0m
[38;20m2026-09-28 17:48:32,159 - tpp_runner.py[pid:15508;line:104:_train_model] - INFO: [ Epoch 94 (train) ]: train loglike is 1.8409509490091074, num_events is 242824, mark_ll is -1.268549881582185, time_ll is 3.1095008386346694[0m
[38;20m2026-09-28 17:48:32,238 - tpp_runner.py[pid:15508;line:116:_train_model] - INFO: [ Epoch 94 (valid) ]:  valid loglike is 1.435564614253479, num_events is 52959, mark_ll is -1.281551917668621, time_ll is 2.717116439722238[0m
[38;20m2026-09-28 17:48:32,429 - tpp_runner.py[pid:15508;line:136:_train_model] - INFO: [ Epoch 94 (test) ]: test loglike is 1.8555623124570853, num_events is 112141, mark_ll is -1.317360057594903, time_ll is 3.1729222829685395[0m
[31;1m2026-09-28 17:48:32,429 - tpp_runner.py[pid:15508;line:140:_train_model] - CRITICAL: current best loglike on valid set is 1.4368 (updated at epoch-84)[0m
[38;20m2026-09-28 17:48:33,370 - tpp_runner.py[pid:15508;line:104:_train_model] - INFO: [ Epoch 95 (train) ]: train loglike is 1.8421164725563834, num_events is 242824, mark_ll is -1.268587214916977, time_ll is 3.110703693505893[0m
[38;20m2026-09-28 17:48:33,449 - tpp_runner.py[pid:15508;line:116:_train_model] - INFO: [ Epoch 95 (valid) ]:  valid loglike is 1.4365770978197756, num_events is 52959, mark_ll is -1.2814698597913008, time_ll is 2.7180469207311315[0m
[38;20m2026-09-28 17:48:33,664 - tpp_runner.py[pid:15508;line:136:_train_model] - INFO: [ Epoch 95 (test) ]: test loglike is 1.8585416810644635, num_events is 112141, mark_ll is -1.317265006010848, time_ll is 3.1758066783669667[0m
[31;1m2026-09-28 17:48:33,664 - tpp_runner.py[pid:15508;line:140:_train_model] - CRITICAL: current best loglike on valid set is 1.4368 (updated at epoch-84)[0m
[38;20m2026-09-28 17:48:34,518 - tpp_runner.py[pid:15508;line:104:_train_model] - INFO: [ Epoch 96 (train) ]: train loglike is 1.8428191540445704, num_events is 242824, mark_ll is -1.2686503835790017, time_ll is 3.1114695436561046[0m
[38;20m2026-09-28 17:48:34,605 - tpp_runner.py[pid:15508;line:116:_train_model] - INFO: [ Epoch 96 (valid) ]:  valid loglike is 1.4344244338780945, num_events is 52959, mark_ll is -1.2812989028068884, time_ll is 2.7157233366849827[0m
[38;20m2026-09-28 17:48:34,793 - tpp_runner.py[pid:15508;line:136:_train_model] - INFO: [ Epoch 96 (test) ]: test loglike is 1.8558489476278748, num_events is 112141, mark_ll is -1.3170573381111725, time_ll is 3.172906311864082[0m
[31;1m2026-09-28 17:48:34,793 - tpp_runner.py[pid:15508;line:140:_train_model] - CRITICAL: current best loglike on valid set is 1.4368 (updated at epoch-84)[0m
[38;20m2026-09-28 17:48:35,644 - tpp_runner.py[pid:15508;line:104:_train_model] - INFO: [ Epoch 97 (train) ]: train loglike is 1.8420809791441024, num_events is 242824, mark_ll is -1.268610592992507, time_ll is 3.110691539963101[0m
[38;20m2026-09-28 17:48:35,734 - tpp_runner.py[pid:15508;line:116:_train_model] - INFO: [ Epoch 97 (valid) ]:  valid loglike is 1.4315467286603787, num_events is 52959, mark_ll is -1.2812497971603032, time_ll is 2.712796581140599[0m
[38;20m2026-09-28 17:48:35,924 - tpp_runner.py[pid:15508;line:136:_train_model] - INFO: [ Epoch 97 (test) ]: test loglike is 1.856278747988024, num_events is 112141, mark_ll is -1.3169957614047272, time_ll is 3.1732744832677167[0m
[31;1m2026-09-28 17:48:35,924 - tpp_runner.py[pid:15508;line:140:_train_model] - CRITICAL: current best loglike on valid set is 1.4368 (updated at epoch-84)[0m
[38;20m2026-09-28 17:48:36,737 - tpp_runner.py[pid:15508;line:104:_train_model] - INFO: [ Epoch 98 (train) ]: train loglike is 1.8418570555474336, num_events is 242824, mark_ll is -1.2685999998648714, time_ll is 3.1104570674773706[0m
[38;20m2026-09-28 17:48:36,832 - tpp_runner.py[pid:15508;line:116:_train_model] - INFO: [ Epoch 98 (valid) ]:  valid loglike is 1.435856998456353, num_events is 52959, mark_ll is -1.2812295592905596, time_ll is 2.717086511646982[0m
[38;20m2026-09-28 17:48:37,021 - tpp_runner.py[pid:15508;line:136:_train_model] - INFO: [ Epoch 98 (test) ]: test loglike is 1.8570594249789327, num_events is 112141, mark_ll is -1.3169698192454142, time_ll is 3.1740292180993124[0m
[31;1m2026-09-28 17:48:37,021 - tpp_runner.py[pid:15508;line:140:_train_model] - CRITICAL: current best loglike on valid set is 1.4368 (updated at epoch-84)[0m
[38;20m2026-09-28 17:48:37,867 - tpp_runner.py[pid:15508;line:104:_train_model] - INFO: [ Epoch 99 (train) ]: train loglike is 1.842440518100301, num_events is 242824, mark_ll is -1.2685939190717865, time_ll is 3.111034404998579[0m
[38;20m2026-09-28 17:48:37,946 - tpp_runner.py[pid:15508;line:116:_train_model] - INFO: [ Epoch 99 (valid) ]:  valid loglike is 1.4307835535213562, num_events is 52959, mark_ll is -1.2812265259150948, time_ll is 2.7120101531963408[0m
[38;20m2026-09-28 17:48:38,135 - tpp_runner.py[pid:15508;line:136:_train_model] - INFO: [ Epoch 99 (test) ]: test loglike is 1.857287644572458, num_events is 112141, mark_ll is -1.3169665623244398, time_ll is 3.174254189480208[0m
[31;1m2026-09-28 17:48:38,135 - tpp_runner.py[pid:15508;line:140:_train_model] - CRITICAL: current best loglike on valid set is 1.4368 (updated at epoch-84)[0m
[38;20m2026-09-28 17:48:38,135 - base_runner.py[pid:15508;line:118:train] - INFO: End THP train! Cost time: 1.912m[0m
RESULT {"model": "THP", "dataset": "lob_msft", "seed": 2019, "ll_per_event": 1.8548289479037552, "mark_ll": -1.3167111204449087, "time_ll": 3.1715400596403187, "val_ll": 1.4368260558875734, "best_epoch": 84, "n_params": 51224, "seconds": 115.42097282409668, "max_epoch": 100, "batch_size": 64}
