
=== Thu Oct  1 02:46:36 2026 attempt 1: D:\Quant\.venv\Scripts\python.exe -u -m infodiff.baselines.easytpp_runner S2P2 amazon 16 2019 - 128
[31;1m2026-10-01 02:46:40,637 - config.py[pid:10760;line:33:build_from_yaml_file] - CRITICAL: Load pipeline config class RunnerConfig[0m
[31;1m2026-10-01 02:46:40,682 - runner_config.py[pid:10760;line:205:update_config] - CRITICAL: train model S2P2 using GPU with torch backend[0m
[38;20m2026-10-01 02:46:40,690 - runner_config.py[pid:10760;line:45:__init__] - INFO: Save the config to D:\Quant\results\easytpp\checkpoints/amazon/S2P2/train_2026_10_01_02_46_40\S2P2_train_output.yaml[0m
[38;20m2026-10-01 02:46:40,690 - base_runner.py[pid:10760;line:193:save_log] - INFO: Save the log to D:\Quant\results\easytpp\checkpoints/amazon/S2P2/train_2026_10_01_02_46_40\log[0m
0.5208579959856416 0.33867220303819207
min_dt: 0.0100000147
max_dt: 0.7999971801
[38;20m2026-10-01 02:46:53,583 - tpp_runner.py[pid:10760;line:62:_init_model] - INFO: Num of model parameters 36640[0m
[38;20m2026-10-01 02:46:54,751 - base_runner.py[pid:10760;line:103:train] - INFO: Data 'amazon' loaded...[0m
[38;20m2026-10-01 02:46:54,751 - base_runner.py[pid:10760;line:108:train] - INFO: Start S2P2 training...[0m
[38;20m2026-10-01 02:49:43,324 - tpp_runner.py[pid:10760;line:104:_train_model] - INFO: [ Epoch 0 (train) ]: train loglike is -3.6839715473617796, num_events is 281923, mark_ll is -2.4643539446192975, time_ll is -1.2196175835284764[0m
[38;20m2026-10-01 02:49:44,524 - tpp_runner.py[pid:10760;line:116:_train_model] - INFO: [ Epoch 0 (valid) ]:  valid loglike is -1.6978878293208644, num_events is 40073, mark_ll is -2.232721560008453, time_ll is 0.5348337824729634[0m
[38;20m2026-10-01 02:49:47,072 - tpp_runner.py[pid:10760;line:136:_train_model] - INFO: [ Epoch 0 (test) ]: test loglike is -1.6932248016769165, num_events is 82197, mark_ll is -2.210471013996861, time_ll is 0.5172461944988108[0m
[31;1m2026-10-01 02:49:47,072 - tpp_runner.py[pid:10760;line:140:_train_model] - CRITICAL: current best loglike on valid set is -1.6979 (updated at epoch-0), best updated at this epoch[0m
[38;20m2026-10-01 02:52:14,185 - tpp_runner.py[pid:10760;line:104:_train_model] - INFO: [ Epoch 1 (train) ]: train loglike is -1.163041910040319, num_events is 281923, mark_ll is -2.201724126440331, time_ll is 1.0386822198639456[0m
[38;20m2026-10-01 02:52:15,343 - tpp_runner.py[pid:10760;line:116:_train_model] - INFO: [ Epoch 1 (valid) ]:  valid loglike is -1.8150729776556223, num_events is 40073, mark_ll is -2.216540336347104, time_ll is 0.40146734802978706[0m
[38;20m2026-10-01 02:52:17,690 - tpp_runner.py[pid:10760;line:136:_train_model] - INFO: [ Epoch 1 (test) ]: test loglike is -1.8270212302456295, num_events is 82197, mark_ll is -2.1979053324254534, time_ll is 0.3708840828735956[0m
[31;1m2026-10-01 02:52:17,690 - tpp_runner.py[pid:10760;line:140:_train_model] - CRITICAL: current best loglike on valid set is -1.6979 (updated at epoch-0)[0m
[38;20m2026-10-01 02:54:45,020 - tpp_runner.py[pid:10760;line:104:_train_model] - INFO: [ Epoch 2 (train) ]: train loglike is -0.6401467959817901, num_events is 281923, mark_ll is -2.1852863837433003, time_ll is 1.545139584081081[0m
[38;20m2026-10-01 02:54:46,218 - tpp_runner.py[pid:10760;line:116:_train_model] - INFO: [ Epoch 2 (valid) ]:  valid loglike is -0.5113116849713141, num_events is 40073, mark_ll is -2.125780728490817, time_ll is 1.6144689871648303[0m
[38;20m2026-10-01 02:54:48,813 - tpp_runner.py[pid:10760;line:136:_train_model] - INFO: [ Epoch 2 (test) ]: test loglike is -0.5074486072950123, num_events is 82197, mark_ll is -2.108836403748388, time_ll is 1.6013878053639428[0m
[31;1m2026-10-01 02:54:48,813 - tpp_runner.py[pid:10760;line:140:_train_model] - CRITICAL: current best loglike on valid set is -0.5113 (updated at epoch-2), best updated at this epoch[0m
[38;20m2026-10-01 02:57:15,352 - tpp_runner.py[pid:10760;line:104:_train_model] - INFO: [ Epoch 3 (train) ]: train loglike is -0.25828088601312427, num_events is 281923, mark_ll is -2.1254718275662814, time_ll is 1.867190931026047[0m
[38;20m2026-10-01 02:57:16,510 - tpp_runner.py[pid:10760;line:116:_train_model] - INFO: [ Epoch 3 (valid) ]:  valid loglike is -0.9069894205160542, num_events is 40073, mark_ll is -2.102113995961277, time_ll is 1.1951245434601383[0m
[38;20m2026-10-01 02:57:18,865 - tpp_runner.py[pid:10760;line:136:_train_model] - INFO: [ Epoch 3 (test) ]: test loglike is -0.9044702033491185, num_events is 82197, mark_ll is -2.085798221897545, time_ll is 1.1813280749820172[0m
[31;1m2026-10-01 02:57:18,865 - tpp_runner.py[pid:10760;line:140:_train_model] - CRITICAL: current best loglike on valid set is -0.5113 (updated at epoch-2)[0m
[38;20m2026-10-01 02:59:45,581 - tpp_runner.py[pid:10760;line:104:_train_model] - INFO: [ Epoch 4 (train) ]: train loglike is -0.024657173156197042, num_events is 281923, mark_ll is -2.0999673915700163, time_ll is 2.075310186923823[0m
[38;20m2026-10-01 02:59:46,703 - tpp_runner.py[pid:10760;line:116:_train_model] - INFO: [ Epoch 4 (valid) ]:  valid loglike is 0.1059119265695818, num_events is 40073, mark_ll is -2.060211610393064, time_ll is 2.1661236005520395[0m
[38;20m2026-10-01 02:59:49,279 - tpp_runner.py[pid:10760;line:136:_train_model] - INFO: [ Epoch 4 (test) ]: test loglike is 0.12371565612045224, num_events is 82197, mark_ll is -2.042325377361324, time_ll is 2.1660410260563037[0m
[31;1m2026-10-01 02:59:49,279 - tpp_runner.py[pid:10760;line:140:_train_model] - CRITICAL: current best loglike on valid set is 0.1059 (updated at epoch-4), best updated at this epoch[0m
[38;20m2026-10-01 03:02:16,462 - tpp_runner.py[pid:10760;line:104:_train_model] - INFO: [ Epoch 5 (train) ]: train loglike is 0.20433723453847513, num_events is 281923, mark_ll is -2.0397739018610577, time_ll is 2.2441111503905766[0m
[38;20m2026-10-01 03:02:17,590 - tpp_runner.py[pid:10760;line:116:_train_model] - INFO: [ Epoch 5 (valid) ]:  valid loglike is 0.39605541389649435, num_events is 40073, mark_ll is -2.0242906792759463, time_ll is 2.420346076418349[0m
[38;20m2026-10-01 03:02:19,928 - tpp_runner.py[pid:10760;line:136:_train_model] - INFO: [ Epoch 5 (test) ]: test loglike is 0.38279842724453145, num_events is 82197, mark_ll is -2.004827353131045, time_ll is 2.387625756614064[0m
[31;1m2026-10-01 03:02:19,928 - tpp_runner.py[pid:10760;line:140:_train_model] - CRITICAL: current best loglike on valid set is 0.3961 (updated at epoch-5), best updated at this epoch[0m
[38;20m2026-10-01 03:04:46,770 - tpp_runner.py[pid:10760;line:104:_train_model] - INFO: [ Epoch 6 (train) ]: train loglike is 0.3892120170703539, num_events is 281923, mark_ll is -2.018524388474424, time_ll is 2.407736422323205[0m
[38;20m2026-10-01 03:04:47,949 - tpp_runner.py[pid:10760;line:116:_train_model] - INFO: [ Epoch 6 (valid) ]:  valid loglike is 0.28418669299500093, num_events is 40073, mark_ll is -2.0368361553641168, time_ll is 2.3210228308434764[0m
[38;20m2026-10-01 03:04:50,276 - tpp_runner.py[pid:10760;line:136:_train_model] - INFO: [ Epoch 6 (test) ]: test loglike is 0.26823578721794133, num_events is 82197, mark_ll is -2.017437813271774, time_ll is 2.2856736094002823[0m
[31;1m2026-10-01 03:04:50,276 - tpp_runner.py[pid:10760;line:140:_train_model] - CRITICAL: current best loglike on valid set is 0.3961 (updated at epoch-5)[0m
[38;20m2026-10-01 03:07:18,755 - tpp_runner.py[pid:10760;line:104:_train_model] - INFO: [ Epoch 7 (train) ]: train loglike is 0.35971549913399586, num_events is 281923, mark_ll is -2.0080764309425803, time_ll is 2.3677919061537858[0m
[38;20m2026-10-01 03:07:19,952 - tpp_runner.py[pid:10760;line:116:_train_model] - INFO: [ Epoch 7 (valid) ]:  valid loglike is 0.24256876372738892, num_events is 40073, mark_ll is -2.027047354885927, time_ll is 2.2696161475522016[0m
[38;20m2026-10-01 03:07:22,261 - tpp_runner.py[pid:10760;line:136:_train_model] - INFO: [ Epoch 7 (test) ]: test loglike is 0.2184916945436725, num_events is 82197, mark_ll is -2.006197762692069, time_ll is 2.2246894512953634[0m
[31;1m2026-10-01 03:07:22,261 - tpp_runner.py[pid:10760;line:140:_train_model] - CRITICAL: current best loglike on valid set is 0.3961 (updated at epoch-5)[0m
[38;20m2026-10-01 03:09:49,134 - tpp_runner.py[pid:10760;line:104:_train_model] - INFO: [ Epoch 8 (train) ]: train loglike is 0.3809157057016815, num_events is 281923, mark_ll is -2.007360861969625, time_ll is 2.388276595166278[0m
[38;20m2026-10-01 03:09:50,535 - tpp_runner.py[pid:10760;line:116:_train_model] - INFO: [ Epoch 8 (valid) ]:  valid loglike is 0.33664466203548643, num_events is 40073, mark_ll is -2.018550776181126, time_ll is 2.3551954938097346[0m
[38;20m2026-10-01 03:09:52,798 - tpp_runner.py[pid:10760;line:136:_train_model] - INFO: [ Epoch 8 (test) ]: test loglike is 0.33097365034849585, num_events is 82197, mark_ll is -1.9975478119639403, time_ll is 2.3285214667677194[0m
[31;1m2026-10-01 03:09:52,798 - tpp_runner.py[pid:10760;line:140:_train_model] - CRITICAL: current best loglike on valid set is 0.3961 (updated at epoch-5)[0m
[38;20m2026-10-01 03:12:19,756 - tpp_runner.py[pid:10760;line:104:_train_model] - INFO: [ Epoch 9 (train) ]: train loglike is 0.397628634743435, num_events is 281923, mark_ll is -2.00320700481326, time_ll is 2.4008356659691876[0m
[38;20m2026-10-01 03:12:20,892 - tpp_runner.py[pid:10760;line:116:_train_model] - INFO: [ Epoch 9 (valid) ]:  valid loglike is 0.40792632303468046, num_events is 40073, mark_ll is -1.9907842991228508, time_ll is 2.3987106891738983[0m
[38;20m2026-10-01 03:12:23,278 - tpp_runner.py[pid:10760;line:136:_train_model] - INFO: [ Epoch 9 (test) ]: test loglike is 0.39997909788897024, num_events is 82197, mark_ll is -1.968387411207982, time_ll is 2.3683665343435587[0m
[31;1m2026-10-01 03:12:23,278 - tpp_runner.py[pid:10760;line:140:_train_model] - CRITICAL: current best loglike on valid set is 0.4079 (updated at epoch-9), best updated at this epoch[0m
[38;20m2026-10-01 03:14:50,143 - tpp_runner.py[pid:10760;line:104:_train_model] - INFO: [ Epoch 10 (train) ]: train loglike is 0.4909932115322435, num_events is 281923, mark_ll is -1.9858797690465348, time_ll is 2.476872956764236[0m
[38;20m2026-10-01 03:14:51,272 - tpp_runner.py[pid:10760;line:116:_train_model] - INFO: [ Epoch 10 (valid) ]:  valid loglike is 0.5663938672030966, num_events is 40073, mark_ll is -1.9831565023227142, time_ll is 2.549550421311185[0m
[38;20m2026-10-01 03:14:53,623 - tpp_runner.py[pid:10760;line:136:_train_model] - INFO: [ Epoch 10 (test) ]: test loglike is 0.5610323197195077, num_events is 82197, mark_ll is -1.959407698216632, time_ll is 2.5204400506082187[0m
[31;1m2026-10-01 03:14:53,623 - tpp_runner.py[pid:10760;line:140:_train_model] - CRITICAL: current best loglike on valid set is 0.5664 (updated at epoch-10), best updated at this epoch[0m
[38;20m2026-10-01 03:17:20,238 - tpp_runner.py[pid:10760;line:104:_train_model] - INFO: [ Epoch 11 (train) ]: train loglike is 0.4722624413637475, num_events is 281923, mark_ll is -1.9893190548427673, time_ll is 2.4615814763971455[0m
[38;20m2026-10-01 03:17:21,377 - tpp_runner.py[pid:10760;line:116:_train_model] - INFO: [ Epoch 11 (valid) ]:  valid loglike is 0.40762914200139433, num_events is 40073, mark_ll is -2.0242408556532765, time_ll is 2.431869991562274[0m
[38;20m2026-10-01 03:17:23,718 - tpp_runner.py[pid:10760;line:136:_train_model] - INFO: [ Epoch 11 (test) ]: test loglike is 0.4186469718661797, num_events is 82197, mark_ll is -2.001273070527209, time_ll is 2.4199200513039556[0m
[31;1m2026-10-01 03:17:23,718 - tpp_runner.py[pid:10760;line:140:_train_model] - CRITICAL: current best loglike on valid set is 0.5664 (updated at epoch-10)[0m
[38;20m2026-10-01 03:19:50,939 - tpp_runner.py[pid:10760;line:104:_train_model] - INFO: [ Epoch 12 (train) ]: train loglike is 0.44486159134410425, num_events is 281923, mark_ll is -1.9925287528642572, time_ll is 2.437390326672199[0m
[38;20m2026-10-01 03:19:52,385 - tpp_runner.py[pid:10760;line:116:_train_model] - INFO: [ Epoch 12 (valid) ]:  valid loglike is 0.39600042087496956, num_events is 40073, mark_ll is -1.9861243465051281, time_ll is 2.3821248694277477[0m
[38;20m2026-10-01 03:19:54,745 - tpp_runner.py[pid:10760;line:136:_train_model] - INFO: [ Epoch 12 (test) ]: test loglike is 0.3950768529274563, num_events is 82197, mark_ll is -1.9638496871464286, time_ll is 2.358926572745964[0m
[31;1m2026-10-01 03:19:54,745 - tpp_runner.py[pid:10760;line:140:_train_model] - CRITICAL: current best loglike on valid set is 0.5664 (updated at epoch-10)[0m
[38;20m2026-10-01 03:22:30,512 - tpp_runner.py[pid:10760;line:104:_train_model] - INFO: [ Epoch 13 (train) ]: train loglike is 0.3047844737901686, num_events is 281923, mark_ll is -2.0046271499664803, time_ll is 2.3094116175865174[0m
[38;20m2026-10-01 03:22:31,946 - tpp_runner.py[pid:10760;line:116:_train_model] - INFO: [ Epoch 13 (valid) ]:  valid loglike is 0.3856477111766144, num_events is 40073, mark_ll is -1.9847944371638946, time_ll is 2.3704420645700504[0m
[38;20m2026-10-01 03:22:34,280 - tpp_runner.py[pid:10760;line:136:_train_model] - INFO: [ Epoch 13 (test) ]: test loglike is 0.38228023841897174, num_events is 82197, mark_ll is -1.962041881613304, time_ll is 2.344322135625768[0m
[31;1m2026-10-01 03:22:34,280 - tpp_runner.py[pid:10760;line:140:_train_model] - CRITICAL: current best loglike on valid set is 0.5664 (updated at epoch-10)[0m
[38;20m2026-10-01 03:25:01,513 - tpp_runner.py[pid:10760;line:104:_train_model] - INFO: [ Epoch 14 (train) ]: train loglike is 0.3763031328329926, num_events is 281923, mark_ll is -1.9872512684508492, time_ll is 2.3635543950054623[0m
[38;20m2026-10-01 03:25:02,958 - tpp_runner.py[pid:10760;line:116:_train_model] - INFO: [ Epoch 14 (valid) ]:  valid loglike is 0.5383094081450767, num_events is 40073, mark_ll is -1.9839010663449361, time_ll is 2.5222104546897226[0m
[38;20m2026-10-01 03:25:05,281 - tpp_runner.py[pid:10760;line:136:_train_model] - INFO: [ Epoch 14 (test) ]: test loglike is 0.5363138692808892, num_events is 82197, mark_ll is -1.9613697516047575, time_ll is 2.4976836327664027[0m
[31;1m2026-10-01 03:25:05,281 - tpp_runner.py[pid:10760;line:140:_train_model] - CRITICAL: current best loglike on valid set is 0.5664 (updated at epoch-10)[0m
[38;20m2026-10-01 03:27:31,195 - tpp_runner.py[pid:10760;line:104:_train_model] - INFO: [ Epoch 15 (train) ]: train loglike is 0.40541216370333166, num_events is 281923, mark_ll is -1.975732687039103, time_ll is 2.3811448845157854[0m
[38;20m2026-10-01 03:27:32,385 - tpp_runner.py[pid:10760;line:116:_train_model] - INFO: [ Epoch 15 (valid) ]:  valid loglike is 0.5792609243745399, num_events is 40073, mark_ll is -1.9734701515924844, time_ll is 2.5527310424588405[0m
[38;20m2026-10-01 03:27:34,706 - tpp_runner.py[pid:10760;line:136:_train_model] - INFO: [ Epoch 15 (test) ]: test loglike is 0.5646352599594952, num_events is 82197, mark_ll is -1.9505450225525263, time_ll is 2.5151803151841006[0m
[31;1m2026-10-01 03:27:34,722 - tpp_runner.py[pid:10760;line:140:_train_model] - CRITICAL: current best loglike on valid set is 0.5793 (updated at epoch-15), best updated at this epoch[0m
[38;20m2026-10-01 03:30:01,107 - tpp_runner.py[pid:10760;line:104:_train_model] - INFO: [ Epoch 16 (train) ]: train loglike is 0.49944768707485065, num_events is 281923, mark_ll is -1.9662848692700445, time_ll is 2.4657325866543127[0m
[38;20m2026-10-01 03:30:02,248 - tpp_runner.py[pid:10760;line:116:_train_model] - INFO: [ Epoch 16 (valid) ]:  valid loglike is 0.5621493003052632, num_events is 40073, mark_ll is -1.9645670211434445, time_ll is 2.526716281848127[0m
[38;20m2026-10-01 03:30:04,523 - tpp_runner.py[pid:10760;line:136:_train_model] - INFO: [ Epoch 16 (test) ]: test loglike is 0.5587395833095719, num_events is 82197, mark_ll is -1.9408672022796605, time_ll is 2.499606818261311[0m
[31;1m2026-10-01 03:30:04,719 - tpp_runner.py[pid:10760;line:140:_train_model] - CRITICAL: current best loglike on valid set is 0.5793 (updated at epoch-15)[0m
[38;20m2026-10-01 03:32:30,605 - tpp_runner.py[pid:10760;line:104:_train_model] - INFO: [ Epoch 17 (train) ]: train loglike is 0.48636737136558567, num_events is 281923, mark_ll is -1.9859388187194509, time_ll is 2.472306164105536[0m
[38;20m2026-10-01 03:32:31,828 - tpp_runner.py[pid:10760;line:116:_train_model] - INFO: [ Epoch 17 (valid) ]:  valid loglike is 0.5882910934858336, num_events is 40073, mark_ll is -1.9860809077145147, time_ll is 2.574372022523738[0m
[38;20m2026-10-01 03:32:34,233 - tpp_runner.py[pid:10760;line:136:_train_model] - INFO: [ Epoch 17 (test) ]: test loglike is 0.5887692633389524, num_events is 82197, mark_ll is -1.9642352473801508, time_ll is 2.55300451962967[0m
[31;1m2026-10-01 03:32:34,233 - tpp_runner.py[pid:10760;line:140:_train_model] - CRITICAL: current best loglike on valid set is 0.5883 (updated at epoch-17), best updated at this epoch[0m
[38;20m2026-10-01 03:36:23,318 - tpp_runner.py[pid:10760;line:104:_train_model] - INFO: [ Epoch 18 (train) ]: train loglike is 0.5080838900901964, num_events is 281923, mark_ll is -1.9805806800804209, time_ll is 2.4886645654077086[0m
[38;20m2026-10-01 03:36:24,485 - tpp_runner.py[pid:10760;line:116:_train_model] - INFO: [ Epoch 18 (valid) ]:  valid loglike is 0.5581653920437974, num_events is 40073, mark_ll is -1.9872242313052118, time_ll is 2.5453896126873143[0m
[38;20m2026-10-01 03:36:26,720 - tpp_runner.py[pid:10760;line:136:_train_model] - INFO: [ Epoch 18 (test) ]: test loglike is 0.5592645879763328, num_events is 82197, mark_ll is -1.9652522103908903, time_ll is 2.524516819158546[0m
[31;1m2026-10-01 03:36:26,720 - tpp_runner.py[pid:10760;line:140:_train_model] - CRITICAL: current best loglike on valid set is 0.5883 (updated at epoch-17)[0m
[38;20m2026-10-01 03:38:52,833 - tpp_runner.py[pid:10760;line:104:_train_model] - INFO: [ Epoch 19 (train) ]: train loglike is 0.4797163895077706, num_events is 281923, mark_ll is -1.9768563593272808, time_ll is 2.456572748185564[0m
[38;20m2026-10-01 03:38:54,010 - tpp_runner.py[pid:10760;line:116:_train_model] - INFO: [ Epoch 19 (valid) ]:  valid loglike is 0.2957097544417961, num_events is 40073, mark_ll is -1.9840757475517337, time_ll is 2.2797855461634082[0m
[38;20m2026-10-01 03:38:56,345 - tpp_runner.py[pid:10760;line:136:_train_model] - INFO: [ Epoch 19 (test) ]: test loglike is 0.28923754066307544, num_events is 82197, mark_ll is -1.9625601795933094, time_ll is 2.25179774847318[0m
[31;1m2026-10-01 03:38:56,345 - tpp_runner.py[pid:10760;line:140:_train_model] - CRITICAL: current best loglike on valid set is 0.5883 (updated at epoch-17)[0m
[38;20m2026-10-01 03:41:22,265 - tpp_runner.py[pid:10760;line:104:_train_model] - INFO: [ Epoch 20 (train) ]: train loglike is 0.42244628099153514, num_events is 281923, mark_ll is -1.9748488419128405, time_ll is 2.397295141523018[0m
[38;20m2026-10-01 03:41:23,422 - tpp_runner.py[pid:10760;line:116:_train_model] - INFO: [ Epoch 20 (valid) ]:  valid loglike is 0.5632991610379416, num_events is 40073, mark_ll is -1.9786014790585307, time_ll is 2.541900655327465[0m
[38;20m2026-10-01 03:41:25,772 - tpp_runner.py[pid:10760;line:136:_train_model] - INFO: [ Epoch 20 (test) ]: test loglike is 0.57431363120242, num_events is 82197, mark_ll is -1.9531919005369722, time_ll is 2.5275055183735415[0m
[31;1m2026-10-01 03:41:25,872 - tpp_runner.py[pid:10760;line:140:_train_model] - CRITICAL: current best loglike on valid set is 0.5883 (updated at epoch-17)[0m
[38;20m2026-10-01 03:43:51,945 - tpp_runner.py[pid:10760;line:104:_train_model] - INFO: [ Epoch 21 (train) ]: train loglike is 0.4450721662378225, num_events is 281923, mark_ll is -1.9707734047450456, time_ll is 2.4158455649209847[0m
[38;20m2026-10-01 03:43:53,098 - tpp_runner.py[pid:10760;line:116:_train_model] - INFO: [ Epoch 21 (valid) ]:  valid loglike is 0.025115424097573443, num_events is 40073, mark_ll is -1.9930157857418025, time_ll is 2.018131119690939[0m
[38;20m2026-10-01 03:43:56,944 - tpp_runner.py[pid:10760;line:136:_train_model] - INFO: [ Epoch 21 (test) ]: test loglike is 0.014494540312937686, num_events is 82197, mark_ll is -1.9677086636183498, time_ll is 1.9822031740437607[0m
[31;1m2026-10-01 03:43:56,944 - tpp_runner.py[pid:10760;line:140:_train_model] - CRITICAL: current best loglike on valid set is 0.5883 (updated at epoch-17)[0m
[38;20m2026-10-01 03:47:41,987 - tpp_runner.py[pid:10760;line:104:_train_model] - INFO: [ Epoch 22 (train) ]: train loglike is 0.5180768434061215, num_events is 281923, mark_ll is -1.9752650196568522, time_ll is 2.4933418315628293[0m
[38;20m2026-10-01 03:47:43,204 - tpp_runner.py[pid:10760;line:116:_train_model] - INFO: [ Epoch 22 (valid) ]:  valid loglike is 0.40275747706480597, num_events is 40073, mark_ll is -1.9936476647891037, time_ll is 2.396405119007421[0m
[38;20m2026-10-01 03:47:45,547 - tpp_runner.py[pid:10760;line:136:_train_model] - INFO: [ Epoch 22 (test) ]: test loglike is 0.3823684478343568, num_events is 82197, mark_ll is -1.9716504727210238, time_ll is 2.354018911644814[0m
[31;1m2026-10-01 03:47:45,547 - tpp_runner.py[pid:10760;line:140:_train_model] - CRITICAL: current best loglike on valid set is 0.5883 (updated at epoch-17)[0m
[38;20m2026-10-01 03:50:12,151 - tpp_runner.py[pid:10760;line:104:_train_model] - INFO: [ Epoch 23 (train) ]: train loglike is 0.4302503227968105, num_events is 281923, mark_ll is -1.9835336833162336, time_ll is 2.4137839997534787[0m
[38;20m2026-10-01 03:50:13,280 - tpp_runner.py[pid:10760;line:116:_train_model] - INFO: [ Epoch 23 (valid) ]:  valid loglike is 0.6165686830518678, num_events is 40073, mark_ll is -1.9606572862923601, time_ll is 2.57722600589861[0m
[38;20m2026-10-01 03:50:15,924 - tpp_runner.py[pid:10760;line:136:_train_model] - INFO: [ Epoch 23 (test) ]: test loglike is 0.6121773228256125, num_events is 82197, mark_ll is -1.9373496609137195, time_ll is 2.549526962948009[0m
[31;1m2026-10-01 03:50:15,924 - tpp_runner.py[pid:10760;line:140:_train_model] - CRITICAL: current best loglike on valid set is 0.6166 (updated at epoch-23), best updated at this epoch[0m
[38;20m2026-10-01 03:52:41,879 - tpp_runner.py[pid:10760;line:104:_train_model] - INFO: [ Epoch 24 (train) ]: train loglike is 0.45585625109494937, num_events is 281923, mark_ll is -1.962042969318085, time_ll is 2.417899230588339[0m
[38;20m2026-10-01 03:52:43,065 - tpp_runner.py[pid:10760;line:116:_train_model] - INFO: [ Epoch 24 (valid) ]:  valid loglike is 0.409340353147498, num_events is 40073, mark_ll is -1.971127758978536, time_ll is 2.3804681090798354[0m
[38;20m2026-10-01 03:52:45,454 - tpp_runner.py[pid:10760;line:136:_train_model] - INFO: [ Epoch 24 (test) ]: test loglike is 0.4002346373567941, num_events is 82197, mark_ll is -1.9503205000258526, time_ll is 2.3505551485208556[0m
[31;1m2026-10-01 03:52:45,456 - tpp_runner.py[pid:10760;line:140:_train_model] - CRITICAL: current best loglike on valid set is 0.6166 (updated at epoch-23)[0m
[38;20m2026-10-01 03:56:00,327 - tpp_runner.py[pid:10760;line:104:_train_model] - INFO: [ Epoch 25 (train) ]: train loglike is 0.4965954345073555, num_events is 281923, mark_ll is -1.9670869759595262, time_ll is 2.4636824057039735[0m
[38;20m2026-10-01 03:56:01,459 - tpp_runner.py[pid:10760;line:116:_train_model] - INFO: [ Epoch 25 (valid) ]:  valid loglike is 0.5495864380391527, num_events is 40073, mark_ll is -1.9671526831696218, time_ll is 2.516739080085095[0m
[38;20m2026-10-01 03:56:03,773 - tpp_runner.py[pid:10760;line:136:_train_model] - INFO: [ Epoch 25 (test) ]: test loglike is 0.5523830640156043, num_events is 82197, mark_ll is -1.9439668499344562, time_ll is 2.4963499228606274[0m
[31;1m2026-10-01 03:56:03,938 - tpp_runner.py[pid:10760;line:140:_train_model] - CRITICAL: current best loglike on valid set is 0.6166 (updated at epoch-23)[0m
[38;20m2026-10-01 03:58:30,178 - tpp_runner.py[pid:10760;line:104:_train_model] - INFO: [ Epoch 26 (train) ]: train loglike is 0.5233541166278393, num_events is 281923, mark_ll is -1.9569865184958526, time_ll is 2.4803406260308667[0m
[38;20m2026-10-01 03:58:31,332 - tpp_runner.py[pid:10760;line:116:_train_model] - INFO: [ Epoch 26 (valid) ]:  valid loglike is 0.6202062156973679, num_events is 40073, mark_ll is -1.9449642342178648, time_ll is 2.565170419453248[0m
[38;20m2026-10-01 03:58:33,693 - tpp_runner.py[pid:10760;line:136:_train_model] - INFO: [ Epoch 26 (test) ]: test loglike is 0.6302068185369448, num_events is 82197, mark_ll is -1.9209155339078676, time_ll is 2.5511223583851903[0m
[31;1m2026-10-01 03:58:33,695 - tpp_runner.py[pid:10760;line:140:_train_model] - CRITICAL: current best loglike on valid set is 0.6202 (updated at epoch-26), best updated at this epoch[0m
[38;20m2026-10-01 04:01:00,222 - tpp_runner.py[pid:10760;line:104:_train_model] - INFO: [ Epoch 27 (train) ]: train loglike is 0.5587456885113578, num_events is 281923, mark_ll is -1.945269001656148, time_ll is 2.5040146745798055[0m
[38;20m2026-10-01 04:01:01,369 - tpp_runner.py[pid:10760;line:116:_train_model] - INFO: [ Epoch 27 (valid) ]:  valid loglike is 0.5247236324225866, num_events is 40073, mark_ll is -1.9519030479336148, time_ll is 2.476626713864385[0m
[38;20m2026-10-01 04:01:03,669 - tpp_runner.py[pid:10760;line:136:_train_model] - INFO: [ Epoch 27 (test) ]: test loglike is 0.5274825528722156, num_events is 82197, mark_ll is -1.9266905495999702, time_ll is 2.4541731202933197[0m
[31;1m2026-10-01 04:01:03,823 - tpp_runner.py[pid:10760;line:140:_train_model] - CRITICAL: current best loglike on valid set is 0.6202 (updated at epoch-26)[0m
[38;20m2026-10-01 04:04:21,071 - tpp_runner.py[pid:10760;line:104:_train_model] - INFO: [ Epoch 28 (train) ]: train loglike is 0.47275588095184123, num_events is 281923, mark_ll is -1.9674770391095264, time_ll is 2.44023293608206[0m
[38;20m2026-10-01 04:04:22,485 - tpp_runner.py[pid:10760;line:116:_train_model] - INFO: [ Epoch 28 (valid) ]:  valid loglike is 0.5104304364992872, num_events is 40073, mark_ll is -1.9686490246121142, time_ll is 2.479079445880409[0m
[38;20m2026-10-01 04:04:24,809 - tpp_runner.py[pid:10760;line:136:_train_model] - INFO: [ Epoch 28 (test) ]: test loglike is 0.49687940360220717, num_events is 82197, mark_ll is -1.946745853806252, time_ll is 2.4436252603786484[0m
[31;1m2026-10-01 04:04:24,809 - tpp_runner.py[pid:10760;line:140:_train_model] - CRITICAL: current best loglike on valid set is 0.6202 (updated at epoch-26)[0m
[38;20m2026-10-01 04:06:50,976 - tpp_runner.py[pid:10760;line:104:_train_model] - INFO: [ Epoch 29 (train) ]: train loglike is 0.5781959682018117, num_events is 281923, mark_ll is -1.9528739981888894, time_ll is 2.5310699655247175[0m
[38;20m2026-10-01 04:06:52,173 - tpp_runner.py[pid:10760;line:116:_train_model] - INFO: [ Epoch 29 (valid) ]:  valid loglike is 0.5109003537416286, num_events is 40073, mark_ll is -1.9628185092967054, time_ll is 2.4737188066836615[0m
[38;20m2026-10-01 04:06:54,507 - tpp_runner.py[pid:10760;line:136:_train_model] - INFO: [ Epoch 29 (test) ]: test loglike is 0.5247071132272163, num_events is 82197, mark_ll is -1.939528484635236, time_ll is 2.46423563350472[0m
[31;1m2026-10-01 04:06:54,507 - tpp_runner.py[pid:10760;line:140:_train_model] - CRITICAL: current best loglike on valid set is 0.6202 (updated at epoch-26)[0m
[38;20m2026-10-01 04:09:20,297 - tpp_runner.py[pid:10760;line:104:_train_model] - INFO: [ Epoch 30 (train) ]: train loglike is 0.5295834979538823, num_events is 281923, mark_ll is -1.9538965218893989, time_ll is 2.483480006204043[0m
[38;20m2026-10-01 04:09:21,455 - tpp_runner.py[pid:10760;line:116:_train_model] - INFO: [ Epoch 30 (valid) ]:  valid loglike is 0.6599999815400371, num_events is 40073, mark_ll is -1.953611922645469, time_ll is 2.6136119209395976[0m
[38;20m2026-10-01 04:09:24,119 - tpp_runner.py[pid:10760;line:136:_train_model] - INFO: [ Epoch 30 (test) ]: test loglike is 0.6409675815989331, num_events is 82197, mark_ll is -1.9303861953789372, time_ll is 2.571353824500894[0m
[31;1m2026-10-01 04:09:24,119 - tpp_runner.py[pid:10760;line:140:_train_model] - CRITICAL: current best loglike on valid set is 0.6600 (updated at epoch-30), best updated at this epoch[0m
[38;20m2026-10-01 04:12:49,659 - tpp_runner.py[pid:10760;line:104:_train_model] - INFO: [ Epoch 31 (train) ]: train loglike is 0.5690480075607414, num_events is 281923, mark_ll is -1.9616446723983587, time_ll is 2.5306926842890167[0m
[38;20m2026-10-01 04:12:50,906 - tpp_runner.py[pid:10760;line:116:_train_model] - INFO: [ Epoch 31 (valid) ]:  valid loglike is 0.6323327633367931, num_events is 40073, mark_ll is -1.9595474404231807, time_ll is 2.5918803164693185[0m
[38;20m2026-10-01 04:12:53,277 - tpp_runner.py[pid:10760;line:136:_train_model] - INFO: [ Epoch 31 (test) ]: test loglike is 0.6151330885850077, num_events is 82197, mark_ll is -1.9352215858414084, time_ll is 2.5503546358139593[0m
[31;1m2026-10-01 04:12:53,277 - tpp_runner.py[pid:10760;line:140:_train_model] - CRITICAL: current best loglike on valid set is 0.6600 (updated at epoch-30)[0m
[38;20m2026-10-01 04:15:19,749 - tpp_runner.py[pid:10760;line:104:_train_model] - INFO: [ Epoch 32 (train) ]: train loglike is 0.558066205497739, num_events is 281923, mark_ll is -1.949394101237306, time_ll is 2.507460337477454[0m
[38;20m2026-10-01 04:15:20,839 - tpp_runner.py[pid:10760;line:116:_train_model] - INFO: [ Epoch 32 (valid) ]:  valid loglike is 0.6517006670346149, num_events is 40073, mark_ll is -1.9412357664547357, time_ll is 2.5929364213045565[0m
[38;20m2026-10-01 04:15:23,177 - tpp_runner.py[pid:10760;line:136:_train_model] - INFO: [ Epoch 32 (test) ]: test loglike is 0.6519269790202957, num_events is 82197, mark_ll is -1.9173214388907138, time_ll is 2.5692484119706314[0m
[31;1m2026-10-01 04:15:23,336 - tpp_runner.py[pid:10760;line:140:_train_model] - CRITICAL: current best loglike on valid set is 0.6600 (updated at epoch-30)[0m
[38;20m2026-10-01 04:17:49,202 - tpp_runner.py[pid:10760;line:104:_train_model] - INFO: [ Epoch 33 (train) ]: train loglike is 0.571767677643807, num_events is 281923, mark_ll is -1.9468295954535901, time_ll is 2.518597286953131[0m
[38;20m2026-10-01 04:17:50,561 - tpp_runner.py[pid:10760;line:116:_train_model] - INFO: [ Epoch 33 (valid) ]:  valid loglike is 0.5990880105111882, num_events is 40073, mark_ll is -1.9562758719731022, time_ll is 2.5553638779149925[0m
[38;20m2026-10-01 04:17:52,869 - tpp_runner.py[pid:10760;line:136:_train_model] - INFO: [ Epoch 33 (test) ]: test loglike is 0.6111724841263595, num_events is 82197, mark_ll is -1.9343227710085982, time_ll is 2.545495258105147[0m
[31;1m2026-10-01 04:17:52,869 - tpp_runner.py[pid:10760;line:140:_train_model] - CRITICAL: current best loglike on valid set is 0.6600 (updated at epoch-30)[0m
[38;20m2026-10-01 04:20:18,734 - tpp_runner.py[pid:10760;line:104:_train_model] - INFO: [ Epoch 34 (train) ]: train loglike is 0.49183446532396896, num_events is 281923, mark_ll is -1.9502481617321041, time_ll is 2.4420826262983377[0m
[38;20m2026-10-01 04:20:20,170 - tpp_runner.py[pid:10760;line:116:_train_model] - INFO: [ Epoch 34 (valid) ]:  valid loglike is 0.5296344090248187, num_events is 40073, mark_ll is -1.9435558121564862, time_ll is 2.4731902668742825[0m
[38;20m2026-10-01 04:20:22,496 - tpp_runner.py[pid:10760;line:136:_train_model] - INFO: [ Epoch 34 (test) ]: test loglike is 0.5421165344623663, num_events is 82197, mark_ll is -1.9208148207393518, time_ll is 2.462931340350773[0m
[31;1m2026-10-01 04:20:22,496 - tpp_runner.py[pid:10760;line:140:_train_model] - CRITICAL: current best loglike on valid set is 0.6600 (updated at epoch-30)[0m
[38;20m2026-10-01 04:23:58,730 - tpp_runner.py[pid:10760;line:104:_train_model] - INFO: [ Epoch 35 (train) ]: train loglike is 0.5176176935113932, num_events is 281923, mark_ll is -1.9352390335054916, time_ll is 2.4528566993054177[0m
[38;20m2026-10-01 04:23:59,931 - tpp_runner.py[pid:10760;line:116:_train_model] - INFO: [ Epoch 35 (valid) ]:  valid loglike is 0.5951805679244754, num_events is 40073, mark_ll is -1.936562928417357, time_ll is 2.5317434963418326[0m
[38;20m2026-10-01 04:24:02,205 - tpp_runner.py[pid:10760;line:136:_train_model] - INFO: [ Epoch 35 (test) ]: test loglike is 0.5977072125028133, num_events is 82197, mark_ll is -1.9113375179256846, time_ll is 2.509044712607364[0m
[31;1m2026-10-01 04:24:02,205 - tpp_runner.py[pid:10760;line:140:_train_model] - CRITICAL: current best loglike on valid set is 0.6600 (updated at epoch-30)[0m
[38;20m2026-10-01 04:26:29,783 - tpp_runner.py[pid:10760;line:104:_train_model] - INFO: [ Epoch 36 (train) ]: train loglike is 0.5429625426313213, num_events is 281923, mark_ll is -1.9334359470493716, time_ll is 2.4763985035364264[0m
[38;20m2026-10-01 04:26:31,238 - tpp_runner.py[pid:10760;line:116:_train_model] - INFO: [ Epoch 36 (valid) ]:  valid loglike is 0.5505098626525147, num_events is 40073, mark_ll is -1.9431381661573097, time_ll is 2.4936479876861446[0m
[38;20m2026-10-01 04:26:33,616 - tpp_runner.py[pid:10760;line:136:_train_model] - INFO: [ Epoch 36 (test) ]: test loglike is 0.554621976145628, num_events is 82197, mark_ll is -1.9190551025660911, time_ll is 2.4736770683160576[0m
[31;1m2026-10-01 04:26:33,616 - tpp_runner.py[pid:10760;line:140:_train_model] - CRITICAL: current best loglike on valid set is 0.6600 (updated at epoch-30)[0m
[38;20m2026-10-01 04:28:59,451 - tpp_runner.py[pid:10760;line:104:_train_model] - INFO: [ Epoch 37 (train) ]: train loglike is 0.6028634732870045, num_events is 281923, mark_ll is -1.9346197237781904, time_ll is 2.53748319576622[0m
[38;20m2026-10-01 04:29:00,632 - tpp_runner.py[pid:10760;line:116:_train_model] - INFO: [ Epoch 37 (valid) ]:  valid loglike is 0.6649897140842962, num_events is 40073, mark_ll is -1.9447817486505097, time_ll is 2.6097714383652177[0m
[38;20m2026-10-01 04:29:03,015 - tpp_runner.py[pid:10760;line:136:_train_model] - INFO: [ Epoch 37 (test) ]: test loglike is 0.6645294448973389, num_events is 82197, mark_ll is -1.920397693336968, time_ll is 2.584927089226188[0m
[31;1m2026-10-01 04:29:03,017 - tpp_runner.py[pid:10760;line:140:_train_model] - CRITICAL: current best loglike on valid set is 0.6650 (updated at epoch-37), best updated at this epoch[0m
[38;20m2026-10-01 04:31:28,732 - tpp_runner.py[pid:10760;line:104:_train_model] - INFO: [ Epoch 38 (train) ]: train loglike is 0.5710359754009738, num_events is 281923, mark_ll is -1.9469032473378147, time_ll is 2.517939208883055[0m
[38;20m2026-10-01 04:31:29,903 - tpp_runner.py[pid:10760;line:116:_train_model] - INFO: [ Epoch 38 (valid) ]:  valid loglike is 0.6676929959269645, num_events is 40073, mark_ll is -1.934404221572973, time_ll is 2.6020972357771286[0m
[38;20m2026-10-01 04:31:32,263 - tpp_runner.py[pid:10760;line:136:_train_model] - INFO: [ Epoch 38 (test) ]: test loglike is 0.670150261742559, num_events is 82197, mark_ll is -1.9102497871918986, time_ll is 2.580400051904647[0m
[31;1m2026-10-01 04:31:32,345 - tpp_runner.py[pid:10760;line:140:_train_model] - CRITICAL: current best loglike on valid set is 0.6677 (updated at epoch-38), best updated at this epoch[0m
[38;20m2026-10-01 04:33:57,928 - tpp_runner.py[pid:10760;line:104:_train_model] - INFO: [ Epoch 39 (train) ]: train loglike is 0.6054168221741841, num_events is 281923, mark_ll is -1.9296396041926784, time_ll is 2.535056440222596[0m
[38;20m2026-10-01 04:33:59,341 - tpp_runner.py[pid:10760;line:116:_train_model] - INFO: [ Epoch 39 (valid) ]:  valid loglike is 0.6398775527508975, num_events is 40073, mark_ll is -1.9348289469374642, time_ll is 2.574706434195094[0m
[38;20m2026-10-01 04:34:01,657 - tpp_runner.py[pid:10760;line:136:_train_model] - INFO: [ Epoch 39 (test) ]: test loglike is 0.6312605376365241, num_events is 82197, mark_ll is -1.9094957987745904, time_ll is 2.5407563631428154[0m
[31;1m2026-10-01 04:34:01,657 - tpp_runner.py[pid:10760;line:140:_train_model] - CRITICAL: current best loglike on valid set is 0.6677 (updated at epoch-38)[0m
[38;20m2026-10-01 04:36:28,284 - tpp_runner.py[pid:10760;line:104:_train_model] - INFO: [ Epoch 40 (train) ]: train loglike is 0.6082959890713178, num_events is 281923, mark_ll is -1.9294611804464339, time_ll is 2.5377571738476683[0m
[38;20m2026-10-01 04:36:29,711 - tpp_runner.py[pid:10760;line:116:_train_model] - INFO: [ Epoch 40 (valid) ]:  valid loglike is 0.6561376501069143, num_events is 40073, mark_ll is -1.9329029331041163, time_ll is 2.5890405832110304[0m
[38;20m2026-10-01 04:36:31,999 - tpp_runner.py[pid:10760;line:136:_train_model] - INFO: [ Epoch 40 (test) ]: test loglike is 0.6612093884276304, num_events is 82197, mark_ll is -1.9082231559545968, time_ll is 2.5694325874499677[0m
[31;1m2026-10-01 04:36:31,999 - tpp_runner.py[pid:10760;line:140:_train_model] - CRITICAL: current best loglike on valid set is 0.6677 (updated at epoch-38)[0m
[38;20m2026-10-01 04:38:57,570 - tpp_runner.py[pid:10760;line:104:_train_model] - INFO: [ Epoch 41 (train) ]: train loglike is 0.5893266756694758, num_events is 281923, mark_ll is -1.9384659438121181, time_ll is 2.527792654986911[0m
[38;20m2026-10-01 04:38:58,725 - tpp_runner.py[pid:10760;line:116:_train_model] - INFO: [ Epoch 41 (valid) ]:  valid loglike is 0.6596922621830393, num_events is 40073, mark_ll is -1.9311365949037538, time_ll is 2.590828866225389[0m
[38;20m2026-10-01 04:39:01,078 - tpp_runner.py[pid:10760;line:136:_train_model] - INFO: [ Epoch 41 (test) ]: test loglike is 0.6481905956141382, num_events is 82197, mark_ll is -1.9078869899638977, time_ll is 2.5560775900333192[0m
[31;1m2026-10-01 04:39:01,078 - tpp_runner.py[pid:10760;line:140:_train_model] - CRITICAL: current best loglike on valid set is 0.6677 (updated at epoch-38)[0m
[38;20m2026-10-01 04:41:26,796 - tpp_runner.py[pid:10760;line:104:_train_model] - INFO: [ Epoch 42 (train) ]: train loglike is 0.6087113146877094, num_events is 281923, mark_ll is -1.9299706142058293, time_ll is 2.5386819262955886[0m
[38;20m2026-10-01 04:41:27,947 - tpp_runner.py[pid:10760;line:116:_train_model] - INFO: [ Epoch 42 (valid) ]:  valid loglike is 0.6294312486036227, num_events is 40073, mark_ll is -1.9361038663033714, time_ll is 2.5655351712616663[0m
[38;20m2026-10-01 04:41:30,279 - tpp_runner.py[pid:10760;line:136:_train_model] - INFO: [ Epoch 42 (test) ]: test loglike is 0.6277742812712903, num_events is 82197, mark_ll is -1.9115858732488715, time_ll is 2.5393601723412957[0m
[31;1m2026-10-01 04:41:30,279 - tpp_runner.py[pid:10760;line:140:_train_model] - CRITICAL: current best loglike on valid set is 0.6677 (updated at epoch-38)[0m
[38;20m2026-10-01 04:43:55,742 - tpp_runner.py[pid:10760;line:104:_train_model] - INFO: [ Epoch 43 (train) ]: train loglike is 0.575114369035938, num_events is 281923, mark_ll is -1.9450058968616875, time_ll is 2.5201202693615588[0m
[38;20m2026-10-01 04:43:56,913 - tpp_runner.py[pid:10760;line:116:_train_model] - INFO: [ Epoch 43 (valid) ]:  valid loglike is 0.5128458997997599, num_events is 40073, mark_ll is -1.9564882102857597, time_ll is 2.4693341755787874[0m
[38;20m2026-10-01 04:43:59,204 - tpp_runner.py[pid:10760;line:136:_train_model] - INFO: [ Epoch 43 (test) ]: test loglike is 0.5316442925893737, num_events is 82197, mark_ll is -1.9333334010536425, time_ll is 2.4649776639411263[0m
[31;1m2026-10-01 04:43:59,204 - tpp_runner.py[pid:10760;line:140:_train_model] - CRITICAL: current best loglike on valid set is 0.6677 (updated at epoch-38)[0m
[38;20m2026-10-01 04:46:24,819 - tpp_runner.py[pid:10760;line:104:_train_model] - INFO: [ Epoch 44 (train) ]: train loglike is 0.5679745761628064, num_events is 281923, mark_ll is -1.9473056161112698, time_ll is 2.5152801654285923[0m
[38;20m2026-10-01 04:46:26,107 - tpp_runner.py[pid:10760;line:116:_train_model] - INFO: [ Epoch 44 (valid) ]:  valid loglike is 0.6476081907355015, num_events is 40073, mark_ll is -1.9415673268842955, time_ll is 2.589175493250209[0m
[38;20m2026-10-01 04:46:28,477 - tpp_runner.py[pid:10760;line:136:_train_model] - INFO: [ Epoch 44 (test) ]: test loglike is 0.6618960961237751, num_events is 82197, mark_ll is -1.917088552311824, time_ll is 2.5789846439803155[0m
[31;1m2026-10-01 04:46:28,477 - tpp_runner.py[pid:10760;line:140:_train_model] - CRITICAL: current best loglike on valid set is 0.6677 (updated at epoch-38)[0m
[38;20m2026-10-01 04:48:53,961 - tpp_runner.py[pid:10760;line:104:_train_model] - INFO: [ Epoch 45 (train) ]: train loglike is 0.5475377994113197, num_events is 281923, mark_ll is -1.9372916669206885, time_ll is 2.484829474991842[0m
[38;20m2026-10-01 04:48:55,102 - tpp_runner.py[pid:10760;line:116:_train_model] - INFO: [ Epoch 45 (valid) ]:  valid loglike is 0.6447803879136397, num_events is 40073, mark_ll is -1.9290813796072168, time_ll is 2.5738617355357722[0m
[38;20m2026-10-01 04:48:57,435 - tpp_runner.py[pid:10760;line:136:_train_model] - INFO: [ Epoch 45 (test) ]: test loglike is 0.6553060754217953, num_events is 82197, mark_ll is -1.9040888370222606, time_ll is 2.5593948931378274[0m
[31;1m2026-10-01 04:48:57,580 - tpp_runner.py[pid:10760;line:140:_train_model] - CRITICAL: current best loglike on valid set is 0.6677 (updated at epoch-38)[0m
[38;20m2026-10-01 04:51:22,932 - tpp_runner.py[pid:10760;line:104:_train_model] - INFO: [ Epoch 46 (train) ]: train loglike is 0.6167152260192998, num_events is 281923, mark_ll is -1.9308323784885413, time_ll is 2.5475475919510826[0m
[38;20m2026-10-01 04:51:24,340 - tpp_runner.py[pid:10760;line:116:_train_model] - INFO: [ Epoch 46 (valid) ]:  valid loglike is 0.6298278133860782, num_events is 40073, mark_ll is -1.9338051744531075, time_ll is 2.5636329847929873[0m
[38;20m2026-10-01 04:51:26,629 - tpp_runner.py[pid:10760;line:136:_train_model] - INFO: [ Epoch 46 (test) ]: test loglike is 0.6394018123119038, num_events is 82197, mark_ll is -1.9108285938621543, time_ll is 2.5502304284504755[0m
[31;1m2026-10-01 04:51:26,629 - tpp_runner.py[pid:10760;line:140:_train_model] - CRITICAL: current best loglike on valid set is 0.6677 (updated at epoch-38)[0m
[38;20m2026-10-01 04:53:52,359 - tpp_runner.py[pid:10760;line:104:_train_model] - INFO: [ Epoch 47 (train) ]: train loglike is 0.61571916503811, num_events is 281923, mark_ll is -1.9336069926174435, time_ll is 2.549326190129929[0m
[38;20m2026-10-01 04:53:53,551 - tpp_runner.py[pid:10760;line:116:_train_model] - INFO: [ Epoch 47 (valid) ]:  valid loglike is 0.656660700666596, num_events is 40073, mark_ll is -1.9334241924990798, time_ll is 2.590084899258073[0m
[38;20m2026-10-01 04:53:55,894 - tpp_runner.py[pid:10760;line:136:_train_model] - INFO: [ Epoch 47 (test) ]: test loglike is 0.6462191475182146, num_events is 82197, mark_ll is -1.9108984705285017, time_ll is 2.5571176254721886[0m
[31;1m2026-10-01 04:53:55,894 - tpp_runner.py[pid:10760;line:140:_train_model] - CRITICAL: current best loglike on valid set is 0.6677 (updated at epoch-38)[0m
[38;20m2026-10-01 04:56:21,436 - tpp_runner.py[pid:10760;line:104:_train_model] - INFO: [ Epoch 48 (train) ]: train loglike is 0.6173287596376327, num_events is 281923, mark_ll is -1.9244918614053084, time_ll is 2.541820605022249[0m
[38;20m2026-10-01 04:56:22,623 - tpp_runner.py[pid:10760;line:116:_train_model] - INFO: [ Epoch 48 (valid) ]:  valid loglike is 0.6314419635093689, num_events is 40073, mark_ll is -1.9287647638274992, time_ll is 2.5602067121058756[0m
[38;20m2026-10-01 04:56:24,771 - tpp_runner.py[pid:10760;line:136:_train_model] - INFO: [ Epoch 48 (test) ]: test loglike is 0.6486735438897937, num_events is 82197, mark_ll is -1.9044285018955984, time_ll is 2.553102019053691[0m
[31;1m2026-10-01 04:56:25,039 - tpp_runner.py[pid:10760;line:140:_train_model] - CRITICAL: current best loglike on valid set is 0.6677 (updated at epoch-38)[0m
[38;20m2026-10-01 04:58:51,087 - tpp_runner.py[pid:10760;line:104:_train_model] - INFO: [ Epoch 49 (train) ]: train loglike is 0.5482802900747722, num_events is 281923, mark_ll is -1.9276527075738543, time_ll is 2.475933020164194[0m
[38;20m2026-10-01 04:58:52,274 - tpp_runner.py[pid:10760;line:116:_train_model] - INFO: [ Epoch 49 (valid) ]:  valid loglike is 0.6471192804455111, num_events is 40073, mark_ll is -1.9248183527464722, time_ll is 2.5719376164378915[0m
[38;20m2026-10-01 04:58:54,609 - tpp_runner.py[pid:10760;line:136:_train_model] - INFO: [ Epoch 49 (test) ]: test loglike is 0.6412871991816346, num_events is 82197, mark_ll is -1.9004244495122997, time_ll is 2.5417117184933757[0m
[31;1m2026-10-01 04:58:54,732 - tpp_runner.py[pid:10760;line:140:_train_model] - CRITICAL: current best loglike on valid set is 0.6677 (updated at epoch-38)[0m
[38;20m2026-10-01 05:01:21,087 - tpp_runner.py[pid:10760;line:104:_train_model] - INFO: [ Epoch 50 (train) ]: train loglike is 0.569038032298491, num_events is 281923, mark_ll is -1.9234731688151552, time_ll is 2.492511201113646[0m
[38;20m2026-10-01 05:01:22,446 - tpp_runner.py[pid:10760;line:116:_train_model] - INFO: [ Epoch 50 (valid) ]:  valid loglike is 0.6872022493275943, num_events is 40073, mark_ll is -1.923924619429892, time_ll is 2.6111268870346773[0m
[38;20m2026-10-01 05:01:24,846 - tpp_runner.py[pid:10760;line:136:_train_model] - INFO: [ Epoch 50 (test) ]: test loglike is 0.6821277062936452, num_events is 82197, mark_ll is -1.8992781228899778, time_ll is 2.5814058470047567[0m
[31;1m2026-10-01 05:01:24,846 - tpp_runner.py[pid:10760;line:140:_train_model] - CRITICAL: current best loglike on valid set is 0.6872 (updated at epoch-50), best updated at this epoch[0m
[38;20m2026-10-01 05:08:13,654 - tpp_runner.py[pid:10760;line:104:_train_model] - INFO: [ Epoch 51 (train) ]: train loglike is 0.5901342328581851, num_events is 281923, mark_ll is -1.9262661920181885, time_ll is 2.5164004240103903[0m
[38;20m2026-10-01 05:08:14,808 - tpp_runner.py[pid:10760;line:116:_train_model] - INFO: [ Epoch 51 (valid) ]:  valid loglike is 0.6777343049374345, num_events is 40073, mark_ll is -1.9255312545814824, time_ll is 2.6032655138259395[0m
[38;20m2026-10-01 05:08:17,162 - tpp_runner.py[pid:10760;line:136:_train_model] - INFO: [ Epoch 51 (test) ]: test loglike is 0.6735558789616143, num_events is 82197, mark_ll is -1.9013142468513144, time_ll is 2.5748701362085904[0m
[31;1m2026-10-01 05:08:17,162 - tpp_runner.py[pid:10760;line:140:_train_model] - CRITICAL: current best loglike on valid set is 0.6872 (updated at epoch-50)[0m
[38;20m2026-10-01 05:10:43,223 - tpp_runner.py[pid:10760;line:104:_train_model] - INFO: [ Epoch 52 (train) ]: train loglike is 0.6077604238312356, num_events is 281923, mark_ll is -1.9257299075789311, time_ll is 2.533490317987425[0m
[38;20m2026-10-01 05:10:44,316 - tpp_runner.py[pid:10760;line:116:_train_model] - INFO: [ Epoch 52 (valid) ]:  valid loglike is 0.6743666883255441, num_events is 40073, mark_ll is -1.9290501560725895, time_ll is 2.6034168185054463[0m
[38;20m2026-10-01 05:10:46,677 - tpp_runner.py[pid:10760;line:136:_train_model] - INFO: [ Epoch 52 (test) ]: test loglike is 0.6742189246471131, num_events is 82197, mark_ll is -1.9059380410496278, time_ll is 2.5801569419352286[0m
[31;1m2026-10-01 05:10:46,677 - tpp_runner.py[pid:10760;line:140:_train_model] - CRITICAL: current best loglike on valid set is 0.6872 (updated at epoch-50)[0m
[38;20m2026-10-01 05:13:12,748 - tpp_runner.py[pid:10760;line:104:_train_model] - INFO: [ Epoch 53 (train) ]: train loglike is 0.6362414823262912, num_events is 281923, mark_ll is -1.930506737572183, time_ll is 2.5667482233624073[0m
[38;20m2026-10-01 05:13:14,107 - tpp_runner.py[pid:10760;line:116:_train_model] - INFO: [ Epoch 53 (valid) ]:  valid loglike is 0.6968943451881956, num_events is 40073, mark_ll is -1.9284194894122912, time_ll is 2.6253138376466856[0m
[38;20m2026-10-01 05:13:16,510 - tpp_runner.py[pid:10760;line:136:_train_model] - INFO: [ Epoch 53 (test) ]: test loglike is 0.6893423384355002, num_events is 82197, mark_ll is -1.904026617503148, time_ll is 2.593368960393932[0m
[31;1m2026-10-01 05:13:16,510 - tpp_runner.py[pid:10760;line:140:_train_model] - CRITICAL: current best loglike on valid set is 0.6969 (updated at epoch-53), best updated at this epoch[0m
[38;20m2026-10-01 05:15:41,970 - tpp_runner.py[pid:10760;line:104:_train_model] - INFO: [ Epoch 54 (train) ]: train loglike is 0.6490039492374137, num_events is 281923, mark_ll is -1.9278955604816075, time_ll is 2.5768994846055038[0m
[38;20m2026-10-01 05:15:43,038 - tpp_runner.py[pid:10760;line:116:_train_model] - INFO: [ Epoch 54 (valid) ]:  valid loglike is 0.6652845251751491, num_events is 40073, mark_ll is -1.9377254978901786, time_ll is 2.6030099682337546[0m
[38;20m2026-10-01 05:15:45,265 - tpp_runner.py[pid:10760;line:136:_train_model] - INFO: [ Epoch 54 (test) ]: test loglike is 0.6685114302614831, num_events is 82197, mark_ll is -1.9130468735743094, time_ll is 2.5815583127463593[0m
[31;1m2026-10-01 05:15:45,574 - tpp_runner.py[pid:10760;line:140:_train_model] - CRITICAL: current best loglike on valid set is 0.6969 (updated at epoch-53)[0m
[38;20m2026-10-01 05:18:11,444 - tpp_runner.py[pid:10760;line:104:_train_model] - INFO: [ Epoch 55 (train) ]: train loglike is 0.6159730336871128, num_events is 281923, mark_ll is -1.938836025262217, time_ll is 2.55480906154728[0m
[38;20m2026-10-01 05:18:12,551 - tpp_runner.py[pid:10760;line:116:_train_model] - INFO: [ Epoch 55 (valid) ]:  valid loglike is 0.49006726664267397, num_events is 40073, mark_ll is -1.9335603575720404, time_ll is 2.4236275876603326[0m
[38;20m2026-10-01 05:18:14,837 - tpp_runner.py[pid:10760;line:136:_train_model] - INFO: [ Epoch 55 (test) ]: test loglike is 0.4920532207256271, num_events is 82197, mark_ll is -1.9112153896944992, time_ll is 2.403268619330693[0m
[31;1m2026-10-01 05:18:14,837 - tpp_runner.py[pid:10760;line:140:_train_model] - CRITICAL: current best loglike on valid set is 0.6969 (updated at epoch-53)[0m
[38;20m2026-10-01 05:20:40,218 - tpp_runner.py[pid:10760;line:104:_train_model] - INFO: [ Epoch 56 (train) ]: train loglike is 0.5840816197347104, num_events is 281923, mark_ll is -1.929185589903981, time_ll is 2.5132672148345914[0m
[38;20m2026-10-01 05:20:41,344 - tpp_runner.py[pid:10760;line:116:_train_model] - INFO: [ Epoch 56 (valid) ]:  valid loglike is 0.6746715655793412, num_events is 40073, mark_ll is -1.9285664136583547, time_ll is 2.6032379700991[0m
[38;20m2026-10-01 05:20:43,693 - tpp_runner.py[pid:10760;line:136:_train_model] - INFO: [ Epoch 56 (test) ]: test loglike is 0.6660401973735736, num_events is 82197, mark_ll is -1.9045255973739157, time_ll is 2.5705657739561665[0m
[31;1m2026-10-01 05:20:43,848 - tpp_runner.py[pid:10760;line:140:_train_model] - CRITICAL: current best loglike on valid set is 0.6969 (updated at epoch-53)[0m
[38;20m2026-10-01 05:23:09,154 - tpp_runner.py[pid:10760;line:104:_train_model] - INFO: [ Epoch 57 (train) ]: train loglike is 0.6473129790481355, num_events is 281923, mark_ll is -1.9221611641992007, time_ll is 2.569474120731769[0m
[38;20m2026-10-01 05:23:10,586 - tpp_runner.py[pid:10760;line:116:_train_model] - INFO: [ Epoch 57 (valid) ]:  valid loglike is 0.6668277217198729, num_events is 40073, mark_ll is -1.921323534500708, time_ll is 2.5881512577436805[0m
[38;20m2026-10-01 05:23:13,947 - tpp_runner.py[pid:10760;line:136:_train_model] - INFO: [ Epoch 57 (test) ]: test loglike is 0.6458387108605127, num_events is 82197, mark_ll is -1.8977317474520055, time_ll is 2.5435704805889356[0m
[31;1m2026-10-01 05:23:13,949 - tpp_runner.py[pid:10760;line:140:_train_model] - CRITICAL: current best loglike on valid set is 0.6969 (updated at epoch-53)[0m
[38;20m2026-10-01 05:25:40,286 - tpp_runner.py[pid:10760;line:104:_train_model] - INFO: [ Epoch 58 (train) ]: train loglike is 0.6442398730140023, num_events is 281923, mark_ll is -1.9230400905400145, time_ll is 2.567279957925125[0m
[38;20m2026-10-01 05:25:41,471 - tpp_runner.py[pid:10760;line:116:_train_model] - INFO: [ Epoch 58 (valid) ]:  valid loglike is 0.6665133479422515, num_events is 40073, mark_ll is -1.9336102360262832, time_ll is 2.60012357330684[0m
[38;20m2026-10-01 05:25:43,856 - tpp_runner.py[pid:10760;line:136:_train_model] - INFO: [ Epoch 58 (test) ]: test loglike is 0.6472493991545274, num_events is 82197, mark_ll is -1.9085193432013943, time_ll is 2.5557687616621503[0m
[31;1m2026-10-01 05:25:43,856 - tpp_runner.py[pid:10760;line:140:_train_model] - CRITICAL: current best loglike on valid set is 0.6969 (updated at epoch-53)[0m
[38;20m2026-10-01 05:28:09,480 - tpp_runner.py[pid:10760;line:104:_train_model] - INFO: [ Epoch 59 (train) ]: train loglike is 0.6184964585195082, num_events is 281923, mark_ll is -1.930344821200625, time_ll is 2.548841294874842[0m
[38;20m2026-10-01 05:28:10,652 - tpp_runner.py[pid:10760;line:116:_train_model] - INFO: [ Epoch 59 (valid) ]:  valid loglike is 0.642832313510753, num_events is 40073, mark_ll is -1.925908404417797, time_ll is 2.5687406981282597[0m
[38;20m2026-10-01 05:28:13,007 - tpp_runner.py[pid:10760;line:136:_train_model] - INFO: [ Epoch 59 (test) ]: test loglike is 0.6230102124721135, num_events is 82197, mark_ll is -1.903245986490535, time_ll is 2.526256185596798[0m
[31;1m2026-10-01 05:28:13,091 - tpp_runner.py[pid:10760;line:140:_train_model] - CRITICAL: current best loglike on valid set is 0.6969 (updated at epoch-53)[0m
[38;20m2026-10-01 05:30:38,614 - tpp_runner.py[pid:10760;line:104:_train_model] - INFO: [ Epoch 60 (train) ]: train loglike is 0.6410141278879783, num_events is 281923, mark_ll is -1.9289953731964269, time_ll is 2.5700095114762056[0m
[38;20m2026-10-01 05:30:39,788 - tpp_runner.py[pid:10760;line:116:_train_model] - INFO: [ Epoch 60 (valid) ]:  valid loglike is 0.691258488049349, num_events is 40073, mark_ll is -1.9320307211799403, time_ll is 2.623289157443915[0m
[38;20m2026-10-01 05:30:42,102 - tpp_runner.py[pid:10760;line:136:_train_model] - INFO: [ Epoch 60 (test) ]: test loglike is 0.6926523853682882, num_events is 82197, mark_ll is -1.9091793310773204, time_ll is 2.601831753572971[0m
[31;1m2026-10-01 05:30:42,236 - tpp_runner.py[pid:10760;line:140:_train_model] - CRITICAL: current best loglike on valid set is 0.6969 (updated at epoch-53)[0m
[38;20m2026-10-01 05:33:07,717 - tpp_runner.py[pid:10760;line:104:_train_model] - INFO: [ Epoch 61 (train) ]: train loglike is 0.629910177573974, num_events is 281923, mark_ll is -1.932449574689942, time_ll is 2.5623597384081824[0m
[38;20m2026-10-01 05:33:08,798 - tpp_runner.py[pid:10760;line:116:_train_model] - INFO: [ Epoch 61 (valid) ]:  valid loglike is 0.6758467584987476, num_events is 40073, mark_ll is -1.9349460184382252, time_ll is 2.6107928530919353[0m
[38;20m2026-10-01 05:33:11,146 - tpp_runner.py[pid:10760;line:136:_train_model] - INFO: [ Epoch 61 (test) ]: test loglike is 0.6592734771579635, num_events is 82197, mark_ll is -1.9101307123150024, time_ll is 2.569404168681643[0m
[31;1m2026-10-01 05:33:11,336 - tpp_runner.py[pid:10760;line:140:_train_model] - CRITICAL: current best loglike on valid set is 0.6969 (updated at epoch-53)[0m
[38;20m2026-10-01 05:35:36,977 - tpp_runner.py[pid:10760;line:104:_train_model] - INFO: [ Epoch 62 (train) ]: train loglike is 0.6068156611059635, num_events is 281923, mark_ll is -1.9260295187676466, time_ll is 2.5328451898324187[0m
[38;20m2026-10-01 05:35:38,156 - tpp_runner.py[pid:10760;line:116:_train_model] - INFO: [ Epoch 62 (valid) ]:  valid loglike is 0.6274953894567219, num_events is 40073, mark_ll is -1.9296970955252757, time_ll is 2.557192462135509[0m
[38;20m2026-10-01 05:35:40,520 - tpp_runner.py[pid:10760;line:136:_train_model] - INFO: [ Epoch 62 (test) ]: test loglike is 0.632440507589617, num_events is 82197, mark_ll is -1.9067001380828985, time_ll is 2.5391406634936495[0m
[31;1m2026-10-01 05:35:40,583 - tpp_runner.py[pid:10760;line:140:_train_model] - CRITICAL: current best loglike on valid set is 0.6969 (updated at epoch-53)[0m
[38;20m2026-10-01 05:38:06,070 - tpp_runner.py[pid:10760;line:104:_train_model] - INFO: [ Epoch 63 (train) ]: train loglike is 0.616999960046992, num_events is 281923, mark_ll is -1.9232730435260692, time_ll is 2.5402729819234775[0m
[38;20m2026-10-01 05:38:07,254 - tpp_runner.py[pid:10760;line:116:_train_model] - INFO: [ Epoch 63 (valid) ]:  valid loglike is 0.5623999201944732, num_events is 40073, mark_ll is -1.9258047666524218, time_ll is 2.488204705124086[0m
[38;20m2026-10-01 05:38:09,592 - tpp_runner.py[pid:10760;line:136:_train_model] - INFO: [ Epoch 63 (test) ]: test loglike is 0.5419245562965346, num_events is 82197, mark_ll is -1.9025444634916724, time_ll is 2.4444690376093408[0m
[31;1m2026-10-01 05:38:09,592 - tpp_runner.py[pid:10760;line:140:_train_model] - CRITICAL: current best loglike on valid set is 0.6969 (updated at epoch-53)[0m
[38;20m2026-10-01 05:40:34,718 - tpp_runner.py[pid:10760;line:104:_train_model] - INFO: [ Epoch 64 (train) ]: train loglike is 0.6218682920063446, num_events is 281923, mark_ll is -1.9212974029588752, time_ll is 2.5431657127178786[0m
[38;20m2026-10-01 05:40:35,897 - tpp_runner.py[pid:10760;line:116:_train_model] - INFO: [ Epoch 64 (valid) ]:  valid loglike is 0.6448146210923853, num_events is 40073, mark_ll is -1.9333721207819168, time_ll is 2.578186722074012[0m
[38;20m2026-10-01 05:40:38,274 - tpp_runner.py[pid:10760;line:136:_train_model] - INFO: [ Epoch 64 (test) ]: test loglike is 0.6211172946881806, num_events is 82197, mark_ll is -1.9085346574958637, time_ll is 2.5296519670349893[0m
[31;1m2026-10-01 05:40:38,327 - tpp_runner.py[pid:10760;line:140:_train_model] - CRITICAL: current best loglike on valid set is 0.6969 (updated at epoch-53)[0m
[38;20m2026-10-01 05:43:03,652 - tpp_runner.py[pid:10760;line:104:_train_model] - INFO: [ Epoch 65 (train) ]: train loglike is 0.5679925990083617, num_events is 281923, mark_ll is -1.9239252917962086, time_ll is 2.491917884742687[0m
[38;20m2026-10-01 05:43:04,811 - tpp_runner.py[pid:10760;line:116:_train_model] - INFO: [ Epoch 65 (valid) ]:  valid loglike is 0.6985937797308973, num_events is 40073, mark_ll is -1.9203864842414546, time_ll is 2.6189803340349176[0m
[38;20m2026-10-01 05:43:07,509 - tpp_runner.py[pid:10760;line:136:_train_model] - INFO: [ Epoch 65 (test) ]: test loglike is 0.6816889499749839, num_events is 82197, mark_ll is -1.8969826182638965, time_ll is 2.5786715682388803[0m
[31;1m2026-10-01 05:43:07,509 - tpp_runner.py[pid:10760;line:140:_train_model] - CRITICAL: current best loglike on valid set is 0.6986 (updated at epoch-65), best updated at this epoch[0m
[38;20m2026-10-01 05:45:32,571 - tpp_runner.py[pid:10760;line:104:_train_model] - INFO: [ Epoch 66 (train) ]: train loglike is 0.6016282290025224, num_events is 281923, mark_ll is -1.9252114468090578, time_ll is 2.526839690533297[0m
[38;20m2026-10-01 05:45:33,672 - tpp_runner.py[pid:10760;line:116:_train_model] - INFO: [ Epoch 66 (valid) ]:  valid loglike is 0.64700493072311, num_events is 40073, mark_ll is -1.9257454084284462, time_ll is 2.5727502995509757[0m
[38;20m2026-10-01 05:45:35,998 - tpp_runner.py[pid:10760;line:136:_train_model] - INFO: [ Epoch 66 (test) ]: test loglike is 0.6488987792618268, num_events is 82197, mark_ll is -1.9022387954015962, time_ll is 2.5511375538721[0m
[31;1m2026-10-01 05:45:36,172 - tpp_runner.py[pid:10760;line:140:_train_model] - CRITICAL: current best loglike on valid set is 0.6986 (updated at epoch-65)[0m
[38;20m2026-10-01 05:48:02,059 - tpp_runner.py[pid:10760;line:104:_train_model] - INFO: [ Epoch 67 (train) ]: train loglike is 0.6271955371222262, num_events is 281923, mark_ll is -1.9254601121970805, time_ll is 2.552655662309057[0m
[38;20m2026-10-01 05:48:03,132 - tpp_runner.py[pid:10760;line:116:_train_model] - INFO: [ Epoch 67 (valid) ]:  valid loglike is 0.6411779002587855, num_events is 40073, mark_ll is -1.924689260946429, time_ll is 2.565867115512237[0m
[38;20m2026-10-01 05:48:05,459 - tpp_runner.py[pid:10760;line:136:_train_model] - INFO: [ Epoch 67 (test) ]: test loglike is 0.6490270617246143, num_events is 82197, mark_ll is -1.901472961870567, time_ll is 2.5504999968634805[0m
[31;1m2026-10-01 05:48:05,664 - tpp_runner.py[pid:10760;line:140:_train_model] - CRITICAL: current best loglike on valid set is 0.6986 (updated at epoch-65)[0m
[38;20m2026-10-01 05:50:30,651 - tpp_runner.py[pid:10760;line:104:_train_model] - INFO: [ Epoch 68 (train) ]: train loglike is 0.622733153045529, num_events is 281923, mark_ll is -1.919184788072674, time_ll is 2.5419179311593947[0m
[38;20m2026-10-01 05:50:31,850 - tpp_runner.py[pid:10760;line:116:_train_model] - INFO: [ Epoch 68 (valid) ]:  valid loglike is 0.6729295116734225, num_events is 40073, mark_ll is -1.9308145447059117, time_ll is 2.603744016778754[0m
[38;20m2026-10-01 05:50:34,227 - tpp_runner.py[pid:10760;line:136:_train_model] - INFO: [ Epoch 68 (test) ]: test loglike is 0.6808571232997213, num_events is 82197, mark_ll is -1.9044473091323284, time_ll is 2.585304463619034[0m
[31;1m2026-10-01 05:50:34,265 - tpp_runner.py[pid:10760;line:140:_train_model] - CRITICAL: current best loglike on valid set is 0.6986 (updated at epoch-65)[0m
[38;20m2026-10-01 05:53:00,300 - tpp_runner.py[pid:10760;line:104:_train_model] - INFO: [ Epoch 69 (train) ]: train loglike is 0.5926762828275585, num_events is 281923, mark_ll is -1.9418085841341208, time_ll is 2.5344848600338126[0m
[38;20m2026-10-01 05:53:01,486 - tpp_runner.py[pid:10760;line:116:_train_model] - INFO: [ Epoch 69 (valid) ]:  valid loglike is 0.5897268917331339, num_events is 40073, mark_ll is -1.9272401963097034, time_ll is 2.5169670941352345[0m
[38;20m2026-10-01 05:53:03,766 - tpp_runner.py[pid:10760;line:136:_train_model] - INFO: [ Epoch 69 (test) ]: test loglike is 0.5829020529803779, num_events is 82197, mark_ll is -1.9032463904362384, time_ll is 2.4861484523271833[0m
[31;1m2026-10-01 05:53:03,919 - tpp_runner.py[pid:10760;line:140:_train_model] - CRITICAL: current best loglike on valid set is 0.6986 (updated at epoch-65)[0m
[38;20m2026-10-01 05:55:30,987 - tpp_runner.py[pid:10760;line:104:_train_model] - INFO: [ Epoch 70 (train) ]: train loglike is 0.6277182516023324, num_events is 281923, mark_ll is -1.923300391280376, time_ll is 2.5510186697281925[0m
[38;20m2026-10-01 05:55:32,453 - tpp_runner.py[pid:10760;line:116:_train_model] - INFO: [ Epoch 70 (valid) ]:  valid loglike is 0.6856504868726878, num_events is 40073, mark_ll is -1.9275977773668524, time_ll is 2.6132482718550363[0m
[38;20m2026-10-01 05:55:34,845 - tpp_runner.py[pid:10760;line:136:_train_model] - INFO: [ Epoch 70 (test) ]: test loglike is 0.6790250884498522, num_events is 82197, mark_ll is -1.902052421982402, time_ll is 2.5810774985514984[0m
[31;1m2026-10-01 05:55:34,845 - tpp_runner.py[pid:10760;line:140:_train_model] - CRITICAL: current best loglike on valid set is 0.6986 (updated at epoch-65)[0m
