
=== Mon Sep 28 07:48:50 2026 attempt 1: D:\Quant\.venv\Scripts\python.exe -u -m infodiff.baselines.easytpp_runner SAHP lob_aapl 6 2019 100 64
[31;1m2026-09-28 07:48:52,914 - config.py[pid:11140;line:33:build_from_yaml_file] - CRITICAL: Load pipeline config class RunnerConfig[0m
[31;1m2026-09-28 07:48:52,937 - runner_config.py[pid:11140;line:205:update_config] - CRITICAL: train model SAHP using GPU with torch backend[0m
[38;20m2026-09-28 07:48:52,939 - runner_config.py[pid:11140;line:45:__init__] - INFO: Save the config to D:\Quant\results\easytpp\checkpoints/lob_aapl/SAHP/train_2026_09_28_07_48_52\SAHP_train_output.yaml[0m
[38;20m2026-09-28 07:48:52,940 - base_runner.py[pid:11140;line:193:save_log] - INFO: Save the log to D:\Quant\results\easytpp\checkpoints/lob_aapl/SAHP/train_2026_09_28_07_48_52\log[0m
0.20842144932044016 0.6263620563223178
min_dt: 7.275957614183426e-12
max_dt: 17.26781208600005
[38;20m2026-09-28 07:48:56,846 - tpp_runner.py[pid:11140;line:62:_init_model] - INFO: Num of model parameters 2148[0m
[38;20m2026-09-28 07:48:57,529 - base_runner.py[pid:11140;line:103:train] - INFO: Data 'lob_aapl' loaded...[0m
[38;20m2026-09-28 07:48:57,529 - base_runner.py[pid:11140;line:108:train] - INFO: Start SAHP training...[0m
[38;20m2026-09-28 07:48:58,264 - tpp_runner.py[pid:11140;line:104:_train_model] - INFO: [ Epoch 0 (train) ]: train loglike is -1.2445335971187195, num_events is 66675, mark_ll is -1.7997641493543777, time_ll is 0.5552306149414429[0m
[38;20m2026-09-28 07:48:58,302 - tpp_runner.py[pid:11140;line:116:_train_model] - INFO: [ Epoch 0 (valid) ]:  valid loglike is -1.4432010594595612, num_events is 17018, mark_ll is -1.7682471661439358, time_ll is 0.32504596143088843[0m
[38;20m2026-09-28 07:48:58,384 - tpp_runner.py[pid:11140;line:136:_train_model] - INFO: [ Epoch 0 (test) ]: test loglike is -0.876045201887721, num_events is 33655, mark_ll is -1.7711363540080411, time_ll is 0.8950911521203202[0m
[31;1m2026-09-28 07:48:58,384 - tpp_runner.py[pid:11140;line:140:_train_model] - CRITICAL: current best loglike on valid set is -1.4432 (updated at epoch-0), best updated at this epoch[0m
[38;20m2026-09-28 07:48:58,746 - tpp_runner.py[pid:11140;line:104:_train_model] - INFO: [ Epoch 1 (train) ]: train loglike is -1.0607583866469816, num_events is 66675, mark_ll is -1.7658638715082489, time_ll is 0.7051054253594278[0m
[38;20m2026-09-28 07:48:58,791 - tpp_runner.py[pid:11140;line:116:_train_model] - INFO: [ Epoch 1 (valid) ]:  valid loglike is -1.0945044717128556, num_events is 17018, mark_ll is -1.7993887962837143, time_ll is 0.7048843496763996[0m
[38;20m2026-09-28 07:48:58,862 - tpp_runner.py[pid:11140;line:136:_train_model] - INFO: [ Epoch 1 (test) ]: test loglike is -0.3469148415120745, num_events is 33655, mark_ll is -1.818640707988226, time_ll is 1.4717257952941614[0m
[31;1m2026-09-28 07:48:58,862 - tpp_runner.py[pid:11140;line:140:_train_model] - CRITICAL: current best loglike on valid set is -1.0945 (updated at epoch-1), best updated at this epoch[0m
[38;20m2026-09-28 07:48:59,252 - tpp_runner.py[pid:11140;line:104:_train_model] - INFO: [ Epoch 2 (train) ]: train loglike is -0.5366917608809642, num_events is 66675, mark_ll is -1.7946599790260593, time_ll is 1.257968230045463[0m
[38;20m2026-09-28 07:48:59,284 - tpp_runner.py[pid:11140;line:116:_train_model] - INFO: [ Epoch 2 (valid) ]:  valid loglike is -0.4543380280025194, num_events is 17018, mark_ll is -1.7733825690766762, time_ll is 1.319044537487651[0m
[38;20m2026-09-28 07:48:59,363 - tpp_runner.py[pid:11140;line:136:_train_model] - INFO: [ Epoch 2 (test) ]: test loglike is 0.3087079023362056, num_events is 33655, mark_ll is -1.7927727483495208, time_ll is 2.1014805853977863[0m
[31;1m2026-09-28 07:48:59,363 - tpp_runner.py[pid:11140;line:140:_train_model] - CRITICAL: current best loglike on valid set is -0.4543 (updated at epoch-2), best updated at this epoch[0m
[38;20m2026-09-28 07:48:59,742 - tpp_runner.py[pid:11140;line:104:_train_model] - INFO: [ Epoch 3 (train) ]: train loglike is 0.0631122366265496, num_events is 66675, mark_ll is -1.7583966066741656, time_ll is 1.8215088128632357[0m
[38;20m2026-09-28 07:48:59,774 - tpp_runner.py[pid:11140;line:116:_train_model] - INFO: [ Epoch 3 (valid) ]:  valid loglike is 0.019737373214866932, num_events is 17018, mark_ll is -1.7869999148420055, time_ll is 1.8067373315432558[0m
[38;20m2026-09-28 07:48:59,853 - tpp_runner.py[pid:11140;line:136:_train_model] - INFO: [ Epoch 3 (test) ]: test loglike is 0.7620924218982135, num_events is 33655, mark_ll is -1.810922208113579, time_ll is 2.5730146662828703[0m
[31;1m2026-09-28 07:48:59,853 - tpp_runner.py[pid:11140;line:140:_train_model] - CRITICAL: current best loglike on valid set is 0.0197 (updated at epoch-3), best updated at this epoch[0m
[38;20m2026-09-28 07:49:00,218 - tpp_runner.py[pid:11140;line:104:_train_model] - INFO: [ Epoch 4 (train) ]: train loglike is 0.359435101892781, num_events is 66675, mark_ll is -1.8058888073561117, time_ll is 2.1653239133682507[0m
[38;20m2026-09-28 07:49:00,265 - tpp_runner.py[pid:11140;line:116:_train_model] - INFO: [ Epoch 4 (valid) ]:  valid loglike is 0.13264725846848627, num_events is 17018, mark_ll is -1.8594394853748604, time_ll is 1.9920869128574341[0m
[38;20m2026-09-28 07:49:00,353 - tpp_runner.py[pid:11140;line:136:_train_model] - INFO: [ Epoch 4 (test) ]: test loglike is 0.8324585160428428, num_events is 33655, mark_ll is -1.9046496910284505, time_ll is 2.73710822883394[0m
[31;1m2026-09-28 07:49:00,353 - tpp_runner.py[pid:11140;line:140:_train_model] - CRITICAL: current best loglike on valid set is 0.1326 (updated at epoch-4), best updated at this epoch[0m
[38;20m2026-09-28 07:49:00,692 - tpp_runner.py[pid:11140;line:104:_train_model] - INFO: [ Epoch 5 (train) ]: train loglike is 0.4341398206953257, num_events is 66675, mark_ll is -1.8705371716230783, time_ll is 2.304677027676228[0m
[38;20m2026-09-28 07:49:00,740 - tpp_runner.py[pid:11140;line:116:_train_model] - INFO: [ Epoch 5 (valid) ]:  valid loglike is 0.2455292998840784, num_events is 17018, mark_ll is -1.8896330729090154, time_ll is 2.1351624073132123[0m
[38;20m2026-09-28 07:49:00,818 - tpp_runner.py[pid:11140;line:136:_train_model] - INFO: [ Epoch 5 (test) ]: test loglike is 0.9143382272931446, num_events is 33655, mark_ll is -1.9531053120589437, time_ll is 2.8674434867590253[0m
[31;1m2026-09-28 07:49:00,818 - tpp_runner.py[pid:11140;line:140:_train_model] - CRITICAL: current best loglike on valid set is 0.2455 (updated at epoch-5), best updated at this epoch[0m
[38;20m2026-09-28 07:49:01,168 - tpp_runner.py[pid:11140;line:104:_train_model] - INFO: [ Epoch 6 (train) ]: train loglike is 0.5696755071753726, num_events is 66675, mark_ll is -1.8786281036159542, time_ll is 2.4483035274887515[0m
[38;20m2026-09-28 07:49:01,209 - tpp_runner.py[pid:11140;line:116:_train_model] - INFO: [ Epoch 6 (valid) ]:  valid loglike is 0.45152910084376424, num_events is 17018, mark_ll is -1.8667706404271396, time_ll is 2.3182996381588614[0m
[38;20m2026-09-28 07:49:01,276 - tpp_runner.py[pid:11140;line:136:_train_model] - INFO: [ Epoch 6 (test) ]: test loglike is 1.1286623995436227, num_events is 33655, mark_ll is -1.9295766410776631, time_ll is 3.0582391131634417[0m
[31;1m2026-09-28 07:49:01,276 - tpp_runner.py[pid:11140;line:140:_train_model] - CRITICAL: current best loglike on valid set is 0.4515 (updated at epoch-6), best updated at this epoch[0m
[38;20m2026-09-28 07:49:01,592 - tpp_runner.py[pid:11140;line:104:_train_model] - INFO: [ Epoch 7 (train) ]: train loglike is 0.672232439450928, num_events is 66675, mark_ll is -1.8867628802259093, time_ll is 2.5589953599550057[0m
[38;20m2026-09-28 07:49:01,627 - tpp_runner.py[pid:11140;line:116:_train_model] - INFO: [ Epoch 7 (valid) ]:  valid loglike is 0.5011138360107221, num_events is 17018, mark_ll is -1.8785376576226276, time_ll is 2.379651554603949[0m
[38;20m2026-09-28 07:49:01,687 - tpp_runner.py[pid:11140;line:136:_train_model] - INFO: [ Epoch 7 (test) ]: test loglike is 1.223747276767475, num_events is 33655, mark_ll is -1.9727864776779083, time_ll is 3.1965337471911677[0m
[31;1m2026-09-28 07:49:01,687 - tpp_runner.py[pid:11140;line:140:_train_model] - CRITICAL: current best loglike on valid set is 0.5011 (updated at epoch-7), best updated at this epoch[0m
[38;20m2026-09-28 07:49:02,081 - tpp_runner.py[pid:11140;line:104:_train_model] - INFO: [ Epoch 8 (train) ]: train loglike is 0.8412280516021923, num_events is 66675, mark_ll is -1.8142310824428196, time_ll is 2.6554592077357517[0m
[38;20m2026-09-28 07:49:02,130 - tpp_runner.py[pid:11140;line:116:_train_model] - INFO: [ Epoch 8 (valid) ]:  valid loglike is 0.724308662625258, num_events is 17018, mark_ll is -1.762164940017555, time_ll is 2.486473708444735[0m
[38;20m2026-09-28 07:49:02,208 - tpp_runner.py[pid:11140;line:136:_train_model] - INFO: [ Epoch 8 (test) ]: test loglike is 1.4850865913949916, num_events is 33655, mark_ll is -1.7886726366926349, time_ll is 3.2737591374099315[0m
[31;1m2026-09-28 07:49:02,208 - tpp_runner.py[pid:11140;line:140:_train_model] - CRITICAL: current best loglike on valid set is 0.7243 (updated at epoch-8), best updated at this epoch[0m
[38;20m2026-09-28 07:49:02,547 - tpp_runner.py[pid:11140;line:104:_train_model] - INFO: [ Epoch 9 (train) ]: train loglike is 0.939343112048738, num_events is 66675, mark_ll is -1.7556328798743908, time_ll is 2.694975942948538[0m
[38;20m2026-09-28 07:49:02,584 - tpp_runner.py[pid:11140;line:116:_train_model] - INFO: [ Epoch 9 (valid) ]:  valid loglike is 0.7711320904646459, num_events is 17018, mark_ll is -1.7603332397590052, time_ll is 2.5314654485783437[0m
[38;20m2026-09-28 07:49:02,647 - tpp_runner.py[pid:11140;line:136:_train_model] - INFO: [ Epoch 9 (test) ]: test loglike is 1.5460934888482394, num_events is 33655, mark_ll is -1.7679801536268756, time_ll is 3.3140736714919776[0m
[31;1m2026-09-28 07:49:02,647 - tpp_runner.py[pid:11140;line:140:_train_model] - CRITICAL: current best loglike on valid set is 0.7711 (updated at epoch-9), best updated at this epoch[0m
[38;20m2026-09-28 07:49:03,023 - tpp_runner.py[pid:11140;line:104:_train_model] - INFO: [ Epoch 10 (train) ]: train loglike is 0.998672128569378, num_events is 66675, mark_ll is -1.7603841658464567, time_ll is 2.7590562092824333[0m
[38;20m2026-09-28 07:49:03,064 - tpp_runner.py[pid:11140;line:116:_train_model] - INFO: [ Epoch 10 (valid) ]:  valid loglike is 0.7586500746394902, num_events is 17018, mark_ll is -1.7589439063027934, time_ll is 2.5175940060478244[0m
[38;20m2026-09-28 07:49:03,161 - tpp_runner.py[pid:11140;line:136:_train_model] - INFO: [ Epoch 10 (test) ]: test loglike is 1.5783129385898733, num_events is 33655, mark_ll is -1.765589998409876, time_ll is 3.343902904355779[0m
[31;1m2026-09-28 07:49:03,161 - tpp_runner.py[pid:11140;line:140:_train_model] - CRITICAL: current best loglike on valid set is 0.7711 (updated at epoch-9)[0m
[38;20m2026-09-28 07:49:03,548 - tpp_runner.py[pid:11140;line:104:_train_model] - INFO: [ Epoch 11 (train) ]: train loglike is 1.0450934947828787, num_events is 66675, mark_ll is -1.7586323218386763, time_ll is 2.803725785497516[0m
[38;20m2026-09-28 07:49:03,603 - tpp_runner.py[pid:11140;line:116:_train_model] - INFO: [ Epoch 11 (valid) ]:  valid loglike is 0.7957934640608014, num_events is 17018, mark_ll is -1.7544621584039692, time_ll is 2.5502557336464515[0m
[38;20m2026-09-28 07:49:03,675 - tpp_runner.py[pid:11140;line:136:_train_model] - INFO: [ Epoch 11 (test) ]: test loglike is 1.5867618545489155, num_events is 33655, mark_ll is -1.7724414816938419, time_ll is 3.359203314480111[0m
[31;1m2026-09-28 07:49:03,675 - tpp_runner.py[pid:11140;line:140:_train_model] - CRITICAL: current best loglike on valid set is 0.7958 (updated at epoch-11), best updated at this epoch[0m
[38;20m2026-09-28 07:49:04,038 - tpp_runner.py[pid:11140;line:104:_train_model] - INFO: [ Epoch 12 (train) ]: train loglike is 1.1001360157128797, num_events is 66675, mark_ll is -1.7558795214074803, time_ll is 2.8560155005038435[0m
[38;20m2026-09-28 07:49:04,094 - tpp_runner.py[pid:11140;line:116:_train_model] - INFO: [ Epoch 12 (valid) ]:  valid loglike is 0.8947612813110567, num_events is 17018, mark_ll is -1.752759055898534, time_ll is 2.647520416112719[0m
[38;20m2026-09-28 07:49:04,189 - tpp_runner.py[pid:11140;line:136:_train_model] - INFO: [ Epoch 12 (test) ]: test loglike is 1.6309408906203573, num_events is 33655, mark_ll is -1.7733134674221884, time_ll is 3.404254336279899[0m
[31;1m2026-09-28 07:49:04,191 - tpp_runner.py[pid:11140;line:140:_train_model] - CRITICAL: current best loglike on valid set is 0.8948 (updated at epoch-12), best updated at this epoch[0m
[38;20m2026-09-28 07:49:04,543 - tpp_runner.py[pid:11140;line:104:_train_model] - INFO: [ Epoch 13 (train) ]: train loglike is 1.1185580598811866, num_events is 66675, mark_ll is -1.7533504002917604, time_ll is 2.871908419894779[0m
[38;20m2026-09-28 07:49:04,590 - tpp_runner.py[pid:11140;line:116:_train_model] - INFO: [ Epoch 13 (valid) ]:  valid loglike is 0.8943323710786006, num_events is 17018, mark_ll is -1.7509411852064725, time_ll is 2.6452736925722946[0m
[38;20m2026-09-28 07:49:04,703 - tpp_runner.py[pid:11140;line:136:_train_model] - INFO: [ Epoch 13 (test) ]: test loglike is 1.6656167483297895, num_events is 33655, mark_ll is -1.7669195147684222, time_ll is 3.4325362304542417[0m
[31;1m2026-09-28 07:49:04,703 - tpp_runner.py[pid:11140;line:140:_train_model] - CRITICAL: current best loglike on valid set is 0.8948 (updated at epoch-12)[0m
[38;20m2026-09-28 07:49:05,019 - tpp_runner.py[pid:11140;line:104:_train_model] - INFO: [ Epoch 14 (train) ]: train loglike is 1.1375612209850723, num_events is 66675, mark_ll is -1.7514602227455942, time_ll is 2.8890214016216724[0m
[38;20m2026-09-28 07:49:05,047 - tpp_runner.py[pid:11140;line:116:_train_model] - INFO: [ Epoch 14 (valid) ]:  valid loglike is 0.9301683535964218, num_events is 17018, mark_ll is -1.7499130057145376, time_ll is 2.680081477665652[0m
[38;20m2026-09-28 07:49:05,110 - tpp_runner.py[pid:11140;line:136:_train_model] - INFO: [ Epoch 14 (test) ]: test loglike is 1.662724532480315, num_events is 33655, mark_ll is -1.766263153343671, time_ll is 3.428987598773399[0m
[31;1m2026-09-28 07:49:05,110 - tpp_runner.py[pid:11140;line:140:_train_model] - CRITICAL: current best loglike on valid set is 0.9302 (updated at epoch-14), best updated at this epoch[0m
[38;20m2026-09-28 07:49:05,410 - tpp_runner.py[pid:11140;line:104:_train_model] - INFO: [ Epoch 15 (train) ]: train loglike is 1.1662174387625375, num_events is 66675, mark_ll is -1.7502136646981628, time_ll is 2.916431061351706[0m
[38;20m2026-09-28 07:49:05,488 - tpp_runner.py[pid:11140;line:116:_train_model] - INFO: [ Epoch 15 (valid) ]:  valid loglike is 0.9411586089453079, num_events is 17018, mark_ll is -1.7492532966587768, time_ll is 2.690411855393003[0m
[38;20m2026-09-28 07:49:05,551 - tpp_runner.py[pid:11140;line:136:_train_model] - INFO: [ Epoch 15 (test) ]: test loglike is 1.6795120713048768, num_events is 33655, mark_ll is -1.7685843572416804, time_ll is 3.4480965591224373[0m
[31;1m2026-09-28 07:49:05,551 - tpp_runner.py[pid:11140;line:140:_train_model] - CRITICAL: current best loglike on valid set is 0.9412 (updated at epoch-15), best updated at this epoch[0m
[38;20m2026-09-28 07:49:05,852 - tpp_runner.py[pid:11140;line:104:_train_model] - INFO: [ Epoch 16 (train) ]: train loglike is 1.173450458585255, num_events is 66675, mark_ll is -1.7490112661698538, time_ll is 2.9224617357400637[0m
[38;20m2026-09-28 07:49:05,894 - tpp_runner.py[pid:11140;line:116:_train_model] - INFO: [ Epoch 16 (valid) ]:  valid loglike is 0.9718720210482559, num_events is 17018, mark_ll is -1.7485053739055705, time_ll is 2.7203774415784023[0m
[38;20m2026-09-28 07:49:05,963 - tpp_runner.py[pid:11140;line:136:_train_model] - INFO: [ Epoch 16 (test) ]: test loglike is 1.685417942199571, num_events is 33655, mark_ll is -1.768024172206953, time_ll is 3.453442081762554[0m
[31;1m2026-09-28 07:49:05,963 - tpp_runner.py[pid:11140;line:140:_train_model] - CRITICAL: current best loglike on valid set is 0.9719 (updated at epoch-16), best updated at this epoch[0m
[38;20m2026-09-28 07:49:06,307 - tpp_runner.py[pid:11140;line:104:_train_model] - INFO: [ Epoch 17 (train) ]: train loglike is 1.194120972915495, num_events is 66675, mark_ll is -1.7478926389084177, time_ll is 2.9420136447787777[0m
[38;20m2026-09-28 07:49:06,335 - tpp_runner.py[pid:11140;line:116:_train_model] - INFO: [ Epoch 17 (valid) ]:  valid loglike is 0.9858780794886756, num_events is 17018, mark_ll is -1.7464655415405748, time_ll is 2.7323436317887677[0m
[38;20m2026-09-28 07:49:06,399 - tpp_runner.py[pid:11140;line:136:_train_model] - INFO: [ Epoch 17 (test) ]: test loglike is 1.6599695264912346, num_events is 33655, mark_ll is -1.7660162706251856, time_ll is 3.425985920438085[0m
[31;1m2026-09-28 07:49:06,399 - tpp_runner.py[pid:11140;line:140:_train_model] - CRITICAL: current best loglike on valid set is 0.9859 (updated at epoch-17), best updated at this epoch[0m
[38;20m2026-09-28 07:49:06,722 - tpp_runner.py[pid:11140;line:104:_train_model] - INFO: [ Epoch 18 (train) ]: train loglike is 1.2088875554374063, num_events is 66675, mark_ll is -1.747740427710208, time_ll is 2.95662802891826[0m
[38;20m2026-09-28 07:49:06,754 - tpp_runner.py[pid:11140;line:116:_train_model] - INFO: [ Epoch 18 (valid) ]:  valid loglike is 0.9425685791560774, num_events is 17018, mark_ll is -1.7470399706606607, time_ll is 2.689608463740598[0m
[38;20m2026-09-28 07:49:06,818 - tpp_runner.py[pid:11140;line:136:_train_model] - INFO: [ Epoch 18 (test) ]: test loglike is 1.7142410951602196, num_events is 33655, mark_ll is -1.7684070206878622, time_ll is 3.482648177508914[0m
[31;1m2026-09-28 07:49:06,818 - tpp_runner.py[pid:11140;line:140:_train_model] - CRITICAL: current best loglike on valid set is 0.9859 (updated at epoch-17)[0m
[38;20m2026-09-28 07:49:07,133 - tpp_runner.py[pid:11140;line:104:_train_model] - INFO: [ Epoch 19 (train) ]: train loglike is 1.1750912556828834, num_events is 66675, mark_ll is -1.7471850540166853, time_ll is 2.9222763243461753[0m
[38;20m2026-09-28 07:49:07,164 - tpp_runner.py[pid:11140;line:116:_train_model] - INFO: [ Epoch 19 (valid) ]:  valid loglike is 0.9576355834057138, num_events is 17018, mark_ll is -1.7467373556445749, time_ll is 2.704372874493184[0m
[38;20m2026-09-28 07:49:07,227 - tpp_runner.py[pid:11140;line:136:_train_model] - INFO: [ Epoch 19 (test) ]: test loglike is 1.6848561793729573, num_events is 33655, mark_ll is -1.768182473699116, time_ll is 3.4530387473768758[0m
[31;1m2026-09-28 07:49:07,227 - tpp_runner.py[pid:11140;line:140:_train_model] - CRITICAL: current best loglike on valid set is 0.9859 (updated at epoch-17)[0m
[38;20m2026-09-28 07:49:07,528 - tpp_runner.py[pid:11140;line:104:_train_model] - INFO: [ Epoch 20 (train) ]: train loglike is 1.179274505969957, num_events is 66675, mark_ll is -1.7467231952451256, time_ll is 2.9259976243203973[0m
[38;20m2026-09-28 07:49:07,560 - tpp_runner.py[pid:11140;line:116:_train_model] - INFO: [ Epoch 20 (valid) ]:  valid loglike is 0.9758850018753121, num_events is 17018, mark_ll is -1.7463366783860288, time_ll is 2.7222216515692943[0m
[38;20m2026-09-28 07:49:07,617 - tpp_runner.py[pid:11140;line:136:_train_model] - INFO: [ Epoch 20 (test) ]: test loglike is 1.7115432270000743, num_events is 33655, mark_ll is -1.7689511739061803, time_ll is 3.480494313855668[0m
[31;1m2026-09-28 07:49:07,617 - tpp_runner.py[pid:11140;line:140:_train_model] - CRITICAL: current best loglike on valid set is 0.9859 (updated at epoch-17)[0m
[38;20m2026-09-28 07:49:07,942 - tpp_runner.py[pid:11140;line:104:_train_model] - INFO: [ Epoch 21 (train) ]: train loglike is 1.1940075386084552, num_events is 66675, mark_ll is -1.747211428893654, time_ll is 2.941219015103581[0m
[38;20m2026-09-28 07:49:07,971 - tpp_runner.py[pid:11140;line:116:_train_model] - INFO: [ Epoch 21 (valid) ]:  valid loglike is 0.9937957394261774, num_events is 17018, mark_ll is -1.7467537674952625, time_ll is 2.7405494423643346[0m
[38;20m2026-09-28 07:49:08,049 - tpp_runner.py[pid:11140;line:136:_train_model] - INFO: [ Epoch 21 (test) ]: test loglike is 1.7259031716010809, num_events is 33655, mark_ll is -1.7697692463044123, time_ll is 3.4956723816344155[0m
[31;1m2026-09-28 07:49:08,049 - tpp_runner.py[pid:11140;line:140:_train_model] - CRITICAL: current best loglike on valid set is 0.9938 (updated at epoch-21), best updated at this epoch[0m
[38;20m2026-09-28 07:49:08,350 - tpp_runner.py[pid:11140;line:104:_train_model] - INFO: [ Epoch 22 (train) ]: train loglike is 1.1816818149196193, num_events is 66675, mark_ll is -1.7474177593035245, time_ll is 2.9290995925314025[0m
[38;20m2026-09-28 07:49:08,381 - tpp_runner.py[pid:11140;line:116:_train_model] - INFO: [ Epoch 22 (valid) ]:  valid loglike is 0.9910262396226606, num_events is 17018, mark_ll is -1.7469424463940755, time_ll is 2.737968707535771[0m
[38;20m2026-09-28 07:49:08,445 - tpp_runner.py[pid:11140;line:136:_train_model] - INFO: [ Epoch 22 (test) ]: test loglike is 1.6834941351117962, num_events is 33655, mark_ll is -1.7706846702755905, time_ll is 3.4541789214548357[0m
[31;1m2026-09-28 07:49:08,445 - tpp_runner.py[pid:11140;line:140:_train_model] - CRITICAL: current best loglike on valid set is 0.9938 (updated at epoch-21)[0m
[38;20m2026-09-28 07:49:08,775 - tpp_runner.py[pid:11140;line:104:_train_model] - INFO: [ Epoch 23 (train) ]: train loglike is 1.228519601553712, num_events is 66675, mark_ll is -1.7493992950588209, time_ll is 2.977918892950881[0m
[38;20m2026-09-28 07:49:08,814 - tpp_runner.py[pid:11140;line:116:_train_model] - INFO: [ Epoch 23 (valid) ]:  valid loglike is 1.0073333750993891, num_events is 17018, mark_ll is -1.7505008125013772, time_ll is 2.7578342485713656[0m
[38;20m2026-09-28 07:49:08,869 - tpp_runner.py[pid:11140;line:136:_train_model] - INFO: [ Epoch 23 (test) ]: test loglike is 1.6983302028975078, num_events is 33655, mark_ll is -1.7756051611712598, time_ll is 3.473935429356708[0m
[31;1m2026-09-28 07:49:08,869 - tpp_runner.py[pid:11140;line:140:_train_model] - CRITICAL: current best loglike on valid set is 1.0073 (updated at epoch-23), best updated at this epoch[0m
[38;20m2026-09-28 07:49:09,170 - tpp_runner.py[pid:11140;line:104:_train_model] - INFO: [ Epoch 24 (train) ]: train loglike is 1.2177887688355362, num_events is 66675, mark_ll is -1.748998347862767, time_ll is 2.9667871459915167[0m
[38;20m2026-09-28 07:49:09,208 - tpp_runner.py[pid:11140;line:116:_train_model] - INFO: [ Epoch 24 (valid) ]:  valid loglike is 0.9829098370509809, num_events is 17018, mark_ll is -1.7468374765413826, time_ll is 2.729747202410683[0m
[38;20m2026-09-28 07:49:09,267 - tpp_runner.py[pid:11140;line:136:_train_model] - INFO: [ Epoch 24 (test) ]: test loglike is 1.6970854665563253, num_events is 33655, mark_ll is -1.7710949034202756, time_ll is 3.4681803917392475[0m
[31;1m2026-09-28 07:49:09,267 - tpp_runner.py[pid:11140;line:140:_train_model] - CRITICAL: current best loglike on valid set is 1.0073 (updated at epoch-23)[0m
[38;20m2026-09-28 07:49:09,550 - tpp_runner.py[pid:11140;line:104:_train_model] - INFO: [ Epoch 25 (train) ]: train loglike is 1.2121236847347208, num_events is 66675, mark_ll is -1.7503501564257593, time_ll is 2.96247377525075[0m
[38;20m2026-09-28 07:49:09,582 - tpp_runner.py[pid:11140;line:116:_train_model] - INFO: [ Epoch 25 (valid) ]:  valid loglike is 1.0435881108651501, num_events is 17018, mark_ll is -1.7486454915154175, time_ll is 2.792233544996474[0m
[38;20m2026-09-28 07:49:09,645 - tpp_runner.py[pid:11140;line:136:_train_model] - INFO: [ Epoch 25 (test) ]: test loglike is 1.6992466061877878, num_events is 33655, mark_ll is -1.7743646540377545, time_ll is 3.4736112529713266[0m
[31;1m2026-09-28 07:49:09,645 - tpp_runner.py[pid:11140;line:140:_train_model] - CRITICAL: current best loglike on valid set is 1.0436 (updated at epoch-25), best updated at this epoch[0m
[38;20m2026-09-28 07:49:09,948 - tpp_runner.py[pid:11140;line:104:_train_model] - INFO: [ Epoch 26 (train) ]: train loglike is 1.195009511140209, num_events is 66675, mark_ll is -1.7512346100780372, time_ll is 2.9462440827709035[0m
[38;20m2026-09-28 07:49:09,993 - tpp_runner.py[pid:11140;line:116:_train_model] - INFO: [ Epoch 26 (valid) ]:  valid loglike is 0.9860620636513544, num_events is 17018, mark_ll is -1.7507053365829564, time_ll is 2.7367675150024975[0m
[38;20m2026-09-28 07:49:10,053 - tpp_runner.py[pid:11140;line:136:_train_model] - INFO: [ Epoch 26 (test) ]: test loglike is 1.6560556595648863, num_events is 33655, mark_ll is -1.7764422976480092, time_ll is 3.4324979572128957[0m
[31;1m2026-09-28 07:49:10,053 - tpp_runner.py[pid:11140;line:140:_train_model] - CRITICAL: current best loglike on valid set is 1.0436 (updated at epoch-25)[0m
[38;20m2026-09-28 07:49:10,350 - tpp_runner.py[pid:11140;line:104:_train_model] - INFO: [ Epoch 27 (train) ]: train loglike is 1.2150562759244938, num_events is 66675, mark_ll is -1.7541588453787027, time_ll is 2.969215139611455[0m
[38;20m2026-09-28 07:49:10,385 - tpp_runner.py[pid:11140;line:116:_train_model] - INFO: [ Epoch 27 (valid) ]:  valid loglike is 0.9952758294124695, num_events is 17018, mark_ll is -1.755218272736496, time_ll is 2.7504942205036578[0m
[38;20m2026-09-28 07:49:10,448 - tpp_runner.py[pid:11140;line:136:_train_model] - INFO: [ Epoch 27 (test) ]: test loglike is 1.6981358624623941, num_events is 33655, mark_ll is -1.7820727586214902, time_ll is 3.4802086501007468[0m
[31;1m2026-09-28 07:49:10,448 - tpp_runner.py[pid:11140;line:140:_train_model] - CRITICAL: current best loglike on valid set is 1.0436 (updated at epoch-25)[0m
[38;20m2026-09-28 07:49:10,767 - tpp_runner.py[pid:11140;line:104:_train_model] - INFO: [ Epoch 28 (train) ]: train loglike is 1.1993058094300713, num_events is 66675, mark_ll is -1.7540495194448351, time_ll is 2.9533554130928947[0m
[38;20m2026-09-28 07:49:10,814 - tpp_runner.py[pid:11140;line:116:_train_model] - INFO: [ Epoch 28 (valid) ]:  valid loglike is 0.9867498550477803, num_events is 17018, mark_ll is -1.7521475996922375, time_ll is 2.738897411701948[0m
[38;20m2026-09-28 07:49:10,891 - tpp_runner.py[pid:11140;line:136:_train_model] - INFO: [ Epoch 28 (test) ]: test loglike is 1.6839788255250892, num_events is 33655, mark_ll is -1.7783119121183701, time_ll is 3.4622906868639505[0m
[31;1m2026-09-28 07:49:10,891 - tpp_runner.py[pid:11140;line:140:_train_model] - CRITICAL: current best loglike on valid set is 1.0436 (updated at epoch-25)[0m
[38;20m2026-09-28 07:49:11,209 - tpp_runner.py[pid:11140;line:104:_train_model] - INFO: [ Epoch 29 (train) ]: train loglike is 1.1891910624209083, num_events is 66675, mark_ll is -1.7566162164299775, time_ll is 2.9458072696967568[0m
[38;20m2026-09-28 07:49:11,255 - tpp_runner.py[pid:11140;line:116:_train_model] - INFO: [ Epoch 29 (valid) ]:  valid loglike is 1.0087777470741, num_events is 17018, mark_ll is -1.7565149021899606, time_ll is 2.7652927317536946[0m
[38;20m2026-09-28 07:49:11,318 - tpp_runner.py[pid:11140;line:136:_train_model] - INFO: [ Epoch 29 (test) ]: test loglike is 1.6844294138709888, num_events is 33655, mark_ll is -1.7847149470500296, time_ll is 3.4691443899378807[0m
[31;1m2026-09-28 07:49:11,318 - tpp_runner.py[pid:11140;line:140:_train_model] - CRITICAL: current best loglike on valid set is 1.0436 (updated at epoch-25)[0m
[38;20m2026-09-28 07:49:11,681 - tpp_runner.py[pid:11140;line:104:_train_model] - INFO: [ Epoch 30 (train) ]: train loglike is 1.1847285873933726, num_events is 66675, mark_ll is -1.7579728656964755, time_ll is 2.94270150069132[0m
[38;20m2026-09-28 07:49:11,728 - tpp_runner.py[pid:11140;line:116:_train_model] - INFO: [ Epoch 30 (valid) ]:  valid loglike is 1.0345140215736646, num_events is 17018, mark_ll is -1.755548733383862, time_ll is 2.7900627334384915[0m
[38;20m2026-09-28 07:49:11,808 - tpp_runner.py[pid:11140;line:136:_train_model] - INFO: [ Epoch 30 (test) ]: test loglike is 1.686862180350245, num_events is 33655, mark_ll is -1.782324066411473, time_ll is 3.4691862757785805[0m
[31;1m2026-09-28 07:49:11,808 - tpp_runner.py[pid:11140;line:140:_train_model] - CRITICAL: current best loglike on valid set is 1.0436 (updated at epoch-25)[0m
[38;20m2026-09-28 07:49:12,139 - tpp_runner.py[pid:11140;line:104:_train_model] - INFO: [ Epoch 31 (train) ]: train loglike is 1.186338886594254, num_events is 66675, mark_ll is -1.759906474093082, time_ll is 2.9462453863188975[0m
[38;20m2026-09-28 07:49:12,171 - tpp_runner.py[pid:11140;line:116:_train_model] - INFO: [ Epoch 31 (valid) ]:  valid loglike is 0.9761568374983474, num_events is 17018, mark_ll is -1.7603746782473888, time_ll is 2.7365314583616427[0m
[38;20m2026-09-28 07:49:12,251 - tpp_runner.py[pid:11140;line:136:_train_model] - INFO: [ Epoch 31 (test) ]: test loglike is 1.6889525369732858, num_events is 33655, mark_ll is -1.7891159200434557, time_ll is 3.4780683953559093[0m
[31;1m2026-09-28 07:49:12,251 - tpp_runner.py[pid:11140;line:140:_train_model] - CRITICAL: current best loglike on valid set is 1.0436 (updated at epoch-25)[0m
[38;20m2026-09-28 07:49:12,615 - tpp_runner.py[pid:11140;line:104:_train_model] - INFO: [ Epoch 32 (train) ]: train loglike is 1.2125409235344606, num_events is 66675, mark_ll is -1.7620231797197226, time_ll is 2.9745641316319835[0m
[38;20m2026-09-28 07:49:12,648 - tpp_runner.py[pid:11140;line:116:_train_model] - INFO: [ Epoch 32 (valid) ]:  valid loglike is 1.0059735334806346, num_events is 17018, mark_ll is -1.7599847605063388, time_ll is 2.765958243775892[0m
[38;20m2026-09-28 07:49:12,723 - tpp_runner.py[pid:11140;line:136:_train_model] - INFO: [ Epoch 32 (test) ]: test loglike is 1.6798260555173823, num_events is 33655, mark_ll is -1.7886877327152355, time_ll is 3.4685137664699712[0m
[31;1m2026-09-28 07:49:12,723 - tpp_runner.py[pid:11140;line:140:_train_model] - CRITICAL: current best loglike on valid set is 1.0436 (updated at epoch-25)[0m
[38;20m2026-09-28 07:49:13,076 - tpp_runner.py[pid:11140;line:104:_train_model] - INFO: [ Epoch 33 (train) ]: train loglike is 1.2126140091863518, num_events is 66675, mark_ll is -1.7626133061492313, time_ll is 2.9752273446287965[0m
[38;20m2026-09-28 07:49:13,116 - tpp_runner.py[pid:11140;line:116:_train_model] - INFO: [ Epoch 33 (valid) ]:  valid loglike is 0.9619880808073621, num_events is 17018, mark_ll is -1.7608971388979684, time_ll is 2.722885226878342[0m
[38;20m2026-09-28 07:49:13,196 - tpp_runner.py[pid:11140;line:136:_train_model] - INFO: [ Epoch 33 (test) ]: test loglike is 1.6845847520160917, num_events is 33655, mark_ll is -1.7900559503138465, time_ll is 3.474640647923321[0m
[31;1m2026-09-28 07:49:13,196 - tpp_runner.py[pid:11140;line:140:_train_model] - CRITICAL: current best loglike on valid set is 1.0436 (updated at epoch-25)[0m
[38;20m2026-09-28 07:49:13,575 - tpp_runner.py[pid:11140;line:104:_train_model] - INFO: [ Epoch 34 (train) ]: train loglike is 1.2062813913397543, num_events is 66675, mark_ll is -1.763518861900075, time_ll is 2.969800249578178[0m
[38;20m2026-09-28 07:49:13,620 - tpp_runner.py[pid:11140;line:116:_train_model] - INFO: [ Epoch 34 (valid) ]:  valid loglike is 0.9658040225905108, num_events is 17018, mark_ll is -1.7604414159479118, time_ll is 2.7262454385384225[0m
[38;20m2026-09-28 07:49:13,706 - tpp_runner.py[pid:11140;line:136:_train_model] - INFO: [ Epoch 34 (test) ]: test loglike is 1.6779061112993983, num_events is 33655, mark_ll is -1.7899059766611574, time_ll is 3.467812116977418[0m
[31;1m2026-09-28 07:49:13,706 - tpp_runner.py[pid:11140;line:140:_train_model] - CRITICAL: current best loglike on valid set is 1.0436 (updated at epoch-25)[0m
[38;20m2026-09-28 07:49:14,035 - tpp_runner.py[pid:11140;line:104:_train_model] - INFO: [ Epoch 35 (train) ]: train loglike is 1.1927135694952193, num_events is 66675, mark_ll is -1.7640623828271467, time_ll is 2.9567759157058493[0m
[38;20m2026-09-28 07:49:14,066 - tpp_runner.py[pid:11140;line:116:_train_model] - INFO: [ Epoch 35 (valid) ]:  valid loglike is 1.0004502355961336, num_events is 17018, mark_ll is -1.7610636244986926, time_ll is 2.761513774018686[0m
[38;20m2026-09-28 07:49:14,145 - tpp_runner.py[pid:11140;line:136:_train_model] - INFO: [ Epoch 35 (test) ]: test loglike is 1.7183073550201493, num_events is 33655, mark_ll is -1.790071300233992, time_ll is 3.5083786334914944[0m
[31;1m2026-09-28 07:49:14,145 - tpp_runner.py[pid:11140;line:140:_train_model] - CRITICAL: current best loglike on valid set is 1.0436 (updated at epoch-25)[0m
[38;20m2026-09-28 07:49:14,475 - tpp_runner.py[pid:11140;line:104:_train_model] - INFO: [ Epoch 36 (train) ]: train loglike is 1.199047996197741, num_events is 66675, mark_ll is -1.7652017570069367, time_ll is 2.9642497861595425[0m
[38;20m2026-09-28 07:49:14,501 - tpp_runner.py[pid:11140;line:116:_train_model] - INFO: [ Epoch 36 (valid) ]:  valid loglike is 0.9872622842415476, num_events is 17018, mark_ll is -1.7623322146495621, time_ll is 2.749594359017382[0m
[38;20m2026-09-28 07:49:14,557 - tpp_runner.py[pid:11140;line:136:_train_model] - INFO: [ Epoch 36 (test) ]: test loglike is 1.7116671471375446, num_events is 33655, mark_ll is -1.7920014221164202, time_ll is 3.503668630914797[0m
[31;1m2026-09-28 07:49:14,557 - tpp_runner.py[pid:11140;line:140:_train_model] - CRITICAL: current best loglike on valid set is 1.0436 (updated at epoch-25)[0m
[38;20m2026-09-28 07:49:14,871 - tpp_runner.py[pid:11140;line:104:_train_model] - INFO: [ Epoch 37 (train) ]: train loglike is 1.2182025940605081, num_events is 66675, mark_ll is -1.76679705075928, time_ll is 2.984999502015373[0m
[38;20m2026-09-28 07:49:14,903 - tpp_runner.py[pid:11140;line:116:_train_model] - INFO: [ Epoch 37 (valid) ]:  valid loglike is 0.9786413392024254, num_events is 17018, mark_ll is -1.765378549665244, time_ll is 2.744020003635856[0m
[38;20m2026-09-28 07:49:14,950 - tpp_runner.py[pid:11140;line:136:_train_model] - INFO: [ Epoch 37 (test) ]: test loglike is 1.6904633833313214, num_events is 33655, mark_ll is -1.7961581964511217, time_ll is 3.4866215725282275[0m
[31;1m2026-09-28 07:49:14,950 - tpp_runner.py[pid:11140;line:140:_train_model] - CRITICAL: current best loglike on valid set is 1.0436 (updated at epoch-25)[0m
[38;20m2026-09-28 07:49:15,288 - tpp_runner.py[pid:11140;line:104:_train_model] - INFO: [ Epoch 38 (train) ]: train loglike is 1.2180802839098237, num_events is 66675, mark_ll is -1.767953682303384, time_ll is 2.986034006491376[0m
[38;20m2026-09-28 07:49:15,318 - tpp_runner.py[pid:11140;line:116:_train_model] - INFO: [ Epoch 38 (valid) ]:  valid loglike is 1.005900806315372, num_events is 17018, mark_ll is -1.7631659481413062, time_ll is 2.7690667042455965[0m
[38;20m2026-09-28 07:49:15,380 - tpp_runner.py[pid:11140;line:136:_train_model] - INFO: [ Epoch 38 (test) ]: test loglike is 1.7058665856902764, num_events is 33655, mark_ll is -1.7933874052889616, time_ll is 3.499253903928651[0m
[31;1m2026-09-28 07:49:15,380 - tpp_runner.py[pid:11140;line:140:_train_model] - CRITICAL: current best loglike on valid set is 1.0436 (updated at epoch-25)[0m
[38;20m2026-09-28 07:49:15,703 - tpp_runner.py[pid:11140;line:104:_train_model] - INFO: [ Epoch 39 (train) ]: train loglike is 1.2239157886025966, num_events is 66675, mark_ll is -1.7675551517974315, time_ll is 2.9914708635053433[0m
[38;20m2026-09-28 07:49:15,739 - tpp_runner.py[pid:11140;line:116:_train_model] - INFO: [ Epoch 39 (valid) ]:  valid loglike is 0.9601707767832222, num_events is 17018, mark_ll is -1.7653780332084044, time_ll is 2.7255488099916265[0m
[38;20m2026-09-28 07:49:15,807 - tpp_runner.py[pid:11140;line:136:_train_model] - INFO: [ Epoch 39 (test) ]: test loglike is 1.7325698319807608, num_events is 33655, mark_ll is -1.7962110941910563, time_ll is 3.5287808971549546[0m
[31;1m2026-09-28 07:49:15,807 - tpp_runner.py[pid:11140;line:140:_train_model] - CRITICAL: current best loglike on valid set is 1.0436 (updated at epoch-25)[0m
[38;20m2026-09-28 07:49:16,118 - tpp_runner.py[pid:11140;line:104:_train_model] - INFO: [ Epoch 40 (train) ]: train loglike is 1.2359425970191227, num_events is 66675, mark_ll is -1.7698424501136576, time_ll is 3.0057849995313086[0m
[38;20m2026-09-28 07:49:16,149 - tpp_runner.py[pid:11140;line:116:_train_model] - INFO: [ Epoch 40 (valid) ]:  valid loglike is 1.0363645151227745, num_events is 17018, mark_ll is -1.7668010583004026, time_ll is 2.8031655877692003[0m
[38;20m2026-09-28 07:49:16,212 - tpp_runner.py[pid:11140;line:136:_train_model] - INFO: [ Epoch 40 (test) ]: test loglike is 1.6855045829232282, num_events is 33655, mark_ll is -1.7978229083484996, time_ll is 3.4833275855765304[0m
[31;1m2026-09-28 07:49:16,212 - tpp_runner.py[pid:11140;line:140:_train_model] - CRITICAL: current best loglike on valid set is 1.0436 (updated at epoch-25)[0m
[38;20m2026-09-28 07:49:16,528 - tpp_runner.py[pid:11140;line:104:_train_model] - INFO: [ Epoch 41 (train) ]: train loglike is 1.2245433920369329, num_events is 66675, mark_ll is -1.769870406824147, time_ll is 2.99441377689117[0m
[38;20m2026-09-28 07:49:16,560 - tpp_runner.py[pid:11140;line:116:_train_model] - INFO: [ Epoch 41 (valid) ]:  valid loglike is 0.9756719203908178, num_events is 17018, mark_ll is -1.765442002126425, time_ll is 2.7411137790570095[0m
[38;20m2026-09-28 07:49:16,623 - tpp_runner.py[pid:11140;line:136:_train_model] - INFO: [ Epoch 41 (test) ]: test loglike is 1.6918342994981244, num_events is 33655, mark_ll is -1.7961105797801218, time_ll is 3.487944915549324[0m
[31;1m2026-09-28 07:49:16,623 - tpp_runner.py[pid:11140;line:140:_train_model] - CRITICAL: current best loglike on valid set is 1.0436 (updated at epoch-25)[0m
[38;20m2026-09-28 07:49:16,953 - tpp_runner.py[pid:11140;line:104:_train_model] - INFO: [ Epoch 42 (train) ]: train loglike is 1.2229004217490391, num_events is 66675, mark_ll is -1.77012030356557, time_ll is 2.9930206795439633[0m
[38;20m2026-09-28 07:49:16,985 - tpp_runner.py[pid:11140;line:116:_train_model] - INFO: [ Epoch 42 (valid) ]:  valid loglike is 1.0066590079942928, num_events is 17018, mark_ll is -1.766997799664326, time_ll is 2.773656692890432[0m
[38;20m2026-09-28 07:49:17,048 - tpp_runner.py[pid:11140;line:136:_train_model] - INFO: [ Epoch 42 (test) ]: test loglike is 1.6872442852740586, num_events is 33655, mark_ll is -1.798744498402912, time_ll is 3.485988874354665[0m
[31;1m2026-09-28 07:49:17,048 - tpp_runner.py[pid:11140;line:140:_train_model] - CRITICAL: current best loglike on valid set is 1.0436 (updated at epoch-25)[0m
[38;20m2026-09-28 07:49:17,347 - tpp_runner.py[pid:11140;line:104:_train_model] - INFO: [ Epoch 43 (train) ]: train loglike is 1.2085975086854377, num_events is 66675, mark_ll is -1.771222559582396, time_ll is 2.9798201030535245[0m
[38;20m2026-09-28 07:49:17,395 - tpp_runner.py[pid:11140;line:116:_train_model] - INFO: [ Epoch 43 (valid) ]:  valid loglike is 1.0183541444398945, num_events is 17018, mark_ll is -1.7661692450870035, time_ll is 2.784523389526898[0m
[38;20m2026-09-28 07:49:17,489 - tpp_runner.py[pid:11140;line:136:_train_model] - INFO: [ Epoch 43 (test) ]: test loglike is 1.7026623914189014, num_events is 33655, mark_ll is -1.7973163609836948, time_ll is 3.4999787161315186[0m
[31;1m2026-09-28 07:49:17,489 - tpp_runner.py[pid:11140;line:140:_train_model] - CRITICAL: current best loglike on valid set is 1.0436 (updated at epoch-25)[0m
[38;20m2026-09-28 07:49:17,854 - tpp_runner.py[pid:11140;line:104:_train_model] - INFO: [ Epoch 44 (train) ]: train loglike is 1.2157184819670979, num_events is 66675, mark_ll is -1.7710997404621298, time_ll is 2.986818251722441[0m
[38;20m2026-09-28 07:49:17,885 - tpp_runner.py[pid:11140;line:116:_train_model] - INFO: [ Epoch 44 (valid) ]:  valid loglike is 1.05058665695307, num_events is 17018, mark_ll is -1.7691478525265527, time_ll is 2.819734627834315[0m
[38;20m2026-09-28 07:49:17,964 - tpp_runner.py[pid:11140;line:136:_train_model] - INFO: [ Epoch 44 (test) ]: test loglike is 1.67795690168971, num_events is 33655, mark_ll is -1.8012282837802704, time_ll is 3.479185102046501[0m
[31;1m2026-09-28 07:49:17,964 - tpp_runner.py[pid:11140;line:140:_train_model] - CRITICAL: current best loglike on valid set is 1.0506 (updated at epoch-44), best updated at this epoch[0m
[38;20m2026-09-28 07:49:18,338 - tpp_runner.py[pid:11140;line:104:_train_model] - INFO: [ Epoch 45 (train) ]: train loglike is 1.2399234257094816, num_events is 66675, mark_ll is -1.7742835465879265, time_ll is 3.014206959481627[0m
[38;20m2026-09-28 07:49:18,375 - tpp_runner.py[pid:11140;line:116:_train_model] - INFO: [ Epoch 45 (valid) ]:  valid loglike is 0.9598275732806348, num_events is 17018, mark_ll is -1.7723018616203248, time_ll is 2.7321293524113255[0m
[38;20m2026-09-28 07:49:18,438 - tpp_runner.py[pid:11140;line:136:_train_model] - INFO: [ Epoch 45 (test) ]: test loglike is 1.6758857723650367, num_events is 33655, mark_ll is -1.8051259520432514, time_ll is 3.4810117570522583[0m
[31;1m2026-09-28 07:49:18,438 - tpp_runner.py[pid:11140;line:140:_train_model] - CRITICAL: current best loglike on valid set is 1.0506 (updated at epoch-44)[0m
[38;20m2026-09-28 07:49:18,800 - tpp_runner.py[pid:11140;line:104:_train_model] - INFO: [ Epoch 46 (train) ]: train loglike is 1.2143554119943991, num_events is 66675, mark_ll is -1.7728561944893606, time_ll is 2.9872117108408323[0m
[38;20m2026-09-28 07:49:18,832 - tpp_runner.py[pid:11140;line:116:_train_model] - INFO: [ Epoch 46 (valid) ]:  valid loglike is 1.0028778732502441, num_events is 17018, mark_ll is -1.7678917290699554, time_ll is 2.7707696274257403[0m
[38;20m2026-09-28 07:49:18,910 - tpp_runner.py[pid:11140;line:136:_train_model] - INFO: [ Epoch 46 (test) ]: test loglike is 1.723043316807263, num_events is 33655, mark_ll is -1.799072650098425, time_ll is 3.5221160285665207[0m
[31;1m2026-09-28 07:49:18,910 - tpp_runner.py[pid:11140;line:140:_train_model] - CRITICAL: current best loglike on valid set is 1.0506 (updated at epoch-44)[0m
[38;20m2026-09-28 07:49:19,244 - tpp_runner.py[pid:11140;line:104:_train_model] - INFO: [ Epoch 47 (train) ]: train loglike is 1.2126998474555915, num_events is 66675, mark_ll is -1.773497221538714, time_ll is 2.986197030546963[0m
[38;20m2026-09-28 07:49:19,290 - tpp_runner.py[pid:11140;line:116:_train_model] - INFO: [ Epoch 47 (valid) ]:  valid loglike is 1.0253009444216694, num_events is 17018, mark_ll is -1.7694541114325641, time_ll is 2.7947550594407393[0m
[38;20m2026-09-28 07:49:19,365 - tpp_runner.py[pid:11140;line:136:_train_model] - INFO: [ Epoch 47 (test) ]: test loglike is 1.6858265395186451, num_events is 33655, mark_ll is -1.8017714214084088, time_ll is 3.487597939164407[0m
[31;1m2026-09-28 07:49:19,365 - tpp_runner.py[pid:11140;line:140:_train_model] - CRITICAL: current best loglike on valid set is 1.0506 (updated at epoch-44)[0m
[38;20m2026-09-28 07:49:19,749 - tpp_runner.py[pid:11140;line:104:_train_model] - INFO: [ Epoch 48 (train) ]: train loglike is 1.2348149364630203, num_events is 66675, mark_ll is -1.7752655539639577, time_ll is 3.0100805490134044[0m
[38;20m2026-09-28 07:49:19,790 - tpp_runner.py[pid:11140;line:116:_train_model] - INFO: [ Epoch 48 (valid) ]:  valid loglike is 1.0066192623366619, num_events is 17018, mark_ll is -1.771741821561637, time_ll is 2.7783610552062523[0m
[38;20m2026-09-28 07:49:19,856 - tpp_runner.py[pid:11140;line:136:_train_model] - INFO: [ Epoch 48 (test) ]: test loglike is 1.7174771354379457, num_events is 33655, mark_ll is -1.804193197751077, time_ll is 3.5216704601377953[0m
[31;1m2026-09-28 07:49:19,856 - tpp_runner.py[pid:11140;line:140:_train_model] - CRITICAL: current best loglike on valid set is 1.0506 (updated at epoch-44)[0m
[38;20m2026-09-28 07:49:20,233 - tpp_runner.py[pid:11140;line:104:_train_model] - INFO: [ Epoch 49 (train) ]: train loglike is 1.2170823886272029, num_events is 66675, mark_ll is -1.774884899641451, time_ll is 2.991967288268654[0m
[38;20m2026-09-28 07:49:20,278 - tpp_runner.py[pid:11140;line:116:_train_model] - INFO: [ Epoch 49 (valid) ]:  valid loglike is 0.9890679644002858, num_events is 17018, mark_ll is -1.7681228004677032, time_ll is 2.757190829425094[0m
[38;20m2026-09-28 07:49:20,363 - tpp_runner.py[pid:11140;line:136:_train_model] - INFO: [ Epoch 49 (test) ]: test loglike is 1.6980010755100003, num_events is 33655, mark_ll is -1.7997808356392067, time_ll is 3.4977818857594527[0m
[31;1m2026-09-28 07:49:20,363 - tpp_runner.py[pid:11140;line:140:_train_model] - CRITICAL: current best loglike on valid set is 1.0506 (updated at epoch-44)[0m
[38;20m2026-09-28 07:49:20,679 - tpp_runner.py[pid:11140;line:104:_train_model] - INFO: [ Epoch 50 (train) ]: train loglike is 1.2445250837785902, num_events is 66675, mark_ll is -1.7745842707161605, time_ll is 3.019109427727784[0m
[38;20m2026-09-28 07:49:20,711 - tpp_runner.py[pid:11140;line:116:_train_model] - INFO: [ Epoch 50 (valid) ]:  valid loglike is 0.9953656749700684, num_events is 17018, mark_ll is -1.7770295505700766, time_ll is 2.7723952327131567[0m
[38;20m2026-09-28 07:49:20,774 - tpp_runner.py[pid:11140;line:136:_train_model] - INFO: [ Epoch 50 (test) ]: test loglike is 1.6983157126019073, num_events is 33655, mark_ll is -1.811540027891008, time_ll is 3.5098557368658074[0m
[31;1m2026-09-28 07:49:20,774 - tpp_runner.py[pid:11140;line:140:_train_model] - CRITICAL: current best loglike on valid set is 1.0506 (updated at epoch-44)[0m
[38;20m2026-09-28 07:49:21,091 - tpp_runner.py[pid:11140;line:104:_train_model] - INFO: [ Epoch 51 (train) ]: train loglike is 1.2051570738716255, num_events is 66675, mark_ll is -1.7759537870266218, time_ll is 2.9811108572365956[0m
[38;20m2026-09-28 07:49:21,121 - tpp_runner.py[pid:11140;line:116:_train_model] - INFO: [ Epoch 51 (valid) ]:  valid loglike is 0.9951852342751517, num_events is 17018, mark_ll is -1.7673333961880435, time_ll is 2.7625184834164562[0m
[38;20m2026-09-28 07:49:21,184 - tpp_runner.py[pid:11140;line:136:_train_model] - INFO: [ Epoch 51 (test) ]: test loglike is 1.6807208231097255, num_events is 33655, mark_ll is -1.7985752865705318, time_ll is 3.479296048019425[0m
[31;1m2026-09-28 07:49:21,184 - tpp_runner.py[pid:11140;line:140:_train_model] - CRITICAL: current best loglike on valid set is 1.0506 (updated at epoch-44)[0m
[38;20m2026-09-28 07:49:21,500 - tpp_runner.py[pid:11140;line:104:_train_model] - INFO: [ Epoch 52 (train) ]: train loglike is 1.2495801769895951, num_events is 66675, mark_ll is -1.7736211391544807, time_ll is 3.0232013161440756[0m
[38;20m2026-09-28 07:49:21,543 - tpp_runner.py[pid:11140;line:116:_train_model] - INFO: [ Epoch 52 (valid) ]:  valid loglike is 0.995763992307777, num_events is 17018, mark_ll is -1.771641191381001, time_ll is 2.7674051549967316[0m
[38;20m2026-09-28 07:49:21,610 - tpp_runner.py[pid:11140;line:136:_train_model] - INFO: [ Epoch 52 (test) ]: test loglike is 1.6948477151542305, num_events is 33655, mark_ll is -1.8042175211358824, time_ll is 3.499065149239526[0m
[31;1m2026-09-28 07:49:21,610 - tpp_runner.py[pid:11140;line:140:_train_model] - CRITICAL: current best loglike on valid set is 1.0506 (updated at epoch-44)[0m
[38;20m2026-09-28 07:49:21,926 - tpp_runner.py[pid:11140;line:104:_train_model] - INFO: [ Epoch 53 (train) ]: train loglike is 1.216086503591348, num_events is 66675, mark_ll is -1.7754461539475535, time_ll is 2.9915326648622047[0m
[38;20m2026-09-28 07:49:22,020 - tpp_runner.py[pid:11140;line:116:_train_model] - INFO: [ Epoch 53 (valid) ]:  valid loglike is 0.9814651315312279, num_events is 17018, mark_ll is -1.7688809806275891, time_ll is 2.7503460834667703[0m
[38;20m2026-09-28 07:49:22,092 - tpp_runner.py[pid:11140;line:136:_train_model] - INFO: [ Epoch 53 (test) ]: test loglike is 1.7390858077946256, num_events is 33655, mark_ll is -1.8008683876374239, time_ll is 3.5399542752284208[0m
[31;1m2026-09-28 07:49:22,094 - tpp_runner.py[pid:11140;line:140:_train_model] - CRITICAL: current best loglike on valid set is 1.0506 (updated at epoch-44)[0m
[38;20m2026-09-28 07:49:22,399 - tpp_runner.py[pid:11140;line:104:_train_model] - INFO: [ Epoch 54 (train) ]: train loglike is 1.2343581820338865, num_events is 66675, mark_ll is -1.7729090650778028, time_ll is 3.0072671848636108[0m
[38;20m2026-09-28 07:49:22,430 - tpp_runner.py[pid:11140;line:116:_train_model] - INFO: [ Epoch 54 (valid) ]:  valid loglike is 0.9960043240635834, num_events is 17018, mark_ll is -1.7695209423822387, time_ll is 2.765525266445822[0m
[38;20m2026-09-28 07:49:22,493 - tpp_runner.py[pid:11140;line:136:_train_model] - INFO: [ Epoch 54 (test) ]: test loglike is 1.6880362098522694, num_events is 33655, mark_ll is -1.801611139515395, time_ll is 3.48964735662188[0m
[31;1m2026-09-28 07:49:22,493 - tpp_runner.py[pid:11140;line:140:_train_model] - CRITICAL: current best loglike on valid set is 1.0506 (updated at epoch-44)[0m
[38;20m2026-09-28 07:49:22,800 - tpp_runner.py[pid:11140;line:104:_train_model] - INFO: [ Epoch 55 (train) ]: train loglike is 1.2159990715882194, num_events is 66675, mark_ll is -1.7750238153824522, time_ll is 2.991022838453787[0m
[38;20m2026-09-28 07:49:22,843 - tpp_runner.py[pid:11140;line:116:_train_model] - INFO: [ Epoch 55 (valid) ]:  valid loglike is 1.0453999239488612, num_events is 17018, mark_ll is -1.7700277658673904, time_ll is 2.815427592980594[0m
[38;20m2026-09-28 07:49:22,904 - tpp_runner.py[pid:11140;line:136:_train_model] - INFO: [ Epoch 55 (test) ]: test loglike is 1.7088211188786027, num_events is 33655, mark_ll is -1.8028641964418364, time_ll is 3.5116853080662236[0m
[31;1m2026-09-28 07:49:22,904 - tpp_runner.py[pid:11140;line:140:_train_model] - CRITICAL: current best loglike on valid set is 1.0506 (updated at epoch-44)[0m
[38;20m2026-09-28 07:49:23,204 - tpp_runner.py[pid:11140;line:104:_train_model] - INFO: [ Epoch 56 (train) ]: train loglike is 1.202795553876078, num_events is 66675, mark_ll is -1.7704537884912823, time_ll is 2.9732493716605735[0m
[38;20m2026-09-28 07:49:23,237 - tpp_runner.py[pid:11140;line:116:_train_model] - INFO: [ Epoch 56 (valid) ]:  valid loglike is 0.9867832776956292, num_events is 17018, mark_ll is -1.7623998848416016, time_ll is 2.74918318046976[0m
[38;20m2026-09-28 07:49:23,298 - tpp_runner.py[pid:11140;line:136:_train_model] - INFO: [ Epoch 56 (test) ]: test loglike is 1.6738969058449247, num_events is 33655, mark_ll is -1.7932756178270317, time_ll is 3.467172578078573[0m
[31;1m2026-09-28 07:49:23,298 - tpp_runner.py[pid:11140;line:140:_train_model] - CRITICAL: current best loglike on valid set is 1.0506 (updated at epoch-44)[0m
[38;20m2026-09-28 07:49:23,598 - tpp_runner.py[pid:11140;line:104:_train_model] - INFO: [ Epoch 57 (train) ]: train loglike is 1.2140017806612065, num_events is 66675, mark_ll is -1.7715597574229003, time_ll is 2.985561492313461[0m
[38;20m2026-09-28 07:49:23,629 - tpp_runner.py[pid:11140;line:116:_train_model] - INFO: [ Epoch 57 (valid) ]:  valid loglike is 0.9624256022403209, num_events is 17018, mark_ll is -1.7697990830825265, time_ll is 2.7322246458712836[0m
[38;20m2026-09-28 07:49:23,693 - tpp_runner.py[pid:11140;line:136:_train_model] - INFO: [ Epoch 57 (test) ]: test loglike is 1.6854403613527893, num_events is 33655, mark_ll is -1.803707158053688, time_ll is 3.4891474033390284[0m
[31;1m2026-09-28 07:49:23,693 - tpp_runner.py[pid:11140;line:140:_train_model] - CRITICAL: current best loglike on valid set is 1.0506 (updated at epoch-44)[0m
[38;20m2026-09-28 07:49:23,994 - tpp_runner.py[pid:11140;line:104:_train_model] - INFO: [ Epoch 58 (train) ]: train loglike is 1.2088572424540682, num_events is 66675, mark_ll is -1.7698667964356019, time_ll is 2.97872406085958[0m
[38;20m2026-09-28 07:49:24,024 - tpp_runner.py[pid:11140;line:116:_train_model] - INFO: [ Epoch 58 (valid) ]:  valid loglike is 1.0393718863390968, num_events is 17018, mark_ll is -1.7647003987964949, time_ll is 2.8040721416753582[0m
[38;20m2026-09-28 07:49:24,114 - tpp_runner.py[pid:11140;line:136:_train_model] - INFO: [ Epoch 58 (test) ]: test loglike is 1.7112032799500445, num_events is 33655, mark_ll is -1.7955900898129922, time_ll is 3.5067933407461744[0m
[31;1m2026-09-28 07:49:24,115 - tpp_runner.py[pid:11140;line:140:_train_model] - CRITICAL: current best loglike on valid set is 1.0506 (updated at epoch-44)[0m
[38;20m2026-09-28 07:49:24,450 - tpp_runner.py[pid:11140;line:104:_train_model] - INFO: [ Epoch 59 (train) ]: train loglike is 1.2465232178008998, num_events is 66675, mark_ll is -1.7668757982400638, time_ll is 3.0133990599807836[0m
[38;20m2026-09-28 07:49:24,500 - tpp_runner.py[pid:11140;line:116:_train_model] - INFO: [ Epoch 59 (valid) ]:  valid loglike is 1.018138695861551, num_events is 17018, mark_ll is -1.7639471464956222, time_ll is 2.78208578497308[0m
[38;20m2026-09-28 07:49:24,572 - tpp_runner.py[pid:11140;line:136:_train_model] - INFO: [ Epoch 59 (test) ]: test loglike is 1.722241330632057, num_events is 33655, mark_ll is -1.794408015385901, time_ll is 3.5166492879842335[0m
[31;1m2026-09-28 07:49:24,572 - tpp_runner.py[pid:11140;line:140:_train_model] - CRITICAL: current best loglike on valid set is 1.0506 (updated at epoch-44)[0m
[38;20m2026-09-28 07:49:24,918 - tpp_runner.py[pid:11140;line:104:_train_model] - INFO: [ Epoch 60 (train) ]: train loglike is 1.236012984949147, num_events is 66675, mark_ll is -1.7681348022415166, time_ll is 3.004147787190664[0m
[38;20m2026-09-28 07:49:24,953 - tpp_runner.py[pid:11140;line:116:_train_model] - INFO: [ Epoch 60 (valid) ]:  valid loglike is 1.0437928357910558, num_events is 17018, mark_ll is -1.7628278984475996, time_ll is 2.806620741411667[0m
[38;20m2026-09-28 07:49:25,034 - tpp_runner.py[pid:11140;line:136:_train_model] - INFO: [ Epoch 60 (test) ]: test loglike is 1.7251431401816224, num_events is 33655, mark_ll is -1.7931580124842148, time_ll is 3.5183012687332864[0m
[31;1m2026-09-28 07:49:25,034 - tpp_runner.py[pid:11140;line:140:_train_model] - CRITICAL: current best loglike on valid set is 1.0506 (updated at epoch-44)[0m
[38;20m2026-09-28 07:49:25,385 - tpp_runner.py[pid:11140;line:104:_train_model] - INFO: [ Epoch 61 (train) ]: train loglike is 1.2559994459921024, num_events is 66675, mark_ll is -1.7664844152781685, time_ll is 3.0224838997176136[0m
[38;20m2026-09-28 07:49:25,428 - tpp_runner.py[pid:11140;line:116:_train_model] - INFO: [ Epoch 61 (valid) ]:  valid loglike is 1.0350281615307138, num_events is 17018, mark_ll is -1.7606201243605117, time_ll is 2.7956483145832722[0m
[38;20m2026-09-28 07:49:25,499 - tpp_runner.py[pid:11140;line:136:_train_model] - INFO: [ Epoch 61 (test) ]: test loglike is 1.7171133075102603, num_events is 33655, mark_ll is -1.7912615283993834, time_ll is 3.5083747452319494[0m
[31;1m2026-09-28 07:49:25,499 - tpp_runner.py[pid:11140;line:140:_train_model] - CRITICAL: current best loglike on valid set is 1.0506 (updated at epoch-44)[0m
[38;20m2026-09-28 07:49:25,855 - tpp_runner.py[pid:11140;line:104:_train_model] - INFO: [ Epoch 62 (train) ]: train loglike is 1.2653903247445633, num_events is 66675, mark_ll is -1.7645430734732377, time_ll is 3.0299333725862394[0m
[38;20m2026-09-28 07:49:25,886 - tpp_runner.py[pid:11140;line:116:_train_model] - INFO: [ Epoch 62 (valid) ]:  valid loglike is 1.0148455267549892, num_events is 17018, mark_ll is -1.7597479793913062, time_ll is 2.7745934164836497[0m
[38;20m2026-09-28 07:49:25,966 - tpp_runner.py[pid:11140;line:136:_train_model] - INFO: [ Epoch 62 (test) ]: test loglike is 1.7220806751469413, num_events is 33655, mark_ll is -1.7916509491995989, time_ll is 3.5137315336688455[0m
[31;1m2026-09-28 07:49:25,966 - tpp_runner.py[pid:11140;line:140:_train_model] - CRITICAL: current best loglike on valid set is 1.0506 (updated at epoch-44)[0m
[38;20m2026-09-28 07:49:26,352 - tpp_runner.py[pid:11140;line:104:_train_model] - INFO: [ Epoch 63 (train) ]: train loglike is 1.2415275751663855, num_events is 66675, mark_ll is -1.7625069607998218, time_ll is 3.0040345103346455[0m
[38;20m2026-09-28 07:49:26,391 - tpp_runner.py[pid:11140;line:116:_train_model] - INFO: [ Epoch 63 (valid) ]:  valid loglike is 1.0072051467563756, num_events is 17018, mark_ll is -1.75406616512204, time_ll is 2.761271111034089[0m
[38;20m2026-09-28 07:49:26,470 - tpp_runner.py[pid:11140;line:136:_train_model] - INFO: [ Epoch 63 (test) ]: test loglike is 1.7436837327407704, num_events is 33655, mark_ll is -1.784653873809148, time_ll is 3.5283375194993316[0m
[31;1m2026-09-28 07:49:26,470 - tpp_runner.py[pid:11140;line:140:_train_model] - CRITICAL: current best loglike on valid set is 1.0506 (updated at epoch-44)[0m
[38;20m2026-09-28 07:49:26,882 - tpp_runner.py[pid:11140;line:104:_train_model] - INFO: [ Epoch 64 (train) ]: train loglike is 1.2137150623506046, num_events is 66675, mark_ll is -1.7545842487462504, time_ll is 2.968299323912636[0m
[38;20m2026-09-28 07:49:26,945 - tpp_runner.py[pid:11140;line:116:_train_model] - INFO: [ Epoch 64 (valid) ]:  valid loglike is 1.031036523999864, num_events is 17018, mark_ll is -1.7466352980346178, time_ll is 2.7776717718234[0m
[38;20m2026-09-28 07:49:27,028 - tpp_runner.py[pid:11140;line:136:_train_model] - INFO: [ Epoch 64 (test) ]: test loglike is 1.72248016117126, num_events is 33655, mark_ll is -1.776669514188085, time_ll is 3.499149675359345[0m
[31;1m2026-09-28 07:49:27,028 - tpp_runner.py[pid:11140;line:140:_train_model] - CRITICAL: current best loglike on valid set is 1.0506 (updated at epoch-44)[0m
[38;20m2026-09-28 07:49:27,338 - tpp_runner.py[pid:11140;line:104:_train_model] - INFO: [ Epoch 65 (train) ]: train loglike is 1.2364713120576725, num_events is 66675, mark_ll is -1.7532343369188226, time_ll is 2.989705727702006[0m
[38;20m2026-09-28 07:49:27,355 - tpp_runner.py[pid:11140;line:116:_train_model] - INFO: [ Epoch 65 (valid) ]:  valid loglike is 1.0333794268671865, num_events is 17018, mark_ll is -1.7468544478869799, time_ll is 2.780233928551754[0m
[38;20m2026-09-28 07:49:27,422 - tpp_runner.py[pid:11140;line:136:_train_model] - INFO: [ Epoch 65 (test) ]: test loglike is 1.749042407273715, num_events is 33655, mark_ll is -1.7757466328833011, time_ll is 3.524789090936525[0m
[31;1m2026-09-28 07:49:27,422 - tpp_runner.py[pid:11140;line:140:_train_model] - CRITICAL: current best loglike on valid set is 1.0506 (updated at epoch-44)[0m
[38;20m2026-09-28 07:49:27,719 - tpp_runner.py[pid:11140;line:104:_train_model] - INFO: [ Epoch 66 (train) ]: train loglike is 1.2498695646442632, num_events is 66675, mark_ll is -1.7442387060015936, time_ll is 2.9941082413526434[0m
[38;20m2026-09-28 07:49:27,751 - tpp_runner.py[pid:11140;line:116:_train_model] - INFO: [ Epoch 66 (valid) ]:  valid loglike is 1.0877314451116558, num_events is 17018, mark_ll is -1.7347842776995315, time_ll is 2.8225156618405878[0m
[38;20m2026-09-28 07:49:27,825 - tpp_runner.py[pid:11140;line:136:_train_model] - INFO: [ Epoch 66 (test) ]: test loglike is 1.7415419582377711, num_events is 33655, mark_ll is -1.7592255704134787, time_ll is 3.500767590312082[0m
[31;1m2026-09-28 07:49:27,825 - tpp_runner.py[pid:11140;line:140:_train_model] - CRITICAL: current best loglike on valid set is 1.0877 (updated at epoch-66), best updated at this epoch[0m
[38;20m2026-09-28 07:49:28,132 - tpp_runner.py[pid:11140;line:104:_train_model] - INFO: [ Epoch 67 (train) ]: train loglike is 1.2633727162278543, num_events is 66675, mark_ll is -1.738435676497469, time_ll is 3.0018084384959693[0m
[38;20m2026-09-28 07:49:28,162 - tpp_runner.py[pid:11140;line:116:_train_model] - INFO: [ Epoch 67 (valid) ]:  valid loglike is 1.1029585796736818, num_events is 17018, mark_ll is -1.7345990992304106, time_ll is 2.8375577398746916[0m
[38;20m2026-09-28 07:49:28,226 - tpp_runner.py[pid:11140;line:136:_train_model] - INFO: [ Epoch 67 (test) ]: test loglike is 1.7238944321574152, num_events is 33655, mark_ll is -1.7584919443386942, time_ll is 3.4823862858184147[0m
[31;1m2026-09-28 07:49:28,226 - tpp_runner.py[pid:11140;line:140:_train_model] - CRITICAL: current best loglike on valid set is 1.1030 (updated at epoch-67), best updated at this epoch[0m
[38;20m2026-09-28 07:49:28,529 - tpp_runner.py[pid:11140;line:104:_train_model] - INFO: [ Epoch 68 (train) ]: train loglike is 1.2475130720964567, num_events is 66675, mark_ll is -1.7379364212774184, time_ll is 2.9854495043588303[0m
[38;20m2026-09-28 07:49:28,576 - tpp_runner.py[pid:11140;line:116:_train_model] - INFO: [ Epoch 68 (valid) ]:  valid loglike is 1.0917475246797508, num_events is 17018, mark_ll is -1.7329585453866863, time_ll is 2.8247061848346235[0m
[38;20m2026-09-28 07:49:28,634 - tpp_runner.py[pid:11140;line:136:_train_model] - INFO: [ Epoch 68 (test) ]: test loglike is 1.7454368880343745, num_events is 33655, mark_ll is -1.7562412731786696, time_ll is 3.5016781612130443[0m
[31;1m2026-09-28 07:49:28,634 - tpp_runner.py[pid:11140;line:140:_train_model] - CRITICAL: current best loglike on valid set is 1.1030 (updated at epoch-67)[0m
[38;20m2026-09-28 07:49:28,933 - tpp_runner.py[pid:11140;line:104:_train_model] - INFO: [ Epoch 69 (train) ]: train loglike is 1.263063588609041, num_events is 66675, mark_ll is -1.7354196399278214, time_ll is 2.9984832706458566[0m
[38;20m2026-09-28 07:49:28,965 - tpp_runner.py[pid:11140;line:116:_train_model] - INFO: [ Epoch 69 (valid) ]:  valid loglike is 1.0900735840532358, num_events is 17018, mark_ll is -1.7297048672958413, time_ll is 2.81977822539921[0m
[38;20m2026-09-28 07:49:29,012 - tpp_runner.py[pid:11140;line:136:_train_model] - INFO: [ Epoch 69 (test) ]: test loglike is 1.7693209756803874, num_events is 33655, mark_ll is -1.7515138387219582, time_ll is 3.5208346947077884[0m
[31;1m2026-09-28 07:49:29,012 - tpp_runner.py[pid:11140;line:140:_train_model] - CRITICAL: current best loglike on valid set is 1.1030 (updated at epoch-67)[0m
[38;20m2026-09-28 07:49:29,312 - tpp_runner.py[pid:11140;line:104:_train_model] - INFO: [ Epoch 70 (train) ]: train loglike is 1.2737355675999484, num_events is 66675, mark_ll is -1.7327658212645294, time_ll is 3.006501401680259[0m
[38;20m2026-09-28 07:49:29,354 - tpp_runner.py[pid:11140;line:116:_train_model] - INFO: [ Epoch 70 (valid) ]:  valid loglike is 1.0625280321295834, num_events is 17018, mark_ll is -1.7270724939563074, time_ll is 2.7896005332589024[0m
[38;20m2026-09-28 07:49:29,422 - tpp_runner.py[pid:11140;line:136:_train_model] - INFO: [ Epoch 70 (test) ]: test loglike is 1.7757733791761068, num_events is 33655, mark_ll is -1.7485549239874276, time_ll is 3.5243283031635344[0m
[31;1m2026-09-28 07:49:29,422 - tpp_runner.py[pid:11140;line:140:_train_model] - CRITICAL: current best loglike on valid set is 1.1030 (updated at epoch-67)[0m
[38;20m2026-09-28 07:49:29,728 - tpp_runner.py[pid:11140;line:104:_train_model] - INFO: [ Epoch 71 (train) ]: train loglike is 1.2600635589496625, num_events is 66675, mark_ll is -1.7314028666338583, time_ll is 2.9914663889670043[0m
[38;20m2026-09-28 07:49:29,759 - tpp_runner.py[pid:11140;line:116:_train_model] - INFO: [ Epoch 71 (valid) ]:  valid loglike is 1.0703802670276967, num_events is 17018, mark_ll is -1.7259571623726533, time_ll is 2.7963373110456575[0m
[38;20m2026-09-28 07:49:29,815 - tpp_runner.py[pid:11140;line:136:_train_model] - INFO: [ Epoch 71 (test) ]: test loglike is 1.7619067611320292, num_events is 33655, mark_ll is -1.7470331999331452, time_ll is 3.5089397905911084[0m
[31;1m2026-09-28 07:49:29,817 - tpp_runner.py[pid:11140;line:140:_train_model] - CRITICAL: current best loglike on valid set is 1.1030 (updated at epoch-67)[0m
[38;20m2026-09-28 07:49:30,113 - tpp_runner.py[pid:11140;line:104:_train_model] - INFO: [ Epoch 72 (train) ]: train loglike is 1.2460517179004968, num_events is 66675, mark_ll is -1.727923788579162, time_ll is 2.9739754845097486[0m
[38;20m2026-09-28 07:49:30,144 - tpp_runner.py[pid:11140;line:116:_train_model] - INFO: [ Epoch 72 (valid) ]:  valid loglike is 1.0829542803139507, num_events is 17018, mark_ll is -1.7213874446587805, time_ll is 2.8043417321457427[0m
[38;20m2026-09-28 07:49:30,207 - tpp_runner.py[pid:11140;line:136:_train_model] - INFO: [ Epoch 72 (test) ]: test loglike is 1.7932272104465348, num_events is 33655, mark_ll is -1.7413188221939533, time_ll is 3.5345460036236256[0m
[31;1m2026-09-28 07:49:30,207 - tpp_runner.py[pid:11140;line:140:_train_model] - CRITICAL: current best loglike on valid set is 1.1030 (updated at epoch-67)[0m
[38;20m2026-09-28 07:49:30,522 - tpp_runner.py[pid:11140;line:104:_train_model] - INFO: [ Epoch 73 (train) ]: train loglike is 1.3002015684318757, num_events is 66675, mark_ll is -1.7265165096550432, time_ll is 3.0267181128726097[0m
[38;20m2026-09-28 07:49:30,553 - tpp_runner.py[pid:11140;line:116:_train_model] - INFO: [ Epoch 73 (valid) ]:  valid loglike is 1.0110923380643841, num_events is 17018, mark_ll is -1.7276448644220457, time_ll is 2.738737094891255[0m
[38;20m2026-09-28 07:49:30,616 - tpp_runner.py[pid:11140;line:136:_train_model] - INFO: [ Epoch 73 (test) ]: test loglike is 1.780606094063382, num_events is 33655, mark_ll is -1.7492242704580485, time_ll is 3.5298302774708437[0m
[31;1m2026-09-28 07:49:30,624 - tpp_runner.py[pid:11140;line:140:_train_model] - CRITICAL: current best loglike on valid set is 1.1030 (updated at epoch-67)[0m
[38;20m2026-09-28 07:49:30,980 - tpp_runner.py[pid:11140;line:104:_train_model] - INFO: [ Epoch 74 (train) ]: train loglike is 1.2764561418348097, num_events is 66675, mark_ll is -1.728932753034777, time_ll is 3.005388911347019[0m
[38;20m2026-09-28 07:49:31,011 - tpp_runner.py[pid:11140;line:116:_train_model] - INFO: [ Epoch 74 (valid) ]:  valid loglike is 1.0548560442550718, num_events is 17018, mark_ll is -1.72825277716058, time_ll is 2.783108756858547[0m
[38;20m2026-09-28 07:49:31,090 - tpp_runner.py[pid:11140;line:136:_train_model] - INFO: [ Epoch 74 (test) ]: test loglike is 1.7864562562096085, num_events is 33655, mark_ll is -1.7510954590931882, time_ll is 3.537551679031719[0m
[31;1m2026-09-28 07:49:31,090 - tpp_runner.py[pid:11140;line:140:_train_model] - CRITICAL: current best loglike on valid set is 1.1030 (updated at epoch-67)[0m
[38;20m2026-09-28 07:49:31,422 - tpp_runner.py[pid:11140;line:104:_train_model] - INFO: [ Epoch 75 (train) ]: train loglike is 1.2764894848349035, num_events is 66675, mark_ll is -1.725707266328037, time_ll is 3.002196690745688[0m
[38;20m2026-09-28 07:49:31,473 - tpp_runner.py[pid:11140;line:116:_train_model] - INFO: [ Epoch 75 (valid) ]:  valid loglike is 1.076055528750808, num_events is 17018, mark_ll is -1.7225969363665494, time_ll is 2.798652386214229[0m
[38;20m2026-09-28 07:49:31,548 - tpp_runner.py[pid:11140;line:136:_train_model] - INFO: [ Epoch 75 (test) ]: test loglike is 1.7762807245046242, num_events is 33655, mark_ll is -1.7433133687648565, time_ll is 3.5195939989646785[0m
[31;1m2026-09-28 07:49:31,548 - tpp_runner.py[pid:11140;line:140:_train_model] - CRITICAL: current best loglike on valid set is 1.1030 (updated at epoch-67)[0m
[38;20m2026-09-28 07:49:31,912 - tpp_runner.py[pid:11140;line:104:_train_model] - INFO: [ Epoch 76 (train) ]: train loglike is 1.2939374985353393, num_events is 66675, mark_ll is -1.7206718654797057, time_ll is 3.01460933106018[0m
[38;20m2026-09-28 07:49:31,975 - tpp_runner.py[pid:11140;line:116:_train_model] - INFO: [ Epoch 76 (valid) ]:  valid loglike is 1.0695385786660172, num_events is 17018, mark_ll is -1.7174235523370476, time_ll is 2.786962184800652[0m
[38;20m2026-09-28 07:49:32,073 - tpp_runner.py[pid:11140;line:136:_train_model] - INFO: [ Epoch 76 (test) ]: test loglike is 1.7874128877523305, num_events is 33655, mark_ll is -1.7358849214455505, time_ll is 3.523297725774402[0m
[31;1m2026-09-28 07:49:32,073 - tpp_runner.py[pid:11140;line:140:_train_model] - CRITICAL: current best loglike on valid set is 1.1030 (updated at epoch-67)[0m
[38;20m2026-09-28 07:49:32,446 - tpp_runner.py[pid:11140;line:104:_train_model] - INFO: [ Epoch 77 (train) ]: train loglike is 1.2689382619897123, num_events is 66675, mark_ll is -1.7182837106299214, time_ll is 2.987221934172291[0m
[38;20m2026-09-28 07:49:32,481 - tpp_runner.py[pid:11140;line:116:_train_model] - INFO: [ Epoch 77 (valid) ]:  valid loglike is 1.0315332694036279, num_events is 17018, mark_ll is -1.7165781124902677, time_ll is 2.748111331682814[0m
[38;20m2026-09-28 07:49:32,561 - tpp_runner.py[pid:11140;line:136:_train_model] - INFO: [ Epoch 77 (test) ]: test loglike is 1.76885052166515, num_events is 33655, mark_ll is -1.7338643177323205, time_ll is 3.5027148321432553[0m
[31;1m2026-09-28 07:49:32,561 - tpp_runner.py[pid:11140;line:140:_train_model] - CRITICAL: current best loglike on valid set is 1.1030 (updated at epoch-67)[0m
[38;20m2026-09-28 07:49:32,935 - tpp_runner.py[pid:11140;line:104:_train_model] - INFO: [ Epoch 78 (train) ]: train loglike is 1.2753155318475815, num_events is 66675, mark_ll is -1.7179746342742312, time_ll is 2.9932901697834646[0m
[38;20m2026-09-28 07:49:32,981 - tpp_runner.py[pid:11140;line:116:_train_model] - INFO: [ Epoch 78 (valid) ]:  valid loglike is 1.037798249521187, num_events is 17018, mark_ll is -1.7171353550744064, time_ll is 2.7549338269589554[0m
[38;20m2026-09-28 07:49:33,079 - tpp_runner.py[pid:11140;line:136:_train_model] - INFO: [ Epoch 78 (test) ]: test loglike is 1.8039105082245395, num_events is 33655, mark_ll is -1.7347062202286994, time_ll is 3.5386167864869633[0m
[31;1m2026-09-28 07:49:33,081 - tpp_runner.py[pid:11140;line:140:_train_model] - CRITICAL: current best loglike on valid set is 1.1030 (updated at epoch-67)[0m
[38;20m2026-09-28 07:49:33,446 - tpp_runner.py[pid:11140;line:104:_train_model] - INFO: [ Epoch 79 (train) ]: train loglike is 1.3063156204595519, num_events is 66675, mark_ll is -1.718120305762561, time_ll is 3.024436003116798[0m
[38;20m2026-09-28 07:49:33,485 - tpp_runner.py[pid:11140;line:116:_train_model] - INFO: [ Epoch 79 (valid) ]:  valid loglike is 1.1171683695778918, num_events is 17018, mark_ll is -1.7183865793640374, time_ll is 2.8355548915578357[0m
[38;20m2026-09-28 07:49:33,568 - tpp_runner.py[pid:11140;line:136:_train_model] - INFO: [ Epoch 79 (test) ]: test loglike is 1.7583307375331954, num_events is 33655, mark_ll is -1.7361254857422745, time_ll is 3.4944562486652244[0m
[31;1m2026-09-28 07:49:33,568 - tpp_runner.py[pid:11140;line:140:_train_model] - CRITICAL: current best loglike on valid set is 1.1172 (updated at epoch-79), best updated at this epoch[0m
[38;20m2026-09-28 07:49:33,965 - tpp_runner.py[pid:11140;line:104:_train_model] - INFO: [ Epoch 80 (train) ]: train loglike is 1.285143833339192, num_events is 66675, mark_ll is -1.7178438254300243, time_ll is 3.0029876148293964[0m
[38;20m2026-09-28 07:49:34,006 - tpp_runner.py[pid:11140;line:116:_train_model] - INFO: [ Epoch 80 (valid) ]:  valid loglike is 1.076869977600693, num_events is 17018, mark_ll is -1.7172750064384952, time_ll is 2.7941450952208693[0m
[38;20m2026-09-28 07:49:34,083 - tpp_runner.py[pid:11140;line:136:_train_model] - INFO: [ Epoch 80 (test) ]: test loglike is 1.779623162362112, num_events is 33655, mark_ll is -1.735073551942505, time_ll is 3.514696779592557[0m
[31;1m2026-09-28 07:49:34,083 - tpp_runner.py[pid:11140;line:140:_train_model] - CRITICAL: current best loglike on valid set is 1.1172 (updated at epoch-79)[0m
[38;20m2026-09-28 07:49:34,396 - tpp_runner.py[pid:11140;line:104:_train_model] - INFO: [ Epoch 81 (train) ]: train loglike is 1.3100834801655652, num_events is 66675, mark_ll is -1.7166594129347112, time_ll is 3.026742843667979[0m
[38;20m2026-09-28 07:49:34,428 - tpp_runner.py[pid:11140;line:116:_train_model] - INFO: [ Epoch 81 (valid) ]:  valid loglike is 1.1058422343713274, num_events is 17018, mark_ll is -1.7163036156799052, time_ll is 2.8221458357052094[0m
[38;20m2026-09-28 07:49:34,492 - tpp_runner.py[pid:11140;line:136:_train_model] - INFO: [ Epoch 81 (test) ]: test loglike is 1.7866980537229795, num_events is 33655, mark_ll is -1.7336423967696108, time_ll is 3.520340341679357[0m
[31;1m2026-09-28 07:49:34,492 - tpp_runner.py[pid:11140;line:140:_train_model] - CRITICAL: current best loglike on valid set is 1.1172 (updated at epoch-79)[0m
[38;20m2026-09-28 07:49:34,795 - tpp_runner.py[pid:11140;line:104:_train_model] - INFO: [ Epoch 82 (train) ]: train loglike is 1.2820554315476191, num_events is 66675, mark_ll is -1.7157576323467378, time_ll is 2.9978131005108737[0m
[38;20m2026-09-28 07:49:34,831 - tpp_runner.py[pid:11140;line:116:_train_model] - INFO: [ Epoch 82 (valid) ]:  valid loglike is 1.094059465242225, num_events is 17018, mark_ll is -1.715212887526259, time_ll is 2.809272288211379[0m
[38;20m2026-09-28 07:49:34,891 - tpp_runner.py[pid:11140;line:136:_train_model] - INFO: [ Epoch 82 (test) ]: test loglike is 1.8018510400513947, num_events is 33655, mark_ll is -1.7322458151881222, time_ll is 3.534096851612409[0m
[31;1m2026-09-28 07:49:34,891 - tpp_runner.py[pid:11140;line:140:_train_model] - CRITICAL: current best loglike on valid set is 1.1172 (updated at epoch-79)[0m
[38;20m2026-09-28 07:49:35,209 - tpp_runner.py[pid:11140;line:104:_train_model] - INFO: [ Epoch 83 (train) ]: train loglike is 1.2882653913866235, num_events is 66675, mark_ll is -1.7146656802177072, time_ll is 3.002931020341207[0m
[38;20m2026-09-28 07:49:35,244 - tpp_runner.py[pid:11140;line:116:_train_model] - INFO: [ Epoch 83 (valid) ]:  valid loglike is 1.099055299300511, num_events is 17018, mark_ll is -1.7139169108168557, time_ll is 2.812972213703872[0m
[38;20m2026-09-28 07:49:35,312 - tpp_runner.py[pid:11140;line:136:_train_model] - INFO: [ Epoch 83 (test) ]: test loglike is 1.7912797074636013, num_events is 33655, mark_ll is -1.7303523198401054, time_ll is 3.5216320273037067[0m
[31;1m2026-09-28 07:49:35,312 - tpp_runner.py[pid:11140;line:140:_train_model] - CRITICAL: current best loglike on valid set is 1.1172 (updated at epoch-79)[0m
[38;20m2026-09-28 07:49:35,617 - tpp_runner.py[pid:11140;line:104:_train_model] - INFO: [ Epoch 84 (train) ]: train loglike is 1.2909202389740344, num_events is 66675, mark_ll is -1.7140120717332208, time_ll is 3.004932347323772[0m
[38;20m2026-09-28 07:49:35,647 - tpp_runner.py[pid:11140;line:116:_train_model] - INFO: [ Epoch 84 (valid) ]:  valid loglike is 1.1106100419753167, num_events is 17018, mark_ll is -1.713352466529006, time_ll is 2.823962501331311[0m
[38;20m2026-09-28 07:49:35,706 - tpp_runner.py[pid:11140;line:136:_train_model] - INFO: [ Epoch 84 (test) ]: test loglike is 1.7880319044753288, num_events is 33655, mark_ll is -1.7296200285409857, time_ll is 3.5176519874229313[0m
[31;1m2026-09-28 07:49:35,708 - tpp_runner.py[pid:11140;line:140:_train_model] - CRITICAL: current best loglike on valid set is 1.1172 (updated at epoch-79)[0m
[38;20m2026-09-28 07:49:36,031 - tpp_runner.py[pid:11140;line:104:_train_model] - INFO: [ Epoch 85 (train) ]: train loglike is 1.3047434701765794, num_events is 66675, mark_ll is -1.7142561061703225, time_ll is 3.0189996367641543[0m
[38;20m2026-09-28 07:49:36,061 - tpp_runner.py[pid:11140;line:116:_train_model] - INFO: [ Epoch 85 (valid) ]:  valid loglike is 1.0570625200270485, num_events is 17018, mark_ll is -1.7137430800521873, time_ll is 2.770805664636341[0m
[38;20m2026-09-28 07:49:36,128 - tpp_runner.py[pid:11140;line:136:_train_model] - INFO: [ Epoch 85 (test) ]: test loglike is 1.8073201999145743, num_events is 33655, mark_ll is -1.7300065911802667, time_ll is 3.537326769332194[0m
[31;1m2026-09-28 07:49:36,128 - tpp_runner.py[pid:11140;line:140:_train_model] - CRITICAL: current best loglike on valid set is 1.1172 (updated at epoch-79)[0m
[38;20m2026-09-28 07:49:36,438 - tpp_runner.py[pid:11140;line:104:_train_model] - INFO: [ Epoch 86 (train) ]: train loglike is 1.3092954451250234, num_events is 66675, mark_ll is -1.7139471616340927, time_ll is 3.0232425902816837[0m
[38;20m2026-09-28 07:49:36,461 - tpp_runner.py[pid:11140;line:116:_train_model] - INFO: [ Epoch 86 (valid) ]:  valid loglike is 1.062158030255419, num_events is 17018, mark_ll is -1.7137344652651787, time_ll is 2.775892549318185[0m
[38;20m2026-09-28 07:49:36,531 - tpp_runner.py[pid:11140;line:136:_train_model] - INFO: [ Epoch 86 (test) ]: test loglike is 1.7998438167387831, num_events is 33655, mark_ll is -1.7298166395455727, time_ll is 3.52966031845426[0m
[31;1m2026-09-28 07:49:36,531 - tpp_runner.py[pid:11140;line:140:_train_model] - CRITICAL: current best loglike on valid set is 1.1172 (updated at epoch-79)[0m
[38;20m2026-09-28 07:49:36,816 - tpp_runner.py[pid:11140;line:104:_train_model] - INFO: [ Epoch 87 (train) ]: train loglike is 1.3178967838981064, num_events is 66675, mark_ll is -1.713981225979565, time_ll is 3.0318779879077615[0m
[38;20m2026-09-28 07:49:36,848 - tpp_runner.py[pid:11140;line:116:_train_model] - INFO: [ Epoch 87 (valid) ]:  valid loglike is 1.096840327096218, num_events is 17018, mark_ll is -1.7138744537608157, time_ll is 2.81071489562522[0m
[38;20m2026-09-28 07:49:36,911 - tpp_runner.py[pid:11140;line:136:_train_model] - INFO: [ Epoch 87 (test) ]: test loglike is 1.781272205153859, num_events is 33655, mark_ll is -1.7299819413557607, time_ll is 3.511254204543344[0m
[31;1m2026-09-28 07:49:36,911 - tpp_runner.py[pid:11140;line:140:_train_model] - CRITICAL: current best loglike on valid set is 1.1172 (updated at epoch-79)[0m
[38;20m2026-09-28 07:49:37,228 - tpp_runner.py[pid:11140;line:104:_train_model] - INFO: [ Epoch 88 (train) ]: train loglike is 1.2704835906742127, num_events is 66675, mark_ll is -1.714007296939445, time_ll is 2.984490861982096[0m
[38;20m2026-09-28 07:49:37,263 - tpp_runner.py[pid:11140;line:116:_train_model] - INFO: [ Epoch 88 (valid) ]:  valid loglike is 1.0972658516671685, num_events is 17018, mark_ll is -1.7137461070631097, time_ll is 2.8110120161143715[0m
[38;20m2026-09-28 07:49:37,322 - tpp_runner.py[pid:11140;line:136:_train_model] - INFO: [ Epoch 88 (test) ]: test loglike is 1.7949116465560466, num_events is 33655, mark_ll is -1.7297597955123682, time_ll is 3.524671442068415[0m
[31;1m2026-09-28 07:49:37,322 - tpp_runner.py[pid:11140;line:140:_train_model] - CRITICAL: current best loglike on valid set is 1.1172 (updated at epoch-79)[0m
[38;20m2026-09-28 07:49:37,684 - tpp_runner.py[pid:11140;line:104:_train_model] - INFO: [ Epoch 89 (train) ]: train loglike is 1.276157382182696, num_events is 66675, mark_ll is -1.7136965179157293, time_ll is 2.989853856158605[0m
[38;20m2026-09-28 07:49:37,716 - tpp_runner.py[pid:11140;line:116:_train_model] - INFO: [ Epoch 89 (valid) ]:  valid loglike is 1.1137489052549598, num_events is 17018, mark_ll is -1.713728246264066, time_ll is 2.82747714793252[0m
[38;20m2026-09-28 07:49:37,795 - tpp_runner.py[pid:11140;line:136:_train_model] - INFO: [ Epoch 89 (test) ]: test loglike is 1.8029709059528674, num_events is 33655, mark_ll is -1.72967896904249, time_ll is 3.532649831470064[0m
[31;1m2026-09-28 07:49:37,795 - tpp_runner.py[pid:11140;line:140:_train_model] - CRITICAL: current best loglike on valid set is 1.1172 (updated at epoch-79)[0m
[38;20m2026-09-28 07:49:38,149 - tpp_runner.py[pid:11140;line:104:_train_model] - INFO: [ Epoch 90 (train) ]: train loglike is 1.305494480426275, num_events is 66675, mark_ll is -1.7136780485447132, time_ll is 3.019172496016123[0m
[38;20m2026-09-28 07:49:38,197 - tpp_runner.py[pid:11140;line:116:_train_model] - INFO: [ Epoch 90 (valid) ]:  valid loglike is 1.112321041966594, num_events is 17018, mark_ll is -1.7133164723564756, time_ll is 2.8256374569389764[0m
[38;20m2026-09-28 07:49:38,266 - tpp_runner.py[pid:11140;line:136:_train_model] - INFO: [ Epoch 90 (test) ]: test loglike is 1.7759272338341257, num_events is 33655, mark_ll is -1.7293789491949563, time_ll is 3.5053062047917285[0m
[31;1m2026-09-28 07:49:38,268 - tpp_runner.py[pid:11140;line:140:_train_model] - CRITICAL: current best loglike on valid set is 1.1172 (updated at epoch-79)[0m
[38;20m2026-09-28 07:49:38,609 - tpp_runner.py[pid:11140;line:104:_train_model] - INFO: [ Epoch 91 (train) ]: train loglike is 1.2959248581476144, num_events is 66675, mark_ll is -1.7132805396395763, time_ll is 3.0092053117383766[0m
[38;20m2026-09-28 07:49:38,645 - tpp_runner.py[pid:11140;line:116:_train_model] - INFO: [ Epoch 91 (valid) ]:  valid loglike is 1.0666060183748458, num_events is 17018, mark_ll is -1.7127809926897255, time_ll is 2.779386910642408[0m
[38;20m2026-09-28 07:49:38,748 - tpp_runner.py[pid:11140;line:136:_train_model] - INFO: [ Epoch 91 (test) ]: test loglike is 1.7954797531941762, num_events is 33655, mark_ll is -1.728739025822686, time_ll is 3.5242186919662752[0m
[31;1m2026-09-28 07:49:38,750 - tpp_runner.py[pid:11140;line:140:_train_model] - CRITICAL: current best loglike on valid set is 1.1172 (updated at epoch-79)[0m
[38;20m2026-09-28 07:49:39,087 - tpp_runner.py[pid:11140;line:104:_train_model] - INFO: [ Epoch 92 (train) ]: train loglike is 1.3168771347429227, num_events is 66675, mark_ll is -1.7129986583708285, time_ll is 3.0298757821287965[0m
[38;20m2026-09-28 07:49:39,136 - tpp_runner.py[pid:11140;line:116:_train_model] - INFO: [ Epoch 92 (valid) ]:  valid loglike is 1.1102827661451293, num_events is 17018, mark_ll is -1.7125224630033273, time_ll is 2.8228052363214684[0m
[38;20m2026-09-28 07:49:39,210 - tpp_runner.py[pid:11140;line:136:_train_model] - INFO: [ Epoch 92 (test) ]: test loglike is 1.7998142122850431, num_events is 33655, mark_ll is -1.7283736817639466, time_ll is 3.5281877489646782[0m
[31;1m2026-09-28 07:49:39,210 - tpp_runner.py[pid:11140;line:140:_train_model] - CRITICAL: current best loglike on valid set is 1.1172 (updated at epoch-79)[0m
[38;20m2026-09-28 07:49:39,572 - tpp_runner.py[pid:11140;line:104:_train_model] - INFO: [ Epoch 93 (train) ]: train loglike is 1.3065199003444883, num_events is 66675, mark_ll is -1.712950412448444, time_ll is 3.019470246883202[0m
[38;20m2026-09-28 07:49:39,620 - tpp_runner.py[pid:11140;line:116:_train_model] - INFO: [ Epoch 93 (valid) ]:  valid loglike is 1.0859875963134622, num_events is 17018, mark_ll is -1.7126340176807278, time_ll is 2.79862178614647[0m
[38;20m2026-09-28 07:49:39,722 - tpp_runner.py[pid:11140;line:136:_train_model] - INFO: [ Epoch 93 (test) ]: test loglike is 1.8127062300944325, num_events is 33655, mark_ll is -1.7284455928028897, time_ll is 3.5411518519141842[0m
[31;1m2026-09-28 07:49:39,722 - tpp_runner.py[pid:11140;line:140:_train_model] - CRITICAL: current best loglike on valid set is 1.1172 (updated at epoch-79)[0m
[38;20m2026-09-28 07:49:40,092 - tpp_runner.py[pid:11140;line:104:_train_model] - INFO: [ Epoch 94 (train) ]: train loglike is 1.3118138229547478, num_events is 66675, mark_ll is -1.7129344513088207, time_ll is 3.0247482760943947[0m
[38;20m2026-09-28 07:49:40,140 - tpp_runner.py[pid:11140;line:116:_train_model] - INFO: [ Epoch 94 (valid) ]:  valid loglike is 1.080585647853789, num_events is 17018, mark_ll is -1.7127140684908992, time_ll is 2.793299770142276[0m
[38;20m2026-09-28 07:49:40,233 - tpp_runner.py[pid:11140;line:136:_train_model] - INFO: [ Epoch 94 (test) ]: test loglike is 1.794065797766398, num_events is 33655, mark_ll is -1.7284266883171149, time_ll is 3.522492464320866[0m
[31;1m2026-09-28 07:49:40,233 - tpp_runner.py[pid:11140;line:140:_train_model] - CRITICAL: current best loglike on valid set is 1.1172 (updated at epoch-79)[0m
[38;20m2026-09-28 07:49:40,628 - tpp_runner.py[pid:11140;line:104:_train_model] - INFO: [ Epoch 95 (train) ]: train loglike is 1.3102139869235097, num_events is 66675, mark_ll is -1.7129015879850955, time_ll is 3.0231155382920885[0m
[38;20m2026-09-28 07:49:40,660 - tpp_runner.py[pid:11140;line:116:_train_model] - INFO: [ Epoch 95 (valid) ]:  valid loglike is 1.0975208988564038, num_events is 17018, mark_ll is -1.7127159191279087, time_ll is 2.8102368143978067[0m
[38;20m2026-09-28 07:49:40,723 - tpp_runner.py[pid:11140;line:136:_train_model] - INFO: [ Epoch 95 (test) ]: test loglike is 1.7790992774220955, num_events is 33655, mark_ll is -1.728340377660266, time_ll is 3.507439836437751[0m
[31;1m2026-09-28 07:49:40,723 - tpp_runner.py[pid:11140;line:140:_train_model] - CRITICAL: current best loglike on valid set is 1.1172 (updated at epoch-79)[0m
[38;20m2026-09-28 07:49:41,037 - tpp_runner.py[pid:11140;line:104:_train_model] - INFO: [ Epoch 96 (train) ]: train loglike is 1.2864732545638826, num_events is 66675, mark_ll is -1.712850778906543, time_ll is 2.9993240005155606[0m
[38;20m2026-09-28 07:49:41,071 - tpp_runner.py[pid:11140;line:116:_train_model] - INFO: [ Epoch 96 (valid) ]:  valid loglike is 1.1432791613624635, num_events is 17018, mark_ll is -1.7126980152907951, time_ll is 2.8559773452190327[0m
[38;20m2026-09-28 07:49:41,136 - tpp_runner.py[pid:11140;line:136:_train_model] - INFO: [ Epoch 96 (test) ]: test loglike is 1.7772010450713118, num_events is 33655, mark_ll is -1.7282991156821053, time_ll is 3.505500247804004[0m
[31;1m2026-09-28 07:49:41,136 - tpp_runner.py[pid:11140;line:140:_train_model] - CRITICAL: current best loglike on valid set is 1.1433 (updated at epoch-96), best updated at this epoch[0m
[38;20m2026-09-28 07:49:41,448 - tpp_runner.py[pid:11140;line:104:_train_model] - INFO: [ Epoch 97 (train) ]: train loglike is 1.2879290613575647, num_events is 66675, mark_ll is -1.712808622310883, time_ll is 3.000737647051931[0m
[38;20m2026-09-28 07:49:41,480 - tpp_runner.py[pid:11140;line:116:_train_model] - INFO: [ Epoch 97 (valid) ]:  valid loglike is 1.1021700361554219, num_events is 17018, mark_ll is -1.7126879874204886, time_ll is 2.8148578550101364[0m
[38;20m2026-09-28 07:49:41,540 - tpp_runner.py[pid:11140;line:136:_train_model] - INFO: [ Epoch 97 (test) ]: test loglike is 1.8032344806213787, num_events is 33655, mark_ll is -1.7282824527489415, time_ll is 3.5315168753365955[0m
[31;1m2026-09-28 07:49:41,540 - tpp_runner.py[pid:11140;line:140:_train_model] - CRITICAL: current best loglike on valid set is 1.1433 (updated at epoch-96)[0m
[38;20m2026-09-28 07:49:41,844 - tpp_runner.py[pid:11140;line:104:_train_model] - INFO: [ Epoch 98 (train) ]: train loglike is 1.3040255337955802, num_events is 66675, mark_ll is -1.7127874616258905, time_ll is 3.0168130302071616[0m
[38;20m2026-09-28 07:49:41,876 - tpp_runner.py[pid:11140;line:116:_train_model] - INFO: [ Epoch 98 (valid) ]:  valid loglike is 1.1264076461549903, num_events is 17018, mark_ll is -1.712690541012641, time_ll is 2.8390980150153515[0m
[38;20m2026-09-28 07:49:41,945 - tpp_runner.py[pid:11140;line:136:_train_model] - INFO: [ Epoch 98 (test) ]: test loglike is 1.7825021501494949, num_events is 33655, mark_ll is -1.728285209350858, time_ll is 3.5107873812629995[0m
[31;1m2026-09-28 07:49:41,945 - tpp_runner.py[pid:11140;line:140:_train_model] - CRITICAL: current best loglike on valid set is 1.1433 (updated at epoch-96)[0m
[38;20m2026-09-28 07:49:42,271 - tpp_runner.py[pid:11140;line:104:_train_model] - INFO: [ Epoch 99 (train) ]: train loglike is 1.2635664597101144, num_events is 66675, mark_ll is -1.71278678055868, time_ll is 2.976353214637233[0m
[38;20m2026-09-28 07:49:42,302 - tpp_runner.py[pid:11140;line:116:_train_model] - INFO: [ Epoch 99 (valid) ]:  valid loglike is 1.0890706786678994, num_events is 17018, mark_ll is -1.7126910933345392, time_ll is 2.801761772002439[0m
[38;20m2026-09-28 07:49:42,365 - tpp_runner.py[pid:11140;line:136:_train_model] - INFO: [ Epoch 99 (test) ]: test loglike is 1.7734806190573467, num_events is 33655, mark_ll is -1.7282858549760436, time_ll is 3.5017665320671147[0m
[31;1m2026-09-28 07:49:42,365 - tpp_runner.py[pid:11140;line:140:_train_model] - CRITICAL: current best loglike on valid set is 1.1433 (updated at epoch-96)[0m
[38;20m2026-09-28 07:49:42,365 - base_runner.py[pid:11140;line:118:train] - INFO: End SAHP train! Cost time: 0.747m[0m
RESULT {"model": "SAHP", "dataset": "lob_aapl", "seed": 2019, "ll_per_event": 1.7772010450713118, "mark_ll": -1.7282991156821053, "time_ll": 3.505500247804004, "val_ll": 1.1432791613624635, "best_epoch": 96, "n_params": 2148, "seconds": 45.51875638961792, "max_epoch": 100, "batch_size": 64}
