
=== Mon Sep 28 09:44:13 2026 attempt 1: D:\Quant\.venv\Scripts\python.exe -u -m infodiff.baselines.easytpp_runner IntensityFree lob_goog 6 2019 100 64
[31;1m2026-09-28 09:44:14,746 - config.py[pid:21704;line:33:build_from_yaml_file] - CRITICAL: Load pipeline config class RunnerConfig[0m
[31;1m2026-09-28 09:44:14,755 - runner_config.py[pid:21704;line:205:update_config] - CRITICAL: train model IntensityFree using GPU with torch backend[0m
[38;20m2026-09-28 09:44:14,755 - runner_config.py[pid:21704;line:45:__init__] - INFO: Save the config to D:\Quant\results\easytpp\checkpoints/lob_goog/IntensityFree/train_2026_09_28_09_44_14\IntensityFree_train_output.yaml[0m
[38;20m2026-09-28 09:44:14,755 - base_runner.py[pid:21704;line:193:save_log] - INFO: Save the log to D:\Quant\results\easytpp\checkpoints/lob_goog/IntensityFree/train_2026_09_28_09_44_14\log[0m
0.4950103427465081 1.5277294467620006
min_dt: 7.275957614183426e-12
max_dt: 36.42092722700181
[38;20m2026-09-28 09:44:18,463 - tpp_runner.py[pid:21704;line:62:_init_model] - INFO: Num of model parameters 7184[0m
[38;20m2026-09-28 09:44:19,144 - base_runner.py[pid:21704;line:103:train] - INFO: Data 'lob_goog' loaded...[0m
[38;20m2026-09-28 09:44:19,144 - base_runner.py[pid:21704;line:108:train] - INFO: Start IntensityFree training...[0m
[38;20m2026-09-28 09:44:19,525 - tpp_runner.py[pid:21704;line:104:_train_model] - INFO: [ Epoch 0 (train) ]: train loglike is -4.869876017806013, num_events is 27940, mark_ll is -1.928227549548139, time_ll is -2.9416485032100037[0m
[38;20m2026-09-28 09:44:19,539 - tpp_runner.py[pid:21704;line:116:_train_model] - INFO: [ Epoch 0 (valid) ]:  valid loglike is -4.222550085725172, num_events is 7874, mark_ll is -1.9319051675212726, time_ll is -2.2906445461328424[0m
[38;20m2026-09-28 09:44:19,586 - tpp_runner.py[pid:21704;line:136:_train_model] - INFO: [ Epoch 0 (test) ]: test loglike is -4.192715251366486, num_events is 13081, mark_ll is -1.9963632546728078, time_ll is -2.1963519966936778[0m
[31;1m2026-09-28 09:44:19,586 - tpp_runner.py[pid:21704;line:140:_train_model] - CRITICAL: current best loglike on valid set is -4.2226 (updated at epoch-0), best updated at this epoch[0m
[38;20m2026-09-28 09:44:19,664 - tpp_runner.py[pid:21704;line:104:_train_model] - INFO: [ Epoch 1 (train) ]: train loglike is -3.238560797132248, num_events is 27940, mark_ll is -1.9119234820989173, time_ll is -1.3266373150333304[0m
[38;20m2026-09-28 09:44:19,675 - tpp_runner.py[pid:21704;line:116:_train_model] - INFO: [ Epoch 1 (valid) ]:  valid loglike is -1.6898829910941071, num_events is 7874, mark_ll is -1.9013890156686564, time_ll is 0.21150586954494222[0m
[38;20m2026-09-28 09:44:19,699 - tpp_runner.py[pid:21704;line:136:_train_model] - INFO: [ Epoch 1 (test) ]: test loglike is -1.6066777136209005, num_events is 13081, mark_ll is -1.967210165268328, time_ll is 0.36053241431991057[0m
[31;1m2026-09-28 09:44:19,699 - tpp_runner.py[pid:21704;line:140:_train_model] - CRITICAL: current best loglike on valid set is -1.6899 (updated at epoch-1), best updated at this epoch[0m
[38;20m2026-09-28 09:44:19,769 - tpp_runner.py[pid:21704;line:104:_train_model] - INFO: [ Epoch 2 (train) ]: train loglike is -0.982121015806751, num_events is 27940, mark_ll is -1.877051253103749, time_ll is 0.8949303159392895[0m
[38;20m2026-09-28 09:44:19,781 - tpp_runner.py[pid:21704;line:116:_train_model] - INFO: [ Epoch 2 (valid) ]:  valid loglike is -0.06136199741881906, num_events is 7874, mark_ll is -1.858775965598806, time_ll is 1.7974138829137034[0m
[38;20m2026-09-28 09:44:19,803 - tpp_runner.py[pid:21704;line:136:_train_model] - INFO: [ Epoch 2 (test) ]: test loglike is 0.14193922838535197, num_events is 13081, mark_ll is -1.9315956826695206, time_ll is 2.0735348352333536[0m
[31;1m2026-09-28 09:44:19,803 - tpp_runner.py[pid:21704;line:140:_train_model] - CRITICAL: current best loglike on valid set is -0.0614 (updated at epoch-2), best updated at this epoch[0m
[38;20m2026-09-28 09:44:19,871 - tpp_runner.py[pid:21704;line:104:_train_model] - INFO: [ Epoch 3 (train) ]: train loglike is 0.130144101513567, num_events is 27940, mark_ll is -1.8285564141352004, time_ll is 1.9587004238994274[0m
[38;20m2026-09-28 09:44:19,883 - tpp_runner.py[pid:21704;line:116:_train_model] - INFO: [ Epoch 3 (valid) ]:  valid loglike is 0.40229705508239144, num_events is 7874, mark_ll is -1.7870861825708027, time_ll is 2.189383175641351[0m
[38;20m2026-09-28 09:44:19,907 - tpp_runner.py[pid:21704;line:136:_train_model] - INFO: [ Epoch 3 (test) ]: test loglike is 0.6762724427963267, num_events is 13081, mark_ll is -1.8706558235704456, time_ll is 2.5469283036942896[0m
[31;1m2026-09-28 09:44:19,907 - tpp_runner.py[pid:21704;line:140:_train_model] - CRITICAL: current best loglike on valid set is 0.4023 (updated at epoch-3), best updated at this epoch[0m
[38;20m2026-09-28 09:44:19,978 - tpp_runner.py[pid:21704;line:104:_train_model] - INFO: [ Epoch 4 (train) ]: train loglike is 0.40013717181697944, num_events is 27940, mark_ll is -1.7461384362976466, time_ll is 2.146275588454053[0m
[38;20m2026-09-28 09:44:19,990 - tpp_runner.py[pid:21704;line:116:_train_model] - INFO: [ Epoch 4 (valid) ]:  valid loglike is 0.5629587636128397, num_events is 7874, mark_ll is -1.6815213142145033, time_ll is 2.2444802018510286[0m
[38;20m2026-09-28 09:44:20,011 - tpp_runner.py[pid:21704;line:136:_train_model] - INFO: [ Epoch 4 (test) ]: test loglike is 0.8369964443300397, num_events is 13081, mark_ll is -1.7653379513941978, time_ll is 2.6023345077067885[0m
[31;1m2026-09-28 09:44:20,013 - tpp_runner.py[pid:21704;line:140:_train_model] - CRITICAL: current best loglike on valid set is 0.5630 (updated at epoch-4), best updated at this epoch[0m
[38;20m2026-09-28 09:44:20,090 - tpp_runner.py[pid:21704;line:104:_train_model] - INFO: [ Epoch 5 (train) ]: train loglike is 0.5750344398624144, num_events is 27940, mark_ll is -1.6540989935184771, time_ll is 2.2291332815575786[0m
[38;20m2026-09-28 09:44:20,103 - tpp_runner.py[pid:21704;line:116:_train_model] - INFO: [ Epoch 5 (valid) ]:  valid loglike is 0.8040502663036576, num_events is 7874, mark_ll is -1.61028359752032, time_ll is 2.4143338638239777[0m
[38;20m2026-09-28 09:44:20,127 - tpp_runner.py[pid:21704;line:136:_train_model] - INFO: [ Epoch 5 (test) ]: test loglike is 1.0793644975298142, num_events is 13081, mark_ll is -1.6891252400905894, time_ll is 2.768489812275438[0m
[31;1m2026-09-28 09:44:20,127 - tpp_runner.py[pid:21704;line:140:_train_model] - CRITICAL: current best loglike on valid set is 0.8041 (updated at epoch-5), best updated at this epoch[0m
[38;20m2026-09-28 09:44:20,210 - tpp_runner.py[pid:21704;line:104:_train_model] - INFO: [ Epoch 6 (train) ]: train loglike is 0.8825871417756241, num_events is 27940, mark_ll is -1.5907474373098605, time_ll is 2.473334635882695[0m
[38;20m2026-09-28 09:44:20,227 - tpp_runner.py[pid:21704;line:116:_train_model] - INFO: [ Epoch 6 (valid) ]:  valid loglike is 1.066351431530988, num_events is 7874, mark_ll is -1.5608683443929388, time_ll is 2.6272197759239266[0m
[38;20m2026-09-28 09:44:20,247 - tpp_runner.py[pid:21704;line:136:_train_model] - INFO: [ Epoch 6 (test) ]: test loglike is 1.374773944556991, num_events is 13081, mark_ll is -1.6305944242842672, time_ll is 3.0053684434962924[0m
[31;1m2026-09-28 09:44:20,247 - tpp_runner.py[pid:21704;line:140:_train_model] - CRITICAL: current best loglike on valid set is 1.0664 (updated at epoch-6), best updated at this epoch[0m
[38;20m2026-09-28 09:44:20,321 - tpp_runner.py[pid:21704;line:104:_train_model] - INFO: [ Epoch 7 (train) ]: train loglike is 1.1507274062444077, num_events is 27940, mark_ll is -1.534264865839746, time_ll is 2.684992167227765[0m
[38;20m2026-09-28 09:44:20,332 - tpp_runner.py[pid:21704;line:116:_train_model] - INFO: [ Epoch 7 (valid) ]:  valid loglike is 1.2211982275527051, num_events is 7874, mark_ll is -1.541986978505207, time_ll is 2.763185206057912[0m
[38;20m2026-09-28 09:44:20,358 - tpp_runner.py[pid:21704;line:136:_train_model] - INFO: [ Epoch 7 (test) ]: test loglike is 1.5498612760157862, num_events is 13081, mark_ll is -1.5929980744973626, time_ll is 3.1428592758581146[0m
[31;1m2026-09-28 09:44:20,358 - tpp_runner.py[pid:21704;line:140:_train_model] - CRITICAL: current best loglike on valid set is 1.2212 (updated at epoch-7), best updated at this epoch[0m
[38;20m2026-09-28 09:44:20,431 - tpp_runner.py[pid:21704;line:104:_train_model] - INFO: [ Epoch 8 (train) ]: train loglike is 1.3241034429245706, num_events is 27940, mark_ll is -1.500873156624687, time_ll is 2.824976547121063[0m
[38;20m2026-09-28 09:44:20,444 - tpp_runner.py[pid:21704;line:116:_train_model] - INFO: [ Epoch 8 (valid) ]:  valid loglike is 1.3445205591583058, num_events is 7874, mark_ll is -1.507118463455677, time_ll is 2.8516391466376683[0m
[38;20m2026-09-28 09:44:20,470 - tpp_runner.py[pid:21704;line:136:_train_model] - INFO: [ Epoch 8 (test) ]: test loglike is 1.6521107516388274, num_events is 13081, mark_ll is -1.5572866896643986, time_ll is 3.20939751595826[0m
[31;1m2026-09-28 09:44:20,470 - tpp_runner.py[pid:21704;line:140:_train_model] - CRITICAL: current best loglike on valid set is 1.3445 (updated at epoch-8), best updated at this epoch[0m
[38;20m2026-09-28 09:44:20,539 - tpp_runner.py[pid:21704;line:104:_train_model] - INFO: [ Epoch 9 (train) ]: train loglike is 1.420712247505816, num_events is 27940, mark_ll is -1.4537995761005726, time_ll is 2.8745119109867128[0m
[38;20m2026-09-28 09:44:20,557 - tpp_runner.py[pid:21704;line:116:_train_model] - INFO: [ Epoch 9 (valid) ]:  valid loglike is 1.4749118687690501, num_events is 7874, mark_ll is -1.4488216261588773, time_ll is 2.923733370904242[0m
[38;20m2026-09-28 09:44:20,583 - tpp_runner.py[pid:21704;line:136:_train_model] - INFO: [ Epoch 9 (test) ]: test loglike is 1.792373450758734, num_events is 13081, mark_ll is -1.4883232061291185, time_ll is 3.2806965075777845[0m
[31;1m2026-09-28 09:44:20,583 - tpp_runner.py[pid:21704;line:140:_train_model] - CRITICAL: current best loglike on valid set is 1.4749 (updated at epoch-9), best updated at this epoch[0m
[38;20m2026-09-28 09:44:20,651 - tpp_runner.py[pid:21704;line:104:_train_model] - INFO: [ Epoch 10 (train) ]: train loglike is 1.5403121959164727, num_events is 27940, mark_ll is -1.3986768871353794, time_ll is 2.938989100527917[0m
[38;20m2026-09-28 09:44:20,663 - tpp_runner.py[pid:21704;line:116:_train_model] - INFO: [ Epoch 10 (valid) ]:  valid loglike is 1.594039347258382, num_events is 7874, mark_ll is -1.396286557221552, time_ll is 2.990325656432563[0m
[38;20m2026-09-28 09:44:20,686 - tpp_runner.py[pid:21704;line:136:_train_model] - INFO: [ Epoch 10 (test) ]: test loglike is 1.9431643760511428, num_events is 13081, mark_ll is -1.4171654245064407, time_ll is 3.3603296885750327[0m
[31;1m2026-09-28 09:44:20,686 - tpp_runner.py[pid:21704;line:140:_train_model] - CRITICAL: current best loglike on valid set is 1.5940 (updated at epoch-10), best updated at this epoch[0m
[38;20m2026-09-28 09:44:20,754 - tpp_runner.py[pid:21704;line:104:_train_model] - INFO: [ Epoch 11 (train) ]: train loglike is 1.632483984934234, num_events is 27940, mark_ll is -1.3562960843828293, time_ll is 2.988780016888869[0m
[38;20m2026-09-28 09:44:20,767 - tpp_runner.py[pid:21704;line:116:_train_model] - INFO: [ Epoch 11 (valid) ]:  valid loglike is 1.6818732934340868, num_events is 7874, mark_ll is -1.3749244695755016, time_ll is 3.056797638985903[0m
[38;20m2026-09-28 09:44:20,793 - tpp_runner.py[pid:21704;line:136:_train_model] - INFO: [ Epoch 11 (test) ]: test loglike is 1.9919437513139286, num_events is 13081, mark_ll is -1.402840168648708, time_ll is 3.3947841812552557[0m
[31;1m2026-09-28 09:44:20,793 - tpp_runner.py[pid:21704;line:140:_train_model] - CRITICAL: current best loglike on valid set is 1.6819 (updated at epoch-11), best updated at this epoch[0m
[38;20m2026-09-28 09:44:20,864 - tpp_runner.py[pid:21704;line:104:_train_model] - INFO: [ Epoch 12 (train) ]: train loglike is 1.634504602496421, num_events is 27940, mark_ll is -1.3391034289437187, time_ll is 2.9736081013443987[0m
[38;20m2026-09-28 09:44:20,877 - tpp_runner.py[pid:21704;line:116:_train_model] - INFO: [ Epoch 12 (valid) ]:  valid loglike is 1.6787745616506857, num_events is 7874, mark_ll is -1.3669535913290576, time_ll is 3.045728028956058[0m
[38;20m2026-09-28 09:44:20,896 - tpp_runner.py[pid:21704;line:136:_train_model] - INFO: [ Epoch 12 (test) ]: test loglike is 1.9827024286178427, num_events is 13081, mark_ll is -1.3987664300798868, time_ll is 3.3814687093876614[0m
[31;1m2026-09-28 09:44:20,896 - tpp_runner.py[pid:21704;line:140:_train_model] - CRITICAL: current best loglike on valid set is 1.6819 (updated at epoch-11)[0m
[38;20m2026-09-28 09:44:20,965 - tpp_runner.py[pid:21704;line:104:_train_model] - INFO: [ Epoch 13 (train) ]: train loglike is 1.683875673877058, num_events is 27940, mark_ll is -1.3289425652626163, time_ll is 3.012818343996063[0m
[38;20m2026-09-28 09:44:20,978 - tpp_runner.py[pid:21704;line:116:_train_model] - INFO: [ Epoch 13 (valid) ]:  valid loglike is 1.6933911250635, num_events is 7874, mark_ll is -1.357752026050927, time_ll is 3.0511433991617984[0m
[38;20m2026-09-28 09:44:21,000 - tpp_runner.py[pid:21704;line:136:_train_model] - INFO: [ Epoch 13 (test) ]: test loglike is 2.008873198723339, num_events is 13081, mark_ll is -1.385500678464949, time_ll is 3.3943740264983564[0m
[31;1m2026-09-28 09:44:21,000 - tpp_runner.py[pid:21704;line:140:_train_model] - CRITICAL: current best loglike on valid set is 1.6934 (updated at epoch-13), best updated at this epoch[0m
[38;20m2026-09-28 09:44:21,079 - tpp_runner.py[pid:21704;line:104:_train_model] - INFO: [ Epoch 14 (train) ]: train loglike is 1.7146491802327533, num_events is 27940, mark_ll is -1.3194847636676807, time_ll is 3.034133970114531[0m
[38;20m2026-09-28 09:44:21,091 - tpp_runner.py[pid:21704;line:116:_train_model] - INFO: [ Epoch 14 (valid) ]:  valid loglike is 1.7223026584725045, num_events is 7874, mark_ll is -1.3540722433007366, time_ll is 3.0763747777495554[0m
[38;20m2026-09-28 09:44:21,116 - tpp_runner.py[pid:21704;line:136:_train_model] - INFO: [ Epoch 14 (test) ]: test loglike is 2.0107797389821114, num_events is 13081, mark_ll is -1.3917231008953825, time_ll is 3.402502914532528[0m
[31;1m2026-09-28 09:44:21,116 - tpp_runner.py[pid:21704;line:140:_train_model] - CRITICAL: current best loglike on valid set is 1.7223 (updated at epoch-14), best updated at this epoch[0m
[38;20m2026-09-28 09:44:21,185 - tpp_runner.py[pid:21704;line:104:_train_model] - INFO: [ Epoch 15 (train) ]: train loglike is 1.7356464885692555, num_events is 27940, mark_ll is -1.3118083672602003, time_ll is 3.047454785925197[0m
[38;20m2026-09-28 09:44:21,198 - tpp_runner.py[pid:21704;line:116:_train_model] - INFO: [ Epoch 15 (valid) ]:  valid loglike is 1.707321713471552, num_events is 7874, mark_ll is -1.3534322810833121, time_ll is 3.0607539945548643[0m
[38;20m2026-09-28 09:44:21,224 - tpp_runner.py[pid:21704;line:136:_train_model] - INFO: [ Epoch 15 (test) ]: test loglike is 2.0248048069480546, num_events is 13081, mark_ll is -1.380382739935307, time_ll is 3.4051873602457765[0m
[31;1m2026-09-28 09:44:21,224 - tpp_runner.py[pid:21704;line:140:_train_model] - CRITICAL: current best loglike on valid set is 1.7223 (updated at epoch-14)[0m
[38;20m2026-09-28 09:44:21,295 - tpp_runner.py[pid:21704;line:104:_train_model] - INFO: [ Epoch 16 (train) ]: train loglike is 1.7561964358614441, num_events is 27940, mark_ll is -1.3051098615336436, time_ll is 3.0613063148711523[0m
[38;20m2026-09-28 09:44:21,307 - tpp_runner.py[pid:21704;line:116:_train_model] - INFO: [ Epoch 16 (valid) ]:  valid loglike is 1.74430830502286, num_events is 7874, mark_ll is -1.352098158297879, time_ll is 3.0964065873444246[0m
[38;20m2026-09-28 09:44:21,332 - tpp_runner.py[pid:21704;line:136:_train_model] - INFO: [ Epoch 16 (test) ]: test loglike is 2.06782715926248, num_events is 13081, mark_ll is -1.3698093474672235, time_ll is 3.4376364694021864[0m
[31;1m2026-09-28 09:44:21,332 - tpp_runner.py[pid:21704;line:140:_train_model] - CRITICAL: current best loglike on valid set is 1.7443 (updated at epoch-16), best updated at this epoch[0m
[38;20m2026-09-28 09:44:21,404 - tpp_runner.py[pid:21704;line:104:_train_model] - INFO: [ Epoch 17 (train) ]: train loglike is 1.7601010256352898, num_events is 27940, mark_ll is -1.301645511307713, time_ll is 3.0617465718951324[0m
[38;20m2026-09-28 09:44:21,415 - tpp_runner.py[pid:21704;line:116:_train_model] - INFO: [ Epoch 17 (valid) ]:  valid loglike is 1.744656067437135, num_events is 7874, mark_ll is -1.3478656019812039, time_ll is 3.09252191746571[0m
[38;20m2026-09-28 09:44:21,440 - tpp_runner.py[pid:21704;line:136:_train_model] - INFO: [ Epoch 17 (test) ]: test loglike is 2.0533478900695665, num_events is 13081, mark_ll is -1.3756845493344354, time_ll is 3.429032327421451[0m
[31;1m2026-09-28 09:44:21,440 - tpp_runner.py[pid:21704;line:140:_train_model] - CRITICAL: current best loglike on valid set is 1.7447 (updated at epoch-17), best updated at this epoch[0m
[38;20m2026-09-28 09:44:21,525 - tpp_runner.py[pid:21704;line:104:_train_model] - INFO: [ Epoch 18 (train) ]: train loglike is 1.776720300126946, num_events is 27940, mark_ll is -1.2978575917423496, time_ll is 3.0745778831312633[0m
[38;20m2026-09-28 09:44:21,539 - tpp_runner.py[pid:21704;line:116:_train_model] - INFO: [ Epoch 18 (valid) ]:  valid loglike is 1.751809257524765, num_events is 7874, mark_ll is -1.347270164266891, time_ll is 3.0990795458153415[0m
[38;20m2026-09-28 09:44:21,551 - tpp_runner.py[pid:21704;line:136:_train_model] - INFO: [ Epoch 18 (test) ]: test loglike is 2.0633049305767908, num_events is 13081, mark_ll is -1.3707545175254185, time_ll is 3.4340594481022095[0m
[31;1m2026-09-28 09:44:21,551 - tpp_runner.py[pid:21704;line:140:_train_model] - CRITICAL: current best loglike on valid set is 1.7518 (updated at epoch-18), best updated at this epoch[0m
[38;20m2026-09-28 09:44:21,639 - tpp_runner.py[pid:21704;line:104:_train_model] - INFO: [ Epoch 19 (train) ]: train loglike is 1.7869380047087509, num_events is 27940, mark_ll is -1.2952937307064245, time_ll is 3.0822316655109163[0m
[38;20m2026-09-28 09:44:21,654 - tpp_runner.py[pid:21704;line:116:_train_model] - INFO: [ Epoch 19 (valid) ]:  valid loglike is 1.7782478826676404, num_events is 7874, mark_ll is -1.3433157930768986, time_ll is 3.1215635517208535[0m
[38;20m2026-09-28 09:44:21,678 - tpp_runner.py[pid:21704;line:136:_train_model] - INFO: [ Epoch 19 (test) ]: test loglike is 2.0796800643586115, num_events is 13081, mark_ll is -1.369184111557316, time_ll is 3.4488641385884105[0m
[31;1m2026-09-28 09:44:21,678 - tpp_runner.py[pid:21704;line:140:_train_model] - CRITICAL: current best loglike on valid set is 1.7782 (updated at epoch-19), best updated at this epoch[0m
[38;20m2026-09-28 09:44:21,742 - tpp_runner.py[pid:21704;line:104:_train_model] - INFO: [ Epoch 20 (train) ]: train loglike is 1.7983485118781317, num_events is 27940, mark_ll is -1.293076489939379, time_ll is 3.0914251940542234[0m
[38;20m2026-09-28 09:44:21,757 - tpp_runner.py[pid:21704;line:116:_train_model] - INFO: [ Epoch 20 (valid) ]:  valid loglike is 1.7606283337566675, num_events is 7874, mark_ll is -1.3433985168751588, time_ll is 3.1040268506318265[0m
[38;20m2026-09-28 09:44:21,773 - tpp_runner.py[pid:21704;line:136:_train_model] - INFO: [ Epoch 20 (test) ]: test loglike is 2.074516772895803, num_events is 13081, mark_ll is -1.36916384271558, time_ll is 3.443680540956349[0m
[31;1m2026-09-28 09:44:21,773 - tpp_runner.py[pid:21704;line:140:_train_model] - CRITICAL: current best loglike on valid set is 1.7782 (updated at epoch-19)[0m
[38;20m2026-09-28 09:44:21,852 - tpp_runner.py[pid:21704;line:104:_train_model] - INFO: [ Epoch 21 (train) ]: train loglike is 1.8097189289549034, num_events is 27940, mark_ll is -1.290570317393298, time_ll is 3.1002892638242665[0m
[38;20m2026-09-28 09:44:21,865 - tpp_runner.py[pid:21704;line:116:_train_model] - INFO: [ Epoch 21 (valid) ]:  valid loglike is 1.8072890208280417, num_events is 7874, mark_ll is -1.3414401828803657, time_ll is 3.1487292037084074[0m
[38;20m2026-09-28 09:44:21,891 - tpp_runner.py[pid:21704;line:136:_train_model] - INFO: [ Epoch 21 (test) ]: test loglike is 2.0987375535127284, num_events is 13081, mark_ll is -1.3698349168163748, time_ll is 3.4685723210190353[0m
[31;1m2026-09-28 09:44:21,891 - tpp_runner.py[pid:21704;line:140:_train_model] - CRITICAL: current best loglike on valid set is 1.8073 (updated at epoch-21), best updated at this epoch[0m
[38;20m2026-09-28 09:44:21,959 - tpp_runner.py[pid:21704;line:104:_train_model] - INFO: [ Epoch 22 (train) ]: train loglike is 1.8110694093369721, num_events is 27940, mark_ll is -1.2894831314032302, time_ll is 3.100552663072656[0m
[38;20m2026-09-28 09:44:21,971 - tpp_runner.py[pid:21704;line:116:_train_model] - INFO: [ Epoch 22 (valid) ]:  valid loglike is 1.7857668186039497, num_events is 7874, mark_ll is -1.338637867705423, time_ll is 3.1244046863093726[0m
[38;20m2026-09-28 09:44:21,993 - tpp_runner.py[pid:21704;line:136:_train_model] - INFO: [ Epoch 22 (test) ]: test loglike is 2.089958345477219, num_events is 13081, mark_ll is -1.3645650926200215, time_ll is 3.4545234380972403[0m
[31;1m2026-09-28 09:44:21,993 - tpp_runner.py[pid:21704;line:140:_train_model] - CRITICAL: current best loglike on valid set is 1.8073 (updated at epoch-21)[0m
[38;20m2026-09-28 09:44:22,058 - tpp_runner.py[pid:21704;line:104:_train_model] - INFO: [ Epoch 23 (train) ]: train loglike is 1.8217304030399963, num_events is 27940, mark_ll is -1.2870079089678776, time_ll is 3.1087382071514855[0m
[38;20m2026-09-28 09:44:22,072 - tpp_runner.py[pid:21704;line:116:_train_model] - INFO: [ Epoch 23 (valid) ]:  valid loglike is 1.793888013557277, num_events is 7874, mark_ll is -1.3424437825438151, time_ll is 3.1363317961010924[0m
[38;20m2026-09-28 09:44:22,088 - tpp_runner.py[pid:21704;line:136:_train_model] - INFO: [ Epoch 23 (test) ]: test loglike is 2.098120380346495, num_events is 13081, mark_ll is -1.3719771430175445, time_ll is 3.4700976726741075[0m
[31;1m2026-09-28 09:44:22,088 - tpp_runner.py[pid:21704;line:140:_train_model] - CRITICAL: current best loglike on valid set is 1.8073 (updated at epoch-21)[0m
[38;20m2026-09-28 09:44:22,167 - tpp_runner.py[pid:21704;line:104:_train_model] - INFO: [ Epoch 24 (train) ]: train loglike is 1.8261327810430834, num_events is 27940, mark_ll is -1.2843476849107462, time_ll is 3.110480535858089[0m
[38;20m2026-09-28 09:44:22,182 - tpp_runner.py[pid:21704;line:116:_train_model] - INFO: [ Epoch 24 (valid) ]:  valid loglike is 1.8023724738855729, num_events is 7874, mark_ll is -1.3355573674037973, time_ll is 3.1379299653130555[0m
[38;20m2026-09-28 09:44:22,210 - tpp_runner.py[pid:21704;line:136:_train_model] - INFO: [ Epoch 24 (test) ]: test loglike is 2.092943949597699, num_events is 13081, mark_ll is -1.363646350443869, time_ll is 3.456590188059017[0m
[31;1m2026-09-28 09:44:22,210 - tpp_runner.py[pid:21704;line:140:_train_model] - CRITICAL: current best loglike on valid set is 1.8073 (updated at epoch-21)[0m
[38;20m2026-09-28 09:44:22,279 - tpp_runner.py[pid:21704;line:104:_train_model] - INFO: [ Epoch 25 (train) ]: train loglike is 1.8203145272235146, num_events is 27940, mark_ll is -1.2838411062209198, time_ll is 3.1041557033486935[0m
[38;20m2026-09-28 09:44:22,292 - tpp_runner.py[pid:21704;line:116:_train_model] - INFO: [ Epoch 25 (valid) ]:  valid loglike is 1.798939126198565, num_events is 7874, mark_ll is -1.339547829486284, time_ll is 3.1384868316611634[0m
[38;20m2026-09-28 09:44:22,313 - tpp_runner.py[pid:21704;line:136:_train_model] - INFO: [ Epoch 25 (test) ]: test loglike is 2.1050866655358917, num_events is 13081, mark_ll is -1.3685881030932268, time_ll is 3.4736746939740843[0m
[31;1m2026-09-28 09:44:22,313 - tpp_runner.py[pid:21704;line:140:_train_model] - CRITICAL: current best loglike on valid set is 1.8073 (updated at epoch-21)[0m
[38;20m2026-09-28 09:44:22,381 - tpp_runner.py[pid:21704;line:104:_train_model] - INFO: [ Epoch 26 (train) ]: train loglike is 1.8422165277436024, num_events is 27940, mark_ll is -1.280520059726199, time_ll is 3.1227366398979957[0m
[38;20m2026-09-28 09:44:22,393 - tpp_runner.py[pid:21704;line:116:_train_model] - INFO: [ Epoch 26 (valid) ]:  valid loglike is 1.8491055907893066, num_events is 7874, mark_ll is -1.3342303139684404, time_ll is 3.1833360287814325[0m
[38;20m2026-09-28 09:44:22,433 - tpp_runner.py[pid:21704;line:136:_train_model] - INFO: [ Epoch 26 (test) ]: test loglike is 2.124983949167686, num_events is 13081, mark_ll is -1.3638006250716688, time_ll is 3.4887844249292868[0m
[31;1m2026-09-28 09:44:22,435 - tpp_runner.py[pid:21704;line:140:_train_model] - CRITICAL: current best loglike on valid set is 1.8491 (updated at epoch-26), best updated at this epoch[0m
[38;20m2026-09-28 09:44:22,501 - tpp_runner.py[pid:21704;line:104:_train_model] - INFO: [ Epoch 27 (train) ]: train loglike is 1.851016652592609, num_events is 27940, mark_ll is -1.2802885717721009, time_ll is 3.131305084556192[0m
[38;20m2026-09-28 09:44:22,990 - tpp_runner.py[pid:21704;line:116:_train_model] - INFO: [ Epoch 27 (valid) ]:  valid loglike is 1.8051109168624586, num_events is 7874, mark_ll is -1.335742410742634, time_ll is 3.140853203581407[0m
[38;20m2026-09-28 09:44:23,016 - tpp_runner.py[pid:21704;line:136:_train_model] - INFO: [ Epoch 27 (test) ]: test loglike is 2.113940603260454, num_events is 13081, mark_ll is -1.3589062037138788, time_ll is 3.472846918956884[0m
[31;1m2026-09-28 09:44:23,016 - tpp_runner.py[pid:21704;line:140:_train_model] - CRITICAL: current best loglike on valid set is 1.8491 (updated at epoch-26)[0m
[38;20m2026-09-28 09:44:23,085 - tpp_runner.py[pid:21704;line:104:_train_model] - INFO: [ Epoch 28 (train) ]: train loglike is 1.861083066881599, num_events is 27940, mark_ll is -1.2765627970931013, time_ll is 3.137645820284538[0m
[38;20m2026-09-28 09:44:23,097 - tpp_runner.py[pid:21704;line:116:_train_model] - INFO: [ Epoch 28 (valid) ]:  valid loglike is 1.8512060559277368, num_events is 7874, mark_ll is -1.3369744620348616, time_ll is 3.188180393938913[0m
[38;20m2026-09-28 09:44:23,117 - tpp_runner.py[pid:21704;line:136:_train_model] - INFO: [ Epoch 28 (test) ]: test loglike is 2.1361016514888007, num_events is 13081, mark_ll is -1.3666022045332926, time_ll is 3.502704005332161[0m
[31;1m2026-09-28 09:44:23,117 - tpp_runner.py[pid:21704;line:140:_train_model] - CRITICAL: current best loglike on valid set is 1.8512 (updated at epoch-28), best updated at this epoch[0m
[38;20m2026-09-28 09:44:23,201 - tpp_runner.py[pid:21704;line:104:_train_model] - INFO: [ Epoch 29 (train) ]: train loglike is 1.863445551223045, num_events is 27940, mark_ll is -1.2751117070060844, time_ll is 3.138557232015032[0m
[38;20m2026-09-28 09:44:23,212 - tpp_runner.py[pid:21704;line:116:_train_model] - INFO: [ Epoch 29 (valid) ]:  valid loglike is 1.8404556828644907, num_events is 7874, mark_ll is -1.3312907045735967, time_ll is 3.171746263414402[0m
[38;20m2026-09-28 09:44:23,239 - tpp_runner.py[pid:21704;line:136:_train_model] - INFO: [ Epoch 29 (test) ]: test loglike is 2.1340361706626023, num_events is 13081, mark_ll is -1.3591253908937582, time_ll is 3.4931615988838773[0m
[31;1m2026-09-28 09:44:23,239 - tpp_runner.py[pid:21704;line:140:_train_model] - CRITICAL: current best loglike on valid set is 1.8512 (updated at epoch-28)[0m
[38;20m2026-09-28 09:44:23,317 - tpp_runner.py[pid:21704;line:104:_train_model] - INFO: [ Epoch 30 (train) ]: train loglike is 1.8790892069221994, num_events is 27940, mark_ll is -1.2745343852060218, time_ll is 3.153623627080351[0m
[38;20m2026-09-28 09:44:23,324 - tpp_runner.py[pid:21704;line:116:_train_model] - INFO: [ Epoch 30 (valid) ]:  valid loglike is 1.860647483013716, num_events is 7874, mark_ll is -1.333383976338265, time_ll is 3.1940315833756667[0m
[38;20m2026-09-28 09:44:23,352 - tpp_runner.py[pid:21704;line:136:_train_model] - INFO: [ Epoch 30 (test) ]: test loglike is 2.143622698235991, num_events is 13081, mark_ll is -1.363150454380399, time_ll is 3.50677315261639[0m
[31;1m2026-09-28 09:44:23,352 - tpp_runner.py[pid:21704;line:140:_train_model] - CRITICAL: current best loglike on valid set is 1.8606 (updated at epoch-30), best updated at this epoch[0m
[38;20m2026-09-28 09:44:23,417 - tpp_runner.py[pid:21704;line:104:_train_model] - INFO: [ Epoch 31 (train) ]: train loglike is 1.888278410139473, num_events is 27940, mark_ll is -1.27191542213784, time_ll is 3.160193788587151[0m
[38;20m2026-09-28 09:44:23,431 - tpp_runner.py[pid:21704;line:116:_train_model] - INFO: [ Epoch 31 (valid) ]:  valid loglike is 1.874992062484125, num_events is 7874, mark_ll is -1.3320265370999491, time_ll is 3.207018847631445[0m
[38;20m2026-09-28 09:44:23,453 - tpp_runner.py[pid:21704;line:136:_train_model] - INFO: [ Epoch 31 (test) ]: test loglike is 2.1533460684867367, num_events is 13081, mark_ll is -1.361701773445264, time_ll is 3.5150477672769664[0m
[31;1m2026-09-28 09:44:23,453 - tpp_runner.py[pid:21704;line:140:_train_model] - CRITICAL: current best loglike on valid set is 1.8750 (updated at epoch-31), best updated at this epoch[0m
[38;20m2026-09-28 09:44:23,527 - tpp_runner.py[pid:21704;line:104:_train_model] - INFO: [ Epoch 32 (train) ]: train loglike is 1.8977454390966133, num_events is 27940, mark_ll is -1.2702627631196313, time_ll is 3.168008106097888[0m
[38;20m2026-09-28 09:44:23,553 - tpp_runner.py[pid:21704;line:116:_train_model] - INFO: [ Epoch 32 (valid) ]:  valid loglike is 1.858463673958598, num_events is 7874, mark_ll is -1.3309794051228727, time_ll is 3.189443203105156[0m
[38;20m2026-09-28 09:44:23,577 - tpp_runner.py[pid:21704;line:136:_train_model] - INFO: [ Epoch 32 (test) ]: test loglike is 2.1483716542599955, num_events is 13081, mark_ll is -1.3586265086289275, time_ll is 3.5069980135788548[0m
[31;1m2026-09-28 09:44:23,577 - tpp_runner.py[pid:21704;line:140:_train_model] - CRITICAL: current best loglike on valid set is 1.8750 (updated at epoch-31)[0m
[38;20m2026-09-28 09:44:23,669 - tpp_runner.py[pid:21704;line:104:_train_model] - INFO: [ Epoch 33 (train) ]: train loglike is 1.9056108653588046, num_events is 27940, mark_ll is -1.268273165572432, time_ll is 3.1738840484073014[0m
[38;20m2026-09-28 09:44:23,683 - tpp_runner.py[pid:21704;line:116:_train_model] - INFO: [ Epoch 33 (valid) ]:  valid loglike is 1.8898061956280163, num_events is 7874, mark_ll is -1.3303680923768098, time_ll is 3.220174288004826[0m
[38;20m2026-09-28 09:44:23,709 - tpp_runner.py[pid:21704;line:136:_train_model] - INFO: [ Epoch 33 (test) ]: test loglike is 2.165625776412354, num_events is 13081, mark_ll is -1.3636378024424738, time_ll is 3.5292635788548274[0m
[31;1m2026-09-28 09:44:23,709 - tpp_runner.py[pid:21704;line:140:_train_model] - CRITICAL: current best loglike on valid set is 1.8898 (updated at epoch-33), best updated at this epoch[0m
[38;20m2026-09-28 09:44:23,813 - tpp_runner.py[pid:21704;line:104:_train_model] - INFO: [ Epoch 34 (train) ]: train loglike is 1.906307435086905, num_events is 27940, mark_ll is -1.2677897950966357, time_ll is 3.1740972214455083[0m
[38;20m2026-09-28 09:44:23,829 - tpp_runner.py[pid:21704;line:116:_train_model] - INFO: [ Epoch 34 (valid) ]:  valid loglike is 1.8758240133667767, num_events is 7874, mark_ll is -1.32995807007239, time_ll is 3.205782083439167[0m
[38;20m2026-09-28 09:44:23,851 - tpp_runner.py[pid:21704;line:136:_train_model] - INFO: [ Epoch 34 (test) ]: test loglike is 2.1629839587235304, num_events is 13081, mark_ll is -1.3590079585252466, time_ll is 3.521992029231328[0m
[31;1m2026-09-28 09:44:23,851 - tpp_runner.py[pid:21704;line:140:_train_model] - CRITICAL: current best loglike on valid set is 1.8898 (updated at epoch-33)[0m
[38;20m2026-09-28 09:44:23,943 - tpp_runner.py[pid:21704;line:104:_train_model] - INFO: [ Epoch 35 (train) ]: train loglike is 1.9155903100114084, num_events is 27940, mark_ll is -1.265583931247763, time_ll is 3.1811742237831067[0m
[38;20m2026-09-28 09:44:23,952 - tpp_runner.py[pid:21704;line:116:_train_model] - INFO: [ Epoch 35 (valid) ]:  valid loglike is 1.873783079597409, num_events is 7874, mark_ll is -1.3316579387065024, time_ll is 3.2054407702565406[0m
[38;20m2026-09-28 09:44:23,968 - tpp_runner.py[pid:21704;line:136:_train_model] - INFO: [ Epoch 35 (test) ]: test loglike is 2.164209346451915, num_events is 13081, mark_ll is -1.3614424218570829, time_ll is 3.5256516189989298[0m
[31;1m2026-09-28 09:44:23,968 - tpp_runner.py[pid:21704;line:140:_train_model] - CRITICAL: current best loglike on valid set is 1.8898 (updated at epoch-33)[0m
[38;20m2026-09-28 09:44:24,067 - tpp_runner.py[pid:21704;line:104:_train_model] - INFO: [ Epoch 36 (train) ]: train loglike is 1.908175442913386, num_events is 27940, mark_ll is -1.263959478598112, time_ll is 3.1721349389875626[0m
[38;20m2026-09-28 09:44:24,080 - tpp_runner.py[pid:21704;line:116:_train_model] - INFO: [ Epoch 36 (valid) ]:  valid loglike is 1.871178954271971, num_events is 7874, mark_ll is -1.3290904003683008, time_ll is 3.2002694786639574[0m
[38;20m2026-09-28 09:44:24,103 - tpp_runner.py[pid:21704;line:136:_train_model] - INFO: [ Epoch 36 (test) ]: test loglike is 2.1551878081759805, num_events is 13081, mark_ll is -1.3597571591191422, time_ll is 3.5149450419501567[0m
[31;1m2026-09-28 09:44:24,103 - tpp_runner.py[pid:21704;line:140:_train_model] - CRITICAL: current best loglike on valid set is 1.8898 (updated at epoch-33)[0m
[38;20m2026-09-28 09:44:24,191 - tpp_runner.py[pid:21704;line:104:_train_model] - INFO: [ Epoch 37 (train) ]: train loglike is 1.9081106241891106, num_events is 27940, mark_ll is -1.2643842693047602, time_ll is 3.172495050778454[0m
[38;20m2026-09-28 09:44:24,205 - tpp_runner.py[pid:21704;line:116:_train_model] - INFO: [ Epoch 37 (valid) ]:  valid loglike is 1.8659523481156337, num_events is 7874, mark_ll is -1.3322388656496063, time_ll is 3.1981913377889257[0m
[38;20m2026-09-28 09:44:24,228 - tpp_runner.py[pid:21704;line:136:_train_model] - INFO: [ Epoch 37 (test) ]: test loglike is 2.1624007535977756, num_events is 13081, mark_ll is -1.3623816568400733, time_ll is 3.524782485092883[0m
[31;1m2026-09-28 09:44:24,228 - tpp_runner.py[pid:21704;line:140:_train_model] - CRITICAL: current best loglike on valid set is 1.8898 (updated at epoch-33)[0m
[38;20m2026-09-28 09:44:24,320 - tpp_runner.py[pid:21704;line:104:_train_model] - INFO: [ Epoch 38 (train) ]: train loglike is 1.9026514161204815, num_events is 27940, mark_ll is -1.262601570888511, time_ll is 3.1652530394371867[0m
[38;20m2026-09-28 09:44:24,336 - tpp_runner.py[pid:21704;line:116:_train_model] - INFO: [ Epoch 38 (valid) ]:  valid loglike is 1.8960253633397892, num_events is 7874, mark_ll is -1.3282046232061213, time_ll is 3.224229862522225[0m
[38;20m2026-09-28 09:44:24,362 - tpp_runner.py[pid:21704;line:136:_train_model] - INFO: [ Epoch 38 (test) ]: test loglike is 2.1802289729617383, num_events is 13081, mark_ll is -1.3580838038591276, time_ll is 3.538312664838315[0m
[31;1m2026-09-28 09:44:24,362 - tpp_runner.py[pid:21704;line:140:_train_model] - CRITICAL: current best loglike on valid set is 1.8960 (updated at epoch-38), best updated at this epoch[0m
[38;20m2026-09-28 09:44:24,459 - tpp_runner.py[pid:21704;line:104:_train_model] - INFO: [ Epoch 39 (train) ]: train loglike is 1.9300477428613771, num_events is 27940, mark_ll is -1.2612479098626521, time_ll is 3.1912955915578025[0m
[38;20m2026-09-28 09:44:24,473 - tpp_runner.py[pid:21704;line:116:_train_model] - INFO: [ Epoch 39 (valid) ]:  valid loglike is 1.89197090503556, num_events is 7874, mark_ll is -1.3299181344456439, time_ll is 3.221889039481204[0m
[38;20m2026-09-28 09:44:24,499 - tpp_runner.py[pid:21704;line:136:_train_model] - INFO: [ Epoch 39 (test) ]: test loglike is 2.178758716721772, num_events is 13081, mark_ll is -1.3601402140986927, time_ll is 3.5388988561654307[0m
[31;1m2026-09-28 09:44:24,499 - tpp_runner.py[pid:21704;line:140:_train_model] - CRITICAL: current best loglike on valid set is 1.8960 (updated at epoch-38)[0m
[38;20m2026-09-28 09:44:24,605 - tpp_runner.py[pid:21704;line:104:_train_model] - INFO: [ Epoch 40 (train) ]: train loglike is 1.942671307377416, num_events is 27940, mark_ll is -1.2599342515490783, time_ll is 3.2026055064983[0m
[38;20m2026-09-28 09:44:24,618 - tpp_runner.py[pid:21704;line:116:_train_model] - INFO: [ Epoch 40 (valid) ]:  valid loglike is 1.903111828684595, num_events is 7874, mark_ll is -1.3298809273399796, time_ll is 3.23299288004826[0m
[38;20m2026-09-28 09:44:24,645 - tpp_runner.py[pid:21704;line:136:_train_model] - INFO: [ Epoch 40 (test) ]: test loglike is 2.184162770669291, num_events is 13081, mark_ll is -1.3600689185412047, time_ll is 3.544231465245394[0m
[31;1m2026-09-28 09:44:24,645 - tpp_runner.py[pid:21704;line:140:_train_model] - CRITICAL: current best loglike on valid set is 1.9031 (updated at epoch-40), best updated at this epoch[0m
[38;20m2026-09-28 09:44:24,727 - tpp_runner.py[pid:21704;line:104:_train_model] - INFO: [ Epoch 41 (train) ]: train loglike is 1.9509230682657033, num_events is 27940, mark_ll is -1.2584003249149964, time_ll is 3.209323375704635[0m
[38;20m2026-09-28 09:44:24,756 - tpp_runner.py[pid:21704;line:116:_train_model] - INFO: [ Epoch 41 (valid) ]:  valid loglike is 1.905295389692342, num_events is 7874, mark_ll is -1.3274871461852298, time_ll is 3.232782535877572[0m
[38;20m2026-09-28 09:44:24,785 - tpp_runner.py[pid:21704;line:136:_train_model] - INFO: [ Epoch 41 (test) ]: test loglike is 2.1835487330144865, num_events is 13081, mark_ll is -1.356576257429669, time_ll is 3.5401249904441556[0m
[31;1m2026-09-28 09:44:24,785 - tpp_runner.py[pid:21704;line:140:_train_model] - CRITICAL: current best loglike on valid set is 1.9053 (updated at epoch-41), best updated at this epoch[0m
[38;20m2026-09-28 09:44:24,883 - tpp_runner.py[pid:21704;line:104:_train_model] - INFO: [ Epoch 42 (train) ]: train loglike is 1.957533057724141, num_events is 27940, mark_ll is -1.2583004142526395, time_ll is 3.215833419548586[0m
[38;20m2026-09-28 09:44:24,898 - tpp_runner.py[pid:21704;line:116:_train_model] - INFO: [ Epoch 42 (valid) ]:  valid loglike is 1.9040317123602997, num_events is 7874, mark_ll is -1.3292920628810008, time_ll is 3.2333237752413004[0m
[38;20m2026-09-28 09:44:24,922 - tpp_runner.py[pid:21704;line:136:_train_model] - INFO: [ Epoch 42 (test) ]: test loglike is 2.1912063238188977, num_events is 13081, mark_ll is -1.3591711171020946, time_ll is 3.5503772169558903[0m
[31;1m2026-09-28 09:44:24,924 - tpp_runner.py[pid:21704;line:140:_train_model] - CRITICAL: current best loglike on valid set is 1.9053 (updated at epoch-41)[0m
[38;20m2026-09-28 09:44:25,012 - tpp_runner.py[pid:21704;line:104:_train_model] - INFO: [ Epoch 43 (train) ]: train loglike is 1.9590338672154617, num_events is 27940, mark_ll is -1.257040774455306, time_ll is 3.2160746591468325[0m
[38;20m2026-09-28 09:44:25,028 - tpp_runner.py[pid:21704;line:116:_train_model] - INFO: [ Epoch 43 (valid) ]:  valid loglike is 1.911583018478537, num_events is 7874, mark_ll is -1.327326783559817, time_ll is 3.238909802038354[0m
[38;20m2026-09-28 09:44:25,055 - tpp_runner.py[pid:21704;line:136:_train_model] - INFO: [ Epoch 43 (test) ]: test loglike is 2.181502139911895, num_events is 13081, mark_ll is -1.3600188996684122, time_ll is 3.5415210395803074[0m
[31;1m2026-09-28 09:44:25,055 - tpp_runner.py[pid:21704;line:140:_train_model] - CRITICAL: current best loglike on valid set is 1.9116 (updated at epoch-43), best updated at this epoch[0m
[38;20m2026-09-28 09:44:25,147 - tpp_runner.py[pid:21704;line:104:_train_model] - INFO: [ Epoch 44 (train) ]: train loglike is 1.9623530787233805, num_events is 27940, mark_ll is -1.2569631982037401, time_ll is 3.2193162944031855[0m
[38;20m2026-09-28 09:44:25,164 - tpp_runner.py[pid:21704;line:116:_train_model] - INFO: [ Epoch 44 (valid) ]:  valid loglike is 1.8895154841090933, num_events is 7874, mark_ll is -1.3300708076025527, time_ll is 3.2195864157353316[0m
[38;20m2026-09-28 09:44:25,194 - tpp_runner.py[pid:21704;line:136:_train_model] - INFO: [ Epoch 44 (test) ]: test loglike is 2.1857749461289275, num_events is 13081, mark_ll is -1.3596912387241036, time_ll is 3.5454664088181334[0m
[31;1m2026-09-28 09:44:25,194 - tpp_runner.py[pid:21704;line:140:_train_model] - CRITICAL: current best loglike on valid set is 1.9116 (updated at epoch-43)[0m
[38;20m2026-09-28 09:44:25,289 - tpp_runner.py[pid:21704;line:104:_train_model] - INFO: [ Epoch 45 (train) ]: train loglike is 1.9540245367444748, num_events is 27940, mark_ll is -1.2550897990112742, time_ll is 3.2091143270177165[0m
[38;20m2026-09-28 09:44:25,308 - tpp_runner.py[pid:21704;line:116:_train_model] - INFO: [ Epoch 45 (valid) ]:  valid loglike is 1.9190217110902972, num_events is 7874, mark_ll is -1.3268145657385064, time_ll is 3.2458362768288036[0m
[38;20m2026-09-28 09:44:25,338 - tpp_runner.py[pid:21704;line:136:_train_model] - INFO: [ Epoch 45 (test) ]: test loglike is 2.197764693902416, num_events is 13081, mark_ll is -1.356664051749675, time_ll is 3.5544288949621587[0m
[31;1m2026-09-28 09:44:25,338 - tpp_runner.py[pid:21704;line:140:_train_model] - CRITICAL: current best loglike on valid set is 1.9190 (updated at epoch-45), best updated at this epoch[0m
[38;20m2026-09-28 09:44:25,429 - tpp_runner.py[pid:21704;line:104:_train_model] - INFO: [ Epoch 46 (train) ]: train loglike is 1.9600964032161552, num_events is 27940, mark_ll is -1.2553183160343593, time_ll is 3.215414937701324[0m
[38;20m2026-09-28 09:44:25,442 - tpp_runner.py[pid:21704;line:116:_train_model] - INFO: [ Epoch 46 (valid) ]:  valid loglike is 1.9150633711423672, num_events is 7874, mark_ll is -1.328214917172022, time_ll is 3.2432781642907034[0m
[38;20m2026-09-28 09:44:25,465 - tpp_runner.py[pid:21704;line:136:_train_model] - INFO: [ Epoch 46 (test) ]: test loglike is 2.204422877766417, num_events is 13081, mark_ll is -1.3609754546192951, time_ll is 3.56539810842061[0m
[31;1m2026-09-28 09:44:25,465 - tpp_runner.py[pid:21704;line:140:_train_model] - CRITICAL: current best loglike on valid set is 1.9190 (updated at epoch-45)[0m
[38;20m2026-09-28 09:44:25,554 - tpp_runner.py[pid:21704;line:104:_train_model] - INFO: [ Epoch 47 (train) ]: train loglike is 1.9595956702699981, num_events is 27940, mark_ll is -1.2544116927456157, time_ll is 3.2140074154438083[0m
[38;20m2026-09-28 09:44:25,573 - tpp_runner.py[pid:21704;line:116:_train_model] - INFO: [ Epoch 47 (valid) ]:  valid loglike is 1.8917737073755398, num_events is 7874, mark_ll is -1.3296878224615825, time_ll is 3.221461653860808[0m
[38;20m2026-09-28 09:44:25,594 - tpp_runner.py[pid:21704;line:136:_train_model] - INFO: [ Epoch 47 (test) ]: test loglike is 2.1844649742469993, num_events is 13081, mark_ll is -1.3593882139410214, time_ll is 3.543853262843055[0m
[31;1m2026-09-28 09:44:25,594 - tpp_runner.py[pid:21704;line:140:_train_model] - CRITICAL: current best loglike on valid set is 1.9190 (updated at epoch-45)[0m
[38;20m2026-09-28 09:44:25,693 - tpp_runner.py[pid:21704;line:104:_train_model] - INFO: [ Epoch 48 (train) ]: train loglike is 1.9805123877337598, num_events is 27940, mark_ll is -1.2522951315877773, time_ll is 3.232807536797602[0m
[38;20m2026-09-28 09:44:25,700 - tpp_runner.py[pid:21704;line:116:_train_model] - INFO: [ Epoch 48 (valid) ]:  valid loglike is 1.9322666965646431, num_events is 7874, mark_ll is -1.3272079688690628, time_ll is 3.259474665433706[0m
[38;20m2026-09-28 09:44:25,728 - tpp_runner.py[pid:21704;line:136:_train_model] - INFO: [ Epoch 48 (test) ]: test loglike is 2.219087590063833, num_events is 13081, mark_ll is -1.358156256569643, time_ll is 3.5772437719784422[0m
[31;1m2026-09-28 09:44:25,728 - tpp_runner.py[pid:21704;line:140:_train_model] - CRITICAL: current best loglike on valid set is 1.9323 (updated at epoch-48), best updated at this epoch[0m
[38;20m2026-09-28 09:44:25,840 - tpp_runner.py[pid:21704;line:104:_train_model] - INFO: [ Epoch 49 (train) ]: train loglike is 1.9853939419570956, num_events is 27940, mark_ll is -1.252814170711793, time_ll is 3.2382082000492125[0m
[38;20m2026-09-28 09:44:25,856 - tpp_runner.py[pid:21704;line:116:_train_model] - INFO: [ Epoch 49 (valid) ]:  valid loglike is 1.925123924466599, num_events is 7874, mark_ll is -1.327235254079883, time_ll is 3.252358930499111[0m
[38;20m2026-09-28 09:44:25,886 - tpp_runner.py[pid:21704;line:136:_train_model] - INFO: [ Epoch 49 (test) ]: test loglike is 2.2157637986392476, num_events is 13081, mark_ll is -1.3566869708451188, time_ll is 3.5724509187944347[0m
[31;1m2026-09-28 09:44:25,886 - tpp_runner.py[pid:21704;line:140:_train_model] - CRITICAL: current best loglike on valid set is 1.9323 (updated at epoch-48)[0m
[38;20m2026-09-28 09:44:25,998 - tpp_runner.py[pid:21704;line:104:_train_model] - INFO: [ Epoch 50 (train) ]: train loglike is 2.004779878478436, num_events is 27940, mark_ll is -1.2525727388768342, time_ll is 3.2573527396877235[0m
[38;20m2026-09-28 09:44:26,013 - tpp_runner.py[pid:21704;line:116:_train_model] - INFO: [ Epoch 50 (valid) ]:  valid loglike is 1.9562040120173991, num_events is 7874, mark_ll is -1.3266018651177927, time_ll is 3.2828057531115062[0m
[38;20m2026-09-28 09:44:26,042 - tpp_runner.py[pid:21704;line:136:_train_model] - INFO: [ Epoch 50 (test) ]: test loglike is 2.2481130193601406, num_events is 13081, mark_ll is -1.3581160921613409, time_ll is 3.6062290368664476[0m
[31;1m2026-09-28 09:44:26,042 - tpp_runner.py[pid:21704;line:140:_train_model] - CRITICAL: current best loglike on valid set is 1.9562 (updated at epoch-50), best updated at this epoch[0m
[38;20m2026-09-28 09:44:26,138 - tpp_runner.py[pid:21704;line:104:_train_model] - INFO: [ Epoch 51 (train) ]: train loglike is 2.00775968733223, num_events is 27940, mark_ll is -1.2521381615739084, time_ll is 3.259897953762527[0m
[38;20m2026-09-28 09:44:26,154 - tpp_runner.py[pid:21704;line:116:_train_model] - INFO: [ Epoch 51 (valid) ]:  valid loglike is 1.9585986613379476, num_events is 7874, mark_ll is -1.3259508647923546, time_ll is 3.284549526130302[0m
[38;20m2026-09-28 09:44:26,181 - tpp_runner.py[pid:21704;line:136:_train_model] - INFO: [ Epoch 51 (test) ]: test loglike is 2.247150118731366, num_events is 13081, mark_ll is -1.3579119852983335, time_ll is 3.6050620293746656[0m
[31;1m2026-09-28 09:44:26,181 - tpp_runner.py[pid:21704;line:140:_train_model] - CRITICAL: current best loglike on valid set is 1.9586 (updated at epoch-51), best updated at this epoch[0m
[38;20m2026-09-28 09:44:26,277 - tpp_runner.py[pid:21704;line:104:_train_model] - INFO: [ Epoch 52 (train) ]: train loglike is 2.023665877214567, num_events is 27940, mark_ll is -1.2517408607171618, time_ll is 3.2754067029795992[0m
[38;20m2026-09-28 09:44:26,293 - tpp_runner.py[pid:21704;line:116:_train_model] - INFO: [ Epoch 52 (valid) ]:  valid loglike is 1.9625391418751588, num_events is 7874, mark_ll is -1.3258257248936374, time_ll is 3.2883649907924815[0m
[38;20m2026-09-28 09:44:26,321 - tpp_runner.py[pid:21704;line:136:_train_model] - INFO: [ Epoch 52 (test) ]: test loglike is 2.2635981158263894, num_events is 13081, mark_ll is -1.3591906393934905, time_ll is 3.622788867202431[0m
[31;1m2026-09-28 09:44:26,321 - tpp_runner.py[pid:21704;line:140:_train_model] - CRITICAL: current best loglike on valid set is 1.9625 (updated at epoch-52), best updated at this epoch[0m
[38;20m2026-09-28 09:44:26,413 - tpp_runner.py[pid:21704;line:104:_train_model] - INFO: [ Epoch 53 (train) ]: train loglike is 2.025054350561471, num_events is 27940, mark_ll is -1.2510163380234431, time_ll is 3.2760707934413027[0m
[38;20m2026-09-28 09:44:26,420 - tpp_runner.py[pid:21704;line:116:_train_model] - INFO: [ Epoch 53 (valid) ]:  valid loglike is 1.9690018921053467, num_events is 7874, mark_ll is -1.3248908343519812, time_ll is 3.293892726457328[0m
[38;20m2026-09-28 09:44:26,451 - tpp_runner.py[pid:21704;line:136:_train_model] - INFO: [ Epoch 53 (test) ]: test loglike is 2.257062739493349, num_events is 13081, mark_ll is -1.3575954479540937, time_ll is 3.614658187447443[0m
[31;1m2026-09-28 09:44:26,451 - tpp_runner.py[pid:21704;line:140:_train_model] - CRITICAL: current best loglike on valid set is 1.9690 (updated at epoch-53), best updated at this epoch[0m
[38;20m2026-09-28 09:44:26,555 - tpp_runner.py[pid:21704;line:104:_train_model] - INFO: [ Epoch 54 (train) ]: train loglike is 2.0286197299179043, num_events is 27940, mark_ll is -1.250923575071582, time_ll is 3.279543322465551[0m
[38;20m2026-09-28 09:44:26,573 - tpp_runner.py[pid:21704;line:116:_train_model] - INFO: [ Epoch 54 (valid) ]:  valid loglike is 1.972158418926213, num_events is 7874, mark_ll is -1.3249651245396241, time_ll is 3.297123543465837[0m
[38;20m2026-09-28 09:44:26,952 - tpp_runner.py[pid:21704;line:136:_train_model] - INFO: [ Epoch 54 (test) ]: test loglike is 2.271560523134699, num_events is 13081, mark_ll is -1.3594957545175255, time_ll is 3.6310561656696736[0m
[31;1m2026-09-28 09:44:26,952 - tpp_runner.py[pid:21704;line:140:_train_model] - CRITICAL: current best loglike on valid set is 1.9722 (updated at epoch-54), best updated at this epoch[0m
[38;20m2026-09-28 09:44:27,141 - tpp_runner.py[pid:21704;line:104:_train_model] - INFO: [ Epoch 55 (train) ]: train loglike is 2.036068710294381, num_events is 27940, mark_ll is -1.249793642627058, time_ll is 3.2858623179693094[0m
[38;20m2026-09-28 09:44:27,146 - tpp_runner.py[pid:21704;line:116:_train_model] - INFO: [ Epoch 55 (valid) ]:  valid loglike is 1.985780932499365, num_events is 7874, mark_ll is -1.3254660562055498, time_ll is 3.3112471127286005[0m
[38;20m2026-09-28 09:44:27,188 - tpp_runner.py[pid:21704;line:136:_train_model] - INFO: [ Epoch 55 (test) ]: test loglike is 2.2767891377522744, num_events is 13081, mark_ll is -1.3560066768476224, time_ll is 3.6327957772723796[0m
[31;1m2026-09-28 09:44:27,188 - tpp_runner.py[pid:21704;line:140:_train_model] - CRITICAL: current best loglike on valid set is 1.9858 (updated at epoch-55), best updated at this epoch[0m
[38;20m2026-09-28 09:44:27,288 - tpp_runner.py[pid:21704;line:104:_train_model] - INFO: [ Epoch 56 (train) ]: train loglike is 2.0484342494519505, num_events is 27940, mark_ll is -1.2491316143409985, time_ll is 3.2975657589365603[0m
[38;20m2026-09-28 09:44:27,304 - tpp_runner.py[pid:21704;line:116:_train_model] - INFO: [ Epoch 56 (valid) ]:  valid loglike is 1.9923973480759463, num_events is 7874, mark_ll is -1.3250234156718312, time_ll is 3.3174207637477773[0m
[38;20m2026-09-28 09:44:27,332 - tpp_runner.py[pid:21704;line:136:_train_model] - INFO: [ Epoch 56 (test) ]: test loglike is 2.2928646808825777, num_events is 13081, mark_ll is -1.3584503600761602, time_ll is 3.651315152941289[0m
[31;1m2026-09-28 09:44:27,332 - tpp_runner.py[pid:21704;line:140:_train_model] - CRITICAL: current best loglike on valid set is 1.9924 (updated at epoch-56), best updated at this epoch[0m
[38;20m2026-09-28 09:44:27,433 - tpp_runner.py[pid:21704;line:104:_train_model] - INFO: [ Epoch 57 (train) ]: train loglike is 2.0585379314490875, num_events is 27940, mark_ll is -1.248729594946761, time_ll is 3.3072675963001075[0m
[38;20m2026-09-28 09:44:27,448 - tpp_runner.py[pid:21704;line:116:_train_model] - INFO: [ Epoch 57 (valid) ]:  valid loglike is 1.9927479630349885, num_events is 7874, mark_ll is -1.3260885310833121, time_ll is 3.318836370094615[0m
[38;20m2026-09-28 09:44:27,476 - tpp_runner.py[pid:21704;line:136:_train_model] - INFO: [ Epoch 57 (test) ]: test loglike is 2.2879855264792446, num_events is 13081, mark_ll is -1.357703548443353, time_ll is 3.6456894481977677[0m
[31;1m2026-09-28 09:44:27,476 - tpp_runner.py[pid:21704;line:140:_train_model] - CRITICAL: current best loglike on valid set is 1.9927 (updated at epoch-57), best updated at this epoch[0m
[38;20m2026-09-28 09:44:27,583 - tpp_runner.py[pid:21704;line:104:_train_model] - INFO: [ Epoch 58 (train) ]: train loglike is 2.06459920742551, num_events is 27940, mark_ll is -1.2481804969913206, time_ll is 3.312779582084377[0m
[38;20m2026-09-28 09:44:27,598 - tpp_runner.py[pid:21704;line:116:_train_model] - INFO: [ Epoch 58 (valid) ]:  valid loglike is 2.004870410131445, num_events is 7874, mark_ll is -1.3247078994157988, time_ll is 3.329578557594615[0m
[38;20m2026-09-28 09:44:27,627 - tpp_runner.py[pid:21704;line:136:_train_model] - INFO: [ Epoch 58 (test) ]: test loglike is 2.3115416533283004, num_events is 13081, mark_ll is -1.3575628237042274, time_ll is 3.669104551687562[0m
[31;1m2026-09-28 09:44:27,627 - tpp_runner.py[pid:21704;line:140:_train_model] - CRITICAL: current best loglike on valid set is 2.0049 (updated at epoch-58), best updated at this epoch[0m
[38;20m2026-09-28 09:44:27,729 - tpp_runner.py[pid:21704;line:104:_train_model] - INFO: [ Epoch 59 (train) ]: train loglike is 2.069503777626163, num_events is 27940, mark_ll is -1.2481595606657123, time_ll is 3.3176634431482643[0m
[38;20m2026-09-28 09:44:27,742 - tpp_runner.py[pid:21704;line:116:_train_model] - INFO: [ Epoch 59 (valid) ]:  valid loglike is 2.007540392033909, num_events is 7874, mark_ll is -1.323845562730188, time_ll is 3.3313858307404116[0m
[38;20m2026-09-28 09:44:27,768 - tpp_runner.py[pid:21704;line:136:_train_model] - INFO: [ Epoch 59 (test) ]: test loglike is 2.3073601502178733, num_events is 13081, mark_ll is -1.3563637145478173, time_ll is 3.6637238647656907[0m
[31;1m2026-09-28 09:44:27,768 - tpp_runner.py[pid:21704;line:140:_train_model] - CRITICAL: current best loglike on valid set is 2.0075 (updated at epoch-59), best updated at this epoch[0m
[38;20m2026-09-28 09:44:27,869 - tpp_runner.py[pid:21704;line:104:_train_model] - INFO: [ Epoch 60 (train) ]: train loglike is 2.0783945857753223, num_events is 27940, mark_ll is -1.2480862660500178, time_ll is 3.326480781921081[0m
[38;20m2026-09-28 09:44:27,886 - tpp_runner.py[pid:21704;line:116:_train_model] - INFO: [ Epoch 60 (valid) ]:  valid loglike is 2.0190532627159006, num_events is 7874, mark_ll is -1.3234305794783465, time_ll is 3.3424837181705613[0m
[38;20m2026-09-28 09:44:27,908 - tpp_runner.py[pid:21704;line:136:_train_model] - INFO: [ Epoch 60 (test) ]: test loglike is 2.322816280530923, num_events is 13081, mark_ll is -1.3589854127049728, time_ll is 3.6818017305634125[0m
[31;1m2026-09-28 09:44:27,908 - tpp_runner.py[pid:21704;line:140:_train_model] - CRITICAL: current best loglike on valid set is 2.0191 (updated at epoch-60), best updated at this epoch[0m
[38;20m2026-09-28 09:44:28,012 - tpp_runner.py[pid:21704;line:104:_train_model] - INFO: [ Epoch 61 (train) ]: train loglike is 2.0821489687723695, num_events is 27940, mark_ll is -1.2478370573662312, time_ll is 3.32998606109073[0m
[38;20m2026-09-28 09:44:28,028 - tpp_runner.py[pid:21704;line:116:_train_model] - INFO: [ Epoch 61 (valid) ]:  valid loglike is 2.017038373920498, num_events is 7874, mark_ll is -1.3238278273431547, time_ll is 3.3408662012636525[0m
[38;20m2026-09-28 09:44:28,052 - tpp_runner.py[pid:21704;line:136:_train_model] - INFO: [ Epoch 61 (test) ]: test loglike is 2.3212400141426497, num_events is 13081, mark_ll is -1.3582232221351578, time_ll is 3.6794632362778077[0m
[31;1m2026-09-28 09:44:28,052 - tpp_runner.py[pid:21704;line:140:_train_model] - CRITICAL: current best loglike on valid set is 2.0191 (updated at epoch-60)[0m
[38;20m2026-09-28 09:44:28,159 - tpp_runner.py[pid:21704;line:104:_train_model] - INFO: [ Epoch 62 (train) ]: train loglike is 2.090495572264227, num_events is 27940, mark_ll is -1.2475991382202936, time_ll is 3.3380947803887797[0m
[38;20m2026-09-28 09:44:28,176 - tpp_runner.py[pid:21704;line:116:_train_model] - INFO: [ Epoch 62 (valid) ]:  valid loglike is 2.025460326311278, num_events is 7874, mark_ll is -1.3235105747555245, time_ll is 3.348970901066802[0m
[38;20m2026-09-28 09:44:28,215 - tpp_runner.py[pid:21704;line:136:_train_model] - INFO: [ Epoch 62 (test) ]: test loglike is 2.326147761424012, num_events is 13081, mark_ll is -1.3591460330106644, time_ll is 3.6852939437447443[0m
[31;1m2026-09-28 09:44:28,215 - tpp_runner.py[pid:21704;line:140:_train_model] - CRITICAL: current best loglike on valid set is 2.0255 (updated at epoch-62), best updated at this epoch[0m
[38;20m2026-09-28 09:44:28,325 - tpp_runner.py[pid:21704;line:104:_train_model] - INFO: [ Epoch 63 (train) ]: train loglike is 2.0944482911204814, num_events is 27940, mark_ll is -1.2471189309122226, time_ll is 3.341567309413028[0m
[38;20m2026-09-28 09:44:28,341 - tpp_runner.py[pid:21704;line:116:_train_model] - INFO: [ Epoch 63 (valid) ]:  valid loglike is 2.021415541854521, num_events is 7874, mark_ll is -1.3240029487871476, time_ll is 3.345418366617983[0m
[38;20m2026-09-28 09:44:28,368 - tpp_runner.py[pid:21704;line:136:_train_model] - INFO: [ Epoch 63 (test) ]: test loglike is 2.328124104139592, num_events is 13081, mark_ll is -1.3577856689807737, time_ll is 3.685909549155263[0m
[31;1m2026-09-28 09:44:28,368 - tpp_runner.py[pid:21704;line:140:_train_model] - CRITICAL: current best loglike on valid set is 2.0255 (updated at epoch-62)[0m
[38;20m2026-09-28 09:44:28,467 - tpp_runner.py[pid:21704;line:104:_train_model] - INFO: [ Epoch 64 (train) ]: train loglike is 2.100753008679313, num_events is 27940, mark_ll is -1.2467750369094488, time_ll is 3.3475281154930205[0m
[38;20m2026-09-28 09:44:28,484 - tpp_runner.py[pid:21704;line:116:_train_model] - INFO: [ Epoch 64 (valid) ]:  valid loglike is 2.0263763652527307, num_events is 7874, mark_ll is -1.3238149288798577, time_ll is 3.350191294132588[0m
[38;20m2026-09-28 09:44:28,511 - tpp_runner.py[pid:21704;line:136:_train_model] - INFO: [ Epoch 64 (test) ]: test loglike is 2.33119660671967, num_events is 13081, mark_ll is -1.359029683140146, time_ll is 3.6902262525322986[0m
[31;1m2026-09-28 09:44:28,511 - tpp_runner.py[pid:21704;line:140:_train_model] - CRITICAL: current best loglike on valid set is 2.0264 (updated at epoch-64), best updated at this epoch[0m
[38;20m2026-09-28 09:44:28,612 - tpp_runner.py[pid:21704;line:104:_train_model] - INFO: [ Epoch 65 (train) ]: train loglike is 2.1028158134618824, num_events is 27940, mark_ll is -1.2464483393544201, time_ll is 3.349264152816303[0m
[38;20m2026-09-28 09:44:28,627 - tpp_runner.py[pid:21704;line:116:_train_model] - INFO: [ Epoch 65 (valid) ]:  valid loglike is 2.0205657315611507, num_events is 7874, mark_ll is -1.3241977899971424, time_ll is 3.344763521558293[0m
[38;20m2026-09-28 09:44:28,651 - tpp_runner.py[pid:21704;line:136:_train_model] - INFO: [ Epoch 65 (test) ]: test loglike is 2.3292223543450423, num_events is 13081, mark_ll is -1.357909932284898, time_ll is 3.6871322493024232[0m
[31;1m2026-09-28 09:44:28,651 - tpp_runner.py[pid:21704;line:140:_train_model] - CRITICAL: current best loglike on valid set is 2.0264 (updated at epoch-64)[0m
[38;20m2026-09-28 09:44:28,751 - tpp_runner.py[pid:21704;line:104:_train_model] - INFO: [ Epoch 66 (train) ]: train loglike is 2.1084755418978167, num_events is 27940, mark_ll is -1.2463639299615248, time_ll is 3.354839506811471[0m
[38;20m2026-09-28 09:44:28,767 - tpp_runner.py[pid:21704;line:116:_train_model] - INFO: [ Epoch 66 (valid) ]:  valid loglike is 2.0319348587915926, num_events is 7874, mark_ll is -1.3244800679054483, time_ll is 3.3564148026733553[0m
[38;20m2026-09-28 09:44:28,797 - tpp_runner.py[pid:21704;line:136:_train_model] - INFO: [ Epoch 66 (test) ]: test loglike is 2.3396359103852915, num_events is 13081, mark_ll is -1.3590998961996408, time_ll is 3.698735731929898[0m
[31;1m2026-09-28 09:44:28,797 - tpp_runner.py[pid:21704;line:140:_train_model] - CRITICAL: current best loglike on valid set is 2.0319 (updated at epoch-66), best updated at this epoch[0m
[38;20m2026-09-28 09:44:28,902 - tpp_runner.py[pid:21704;line:104:_train_model] - INFO: [ Epoch 67 (train) ]: train loglike is 2.1107695200653187, num_events is 27940, mark_ll is -1.2461357974118648, time_ll is 3.356905492237831[0m
[38;20m2026-09-28 09:44:28,933 - tpp_runner.py[pid:21704;line:116:_train_model] - INFO: [ Epoch 67 (valid) ]:  valid loglike is 2.0314471976600204, num_events is 7874, mark_ll is -1.324740145574041, time_ll is 3.3561870951866903[0m
[38;20m2026-09-28 09:44:28,980 - tpp_runner.py[pid:21704;line:136:_train_model] - INFO: [ Epoch 67 (test) ]: test loglike is 2.342776647666463, num_events is 13081, mark_ll is -1.3582047823417551, time_ll is 3.700981206043116[0m
[31;1m2026-09-28 09:44:28,980 - tpp_runner.py[pid:21704;line:140:_train_model] - CRITICAL: current best loglike on valid set is 2.0319 (updated at epoch-66)[0m
[38;20m2026-09-28 09:44:29,154 - tpp_runner.py[pid:21704;line:104:_train_model] - INFO: [ Epoch 68 (train) ]: train loglike is 2.1166678841658464, num_events is 27940, mark_ll is -1.2460322692040982, time_ll is 3.36270013589388[0m
[38;20m2026-09-28 09:44:29,170 - tpp_runner.py[pid:21704;line:116:_train_model] - INFO: [ Epoch 68 (valid) ]:  valid loglike is 2.0361959405559436, num_events is 7874, mark_ll is -1.3245356305165736, time_ll is 3.360731571072517[0m
[38;20m2026-09-28 09:44:29,197 - tpp_runner.py[pid:21704;line:136:_train_model] - INFO: [ Epoch 68 (test) ]: test loglike is 2.3445744901957037, num_events is 13081, mark_ll is -1.3589246061797646, time_ll is 3.703499171030502[0m
[31;1m2026-09-28 09:44:29,197 - tpp_runner.py[pid:21704;line:140:_train_model] - CRITICAL: current best loglike on valid set is 2.0362 (updated at epoch-68), best updated at this epoch[0m
[38;20m2026-09-28 09:44:29,296 - tpp_runner.py[pid:21704;line:104:_train_model] - INFO: [ Epoch 69 (train) ]: train loglike is 2.1178456835518076, num_events is 27940, mark_ll is -1.2458257894987026, time_ll is 3.363671385670186[0m
[38;20m2026-09-28 09:44:29,304 - tpp_runner.py[pid:21704;line:116:_train_model] - INFO: [ Epoch 69 (valid) ]:  valid loglike is 2.0303473556165863, num_events is 7874, mark_ll is -1.3251819179419608, time_ll is 3.355529273558547[0m
[38;20m2026-09-28 09:44:29,336 - tpp_runner.py[pid:21704;line:136:_train_model] - INFO: [ Epoch 69 (test) ]: test loglike is 2.341832261486125, num_events is 13081, mark_ll is -1.3588457704638406, time_ll is 3.7006784052251356[0m
[31;1m2026-09-28 09:44:29,336 - tpp_runner.py[pid:21704;line:140:_train_model] - CRITICAL: current best loglike on valid set is 2.0362 (updated at epoch-68)[0m
[38;20m2026-09-28 09:44:29,424 - tpp_runner.py[pid:21704;line:104:_train_model] - INFO: [ Epoch 70 (train) ]: train loglike is 2.1200433336502327, num_events is 27940, mark_ll is -1.2457719107909806, time_ll is 3.3658153842497316[0m
[38;20m2026-09-28 09:44:29,437 - tpp_runner.py[pid:21704;line:116:_train_model] - INFO: [ Epoch 70 (valid) ]:  valid loglike is 2.028146679340234, num_events is 7874, mark_ll is -1.325713979552959, time_ll is 3.353860658893193[0m
[38;20m2026-09-28 09:44:29,464 - tpp_runner.py[pid:21704;line:136:_train_model] - INFO: [ Epoch 70 (test) ]: test loglike is 2.334937271854216, num_events is 13081, mark_ll is -1.3600553313250134, time_ll is 3.6949926778342634[0m
[31;1m2026-09-28 09:44:29,464 - tpp_runner.py[pid:21704;line:140:_train_model] - CRITICAL: current best loglike on valid set is 2.0362 (updated at epoch-68)[0m
[38;20m2026-09-28 09:44:29,563 - tpp_runner.py[pid:21704;line:104:_train_model] - INFO: [ Epoch 71 (train) ]: train loglike is 2.127260738692287, num_events is 27940, mark_ll is -1.245358130005145, time_ll is 3.3726188512213673[0m
[38;20m2026-09-28 09:44:29,577 - tpp_runner.py[pid:21704;line:116:_train_model] - INFO: [ Epoch 71 (valid) ]:  valid loglike is 2.033826468043561, num_events is 7874, mark_ll is -1.3256370848679198, time_ll is 3.359463800958852[0m
[38;20m2026-09-28 09:44:29,604 - tpp_runner.py[pid:21704;line:136:_train_model] - INFO: [ Epoch 71 (test) ]: test loglike is 2.338550426190658, num_events is 13081, mark_ll is -1.3586004540220549, time_ll is 3.6971509548677473[0m
[31;1m2026-09-28 09:44:29,604 - tpp_runner.py[pid:21704;line:140:_train_model] - CRITICAL: current best loglike on valid set is 2.0362 (updated at epoch-68)[0m
[38;20m2026-09-28 09:44:29,703 - tpp_runner.py[pid:21704;line:104:_train_model] - INFO: [ Epoch 72 (train) ]: train loglike is 2.1315532796282213, num_events is 27940, mark_ll is -1.2451848023946404, time_ll is 3.376737959690408[0m
[38;20m2026-09-28 09:44:29,717 - tpp_runner.py[pid:21704;line:116:_train_model] - INFO: [ Epoch 72 (valid) ]:  valid loglike is 2.033146694223076, num_events is 7874, mark_ll is -1.3259612827819405, time_ll is 3.3591081010287023[0m
[38;20m2026-09-28 09:44:29,746 - tpp_runner.py[pid:21704;line:136:_train_model] - INFO: [ Epoch 72 (test) ]: test loglike is 2.348022134321726, num_events is 13081, mark_ll is -1.3583655146299978, time_ll is 3.706387723606758[0m
[31;1m2026-09-28 09:44:29,746 - tpp_runner.py[pid:21704;line:140:_train_model] - CRITICAL: current best loglike on valid set is 2.0362 (updated at epoch-68)[0m
[38;20m2026-09-28 09:44:29,840 - tpp_runner.py[pid:21704;line:104:_train_model] - INFO: [ Epoch 73 (train) ]: train loglike is 2.1305990515390123, num_events is 27940, mark_ll is -1.2451020182757695, time_ll is 3.375700964958393[0m
[38;20m2026-09-28 09:44:29,862 - tpp_runner.py[pid:21704;line:116:_train_model] - INFO: [ Epoch 73 (valid) ]:  valid loglike is 2.0374960808515366, num_events is 7874, mark_ll is -1.326280395724854, time_ll is 3.363776352552705[0m
[38;20m2026-09-28 09:44:29,887 - tpp_runner.py[pid:21704;line:136:_train_model] - INFO: [ Epoch 73 (test) ]: test loglike is 2.356013433128201, num_events is 13081, mark_ll is -1.3597015411187983, time_ll is 3.7157149742469993[0m
[31;1m2026-09-28 09:44:29,887 - tpp_runner.py[pid:21704;line:140:_train_model] - CRITICAL: current best loglike on valid set is 2.0375 (updated at epoch-73), best updated at this epoch[0m
[38;20m2026-09-28 09:44:29,996 - tpp_runner.py[pid:21704;line:104:_train_model] - INFO: [ Epoch 74 (train) ]: train loglike is 2.1318007407055295, num_events is 27940, mark_ll is -1.2449363976098335, time_ll is 3.3767372606478165[0m
[38;20m2026-09-28 09:44:30,011 - tpp_runner.py[pid:21704;line:116:_train_model] - INFO: [ Epoch 74 (valid) ]:  valid loglike is 2.036203506000762, num_events is 7874, mark_ll is -1.3266876895081916, time_ll is 3.362891319532639[0m
[38;20m2026-09-28 09:44:30,038 - tpp_runner.py[pid:21704;line:136:_train_model] - INFO: [ Epoch 74 (test) ]: test loglike is 2.350858950959407, num_events is 13081, mark_ll is -1.3605339074205909, time_ll is 3.711392895707515[0m
[31;1m2026-09-28 09:44:30,038 - tpp_runner.py[pid:21704;line:140:_train_model] - CRITICAL: current best loglike on valid set is 2.0375 (updated at epoch-73)[0m
[38;20m2026-09-28 09:44:30,139 - tpp_runner.py[pid:21704;line:104:_train_model] - INFO: [ Epoch 75 (train) ]: train loglike is 2.1392681583303506, num_events is 27940, mark_ll is -1.2448693769013959, time_ll is 3.3841376051360057[0m
[38;20m2026-09-28 09:44:30,153 - tpp_runner.py[pid:21704;line:116:_train_model] - INFO: [ Epoch 75 (valid) ]:  valid loglike is 2.0324634477393957, num_events is 7874, mark_ll is -1.3271617080343536, time_ll is 3.3596252797974344[0m
[38;20m2026-09-28 09:44:30,171 - tpp_runner.py[pid:21704;line:136:_train_model] - INFO: [ Epoch 75 (test) ]: test loglike is 2.3512040065266415, num_events is 13081, mark_ll is -1.3608365216009861, time_ll is 3.7120404534725937[0m
[31;1m2026-09-28 09:44:30,171 - tpp_runner.py[pid:21704;line:140:_train_model] - CRITICAL: current best loglike on valid set is 2.0375 (updated at epoch-73)[0m
[38;20m2026-09-28 09:44:30,291 - tpp_runner.py[pid:21704;line:104:_train_model] - INFO: [ Epoch 76 (train) ]: train loglike is 2.142529541539907, num_events is 27940, mark_ll is -1.24466731864039, time_ll is 3.387196755323908[0m
[38;20m2026-09-28 09:44:30,309 - tpp_runner.py[pid:21704;line:116:_train_model] - INFO: [ Epoch 76 (valid) ]:  valid loglike is 2.035005809269431, num_events is 7874, mark_ll is -1.326432448763335, time_ll is 3.361438258032766[0m
[38;20m2026-09-28 09:44:30,338 - tpp_runner.py[pid:21704;line:136:_train_model] - INFO: [ Epoch 76 (test) ]: test loglike is 2.354472254605917, num_events is 13081, mark_ll is -1.3593218082882617, time_ll is 3.7137941002216954[0m
[31;1m2026-09-28 09:44:30,338 - tpp_runner.py[pid:21704;line:140:_train_model] - CRITICAL: current best loglike on valid set is 2.0375 (updated at epoch-73)[0m
[38;20m2026-09-28 09:44:30,445 - tpp_runner.py[pid:21704;line:104:_train_model] - INFO: [ Epoch 77 (train) ]: train loglike is 2.143530028772593, num_events is 27940, mark_ll is -1.2444714119541875, time_ll is 3.388001423250716[0m
[38;20m2026-09-28 09:44:30,460 - tpp_runner.py[pid:21704;line:116:_train_model] - INFO: [ Epoch 77 (valid) ]:  valid loglike is 2.041884286893574, num_events is 7874, mark_ll is -1.3254116098075945, time_ll is 3.3672958967011684[0m
[38;20m2026-09-28 09:44:30,487 - tpp_runner.py[pid:21704;line:136:_train_model] - INFO: [ Epoch 77 (test) ]: test loglike is 2.358506015404021, num_events is 13081, mark_ll is -1.357671932036446, time_ll is 3.716177984767984[0m
[31;1m2026-09-28 09:44:30,487 - tpp_runner.py[pid:21704;line:140:_train_model] - CRITICAL: current best loglike on valid set is 2.0419 (updated at epoch-77), best updated at this epoch[0m
[38;20m2026-09-28 09:44:30,591 - tpp_runner.py[pid:21704;line:104:_train_model] - INFO: [ Epoch 78 (train) ]: train loglike is 2.147900845002684, num_events is 27940, mark_ll is -1.2447667050208036, time_ll is 3.392667462643164[0m
[38;20m2026-09-28 09:44:30,608 - tpp_runner.py[pid:21704;line:116:_train_model] - INFO: [ Epoch 78 (valid) ]:  valid loglike is 2.044298531956439, num_events is 7874, mark_ll is -1.3252149082423166, time_ll is 3.369513192151384[0m
[38;20m2026-09-28 09:44:30,641 - tpp_runner.py[pid:21704;line:136:_train_model] - INFO: [ Epoch 78 (test) ]: test loglike is 2.364912910423515, num_events is 13081, mark_ll is -1.3579375919750019, time_ll is 3.722850502398517[0m
[31;1m2026-09-28 09:44:30,641 - tpp_runner.py[pid:21704;line:140:_train_model] - CRITICAL: current best loglike on valid set is 2.0443 (updated at epoch-78), best updated at this epoch[0m
[38;20m2026-09-28 09:44:30,730 - tpp_runner.py[pid:21704;line:104:_train_model] - INFO: [ Epoch 79 (train) ]: train loglike is 2.1509503134506978, num_events is 27940, mark_ll is -1.2448103951827576, time_ll is 3.3957607261095206[0m
[38;20m2026-09-28 09:44:30,742 - tpp_runner.py[pid:21704;line:116:_train_model] - INFO: [ Epoch 79 (valid) ]:  valid loglike is 2.0439130663417577, num_events is 7874, mark_ll is -1.3256068230886462, time_ll is 3.369519641383033[0m
[38;20m2026-09-28 09:44:30,768 - tpp_runner.py[pid:21704;line:136:_train_model] - INFO: [ Epoch 79 (test) ]: test loglike is 2.365183012336595, num_events is 13081, mark_ll is -1.3587980658971026, time_ll is 3.723981227543766[0m
[31;1m2026-09-28 09:44:30,768 - tpp_runner.py[pid:21704;line:140:_train_model] - CRITICAL: current best loglike on valid set is 2.0443 (updated at epoch-78)[0m
[38;20m2026-09-28 09:44:30,866 - tpp_runner.py[pid:21704;line:104:_train_model] - INFO: [ Epoch 80 (train) ]: train loglike is 2.152971542675152, num_events is 27940, mark_ll is -1.2447006105437992, time_ll is 3.3976722231232106[0m
[38;20m2026-09-28 09:44:30,881 - tpp_runner.py[pid:21704;line:116:_train_model] - INFO: [ Epoch 80 (valid) ]:  valid loglike is 2.0438111188722377, num_events is 7874, mark_ll is -1.3259307729552958, time_ll is 3.3697418918275335[0m
[38;20m2026-09-28 09:44:30,910 - tpp_runner.py[pid:21704;line:136:_train_model] - INFO: [ Epoch 80 (test) ]: test loglike is 2.3664709609834875, num_events is 13081, mark_ll is -1.3592490569576103, time_ll is 3.725720092596132[0m
[31;1m2026-09-28 09:44:30,910 - tpp_runner.py[pid:21704;line:140:_train_model] - CRITICAL: current best loglike on valid set is 2.0443 (updated at epoch-78)[0m
[38;20m2026-09-28 09:44:31,130 - tpp_runner.py[pid:21704;line:104:_train_model] - INFO: [ Epoch 81 (train) ]: train loglike is 2.155042334019327, num_events is 27940, mark_ll is -1.2446375918541965, time_ll is 3.3996798734453293[0m
[38;20m2026-09-28 09:44:31,144 - tpp_runner.py[pid:21704;line:116:_train_model] - INFO: [ Epoch 81 (valid) ]:  valid loglike is 2.0454517041846585, num_events is 7874, mark_ll is -1.3258974105838837, time_ll is 3.3713492387922277[0m
[38;20m2026-09-28 09:44:31,171 - tpp_runner.py[pid:21704;line:136:_train_model] - INFO: [ Epoch 81 (test) ]: test loglike is 2.3692576094383075, num_events is 13081, mark_ll is -1.3589431952832352, time_ll is 3.728201028686645[0m
[31;1m2026-09-28 09:44:31,171 - tpp_runner.py[pid:21704;line:140:_train_model] - CRITICAL: current best loglike on valid set is 2.0455 (updated at epoch-81), best updated at this epoch[0m
[38;20m2026-09-28 09:44:31,270 - tpp_runner.py[pid:21704;line:104:_train_model] - INFO: [ Epoch 82 (train) ]: train loglike is 2.156860910796573, num_events is 27940, mark_ll is -1.2446685419649248, time_ll is 3.4015295051896923[0m
[38;20m2026-09-28 09:44:31,272 - tpp_runner.py[pid:21704;line:116:_train_model] - INFO: [ Epoch 82 (valid) ]:  valid loglike is 2.0475272405622937, num_events is 7874, mark_ll is -1.3259062162655575, time_ll is 3.3734335808515366[0m
[38;20m2026-09-28 09:44:31,303 - tpp_runner.py[pid:21704;line:136:_train_model] - INFO: [ Epoch 82 (test) ]: test loglike is 2.3712591855553855, num_events is 13081, mark_ll is -1.3585395355142955, time_ll is 3.729798795724715[0m
[31;1m2026-09-28 09:44:31,303 - tpp_runner.py[pid:21704;line:140:_train_model] - CRITICAL: current best loglike on valid set is 2.0475 (updated at epoch-82), best updated at this epoch[0m
[38;20m2026-09-28 09:44:31,418 - tpp_runner.py[pid:21704;line:104:_train_model] - INFO: [ Epoch 83 (train) ]: train loglike is 2.158371069982552, num_events is 27940, mark_ll is -1.2446915928943718, time_ll is 3.403062645400859[0m
[38;20m2026-09-28 09:44:31,434 - tpp_runner.py[pid:21704;line:116:_train_model] - INFO: [ Epoch 83 (valid) ]:  valid loglike is 2.048398506953264, num_events is 7874, mark_ll is -1.3259186186341123, time_ll is 3.374317373634747[0m
[38;20m2026-09-28 09:44:31,461 - tpp_runner.py[pid:21704;line:136:_train_model] - INFO: [ Epoch 83 (test) ]: test loglike is 2.3736518047406543, num_events is 13081, mark_ll is -1.3584804833823867, time_ll is 3.732132213468007[0m
[31;1m2026-09-28 09:44:31,461 - tpp_runner.py[pid:21704;line:140:_train_model] - CRITICAL: current best loglike on valid set is 2.0484 (updated at epoch-83), best updated at this epoch[0m
[38;20m2026-09-28 09:44:31,562 - tpp_runner.py[pid:21704;line:104:_train_model] - INFO: [ Epoch 84 (train) ]: train loglike is 2.1600153230136008, num_events is 27940, mark_ll is -1.244686227742484, time_ll is 3.404701585708214[0m
[38;20m2026-09-28 09:44:31,578 - tpp_runner.py[pid:21704;line:116:_train_model] - INFO: [ Epoch 84 (valid) ]:  valid loglike is 2.0482330593567437, num_events is 7874, mark_ll is -1.3259741812452375, time_ll is 3.3742074886493523[0m
[38;20m2026-09-28 09:44:31,605 - tpp_runner.py[pid:21704;line:136:_train_model] - INFO: [ Epoch 84 (test) ]: test loglike is 2.3744382955240426, num_events is 13081, mark_ll is -1.3586119508972938, time_ll is 3.733050022456234[0m
[31;1m2026-09-28 09:44:31,605 - tpp_runner.py[pid:21704;line:140:_train_model] - CRITICAL: current best loglike on valid set is 2.0484 (updated at epoch-83)[0m
[38;20m2026-09-28 09:44:31,696 - tpp_runner.py[pid:21704;line:104:_train_model] - INFO: [ Epoch 85 (train) ]: train loglike is 2.161209986802076, num_events is 27940, mark_ll is -1.244638273420723, time_ll is 3.4058482951749283[0m
[38;20m2026-09-28 09:44:31,712 - tpp_runner.py[pid:21704;line:116:_train_model] - INFO: [ Epoch 85 (valid) ]:  valid loglike is 2.0486381207137416, num_events is 7874, mark_ll is -1.3260796013779528, time_ll is 3.3747177220916944[0m
[38;20m2026-09-28 09:44:31,744 - tpp_runner.py[pid:21704;line:136:_train_model] - INFO: [ Epoch 85 (test) ]: test loglike is 2.3751839500038225, num_events is 13081, mark_ll is -1.358854281137719, time_ll is 3.734038305796575[0m
[31;1m2026-09-28 09:44:31,744 - tpp_runner.py[pid:21704;line:140:_train_model] - CRITICAL: current best loglike on valid set is 2.0486 (updated at epoch-85), best updated at this epoch[0m
[38;20m2026-09-28 09:44:31,855 - tpp_runner.py[pid:21704;line:104:_train_model] - INFO: [ Epoch 86 (train) ]: train loglike is 2.162664554625984, num_events is 27940, mark_ll is -1.2445734546964478, time_ll is 3.4072379219421083[0m
[38;20m2026-09-28 09:44:31,871 - tpp_runner.py[pid:21704;line:116:_train_model] - INFO: [ Epoch 86 (valid) ]:  valid loglike is 2.04857883739205, num_events is 7874, mark_ll is -1.3260980809070992, time_ll is 3.3746767942754636[0m
[38;20m2026-09-28 09:44:31,896 - tpp_runner.py[pid:21704;line:136:_train_model] - INFO: [ Epoch 86 (test) ]: test loglike is 2.3764145635845884, num_events is 13081, mark_ll is -1.358966189033713, time_ll is 3.7353806033082333[0m
[31;1m2026-09-28 09:44:31,896 - tpp_runner.py[pid:21704;line:140:_train_model] - CRITICAL: current best loglike on valid set is 2.0486 (updated at epoch-85)[0m
[38;20m2026-09-28 09:44:31,991 - tpp_runner.py[pid:21704;line:104:_train_model] - INFO: [ Epoch 87 (train) ]: train loglike is 2.1636853140938173, num_events is 27940, mark_ll is -1.2445436929581246, time_ll is 3.408229059480136[0m
[38;20m2026-09-28 09:44:32,004 - tpp_runner.py[pid:21704;line:116:_train_model] - INFO: [ Epoch 87 (valid) ]:  valid loglike is 2.0492197917989587, num_events is 7874, mark_ll is -1.3261236297863221, time_ll is 3.3753437936563375[0m
[38;20m2026-09-28 09:44:32,031 - tpp_runner.py[pid:21704;line:136:_train_model] - INFO: [ Epoch 87 (test) ]: test loglike is 2.3774869084932346, num_events is 13081, mark_ll is -1.3590445394919157, time_ll is 3.736531485312667[0m
[31;1m2026-09-28 09:44:32,031 - tpp_runner.py[pid:21704;line:140:_train_model] - CRITICAL: current best loglike on valid set is 2.0492 (updated at epoch-87), best updated at this epoch[0m
[38;20m2026-09-28 09:44:32,132 - tpp_runner.py[pid:21704;line:104:_train_model] - INFO: [ Epoch 88 (train) ]: train loglike is 2.1647323051348875, num_events is 27940, mark_ll is -1.2445280169280153, time_ll is 3.409260426919291[0m
[38;20m2026-09-28 09:44:32,147 - tpp_runner.py[pid:21704;line:116:_train_model] - INFO: [ Epoch 88 (valid) ]:  valid loglike is 2.049497852901956, num_events is 7874, mark_ll is -1.3261520312103123, time_ll is 3.3756498841122684[0m
[38;20m2026-09-28 09:44:32,174 - tpp_runner.py[pid:21704;line:136:_train_model] - INFO: [ Epoch 88 (test) ]: test loglike is 2.378263171536962, num_events is 13081, mark_ll is -1.3590553644718484, time_ll is 3.7373187973014295[0m
[31;1m2026-09-28 09:44:32,174 - tpp_runner.py[pid:21704;line:140:_train_model] - CRITICAL: current best loglike on valid set is 2.0495 (updated at epoch-88), best updated at this epoch[0m
[38;20m2026-09-28 09:44:32,272 - tpp_runner.py[pid:21704;line:104:_train_model] - INFO: [ Epoch 89 (train) ]: train loglike is 2.165484422534896, num_events is 27940, mark_ll is -1.2445112224297603, time_ll is 3.409995679916786[0m
[38;20m2026-09-28 09:44:32,286 - tpp_runner.py[pid:21704;line:116:_train_model] - INFO: [ Epoch 89 (valid) ]:  valid loglike is 2.049324715836932, num_events is 7874, mark_ll is -1.3261742314500253, time_ll is 3.3754990713106428[0m
[38;20m2026-09-28 09:44:32,312 - tpp_runner.py[pid:21704;line:136:_train_model] - INFO: [ Epoch 89 (test) ]: test loglike is 2.378883480214624, num_events is 13081, mark_ll is -1.359014266875621, time_ll is 3.7378976724352113[0m
[31;1m2026-09-28 09:44:32,312 - tpp_runner.py[pid:21704;line:140:_train_model] - CRITICAL: current best loglike on valid set is 2.0495 (updated at epoch-88)[0m
[38;20m2026-09-28 09:44:32,413 - tpp_runner.py[pid:21704;line:104:_train_model] - INFO: [ Epoch 90 (train) ]: train loglike is 2.1663667540935934, num_events is 27940, mark_ll is -1.2445087932567556, time_ll is 3.410875599778543[0m
[38;20m2026-09-28 09:44:32,426 - tpp_runner.py[pid:21704;line:116:_train_model] - INFO: [ Epoch 90 (valid) ]:  valid loglike is 2.049948803022606, num_events is 7874, mark_ll is -1.3261969277844805, time_ll is 3.3761454827597155[0m
[38;20m2026-09-28 09:44:32,452 - tpp_runner.py[pid:21704;line:136:_train_model] - INFO: [ Epoch 90 (test) ]: test loglike is 2.379398375984252, num_events is 13081, mark_ll is -1.359006204131947, time_ll is 3.738404580116199[0m
[31;1m2026-09-28 09:44:32,452 - tpp_runner.py[pid:21704;line:140:_train_model] - CRITICAL: current best loglike on valid set is 2.0499 (updated at epoch-90), best updated at this epoch[0m
[38;20m2026-09-28 09:44:32,562 - tpp_runner.py[pid:21704;line:104:_train_model] - INFO: [ Epoch 91 (train) ]: train loglike is 2.1669006303966087, num_events is 27940, mark_ll is -1.2444933269394238, time_ll is 3.4113940447163564[0m
[38;20m2026-09-28 09:44:32,577 - tpp_runner.py[pid:21704;line:116:_train_model] - INFO: [ Epoch 91 (valid) ]:  valid loglike is 2.0500626567659386, num_events is 7874, mark_ll is -1.3261979199739649, time_ll is 3.3762603286925326[0m
[38;20m2026-09-28 09:44:32,609 - tpp_runner.py[pid:21704;line:136:_train_model] - INFO: [ Epoch 91 (test) ]: test loglike is 2.380112078109472, num_events is 13081, mark_ll is -1.3589470773450043, time_ll is 3.739059304764544[0m
[31;1m2026-09-28 09:44:32,609 - tpp_runner.py[pid:21704;line:140:_train_model] - CRITICAL: current best loglike on valid set is 2.0501 (updated at epoch-91), best updated at this epoch[0m
[38;20m2026-09-28 09:44:32,717 - tpp_runner.py[pid:21704;line:104:_train_model] - INFO: [ Epoch 92 (train) ]: train loglike is 2.1673374621118917, num_events is 27940, mark_ll is -1.2444926278968325, time_ll is 3.4118300026284003[0m
[38;20m2026-09-28 09:44:32,732 - tpp_runner.py[pid:21704;line:116:_train_model] - INFO: [ Epoch 92 (valid) ]:  valid loglike is 2.0501730378460756, num_events is 7874, mark_ll is -1.3261997803292482, time_ll is 3.3763729421990094[0m
[38;20m2026-09-28 09:44:32,759 - tpp_runner.py[pid:21704;line:136:_train_model] - INFO: [ Epoch 92 (test) ]: test loglike is 2.3805408966248756, num_events is 13081, mark_ll is -1.3589092645702736, time_ll is 3.7394501985226665[0m
[31;1m2026-09-28 09:44:32,759 - tpp_runner.py[pid:21704;line:140:_train_model] - CRITICAL: current best loglike on valid set is 2.0502 (updated at epoch-92), best updated at this epoch[0m
[38;20m2026-09-28 09:44:32,857 - tpp_runner.py[pid:21704;line:104:_train_model] - INFO: [ Epoch 93 (train) ]: train loglike is 2.1677408271631173, num_events is 27940, mark_ll is -1.2444903560084108, time_ll is 3.4122312530757872[0m
[38;20m2026-09-28 09:44:32,873 - tpp_runner.py[pid:21704;line:116:_train_model] - INFO: [ Epoch 93 (valid) ]:  valid loglike is 2.0504840892494287, num_events is 7874, mark_ll is -1.3262048653003555, time_ll is 3.3766889545497842[0m
[38;20m2026-09-28 09:44:32,893 - tpp_runner.py[pid:21704;line:136:_train_model] - INFO: [ Epoch 93 (test) ]: test loglike is 2.380867064468504, num_events is 13081, mark_ll is -1.3588973944198648, time_ll is 3.7397643469058175[0m
[31;1m2026-09-28 09:44:32,901 - tpp_runner.py[pid:21704;line:140:_train_model] - CRITICAL: current best loglike on valid set is 2.0505 (updated at epoch-93), best updated at this epoch[0m
[38;20m2026-09-28 09:44:33,128 - tpp_runner.py[pid:21704;line:104:_train_model] - INFO: [ Epoch 94 (train) ]: train loglike is 2.1680114615023265, num_events is 27940, mark_ll is -1.2444850258086524, time_ll is 3.4124963649785256[0m
[38;20m2026-09-28 09:44:33,137 - tpp_runner.py[pid:21704;line:116:_train_model] - INFO: [ Epoch 94 (valid) ]:  valid loglike is 2.050591741808484, num_events is 7874, mark_ll is -1.3262090821056642, time_ll is 3.376800823914148[0m
[38;20m2026-09-28 09:44:33,170 - tpp_runner.py[pid:21704;line:136:_train_model] - INFO: [ Epoch 94 (test) ]: test loglike is 2.3810827428617842, num_events is 13081, mark_ll is -1.3588889210735036, time_ll is 3.73997188790039[0m
[31;1m2026-09-28 09:44:33,172 - tpp_runner.py[pid:21704;line:140:_train_model] - CRITICAL: current best loglike on valid set is 2.0506 (updated at epoch-94), best updated at this epoch[0m
[38;20m2026-09-28 09:44:33,265 - tpp_runner.py[pid:21704;line:104:_train_model] - INFO: [ Epoch 95 (train) ]: train loglike is 2.168208801225841, num_events is 27940, mark_ll is -1.2444811985504654, time_ll is 3.412690034728436[0m
[38;20m2026-09-28 09:44:33,280 - tpp_runner.py[pid:21704;line:116:_train_model] - INFO: [ Epoch 95 (valid) ]:  valid loglike is 2.050608112934976, num_events is 7874, mark_ll is -1.3262123067214884, time_ll is 3.376820419656464[0m
[38;20m2026-09-28 09:44:33,312 - tpp_runner.py[pid:21704;line:136:_train_model] - INFO: [ Epoch 95 (test) ]: test loglike is 2.3812502687581225, num_events is 13081, mark_ll is -1.358882911343265, time_ll is 3.7401331427738707[0m
[31;1m2026-09-28 09:44:33,314 - tpp_runner.py[pid:21704;line:140:_train_model] - CRITICAL: current best loglike on valid set is 2.0506 (updated at epoch-95), best updated at this epoch[0m
[38;20m2026-09-28 09:44:33,407 - tpp_runner.py[pid:21704;line:104:_train_model] - INFO: [ Epoch 96 (train) ]: train loglike is 2.168344660153454, num_events is 27940, mark_ll is -1.2444786120928777, time_ll is 3.412823237294202[0m
[38;20m2026-09-28 09:44:33,423 - tpp_runner.py[pid:21704;line:116:_train_model] - INFO: [ Epoch 96 (valid) ]:  valid loglike is 2.0506061285560073, num_events is 7874, mark_ll is -1.3262150352425706, time_ll is 3.3768211637985774[0m
[38;20m2026-09-28 09:44:33,449 - tpp_runner.py[pid:21704;line:136:_train_model] - INFO: [ Epoch 96 (test) ]: test loglike is 2.381336122047244, num_events is 13081, mark_ll is -1.3588813062600336, time_ll is 3.7402176522723796[0m
[31;1m2026-09-28 09:44:33,449 - tpp_runner.py[pid:21704;line:140:_train_model] - CRITICAL: current best loglike on valid set is 2.0506 (updated at epoch-95)[0m
[38;20m2026-09-28 09:44:33,551 - tpp_runner.py[pid:21704;line:104:_train_model] - INFO: [ Epoch 97 (train) ]: train loglike is 2.1684266578494094, num_events is 27940, mark_ll is -1.244476340204456, time_ll is 3.4129031378623838[0m
[38;20m2026-09-28 09:44:33,566 - tpp_runner.py[pid:21704;line:116:_train_model] - INFO: [ Epoch 97 (valid) ]:  valid loglike is 2.050613321929769, num_events is 7874, mark_ll is -1.3262172676689103, time_ll is 3.376830589598679[0m
[38;20m2026-09-28 09:44:33,593 - tpp_runner.py[pid:21704;line:136:_train_model] - INFO: [ Epoch 97 (test) ]: test loglike is 2.3813768836958182, num_events is 13081, mark_ll is -1.358882239447959, time_ll is 3.740259011161226[0m
[31;1m2026-09-28 09:44:33,593 - tpp_runner.py[pid:21704;line:140:_train_model] - CRITICAL: current best loglike on valid set is 2.0506 (updated at epoch-97), best updated at this epoch[0m
[38;20m2026-09-28 09:44:33,689 - tpp_runner.py[pid:21704;line:104:_train_model] - INFO: [ Epoch 98 (train) ]: train loglike is 2.168470575200206, num_events is 27940, mark_ll is -1.244474662502237, time_ll is 3.412945220226378[0m
[38;20m2026-09-28 09:44:33,705 - tpp_runner.py[pid:21704;line:116:_train_model] - INFO: [ Epoch 98 (valid) ]:  valid loglike is 2.0506182828771906, num_events is 7874, mark_ll is -1.3262185079057658, time_ll is 3.3768367907829564[0m
[38;20m2026-09-28 09:44:33,731 - tpp_runner.py[pid:21704;line:136:_train_model] - INFO: [ Epoch 98 (test) ]: test loglike is 2.381391068152282, num_events is 13081, mark_ll is -1.3588832099634012, time_ll is 3.740274091478098[0m
[31;1m2026-09-28 09:44:33,731 - tpp_runner.py[pid:21704;line:140:_train_model] - CRITICAL: current best loglike on valid set is 2.0506 (updated at epoch-98), best updated at this epoch[0m
[38;20m2026-09-28 09:44:33,831 - tpp_runner.py[pid:21704;line:104:_train_model] - INFO: [ Epoch 99 (train) ]: train loglike is 2.1684876493154976, num_events is 27940, mark_ll is -1.24447361393835, time_ll is 3.412961228301718[0m
[38;20m2026-09-28 09:44:33,848 - tpp_runner.py[pid:21704;line:116:_train_model] - INFO: [ Epoch 99 (valid) ]:  valid loglike is 2.050618158853505, num_events is 7874, mark_ll is -1.326219004000508, time_ll is 3.3768370388303275[0m
[38;20m2026-09-28 09:44:33,877 - tpp_runner.py[pid:21704;line:136:_train_model] - INFO: [ Epoch 99 (test) ]: test loglike is 2.3813923372878603, num_events is 13081, mark_ll is -1.3588836205660881, time_ll is 3.7402760325089823[0m
[31;1m2026-09-28 09:44:33,877 - tpp_runner.py[pid:21704;line:140:_train_model] - CRITICAL: current best loglike on valid set is 2.0506 (updated at epoch-98)[0m
[38;20m2026-09-28 09:44:33,877 - base_runner.py[pid:21704;line:118:train] - INFO: End IntensityFree train! Cost time: 0.246m[0m
RESULT {"model": "IntensityFree", "dataset": "lob_goog", "seed": 2019, "ll_per_event": 2.381391068152282, "mark_ll": -1.3588832099634012, "time_ll": 3.740274091478098, "val_ll": 2.0506182828771906, "best_epoch": 98, "n_params": 7184, "seconds": 15.414796829223633, "max_epoch": 100, "batch_size": 64}
