
=== Sun Sep 27 23:04:53 2026 attempt 1: D:\Quant\.venv\Scripts\python.exe -u scripts\probe_track_b.py taxi "{\"epochs\":150,\"phases\":2};{\"epochs\":150,\"phases\":2,\"gompertz\":false};{\"epochs\":150,\"phases\":4,\"hidden\":128}"
Traceback (most recent call last):
  File "D:\Quant\scripts\probe_track_b.py", line 7, in <module>
    r = train_one(ds, 0, **kw)
        ^^^^^^^^^^^^^^^^^^^^^^
  File "D:\Quant\src\infodiff\experiments\track_b.py", line 110, in train_one
    for dts, mk, msk in batches(tr, M, bs, True, device, rng):
        ^^^^^^^^^^^^^^^
  File "C:\Users\E87321\AppData\Local\Programs\Python\Python311\Lib\site-packages\torch\_tensor.py", line 623, in backward
    torch.autograd.backward(
  File "C:\Users\E87321\AppData\Local\Programs\Python\Python311\Lib\site-packages\torch\autograd\__init__.py", line 395, in backward
    _engine_run_backward(
  File "C:\Users\E87321\AppData\Local\Programs\Python\Python311\Lib\site-packages\torch\autograd\graph.py", line 979, in _engine_run_backward
    return Variable._execution_engine.run_backward(  # Calls into the C++ engine to run the backward pass
           ^^^^^^^^^^^^^^^^^^^^^^^^^^^^^^^^^^^^^^^^^^^^^^^^^^^^^^^^^^^^^^^^^^^^^^^^^^^^^^^^^^^^^^^^^^^^^^
torch.AcceleratorError: CUDA error: unspecified launch failure
Search for `cudaErrorLaunchFailure' in https://docs.nvidia.com/cuda/cuda-runtime-api/group__CUDART__TYPES.html for more information.
CUDA kernel errors might be asynchronously reported at some other API call, so the stacktrace below might be incorrect.
For debugging consider passing CUDA_LAUNCH_BLOCKING=1


=== Sun Sep 27 23:16:24 2026 attempt 2: D:\Quant\.venv\Scripts\python.exe -u scripts\probe_track_b.py taxi "{\"epochs\":150,\"phases\":2};{\"epochs\":150,\"phases\":2,\"gompertz\":false};{\"epochs\":150,\"phases\":4,\"hidden\":128}"
