
=== Mon Sep 28 20:36:34 2026 attempt 1: D:\Quant\.venv\Scripts\python.exe -u scripts/run_ept_hpo.py taxi,taobao,stackoverflow
[W928 20:44:54.000000000 CUDACachingAllocator.cpp:3933] memory allocation failed with OOM on device 0 while trying to allocate 1310720000 bytes (free: 0, total: 8585216000).
taxi {'hidden': 64, 'n_rates': 8, 'phases': 2, 'epochs': 100} val 0.3738 test 0.415
taxi {'hidden': 64, 'n_rates': 8, 'phases': 4, 'epochs': 100} val 0.3825 test 0.4236
taxi {'hidden': 128, 'n_rates': 8, 'phases': 2, 'epochs': 100} val 0.3793 test 0.4225
taxi {'hidden': 128, 'n_rates': 8, 'phases': 4, 'epochs': 100} val 0.3685 test 0.4154
[W928 21:27:12.000000000 CUDACachingAllocator.cpp:3933] memory allocation failed with OOM on device 0 while trying to allocate 2229272576 bytes (free: 0, total: 8585216000).
[W928 21:27:17.000000000 CUDACachingAllocator.cpp:3933] memory allocation failed with OOM on device 0 while trying to allocate 2229272576 bytes (free: 0, total: 8585216000).
[W928 21:27:35.000000000 CUDACachingAllocator.cpp:3933] memory allocation failed with OOM on device 0 while trying to allocate 2229272576 bytes (free: 0, total: 8585216000).
Traceback (most recent call last):
  File "D:\Quant\scripts\run_ept_hpo.py", line 20, in <module>
    r = train_one(ds, 0, **g)
        ^^^^^^^^^^^^^^^^^^^^^
  File "D:\Quant\src\infodiff\experiments\track_b.py", line 132, in train_one
    res = evaluate(model, te, M, device, predict=True, s_max=s_max)
          ^^^^^^^^^^^^^^^^^^^^^^^^^^^^^^^^^^^^^^^^^^^^^^^^^^^^^^^^^
  File "D:\Quant\src\infodiff\experiments\track_b.py", line 77, in evaluate
    e_dt, p_mk, _ = model.predict_next(st[a:a + 4096], mu[a:a + 4096],
                    ^^^^^^^^^^^^^^^^^^^^^^^^^^^^^^^^^^^^^^^^^^^^^^^^^^
  File "C:\Users\E87321\AppData\Local\Programs\Python\Python311\Lib\site-packages\torch\utils\_contextlib.py", line 124, in decorate_context
    return func(*args, **kwargs)
           ^^^^^^^^^^^^^^^^^^^^^
  File "D:\Quant\src\infodiff\models\neural_pt.py", line 280, in predict_next
    lam, Lam = self._curve(x, mu, grid, h)
               ^^^^^^^^^^^^^^^^^^^^^^^^^^^
  File "D:\Quant\src\infodiff\models\neural_pt.py", line 270, in _curve
    xh_t, ih = self._evolve_hb(xh[:, None, :].expand(N, G, -1), grid)
               ^^^^^^^^^^^^^^^^^^^^^^^^^^^^^^^^^^^^^^^^^^^^^^^^^^^^^^
  File "D:\Quant\src\infodiff\models\neural_pt.py", line 113, in _evolve_hb
    return self._evolve_with(x, dt, self.hb_betas.repeat(self.cfg.n_marks), self.cfg.hb_phases)
           ^^^^^^^^^^^^^^^^^^^^^^^^^^^^^^^^^^^^^^^^^^^^^^^^^^^^^^^^^^^^^^^^^^^^^^^^^^^^^^^^^^^^
  File "D:\Quant\src\infodiff\models\neural_pt.py", line 133, in _evolve_with
    integ = torch.zeros_like(xs)
            ^^^^^^^^^^^^^^^^^^^^
torch.OutOfMemoryError: CUDA out of memory. Tried to allocate 2.08 GiB. GPU 0 has a total capacity of 8.00 GiB of which 0 bytes is free. Of the allocated memory 11.58 GiB is allocated by PyTorch, and 1.67 GiB is reserved by PyTorch but unallocated. If reserved but unallocated memory is large try setting PYTORCH_CUDA_ALLOC_CONF=expandable_segments:True to avoid fragmentation.  See documentation for Memory Management  (https://docs.pytorch.org/docs/stable/notes/cuda.html#optimizing-memory-usage-with-pytorch-cuda-alloc-conf)

=== Mon Sep 28 21:27:59 2026 attempt 2: D:\Quant\.venv\Scripts\python.exe -u scripts/run_ept_hpo.py taxi,taobao,stackoverflow
[W928 21:41:34.000000000 CUDACachingAllocator.cpp:3933] memory allocation failed with OOM on device 0 while trying to allocate 2229272576 bytes (free: 0, total: 8585216000).
[W928 21:41:35.000000000 CUDACachingAllocator.cpp:3933] memory allocation failed with OOM on device 0 while trying to allocate 1115684864 bytes (free: 0, total: 8585216000).
[W928 21:41:36.000000000 CUDACachingAllocator.cpp:3933] memory allocation failed with OOM on device 0 while trying to allocate 1115684864 bytes (free: 0, total: 8585216000).
Traceback (most recent call last):
  File "D:\Quant\scripts\run_ept_hpo.py", line 20, in <module>
    r = train_one(ds, 0, **g)
        ^^^^^^^^^^^^^^^^^^^^^
  File "D:\Quant\src\infodiff\experiments\track_b.py", line 132, in train_one
    res = evaluate(model, te, M, device, predict=True, s_max=s_max)
          ^^^^^^^^^^^^^^^^^^^^^^^^^^^^^^^^^^^^^^^^^^^^^^^^^^^^^^^^^
  File "D:\Quant\src\infodiff\experiments\track_b.py", line 77, in evaluate
    e_dt, p_mk, _ = model.predict_next(st[a:a + 4096], mu[a:a + 4096],
                    ^^^^^^^^^^^^^^^^^^^^^^^^^^^^^^^^^^^^^^^^^^^^^^^^^^
  File "C:\Users\E87321\AppData\Local\Programs\Python\Python311\Lib\site-packages\torch\utils\_contextlib.py", line 124, in decorate_context
    return func(*args, **kwargs)
           ^^^^^^^^^^^^^^^^^^^^^
  File "D:\Quant\src\infodiff\models\neural_pt.py", line 280, in predict_next
    lam, Lam = self._curve(x, mu, grid, h)
               ^^^^^^^^^^^^^^^^^^^^^^^^^^^
  File "D:\Quant\src\infodiff\models\neural_pt.py", line 270, in _curve
    xh_t, ih = self._evolve_hb(xh[:, None, :].expand(N, G, -1), grid)
               ^^^^^^^^^^^^^^^^^^^^^^^^^^^^^^^^^^^^^^^^^^^^^^^^^^^^^^
  File "D:\Quant\src\infodiff\models\neural_pt.py", line 113, in _evolve_hb
    return self._evolve_with(x, dt, self.hb_betas.repeat(self.cfg.n_marks), self.cfg.hb_phases)
           ^^^^^^^^^^^^^^^^^^^^^^^^^^^^^^^^^^^^^^^^^^^^^^^^^^^^^^^^^^^^^^^^^^^^^^^^^^^^^^^^^^^^
  File "D:\Quant\src\infodiff\models\neural_pt.py", line 135, in _evolve_with
    src = xs[..., : r + 1].flip(-1)  # s_r, s_{r-1}, ..., s_0  (lags j = 0..r)
          ^^^^^^^^^^^^^^^^^^^^^^^^^
torch.OutOfMemoryError: CUDA out of memory. Tried to allocate 1.04 GiB. GPU 0 has a total capacity of 8.00 GiB of which 0 bytes is free. Of the allocated memory 13.65 GiB is allocated by PyTorch, and 325.22 MiB is reserved by PyTorch but unallocated. If reserved but unallocated memory is large try setting PYTORCH_CUDA_ALLOC_CONF=expandable_segments:True to avoid fragmentation.  See documentation for Memory Management  (https://docs.pytorch.org/docs/stable/notes/cuda.html#optimizing-memory-usage-with-pytorch-cuda-alloc-conf)
