
=== Mon Oct  5 01:22:41 2026 attempt 1: D:\Quant\.venv\Scripts\python.exe -u scripts/run_ept_seed.py amazon 2 eptx_qrm "{\"epochs\": 300, \"patience\": 40, \"renewal\": true, \"n_rates\": 8, \"phases\": 4, \"hidden\": 64, \"rn_shift\": true, \"rn_orders\": [1, 4, 16, 64, 256, 1024], \"rn_scales\": 96, \"rn_quantile\": 96, \"mark_head\": \"residual\", \"init_from_msx\": true}"
Traceback (most recent call last):
  File "D:\Quant\scripts\run_ept_seed.py", line 18, in <module>
    r = train_one(ds, seed, ckpt=str(ck), **cfg)
        ^^^^^^^^^^^^^^^^^^^^^^^^^^^^^^^^^^^^^^^^
  File "D:\Quant\src\infodiff\experiments\track_b.py", line 303, in train_one_safe
    r = train_one(name, seed, bs=bs, **kw)
        ^^^^^^^^^^^^^^^^^^^^^^^^^^^^^^^^^^
  File "D:\Quant\src\infodiff\experiments\track_b.py", line 215, in train_one
    torch.set_rng_state(s["torch_rng"])
  File "C:\Users\E87321\AppData\Local\Programs\Python\Python311\Lib\site-packages\torch\random.py", line 36, in set_rng_state
    default_generator.set_state(new_state)
TypeError: RNG state must be a torch.ByteTensor

=== Mon Oct  5 01:26:43 2026 attempt 2: D:\Quant\.venv\Scripts\python.exe -u scripts/run_ept_seed.py amazon 2 eptx_qrm "{\"epochs\": 300, \"patience\": 40, \"renewal\": true, \"n_rates\": 8, \"phases\": 4, \"hidden\": 64, \"rn_shift\": true, \"rn_orders\": [1, 4, 16, 64, 256, 1024], \"rn_scales\": 96, \"rn_quantile\": 96, \"mark_head\": \"residual\", \"init_from_msx\": true}"
Traceback (most recent call last):
  File "D:\Quant\scripts\run_ept_seed.py", line 18, in <module>
    r = train_one(ds, seed, ckpt=str(ck), **cfg)
        ^^^^^^^^^^^^^^^^^^^^^^^^^^^^^^^^^^^^^^^^
  File "D:\Quant\src\infodiff\experiments\track_b.py", line 303, in train_one_safe
    r = train_one(name, seed, bs=bs, **kw)
        ^^^^^^^^^^^^^^^^^^^^^^^^^^^^^^^^^^
  File "D:\Quant\src\infodiff\experiments\track_b.py", line 215, in train_one
    torch.set_rng_state(s["torch_rng"])
  File "C:\Users\E87321\AppData\Local\Programs\Python\Python311\Lib\site-packages\torch\random.py", line 36, in set_rng_state
    default_generator.set_state(new_state)
TypeError: RNG state must be a torch.ByteTensor

=== Mon Oct  5 11:04:11 2026 attempt 1: D:\Quant\.venv\Scripts\python.exe -u scripts/run_ept_seed.py amazon 2 eptx_qrm "{\"epochs\": 300, \"patience\": 40, \"renewal\": true, \"n_rates\": 8, \"phases\": 4, \"hidden\": 64, \"rn_shift\": true, \"rn_orders\": [1, 4, 16, 64, 256, 1024], \"rn_scales\": 96, \"rn_quantile\": 96, \"mark_head\": \"residual\", \"init_from_msx\": true}"
  resumed amazon seed=2 from epoch 88
RESULT {"ll_per_event": 0.7256281201241377, "n_events": 82197.0, "time_ll": 2.6045010386632117, "mark_ll": -1.8788729185390738, "channel_share": {"baseline": 5.594412595711734e-05, "neural_state": 8.280147878778915e-06, "hazard": 0.0002670932561576858, "hawkes": 0.0026844832795661962, "renewal": 0.9969841991904402}, "backbone_rho": 0.008115903474390507, "rmse": 0.32663145661354065, "acc": 0.35924670100212097, "dataset": "amazon", "seed": 2, "val_ll": 0.7277028505009607, "epochs": 120, "seconds": 46453.03659701347, "hidden": 64, "n_rates": 8, "n_channels": 4, "phases": 4, "lr": 0.01, "gompertz": true, "model": "EPT-X", "renewal": true, "input_v2": true, "ept_channel": true, "rn_shift": true, "rn_scales": 96, "rn_orders": [1, 4, 16, 64, 256, 1024], "n_layers": 1, "layer_norm": false, "dropout": 0.0, "weight_decay": 0.0, "encoder": "gru", "rn_quantile": 96, "mark_head": "residual", "init_from_msx": true, "val_ll_init": null, "msx_val_ll": -1.9156356832099708, "msx_test_ll": -1.926621038857078, "msx_eps_logit": null, "n_params": 451811, "batch_size": 64, "config": {"epochs": 300, "patience": 40, "renewal": true, "n_rates": 8, "phases": 4, "hidden": 64, "rn_shift": true, "rn_orders": [1, 4, 16, 64, 256, 1024], "rn_scales": 96, "rn_quantile": 96, "mark_head": "residual", "init_from_msx": true}, "tag": "eptx_qrm"}
