
=== Mon Oct  5 01:14:27 2026 attempt 1: D:\Quant\.venv\Scripts\python.exe -u scripts/run_ept_seed.py amazon 1 eptx_qrm "{\"epochs\": 300, \"patience\": 40, \"renewal\": true, \"n_rates\": 8, \"phases\": 4, \"hidden\": 64, \"rn_shift\": true, \"rn_orders\": [1, 4, 16, 64, 256, 1024], \"rn_scales\": 96, \"rn_quantile\": 96, \"mark_head\": \"residual\", \"init_from_msx\": true}"
Traceback (most recent call last):
  File "D:\Quant\scripts\run_ept_seed.py", line 18, in <module>
    r = train_one(ds, seed, ckpt=str(ck), **cfg)
        ^^^^^^^^^^^^^^^^^^^^^^^^^^^^^^^^^^^^^^^^
  File "D:\Quant\src\infodiff\experiments\track_b.py", line 303, in train_one_safe
    r = train_one(name, seed, bs=bs, **kw)
        ^^^^^^^^^^^^^^^^^^^^^^^^^^^^^^^^^^
  File "D:\Quant\src\infodiff\experiments\track_b.py", line 215, in train_one
    torch.set_rng_state(s["torch_rng"])
  File "C:\Users\E87321\AppData\Local\Programs\Python\Python311\Lib\site-packages\torch\random.py", line 36, in set_rng_state
    default_generator.set_state(new_state)
TypeError: RNG state must be a torch.ByteTensor

=== Mon Oct  5 01:18:42 2026 attempt 2: D:\Quant\.venv\Scripts\python.exe -u scripts/run_ept_seed.py amazon 1 eptx_qrm "{\"epochs\": 300, \"patience\": 40, \"renewal\": true, \"n_rates\": 8, \"phases\": 4, \"hidden\": 64, \"rn_shift\": true, \"rn_orders\": [1, 4, 16, 64, 256, 1024], \"rn_scales\": 96, \"rn_quantile\": 96, \"mark_head\": \"residual\", \"init_from_msx\": true}"
Traceback (most recent call last):
  File "D:\Quant\scripts\run_ept_seed.py", line 18, in <module>
    r = train_one(ds, seed, ckpt=str(ck), **cfg)
        ^^^^^^^^^^^^^^^^^^^^^^^^^^^^^^^^^^^^^^^^
  File "D:\Quant\src\infodiff\experiments\track_b.py", line 303, in train_one_safe
    r = train_one(name, seed, bs=bs, **kw)
        ^^^^^^^^^^^^^^^^^^^^^^^^^^^^^^^^^^
  File "D:\Quant\src\infodiff\experiments\track_b.py", line 215, in train_one
    torch.set_rng_state(s["torch_rng"])
  File "C:\Users\E87321\AppData\Local\Programs\Python\Python311\Lib\site-packages\torch\random.py", line 36, in set_rng_state
    default_generator.set_state(new_state)
TypeError: RNG state must be a torch.ByteTensor

=== Mon Oct  5 09:44:36 2026 attempt 1: D:\Quant\.venv\Scripts\python.exe -u scripts/run_ept_seed.py amazon 1 eptx_qrm "{\"epochs\": 300, \"patience\": 40, \"renewal\": true, \"n_rates\": 8, \"phases\": 4, \"hidden\": 64, \"rn_shift\": true, \"rn_orders\": [1, 4, 16, 64, 256, 1024], \"rn_scales\": 96, \"rn_quantile\": 96, \"mark_head\": \"residual\", \"init_from_msx\": true}"
  resumed amazon seed=1 from epoch 88
RESULT {"ll_per_event": 0.7213559517502539, "n_events": 82197.0, "time_ll": 2.6040467185542053, "mark_ll": -1.8826907668039512, "channel_share": {"baseline": 3.1705897200603324e-05, "neural_state": 3.534220759933199e-08, "hazard": 0.0003050901691531449, "hawkes": 0.0022468626873241976, "renewal": 0.9974163059041145}, "backbone_rho": 0.008395081385970116, "rmse": 0.32692012190818787, "acc": 0.35919803380966187, "dataset": "amazon", "seed": 1, "val_ll": 0.7222821159002009, "epochs": 136, "seconds": 47522.45298600197, "hidden": 64, "n_rates": 8, "n_channels": 4, "phases": 4, "lr": 0.01, "gompertz": true, "model": "EPT-X", "renewal": true, "input_v2": true, "ept_channel": true, "rn_shift": true, "rn_scales": 96, "rn_orders": [1, 4, 16, 64, 256, 1024], "n_layers": 1, "layer_norm": false, "dropout": 0.0, "weight_decay": 0.0, "encoder": "gru", "rn_quantile": 96, "mark_head": "residual", "init_from_msx": true, "val_ll_init": null, "msx_val_ll": -1.9156356832895998, "msx_test_ll": -1.926621038890894, "msx_eps_logit": null, "n_params": 451811, "batch_size": 64, "config": {"epochs": 300, "patience": 40, "renewal": true, "n_rates": 8, "phases": 4, "hidden": 64, "rn_shift": true, "rn_orders": [1, 4, 16, 64, 256, 1024], "rn_scales": 96, "rn_quantile": 96, "mark_head": "residual", "init_from_msx": true}, "tag": "eptx_qrm"}
